Archive member included because of file (symbol)

c:/coocox/coide/gcc/sourcery g++ lite/bin/../lib/gcc/arm-none-eabi/4.5.1/thumb2\libgcc.a(_arm_addsubdf3.o)
                              ..\obj\ADS1220.o (__aeabi_dadd)
c:/coocox/coide/gcc/sourcery g++ lite/bin/../lib/gcc/arm-none-eabi/4.5.1/thumb2\libgcc.a(_arm_muldivdf3.o)
                              ..\obj\ADS1220.o (__aeabi_dmul)
c:/coocox/coide/gcc/sourcery g++ lite/bin/../lib/gcc/arm-none-eabi/4.5.1/thumb2\libgcc.a(_arm_truncdfsf2.o)
                              ..\obj\ADS1220.o (__aeabi_d2f)
c:/coocox/coide/gcc/sourcery g++ lite/bin/../lib/gcc/arm-none-eabi/4.5.1/thumb2\libgcc.a(_arm_addsubsf3.o)
                              ..\obj\frequency.o (__aeabi_ui2f)
c:/coocox/coide/gcc/sourcery g++ lite/bin/../lib/gcc/arm-none-eabi/4.5.1/thumb2\libgcc.a(_arm_muldivsf3.o)
                              ..\obj\frequency.o (__aeabi_fmul)
c:/coocox/coide/gcc/sourcery g++ lite/bin/../lib/gcc/arm-none-eabi/4.5.1/../../../../arm-none-eabi/lib/thumb2\libc.a(lib_a-memcmp.o)
                              ..\obj\tasks.o (memcmp)
c:/coocox/coide/gcc/sourcery g++ lite/bin/../lib/gcc/arm-none-eabi/4.5.1/../../../../arm-none-eabi/lib/thumb2\libc.a(lib_a-memcpy.o)
                              ..\obj\mbfuncother.o (memcpy)
c:/coocox/coide/gcc/sourcery g++ lite/bin/../lib/gcc/arm-none-eabi/4.5.1/../../../../arm-none-eabi/lib/thumb2\libc.a(lib_a-memset.o)
                              ..\obj\tasks.o (memset)

Allocating common symbols
Common symbol       size              file

stContext_RS232     0x174             ..\obj\protocol.o
stContext_RS485     0x174             ..\obj\protocol.o
stSettings          0x4               ..\obj\controller.o
xMeasureDataMutex   0x4               ..\obj\controller.o
xFrequencySemaphore
                    0x8               ..\obj\frequency.o
xADC_SPI_Mutex      0x4               ..\obj\ADS1220.o
stMeasureData       0x38              ..\obj\controller.o
xSettingsMutex      0x4               ..\obj\controller.o
task_watches        0x50              ..\obj\watchdog.o

Discarded input sections

 .text          0x00000000        0x0 ..\obj\stm32f4xx_syscfg.o
 .data          0x00000000        0x0 ..\obj\stm32f4xx_syscfg.o
 .bss           0x00000000        0x0 ..\obj\stm32f4xx_syscfg.o
 .text.SYSCFG_DeInit
                0x00000000       0x20 ..\obj\stm32f4xx_syscfg.o
 .text.SYSCFG_MemoryRemapConfig
                0x00000000       0x20 ..\obj\stm32f4xx_syscfg.o
 .text.SYSCFG_EXTILineConfig
                0x00000000       0xb4 ..\obj\stm32f4xx_syscfg.o
 .text.SYSCFG_ETH_MediaInterfaceConfig
                0x00000000       0x20 ..\obj\stm32f4xx_syscfg.o
 .text.SYSCFG_CompensationCellCmd
                0x00000000       0x20 ..\obj\stm32f4xx_syscfg.o
 .text.SYSCFG_GetCompensationCellStatus
                0x00000000       0x3c ..\obj\stm32f4xx_syscfg.o
 .text          0x00000000        0x0 ..\obj\mbport.o
 .bss           0x00000000        0x0 ..\obj\mbport.o
 .text          0x00000000        0x0 ..\obj\mb.o
 .bss           0x00000000        0x0 ..\obj\mb.o
 .text.eMBRegisterCB
                0x00000000      0x114 ..\obj\mb.o
 .text.eMBClose
                0x00000000       0x3c ..\obj\mb.o
 .text.eMBDisable
                0x00000000       0x60 ..\obj\mb.o
 .text          0x00000000        0x0 ..\obj\protocol.o
 .data          0x00000000        0x0 ..\obj\protocol.o
 .bss           0x00000000        0x0 ..\obj\protocol.o
 .text          0x00000000        0x0 ..\obj\mbfuncdisc.o
 .data          0x00000000        0x0 ..\obj\mbfuncdisc.o
 .bss           0x00000000        0x0 ..\obj\mbfuncdisc.o
 .text          0x00000000        0x0 ..\obj\core_cm3.o
 .data          0x00000000        0x0 ..\obj\core_cm3.o
 .bss           0x00000000        0x0 ..\obj\core_cm3.o
 .text.__get_PSP
                0x00000000       0x10 ..\obj\core_cm3.o
 .text.__set_PSP
                0x00000000        0x8 ..\obj\core_cm3.o
 .text.__get_MSP
                0x00000000       0x10 ..\obj\core_cm3.o
 .text.__set_MSP
                0x00000000        0x8 ..\obj\core_cm3.o
 .text.__get_BASEPRI
                0x00000000       0x20 ..\obj\core_cm3.o
 .text.__set_BASEPRI
                0x00000000       0x18 ..\obj\core_cm3.o
 .text.__get_PRIMASK
                0x00000000       0x20 ..\obj\core_cm3.o
 .text.__set_PRIMASK
                0x00000000       0x18 ..\obj\core_cm3.o
 .text.__get_FAULTMASK
                0x00000000       0x20 ..\obj\core_cm3.o
 .text.__set_FAULTMASK
                0x00000000       0x18 ..\obj\core_cm3.o
 .text.__get_CONTROL
                0x00000000       0x20 ..\obj\core_cm3.o
 .text.__set_CONTROL
                0x00000000       0x18 ..\obj\core_cm3.o
 .text.__REV    0x00000000       0x24 ..\obj\core_cm3.o
 .text.__REV16  0x00000000       0x24 ..\obj\core_cm3.o
 .text.__REVSH  0x00000000       0x24 ..\obj\core_cm3.o
 .text.__RBIT   0x00000000       0x24 ..\obj\core_cm3.o
 .text.__LDREXB
                0x00000000       0x24 ..\obj\core_cm3.o
[...]
Memory Configuration

Name             Origin             Length             Attributes
rom              0x08000000         0x00100000         xr
ram              0x20000000         0x00020000         xrw
ram1             0x10000000         0x00010000         xrw
*default*        0x00000000         0xffffffff

Linker script and memory map

                0x20020000                _eram = 0x20020000

.text           0x08000000     0x9502
 *(.isr_vector .isr_vector.*)
 .isr_vector    0x08000000      0x188 ..\obj\startup_stm32f4xx.o
                0x08000000                g_pfnVectors
 *(.text .text.* .gnu.linkonce.t.*)
 .text.ENTER_CRITICAL_SECTION
                0x08000188        0xc ..\obj\mbport.o
                0x08000188                ENTER_CRITICAL_SECTION
 .text.EXIT_CRITICAL_SECTION
                0x08000194        0xc ..\obj\mbport.o
                0x08000194                EXIT_CRITICAL_SECTION
 .text.eMBRegInputCB
                0x080001a0      0x1c8 ..\obj\mbport.o
                0x080001a0                eMBRegInputCB
 .text.eMBRegHoldingCB
                0x08000368      0x544 ..\obj\mbport.o
                0x08000368                eMBRegHoldingCB
 .text.eMBRegCoilsCB
                0x080008ac       0x20 ..\obj\mbport.o
                0x080008ac                eMBRegCoilsCB
 .text.eMBRegDiscreteCB
                0x080008cc       0x20 ..\obj\mbport.o
                0x080008cc                eMBRegDiscreteCB
 .text.eMBInit  0x080008ec      0x110 ..\obj\mb.o
                0x080008ec                eMBInit
 .text.eMBEnable
                0x080009fc       0x50 ..\obj\mb.o
                0x080009fc                eMBEnable
 .text.eMBPoll  0x08000a4c      0x1c0 ..\obj\mb.o
                0x08000a4c                eMBPoll
 .text.Protocol_Init
                0x08000c0c       0xf8 ..\obj\protocol.o
                0x08000c0c                Protocol_Init
 .text.Modbus_RS485_Task
                0x08000d04       0x50 ..\obj\protocol.o
 .text.Modbus_RS232_Task
                0x08000d54       0x50 ..\obj\protocol.o
 .text.eMBFuncReadDiscreteInputs
                0x08000da4      0x130 ..\obj\mbfuncdisc.o
                0x08000da4                eMBFuncReadDiscreteInputs
 .text.xMBPortEventInit
                0x08000ed4       0x20 ..\obj\portevent.o
                0x08000ed4                xMBPortEventInit
 .text.xMBPortEventPost
                0x08000ef4       0x2c ..\obj\portevent.o
                0x08000ef4                xMBPortEventPost
 .text.xMBPortEventGet
                0x08000f20       0x3c ..\obj\portevent.o
                0x08000f20                xMBPortEventGet
 .text.eMBFuncReportSlaveID
                0x08000f5c       0x4c ..\obj\mbfuncother.o
                0x08000f5c                eMBFuncReportSlaveID
 .text.USART_Init
                0x08000fa8      0x1bc ..\obj\stm32f4xx_usart.o
                0x08000fa8                USART_Init
 .text.USART_Cmd
                0x08001164       0x40 ..\obj\stm32f4xx_usart.o
                0x08001164                USART_Cmd
 .text.USART_SendData
                0x080011a4       0x28 ..\obj\stm32f4xx_usart.o
                0x080011a4                USART_SendData
 .text.USART_ReceiveData
                0x080011cc       0x24 ..\obj\stm32f4xx_usart.o
                0x080011cc                USART_ReceiveData
 .text.USART_ITConfig
                0x080011f0       0xa8 ..\obj\stm32f4xx_usart.o
                0x080011f0                USART_ITConfig
 .text.USART_GetFlagStatus
                0x08001298       0x40 ..\obj\stm32f4xx_usart.o
                0x08001298                USART_GetFlagStatus
 .text.USART_ClearFlag
                0x080012d8       0x24 ..\obj\stm32f4xx_usart.o
                0x080012d8                USART_ClearFlag
 .text.USART_GetITStatus
                0x080012fc       0xcc ..\obj\stm32f4xx_usart.o
                0x080012fc                USART_GetITStatus
 .text.PWR_BackupAccessCmd
                0x080013c8       0x20 ..\obj\stm32f4xx_pwr.o
                0x080013c8                PWR_BackupAccessCmd
 .text.RTC_Clock_Init
                0x080013e8       0x94 ..\obj\rtc.o
                0x080013e8                RTC_Clock_Init
 .text.prveMBError2Exception
                0x0800147c       0x48 ..\obj\mbutils.o
                0x0800147c                prveMBError2Exception
 .text.Default_Reset_Handler
                0x080014c4       0x68 ..\obj\startup_stm32f4xx.o
                0x080014c4                Default_Reset_Handler
                0x080014c4                Reset_Handler
 .text.Default_Handler
                0x0800152c        0x8 ..\obj\startup_stm32f4xx.o
                0x0800152c                RTC_Alarm_IRQHandler
                0x0800152c                HASH_RNG_IRQHandler
                0x0800152c                EXTI2_IRQHandler
                0x0800152c                TIM8_CC_IRQHandler
                0x0800152c                DebugMon_Handler
                0x0800152c                TIM1_CC_IRQHandler
                0x0800152c                DMA2_Stream5_IRQHandler
                0x0800152c                HardFault_Handler
                0x0800152c                DMA1_Stream5_IRQHandler
                0x0800152c                SDIO_IRQHandler
                0x0800152c                TAMP_STAMP_IRQHandler
                0x0800152c                NMI_Handler
                0x0800152c                CAN2_RX1_IRQHandler
                0x0800152c                EXTI3_IRQHandler
                0x0800152c                TIM8_TRG_COM_TIM14_IRQHandler
                0x0800152c                TIM1_UP_TIM10_IRQHandler
                0x0800152c                TIM8_UP_TIM13_IRQHandler
                0x0800152c                I2C3_ER_IRQHandler
                0x0800152c                EXTI0_IRQHandler
                0x0800152c                I2C2_EV_IRQHandler
                0x0800152c                DMA1_Stream2_IRQHandler
                0x0800152c                CAN1_RX0_IRQHandler
                0x0800152c                FPU_IRQHandler
                0x0800152c                OTG_HS_WKUP_IRQHandler
                0x0800152c                UsageFault_Handler
                0x0800152c                CAN2_SCE_IRQHandler
                0x0800152c                DMA2_Stream2_IRQHandler
                0x0800152c                SPI1_IRQHandler
                0x0800152c                TIM6_DAC_IRQHandler
                0x0800152c                TIM1_BRK_TIM9_IRQHandler
                0x0800152c                DCMI_IRQHandler
                0x0800152c                CAN2_RX0_IRQHandler
                0x0800152c                DMA2_Stream3_IRQHandler
                0x0800152c                USART6_IRQHandler
                0x0800152c                CRYP_IRQHandler
                0x0800152c                CAN1_RX1_IRQHandler
                0x0800152c                UART5_IRQHandler
                0x0800152c                DMA2_Stream0_IRQHandler
                0x0800152c                I2C1_EV_IRQHandler
                0x0800152c                DMA1_Stream6_IRQHandler
                0x0800152c                DMA1_Stream1_IRQHandler
                0x0800152c                TIM3_IRQHandler
                0x0800152c                RCC_IRQHandler
                0x0800152c                TIM8_BRK_TIM12_IRQHandler
                0x0800152c                EXTI15_10_IRQHandler
                0x0800152c                ADC_IRQHandler
                0x0800152c                DMA1_Stream7_IRQHandler
                0x0800152c                TIM7_IRQHandler
                0x0800152c                CAN2_TX_IRQHandler
                0x0800152c                DMA2_Stream7_IRQHandler
                0x0800152c                I2C3_EV_IRQHandler
                0x0800152c                EXTI9_5_IRQHandler
                0x0800152c                RTC_WKUP_IRQHandler
                0x0800152c                ETH_WKUP_IRQHandler
                0x0800152c                SPI2_IRQHandler
                0x0800152c                OTG_HS_EP1_IN_IRQHandler
                0x0800152c                MemManage_Handler
                0x0800152c                DMA1_Stream0_IRQHandler
                0x0800152c                CAN1_TX_IRQHandler
                0x0800152c                EXTI4_IRQHandler
                0x0800152c                FSMC_IRQHandler
                0x0800152c                ETH_IRQHandler
                0x0800152c                OTG_HS_EP1_OUT_IRQHandler
                0x0800152c                WWDG_IRQHandler
                0x0800152c                OTG_FS_WKUP_IRQHandler
                0x0800152c                TIM1_TRG_COM_TIM11_IRQHandler
                0x0800152c                OTG_HS_IRQHandler
                0x0800152c                EXTI1_IRQHandler
                0x0800152c                USART2_IRQHandler
                0x0800152c                I2C2_ER_IRQHandler
                0x0800152c                DMA2_Stream1_IRQHandler
                0x0800152c                CAN1_SCE_IRQHandler
                0x0800152c                FLASH_IRQHandler
                0x0800152c                DMA2_Stream4_IRQHandler
                0x0800152c                BusFault_Handler
                0x0800152c                USART1_IRQHandler
                0x0800152c                OTG_FS_IRQHandler
                0x0800152c                SPI3_IRQHandler
                0x0800152c                DMA1_Stream4_IRQHandler
                0x0800152c                I2C1_ER_IRQHandler
                0x0800152c                DMA2_Stream6_IRQHandler
                0x0800152c                DMA1_Stream3_IRQHandler
 .text.eMBFuncWriteHoldingRegister
                0x08001534       0x84 ..\obj\mbfuncholding.o
                0x08001534                eMBFuncWriteHoldingRegister
 .text.eMBFuncWriteMultipleHoldingRegister
                0x080015b8       0xdc ..\obj\mbfuncholding.o
                0x080015b8                eMBFuncWriteMultipleHoldingRegister
 .text.eMBFuncReadHoldingRegister
                0x08001694      0x10c ..\obj\mbfuncholding.o
                0x08001694                eMBFuncReadHoldingRegister
 .text.eMBFuncReadWriteMultipleHoldingRegister
                0x080017a0      0x1a0 ..\obj\mbfuncholding.o
                0x080017a0                eMBFuncReadWriteMultipleHoldingRegister
 .text.main     0x08001940       0x14 ..\obj\main.o
                0x08001940                main
 .text.vApplicationMallocFailedHook
                0x08001954        0x8 ..\obj\main.o
                0x08001954                vApplicationMallocFailedHook
 .text.vApplicationStackOverflowHook
                0x0800195c        0xc ..\obj\main.o
                0x0800195c                vApplicationStackOverflowHook
 .text.vApplicationIdleHook
                0x08001968       0x18 ..\obj\main.o
                0x08001968                vApplicationIdleHook
 .text.usMBCRC16
                0x08001980       0x90 ..\obj\mbcrc.o
                0x08001980                usMBCRC16
 .text.RCC_LSEConfig
                0x08001a10       0x5c ..\obj\stm32f4xx_rcc.o
                0x08001a10                RCC_LSEConfig
 .text.RCC_GetClocksFreq
                0x08001a6c      0x1d4 ..\obj\stm32f4xx_rcc.o
                0x08001a6c                RCC_GetClocksFreq
 .text.RCC_RTCCLKConfig
                0x08001c40       0x7c ..\obj\stm32f4xx_rcc.o
                0x08001c40                RCC_RTCCLKConfig
 .text.RCC_RTCCLKCmd
                0x08001cbc       0x20 ..\obj\stm32f4xx_rcc.o
                0x08001cbc                RCC_RTCCLKCmd
 .text.RCC_AHB1PeriphClockCmd
                0x08001cdc       0x5c ..\obj\stm32f4xx_rcc.o
                0x08001cdc                RCC_AHB1PeriphClockCmd
 .text.RCC_APB1PeriphClockCmd
                0x08001d38       0x5c ..\obj\stm32f4xx_rcc.o
                0x08001d38                RCC_APB1PeriphClockCmd
 .text.RCC_APB2PeriphClockCmd
                0x08001d94       0x5c ..\obj\stm32f4xx_rcc.o
                0x08001d94                RCC_APB2PeriphClockCmd
 .text.RCC_APB1PeriphResetCmd
                0x08001df0       0x5c ..\obj\stm32f4xx_rcc.o
                0x08001df0                RCC_APB1PeriphResetCmd
 .text.RCC_GetFlagStatus
                0x08001e4c       0x90 ..\obj\stm32f4xx_rcc.o
                0x08001e4c                RCC_GetFlagStatus
 .text.eMBFuncReadInputRegister
                0x08001edc      0x110 ..\obj\mbfuncinput.o
                0x08001edc                eMBFuncReadInputRegister
 .text.xTaskGenericCreate
                0x08001fec      0x1b8 ..\obj\tasks.o
                0x08001fec                xTaskGenericCreate
 .text.vTaskDelay
                0x080021a4       0xa4 ..\obj\tasks.o
                0x080021a4                vTaskDelay
 .text.vTaskStartScheduler
                0x08002248       0x7c ..\obj\tasks.o
                0x08002248                vTaskStartScheduler
 .text.vTaskSuspendAll
                0x080022c4       0x24 ..\obj\tasks.o
                0x080022c4                vTaskSuspendAll
 .text.xTaskResumeAll
                0x080022e8      0x178 ..\obj\tasks.o
                0x080022e8                xTaskResumeAll
 .text.xTaskIncrementTick
                0x08002460      0x204 ..\obj\tasks.o
                0x08002460                xTaskIncrementTick
 .text.vTaskSwitchContext
                0x08002664      0x14c ..\obj\tasks.o
                0x08002664                vTaskSwitchContext
 .text.vTaskPlaceOnEventList
                0x080027b0       0xb8 ..\obj\tasks.o
                0x080027b0                vTaskPlaceOnEventList
 .text.xTaskRemoveFromEventList
                0x08002868       0xe0 ..\obj\tasks.o
                0x08002868                xTaskRemoveFromEventList
 .text.vTaskSetTimeOutState
                0x08002948       0x38 ..\obj\tasks.o
                0x08002948                vTaskSetTimeOutState
 .text.xTaskCheckForTimeOut
                0x08002980       0xb0 ..\obj\tasks.o
                0x08002980                xTaskCheckForTimeOut
 .text.vTaskMissedYield
                0x08002a30       0x18 ..\obj\tasks.o
                0x08002a30                vTaskMissedYield
 .text.prvIdleTask
                0x08002a48       0x24 ..\obj\tasks.o
 .text.prvInitialiseTCBVariables
                0x08002a6c       0xbc ..\obj\tasks.o
 .text.prvInitialiseTaskLists
                0x08002b28       0xa4 ..\obj\tasks.o
 .text.prvCheckTasksWaitingTermination
                0x08002bcc       0x98 ..\obj\tasks.o
 .text.prvAddCurrentTaskToDelayedList
                0x08002c64       0x8c ..\obj\tasks.o
 .text.prvAllocateTCBAndStack
                0x08002cf0       0x7c ..\obj\tasks.o
 .text.prvDeleteTCB
                0x08002d6c       0x20 ..\obj\tasks.o
 .text.prvResetNextTaskUnblockTime
                0x08002d8c       0x5c ..\obj\tasks.o
 .text.vTaskPriorityInherit
                0x08002de8      0x148 ..\obj\tasks.o
                0x08002de8                vTaskPriorityInherit
 .text.xTaskPriorityDisinherit
                0x08002f30      0x114 ..\obj\tasks.o
                0x08002f30                xTaskPriorityDisinherit
 .text.pvTaskIncrementMutexHeldCount
                0x08003044       0x38 ..\obj\tasks.o
                0x08003044                pvTaskIncrementMutexHeldCount
 .text.FRAM_I2C_Init
                0x0800307c       0xd4 ..\obj\fram_i2c.o
                0x0800307c                FRAM_I2C_Init
 .text.FRAM_I2C_Read_Buffer
                0x08003150      0x1c4 ..\obj\fram_i2c.o
                0x08003150                FRAM_I2C_Read_Buffer
 .text.GPIO_Init
                0x08003314      0x158 ..\obj\stm32f4xx_gpio.o
                0x08003314                GPIO_Init
 .text.GPIO_ReadInputDataBit
                0x0800346c       0x40 ..\obj\stm32f4xx_gpio.o
                0x0800346c                GPIO_ReadInputDataBit
 .text.GPIO_PinAFConfig
                0x080034ac       0xb0 ..\obj\stm32f4xx_gpio.o
                0x080034ac                GPIO_PinAFConfig
 .text.RS485TimersInit
                0x0800355c       0xe0 ..\obj\porttimer.o
                0x0800355c                RS485TimersInit
 .text.RS485TimersEnable
                0x0800363c       0x4c ..\obj\porttimer.o
                0x0800363c                RS485TimersEnable
 .text.RS485TimersDisable
                0x08003688       0x4c ..\obj\porttimer.o
                0x08003688                RS485TimersDisable
 .text.TIM4_IRQHandler
                0x080036d4       0x54 ..\obj\porttimer.o
                0x080036d4                TIM4_IRQHandler
 .text.RS485TimerContextInit
                0x08003728       0x7c ..\obj\porttimer.o
                0x08003728                RS485TimerContextInit
 .text.RS232TimersInit
                0x080037a4       0xe0 ..\obj\porttimer.o
                0x080037a4                RS232TimersInit
 .text.RS232TimersEnable
                0x08003884       0x4c ..\obj\porttimer.o
                0x08003884                RS232TimersEnable
 .text.RS232TimersDisable
                0x080038d0       0x4c ..\obj\porttimer.o
                0x080038d0                RS232TimersDisable
 .text.TIM5_IRQHandler
                0x0800391c       0x54 ..\obj\porttimer.o
                0x0800391c                TIM5_IRQHandler
 .text.RS232TimerContextInit
                0x08003970       0x7c ..\obj\porttimer.o
                0x08003970                RS232TimerContextInit
 .text.eMBRTUInit
                0x080039ec       0x88 ..\obj\mbrtu.o
                0x080039ec                eMBRTUInit
 .text.eMBRTUStart
                0x08003a74       0x38 ..\obj\mbrtu.o
                0x08003a74                eMBRTUStart
 .text.eMBRTUStop
                0x08003aac       0x30 ..\obj\mbrtu.o
                0x08003aac                eMBRTUStop
 .text.eMBRTUReceive
                0x08003adc       0x90 ..\obj\mbrtu.o
                0x08003adc                eMBRTUReceive
 .text.eMBRTUSend
                0x08003b6c       0xe8 ..\obj\mbrtu.o
                0x08003b6c                eMBRTUSend
 .text.xMBRTUReceiveFSM
                0x08003c54       0xd0 ..\obj\mbrtu.o
                0x08003c54                xMBRTUReceiveFSM
 .text.xMBRTUTransmitFSM
                0x08003d24       0xb0 ..\obj\mbrtu.o
                0x08003d24                xMBRTUTransmitFSM
 .text.xMBRTUTimerT35Expired
                0x08003dd4       0x60 ..\obj\mbrtu.o
                0x08003dd4                xMBRTUTimerT35Expired
 .text.vListInitialise
                0x08003e34       0x48 ..\obj\list.o
                0x08003e34                vListInitialise
 .text.vListInitialiseItem
                0x08003e7c       0x1c ..\obj\list.o
                0x08003e7c                vListInitialiseItem
 .text.vListInsertEnd
                0x08003e98       0x48 ..\obj\list.o
                0x08003e98                vListInsertEnd
 .text.vListInsert
                0x08003ee0       0x74 ..\obj\list.o
                0x08003ee0                vListInsert
 .text.uxListRemove
                0x08003f54       0x58 ..\obj\list.o
                0x08003f54                uxListRemove
 .text.SystemInit
                0x08003fac       0x94 ..\obj\system_stm32f4xx.o
                0x08003fac                SystemInit
 .text.SetSysClock
                0x08004040      0x110 ..\obj\system_stm32f4xx.o
 .text.pxPortInitialiseStack
                0x08004150       0x64 ..\obj\port.o
                0x08004150                pxPortInitialiseStack
 .text.prvTaskExitError
                0x080041b4       0x20 ..\obj\port.o
 .text.SVC_Handler
                0x080041d4       0x24 ..\obj\port.o
                0x080041d4                SVC_Handler
 .text.prvPortStartFirstTask
                0x080041f8       0x20 ..\obj\port.o
 .text.xPortStartScheduler
                0x08004218      0x10c ..\obj\port.o
                0x08004218                xPortStartScheduler
 .text.vPortYield
                0x08004324       0x20 ..\obj\port.o
                0x08004324                vPortYield
 .text.vPortEnterCritical
                0x08004344       0x50 ..\obj\port.o
                0x08004344                vPortEnterCritical
 .text.vPortExitCritical
                0x08004394       0x48 ..\obj\port.o
                0x08004394                vPortExitCritical
 .text.ulPortSetInterruptMask
                0x080043dc       0x14 ..\obj\port.o
                0x080043dc                ulPortSetInterruptMask
 .text.vPortClearInterruptMask
                0x080043f0        0x8 ..\obj\port.o
                0x080043f0                vPortClearInterruptMask
 .text.PendSV_Handler
                0x080043f8       0x44 ..\obj\port.o
                0x080043f8                PendSV_Handler
 .text.SysTick_Handler
                0x0800443c       0x2c ..\obj\port.o
                0x0800443c                SysTick_Handler
 .text.vPortSetupTimerInterrupt
                0x08004468       0x28 ..\obj\port.o
                0x08004468                vPortSetupTimerInterrupt
 .text.vPortValidateInterruptPriority
                0x08004490       0x64 ..\obj\port.o
                0x08004490                vPortValidateInterruptPriority
 .text.xQueueGenericReset
                0x080044f4       0xc0 ..\obj\queue.o
                0x080044f4                xQueueGenericReset
 .text.xQueueGenericCreate
                0x080045b4       0xa0 ..\obj\queue.o
                0x080045b4                xQueueGenericCreate
 .text.xQueueCreateMutex
                0x08004654       0xa8 ..\obj\queue.o
                0x08004654                xQueueCreateMutex
 .text.xQueueGenericSend
                0x080046fc      0x188 ..\obj\queue.o
                0x080046fc                xQueueGenericSend
 .text.xQueueGiveFromISR
                0x08004884       0xac ..\obj\queue.o
                0x08004884                xQueueGiveFromISR
 .text.xQueueGenericReceive
                0x08004930      0x1b8 ..\obj\queue.o
                0x08004930                xQueueGenericReceive
 .text.prvCopyDataToQueue
                0x08004ae8       0xe8 ..\obj\queue.o
 .text.prvCopyDataFromQueue
                0x08004bd0       0x50 ..\obj\queue.o
 .text.prvUnlockQueue
                0x08004c20       0xa0 ..\obj\queue.o
 .text.prvIsQueueEmpty
                0x08004cc0       0x34 ..\obj\queue.o
 .text.prvIsQueueFull
                0x08004cf4       0x38 ..\obj\queue.o
 .text.NVIC_EnableIRQ
                0x08004d2c       0x38 ..\obj\portserial.o
 .text.RS485SerialEnable
                0x08004d64      0x194 ..\obj\portserial.o
                0x08004d64                RS485SerialEnable
 .text.RS485SerialInit
                0x08004ef8      0x178 ..\obj\portserial.o
                0x08004ef8                RS485SerialInit
 .text.RS485SerialPutByte
                0x08005070       0x44 ..\obj\portserial.o
                0x08005070                RS485SerialPutByte
 .text.RS485SerialGetByte
                0x080050b4       0x3c ..\obj\portserial.o
                0x080050b4                RS485SerialGetByte
 .text.USART3_IRQHandler
                0x080050f0       0xdc ..\obj\portserial.o
                0x080050f0                USART3_IRQHandler
 .text.RS485SerialContextInit
                0x080051cc       0x90 ..\obj\portserial.o
                0x080051cc                RS485SerialContextInit
 .text.RS232SerialEnable
                0x0800525c       0xb4 ..\obj\portserial.o
                0x0800525c                RS232SerialEnable
 .text.RS232SerialInit
                0x08005310      0x140 ..\obj\portserial.o
                0x08005310                RS232SerialInit
 .text.RS232SerialPutByte
                0x08005450       0x44 ..\obj\portserial.o
                0x08005450                RS232SerialPutByte
 .text.RS232SerialGetByte
                0x08005494       0x3c ..\obj\portserial.o
                0x08005494                RS232SerialGetByte
 .text.UART4_IRQHandler
                0x080054d0       0xdc ..\obj\portserial.o
                0x080054d0                UART4_IRQHandler
 .text.RS232SerialContextInit
                0x080055ac       0x90 ..\obj\portserial.o
                0x080055ac                RS232SerialContextInit
 .text.SPI_Init
                0x0800563c       0x98 ..\obj\stm32f4xx_spi.o
                0x0800563c                SPI_Init
 .text.SPI_Cmd  0x080056d4       0x40 ..\obj\stm32f4xx_spi.o
                0x080056d4                SPI_Cmd
 .text.SPI_CalculateCRC
                0x08005714       0x40 ..\obj\stm32f4xx_spi.o
                0x08005714                SPI_CalculateCRC
 .text.eMBFuncReadCoils
                0x08005754      0x134 ..\obj\mbfunccoils.o
                0x08005754                eMBFuncReadCoils
 .text.eMBFuncWriteCoil
                0x08005888       0xcc ..\obj\mbfunccoils.o
                0x08005888                eMBFuncWriteCoil
 .text.eMBFuncWriteMultipleCoils
                0x08005954       0xfc ..\obj\mbfunccoils.o
                0x08005954                eMBFuncWriteMultipleCoils
 .text.ADS1220_init
                0x08005a50       0xf8 ..\obj\ADS1220.o
                0x08005a50                ADS1220_init
 .text.ADC_SPI_config
                0x08005b48      0x170 ..\obj\ADS1220.o
 .text.ADC_SPI_send
                0x08005cb8       0x60 ..\obj\ADS1220.o
                0x08005cb8                ADC_SPI_send
 .text.ADC_SPI_read
                0x08005d18       0x14 ..\obj\ADS1220.o
                0x08005d18                ADC_SPI_read
 .text.ADC_RTD1_Task
                0x08005d2c      0x3d8 ..\obj\ADS1220.o
 .text.ADC_RTD2_Task
                0x08006104       0x84 ..\obj\ADS1220.o
 .text.ADC_Current1_Task
                0x08006188       0x84 ..\obj\ADS1220.o
 .text.ADC_Current2_Task
                0x0800620c       0x84 ..\obj\ADS1220.o
 .text.PT100_Code_To_Temperature
                0x08006290       0xa0 ..\obj\ADS1220.o
                0x08006290                PT100_Code_To_Temperature
 .text.I2C_DeInit
                0x08006330       0x88 ..\obj\stm32f4xx_i2c.o
                0x08006330                I2C_DeInit
 .text.I2C_Init
                0x080063b8      0x1b8 ..\obj\stm32f4xx_i2c.o
                0x080063b8                I2C_Init
 .text.I2C_Cmd  0x08006570       0x40 ..\obj\stm32f4xx_i2c.o
                0x08006570                I2C_Cmd
 .text.I2C_GenerateSTART
                0x080065b0       0x40 ..\obj\stm32f4xx_i2c.o
                0x080065b0                I2C_GenerateSTART
 .text.I2C_GenerateSTOP
                0x080065f0       0x40 ..\obj\stm32f4xx_i2c.o
                0x080065f0                I2C_GenerateSTOP
 .text.I2C_Send7bitAddress
                0x08006630       0x3c ..\obj\stm32f4xx_i2c.o
                0x08006630                I2C_Send7bitAddress
 .text.I2C_AcknowledgeConfig
                0x0800666c       0x40 ..\obj\stm32f4xx_i2c.o
                0x0800666c                I2C_AcknowledgeConfig
 .text.I2C_SendData
                0x080066ac       0x20 ..\obj\stm32f4xx_i2c.o
                0x080066ac                I2C_SendData
 .text.I2C_ReceiveData
                0x080066cc       0x1c ..\obj\stm32f4xx_i2c.o
                0x080066cc                I2C_ReceiveData
 .text.I2C_CheckEvent
                0x080066e8       0x70 ..\obj\stm32f4xx_i2c.o
                0x080066e8                I2C_CheckEvent
 .text.I2C_GetFlagStatus
                0x08006758       0x7c ..\obj\stm32f4xx_i2c.o
                0x08006758                I2C_GetFlagStatus
 .text.NVIC_EnableIRQ
                0x080067d4       0x38 ..\obj\frequency.o
 .text.FrequencyMeasureInit
                0x0800680c      0x3a4 ..\obj\frequency.o
                0x0800680c                FrequencyMeasureInit
 .text.TIM2_IRQHandler
                0x08006bb0      0x160 ..\obj\frequency.o
                0x08006bb0                TIM2_IRQHandler
 .text.FrequencyCH1Measure_Task
                0x08006d10      0x180 ..\obj\frequency.o
 .text.FrequencyCH2Measure_Task
                0x08006e90      0x180 ..\obj\frequency.o
 .text.EXTI_GetITStatus
                0x08007010       0x60 ..\obj\stm32f4xx_exti.o
                0x08007010                EXTI_GetITStatus
 .text.EXTI_ClearITPendingBit
                0x08007070       0x20 ..\obj\stm32f4xx_exti.o
                0x08007070                EXTI_ClearITPendingBit
 .text.NVIC_PriorityGroupConfig
                0x08007090       0x28 ..\obj\misc.o
                0x08007090                NVIC_PriorityGroupConfig
 .text.NVIC_Init
                0x080070b8       0xe8 ..\obj\misc.o
                0x080070b8                NVIC_Init
 .text.RTC_Init
                0x080071a0       0xc8 ..\obj\stm32f4xx_rtc.o
                0x080071a0                RTC_Init
 .text.RTC_StructInit
                0x08007268       0x2c ..\obj\stm32f4xx_rtc.o
                0x08007268                RTC_StructInit
 .text.RTC_EnterInitMode
                0x08007294       0x94 ..\obj\stm32f4xx_rtc.o
                0x08007294                RTC_EnterInitMode
 .text.RTC_ExitInitMode
                0x08007328       0x24 ..\obj\stm32f4xx_rtc.o
                0x08007328                RTC_ExitInitMode
 .text.RTC_WaitForSynchro
                0x0800734c       0xb0 ..\obj\stm32f4xx_rtc.o
                0x0800734c                RTC_WaitForSynchro
 .text.RTC_SetTime
                0x080073fc      0x14c ..\obj\stm32f4xx_rtc.o
                0x080073fc                RTC_SetTime
 .text.RTC_GetTime
                0x08007548       0xac ..\obj\stm32f4xx_rtc.o
                0x08007548                RTC_GetTime
 .text.RTC_SetDate
                0x080075f4      0x144 ..\obj\stm32f4xx_rtc.o
                0x080075f4                RTC_SetDate
 .text.RTC_GetDate
                0x08007738       0xa8 ..\obj\stm32f4xx_rtc.o
                0x08007738                RTC_GetDate
 .text.RTC_WriteBackupRegister
                0x080077e0       0x38 ..\obj\stm32f4xx_rtc.o
                0x080077e0                RTC_WriteBackupRegister
 .text.RTC_ByteToBcd2
                0x08007818       0x44 ..\obj\stm32f4xx_rtc.o
 .text.RTC_Bcd2ToByte
                0x0800785c       0x40 ..\obj\stm32f4xx_rtc.o
 .text.pvPortMalloc
                0x0800789c      0x164 ..\obj\heap_2.o
                0x0800789c                pvPortMalloc
 .text.vPortFree
                0x08007a00       0x88 ..\obj\heap_2.o
                0x08007a00                vPortFree
 .text.xPortGetFreeHeapSize
                0x08007a88       0x18 ..\obj\heap_2.o
                0x08007a88                xPortGetFreeHeapSize
 .text.prvHeapInit
                0x08007aa0       0x6c ..\obj\heap_2.o
 .text.ControllerInit
                0x08007b0c       0x54 ..\obj\controller.o
                0x08007b0c                ControllerInit
 .text.Controller_RestoreSettings
                0x08007b60       0x64 ..\obj\controller.o
                0x08007b60                Controller_RestoreSettings
 .text.TIM_TimeBaseInit
                0x08007bc4       0xf8 ..\obj\stm32f4xx_tim.o
                0x08007bc4                TIM_TimeBaseInit
 .text.TIM_TimeBaseStructInit
                0x08007cbc       0x3c ..\obj\stm32f4xx_tim.o
                0x08007cbc                TIM_TimeBaseStructInit
 .text.TIM_SetCounter
                0x08007cf8       0x1c ..\obj\stm32f4xx_tim.o
                0x08007cf8                TIM_SetCounter
 .text.TIM_ARRPreloadConfig
                0x08007d14       0x40 ..\obj\stm32f4xx_tim.o
                0x08007d14                TIM_ARRPreloadConfig
 .text.TIM_Cmd  0x08007d54       0x40 ..\obj\stm32f4xx_tim.o
                0x08007d54                TIM_Cmd
 .text.TIM_ICInit
                0x08007d94       0xa8 ..\obj\stm32f4xx_tim.o
                0x08007d94                TIM_ICInit
 .text.TIM_SetIC1Prescaler
                0x08007e3c       0x38 ..\obj\stm32f4xx_tim.o
                0x08007e3c                TIM_SetIC1Prescaler
 .text.TIM_SetIC2Prescaler
                0x08007e74       0x40 ..\obj\stm32f4xx_tim.o
                0x08007e74                TIM_SetIC2Prescaler
 .text.TIM_SetIC3Prescaler
                0x08007eb4       0x38 ..\obj\stm32f4xx_tim.o
                0x08007eb4                TIM_SetIC3Prescaler
 .text.TIM_SetIC4Prescaler
                0x08007eec       0x40 ..\obj\stm32f4xx_tim.o
                0x08007eec                TIM_SetIC4Prescaler
 .text.TIM_ITConfig
                0x08007f2c       0x4c ..\obj\stm32f4xx_tim.o
                0x08007f2c                TIM_ITConfig
 .text.TIM_ClearFlag
                0x08007f78       0x24 ..\obj\stm32f4xx_tim.o
                0x08007f78                TIM_ClearFlag
 .text.TIM_ClearITPendingBit
                0x08007f9c       0x24 ..\obj\stm32f4xx_tim.o
                0x08007f9c                TIM_ClearITPendingBit
 .text.TIM_ETRClockMode2Config
                0x08007fc0       0x34 ..\obj\stm32f4xx_tim.o
                0x08007fc0                TIM_ETRClockMode2Config
 .text.TIM_ETRConfig
                0x08007ff4       0x54 ..\obj\stm32f4xx_tim.o
                0x08007ff4                TIM_ETRConfig
 .text.TI1_Config
                0x08008048       0x84 ..\obj\stm32f4xx_tim.o
 .text.TI2_Config
                0x080080cc       0xa4 ..\obj\stm32f4xx_tim.o
 .text.TI3_Config
                0x08008170       0x94 ..\obj\stm32f4xx_tim.o
 .text.TI4_Config
                0x08008204       0xac ..\obj\stm32f4xx_tim.o
 .text.NVIC_SystemReset
                0x080082b0       0x34 ..\obj\power_detector.o
 .text.PVD_IRQHandler
                0x080082e4       0x20 ..\obj\power_detector.o
                0x080082e4                PVD_IRQHandler
 .text          0x08008304      0x370 c:/coocox/coide/gcc/sourcery g++ lite/bin/../lib/gcc/arm-none-eabi/4.5.1/thumb2\libgcc.a(_arm_addsubdf3.o)
                0x08008304                __aeabi_drsub
                0x0800830c                __aeabi_dsub
                0x0800830c                __subdf3
                0x08008310                __aeabi_dadd
                0x08008310                __adddf3
                0x08008588                __floatunsidf
                0x08008588                __aeabi_ui2d
                0x080085a8                __floatsidf
                0x080085a8                __aeabi_i2d
                0x080085cc                __aeabi_f2d
                0x080085cc                __extendsfdf2
                0x08008608                __floatundidf
                0x08008608                __aeabi_ul2d
                0x08008618                __floatdidf
                0x08008618                __aeabi_l2d
 .text          0x08008674      0x424 c:/coocox/coide/gcc/sourcery g++ lite/bin/../lib/gcc/arm-none-eabi/4.5.1/thumb2\libgcc.a(_arm_muldivdf3.o)
                0x08008674                __aeabi_dmul
                0x08008674                __muldf3
                0x080088c8                __divdf3
                0x080088c8                __aeabi_ddiv
 .text          0x08008a98       0xa0 c:/coocox/coide/gcc/sourcery g++ lite/bin/../lib/gcc/arm-none-eabi/4.5.1/thumb2\libgcc.a(_arm_truncdfsf2.o)
                0x08008a98                __truncdfsf2
                0x08008a98                __aeabi_d2f
 .text          0x08008b38      0x21c c:/coocox/coide/gcc/sourcery g++ lite/bin/../lib/gcc/arm-none-eabi/4.5.1/thumb2\libgcc.a(_arm_addsubsf3.o)
                0x08008b38                __aeabi_frsub
                0x08008b40                __subsf3
                0x08008b40                __aeabi_fsub
                0x08008b44                __aeabi_fadd
                0x08008b44                __addsf3
                0x08008ca4                __aeabi_ui2f
                0x08008ca4                __floatunsisf
                0x08008cac                __aeabi_i2f
                0x08008cac                __floatsisf
                0x08008cc8                __aeabi_ul2f
                0x08008cc8                __floatundisf
                0x08008cd8                __aeabi_l2f
                0x08008cd8                __floatdisf
 .text          0x08008d54      0x2a0 c:/coocox/coide/gcc/sourcery g++ lite/bin/../lib/gcc/arm-none-eabi/4.5.1/thumb2\libgcc.a(_arm_muldivsf3.o)
                0x08008d54                __mulsf3
                0x08008d54                __aeabi_fmul
                0x08008ebc                __aeabi_fdiv
                0x08008ebc                __divsf3
 .text          0x08008ff4       0x58 c:/coocox/coide/gcc/sourcery g++ lite/bin/../lib/gcc/arm-none-eabi/4.5.1/../../../../arm-none-eabi/lib/thumb2\libc.a(lib_a-memcmp.o)
                0x08008ff4                memcmp
 .text          0x0800904c      0x150 c:/coocox/coide/gcc/sourcery g++ lite/bin/../lib/gcc/arm-none-eabi/4.5.1/../../../../arm-none-eabi/lib/thumb2\libc.a(lib_a-memcpy.o)
                0x0800904c                memcpy
 .text          0x0800919c       0xb4 c:/coocox/coide/gcc/sourcery g++ lite/bin/../lib/gcc/arm-none-eabi/4.5.1/../../../../arm-none-eabi/lib/thumb2\libc.a(lib_a-memset.o)
                0x0800919c                memset
 *(.glue_7t)
 .glue_7t       0x00000000        0x0 linker stubs
 *(.glue_7)
 .glue_7        0x00000000        0x0 linker stubs
 *(.rodata .rodata* .gnu.linkonce.r.*)
 .rodata        0x08009250       0x20 ..\obj\protocol.o
 .rodata        0x08009270      0x200 ..\obj\mbcrc.o
 .rodata        0x08009470       0x1c ..\obj\tasks.o
 .rodata        0x0800948c        0x4 ..\obj\port.o
 .rodata        0x08009490       0x58 ..\obj\ADS1220.o
 .rodata        0x080094e8       0x18 ..\obj\frequency.o
 .rodata        0x08009500        0x2 ..\obj\heap_2.o

.vfp11_veneer   0x08009504        0x0 load address 0x08009502
 .vfp11_veneer  0x00000000        0x0 linker stubs

.v4_bx          0x08009504        0x0 load address 0x08009502
 .v4_bx         0x00000000        0x0 linker stubs

.ARM.extab
 *(.ARM.extab* .gnu.linkonce.armextab.*)

.ARM.exidx
 *(.ARM.exidx* .gnu.linkonce.armexidx.*)
                0x08009504                . = ALIGN (0x4)
                0x08009504                _etext = .
                0x08009504                _sidata = .

.data           0x20000000       0xb8 load address 0x08009504
                0x20000000                _sdata = .
 *(.data .data.*)
 .data          0x20000000        0x6 ..\obj\mbport.o
                0x20000000                REG_INPUT_START
                0x20000001                REG_HOLDING_START
                0x20000002                REG_INPUT_NREGS
                0x20000003                REG_HOLDING_NREGS
                0x20000004                usRegInputStart
                0x20000005                usRegHoldingStart
 *fill*         0x20000006        0x2 00
 .data          0x20000008       0x80 ..\obj\mb.o
 .data          0x20000088       0x10 ..\obj\stm32f4xx_rcc.o
 .data          0x20000098        0x4 ..\obj\tasks.o
 .data          0x2000009c       0x14 ..\obj\system_stm32f4xx.o
                0x2000009c                SystemCoreClock
                0x200000a0                AHBPrescTable
 .data          0x200000b0        0x4 ..\obj\port.o
 .data          0x200000b4        0x4 ..\obj\heap_2.o
                0x200000b8                . = ALIGN (0x4)
                0x200000b8                _edata = .

.bss            0x200000b8     0x24fc load address 0x080095bc
                0x200000b8                _sbss = .
 *(.bss .bss.*)
 .bss           0x200000b8       0x24 ..\obj\mbfuncother.o
 .bss           0x200000dc       0xfc ..\obj\tasks.o
                0x200000dc                pxCurrentTCB
 .bss           0x200001d8        0x8 ..\obj\porttimer.o
 .bss           0x200001e0        0x8 ..\obj\port.o
 .bss           0x200001e8       0x10 ..\obj\portserial.o
 .bss           0x200001f8       0x1c ..\obj\frequency.o
                0x20000210                xHigherPriorityTaskWoken
 .bss           0x20000214     0x2014 ..\obj\heap_2.o
 *(COMMON)
 COMMON         0x20002228      0x2e8 ..\obj\protocol.o
                0x20002228                stContext_RS232
                0x2000239c                stContext_RS485
 COMMON         0x20002510       0x50 ..\obj\watchdog.o
                0x20002510                task_watches
 COMMON         0x20002560        0x4 ..\obj\ADS1220.o
                0x20002560                xADC_SPI_Mutex
 COMMON         0x20002564        0x8 ..\obj\frequency.o
                0x20002564                xFrequencySemaphore
 *fill*         0x2000256c        0x4 00
 COMMON         0x20002570       0x44 ..\obj\controller.o
                0x20002570                stSettings
                0x20002574                xMeasureDataMutex
                0x20002578                stMeasureData
                0x200025b0                xSettingsMutex
                0x200025b4                . = ALIGN (0x4)
                0x200025b4                _ebss = .

.co_stack       0x200025b4      0x804 load address 0x0800bab8
                0x200025b8                . = ALIGN (0x8)
 *fill*         0x200025b4        0x4 00
 *(.co_stack .co_stack.*)
 .co_stack      0x200025b8      0x800 ..\obj\startup_stm32f4xx.o
                0x200025b8                pulStack
                0x20002db8                . = ALIGN (0x4)
                0x20002db8                _end = .
LOAD ..\obj\stm32f4xx_syscfg.o
LOAD ..\obj\mbport.o
LOAD ..\obj\mb.o
LOAD ..\obj\protocol.o
LOAD ..\obj\mbfuncdisc.o
LOAD ..\obj\core_cm3.o
LOAD ..\obj\portevent.o
LOAD ..\obj\mbfuncother.o
LOAD ..\obj\stm32f4xx_usart.o
LOAD ..\obj\stm32f4xx_pwr.o
LOAD ..\obj\rtc.o
LOAD ..\obj\mbutils.o
LOAD ..\obj\startup_stm32f4xx.o
LOAD ..\obj\backup_sram.o
LOAD ..\obj\stm32f4xx_iwdg.o
LOAD ..\obj\mbfuncholding.o
LOAD ..\obj\main.o
LOAD ..\obj\mbcrc.o
LOAD ..\obj\stm32f4xx_rcc.o
LOAD ..\obj\timers.o
LOAD ..\obj\mbfuncinput.o
LOAD ..\obj\printf.o
LOAD ..\obj\watchdog.o
LOAD ..\obj\mbfuncdiag.o
LOAD ..\obj\tasks.o
LOAD ..\obj\fram_i2c.o
LOAD ..\obj\stm32f4xx_gpio.o
LOAD ..\obj\porttimer.o
LOAD ..\obj\mbrtu.o
LOAD ..\obj\list.o
LOAD ..\obj\system_stm32f4xx.o
LOAD ..\obj\syscalls.o
LOAD ..\obj\port.o
LOAD ..\obj\queue.o
LOAD ..\obj\portserial.o
LOAD ..\obj\croutine.o
LOAD ..\obj\stm32f4xx_spi.o
LOAD ..\obj\mbfunccoils.o
LOAD ..\obj\event_groups.o
LOAD ..\obj\ADS1220.o
LOAD ..\obj\stm32f4xx_i2c.o
LOAD ..\obj\frequency.o
LOAD ..\obj\stm32f4xx_exti.o
LOAD ..\obj\misc.o
LOAD ..\obj\stm32f4xx_rtc.o
LOAD ..\obj\mbascii.o
LOAD ..\obj\heap_2.o
LOAD ..\obj\controller.o
LOAD ..\obj\stm32f4xx_tim.o
LOAD ..\obj\power_detector.o
START GROUP
LOAD c:/coocox/coide/gcc/sourcery g++ lite/bin/../lib/gcc/arm-none-eabi/4.5.1/thumb2\libgcc.a
LOAD c:/coocox/coide/gcc/sourcery g++ lite/bin/../lib/gcc/arm-none-eabi/4.5.1/../../../../arm-none-eabi/lib/thumb2\libc.a
END GROUP
OUTPUT(IMS_CONTROLLER.elf elf32-littlearm)

.debug_abbrev   0x00000000     0x39a3
 .debug_abbrev  0x00000000      0x12a ..\obj\stm32f4xx_syscfg.o
 .debug_abbrev  0x0000012a      0x178 ..\obj\mbport.o
 .debug_abbrev  0x000002a2      0x199 ..\obj\mb.o
 .debug_abbrev  0x0000043b      0x164 ..\obj\protocol.o
 .debug_abbrev  0x0000059f       0xa5 ..\obj\mbfuncdisc.o
 .debug_abbrev  0x00000644       0xd5 ..\obj\core_cm3.o
 .debug_abbrev  0x00000719       0xc1 ..\obj\portevent.o
 .debug_abbrev  0x000007da       0xbe ..\obj\mbfuncother.o
 .debug_abbrev  0x00000898      0x14e ..\obj\stm32f4xx_usart.o
 .debug_abbrev  0x000009e6      0x175 ..\obj\stm32f4xx_pwr.o
 .debug_abbrev  0x00000b5b       0xc6 ..\obj\rtc.o
 .debug_abbrev  0x00000c21       0xd2 ..\obj\mbutils.o
 .debug_abbrev  0x00000cf3       0xac ..\obj\startup_stm32f4xx.o
 .debug_abbrev  0x00000d9f       0xa7 ..\obj\backup_sram.o
 .debug_abbrev  0x00000e46       0xfa ..\obj\stm32f4xx_iwdg.o
 .debug_abbrev  0x00000f40       0xa5 ..\obj\mbfuncholding.o
 .debug_abbrev  0x00000fe5       0xc0 ..\obj\main.o
 .debug_abbrev  0x000010a5       0x90 ..\obj\mbcrc.o
 .debug_abbrev  0x00001135      0x1b7 ..\obj\stm32f4xx_rcc.o
 .debug_abbrev  0x000012ec       0x28 ..\obj\timers.o
 .debug_abbrev  0x00001314       0xa5 ..\obj\mbfuncinput.o
 .debug_abbrev  0x000013b9      0x238 ..\obj\printf.o
 .debug_abbrev  0x000015f1      0x120 ..\obj\watchdog.o
 .debug_abbrev  0x00001711        0x1 ..\obj\mbfuncdiag.o
 .debug_abbrev  0x00001712      0x206 ..\obj\tasks.o
 .debug_abbrev  0x00001918      0x14d ..\obj\fram_i2c.o
 .debug_abbrev  0x00001a65      0x182 ..\obj\stm32f4xx_gpio.o
 .debug_abbrev  0x00001be7      0x1b6 ..\obj\porttimer.o
 .debug_abbrev  0x00001d9d      0x180 ..\obj\mbrtu.o
 .debug_abbrev  0x00001f1d       0xb8 ..\obj\list.o
 .debug_abbrev  0x00001fd5      0x140 ..\obj\system_stm32f4xx.o
 .debug_abbrev  0x00002115       0xde ..\obj\syscalls.o
 .debug_abbrev  0x000021f3      0x186 ..\obj\port.o
 .debug_abbrev  0x00002379      0x132 ..\obj\queue.o
 .debug_abbrev  0x000024ab      0x203 ..\obj\portserial.o
 .debug_abbrev  0x000026ae      0x17f ..\obj\croutine.o
 .debug_abbrev  0x0000282d      0x160 ..\obj\stm32f4xx_spi.o
 .debug_abbrev  0x0000298d       0xb7 ..\obj\mbfunccoils.o
 .debug_abbrev  0x00002a44      0x10f ..\obj\event_groups.o
 .debug_abbrev  0x00002b53      0x1ac ..\obj\ADS1220.o
 .debug_abbrev  0x00002cff      0x15d ..\obj\stm32f4xx_i2c.o
 .debug_abbrev  0x00002e5c      0x1b6 ..\obj\frequency.o
 .debug_abbrev  0x00003012      0x198 ..\obj\stm32f4xx_exti.o
 .debug_abbrev  0x000031aa      0x126 ..\obj\misc.o
 .debug_abbrev  0x000032d0      0x16b ..\obj\stm32f4xx_rtc.o
 .debug_abbrev  0x0000343b       0x4d ..\obj\mbascii.o
 .debug_abbrev  0x00003488      0x15f ..\obj\heap_2.o
 .debug_abbrev  0x000035e7       0xf4 ..\obj\controller.o
 .debug_abbrev  0x000036db      0x163 ..\obj\stm32f4xx_tim.o
 .debug_abbrev  0x0000383e      0x165 ..\obj\power_detector.o

.debug_info     0x00000000    0x143f2
 .debug_info    0x00000000      0x27a ..\obj\stm32f4xx_syscfg.o
 .debug_info    0x0000027a      0x756 ..\obj\mbport.o
 .debug_info    0x000009d0      0x9a1 ..\obj\mb.o
 .debug_info    0x00001371      0x884 ..\obj\protocol.o
 .debug_info    0x00001bf5      0x1f9 ..\obj\mbfuncdisc.o
 .debug_info    0x00001dee      0x548 ..\obj\core_cm3.o
 .debug_info    0x00002336      0x1c4 ..\obj\portevent.o
 .debug_info    0x000024fa      0x25c ..\obj\mbfuncother.o
 .debug_info    0x00002756      0xa4f ..\obj\stm32f4xx_usart.o
 .debug_info    0x000031a5      0x53e ..\obj\stm32f4xx_pwr.o
 .debug_info    0x000036e3      0x16b ..\obj\rtc.o
 .debug_info    0x0000384e      0x2d1 ..\obj\mbutils.o
 .debug_info    0x00003b1f      0x135 ..\obj\startup_stm32f4xx.o
 .debug_info    0x00003c54      0x11f ..\obj\backup_sram.o
 .debug_info    0x00003d73      0x20b ..\obj\stm32f4xx_iwdg.o
 .debug_info    0x00003f7e      0x38e ..\obj\mbfuncholding.o
 .debug_info    0x0000430c      0x188 ..\obj\main.o
 .debug_info    0x00004494      0x13e ..\obj\mbcrc.o
 .debug_info    0x000045d2      0xd24 ..\obj\stm32f4xx_rcc.o
 .debug_info    0x000052f6       0x6f ..\obj\timers.o
 .debug_info    0x00005365      0x1eb ..\obj\mbfuncinput.o
 .debug_info    0x00005550      0xed2 ..\obj\printf.o
 .debug_info    0x00006422      0x1ab ..\obj\watchdog.o
 .debug_info    0x000065cd        0x0 ..\obj\mbfuncdiag.o
 .debug_info    0x000065cd     0x12a7 ..\obj\tasks.o
 .debug_info    0x00007874      0x501 ..\obj\fram_i2c.o
 .debug_info    0x00007d75      0x639 ..\obj\stm32f4xx_gpio.o
 .debug_info    0x000083ae      0xe0c ..\obj\porttimer.o
 .debug_info    0x000091ba      0x7fd ..\obj\mbrtu.o
 .debug_info    0x000099b7      0x2b5 ..\obj\list.o
 .debug_info    0x00009c6c      0x5ea ..\obj\system_stm32f4xx.o
 .debug_info    0x0000a256      0x440 ..\obj\syscalls.o
 .debug_info    0x0000a696      0x330 ..\obj\port.o
 .debug_info    0x0000a9c6      0x9ea ..\obj\queue.o
 .debug_info    0x0000b3b0     0x1160 ..\obj\portserial.o
 .debug_info    0x0000c510      0x4ec ..\obj\croutine.o
 .debug_info    0x0000c9fc      0xbcc ..\obj\stm32f4xx_spi.o
 .debug_info    0x0000d5c8      0x31e ..\obj\mbfunccoils.o
 .debug_info    0x0000d8e6      0x639 ..\obj\event_groups.o
 .debug_info    0x0000df1f      0x747 ..\obj\ADS1220.o
 .debug_info    0x0000e666      0xb91 ..\obj\stm32f4xx_i2c.o
 .debug_info    0x0000f1f7      0xc86 ..\obj\frequency.o
 .debug_info    0x0000fe7d      0x372 ..\obj\stm32f4xx_exti.o
 .debug_info    0x000101ef      0x594 ..\obj\misc.o
 .debug_info    0x00010783     0x1223 ..\obj\stm32f4xx_rtc.o
 .debug_info    0x000119a6       0x9b ..\obj\mbascii.o
 .debug_info    0x00011a41      0x2e3 ..\obj\heap_2.o
 .debug_info    0x00011d24      0x24e ..\obj\controller.o
 .debug_info    0x00011f72     0x1e28 ..\obj\stm32f4xx_tim.o
 .debug_info    0x00013d9a      0x658 ..\obj\power_detector.o

.debug_line     0x00000000     0x9fd6
 .debug_line    0x00000000      0x202 ..\obj\stm32f4xx_syscfg.o
 .debug_line    0x00000202      0x4a4 ..\obj\mbport.o
 .debug_line    0x000006a6      0x326 ..\obj\mb.o
 .debug_line    0x000009cc      0x333 ..\obj\protocol.o
 .debug_line    0x00000cff      0x1ed ..\obj\mbfuncdisc.o
 .debug_line    0x00000eec      0x28e ..\obj\core_cm3.o
 .debug_line    0x0000117a      0x1d1 ..\obj\portevent.o
 .debug_line    0x0000134b      0x259 ..\obj\mbfuncother.o
 .debug_line    0x000015a4      0x49c ..\obj\stm32f4xx_usart.o
 .debug_line    0x00001a40      0x29f ..\obj\stm32f4xx_pwr.o
 .debug_line    0x00001cdf      0x1fe ..\obj\rtc.o
 .debug_line    0x00001edd      0x261 ..\obj\mbutils.o
 .debug_line    0x0000213e       0xaf ..\obj\startup_stm32f4xx.o
 .debug_line    0x000021ed      0x1a8 ..\obj\backup_sram.o
 .debug_line    0x00002395      0x1f9 ..\obj\stm32f4xx_iwdg.o
 .debug_line    0x0000258e      0x283 ..\obj\mbfuncholding.o
 .debug_line    0x00002811      0x2ad ..\obj\main.o
 .debug_line    0x00002abe      0x164 ..\obj\mbcrc.o
 .debug_line    0x00002c22      0x598 ..\obj\stm32f4xx_rcc.o
 .debug_line    0x000031ba       0x1d ..\obj\timers.o
 .debug_line    0x000031d7      0x1e3 ..\obj\mbfuncinput.o
 .debug_line    0x000033ba      0x3cf ..\obj\printf.o
 .debug_line    0x00003789      0x257 ..\obj\watchdog.o
 .debug_line    0x000039e0        0x0 ..\obj\mbfuncdiag.o
 .debug_line    0x000039e0      0xab6 ..\obj\tasks.o
 .debug_line    0x00004496      0x2c2 ..\obj\fram_i2c.o
 .debug_line    0x00004758      0x337 ..\obj\stm32f4xx_gpio.o
 .debug_line    0x00004a8f      0x3cd ..\obj\porttimer.o
 .debug_line    0x00004e5c      0x293 ..\obj\mbrtu.o
 .debug_line    0x000050ef      0x241 ..\obj\list.o
 .debug_line    0x00005330      0x211 ..\obj\system_stm32f4xx.o
 .debug_line    0x00005541      0x19d ..\obj\syscalls.o
 .debug_line    0x000056de      0x30a ..\obj\port.o
 .debug_line    0x000059e8      0x6fb ..\obj\queue.o
 .debug_line    0x000060e3      0x4e1 ..\obj\portserial.o
 .debug_line    0x000065c4      0x30d ..\obj\croutine.o
 .debug_line    0x000068d1      0x44c ..\obj\stm32f4xx_spi.o
 .debug_line    0x00006d1d      0x25b ..\obj\mbfunccoils.o
 .debug_line    0x00006f78      0x395 ..\obj\event_groups.o
 .debug_line    0x0000730d      0x47f ..\obj\ADS1220.o
 .debug_line    0x0000778c      0x4d4 ..\obj\stm32f4xx_i2c.o
 .debug_line    0x00007c60      0x425 ..\obj\frequency.o
 .debug_line    0x00008085      0x2a1 ..\obj\stm32f4xx_exti.o
 .debug_line    0x00008326      0x23d ..\obj\misc.o
 .debug_line    0x00008563      0x80f ..\obj\stm32f4xx_rtc.o
 .debug_line    0x00008d72       0xde ..\obj\mbascii.o
 .debug_line    0x00008e50      0x28b ..\obj\heap_2.o
 .debug_line    0x000090db      0x229 ..\obj\controller.o
 .debug_line    0x00009304      0xa71 ..\obj\stm32f4xx_tim.o
 .debug_line    0x00009d75      0x261 ..\obj\power_detector.o

.debug_loc      0x00000000     0x7c03
 .debug_loc     0x00000000      0x144 ..\obj\stm32f4xx_syscfg.o
 .debug_loc     0x00000144      0x13c ..\obj\mbport.o
 .debug_loc     0x00000280      0x150 ..\obj\mb.o
 .debug_loc     0x000003d0       0xa8 ..\obj\protocol.o
 .debug_loc     0x00000478       0x38 ..\obj\mbfuncdisc.o
 .debug_loc     0x000004b0      0x3f0 ..\obj\core_cm3.o
 .debug_loc     0x000008a0       0xa8 ..\obj\portevent.o
 .debug_loc     0x00000948       0x70 ..\obj\mbfuncother.o
 .debug_loc     0x000009b8      0x658 ..\obj\stm32f4xx_usart.o
 .debug_loc     0x00001010      0x288 ..\obj\stm32f4xx_pwr.o
 .debug_loc     0x00001298       0x38 ..\obj\rtc.o
 .debug_loc     0x000012d0       0xa8 ..\obj\mbutils.o
 .debug_loc     0x00001378       0x64 ..\obj\startup_stm32f4xx.o
 .debug_loc     0x000013dc       0x64 ..\obj\backup_sram.o
 .debug_loc     0x00001440      0x138 ..\obj\stm32f4xx_iwdg.o
 .debug_loc     0x00001578       0xe0 ..\obj\mbfuncholding.o
 .debug_loc     0x00001658      0x100 ..\obj\main.o
 .debug_loc     0x00001758       0x38 ..\obj\mbcrc.o
 .debug_loc     0x00001790      0x97c ..\obj\stm32f4xx_rcc.o
 .debug_loc     0x0000210c       0x38 ..\obj\mbfuncinput.o
 .debug_loc     0x00002144      0x3ea ..\obj\printf.o
 .debug_loc     0x0000252e       0x70 ..\obj\watchdog.o
 .debug_loc     0x0000259e      0x92c ..\obj\tasks.o
 .debug_loc     0x00002eca       0xa8 ..\obj\fram_i2c.o
 .debug_loc     0x00002f72      0x310 ..\obj\stm32f4xx_gpio.o
 .debug_loc     0x00003282      0x1e8 ..\obj\porttimer.o
 .debug_loc     0x0000346a      0x1c0 ..\obj\mbrtu.o
 .debug_loc     0x0000362a      0x118 ..\obj\list.o
 .debug_loc     0x00003742       0x9c ..\obj\system_stm32f4xx.o
 .debug_loc     0x000037de      0x1ec ..\obj\syscalls.o
 .debug_loc     0x000039ca      0x1dc ..\obj\port.o
 .debug_loc     0x00003ba6      0x460 ..\obj\queue.o
 .debug_loc     0x00004006      0x2c0 ..\obj\portserial.o
 .debug_loc     0x000042c6      0x188 ..\obj\croutine.o
 .debug_loc     0x0000444e      0x578 ..\obj\stm32f4xx_spi.o
 .debug_loc     0x000049c6       0xa8 ..\obj\mbfunccoils.o
 .debug_loc     0x00004a6e      0x230 ..\obj\event_groups.o
 .debug_loc     0x00004c9e      0x1ec ..\obj\ADS1220.o
 .debug_loc     0x00004e8a      0x738 ..\obj\stm32f4xx_i2c.o
 .debug_loc     0x000055c2      0x10d ..\obj\frequency.o
 .debug_loc     0x000056cf      0x1b4 ..\obj\stm32f4xx_exti.o
 .debug_loc     0x00005883      0x118 ..\obj\misc.o
 .debug_loc     0x0000599b      0xc48 ..\obj\stm32f4xx_rtc.o
 .debug_loc     0x000065e3      0x100 ..\obj\heap_2.o
 .debug_loc     0x000066e3       0x70 ..\obj\controller.o
 .debug_loc     0x00006753     0x1420 ..\obj\stm32f4xx_tim.o
 .debug_loc     0x00007b73       0x90 ..\obj\power_detector.o

.debug_pubnames
                0x00000000     0x335f
 .debug_pubnames
                0x00000000       0xc3 ..\obj\stm32f4xx_syscfg.o
 .debug_pubnames
                0x000000c3      0x112 ..\obj\mbport.o
 .debug_pubnames
                0x000001d5       0x66 ..\obj\mb.o
 .debug_pubnames
                0x0000023b       0x4c ..\obj\protocol.o
 .debug_pubnames
                0x00000287       0x30 ..\obj\mbfuncdisc.o
 .debug_pubnames
                0x000002b7      0x159 ..\obj\core_cm3.o
 .debug_pubnames
                0x00000410       0x50 ..\obj\portevent.o
 .debug_pubnames
                0x00000460       0x3d ..\obj\mbfuncother.o
 .debug_pubnames
                0x0000049d      0x294 ..\obj\stm32f4xx_usart.o
 .debug_pubnames
                0x00000731      0x120 ..\obj\stm32f4xx_pwr.o
 .debug_pubnames
                0x00000851       0x25 ..\obj\rtc.o
 .debug_pubnames
                0x00000876       0x52 ..\obj\mbutils.o
 .debug_pubnames
                0x000008c8       0x4a ..\obj\startup_stm32f4xx.o
 .debug_pubnames
                0x00000912       0x41 ..\obj\backup_sram.o
 .debug_pubnames
                0x00000953       0x91 ..\obj\stm32f4xx_iwdg.o
 .debug_pubnames
                0x000009e4       0xa5 ..\obj\mbfuncholding.o
 .debug_pubnames
                0x00000a89       0x90 ..\obj\main.o
 .debug_pubnames
                0x00000b19       0x20 ..\obj\mbcrc.o
 .debug_pubnames
                0x00000b39      0x417 ..\obj\stm32f4xx_rcc.o
 .debug_pubnames
                0x00000f50       0x2f ..\obj\mbfuncinput.o
 .debug_pubnames
                0x00000f7f      0x101 ..\obj\printf.o
 .debug_pubnames
                0x00001080       0x35 ..\obj\watchdog.o
 .debug_pubnames
                0x000010b5      0x350 ..\obj\tasks.o
 .debug_pubnames
                0x00001405       0x57 ..\obj\fram_i2c.o
 .debug_pubnames
                0x0000145c      0x12d ..\obj\stm32f4xx_gpio.o
 .debug_pubnames
                0x00001589       0xf0 ..\obj\porttimer.o
 .debug_pubnames
                0x00001679       0xa6 ..\obj\mbrtu.o
 .debug_pubnames
                0x0000171f       0x72 ..\obj\list.o
 .debug_pubnames
                0x00001791       0x61 ..\obj\system_stm32f4xx.o
 .debug_pubnames
                0x000017f2       0x71 ..\obj\syscalls.o
 .debug_pubnames
                0x00001863      0x144 ..\obj\port.o
 .debug_pubnames
                0x000019a7      0x18c ..\obj\queue.o
 .debug_pubnames
                0x00001b33      0x123 ..\obj\portserial.o
 .debug_pubnames
                0x00001c56       0x96 ..\obj\croutine.o
 .debug_pubnames
                0x00001cec      0x221 ..\obj\stm32f4xx_spi.o
 .debug_pubnames
                0x00001f0d       0x5a ..\obj\mbfunccoils.o
 .debug_pubnames
                0x00001f67       0xf8 ..\obj\event_groups.o
 .debug_pubnames
                0x0000205f       0x76 ..\obj\ADS1220.o
 .debug_pubnames
                0x000020d5      0x2cb ..\obj\stm32f4xx_i2c.o
 .debug_pubnames
                0x000023a0       0x74 ..\obj\frequency.o
 .debug_pubnames
                0x00002414       0xbb ..\obj\stm32f4xx_exti.o
 .debug_pubnames
                0x000024cf       0x89 ..\obj\misc.o
 .debug_pubnames
                0x00002558      0x514 ..\obj\stm32f4xx_rtc.o
 .debug_pubnames
                0x00002a6c       0x64 ..\obj\heap_2.o
 .debug_pubnames
                0x00002ad0       0x8e ..\obj\controller.o
 .debug_pubnames
                0x00002b5e      0x7c4 ..\obj\stm32f4xx_tim.o
 .debug_pubnames
                0x00003322       0x3d ..\obj\power_detector.o

.debug_pubtypes
                0x00000000     0x2478
 .debug_pubtypes
                0x00000000       0x6d ..\obj\stm32f4xx_syscfg.o
 .debug_pubtypes
                0x0000006d      0x13d ..\obj\mbport.o
 .debug_pubtypes
                0x000001aa      0x17e ..\obj\mb.o
 .debug_pubtypes
                0x00000328      0x16e ..\obj\protocol.o
 .debug_pubtypes
                0x00000496       0x6e ..\obj\mbfuncdisc.o
 .debug_pubtypes
                0x00000504       0x50 ..\obj\core_cm3.o
 .debug_pubtypes
                0x00000554       0x52 ..\obj\portevent.o
 .debug_pubtypes
                0x000005a6       0x82 ..\obj\mbfuncother.o
 .debug_pubtypes
                0x00000628       0xcd ..\obj\stm32f4xx_usart.o
 .debug_pubtypes
                0x000006f5       0x84 ..\obj\stm32f4xx_pwr.o
 .debug_pubtypes
                0x00000779       0x4b ..\obj\rtc.o
 .debug_pubtypes
                0x000007c4       0x79 ..\obj\mbutils.o
 .debug_pubtypes
                0x0000083d       0x37 ..\obj\backup_sram.o
 .debug_pubtypes
                0x00000874       0x64 ..\obj\stm32f4xx_iwdg.o
 .debug_pubtypes
                0x000008d8       0x6e ..\obj\mbfuncholding.o
 .debug_pubtypes
                0x00000946       0x49 ..\obj\main.o
 .debug_pubtypes
                0x0000098f       0x40 ..\obj\mbcrc.o
 .debug_pubtypes
                0x000009cf       0xaa ..\obj\stm32f4xx_rcc.o
 .debug_pubtypes
                0x00000a79       0x12 ..\obj\timers.o
 .debug_pubtypes
                0x00000a8b       0x6e ..\obj\mbfuncinput.o
 .debug_pubtypes
                0x00000af9      0x139 ..\obj\printf.o
 .debug_pubtypes
                0x00000c32       0x63 ..\obj\watchdog.o
 .debug_pubtypes
                0x00000c95      0x191 ..\obj\tasks.o
 .debug_pubtypes
                0x00000e26       0xe4 ..\obj\fram_i2c.o
 .debug_pubtypes
                0x00000f0a       0xce ..\obj\stm32f4xx_gpio.o
 .debug_pubtypes
                0x00000fd8      0x1ad ..\obj\porttimer.o
 .debug_pubtypes
                0x00001185      0x115 ..\obj\mbrtu.o
 .debug_pubtypes
                0x0000129a       0x98 ..\obj\list.o
 .debug_pubtypes
                0x00001332       0x73 ..\obj\system_stm32f4xx.o
 .debug_pubtypes
                0x000013a5       0xaa ..\obj\syscalls.o
 .debug_pubtypes
                0x0000144f       0x7c ..\obj\port.o
 .debug_pubtypes
                0x000014cb      0x122 ..\obj\queue.o
 .debug_pubtypes
                0x000015ed      0x257 ..\obj\portserial.o
 .debug_pubtypes
                0x00001844      0x107 ..\obj\croutine.o
 .debug_pubtypes
                0x0000194b       0xbc ..\obj\stm32f4xx_spi.o
 .debug_pubtypes
                0x00001a07       0x6e ..\obj\mbfunccoils.o
 .debug_pubtypes
                0x00001a75       0xf9 ..\obj\event_groups.o
 .debug_pubtypes
                0x00001b6e      0x163 ..\obj\ADS1220.o
 .debug_pubtypes
                0x00001cd1       0xbe ..\obj\stm32f4xx_i2c.o
 .debug_pubtypes
                0x00001d8f      0x1fc ..\obj\frequency.o
 .debug_pubtypes
                0x00001f8b       0xae ..\obj\stm32f4xx_exti.o
 .debug_pubtypes
                0x00002039       0x8c ..\obj\misc.o
 .debug_pubtypes
                0x000020c5       0xd8 ..\obj\stm32f4xx_rtc.o
 .debug_pubtypes
                0x0000219d       0x1e ..\obj\mbascii.o
 .debug_pubtypes
                0x000021bb       0x73 ..\obj\heap_2.o
 .debug_pubtypes
                0x0000222e       0xa1 ..\obj\controller.o
 .debug_pubtypes
                0x000022cf       0xe4 ..\obj\stm32f4xx_tim.o
 .debug_pubtypes
                0x000023b3       0xc5 ..\obj\power_detector.o

.debug_aranges  0x00000000     0x16b0
 .debug_aranges
                0x00000000       0x48 ..\obj\stm32f4xx_syscfg.o
 .debug_aranges
                0x00000048       0x48 ..\obj\mbport.o
 .debug_aranges
                0x00000090       0x48 ..\obj\mb.o
 .debug_aranges
                0x000000d8       0x30 ..\obj\protocol.o
 .debug_aranges
                0x00000108       0x20 ..\obj\mbfuncdisc.o
 .debug_aranges
                0x00000128       0xc8 ..\obj\core_cm3.o
 .debug_aranges
                0x000001f0       0x30 ..\obj\portevent.o
 .debug_aranges
                0x00000220       0x28 ..\obj\mbfuncother.o
 .debug_aranges
                0x00000248      0x100 ..\obj\stm32f4xx_usart.o
 .debug_aranges
                0x00000348       0x78 ..\obj\stm32f4xx_pwr.o
 .debug_aranges
                0x000003c0       0x20 ..\obj\rtc.o
 .debug_aranges
                0x000003e0       0x30 ..\obj\mbutils.o
 .debug_aranges
                0x00000410       0x28 ..\obj\startup_stm32f4xx.o
 .debug_aranges
                0x00000438       0x28 ..\obj\backup_sram.o
 .debug_aranges
                0x00000460       0x48 ..\obj\stm32f4xx_iwdg.o
 .debug_aranges
                0x000004a8       0x38 ..\obj\mbfuncholding.o
 .debug_aranges
                0x000004e0       0x40 ..\obj\main.o
 .debug_aranges
                0x00000520       0x20 ..\obj\mbcrc.o
 .debug_aranges
                0x00000540      0x178 ..\obj\stm32f4xx_rcc.o
 .debug_aranges
                0x000006b8       0x20 ..\obj\mbfuncinput.o
 .debug_aranges
                0x000006d8       0xa0 ..\obj\printf.o
 .debug_aranges
                0x00000778       0x28 ..\obj\watchdog.o
 .debug_aranges
                0x000007a0      0x170 ..\obj\tasks.o
 .debug_aranges
                0x00000910       0x30 ..\obj\fram_i2c.o
 .debug_aranges
                0x00000940       0x88 ..\obj\stm32f4xx_gpio.o
 .debug_aranges
                0x000009c8       0x68 ..\obj\porttimer.o
 .debug_aranges
                0x00000a30       0x58 ..\obj\mbrtu.o
 .debug_aranges
                0x00000a88       0x40 ..\obj\list.o
 .debug_aranges
                0x00000ac8       0x30 ..\obj\system_stm32f4xx.o
 .debug_aranges
                0x00000af8       0x60 ..\obj\syscalls.o
 .debug_aranges
                0x00000b58       0x90 ..\obj\port.o
 .debug_aranges
                0x00000be8       0xb8 ..\obj\queue.o
 .debug_aranges
                0x00000ca0       0x80 ..\obj\portserial.o
 .debug_aranges
                0x00000d20       0x50 ..\obj\croutine.o
 .debug_aranges
                0x00000d70       0xe0 ..\obj\stm32f4xx_spi.o
 .debug_aranges
                0x00000e50       0x30 ..\obj\mbfunccoils.o
 .debug_aranges
                0x00000e80       0x68 ..\obj\event_groups.o
 .debug_aranges
                0x00000ee8       0x60 ..\obj\ADS1220.o
 .debug_aranges
                0x00000f48      0x120 ..\obj\stm32f4xx_i2c.o
 .debug_aranges
                0x00001068       0x40 ..\obj\frequency.o
 .debug_aranges
                0x000010a8       0x58 ..\obj\stm32f4xx_exti.o
 .debug_aranges
                0x00001100       0x40 ..\obj\misc.o
 .debug_aranges
                0x00001140      0x1e0 ..\obj\stm32f4xx_rtc.o
 .debug_aranges
                0x00001320       0x40 ..\obj\heap_2.o
 .debug_aranges
                0x00001360       0x28 ..\obj\controller.o
 .debug_aranges
                0x00001388      0x2f8 ..\obj\stm32f4xx_tim.o
 .debug_aranges
                0x00001680       0x30 ..\obj\power_detector.o

.debug_ranges   0x00000000     0x13c0
 .debug_ranges  0x00000000       0x38 ..\obj\stm32f4xx_syscfg.o
 .debug_ranges  0x00000038       0x38 ..\obj\mbport.o
 .debug_ranges  0x00000070       0x38 ..\obj\mb.o
 .debug_ranges  0x000000a8       0x20 ..\obj\protocol.o
 .debug_ranges  0x000000c8       0x10 ..\obj\mbfuncdisc.o
 .debug_ranges  0x000000d8       0xb8 ..\obj\core_cm3.o
 .debug_ranges  0x00000190       0x20 ..\obj\portevent.o
 .debug_ranges  0x000001b0       0x18 ..\obj\mbfuncother.o
 .debug_ranges  0x000001c8       0xf0 ..\obj\stm32f4xx_usart.o
 .debug_ranges  0x000002b8       0x68 ..\obj\stm32f4xx_pwr.o
 .debug_ranges  0x00000320       0x10 ..\obj\rtc.o
 .debug_ranges  0x00000330       0x20 ..\obj\mbutils.o
 .debug_ranges  0x00000350       0x18 ..\obj\startup_stm32f4xx.o
 .debug_ranges  0x00000368       0x18 ..\obj\backup_sram.o
 .debug_ranges  0x00000380       0x38 ..\obj\stm32f4xx_iwdg.o
 .debug_ranges  0x000003b8       0x28 ..\obj\mbfuncholding.o
 .debug_ranges  0x000003e0       0x30 ..\obj\main.o
 .debug_ranges  0x00000410       0x10 ..\obj\mbcrc.o
 .debug_ranges  0x00000420      0x168 ..\obj\stm32f4xx_rcc.o
 .debug_ranges  0x00000588       0x10 ..\obj\mbfuncinput.o
 .debug_ranges  0x00000598       0x90 ..\obj\printf.o
 .debug_ranges  0x00000628       0x18 ..\obj\watchdog.o
 .debug_ranges  0x00000640      0x160 ..\obj\tasks.o
 .debug_ranges  0x000007a0       0x20 ..\obj\fram_i2c.o
 .debug_ranges  0x000007c0       0x78 ..\obj\stm32f4xx_gpio.o
 .debug_ranges  0x00000838       0x58 ..\obj\porttimer.o
 .debug_ranges  0x00000890       0x48 ..\obj\mbrtu.o
 .debug_ranges  0x000008d8       0x30 ..\obj\list.o
 .debug_ranges  0x00000908       0x20 ..\obj\system_stm32f4xx.o
 .debug_ranges  0x00000928       0x50 ..\obj\syscalls.o
 .debug_ranges  0x00000978       0x80 ..\obj\port.o
 .debug_ranges  0x000009f8       0xa8 ..\obj\queue.o
 .debug_ranges  0x00000aa0       0x70 ..\obj\portserial.o
 .debug_ranges  0x00000b10       0x40 ..\obj\croutine.o
 .debug_ranges  0x00000b50       0xd0 ..\obj\stm32f4xx_spi.o
 .debug_ranges  0x00000c20       0x20 ..\obj\mbfunccoils.o
 .debug_ranges  0x00000c40       0x58 ..\obj\event_groups.o
 .debug_ranges  0x00000c98       0x50 ..\obj\ADS1220.o
 .debug_ranges  0x00000ce8      0x110 ..\obj\stm32f4xx_i2c.o
 .debug_ranges  0x00000df8       0x30 ..\obj\frequency.o
 .debug_ranges  0x00000e28       0x48 ..\obj\stm32f4xx_exti.o
 .debug_ranges  0x00000e70       0x30 ..\obj\misc.o
 .debug_ranges  0x00000ea0      0x1d0 ..\obj\stm32f4xx_rtc.o
 .debug_ranges  0x00001070       0x30 ..\obj\heap_2.o
 .debug_ranges  0x000010a0       0x18 ..\obj\controller.o
 .debug_ranges  0x000010b8      0x2e8 ..\obj\stm32f4xx_tim.o
 .debug_ranges  0x000013a0       0x20 ..\obj\power_detector.o

.debug_str      0x00000000     0x7535
 .debug_str     0x00000000      0x21d ..\obj\stm32f4xx_syscfg.o
                                0x26a (size before relaxing)
 .debug_str     0x0000021d      0x387 ..\obj\mbport.o
                                0x462 (size before relaxing)
 .debug_str     0x000005a4      0x5cc ..\obj\mb.o
                                0x785 (size before relaxing)
 .debug_str     0x00000b70      0x1c9 ..\obj\protocol.o
                                0x821 (size before relaxing)
 .debug_str     0x00000d39       0xc3 ..\obj\mbfuncdisc.o
                                0x2e3 (size before relaxing)
 .debug_str     0x00000dfc      0x173 ..\obj\core_cm3.o
                                0x23a (size before relaxing)
 .debug_str     0x00000f6f       0x9a ..\obj\portevent.o
                                0x1c1 (size before relaxing)
 .debug_str     0x00001009       0xd8 ..\obj\mbfuncother.o
                                0x30c (size before relaxing)
 .debug_str     0x000010e1      0x4e4 ..\obj\stm32f4xx_usart.o
                                0x5fa (size before relaxing)
 .debug_str     0x000015c5      0x1e9 ..\obj\stm32f4xx_pwr.o
                                0x2fc (size before relaxing)
 .debug_str     0x000017ae       0xa9 ..\obj\rtc.o
                                0x1a1 (size before relaxing)
 .debug_str     0x00001857       0xf9 ..\obj\mbutils.o
                                0x320 (size before relaxing)
 .debug_str     0x00001950       0xbe ..\obj\startup_stm32f4xx.o
                                 0xe9 (size before relaxing)
 .debug_str     0x00001a0e       0x99 ..\obj\backup_sram.o
                                0x15e (size before relaxing)
 .debug_str     0x00001aa7       0xf6 ..\obj\stm32f4xx_iwdg.o
                                0x1d7 (size before relaxing)
 .debug_str     0x00001b9d      0x155 ..\obj\mbfuncholding.o
                                0x3c1 (size before relaxing)
 .debug_str     0x00001cf2       0xd6 ..\obj\main.o
                                0x1b1 (size before relaxing)
 .debug_str     0x00001dc8       0x77 ..\obj\mbcrc.o
                                0x144 (size before relaxing)
 .debug_str     0x00001e3f      0x5eb ..\obj\stm32f4xx_rcc.o
                                0x7bb (size before relaxing)
 .debug_str     0x0000242a       0x56 ..\obj\timers.o
                                 0xeb (size before relaxing)
 .debug_str     0x00002480       0x79 ..\obj\mbfuncinput.o
                                0x2d7 (size before relaxing)
 .debug_str     0x000024f9      0x4a4 ..\obj\printf.o
                                0x5fc (size before relaxing)
 .debug_str     0x0000299d       0x7c ..\obj\watchdog.o
                                0x19b (size before relaxing)
 .debug_str     0x00002a19      0xa38 ..\obj\tasks.o
                                0xb93 (size before relaxing)
 .debug_str     0x00003451      0x2d1 ..\obj\fram_i2c.o
                                0x3ea (size before relaxing)
 .debug_str     0x00003722      0x1a6 ..\obj\stm32f4xx_gpio.o
                                0x40e (size before relaxing)
 .debug_str     0x000038c8      0x7e5 ..\obj\porttimer.o
                                0xeb5 (size before relaxing)
 .debug_str     0x000040ad      0x121 ..\obj\mbrtu.o
                                0x557 (size before relaxing)
 .debug_str     0x000041ce       0xe8 ..\obj\list.o
                                0x231 (size before relaxing)
 .debug_str     0x000042b6       0xb6 ..\obj\system_stm32f4xx.o
                                0x309 (size before relaxing)
 .debug_str     0x0000436c      0x158 ..\obj\syscalls.o
                                0x27c (size before relaxing)
 .debug_str     0x000044c4      0x263 ..\obj\port.o
                                0x360 (size before relaxing)
 .debug_str     0x00004727      0x353 ..\obj\queue.o
                                0x576 (size before relaxing)
 .debug_str     0x00004a7a      0x1b3 ..\obj\portserial.o
                               0x1078 (size before relaxing)
 .debug_str     0x00004c2d      0x28c ..\obj\croutine.o
                                0x455 (size before relaxing)
 .debug_str     0x00004eb9      0x3b4 ..\obj\stm32f4xx_spi.o
                                0x5f5 (size before relaxing)
 .debug_str     0x0000526d       0xd6 ..\obj\mbfunccoils.o
                                0x34b (size before relaxing)
 .debug_str     0x00005343      0x2a5 ..\obj\event_groups.o
                                0x452 (size before relaxing)
 .debug_str     0x000055e8      0x17a ..\obj\ADS1220.o
                                0x60c (size before relaxing)
 .debug_str     0x00005762      0x345 ..\obj\stm32f4xx_i2c.o
                                0x5d0 (size before relaxing)
 .debug_str     0x00005aa7      0x17f ..\obj\frequency.o
                                0xc2e (size before relaxing)
 .debug_str     0x00005c26      0x1db ..\obj\stm32f4xx_exti.o
                                0x2d9 (size before relaxing)
 .debug_str     0x00005e01      0x137 ..\obj\misc.o
                                0x344 (size before relaxing)
 .debug_str     0x00005f38      0x8b1 ..\obj\stm32f4xx_rtc.o
                                0xabe (size before relaxing)
 .debug_str     0x000067e9       0x58 ..\obj\mbascii.o
                                0x102 (size before relaxing)
 .debug_str     0x00006841      0x19b ..\obj\heap_2.o
                                0x284 (size before relaxing)
 .debug_str     0x000069dc       0x7c ..\obj\controller.o
                                0x1fc (size before relaxing)
 .debug_str     0x00006a58      0xa3a ..\obj\stm32f4xx_tim.o
                                0xd3b (size before relaxing)
 .debug_str     0x00007492       0xa3 ..\obj\power_detector.o
                                0x838 (size before relaxing)

.comment        0x00000000       0x2a
 .comment       0x00000000       0x2a ..\obj\stm32f4xx_syscfg.o
                                 0x2b (size before relaxing)
 .comment       0x00000000       0x2b ..\obj\mbport.o
 .comment       0x00000000       0x2b ..\obj\mb.o
 .comment       0x00000000       0x2b ..\obj\protocol.o
 .comment       0x00000000       0x2b ..\obj\mbfuncdisc.o
 .comment       0x00000000       0x2b ..\obj\core_cm3.o
 .comment       0x00000000       0x2b ..\obj\portevent.o
 .comment       0x00000000       0x2b ..\obj\mbfuncother.o
 .comment       0x00000000       0x2b ..\obj\stm32f4xx_usart.o
 .comment       0x00000000       0x2b ..\obj\stm32f4xx_pwr.o
 .comment       0x00000000       0x2b ..\obj\rtc.o
 .comment       0x00000000       0x2b ..\obj\mbutils.o
 .comment       0x00000000       0x2b ..\obj\startup_stm32f4xx.o
 .comment       0x00000000       0x2b ..\obj\backup_sram.o
 .comment       0x00000000       0x2b ..\obj\stm32f4xx_iwdg.o
 .comment       0x00000000       0x2b ..\obj\mbfuncholding.o
 .comment       0x00000000       0x2b ..\obj\main.o
 .comment       0x00000000       0x2b ..\obj\mbcrc.o
 .comment       0x00000000       0x2b ..\obj\stm32f4xx_rcc.o
 .comment       0x00000000       0x2b ..\obj\timers.o
 .comment       0x00000000       0x2b ..\obj\mbfuncinput.o
 .comment       0x00000000       0x2b ..\obj\printf.o
 .comment       0x00000000       0x2b ..\obj\watchdog.o
 .comment       0x00000000       0x2b ..\obj\mbfuncdiag.o
 .comment       0x00000000       0x2b ..\obj\tasks.o
 .comment       0x00000000       0x2b ..\obj\fram_i2c.o
 .comment       0x00000000       0x2b ..\obj\stm32f4xx_gpio.o
 .comment       0x00000000       0x2b ..\obj\porttimer.o
 .comment       0x00000000       0x2b ..\obj\mbrtu.o
 .comment       0x00000000       0x2b ..\obj\list.o
 .comment       0x00000000       0x2b ..\obj\system_stm32f4xx.o
 .comment       0x00000000       0x2b ..\obj\syscalls.o
 .comment       0x00000000       0x2b ..\obj\port.o
 .comment       0x00000000       0x2b ..\obj\queue.o
 .comment       0x00000000       0x2b ..\obj\portserial.o
 .comment       0x00000000       0x2b ..\obj\croutine.o
 .comment       0x00000000       0x2b ..\obj\stm32f4xx_spi.o
 .comment       0x00000000       0x2b ..\obj\mbfunccoils.o
 .comment       0x00000000       0x2b ..\obj\event_groups.o
 .comment       0x00000000       0x2b ..\obj\ADS1220.o
 .comment       0x00000000       0x2b ..\obj\stm32f4xx_i2c.o
 .comment       0x00000000       0x2b ..\obj\frequency.o
 .comment       0x00000000       0x2b ..\obj\stm32f4xx_exti.o
 .comment       0x00000000       0x2b ..\obj\misc.o
 .comment       0x00000000       0x2b ..\obj\stm32f4xx_rtc.o
 .comment       0x00000000       0x2b ..\obj\mbascii.o
 .comment       0x00000000       0x2b ..\obj\heap_2.o
 .comment       0x00000000       0x2b ..\obj\controller.o
 .comment       0x00000000       0x2b ..\obj\stm32f4xx_tim.o
 .comment       0x00000000       0x2b ..\obj\power_detector.o

.ARM.attributes
                0x00000000       0x31
 .ARM.attributes
                0x00000000       0x31 ..\obj\stm32f4xx_syscfg.o
 .ARM.attributes
                0x00000031       0x31 ..\obj\mbport.o
 .ARM.attributes
                0x00000062       0x31 ..\obj\mb.o
 .ARM.attributes
                0x00000093       0x31 ..\obj\protocol.o
 .ARM.attributes
                0x000000c4       0x31 ..\obj\mbfuncdisc.o
 .ARM.attributes
                0x000000f5       0x31 ..\obj\core_cm3.o
 .ARM.attributes
                0x00000126       0x31 ..\obj\portevent.o
 .ARM.attributes
                0x00000157       0x31 ..\obj\mbfuncother.o
 .ARM.attributes
                0x00000188       0x31 ..\obj\stm32f4xx_usart.o
 .ARM.attributes
                0x000001b9       0x31 ..\obj\stm32f4xx_pwr.o
 .ARM.attributes
                0x000001ea       0x31 ..\obj\rtc.o
 .ARM.attributes
                0x0000021b       0x31 ..\obj\mbutils.o
 .ARM.attributes
                0x0000024c       0x31 ..\obj\startup_stm32f4xx.o
 .ARM.attributes
                0x0000027d       0x31 ..\obj\backup_sram.o
 .ARM.attributes
                0x000002ae       0x31 ..\obj\stm32f4xx_iwdg.o
 .ARM.attributes
                0x000002df       0x31 ..\obj\mbfuncholding.o
 .ARM.attributes
                0x00000310       0x31 ..\obj\main.o
 .ARM.attributes
                0x00000341       0x31 ..\obj\mbcrc.o
 .ARM.attributes
                0x00000372       0x31 ..\obj\stm32f4xx_rcc.o
 .ARM.attributes
                0x000003a3       0x31 ..\obj\timers.o
 .ARM.attributes
                0x000003d4       0x31 ..\obj\mbfuncinput.o
 .ARM.attributes
                0x00000405       0x31 ..\obj\printf.o
 .ARM.attributes
                0x00000436       0x31 ..\obj\watchdog.o
 .ARM.attributes
                0x00000467       0x31 ..\obj\mbfuncdiag.o
 .ARM.attributes
                0x00000498       0x31 ..\obj\tasks.o
 .ARM.attributes
                0x000004c9       0x31 ..\obj\fram_i2c.o
 .ARM.attributes
                0x000004fa       0x31 ..\obj\stm32f4xx_gpio.o
 .ARM.attributes
                0x0000052b       0x31 ..\obj\porttimer.o
 .ARM.attributes
                0x0000055c       0x31 ..\obj\mbrtu.o
 .ARM.attributes
                0x0000058d       0x31 ..\obj\list.o
 .ARM.attributes
                0x000005be       0x31 ..\obj\system_stm32f4xx.o
 .ARM.attributes
                0x000005ef       0x31 ..\obj\syscalls.o
 .ARM.attributes
                0x00000620       0x31 ..\obj\port.o
 .ARM.attributes
                0x00000651       0x31 ..\obj\queue.o
 .ARM.attributes
                0x00000682       0x31 ..\obj\portserial.o
 .ARM.attributes
                0x000006b3       0x31 ..\obj\croutine.o
 .ARM.attributes
                0x000006e4       0x31 ..\obj\stm32f4xx_spi.o
 .ARM.attributes
                0x00000715       0x31 ..\obj\mbfunccoils.o
 .ARM.attributes
                0x00000746       0x31 ..\obj\event_groups.o
 .ARM.attributes
                0x00000777       0x31 ..\obj\ADS1220.o
 .ARM.attributes
                0x000007a8       0x31 ..\obj\stm32f4xx_i2c.o
 .ARM.attributes
                0x000007d9       0x31 ..\obj\frequency.o
 .ARM.attributes
                0x0000080a       0x31 ..\obj\stm32f4xx_exti.o
 .ARM.attributes
                0x0000083b       0x31 ..\obj\misc.o
 .ARM.attributes
                0x0000086c       0x31 ..\obj\stm32f4xx_rtc.o
 .ARM.attributes
                0x0000089d       0x31 ..\obj\mbascii.o
 .ARM.attributes
                0x000008ce       0x31 ..\obj\heap_2.o
 .ARM.attributes
                0x000008ff       0x31 ..\obj\controller.o
 .ARM.attributes
                0x00000930       0x31 ..\obj\stm32f4xx_tim.o
 .ARM.attributes
                0x00000961       0x31 ..\obj\power_detector.o
 .ARM.attributes
                0x00000992       0x1b c:/coocox/coide/gcc/sourcery g++ lite/bin/../lib/gcc/arm-none-eabi/4.5.1/thumb2\libgcc.a(_arm_addsubdf3.o)
 .ARM.attributes
                0x000009ad       0x1b c:/coocox/coide/gcc/sourcery g++ lite/bin/../lib/gcc/arm-none-eabi/4.5.1/thumb2\libgcc.a(_arm_muldivdf3.o)
 .ARM.attributes
                0x000009c8       0x1b c:/coocox/coide/gcc/sourcery g++ lite/bin/../lib/gcc/arm-none-eabi/4.5.1/thumb2\libgcc.a(_arm_truncdfsf2.o)
 .ARM.attributes
                0x000009e3       0x1b c:/coocox/coide/gcc/sourcery g++ lite/bin/../lib/gcc/arm-none-eabi/4.5.1/thumb2\libgcc.a(_arm_addsubsf3.o)
 .ARM.attributes
                0x000009fe       0x1b c:/coocox/coide/gcc/sourcery g++ lite/bin/../lib/gcc/arm-none-eabi/4.5.1/thumb2\libgcc.a(_arm_muldivsf3.o)
 .ARM.attributes
                0x00000a19       0x29 c:/coocox/coide/gcc/sourcery g++ lite/bin/../lib/gcc/arm-none-eabi/4.5.1/../../../../arm-none-eabi/lib/thumb2\libc.a(lib_a-memcmp.o)
 .ARM.attributes
                0x00000a42       0x29 c:/coocox/coide/gcc/sourcery g++ lite/bin/../lib/gcc/arm-none-eabi/4.5.1/../../../../arm-none-eabi/lib/thumb2\libc.a(lib_a-memcpy.o)
 .ARM.attributes
                0x00000a6b       0x29 c:/coocox/coide/gcc/sourcery g++ lite/bin/../lib/gcc/arm-none-eabi/4.5.1/../../../../arm-none-eabi/lib/thumb2\libc.a(lib_a-memset.o)

.debug_frame    0x00000000     0x45dc
 .debug_frame   0x00000000       0xbc ..\obj\stm32f4xx_syscfg.o
 .debug_frame   0x000000bc       0xb8 ..\obj\mbport.o
 .debug_frame   0x00000174       0xd4 ..\obj\mb.o
 .debug_frame   0x00000248       0x70 ..\obj\protocol.o
 .debug_frame   0x000002b8       0x30 ..\obj\mbfuncdisc.o
 .debug_frame   0x000002e8      0x280 ..\obj\core_cm3.o
 .debug_frame   0x00000568       0x64 ..\obj\portevent.o
 .debug_frame   0x000005cc       0x50 ..\obj\mbfuncother.o
 .debug_frame   0x0000061c      0x344 ..\obj\stm32f4xx_usart.o
 .debug_frame   0x00000960      0x15c ..\obj\stm32f4xx_pwr.o
 .debug_frame   0x00000abc       0x30 ..\obj\rtc.o
 .debug_frame   0x00000aec       0x68 ..\obj\mbutils.o
 .debug_frame   0x00000b54       0x48 ..\obj\startup_stm32f4xx.o
 .debug_frame   0x00000b9c       0x48 ..\obj\backup_sram.o
 .debug_frame   0x00000be4       0xb0 ..\obj\stm32f4xx_iwdg.o
 .debug_frame   0x00000c94       0x90 ..\obj\mbfuncholding.o
 .debug_frame   0x00000d24       0x9c ..\obj\main.o
 .debug_frame   0x00000dc0       0x2c ..\obj\mbcrc.o
 .debug_frame   0x00000dec      0x4d8 ..\obj\stm32f4xx_rcc.o
 .debug_frame   0x000012c4       0x30 ..\obj\mbfuncinput.o
 .debug_frame   0x000012f4      0x244 ..\obj\printf.o
 .debug_frame   0x00001538       0x50 ..\obj\watchdog.o
 .debug_frame   0x00001588      0x53c ..\obj\tasks.o
 .debug_frame   0x00001ac4       0x70 ..\obj\fram_i2c.o
 .debug_frame   0x00001b34      0x19c ..\obj\stm32f4xx_gpio.o
 .debug_frame   0x00001cd0      0x138 ..\obj\porttimer.o
 .debug_frame   0x00001e08      0x110 ..\obj\mbrtu.o
 .debug_frame   0x00001f18       0x9c ..\obj\list.o
 .debug_frame   0x00001fb4       0x64 ..\obj\system_stm32f4xx.o
 .debug_frame   0x00002018      0x108 ..\obj\syscalls.o
 .debug_frame   0x00002120      0x178 ..\obj\port.o
 .debug_frame   0x00002298      0x290 ..\obj\queue.o
 .debug_frame   0x00002528      0x1a4 ..\obj\portserial.o
 .debug_frame   0x000026cc       0xf0 ..\obj\croutine.o
 .debug_frame   0x000027bc      0x2d0 ..\obj\stm32f4xx_spi.o
 .debug_frame   0x00002a8c       0x70 ..\obj\mbfunccoils.o
 .debug_frame   0x00002afc      0x14c ..\obj\event_groups.o
 .debug_frame   0x00002c48      0x12c ..\obj\ADS1220.o
 .debug_frame   0x00002d74      0x3b4 ..\obj\stm32f4xx_i2c.o
 .debug_frame   0x00003128       0xa8 ..\obj\frequency.o
 .debug_frame   0x000031d0       0xec ..\obj\stm32f4xx_exti.o
 .debug_frame   0x000032bc       0x9c ..\obj\misc.o
 .debug_frame   0x00003358      0x670 ..\obj\stm32f4xx_rtc.o
 .debug_frame   0x000039c8       0x9c ..\obj\heap_2.o
 .debug_frame   0x00003a64       0x50 ..\obj\controller.o
 .debug_frame   0x00003ab4      0xa3c ..\obj\stm32f4xx_tim.o
 .debug_frame   0x000044f0       0x64 ..\obj\power_detector.o
 .debug_frame   0x00004554       0x2c c:/coocox/coide/gcc/sourcery g++ lite/bin/../lib/gcc/arm-none-eabi/4.5.1/../../../../arm-none-eabi/lib/thumb2\libc.a(lib_a-memcmp.o)
 .debug_frame   0x00004580       0x30 c:/coocox/coide/gcc/sourcery g++ lite/bin/../lib/gcc/arm-none-eabi/4.5.1/../../../../arm-none-eabi/lib/thumb2\libc.a(lib_a-memcpy.o)
 .debug_frame   0x000045b0       0x2c c:/coocox/coide/gcc/sourcery g++ lite/bin/../lib/gcc/arm-none-eabi/4.5.1/../../../../arm-none-eabi/lib/thumb2\libc.a(lib_a-memset.o)
