Archive member included because of file (symbol)

C:\Program Files\CooCox\CoIDE\gcc\Sourcery G++ Lite\arm-none-eabi\lib\armv7e-m\softfp\libc.a(lib_a-memcmp.o)
                              ..\obj\tasks.o (memcmp)
C:\Program Files\CooCox\CoIDE\gcc\Sourcery G++ Lite\arm-none-eabi\lib\armv7e-m\softfp\libc.a(lib_a-memcpy.o)
                              ..\obj\mbport.o (memcpy)
C:\Program Files\CooCox\CoIDE\gcc\Sourcery G++ Lite\arm-none-eabi\lib\armv7e-m\softfp\libc.a(lib_a-memset.o)
                              ..\obj\tasks.o (memset)
C:\Program Files\CooCox\CoIDE\gcc\Sourcery G++ Lite\arm-none-eabi\lib\armv7e-m\softfp\libm.a(lib_a-wf_sqrt.o)
                              ..\obj\ADS1220.o (sqrtf)
C:\Program Files\CooCox\CoIDE\gcc\Sourcery G++ Lite\arm-none-eabi\lib\armv7e-m\softfp\libm.a(lib_a-ef_sqrt.o)
                              C:\Program Files\CooCox\CoIDE\gcc\Sourcery G++ Lite\arm-none-eabi\lib\armv7e-m\softfp\libm.a(lib_a-wf_sqrt.o) (__ieee754_sqrtf)
C:\Program Files\CooCox\CoIDE\gcc\Sourcery G++ Lite\arm-none-eabi\lib\armv7e-m\softfp\libm.a(lib_a-s_lib_ver.o)
                              C:\Program Files\CooCox\CoIDE\gcc\Sourcery G++ Lite\arm-none-eabi\lib\armv7e-m\softfp\libm.a(lib_a-wf_sqrt.o) (__fdlib_version)
C:\Program Files\CooCox\CoIDE\gcc\Sourcery G++ Lite\arm-none-eabi\lib\armv7e-m\softfp\libm.a(lib_a-s_matherr.o)
                              C:\Program Files\CooCox\CoIDE\gcc\Sourcery G++ Lite\arm-none-eabi\lib\armv7e-m\softfp\libm.a(lib_a-wf_sqrt.o) (matherr)
C:\Program Files\CooCox\CoIDE\gcc\Sourcery G++ Lite\arm-none-eabi\lib\armv7e-m\softfp\libm.a(lib_a-sf_fpclassify.o)
                              C:\Program Files\CooCox\CoIDE\gcc\Sourcery G++ Lite\arm-none-eabi\lib\armv7e-m\softfp\libm.a(lib_a-wf_sqrt.o) (__fpclassifyf)
C:\Program Files\CooCox\CoIDE\gcc\Sourcery G++ Lite\arm-none-eabi\lib\armv7e-m\softfp\libgcc.a(_arm_addsubdf3.o)
                              ..\obj\ADS1220.o (__aeabi_dsub)
C:\Program Files\CooCox\CoIDE\gcc\Sourcery G++ Lite\arm-none-eabi\lib\armv7e-m\softfp\libgcc.a(_arm_muldivdf3.o)
                              ..\obj\ADS1220.o (__aeabi_dmul)
C:\Program Files\CooCox\CoIDE\gcc\Sourcery G++ Lite\arm-none-eabi\lib\armv7e-m\softfp\libgcc.a(_arm_truncdfsf2.o)
                              ..\obj\ADS1220.o (__aeabi_d2f)
C:\Program Files\CooCox\CoIDE\gcc\Sourcery G++ Lite\arm-none-eabi\lib\armv7e-m\softfp\libc.a(lib_a-errno.o)
                              C:\Program Files\CooCox\CoIDE\gcc\Sourcery G++ Lite\arm-none-eabi\lib\armv7e-m\softfp\libm.a(lib_a-wf_sqrt.o) (__errno)

Allocating common symbols
Common symbol       size              file

APP_Tx_Buffer       0x80              ..\obj\usbd_cdc_vcp.o
log_buf             0x80              ..\obj\log.o
stContext_RS232     0x174             ..\obj\protocol.o
stContext_RS485     0x174             ..\obj\protocol.o
stSettings          0x84              ..\obj\controller.o
usbd_cdc_OtherCfgDesc
                    0x43              ..\obj\usbd_cdc_core.o
APP_tx_ptr_tail     0x4               ..\obj\usbd_cdc_vcp.o
USB_Rx_Buffer       0x40              ..\obj\usbd_cdc_core.o
xMeasureDataMutex   0x4               ..\obj\controller.o
temp_char           0x1               ..\obj\portserial.o
stContext_USB_CDC   0x174             ..\obj\protocol.o
CmdBuff             0x8               ..\obj\usbd_cdc_core.o
xI2CBusMutex        0x4               ..\obj\fram_i2c.o
USB_OTG_dev         0x5f0             ..\obj\portserial.o
xFrequencySemaphore
                    0x8               ..\obj\frequency.o
xADC_SPI_Mutex      0x4               ..\obj\ADS1220.o
APP_Rx_Buffer       0x800             ..\obj\usbd_cdc_core.o
stMeasureData       0x60              ..\obj\controller.o
xSettingsMutex      0x4               ..\obj\controller.o
task_watches        0x50              ..\obj\watchdog.o
USBD_StrDesc        0x32              ..\obj\usbd_req.o
APP_tx_ptr_head     0x4               ..\obj\usbd_cdc_vcp.o

Discarded input sections

 .text          0x00000000        0x0 ..\obj\stm32f4xx_syscfg.o
 .data          0x00000000        0x0 ..\obj\stm32f4xx_syscfg.o
 .bss           0x00000000        0x0 ..\obj\stm32f4xx_syscfg.o
 .text.SYSCFG_DeInit
                0x00000000       0x20 ..\obj\stm32f4xx_syscfg.o
 .text.SYSCFG_MemoryRemapConfig
                0x00000000       0x20 ..\obj\stm32f4xx_syscfg.o
 .text.SYSCFG_EXTILineConfig
                0x00000000       0x98 ..\obj\stm32f4xx_syscfg.o
 .text.SYSCFG_ETH_MediaInterfaceConfig
                0x00000000       0x1c ..\obj\stm32f4xx_syscfg.o
 .text.SYSCFG_CompensationCellCmd
                0x00000000       0x20 ..\obj\stm32f4xx_syscfg.o
 .text.SYSCFG_GetCompensationCellStatus
                0x00000000       0x38 ..\obj\stm32f4xx_syscfg.o
 .debug_info    0x00000000      0x279 ..\obj\stm32f4xx_syscfg.o
 .debug_abbrev  0x00000000      0x133 ..\obj\stm32f4xx_syscfg.o
 .debug_loc     0x00000000      0x144 ..\obj\stm32f4xx_syscfg.o
 .debug_aranges
[...]
Memory Configuration

Name             Origin             Length             Attributes
rom              0x08000000         0x00100000         xr
ram              0x20000000         0x00020000         xrw
ram1             0x10000000         0x00010000         xrw
*default*        0x00000000         0xffffffff

Linker script and memory map

                0x20020000                _eram = 0x20020000

.text           0x08000000     0xea88
 *(.isr_vector)
 .isr_vector    0x08000000      0x188 ..\obj\startup_stm32f4xx.o
                0x08000000                g_pfnVectors
 *(.text*)
 .text.USB_OTG_EnableCommonInt
                0x08000188       0x44 ..\obj\usb_core.o
 .text.USB_OTG_CoreReset
                0x080001cc       0xa4 ..\obj\usb_core.o
 .text.USB_OTG_WritePacket
                0x08000270       0x84 ..\obj\usb_core.o
                0x08000270                USB_OTG_WritePacket
 .text.USB_OTG_ReadPacket
                0x080002f4       0x68 ..\obj\usb_core.o
                0x080002f4                USB_OTG_ReadPacket
 .text.USB_OTG_SelectCore
                0x0800035c      0x1b0 ..\obj\usb_core.o
                0x0800035c                USB_OTG_SelectCore
 .text.USB_OTG_CoreInit
                0x0800050c      0x1f8 ..\obj\usb_core.o
                0x0800050c                USB_OTG_CoreInit
 .text.USB_OTG_EnableGlobalInt
                0x08000704       0x3c ..\obj\usb_core.o
                0x08000704                USB_OTG_EnableGlobalInt
 .text.USB_OTG_DisableGlobalInt
                0x08000740       0x40 ..\obj\usb_core.o
                0x08000740                USB_OTG_DisableGlobalInt
 .text.USB_OTG_FlushTxFifo
                0x08000780       0x80 ..\obj\usb_core.o
                0x08000780                USB_OTG_FlushTxFifo
 .text.USB_OTG_FlushRxFifo
                0x08000800       0x6c ..\obj\usb_core.o
                0x08000800                USB_OTG_FlushRxFifo
 .text.USB_OTG_SetCurrentMode
                0x0800086c       0x64 ..\obj\usb_core.o
                0x0800086c                USB_OTG_SetCurrentMode
 .text.USB_OTG_GetMode
                0x080008d0       0x20 ..\obj\usb_core.o
                0x080008d0                USB_OTG_GetMode
 .text.USB_OTG_IsDeviceMode
                0x080008f0       0x24 ..\obj\usb_core.o
                0x080008f0                USB_OTG_IsDeviceMode
 .text.USB_OTG_ReadCoreItr
                0x08000914       0x30 ..\obj\usb_core.o
                0x08000914                USB_OTG_ReadCoreItr
 .text.USB_OTG_InitDevSpeed
                0x08000944       0x38 ..\obj\usb_core.o
                0x08000944                USB_OTG_InitDevSpeed
 .text.USB_OTG_CoreInitDev
                0x0800097c      0x2d8 ..\obj\usb_core.o
                0x0800097c                USB_OTG_CoreInitDev
 .text.USB_OTG_EnableDevInt
                0x08000c54       0xa4 ..\obj\usb_core.o
                0x08000c54                USB_OTG_EnableDevInt
 .text.USB_OTG_GetDeviceSpeed
                0x08000cf8       0x50 ..\obj\usb_core.o
                0x08000cf8                USB_OTG_GetDeviceSpeed
 .text.USB_OTG_EP0Activate
                0x08000d48       0x80 ..\obj\usb_core.o
                0x08000d48                USB_OTG_EP0Activate
 .text.USB_OTG_EPActivate
                0x08000dc8       0xf8 ..\obj\usb_core.o
                0x08000dc8                USB_OTG_EPActivate
 .text.USB_OTG_EPDeactivate
                0x08000ec0       0xa4 ..\obj\usb_core.o
                0x08000ec0                USB_OTG_EPDeactivate
 .text.USB_OTG_EPStartXfer
                0x08000f64      0x2d0 ..\obj\usb_core.o
                0x08000f64                USB_OTG_EPStartXfer
 .text.USB_OTG_EP0StartXfer
                0x08001234      0x200 ..\obj\usb_core.o
                0x08001234                USB_OTG_EP0StartXfer
 .text.USB_OTG_EPSetStall
                0x08001434       0x94 ..\obj\usb_core.o
                0x08001434                USB_OTG_EPSetStall
 .text.USB_OTG_EPClearStall
                0x080014c8       0x84 ..\obj\usb_core.o
                0x080014c8                USB_OTG_EPClearStall
 .text.USB_OTG_ReadDevAllOutEp_itr
                0x0800154c       0x30 ..\obj\usb_core.o
                0x0800154c                USB_OTG_ReadDevAllOutEp_itr
 .text.USB_OTG_ReadDevOutEP_itr
                0x0800157c       0x3c ..\obj\usb_core.o
                0x0800157c                USB_OTG_ReadDevOutEP_itr
 .text.USB_OTG_ReadDevAllInEPItr
                0x080015b8       0x34 ..\obj\usb_core.o
                0x080015b8                USB_OTG_ReadDevAllInEPItr
 .text.USB_OTG_EP0_OutStart
                0x080015ec       0x78 ..\obj\usb_core.o
                0x080015ec                USB_OTG_EP0_OutStart
 .text.USB_OTG_UngateClock
                0x08001664       0x54 ..\obj\usb_core.o
                0x08001664                USB_OTG_UngateClock
 .text.ENTER_CRITICAL_SECTION
                0x080016b8        0xc ..\obj\mbport.o
                0x080016b8                ENTER_CRITICAL_SECTION
 .text.EXIT_CRITICAL_SECTION
                0x080016c4        0xc ..\obj\mbport.o
                0x080016c4                EXIT_CRITICAL_SECTION
 .text.eMBRegInputCB
                0x080016d0      0x294 ..\obj\mbport.o
                0x080016d0                eMBRegInputCB
 .text.eMBRegHoldingCB
                0x08001964      0xa24 ..\obj\mbport.o
                0x08001964                eMBRegHoldingCB
 .text.eMBRegCoilsCB
                0x08002388       0x20 ..\obj\mbport.o
                0x08002388                eMBRegCoilsCB
 .text.eMBRegDiscreteCB
                0x080023a8       0x20 ..\obj\mbport.o
                0x080023a8                eMBRegDiscreteCB
 .text.eMBFileCB
                0x080023c8      0x16c ..\obj\mbport.o
                0x080023c8                eMBFileCB
 .text.eMBInit  0x08002534      0x100 ..\obj\mb.o
                0x08002534                eMBInit
 .text.eMBEnable
                0x08002634       0x50 ..\obj\mb.o
                0x08002634                eMBEnable
 .text.eMBPoll  0x08002684      0x1ac ..\obj\mb.o
                0x08002684                eMBPoll
 .text.Protocol_Init
                0x08002830      0x134 ..\obj\protocol.o
                0x08002830                Protocol_Init
 .text.Modbus_RS485_Task
                0x08002964       0x38 ..\obj\protocol.o
 .text.Modbus_RS232_Task
                0x0800299c       0x38 ..\obj\protocol.o
 .text.Modbus_USB_CDC_Task
                0x080029d4       0x38 ..\obj\protocol.o
 .text.eMBFuncReadDiscreteInputs
                0x08002a0c      0x130 ..\obj\mbfuncdisc.o
                0x08002a0c                eMBFuncReadDiscreteInputs
 .text.USBD_USR_Init
                0x08002b3c        0xc ..\obj\usbd_usr.o
                0x08002b3c                USBD_USR_Init
 .text.USBD_USR_DeviceReset
                0x08002b48       0x14 ..\obj\usbd_usr.o
                0x08002b48                USBD_USR_DeviceReset
 .text.USBD_USR_DeviceConfigured
                0x08002b5c        0xc ..\obj\usbd_usr.o
                0x08002b5c                USBD_USR_DeviceConfigured
 .text.USBD_USR_DeviceSuspended
                0x08002b68        0xc ..\obj\usbd_usr.o
                0x08002b68                USBD_USR_DeviceSuspended
 .text.USBD_USR_DeviceResumed
                0x08002b74        0xc ..\obj\usbd_usr.o
                0x08002b74                USBD_USR_DeviceResumed
 .text.xMBPortEventInit
                0x08002b80       0x20 ..\obj\portevent.o
                0x08002b80                xMBPortEventInit
 .text.xMBPortEventPost
                0x08002ba0       0x2c ..\obj\portevent.o
                0x08002ba0                xMBPortEventPost
 .text.xMBPortEventGet
                0x08002bcc       0x60 ..\obj\portevent.o
                0x08002bcc                xMBPortEventGet
 .text.eMBFuncReportSlaveID
                0x08002c2c       0x44 ..\obj\mbfuncother.o
                0x08002c2c                eMBFuncReportSlaveID
 .text.USART_Init
                0x08002c70      0x19c ..\obj\stm32f4xx_usart.o
                0x08002c70                USART_Init
 .text.USART_Cmd
                0x08002e0c       0x40 ..\obj\stm32f4xx_usart.o
                0x08002e0c                USART_Cmd
 .text.USART_SendData
                0x08002e4c       0x28 ..\obj\stm32f4xx_usart.o
                0x08002e4c                USART_SendData
 .text.USART_ReceiveData
                0x08002e74       0x24 ..\obj\stm32f4xx_usart.o
                0x08002e74                USART_ReceiveData
 .text.USART_ITConfig
                0x08002e98       0xa4 ..\obj\stm32f4xx_usart.o
                0x08002e98                USART_ITConfig
 .text.USART_GetFlagStatus
                0x08002f3c       0x40 ..\obj\stm32f4xx_usart.o
                0x08002f3c                USART_GetFlagStatus
 .text.USART_ClearFlag
                0x08002f7c       0x24 ..\obj\stm32f4xx_usart.o
                0x08002f7c                USART_ClearFlag
 .text.USART_GetITStatus
                0x08002fa0       0xc4 ..\obj\stm32f4xx_usart.o
                0x08002fa0                USART_GetITStatus
 .text.PWR_BackupAccessCmd
                0x08003064       0x20 ..\obj\stm32f4xx_pwr.o
                0x08003064                PWR_BackupAccessCmd
 .text.RTC_Clock_Init
                0x08003084       0x94 ..\obj\rtc.o
                0x08003084                RTC_Clock_Init
 .text.prveMBError2Exception
                0x08003118       0x48 ..\obj\mbutils.o
                0x08003118                prveMBError2Exception
 .text.Default_Reset_Handler
                0x08003160       0x74 ..\obj\startup_stm32f4xx.o
                0x08003160                Default_Reset_Handler
                0x08003160                Reset_Handler
 .text.Default_Handler
                0x080031d4        0x8 ..\obj\startup_stm32f4xx.o
                0x080031d4                RTC_Alarm_IRQHandler
                0x080031d4                HASH_RNG_IRQHandler
                0x080031d4                EXTI2_IRQHandler
                0x080031d4                TIM8_CC_IRQHandler
                0x080031d4                DebugMon_Handler
                0x080031d4                TIM1_CC_IRQHandler
                0x080031d4                DMA2_Stream5_IRQHandler
                0x080031d4                HardFault_Handler
                0x080031d4                DMA1_Stream5_IRQHandler
                0x080031d4                SDIO_IRQHandler
                0x080031d4                TAMP_STAMP_IRQHandler
                0x080031d4                NMI_Handler
                0x080031d4                CAN2_RX1_IRQHandler
                0x080031d4                EXTI3_IRQHandler
                0x080031d4                TIM8_TRG_COM_TIM14_IRQHandler
                0x080031d4                TIM8_UP_TIM13_IRQHandler
                0x080031d4                I2C3_ER_IRQHandler
                0x080031d4                EXTI0_IRQHandler
                0x080031d4                I2C2_EV_IRQHandler
                0x080031d4                DMA1_Stream2_IRQHandler
                0x080031d4                CAN1_RX0_IRQHandler
                0x080031d4                FPU_IRQHandler
                0x080031d4                OTG_HS_WKUP_IRQHandler
                0x080031d4                UsageFault_Handler
                0x080031d4                CAN2_SCE_IRQHandler
                0x080031d4                DMA2_Stream2_IRQHandler
                0x080031d4                SPI1_IRQHandler
                0x080031d4                TIM6_DAC_IRQHandler
                0x080031d4                TIM1_BRK_TIM9_IRQHandler
                0x080031d4                DCMI_IRQHandler
                0x080031d4                CAN2_RX0_IRQHandler
                0x080031d4                DMA2_Stream3_IRQHandler
                0x080031d4                CRYP_IRQHandler
                0x080031d4                CAN1_RX1_IRQHandler
                0x080031d4                UART5_IRQHandler
                0x080031d4                DMA2_Stream0_IRQHandler
                0x080031d4                I2C1_EV_IRQHandler
                0x080031d4                DMA1_Stream6_IRQHandler
                0x080031d4                DMA1_Stream1_IRQHandler
                0x080031d4                UART4_IRQHandler
                0x080031d4                TIM3_IRQHandler
                0x080031d4                RCC_IRQHandler
                0x080031d4                TIM8_BRK_TIM12_IRQHandler
                0x080031d4                EXTI15_10_IRQHandler
                0x080031d4                ADC_IRQHandler
                0x080031d4                DMA1_Stream7_IRQHandler
                0x080031d4                TIM7_IRQHandler
                0x080031d4                CAN2_TX_IRQHandler
                0x080031d4                DMA2_Stream7_IRQHandler
                0x080031d4                I2C3_EV_IRQHandler
                0x080031d4                EXTI9_5_IRQHandler
                0x080031d4                RTC_WKUP_IRQHandler
                0x080031d4                ETH_WKUP_IRQHandler
                0x080031d4                SPI2_IRQHandler
                0x080031d4                OTG_HS_EP1_IN_IRQHandler
                0x080031d4                MemManage_Handler
                0x080031d4                DMA1_Stream0_IRQHandler
                0x080031d4                CAN1_TX_IRQHandler
                0x080031d4                EXTI4_IRQHandler
                0x080031d4                FSMC_IRQHandler
                0x080031d4                ETH_IRQHandler
                0x080031d4                OTG_HS_EP1_OUT_IRQHandler
                0x080031d4                WWDG_IRQHandler
                0x080031d4                TIM1_TRG_COM_TIM11_IRQHandler
                0x080031d4                OTG_HS_IRQHandler
                0x080031d4                EXTI1_IRQHandler
                0x080031d4                USART2_IRQHandler
                0x080031d4                I2C2_ER_IRQHandler
                0x080031d4                DMA2_Stream1_IRQHandler
                0x080031d4                CAN1_SCE_IRQHandler
                0x080031d4                FLASH_IRQHandler
                0x080031d4                DMA2_Stream4_IRQHandler
                0x080031d4                BusFault_Handler
                0x080031d4                USART1_IRQHandler
                0x080031d4                SPI3_IRQHandler
                0x080031d4                DMA1_Stream4_IRQHandler
                0x080031d4                I2C1_ER_IRQHandler
                0x080031d4                DMA2_Stream6_IRQHandler
                0x080031d4                DMA1_Stream3_IRQHandler
 .text.eMBFuncWriteHoldingRegister
                0x080031dc       0x80 ..\obj\mbfuncholding.o
                0x080031dc                eMBFuncWriteHoldingRegister
 .text.eMBFuncWriteMultipleHoldingRegister
                0x0800325c       0xd4 ..\obj\mbfuncholding.o
                0x0800325c                eMBFuncWriteMultipleHoldingRegister
 .text.eMBFuncReadHoldingRegister
                0x08003330      0x10c ..\obj\mbfuncholding.o
                0x08003330                eMBFuncReadHoldingRegister
 .text.eMBFuncReadWriteMultipleHoldingRegister
                0x0800343c      0x194 ..\obj\mbfuncholding.o
                0x0800343c                eMBFuncReadWriteMultipleHoldingRegister
 .text.USBD_Init
                0x080035d0       0x58 ..\obj\usbd_core.o
                0x080035d0                USBD_Init
 .text.USBD_DeInit
                0x08003628       0x18 ..\obj\usbd_core.o
                0x08003628                USBD_DeInit
 .text.USBD_SetupStage
                0x08003640       0x70 ..\obj\usbd_core.o
 .text.USBD_DataOutStage
                0x080036b0       0xd4 ..\obj\usbd_core.o
 .text.USBD_DataInStage
                0x08003784      0x114 ..\obj\usbd_core.o
 .text.USBD_Reset
                0x08003898       0x54 ..\obj\usbd_core.o
 .text.USBD_Resume
                0x080038ec       0x2c ..\obj\usbd_core.o
 .text.USBD_Suspend
                0x08003918       0x2c ..\obj\usbd_core.o
 .text.USBD_SOF
                0x08003944       0x30 ..\obj\usbd_core.o
 .text.USBD_SetCfg
                0x08003974       0x34 ..\obj\usbd_core.o
                0x08003974                USBD_SetCfg
 .text.USBD_ClrCfg
                0x080039a8       0x2c ..\obj\usbd_core.o
                0x080039a8                USBD_ClrCfg
 .text.USBD_IsoINIncomplete
                0x080039d4       0x24 ..\obj\usbd_core.o
 .text.USBD_IsoOUTIncomplete
                0x080039f8       0x24 ..\obj\usbd_core.o
 .text.main     0x08003a1c       0x14 ..\obj\main.o
                0x08003a1c                main
 .text.vApplicationMallocFailedHook
                0x08003a30        0x8 ..\obj\main.o
                0x08003a30                vApplicationMallocFailedHook
 .text.vApplicationStackOverflowHook
                0x08003a38        0xc ..\obj\main.o
                0x08003a38                vApplicationStackOverflowHook
 .text.vApplicationIdleHook
                0x08003a44       0x18 ..\obj\main.o
                0x08003a44                vApplicationIdleHook
 .text.usMBCRC16
                0x08003a5c       0x84 ..\obj\mbcrc.o
                0x08003a5c                usMBCRC16
 .text.RCC_LSEConfig
                0x08003ae0       0x4c ..\obj\stm32f4xx_rcc.o
                0x08003ae0                RCC_LSEConfig
 .text.RCC_GetClocksFreq
                0x08003b2c      0x178 ..\obj\stm32f4xx_rcc.o
                0x08003b2c                RCC_GetClocksFreq
 .text.RCC_RTCCLKConfig
                0x08003ca4       0x60 ..\obj\stm32f4xx_rcc.o
                0x08003ca4                RCC_RTCCLKConfig
 .text.RCC_RTCCLKCmd
                0x08003d04       0x20 ..\obj\stm32f4xx_rcc.o
                0x08003d04                RCC_RTCCLKCmd
 .text.RCC_AHB1PeriphClockCmd
                0x08003d24       0x40 ..\obj\stm32f4xx_rcc.o
                0x08003d24                RCC_AHB1PeriphClockCmd
 .text.RCC_AHB2PeriphClockCmd
                0x08003d64       0x40 ..\obj\stm32f4xx_rcc.o
                0x08003d64                RCC_AHB2PeriphClockCmd
 .text.RCC_APB1PeriphClockCmd
                0x08003da4       0x40 ..\obj\stm32f4xx_rcc.o
                0x08003da4                RCC_APB1PeriphClockCmd
 .text.RCC_APB2PeriphClockCmd
                0x08003de4       0x40 ..\obj\stm32f4xx_rcc.o
                0x08003de4                RCC_APB2PeriphClockCmd
 .text.RCC_APB1PeriphResetCmd
                0x08003e24       0x40 ..\obj\stm32f4xx_rcc.o
                0x08003e24                RCC_APB1PeriphResetCmd
 .text.RCC_GetFlagStatus
                0x08003e64       0x80 ..\obj\stm32f4xx_rcc.o
                0x08003e64                RCC_GetFlagStatus
 .text.eMBFuncReadFile
                0x08003ee4      0x260 ..\obj\mbfuncfile.o
                0x08003ee4                eMBFuncReadFile
 .text.Log_Read_LogEntry
                0x08004144       0x58 ..\obj\log.o
                0x08004144                Log_Read_LogEntry
 .text.eMBFuncReadInputRegister
                0x0800419c      0x110 ..\obj\mbfuncinput.o
                0x0800419c                eMBFuncReadInputRegister
 .text.Watchdog_SetTaskStatus
                0x080042ac       0x30 ..\obj\watchdog.o
                0x080042ac                Watchdog_SetTaskStatus
 .text.Watchdog_IncrementCouter
                0x080042dc       0x30 ..\obj\watchdog.o
                0x080042dc                Watchdog_IncrementCouter
 .text.xTaskGenericCreate
                0x0800430c      0x170 ..\obj\tasks.o
                0x0800430c                xTaskGenericCreate
 .text.vTaskDelay
                0x0800447c       0x90 ..\obj\tasks.o
                0x0800447c                vTaskDelay
 .text.vTaskStartScheduler
                0x0800450c       0x74 ..\obj\tasks.o
                0x0800450c                vTaskStartScheduler
 .text.vTaskSuspendAll
                0x08004580       0x1c ..\obj\tasks.o
                0x08004580                vTaskSuspendAll
 .text.xTaskResumeAll
                0x0800459c      0x124 ..\obj\tasks.o
                0x0800459c                xTaskResumeAll
 .text.xTaskIncrementTick
                0x080046c0      0x198 ..\obj\tasks.o
                0x080046c0                xTaskIncrementTick
 .text.vTaskSwitchContext
                0x08004858      0x104 ..\obj\tasks.o
                0x08004858                vTaskSwitchContext
 .text.vTaskPlaceOnEventList
                0x0800495c       0x98 ..\obj\tasks.o
                0x0800495c                vTaskPlaceOnEventList
 .text.xTaskRemoveFromEventList
                0x080049f4       0xcc ..\obj\tasks.o
                0x080049f4                xTaskRemoveFromEventList
 .text.vTaskSetTimeOutState
                0x08004ac0       0x34 ..\obj\tasks.o
                0x08004ac0                vTaskSetTimeOutState
 .text.xTaskCheckForTimeOut
                0x08004af4       0xac ..\obj\tasks.o
                0x08004af4                xTaskCheckForTimeOut
 .text.vTaskMissedYield
                0x08004ba0       0x18 ..\obj\tasks.o
                0x08004ba0                vTaskMissedYield
 .text.prvIdleTask
                0x08004bb8       0x24 ..\obj\tasks.o
 .text.prvInitialiseTCBVariables
                0x08004bdc       0xbc ..\obj\tasks.o
 .text.prvInitialiseTaskLists
                0x08004c98       0x88 ..\obj\tasks.o
 .text.prvCheckTasksWaitingTermination
                0x08004d20       0x7c ..\obj\tasks.o
 .text.prvAddCurrentTaskToDelayedList
                0x08004d9c       0x70 ..\obj\tasks.o
 .text.prvAllocateTCBAndStack
                0x08004e0c       0x7c ..\obj\tasks.o
 .text.prvDeleteTCB
                0x08004e88       0x20 ..\obj\tasks.o
 .text.prvResetNextTaskUnblockTime
                0x08004ea8       0x4c ..\obj\tasks.o
 .text.vTaskPriorityInherit
                0x08004ef4      0x108 ..\obj\tasks.o
                0x08004ef4                vTaskPriorityInherit
 .text.xTaskPriorityDisinherit
                0x08004ffc       0xf4 ..\obj\tasks.o
                0x08004ffc                xTaskPriorityDisinherit
 .text.pvTaskIncrementMutexHeldCount
                0x080050f0       0x28 ..\obj\tasks.o
                0x080050f0                pvTaskIncrementMutexHeldCount
 .text.USBD_USR_DeviceDescriptor
                0x08005118       0x28 ..\obj\usbd_desc.o
                0x08005118                USBD_USR_DeviceDescriptor
 .text.USBD_USR_LangIDStrDescriptor
                0x08005140       0x28 ..\obj\usbd_desc.o
                0x08005140                USBD_USR_LangIDStrDescriptor
 .text.USBD_USR_ProductStrDescriptor
                0x08005168       0x40 ..\obj\usbd_desc.o
                0x08005168                USBD_USR_ProductStrDescriptor
 .text.USBD_USR_ManufacturerStrDescriptor
                0x080051a8       0x2c ..\obj\usbd_desc.o
                0x080051a8                USBD_USR_ManufacturerStrDescriptor
 .text.USBD_USR_SerialStrDescriptor
                0x080051d4       0x40 ..\obj\usbd_desc.o
                0x080051d4                USBD_USR_SerialStrDescriptor
 .text.USBD_USR_ConfigStrDescriptor
                0x08005214       0x3c ..\obj\usbd_desc.o
                0x08005214                USBD_USR_ConfigStrDescriptor
 .text.USBD_USR_InterfaceStrDescriptor
                0x08005250       0x3c ..\obj\usbd_desc.o
                0x08005250                USBD_USR_InterfaceStrDescriptor
 .text.FRAM_I2C_Init
                0x0800528c       0xc8 ..\obj\fram_i2c.o
                0x0800528c                FRAM_I2C_Init
 .text.FRAM_I2C_Reset
                0x08005354      0x198 ..\obj\fram_i2c.o
                0x08005354                FRAM_I2C_Reset
 .text.FRAM_I2C_Read_Buffer
                0x080054ec      0x6bc ..\obj\fram_i2c.o
                0x080054ec                FRAM_I2C_Read_Buffer
 .text.FRAM_I2C_Write_Buffer
                0x08005ba8      0x28c ..\obj\fram_i2c.o
                0x08005ba8                FRAM_I2C_Write_Buffer
 .text.FRAM_Read_Settings
                0x08005e34       0xa8 ..\obj\fram_i2c.o
                0x08005e34                FRAM_Read_Settings
 .text.FRAM_Write_Settings
                0x08005edc       0x74 ..\obj\fram_i2c.o
                0x08005edc                FRAM_Write_Settings
 .text.GPIO_Init
                0x08005f50      0x144 ..\obj\stm32f4xx_gpio.o
                0x08005f50                GPIO_Init
 .text.GPIO_ReadInputDataBit
                0x08006094       0x3c ..\obj\stm32f4xx_gpio.o
                0x08006094                GPIO_ReadInputDataBit
 .text.GPIO_PinAFConfig
                0x080060d0       0xa8 ..\obj\stm32f4xx_gpio.o
                0x080060d0                GPIO_PinAFConfig
 .text.RS485TimersInit
                0x08006178       0xc4 ..\obj\porttimer.o
                0x08006178                RS485TimersInit
 .text.RS485TimersEnable
                0x0800623c       0x38 ..\obj\porttimer.o
                0x0800623c                RS485TimersEnable
 .text.RS485TimersDisable
                0x08006274       0x38 ..\obj\porttimer.o
                0x08006274                RS485TimersDisable
 .text.TIM4_IRQHandler
                0x080062ac       0x38 ..\obj\porttimer.o
                0x080062ac                TIM4_IRQHandler
 .text.RS485TimerContextInit
                0x080062e4       0x54 ..\obj\porttimer.o
                0x080062e4                RS485TimerContextInit
 .text.RS232TimersInit
                0x08006338       0xc4 ..\obj\porttimer.o
                0x08006338                RS232TimersInit
 .text.RS232TimersEnable
                0x080063fc       0x38 ..\obj\porttimer.o
                0x080063fc                RS232TimersEnable
 .text.RS232TimersDisable
                0x08006434       0x38 ..\obj\porttimer.o
                0x08006434                RS232TimersDisable
 .text.TIM5_IRQHandler
                0x0800646c       0x38 ..\obj\porttimer.o
                0x0800646c                TIM5_IRQHandler
 .text.RS232TimerContextInit
                0x080064a4       0x54 ..\obj\porttimer.o
                0x080064a4                RS232TimerContextInit
 .text.USB_CDC_TimersInit
                0x080064f8       0xc4 ..\obj\porttimer.o
                0x080064f8                USB_CDC_TimersInit
 .text.USB_CDC_TimersEnable
                0x080065bc       0x38 ..\obj\porttimer.o
                0x080065bc                USB_CDC_TimersEnable
 .text.USB_CDC_TimersDisable
                0x080065f4       0x38 ..\obj\porttimer.o
                0x080065f4                USB_CDC_TimersDisable
 .text.TIM1_UP_TIM10_IRQHandler
                0x0800662c       0x38 ..\obj\porttimer.o
                0x0800662c                TIM1_UP_TIM10_IRQHandler
 .text.USB_CDC_TimerContextInit
                0x08006664       0x54 ..\obj\porttimer.o
                0x08006664                USB_CDC_TimerContextInit
 .text.VCP_Init
                0x080066b8       0x10 ..\obj\usbd_cdc_vcp.o
 .text.VCP_DeInit
                0x080066c8       0x10 ..\obj\usbd_cdc_vcp.o
 .text.VCP_Ctrl
                0x080066d8       0xbc ..\obj\usbd_cdc_vcp.o
 .text.VCP_DataTx
                0x08006794       0x68 ..\obj\usbd_cdc_vcp.o
                0x08006794                VCP_DataTx
 .text.VCP_DataRx
                0x080067fc       0x7c ..\obj\usbd_cdc_vcp.o
                0x080067fc                VCP_DataRx
 .text.VCP_get_char
                0x08006878       0x60 ..\obj\usbd_cdc_vcp.o
                0x08006878                VCP_get_char
 .text.eMBRTUInit
                0x080068d8       0x84 ..\obj\mbrtu.o
                0x080068d8                eMBRTUInit
 .text.eMBRTUStart
                0x0800695c       0x38 ..\obj\mbrtu.o
                0x0800695c                eMBRTUStart
 .text.eMBRTUStop
                0x08006994       0x30 ..\obj\mbrtu.o
                0x08006994                eMBRTUStop
 .text.eMBRTUReceive
                0x080069c4       0x8c ..\obj\mbrtu.o
                0x080069c4                eMBRTUReceive
 .text.eMBRTUSend
                0x08006a50       0xe8 ..\obj\mbrtu.o
                0x08006a50                eMBRTUSend
 .text.xMBRTUReceiveFSM
                0x08006b38       0xd0 ..\obj\mbrtu.o
                0x08006b38                xMBRTUReceiveFSM
 .text.xMBRTUTransmitFSM
                0x08006c08       0xb0 ..\obj\mbrtu.o
                0x08006c08                xMBRTUTransmitFSM
 .text.xMBRTUTimerT35Expired
                0x08006cb8       0x60 ..\obj\mbrtu.o
                0x08006cb8                xMBRTUTimerT35Expired
 .text.vListInitialise
                0x08006d18       0x40 ..\obj\list.o
                0x08006d18                vListInitialise
 .text.vListInitialiseItem
                0x08006d58       0x1c ..\obj\list.o
                0x08006d58                vListInitialiseItem
 .text.vListInsertEnd
                0x08006d74       0x48 ..\obj\list.o
                0x08006d74                vListInsertEnd
 .text.vListInsert
                0x08006dbc       0x74 ..\obj\list.o
                0x08006dbc                vListInsert
 .text.uxListRemove
                0x08006e30       0x58 ..\obj\list.o
                0x08006e30                uxListRemove
 .text.SystemInit
                0x08006e88       0x6c ..\obj\system_stm32f4xx.o
                0x08006e88                SystemInit
 .text.SetSysClock
                0x08006ef4      0x100 ..\obj\system_stm32f4xx.o
 .text.USB_OTG_BSP_Init
                0x08006ff4       0xcc ..\obj\usb_bsp.o
                0x08006ff4                USB_OTG_BSP_Init
 .text.USB_OTG_BSP_EnableInterrupt
                0x080070c0       0x3c ..\obj\usb_bsp.o
                0x080070c0                USB_OTG_BSP_EnableInterrupt
 .text.USB_OTG_BSP_uDelay
                0x080070fc       0x58 ..\obj\usb_bsp.o
                0x080070fc                USB_OTG_BSP_uDelay
 .text.USB_OTG_BSP_mDelay
                0x08007154       0x20 ..\obj\usb_bsp.o
                0x08007154                USB_OTG_BSP_mDelay
 .text.OTG_FS_WKUP_IRQHandler
                0x08007174       0x34 ..\obj\usb_bsp.o
                0x08007174                OTG_FS_WKUP_IRQHandler
 .text.OTG_FS_IRQHandler
                0x080071a8       0x10 ..\obj\usb_bsp.o
                0x080071a8                OTG_FS_IRQHandler
 .text.USBD_StdDevReq
                0x080071b8       0xa4 ..\obj\usbd_req.o
                0x080071b8                USBD_StdDevReq
 .text.USBD_StdItfReq
                0x0800725c       0x6c ..\obj\usbd_req.o
                0x0800725c                USBD_StdItfReq
 .text.USBD_StdEPReq
                0x080072c8      0x1c8 ..\obj\usbd_req.o
                0x080072c8                USBD_StdEPReq
 .text.USBD_GetDescriptor
                0x08007490      0x1c8 ..\obj\usbd_req.o
 .text.USBD_SetAddress
                0x08007658       0x80 ..\obj\usbd_req.o
 .text.USBD_SetConfig
                0x080076d8       0xf8 ..\obj\usbd_req.o
 .text.USBD_GetConfig
                0x080077d0       0x64 ..\obj\usbd_req.o
 .text.USBD_GetStatus
                0x08007834       0x58 ..\obj\usbd_req.o
 .text.USBD_SetFeature
                0x0800788c       0xe0 ..\obj\usbd_req.o
 .text.USBD_ClrFeature
                0x0800796c       0x58 ..\obj\usbd_req.o
 .text.USBD_ParseSetupRequest
                0x080079c4       0x94 ..\obj\usbd_req.o
                0x080079c4                USBD_ParseSetupRequest
 .text.USBD_CtlError
                0x08007a58       0x50 ..\obj\usbd_req.o
                0x08007a58                USBD_CtlError
 .text.USBD_GetString
                0x08007aa8       0x9c ..\obj\usbd_req.o
                0x08007aa8                USBD_GetString
 .text.USBD_GetLen
                0x08007b44       0x38 ..\obj\usbd_req.o
 .text.pxPortInitialiseStack
                0x08007b7c       0x60 ..\obj\port.o
                0x08007b7c                pxPortInitialiseStack
 .text.prvTaskExitError
                0x08007bdc       0x20 ..\obj\port.o
 .text.SVC_Handler
                0x08007bfc       0x24 ..\obj\port.o
                0x08007bfc                SVC_Handler
 .text.prvPortStartFirstTask
                0x08007c20       0x20 ..\obj\port.o
 .text.xPortStartScheduler
                0x08007c40       0xcc ..\obj\port.o
                0x08007c40                xPortStartScheduler
 .text.vPortYield
                0x08007d0c       0x20 ..\obj\port.o
                0x08007d0c                vPortYield
 .text.vPortEnterCritical
                0x08007d2c       0x40 ..\obj\port.o
                0x08007d2c                vPortEnterCritical
 .text.vPortExitCritical
                0x08007d6c       0x34 ..\obj\port.o
                0x08007d6c                vPortExitCritical
 .text.ulPortSetInterruptMask
                0x08007da0       0x14 ..\obj\port.o
                0x08007da0                ulPortSetInterruptMask
 .text.vPortClearInterruptMask
                0x08007db4        0x8 ..\obj\port.o
                0x08007db4                vPortClearInterruptMask
 .text.PendSV_Handler
                0x08007dbc       0x44 ..\obj\port.o
                0x08007dbc                PendSV_Handler
 .text.SysTick_Handler
                0x08007e00       0x28 ..\obj\port.o
                0x08007e00                SysTick_Handler
 .text.vPortSetupTimerInterrupt
                0x08007e28       0x24 ..\obj\port.o
                0x08007e28                vPortSetupTimerInterrupt
 .text.vPortValidateInterruptPriority
                0x08007e4c       0x5c ..\obj\port.o
                0x08007e4c                vPortValidateInterruptPriority
 .text.xQueueGenericReset
                0x08007ea8       0xc0 ..\obj\queue.o
                0x08007ea8                xQueueGenericReset
 .text.xQueueGenericCreate
                0x08007f68       0xa0 ..\obj\queue.o
                0x08007f68                xQueueGenericCreate
 .text.xQueueCreateMutex
                0x08008008       0xa4 ..\obj\queue.o
                0x08008008                xQueueCreateMutex
 .text.xQueueGenericSend
                0x080080ac      0x188 ..\obj\queue.o
                0x080080ac                xQueueGenericSend
 .text.xQueueGiveFromISR
                0x08008234       0xac ..\obj\queue.o
                0x08008234                xQueueGiveFromISR
 .text.xQueueGenericReceive
                0x080082e0      0x1b8 ..\obj\queue.o
                0x080082e0                xQueueGenericReceive
 .text.prvCopyDataToQueue
                0x08008498       0xe8 ..\obj\queue.o
 .text.prvCopyDataFromQueue
                0x08008580       0x50 ..\obj\queue.o
 .text.prvUnlockQueue
                0x080085d0       0xa0 ..\obj\queue.o
 .text.prvIsQueueEmpty
                0x08008670       0x34 ..\obj\queue.o
 .text.prvIsQueueFull
                0x080086a4       0x38 ..\obj\queue.o
 .text.USBD_OTG_ISR_Handler
                0x080086dc      0x164 ..\obj\usb_dcd_int.o
                0x080086dc                USBD_OTG_ISR_Handler
 .text.DCD_HandleResume_ISR
                0x08008840       0x88 ..\obj\usb_dcd_int.o
 .text.DCD_HandleUSBSuspend_ISR
                0x080088c8       0xa4 ..\obj\usb_dcd_int.o
 .text.DCD_HandleInEP_ISR
                0x0800896c      0x22c ..\obj\usb_dcd_int.o
 .text.DCD_HandleOutEP_ISR
                0x08008b98      0x1a8 ..\obj\usb_dcd_int.o
 .text.DCD_HandleSof_ISR
                0x08008d40       0x3c ..\obj\usb_dcd_int.o
 .text.DCD_HandleRxStatusQueueLevel_ISR
                0x08008d7c      0x114 ..\obj\usb_dcd_int.o
 .text.DCD_WriteEmptyTxFifo
                0x08008e90      0x130 ..\obj\usb_dcd_int.o
 .text.DCD_HandleUsbReset_ISR
                0x08008fc0      0x16c ..\obj\usb_dcd_int.o
 .text.DCD_HandleEnumDone_ISR
                0x0800912c       0x88 ..\obj\usb_dcd_int.o
 .text.DCD_IsoINIncomplete_ISR
                0x080091b4       0x3c ..\obj\usb_dcd_int.o
 .text.DCD_IsoOUTIncomplete_ISR
                0x080091f0       0x3c ..\obj\usb_dcd_int.o
 .text.DCD_ReadDevInEP
                0x0800922c       0x58 ..\obj\usb_dcd_int.o
 .text.NVIC_EnableIRQ
                0x08009284       0x34 ..\obj\portserial.o
 .text.RS485SerialEnable
                0x080092b8      0x10c ..\obj\portserial.o
                0x080092b8                RS485SerialEnable
 .text.RS485SerialInit
                0x080093c4      0x150 ..\obj\portserial.o
                0x080093c4                RS485SerialInit
 .text.RS485SerialPutByte
                0x08009514       0x3c ..\obj\portserial.o
                0x08009514                RS485SerialPutByte
 .text.RS485SerialGetByte
                0x08009550       0x34 ..\obj\portserial.o
                0x08009550                RS485SerialGetByte
 .text.USART3_IRQHandler
                0x08009584       0x90 ..\obj\portserial.o
                0x08009584                USART3_IRQHandler
 .text.RS485SerialContextInit
                0x08009614       0x60 ..\obj\portserial.o
                0x08009614                RS485SerialContextInit
 .text.RS232SerialEnable
                0x08009674       0x88 ..\obj\portserial.o
                0x08009674                RS232SerialEnable
 .text.RS232SerialInit
                0x080096fc      0x11c ..\obj\portserial.o
                0x080096fc                RS232SerialInit
 .text.RS232SerialPutByte
                0x08009818       0x3c ..\obj\portserial.o
                0x08009818                RS232SerialPutByte
 .text.RS232SerialGetByte
                0x08009854       0x34 ..\obj\portserial.o
                0x08009854                RS232SerialGetByte
 .text.USART6_IRQHandler
                0x08009888       0x90 ..\obj\portserial.o
                0x08009888                USART6_IRQHandler
 .text.RS232SerialContextInit
                0x08009918       0x60 ..\obj\portserial.o
                0x08009918                RS232SerialContextInit
 .text.USB_CDC_SerialPutByte
                0x08009978       0x3c ..\obj\portserial.o
                0x08009978                USB_CDC_SerialPutByte
 .text.USB_CDC_SerialGetByte
                0x080099b4       0x28 ..\obj\portserial.o
                0x080099b4                USB_CDC_SerialGetByte
 .text.USB_CDC_SerialInit
                0x080099dc       0x80 ..\obj\portserial.o
                0x080099dc                USB_CDC_SerialInit
 .text.USB_CDC_SerialEnable
                0x08009a5c       0x44 ..\obj\portserial.o
                0x08009a5c                USB_CDC_SerialEnable
 .text.USB_CDC_SerialContextInit
                0x08009aa0       0x60 ..\obj\portserial.o
                0x08009aa0                USB_CDC_SerialContextInit
 .text.USB_CDC_Task
                0x08009b00       0x44 ..\obj\portserial.o
 .text.usbd_cdc_Init
                0x08009b44       0xc0 ..\obj\usbd_cdc_core.o
 .text.usbd_cdc_DeInit
                0x08009c04       0x44 ..\obj\usbd_cdc_core.o
 .text.usbd_cdc_Setup
                0x08009c48      0x138 ..\obj\usbd_cdc_core.o
 .text.usbd_cdc_EP0_RxReady
                0x08009d80       0x48 ..\obj\usbd_cdc_core.o
 .text.usbd_cdc_DataIn
                0x08009dc8       0xd4 ..\obj\usbd_cdc_core.o
 .text.usbd_cdc_DataOut
                0x08009e9c       0x60 ..\obj\usbd_cdc_core.o
 .text.usbd_cdc_SOF
                0x08009efc       0x44 ..\obj\usbd_cdc_core.o
 .text.Handle_USBAsynchXfer
                0x08009f40      0x114 ..\obj\usbd_cdc_core.o
 .text.USBD_cdc_GetCfgDesc
                0x0800a054       0x28 ..\obj\usbd_cdc_core.o
 .text.SPI_Init
                0x0800a07c       0x88 ..\obj\stm32f4xx_spi.o
                0x0800a07c                SPI_Init
 .text.SPI_Cmd  0x0800a104       0x40 ..\obj\stm32f4xx_spi.o
                0x0800a104                SPI_Cmd
 .text.SPI_CalculateCRC
                0x0800a144       0x40 ..\obj\stm32f4xx_spi.o
                0x0800a144                SPI_CalculateCRC
 .text.eMBFuncReadCoils
                0x0800a184      0x134 ..\obj\mbfunccoils.o
                0x0800a184                eMBFuncReadCoils
 .text.eMBFuncWriteCoil
                0x0800a2b8       0xcc ..\obj\mbfunccoils.o
                0x0800a2b8                eMBFuncWriteCoil
 .text.eMBFuncWriteMultipleCoils
                0x0800a384       0xf4 ..\obj\mbfunccoils.o
                0x0800a384                eMBFuncWriteMultipleCoils
 .text.ADS1220_init
                0x0800a478       0xe8 ..\obj\ADS1220.o
                0x0800a478                ADS1220_init
 .text.ADC_SPI_config
                0x0800a560      0x13c ..\obj\ADS1220.o
 .text.ADC_SPI_send
                0x0800a69c       0x4c ..\obj\ADS1220.o
                0x0800a69c                ADC_SPI_send
 .text.ADC_SPI_read
                0x0800a6e8       0x14 ..\obj\ADS1220.o
                0x0800a6e8                ADC_SPI_read
 .text.ADC_RTD1_Task
                0x0800a6fc      0x308 ..\obj\ADS1220.o
 .text.ADC_RTD2_Task
                0x0800aa04      0x308 ..\obj\ADS1220.o
 .text.ADC_Current1_Task
                0x0800ad0c      0x3d0 ..\obj\ADS1220.o
 .text.ADC_Current2_Task
                0x0800b0dc      0x3dc ..\obj\ADS1220.o
 .text.PT100_Code_To_Temperature
                0x0800b4b8      0x140 ..\obj\ADS1220.o
                0x0800b4b8                PT100_Code_To_Temperature
 .text.Code_To_Current
                0x0800b5f8       0xb8 ..\obj\ADS1220.o
                0x0800b5f8                Code_To_Current
 .text.I2C_DeInit
                0x0800b6b0       0x80 ..\obj\stm32f4xx_i2c.o
                0x0800b6b0                I2C_DeInit
 .text.I2C_Init
                0x0800b730      0x1a4 ..\obj\stm32f4xx_i2c.o
                0x0800b730                I2C_Init
 .text.I2C_Cmd  0x0800b8d4       0x40 ..\obj\stm32f4xx_i2c.o
                0x0800b8d4                I2C_Cmd
 .text.I2C_GenerateSTART
                0x0800b914       0x40 ..\obj\stm32f4xx_i2c.o
                0x0800b914                I2C_GenerateSTART
 .text.I2C_GenerateSTOP
                0x0800b954       0x40 ..\obj\stm32f4xx_i2c.o
                0x0800b954                I2C_GenerateSTOP
 .text.I2C_Send7bitAddress
                0x0800b994       0x3c ..\obj\stm32f4xx_i2c.o
                0x0800b994                I2C_Send7bitAddress
 .text.I2C_AcknowledgeConfig
                0x0800b9d0       0x40 ..\obj\stm32f4xx_i2c.o
                0x0800b9d0                I2C_AcknowledgeConfig
 .text.I2C_NACKPositionConfig
                0x0800ba10       0x40 ..\obj\stm32f4xx_i2c.o
                0x0800ba10                I2C_NACKPositionConfig
 .text.I2C_SendData
                0x0800ba50       0x20 ..\obj\stm32f4xx_i2c.o
                0x0800ba50                I2C_SendData
 .text.I2C_ReceiveData
                0x0800ba70       0x1c ..\obj\stm32f4xx_i2c.o
                0x0800ba70                I2C_ReceiveData
 .text.I2C_CheckEvent
                0x0800ba8c       0x70 ..\obj\stm32f4xx_i2c.o
                0x0800ba8c                I2C_CheckEvent
 .text.I2C_GetFlagStatus
                0x0800bafc       0x78 ..\obj\stm32f4xx_i2c.o
                0x0800bafc                I2C_GetFlagStatus
 .text.NVIC_EnableIRQ
                0x0800bb74       0x34 ..\obj\frequency.o
 .text.FrequencyMeasureInit
                0x0800bba8      0x340 ..\obj\frequency.o
                0x0800bba8                FrequencyMeasureInit
 .text.TIM2_IRQHandler
                0x0800bee8      0x13c ..\obj\frequency.o
                0x0800bee8                TIM2_IRQHandler
 .text.FrequencyCH1Measure_Task
                0x0800c024      0x1a8 ..\obj\frequency.o
 .text.FrequencyCH2Measure_Task
                0x0800c1cc      0x1a8 ..\obj\frequency.o
 .text.EXTI_GetITStatus
                0x0800c374       0x50 ..\obj\stm32f4xx_exti.o
                0x0800c374                EXTI_GetITStatus
 .text.EXTI_ClearITPendingBit
                0x0800c3c4       0x1c ..\obj\stm32f4xx_exti.o
                0x0800c3c4                EXTI_ClearITPendingBit
 .text.NVIC_PriorityGroupConfig
                0x0800c3e0       0x24 ..\obj\misc.o
                0x0800c3e0                NVIC_PriorityGroupConfig
 .text.NVIC_Init
                0x0800c404       0xd4 ..\obj\misc.o
                0x0800c404                NVIC_Init
 .text.DCD_Init
                0x0800c4d8      0x12c ..\obj\usb_dcd.o
                0x0800c4d8                DCD_Init
 .text.DCD_EP_Open
                0x0800c604       0xac ..\obj\usb_dcd.o
                0x0800c604                DCD_EP_Open
 .text.DCD_EP_Close
                0x0800c6b0       0x80 ..\obj\usb_dcd.o
                0x0800c6b0                DCD_EP_Close
 .text.DCD_EP_PrepareRx
                0x0800c730       0x8c ..\obj\usb_dcd.o
                0x0800c730                DCD_EP_PrepareRx
 .text.DCD_EP_Tx
                0x0800c7bc       0x84 ..\obj\usb_dcd.o
                0x0800c7bc                DCD_EP_Tx
 .text.DCD_EP_Stall
                0x0800c840       0x84 ..\obj\usb_dcd.o
                0x0800c840                DCD_EP_Stall
 .text.DCD_EP_ClrStall
                0x0800c8c4       0x84 ..\obj\usb_dcd.o
                0x0800c8c4                DCD_EP_ClrStall
 .text.DCD_EP_SetAddress
                0x0800c948       0x3c ..\obj\usb_dcd.o
                0x0800c948                DCD_EP_SetAddress
 .text.RTC_Init
                0x0800c984       0x88 ..\obj\stm32f4xx_rtc.o
                0x0800c984                RTC_Init
 .text.RTC_StructInit
                0x0800ca0c       0x2c ..\obj\stm32f4xx_rtc.o
                0x0800ca0c                RTC_StructInit
 .text.RTC_EnterInitMode
                0x0800ca38       0x80 ..\obj\stm32f4xx_rtc.o
                0x0800ca38                RTC_EnterInitMode
 .text.RTC_ExitInitMode
                0x0800cab8       0x1c ..\obj\stm32f4xx_rtc.o
                0x0800cab8                RTC_ExitInitMode
 .text.RTC_WaitForSynchro
                0x0800cad4       0x88 ..\obj\stm32f4xx_rtc.o
                0x0800cad4                RTC_WaitForSynchro
 .text.RTC_SetTime
                0x0800cb5c      0x124 ..\obj\stm32f4xx_rtc.o
                0x0800cb5c                RTC_SetTime
 .text.RTC_GetTime
                0x0800cc80       0xa4 ..\obj\stm32f4xx_rtc.o
                0x0800cc80                RTC_GetTime
 .text.RTC_SetDate
                0x0800cd24      0x12c ..\obj\stm32f4xx_rtc.o
                0x0800cd24                RTC_SetDate
 .text.RTC_GetDate
                0x0800ce50       0xa4 ..\obj\stm32f4xx_rtc.o
                0x0800ce50                RTC_GetDate
 .text.RTC_WriteBackupRegister
                0x0800cef4       0x34 ..\obj\stm32f4xx_rtc.o
                0x0800cef4                RTC_WriteBackupRegister
 .text.RTC_ByteToBcd2
                0x0800cf28       0x44 ..\obj\stm32f4xx_rtc.o
 .text.RTC_Bcd2ToByte
                0x0800cf6c       0x40 ..\obj\stm32f4xx_rtc.o
 .text.USBD_CtlSendData
                0x0800cfac       0x48 ..\obj\usbd_ioreq.o
                0x0800cfac                USBD_CtlSendData
 .text.USBD_CtlContinueSendData
                0x0800cff4       0x30 ..\obj\usbd_ioreq.o
                0x0800cff4                USBD_CtlContinueSendData
 .text.USBD_CtlPrepareRx
                0x0800d024       0x48 ..\obj\usbd_ioreq.o
                0x0800d024                USBD_CtlPrepareRx
 .text.USBD_CtlContinueRx
                0x0800d06c       0x30 ..\obj\usbd_ioreq.o
                0x0800d06c                USBD_CtlContinueRx
 .text.USBD_CtlSendStatus
                0x0800d09c       0x3c ..\obj\usbd_ioreq.o
                0x0800d09c                USBD_CtlSendStatus
 .text.USBD_CtlReceiveStatus
                0x0800d0d8       0x3c ..\obj\usbd_ioreq.o
                0x0800d0d8                USBD_CtlReceiveStatus
 .text.pvPortMalloc
                0x0800d114      0x138 ..\obj\heap_2.o
                0x0800d114                pvPortMalloc
 .text.vPortFree
                0x0800d24c       0x7c ..\obj\heap_2.o
                0x0800d24c                vPortFree
 .text.xPortGetFreeHeapSize
                0x0800d2c8       0x14 ..\obj\heap_2.o
                0x0800d2c8                xPortGetFreeHeapSize
 .text.prvHeapInit
                0x0800d2dc       0x54 ..\obj\heap_2.o
 .text.ControllerInit
                0x0800d330       0x44 ..\obj\controller.o
                0x0800d330                ControllerInit
 .text.Controller_RestoreSettings
                0x0800d374       0x3c ..\obj\controller.o
                0x0800d374                Controller_RestoreSettings
 .text.TIM_TimeBaseInit
                0x0800d3b0       0xd8 ..\obj\stm32f4xx_tim.o
                0x0800d3b0                TIM_TimeBaseInit
 .text.TIM_TimeBaseStructInit
                0x0800d488       0x3c ..\obj\stm32f4xx_tim.o
                0x0800d488                TIM_TimeBaseStructInit
 .text.TIM_SetCounter
                0x0800d4c4       0x1c ..\obj\stm32f4xx_tim.o
                0x0800d4c4                TIM_SetCounter
 .text.TIM_ARRPreloadConfig
                0x0800d4e0       0x40 ..\obj\stm32f4xx_tim.o
                0x0800d4e0                TIM_ARRPreloadConfig
 .text.TIM_Cmd  0x0800d520       0x40 ..\obj\stm32f4xx_tim.o
                0x0800d520                TIM_Cmd
 .text.TIM_ICInit
                0x0800d560       0xa8 ..\obj\stm32f4xx_tim.o
                0x0800d560                TIM_ICInit
 .text.TIM_SetIC1Prescaler
                0x0800d608       0x38 ..\obj\stm32f4xx_tim.o
                0x0800d608                TIM_SetIC1Prescaler
 .text.TIM_SetIC2Prescaler
                0x0800d640       0x3c ..\obj\stm32f4xx_tim.o
                0x0800d640                TIM_SetIC2Prescaler
 .text.TIM_SetIC3Prescaler
                0x0800d67c       0x38 ..\obj\stm32f4xx_tim.o
                0x0800d67c                TIM_SetIC3Prescaler
 .text.TIM_SetIC4Prescaler
                0x0800d6b4       0x3c ..\obj\stm32f4xx_tim.o
                0x0800d6b4                TIM_SetIC4Prescaler
 .text.TIM_ITConfig
                0x0800d6f0       0x48 ..\obj\stm32f4xx_tim.o
                0x0800d6f0                TIM_ITConfig
 .text.TIM_ClearFlag
                0x0800d738       0x24 ..\obj\stm32f4xx_tim.o
                0x0800d738                TIM_ClearFlag
 .text.TIM_ClearITPendingBit
                0x0800d75c       0x24 ..\obj\stm32f4xx_tim.o
                0x0800d75c                TIM_ClearITPendingBit
 .text.TIM_ETRClockMode2Config
                0x0800d780       0x34 ..\obj\stm32f4xx_tim.o
                0x0800d780                TIM_ETRClockMode2Config
 .text.TIM_ETRConfig
                0x0800d7b4       0x4c ..\obj\stm32f4xx_tim.o
                0x0800d7b4                TIM_ETRConfig
 .text.TI1_Config
                0x0800d800       0x80 ..\obj\stm32f4xx_tim.o
 .text.TI2_Config
                0x0800d880       0x9c ..\obj\stm32f4xx_tim.o
 .text.TI3_Config
                0x0800d91c       0x8c ..\obj\stm32f4xx_tim.o
 .text.TI4_Config
                0x0800d9a8       0xa4 ..\obj\stm32f4xx_tim.o
 .text.NVIC_SystemReset
                0x0800da4c       0x28 ..\obj\power_detector.o
 .text.PVD_IRQHandler
                0x0800da74       0x20 ..\obj\power_detector.o
                0x0800da74                PVD_IRQHandler
 .text.memcmp   0x0800da94       0x68 C:\Program Files\CooCox\CoIDE\gcc\Sourcery G++ Lite\arm-none-eabi\lib\armv7e-m\softfp\libc.a(lib_a-memcmp.o)
                0x0800da94                memcmp
 .text          0x0800dafc      0x134 C:\Program Files\CooCox\CoIDE\gcc\Sourcery G++ Lite\arm-none-eabi\lib\armv7e-m\softfp\libc.a(lib_a-memcpy.o)
                0x0800dafc                memcpy
 .text.memset   0x0800dc30       0x94 C:\Program Files\CooCox\CoIDE\gcc\Sourcery G++ Lite\arm-none-eabi\lib\armv7e-m\softfp\libc.a(lib_a-memset.o)
                0x0800dc30                memset
 .text.sqrtf    0x0800dcc4       0xb0 C:\Program Files\CooCox\CoIDE\gcc\Sourcery G++ Lite\arm-none-eabi\lib\armv7e-m\softfp\libm.a(lib_a-wf_sqrt.o)
                0x0800dcc4                sqrtf
 .text.__ieee754_sqrtf
                0x0800dd74       0xac C:\Program Files\CooCox\CoIDE\gcc\Sourcery G++ Lite\arm-none-eabi\lib\armv7e-m\softfp\libm.a(lib_a-ef_sqrt.o)
                0x0800dd74                __ieee754_sqrtf
 .text.matherr  0x0800de20        0x4 C:\Program Files\CooCox\CoIDE\gcc\Sourcery G++ Lite\arm-none-eabi\lib\armv7e-m\softfp\libm.a(lib_a-s_matherr.o)
                0x0800de20                matherr
 .text.__fpclassifyf
                0x0800de24       0x34 C:\Program Files\CooCox\CoIDE\gcc\Sourcery G++ Lite\arm-none-eabi\lib\armv7e-m\softfp\libm.a(lib_a-sf_fpclassify.o)
                0x0800de24                __fpclassifyf
 .text          0x0800de58      0x370 C:\Program Files\CooCox\CoIDE\gcc\Sourcery G++ Lite\arm-none-eabi\lib\armv7e-m\softfp\libgcc.a(_arm_addsubdf3.o)
                0x0800de58                __aeabi_drsub
                0x0800de60                __aeabi_dsub
                0x0800de60                __subdf3
                0x0800de64                __aeabi_dadd
                0x0800de64                __adddf3
                0x0800e0dc                __floatunsidf
                0x0800e0dc                __aeabi_ui2d
                0x0800e0fc                __floatsidf
                0x0800e0fc                __aeabi_i2d
                0x0800e120                __aeabi_f2d
                0x0800e120                __extendsfdf2
                0x0800e15c                __floatundidf
                0x0800e15c                __aeabi_ul2d
                0x0800e16c                __floatdidf
                0x0800e16c                __aeabi_l2d
 .text          0x0800e1c8      0x424 C:\Program Files\CooCox\CoIDE\gcc\Sourcery G++ Lite\arm-none-eabi\lib\armv7e-m\softfp\libgcc.a(_arm_muldivdf3.o)
                0x0800e1c8                __aeabi_dmul
                0x0800e1c8                __muldf3
                0x0800e41c                __divdf3
                0x0800e41c                __aeabi_ddiv
 .text          0x0800e5ec       0xa0 C:\Program Files\CooCox\CoIDE\gcc\Sourcery G++ Lite\arm-none-eabi\lib\armv7e-m\softfp\libgcc.a(_arm_truncdfsf2.o)
                0x0800e5ec                __truncdfsf2
                0x0800e5ec                __aeabi_d2f
 .text.__errno  0x0800e68c        0xc C:\Program Files\CooCox\CoIDE\gcc\Sourcery G++ Lite\arm-none-eabi\lib\armv7e-m\softfp\libc.a(lib_a-errno.o)
                0x0800e68c                __errno
 *(.init)
 *(.fini)
 *crtbegin.o(.ctors)
 *crtbegin?.o(.ctors)
 *(EXCLUDE_FILE(*crtend.o *crtend?.o) .ctors)
 *(SORT(.ctors.*))
 *(.ctors)
 *crtbegin.o(.dtors)
 *crtbegin?.o(.dtors)
 *(EXCLUDE_FILE(*crtend.o *crtend?.o) .dtors)
 *(SORT(.dtors.*))
 *(.dtors)
 *(.rodata*)
 .rodata        0x0800e698       0x2c ..\obj\protocol.o
 .rodata        0x0800e6c4      0x200 ..\obj\mbcrc.o
 .rodata        0x0800e8c4       0x1c ..\obj\tasks.o
 .rodata        0x0800e8e0       0x98 ..\obj\usbd_desc.o
 .rodata        0x0800e978        0x4 ..\obj\port.o
 .rodata        0x0800e97c        0xc ..\obj\portserial.o
 .rodata        0x0800e988       0x58 ..\obj\ADS1220.o
 .rodata        0x0800e9e0       0x18 ..\obj\frequency.o
 .rodata        0x0800e9f8        0x2 ..\obj\heap_2.o
 *fill*         0x0800e9fa        0x2 
 .rodata        0x0800e9fc       0x84 ..\obj\controller.o
                0x0800e9fc                stSettingsDefault
 .rodata.str1.4
                0x0800ea80        0x8 C:\Program Files\CooCox\CoIDE\gcc\Sourcery G++ Lite\arm-none-eabi\lib\armv7e-m\softfp\libm.a(lib_a-wf_sqrt.o)
 *(.eh_fram e*)

.glue_7         0x0800ea88        0x0
 .glue_7        0x00000000        0x0 linker stubs

.glue_7t        0x0800ea88        0x0
 .glue_7t       0x00000000        0x0 linker stubs

.vfp11_veneer   0x0800ea88        0x0
 .vfp11_veneer  0x00000000        0x0 linker stubs

.v4_bx          0x0800ea88        0x0
 .v4_bx         0x00000000        0x0 linker stubs

.iplt           0x0800ea88        0x0
 .iplt          0x00000000        0x0 ..\obj\stm32f4xx_syscfg.o

.rel.dyn        0x0800ea88        0x0
 .rel.iplt      0x00000000        0x0 ..\obj\stm32f4xx_syscfg.o

.ARM.extab
 *(.ARM.extab* .gnu.linkonce.armextab.*)
                0x0800ea88                __exidx_start = .

.ARM.exidx
 *(.ARM.exidx* .gnu.linkonce.armexidx.*)
                0x0800ea88                __exidx_end = .
                0x0800ea88                __etext = .
                0x0800ea88                _sidata = __etext

.data           0x20000000      0x2cc load address 0x0800ea88
                0x20000000                __data_start__ = .
                0x20000000                _sdata = __data_start__
 *(vtable)
 *(.data*)
 .data          0x20000000        0x6 ..\obj\mbport.o
                0x20000000                REG_INPUT_START
                0x20000001                REG_HOLDING_START
                0x20000002                REG_INPUT_NREGS
                0x20000003                REG_HOLDING_NREGS
                0x20000004                usRegInputStart
                0x20000005                usRegHoldingStart
 *fill*         0x20000006        0x2 
 .data          0x20000008       0x88 ..\obj\mb.o
 .data          0x20000090       0x1c ..\obj\usbd_usr.o
                0x20000090                USR_cb
 .data          0x200000ac       0x30 ..\obj\usbd_core.o
                0x200000ac                USBD_DCD_INT_cb
                0x200000d8                USBD_DCD_INT_fops
 .data          0x200000dc       0x10 ..\obj\stm32f4xx_rcc.o
 .data          0x200000ec       0xf4 ..\obj\printf.o
                0x200000ec                r
                0x200001dc                _impure_ptr
 .data          0x200001e0        0x4 ..\obj\tasks.o
 .data          0x200001e4       0x40 ..\obj\usbd_desc.o
                0x200001e4                USR_desc
                0x20000200                USBD_DeviceDesc
                0x20000214                USBD_DeviceQualifierDesc
                0x20000220                USBD_LangIDDesc
 .data          0x20000224       0x14 ..\obj\usbd_cdc_vcp.o
                0x20000224                VCP_fops
 .data          0x20000238       0x14 ..\obj\system_stm32f4xx.o
                0x20000238                SystemCoreClock
                0x2000023c                AHBPrescTable
 .data          0x2000024c        0x4 ..\obj\port.o
 .data          0x20000250       0x74 ..\obj\usbd_cdc_core.o
                0x20000250                usbd_cdc_CfgDesc
                0x20000298                USBD_CDC_cb
 .data          0x200002c4        0x4 ..\obj\heap_2.o
 .data.__fdlib_version
                0x200002c8        0x1 C:\Program Files\CooCox\CoIDE\gcc\Sourcery G++ Lite\arm-none-eabi\lib\armv7e-m\softfp\libm.a(lib_a-s_lib_ver.o)
                0x200002c8                __fdlib_version
                0x200002cc                . = ALIGN (0x4)
 *fill*         0x200002c9        0x3 
                0x200002cc                PROVIDE (__preinit_array_start, .)
 *(.preinit_array)
                0x200002cc                PROVIDE (__preinit_array_end, .)
                0x200002cc                . = ALIGN (0x4)
                0x200002cc                PROVIDE (__init_array_start, .)
 *(SORT(.init_array.*))
 *(.init_array)
                0x200002cc                PROVIDE (__init_array_end, .)
                0x200002cc                . = ALIGN (0x4)
                0x200002cc                PROVIDE (__fini_array_start, .)
 *(SORT(.fini_array.*))
 *(.fini_array)
                0x200002cc                PROVIDE (__fini_array_end, .)
 *(.jcr*)
                0x200002cc                . = ALIGN (0x4)
                0x200002cc                __data_end__ = .
                0x200002cc                _edata = __data_end__

.igot.plt       0x200002cc        0x0 load address 0x0800ed54
 .igot.plt      0x00000000        0x0 ..\obj\stm32f4xx_syscfg.o

.bss            0x200002d0     0x568c load address 0x0800ed58
                0x200002d0                . = ALIGN (0x4)
                0x200002d0                __bss_start__ = .
                0x200002d0                _sbss = __bss_start__
 *(.bss*)
 .bss           0x200002d0       0x24 ..\obj\mbfuncother.o
 .bss           0x200002f4       0xfc ..\obj\tasks.o
                0x200002f4                pxCurrentTCB
 .bss           0x200003f0        0xc ..\obj\porttimer.o
 .bss           0x200003fc       0x10 ..\obj\usbd_req.o
                0x200003fc                USBD_ep_status
                0x20000400                USBD_default_cfg
                0x20000404                USBD_cfg_status
 .bss           0x2000040c        0x8 ..\obj\port.o
 .bss           0x20000414       0x14 ..\obj\portserial.o
 .bss           0x20000428       0x20 ..\obj\usbd_cdc_core.o
                0x2000042c                APP_Rx_ptr_in
                0x20000430                APP_Rx_ptr_out
                0x20000434                APP_Rx_length
                0x20000438                USB_Tx_State
 .bss           0x20000448       0x1c ..\obj\frequency.o
                0x20000460                xHigherPriorityTaskWoken
 .bss           0x20000464     0x4014 ..\obj\heap_2.o
 *(COMMON)
 COMMON         0x20004478      0x45c ..\obj\protocol.o
                0x20004478                stContext_RS232
                0x200045ec                stContext_RS485
                0x20004760                stContext_USB_CDC
 COMMON         0x200048d4       0x50 ..\obj\watchdog.o
                0x200048d4                task_watches
 COMMON         0x20004924        0x4 ..\obj\fram_i2c.o
                0x20004924                xI2CBusMutex
 COMMON         0x20004928       0x88 ..\obj\usbd_cdc_vcp.o
                0x20004928                APP_Tx_Buffer
                0x200049a8                APP_tx_ptr_tail
                0x200049ac                APP_tx_ptr_head
 COMMON         0x200049b0       0x32 ..\obj\usbd_req.o
                0x200049b0                USBD_StrDesc
 *fill*         0x200049e2        0x2 
 COMMON         0x200049e4      0x5f4 ..\obj\portserial.o
                0x200049e4                temp_char
                0x200049e8                USB_OTG_dev
 COMMON         0x20004fd8      0x88c ..\obj\usbd_cdc_core.o
                0x20004fd8                usbd_cdc_OtherCfgDesc
                0x2000501c                USB_Rx_Buffer
                0x2000505c                CmdBuff
                0x20005064                APP_Rx_Buffer
 COMMON         0x20005864        0x4 ..\obj\ADS1220.o
                0x20005864                xADC_SPI_Mutex
 COMMON         0x20005868        0x8 ..\obj\frequency.o
                0x20005868                xFrequencySemaphore
 COMMON         0x20005870       0xec ..\obj\controller.o
                0x20005870                stSettings
                0x200058f4                xMeasureDataMutex
                0x200058f8                stMeasureData
                0x20005958                xSettingsMutex
                0x2000595c                . = ALIGN (0x4)
                0x2000595c                __bss_end__ = .
                0x2000595c                _ebss = __bss_end__

.heap           0x2000595c        0x0
                0x2000595c                __end__ = .
                0x2000595c                _end = __end__
                0x2000595c                end = __end__
 *(.heap*)
                0x2000595c                __HeapLimit = .

.co_stack       0x2000595c      0x804 load address 0x080143e4
                0x20005960                . = ALIGN (0x8)
 *fill*         0x2000595c        0x4 
 *(.co_stack .co_stack.*)
 .co_stack      0x20005960      0x800 ..\obj\startup_stm32f4xx.o
                0x20005960                pulStack
                0x20020000                __StackTop = (ORIGIN (ram) + 0x20000)
                0x2001f7fc                __StackLimit = (__StackTop - SIZEOF (.co_stack))
                0x20020000                PROVIDE (__stack, __StackTop)
                0x00000001                ASSERT ((__StackLimit >= __HeapLimit), region ram  overflowed with stack)
LOAD C:\Program Files\CooCox\CoIDE\gcc\Sourcery G++ Lite\arm-none-eabi\lib\armv7e-m\softfp\libc.a
LOAD ..\obj\stm32f4xx_syscfg.o
LOAD ..\obj\usb_core.o
LOAD ..\obj\mbport.o
LOAD ..\obj\mb.o
LOAD ..\obj\protocol.o
LOAD ..\obj\mbfuncdisc.o
LOAD ..\obj\usbd_usr.o
LOAD ..\obj\portevent.o
LOAD ..\obj\mbfuncother.o
LOAD ..\obj\stm32f4xx_usart.o
LOAD ..\obj\stm32f4xx_pwr.o
LOAD ..\obj\rtc.o
LOAD ..\obj\mbutils.o
LOAD ..\obj\startup_stm32f4xx.o
LOAD ..\obj\stm32f4xx_iwdg.o
LOAD ..\obj\mbfuncholding.o
LOAD ..\obj\usbd_core.o
LOAD ..\obj\main.o
LOAD ..\obj\mbcrc.o
LOAD ..\obj\stm32f4xx_rcc.o
LOAD ..\obj\mbfuncfile.o
LOAD ..\obj\timers.o
LOAD ..\obj\log.o
LOAD ..\obj\mbfuncinput.o
LOAD ..\obj\printf.o
LOAD ..\obj\watchdog.o
LOAD ..\obj\mbfuncdiag.o
LOAD ..\obj\tasks.o
LOAD ..\obj\usbd_desc.o
LOAD ..\obj\fram_i2c.o
LOAD ..\obj\stm32f4xx_gpio.o
LOAD ..\obj\porttimer.o
LOAD ..\obj\usbd_cdc_vcp.o
LOAD ..\obj\mbrtu.o
LOAD ..\obj\list.o
LOAD ..\obj\system_stm32f4xx.o
LOAD ..\obj\syscalls.o
LOAD ..\obj\usb_bsp.o
LOAD ..\obj\usbd_req.o
LOAD ..\obj\port.o
LOAD ..\obj\queue.o
LOAD ..\obj\usb_dcd_int.o
LOAD ..\obj\portserial.o
LOAD ..\obj\usbd_cdc_core.o
LOAD ..\obj\croutine.o
LOAD ..\obj\stm32f4xx_spi.o
LOAD ..\obj\mbfunccoils.o
LOAD ..\obj\event_groups.o
LOAD ..\obj\ADS1220.o
LOAD ..\obj\stm32f4xx_i2c.o
LOAD ..\obj\frequency.o
LOAD ..\obj\stm32f4xx_exti.o
LOAD ..\obj\misc.o
LOAD ..\obj\usb_dcd.o
LOAD ..\obj\stm32f4xx_rtc.o
LOAD ..\obj\usbd_ioreq.o
LOAD ..\obj\mbascii.o
LOAD ..\obj\heap_2.o
LOAD ..\obj\controller.o
LOAD ..\obj\stm32f4xx_tim.o
LOAD ..\obj\power_detector.o
LOAD C:\Program Files\CooCox\CoIDE\gcc\Sourcery G++ Lite\arm-none-eabi\lib\armv7e-m\softfp\libc.a
LOAD C:\Program Files\CooCox\CoIDE\gcc\Sourcery G++ Lite\arm-none-eabi\lib\armv7e-m\softfp\libm.a
START GROUP
LOAD C:\Program Files\CooCox\CoIDE\gcc\Sourcery G++ Lite\arm-none-eabi\lib\armv7e-m\softfp\libgcc.a
LOAD C:\Program Files\CooCox\CoIDE\gcc\Sourcery G++ Lite\arm-none-eabi\lib\armv7e-m\softfp\libc.a
END GROUP
OUTPUT(IMS_CONTROLLER.elf elf32-littlearm)

.debug_info     0x00000000    0x1fd70
 .debug_info    0x00000000     0x2819 ..\obj\usb_core.o
 .debug_info    0x00002819      0x960 ..\obj\mbport.o
 .debug_info    0x00003179      0x9a0 ..\obj\mb.o
 .debug_info    0x00003b19      0x869 ..\obj\protocol.o
 .debug_info    0x00004382      0x1f3 ..\obj\mbfuncdisc.o
 .debug_info    0x00004575      0x1c3 ..\obj\usbd_usr.o
 .debug_info    0x00004738      0x7cd ..\obj\portevent.o
 .debug_info    0x00004f05      0x257 ..\obj\mbfuncother.o
 .debug_info    0x0000515c      0xa65 ..\obj\stm32f4xx_usart.o
 .debug_info    0x00005bc1      0x543 ..\obj\stm32f4xx_pwr.o
 .debug_info    0x00006104      0x165 ..\obj\rtc.o
 .debug_info    0x00006269      0x2cd ..\obj\mbutils.o
 .debug_info    0x00006536      0x103 ..\obj\startup_stm32f4xx.o
 .debug_info    0x00006639      0x38b ..\obj\mbfuncholding.o
 .debug_info    0x000069c4      0xff1 ..\obj\usbd_core.o
 .debug_info    0x000079b5      0x186 ..\obj\main.o
 .debug_info    0x00007b3b      0x146 ..\obj\mbcrc.o
 .debug_info    0x00007c81      0xd49 ..\obj\stm32f4xx_rcc.o
 .debug_info    0x000089ca      0x257 ..\obj\mbfuncfile.o
 .debug_info    0x00008c21      0x437 ..\obj\log.o
 .debug_info    0x00009058      0x1e5 ..\obj\mbfuncinput.o
 .debug_info    0x0000923d      0xed1 ..\obj\printf.o
 .debug_info    0x0000a10e      0x1f9 ..\obj\watchdog.o
 .debug_info    0x0000a307     0x12cc ..\obj\tasks.o
 .debug_info    0x0000b5d3      0x380 ..\obj\usbd_desc.o
 .debug_info    0x0000b953      0x758 ..\obj\fram_i2c.o
 .debug_info    0x0000c0ab      0x640 ..\obj\stm32f4xx_gpio.o
 .debug_info    0x0000c6eb      0xed3 ..\obj\porttimer.o
 .debug_info    0x0000d5be      0x37e ..\obj\usbd_cdc_vcp.o
 .debug_info    0x0000d93c      0x7fe ..\obj\mbrtu.o
 .debug_info    0x0000e13a      0x2c1 ..\obj\list.o
 .debug_info    0x0000e3fb      0x5f5 ..\obj\system_stm32f4xx.o
 .debug_info    0x0000e9f0     0x112e ..\obj\usb_bsp.o
 .debug_info    0x0000fb1e     0x10fb ..\obj\usbd_req.o
 .debug_info    0x00010c19      0x346 ..\obj\port.o
 .debug_info    0x00010f5f      0xa05 ..\obj\queue.o
 .debug_info    0x00011964     0x2020 ..\obj\usb_dcd_int.o
 .debug_info    0x00013984     0x1e0c ..\obj\portserial.o
 .debug_info    0x00015790     0x1083 ..\obj\usbd_cdc_core.o
 .debug_info    0x00016813      0xbde ..\obj\stm32f4xx_spi.o
 .debug_info    0x000173f1      0x31a ..\obj\mbfunccoils.o
 .debug_info    0x0001770b      0x8ad ..\obj\ADS1220.o
 .debug_info    0x00017fb8      0xbab ..\obj\stm32f4xx_i2c.o
 .debug_info    0x00018b63      0xd08 ..\obj\frequency.o
 .debug_info    0x0001986b      0x373 ..\obj\stm32f4xx_exti.o
 .debug_info    0x00019bde      0x592 ..\obj\misc.o
 .debug_info    0x0001a170     0x118a ..\obj\usb_dcd.o
 .debug_info    0x0001b2fa     0x1255 ..\obj\stm32f4xx_rtc.o
 .debug_info    0x0001c54f      0xde4 ..\obj\usbd_ioreq.o
 .debug_info    0x0001d333      0x2ef ..\obj\heap_2.o
 .debug_info    0x0001d622      0x27d ..\obj\controller.o
 .debug_info    0x0001d89f     0x1e7d ..\obj\stm32f4xx_tim.o
 .debug_info    0x0001f71c      0x654 ..\obj\power_detector.o

.debug_abbrev   0x00000000     0x4d52
 .debug_abbrev  0x00000000      0x2bc ..\obj\usb_core.o
 .debug_abbrev  0x000002bc      0x1be ..\obj\mbport.o
 .debug_abbrev  0x0000047a      0x19f ..\obj\mb.o
 .debug_abbrev  0x00000619      0x145 ..\obj\protocol.o
 .debug_abbrev  0x0000075e       0xa8 ..\obj\mbfuncdisc.o
 .debug_abbrev  0x00000806       0xdf ..\obj\usbd_usr.o
 .debug_abbrev  0x000008e5      0x142 ..\obj\portevent.o
 .debug_abbrev  0x00000a27       0xc1 ..\obj\mbfuncother.o
 .debug_abbrev  0x00000ae8      0x157 ..\obj\stm32f4xx_usart.o
 .debug_abbrev  0x00000c3f      0x181 ..\obj\stm32f4xx_pwr.o
 .debug_abbrev  0x00000dc0       0xc9 ..\obj\rtc.o
 .debug_abbrev  0x00000e89       0xd8 ..\obj\mbutils.o
 .debug_abbrev  0x00000f61       0xb2 ..\obj\startup_stm32f4xx.o
 .debug_abbrev  0x00001013       0xa8 ..\obj\mbfuncholding.o
 .debug_abbrev  0x000010bb      0x1f2 ..\obj\usbd_core.o
 .debug_abbrev  0x000012ad       0xe3 ..\obj\main.o
 .debug_abbrev  0x00001390       0x93 ..\obj\mbcrc.o
 .debug_abbrev  0x00001423      0x1e5 ..\obj\stm32f4xx_rcc.o
 .debug_abbrev  0x00001608       0xe5 ..\obj\mbfuncfile.o
 .debug_abbrev  0x000016ed      0x167 ..\obj\log.o
 .debug_abbrev  0x00001854       0xa8 ..\obj\mbfuncinput.o
 .debug_abbrev  0x000018fc      0x23b ..\obj\printf.o
 .debug_abbrev  0x00001b37      0x12f ..\obj\watchdog.o
 .debug_abbrev  0x00001c66      0x253 ..\obj\tasks.o
 .debug_abbrev  0x00001eb9      0x12e ..\obj\usbd_desc.o
 .debug_abbrev  0x00001fe7      0x1ed ..\obj\fram_i2c.o
 .debug_abbrev  0x000021d4      0x1a5 ..\obj\stm32f4xx_gpio.o
 .debug_abbrev  0x00002379      0x1c2 ..\obj\porttimer.o
 .debug_abbrev  0x0000253b      0x166 ..\obj\usbd_cdc_vcp.o
 .debug_abbrev  0x000026a1      0x189 ..\obj\mbrtu.o
 .debug_abbrev  0x0000282a       0xbe ..\obj\list.o
 .debug_abbrev  0x000028e8      0x138 ..\obj\system_stm32f4xx.o
 .debug_abbrev  0x00002a20      0x1fe ..\obj\usb_bsp.o
 .debug_abbrev  0x00002c1e      0x268 ..\obj\usbd_req.o
 .debug_abbrev  0x00002e86      0x1bc ..\obj\port.o
 .debug_abbrev  0x00003042      0x141 ..\obj\queue.o
 .debug_abbrev  0x00003183      0x230 ..\obj\usb_dcd_int.o
 .debug_abbrev  0x000033b3      0x2f0 ..\obj\portserial.o
 .debug_abbrev  0x000036a3      0x204 ..\obj\usbd_cdc_core.o
 .debug_abbrev  0x000038a7      0x169 ..\obj\stm32f4xx_spi.o
 .debug_abbrev  0x00003a10       0xba ..\obj\mbfunccoils.o
 .debug_abbrev  0x00003aca      0x1ec ..\obj\ADS1220.o
 .debug_abbrev  0x00003cb6      0x166 ..\obj\stm32f4xx_i2c.o
 .debug_abbrev  0x00003e1c      0x1c2 ..\obj\frequency.o
 .debug_abbrev  0x00003fde      0x1a7 ..\obj\stm32f4xx_exti.o
 .debug_abbrev  0x00004185      0x129 ..\obj\misc.o
 .debug_abbrev  0x000042ae      0x22e ..\obj\usb_dcd.o
 .debug_abbrev  0x000044dc      0x1b0 ..\obj\stm32f4xx_rtc.o
 .debug_abbrev  0x0000468c      0x184 ..\obj\usbd_ioreq.o
 .debug_abbrev  0x00004810      0x16e ..\obj\heap_2.o
 .debug_abbrev  0x0000497e       0xdd ..\obj\controller.o
 .debug_abbrev  0x00004a5b      0x189 ..\obj\stm32f4xx_tim.o
 .debug_abbrev  0x00004be4      0x16e ..\obj\power_detector.o

.debug_loc      0x00000000     0x90d5
 .debug_loc     0x00000000      0x7e0 ..\obj\usb_core.o
 .debug_loc     0x000007e0      0x174 ..\obj\mbport.o
 .debug_loc     0x00000954      0x150 ..\obj\mb.o
 .debug_loc     0x00000aa4       0xe0 ..\obj\protocol.o
 .debug_loc     0x00000b84       0x38 ..\obj\mbfuncdisc.o
 .debug_loc     0x00000bbc       0xe8 ..\obj\usbd_usr.o
 .debug_loc     0x00000ca4       0xa8 ..\obj\portevent.o
 .debug_loc     0x00000d4c       0x70 ..\obj\mbfuncother.o
 .debug_loc     0x00000dbc      0x658 ..\obj\stm32f4xx_usart.o
 .debug_loc     0x00001414      0x288 ..\obj\stm32f4xx_pwr.o
 .debug_loc     0x0000169c       0x38 ..\obj\rtc.o
 .debug_loc     0x000016d4       0xa8 ..\obj\mbutils.o
 .debug_loc     0x0000177c       0x64 ..\obj\startup_stm32f4xx.o
 .debug_loc     0x000017e0       0xe0 ..\obj\mbfuncholding.o
 .debug_loc     0x000018c0      0x2d8 ..\obj\usbd_core.o
 .debug_loc     0x00001b98      0x100 ..\obj\main.o
 .debug_loc     0x00001c98       0x38 ..\obj\mbcrc.o
 .debug_loc     0x00001cd0      0x97c ..\obj\stm32f4xx_rcc.o
 .debug_loc     0x0000264c       0x3a ..\obj\mbfuncfile.o
 .debug_loc     0x00002686       0xe2 ..\obj\log.o
 .debug_loc     0x00002768       0x38 ..\obj\mbfuncinput.o
 .debug_loc     0x000027a0      0x3ea ..\obj\printf.o
 .debug_loc     0x00002b8a       0xe0 ..\obj\watchdog.o
 .debug_loc     0x00002c6a      0x92c ..\obj\tasks.o
 .debug_loc     0x00003596      0x188 ..\obj\usbd_desc.o
 .debug_loc     0x0000371e      0x15e ..\obj\fram_i2c.o
 .debug_loc     0x0000387c      0x310 ..\obj\stm32f4xx_gpio.o
 .debug_loc     0x00003b8c      0x2dc ..\obj\porttimer.o
 .debug_loc     0x00003e68      0x164 ..\obj\usbd_cdc_vcp.o
 .debug_loc     0x00003fcc      0x1c0 ..\obj\mbrtu.o
 .debug_loc     0x0000418c      0x118 ..\obj\list.o
 .debug_loc     0x000042a4       0x9c ..\obj\system_stm32f4xx.o
 .debug_loc     0x00004340      0x138 ..\obj\usb_bsp.o
 .debug_loc     0x00004478      0x310 ..\obj\usbd_req.o
 .debug_loc     0x00004788      0x1dc ..\obj\port.o
 .debug_loc     0x00004964      0x460 ..\obj\queue.o
 .debug_loc     0x00004dc4      0x2d8 ..\obj\usb_dcd_int.o
 .debug_loc     0x0000509c      0x410 ..\obj\portserial.o
 .debug_loc     0x000054ac      0x224 ..\obj\usbd_cdc_core.o
 .debug_loc     0x000056d0      0x578 ..\obj\stm32f4xx_spi.o
 .debug_loc     0x00005c48       0xa8 ..\obj\mbfunccoils.o
 .debug_loc     0x00005cf0      0x224 ..\obj\ADS1220.o
 .debug_loc     0x00005f14      0x738 ..\obj\stm32f4xx_i2c.o
 .debug_loc     0x0000664c      0x10d ..\obj\frequency.o
 .debug_loc     0x00006759      0x1b4 ..\obj\stm32f4xx_exti.o
 .debug_loc     0x0000690d      0x118 ..\obj\misc.o
 .debug_loc     0x00006a25      0x2d8 ..\obj\usb_dcd.o
 .debug_loc     0x00006cfd      0xc48 ..\obj\stm32f4xx_rtc.o
 .debug_loc     0x00007945      0x188 ..\obj\usbd_ioreq.o
 .debug_loc     0x00007acd      0x100 ..\obj\heap_2.o
 .debug_loc     0x00007bcd       0x58 ..\obj\controller.o
 .debug_loc     0x00007c25     0x1420 ..\obj\stm32f4xx_tim.o
 .debug_loc     0x00009045       0x90 ..\obj\power_detector.o

.debug_aranges  0x00000000     0x1a28
 .debug_aranges
                0x00000000      0x138 ..\obj\usb_core.o
 .debug_aranges
                0x00000138       0x50 ..\obj\mbport.o
 .debug_aranges
                0x00000188       0x48 ..\obj\mb.o
 .debug_aranges
                0x000001d0       0x38 ..\obj\protocol.o
 .debug_aranges
                0x00000208       0x20 ..\obj\mbfuncdisc.o
 .debug_aranges
                0x00000228       0x40 ..\obj\usbd_usr.o
 .debug_aranges
                0x00000268       0x30 ..\obj\portevent.o
 .debug_aranges
                0x00000298       0x28 ..\obj\mbfuncother.o
 .debug_aranges
                0x000002c0      0x100 ..\obj\stm32f4xx_usart.o
 .debug_aranges
                0x000003c0       0x78 ..\obj\stm32f4xx_pwr.o
 .debug_aranges
                0x00000438       0x20 ..\obj\rtc.o
 .debug_aranges
                0x00000458       0x30 ..\obj\mbutils.o
 .debug_aranges
                0x00000488       0x28 ..\obj\startup_stm32f4xx.o
 .debug_aranges
                0x000004b0       0x38 ..\obj\mbfuncholding.o
 .debug_aranges
                0x000004e8       0x80 ..\obj\usbd_core.o
 .debug_aranges
                0x00000568       0x40 ..\obj\main.o
 .debug_aranges
                0x000005a8       0x20 ..\obj\mbcrc.o
 .debug_aranges
                0x000005c8      0x178 ..\obj\stm32f4xx_rcc.o
 .debug_aranges
                0x00000740       0x20 ..\obj\mbfuncfile.o
 .debug_aranges
                0x00000760       0x38 ..\obj\log.o
 .debug_aranges
                0x00000798       0x20 ..\obj\mbfuncinput.o
 .debug_aranges
                0x000007b8       0xa0 ..\obj\printf.o
 .debug_aranges
                0x00000858       0x38 ..\obj\watchdog.o
 .debug_aranges
                0x00000890      0x170 ..\obj\tasks.o
 .debug_aranges
                0x00000a00       0x50 ..\obj\usbd_desc.o
 .debug_aranges
                0x00000a50       0x48 ..\obj\fram_i2c.o
 .debug_aranges
                0x00000a98       0x88 ..\obj\stm32f4xx_gpio.o
 .debug_aranges
                0x00000b20       0x90 ..\obj\porttimer.o
 .debug_aranges
                0x00000bb0       0x50 ..\obj\usbd_cdc_vcp.o
 .debug_aranges
                0x00000c00       0x58 ..\obj\mbrtu.o
 .debug_aranges
                0x00000c58       0x40 ..\obj\list.o
 .debug_aranges
                0x00000c98       0x30 ..\obj\system_stm32f4xx.o
 .debug_aranges
                0x00000cc8       0x48 ..\obj\usb_bsp.o
 .debug_aranges
                0x00000d10       0x88 ..\obj\usbd_req.o
 .debug_aranges
                0x00000d98       0x90 ..\obj\port.o
 .debug_aranges
                0x00000e28       0xb8 ..\obj\queue.o
 .debug_aranges
                0x00000ee0       0x80 ..\obj\usb_dcd_int.o
 .debug_aranges
                0x00000f60       0xb0 ..\obj\portserial.o
 .debug_aranges
                0x00001010       0x68 ..\obj\usbd_cdc_core.o
 .debug_aranges
                0x00001078       0xe0 ..\obj\stm32f4xx_spi.o
 .debug_aranges
                0x00001158       0x30 ..\obj\mbfunccoils.o
 .debug_aranges
                0x00001188       0x68 ..\obj\ADS1220.o
 .debug_aranges
                0x000011f0      0x120 ..\obj\stm32f4xx_i2c.o
 .debug_aranges
                0x00001310       0x40 ..\obj\frequency.o
 .debug_aranges
                0x00001350       0x58 ..\obj\stm32f4xx_exti.o
 .debug_aranges
                0x000013a8       0x40 ..\obj\misc.o
 .debug_aranges
                0x000013e8       0x80 ..\obj\usb_dcd.o
 .debug_aranges
                0x00001468      0x1e0 ..\obj\stm32f4xx_rtc.o
 .debug_aranges
                0x00001648       0x50 ..\obj\usbd_ioreq.o
 .debug_aranges
                0x00001698       0x40 ..\obj\heap_2.o
 .debug_aranges
                0x000016d8       0x28 ..\obj\controller.o
 .debug_aranges
                0x00001700      0x2f8 ..\obj\stm32f4xx_tim.o
 .debug_aranges
                0x000019f8       0x30 ..\obj\power_detector.o

.debug_ranges   0x00000000     0x16d8
 .debug_ranges  0x00000000      0x128 ..\obj\usb_core.o
 .debug_ranges  0x00000128       0x40 ..\obj\mbport.o
 .debug_ranges  0x00000168       0x38 ..\obj\mb.o
 .debug_ranges  0x000001a0       0x28 ..\obj\protocol.o
 .debug_ranges  0x000001c8       0x10 ..\obj\mbfuncdisc.o
 .debug_ranges  0x000001d8       0x30 ..\obj\usbd_usr.o
 .debug_ranges  0x00000208       0x20 ..\obj\portevent.o
 .debug_ranges  0x00000228       0x18 ..\obj\mbfuncother.o
 .debug_ranges  0x00000240       0xf0 ..\obj\stm32f4xx_usart.o
 .debug_ranges  0x00000330       0x68 ..\obj\stm32f4xx_pwr.o
 .debug_ranges  0x00000398       0x10 ..\obj\rtc.o
 .debug_ranges  0x000003a8       0x20 ..\obj\mbutils.o
 .debug_ranges  0x000003c8       0x18 ..\obj\startup_stm32f4xx.o
 .debug_ranges  0x000003e0       0x28 ..\obj\mbfuncholding.o
 .debug_ranges  0x00000408       0x70 ..\obj\usbd_core.o
 .debug_ranges  0x00000478       0x30 ..\obj\main.o
 .debug_ranges  0x000004a8       0x10 ..\obj\mbcrc.o
 .debug_ranges  0x000004b8      0x168 ..\obj\stm32f4xx_rcc.o
 .debug_ranges  0x00000620       0x10 ..\obj\mbfuncfile.o
 .debug_ranges  0x00000630       0x28 ..\obj\log.o
 .debug_ranges  0x00000658       0x10 ..\obj\mbfuncinput.o
 .debug_ranges  0x00000668       0x90 ..\obj\printf.o
 .debug_ranges  0x000006f8       0x28 ..\obj\watchdog.o
 .debug_ranges  0x00000720      0x160 ..\obj\tasks.o
 .debug_ranges  0x00000880       0x40 ..\obj\usbd_desc.o
 .debug_ranges  0x000008c0       0x38 ..\obj\fram_i2c.o
 .debug_ranges  0x000008f8       0x78 ..\obj\stm32f4xx_gpio.o
 .debug_ranges  0x00000970       0x80 ..\obj\porttimer.o
 .debug_ranges  0x000009f0       0x40 ..\obj\usbd_cdc_vcp.o
 .debug_ranges  0x00000a30       0x48 ..\obj\mbrtu.o
 .debug_ranges  0x00000a78       0x30 ..\obj\list.o
 .debug_ranges  0x00000aa8       0x20 ..\obj\system_stm32f4xx.o
 .debug_ranges  0x00000ac8       0x38 ..\obj\usb_bsp.o
 .debug_ranges  0x00000b00       0x78 ..\obj\usbd_req.o
 .debug_ranges  0x00000b78       0x80 ..\obj\port.o
 .debug_ranges  0x00000bf8       0xa8 ..\obj\queue.o
 .debug_ranges  0x00000ca0       0x70 ..\obj\usb_dcd_int.o
 .debug_ranges  0x00000d10       0xa0 ..\obj\portserial.o
 .debug_ranges  0x00000db0       0x58 ..\obj\usbd_cdc_core.o
 .debug_ranges  0x00000e08       0xd0 ..\obj\stm32f4xx_spi.o
 .debug_ranges  0x00000ed8       0x20 ..\obj\mbfunccoils.o
 .debug_ranges  0x00000ef8       0x58 ..\obj\ADS1220.o
 .debug_ranges  0x00000f50      0x110 ..\obj\stm32f4xx_i2c.o
 .debug_ranges  0x00001060       0x30 ..\obj\frequency.o
 .debug_ranges  0x00001090       0x48 ..\obj\stm32f4xx_exti.o
 .debug_ranges  0x000010d8       0x30 ..\obj\misc.o
 .debug_ranges  0x00001108       0x70 ..\obj\usb_dcd.o
 .debug_ranges  0x00001178      0x1d0 ..\obj\stm32f4xx_rtc.o
 .debug_ranges  0x00001348       0x40 ..\obj\usbd_ioreq.o
 .debug_ranges  0x00001388       0x30 ..\obj\heap_2.o
 .debug_ranges  0x000013b8       0x18 ..\obj\controller.o
 .debug_ranges  0x000013d0      0x2e8 ..\obj\stm32f4xx_tim.o
 .debug_ranges  0x000016b8       0x20 ..\obj\power_detector.o

.debug_line     0x00000000     0xb3c1
 .debug_line    0x00000000      0x67b ..\obj\usb_core.o
 .debug_line    0x0000067b      0x541 ..\obj\mbport.o
 .debug_line    0x00000bbc      0x312 ..\obj\mb.o
 .debug_line    0x00000ece      0x34c ..\obj\protocol.o
 .debug_line    0x0000121a      0x1d9 ..\obj\mbfuncdisc.o
 .debug_line    0x000013f3      0x17a ..\obj\usbd_usr.o
 .debug_line    0x0000156d      0x238 ..\obj\portevent.o
 .debug_line    0x000017a5      0x22f ..\obj\mbfuncother.o
 .debug_line    0x000019d4      0x485 ..\obj\stm32f4xx_usart.o
 .debug_line    0x00001e59      0x28b ..\obj\stm32f4xx_pwr.o
 .debug_line    0x000020e4      0x1ea ..\obj\rtc.o
 .debug_line    0x000022ce      0x239 ..\obj\mbutils.o
 .debug_line    0x00002507       0xb0 ..\obj\startup_stm32f4xx.o
 .debug_line    0x000025b7      0x26f ..\obj\mbfuncholding.o
 .debug_line    0x00002826      0x2ce ..\obj\usbd_core.o
 .debug_line    0x00002af4      0x285 ..\obj\main.o
 .debug_line    0x00002d79      0x150 ..\obj\mbcrc.o
 .debug_line    0x00002ec9      0x57b ..\obj\stm32f4xx_rcc.o
 .debug_line    0x00003444      0x211 ..\obj\mbfuncfile.o
 .debug_line    0x00003655      0x33f ..\obj\log.o
 .debug_line    0x00003994      0x1cf ..\obj\mbfuncinput.o
 .debug_line    0x00003b63      0x392 ..\obj\printf.o
 .debug_line    0x00003ef5      0x221 ..\obj\watchdog.o
 .debug_line    0x00004116      0xa6a ..\obj\tasks.o
 .debug_line    0x00004b80      0x1c0 ..\obj\usbd_desc.o
 .debug_line    0x00004d40      0x4fb ..\obj\fram_i2c.o
 .debug_line    0x0000523b      0x323 ..\obj\stm32f4xx_gpio.o
 .debug_line    0x0000555e      0x42d ..\obj\porttimer.o
 .debug_line    0x0000598b      0x1ea ..\obj\usbd_cdc_vcp.o
 .debug_line    0x00005b75      0x27f ..\obj\mbrtu.o
 .debug_line    0x00005df4      0x22d ..\obj\list.o
 .debug_line    0x00006021      0x1b0 ..\obj\system_stm32f4xx.o
 .debug_line    0x000061d1      0x279 ..\obj\usb_bsp.o
 .debug_line    0x0000644a      0x38d ..\obj\usbd_req.o
 .debug_line    0x000067d7      0x2f6 ..\obj\port.o
 .debug_line    0x00006acd      0x6d3 ..\obj\queue.o
 .debug_line    0x000071a0      0x379 ..\obj\usb_dcd_int.o
 .debug_line    0x00007519      0x5eb ..\obj\portserial.o
 .debug_line    0x00007b04      0x265 ..\obj\usbd_cdc_core.o
 .debug_line    0x00007d69      0x437 ..\obj\stm32f4xx_spi.o
 .debug_line    0x000081a0      0x247 ..\obj\mbfunccoils.o
 .debug_line    0x000083e7      0x4e3 ..\obj\ADS1220.o
 .debug_line    0x000088ca      0x4c0 ..\obj\stm32f4xx_i2c.o
 .debug_line    0x00008d8a      0x3f7 ..\obj\frequency.o
 .debug_line    0x00009181      0x289 ..\obj\stm32f4xx_exti.o
 .debug_line    0x0000940a      0x229 ..\obj\misc.o
 .debug_line    0x00009633      0x2ec ..\obj\usb_dcd.o
 .debug_line    0x0000991f      0x7f1 ..\obj\stm32f4xx_rtc.o
 .debug_line    0x0000a110      0x1d6 ..\obj\usbd_ioreq.o
 .debug_line    0x0000a2e6      0x263 ..\obj\heap_2.o
 .debug_line    0x0000a549      0x1ce ..\obj\controller.o
 .debug_line    0x0000a717      0xa5d ..\obj\stm32f4xx_tim.o
 .debug_line    0x0000b174      0x24d ..\obj\power_detector.o

.debug_str      0x00000000     0x8e13
 .debug_str     0x00000000     0x12c9 ..\obj\usb_core.o
                               0x15fa (size before relaxing)
 .debug_str     0x000012c9      0x476 ..\obj\mbport.o
                                0x5a5 (size before relaxing)
 .debug_str     0x0000173f      0x5cc ..\obj\mb.o
                                0x78e (size before relaxing)
 .debug_str     0x00001d0b      0x1f6 ..\obj\protocol.o
                                0x84f (size before relaxing)
 .debug_str     0x00001f01       0xc3 ..\obj\mbfuncdisc.o
                                0x2ec (size before relaxing)
 .debug_str     0x00001fc4       0xbc ..\obj\usbd_usr.o
                                0x1fe (size before relaxing)
 .debug_str     0x00002080       0x9a ..\obj\portevent.o
                                0x6ff (size before relaxing)
 .debug_str     0x0000211a       0xd8 ..\obj\mbfuncother.o
                                0x315 (size before relaxing)
 .debug_str     0x000021f2      0x516 ..\obj\stm32f4xx_usart.o
                                0x603 (size before relaxing)
 .debug_str     0x00002708      0x1e9 ..\obj\stm32f4xx_pwr.o
                                0x305 (size before relaxing)
 .debug_str     0x000028f1       0xa9 ..\obj\rtc.o
                                0x1aa (size before relaxing)
 .debug_str     0x0000299a       0xee ..\obj\mbutils.o
                                0x329 (size before relaxing)
 .debug_str     0x00002a88       0xbe ..\obj\startup_stm32f4xx.o
                                 0xe5 (size before relaxing)
 .debug_str     0x00002b46      0x155 ..\obj\mbfuncholding.o
                                0x3ca (size before relaxing)
 .debug_str     0x00002c9b      0x196 ..\obj\usbd_core.o
                                0xa3f (size before relaxing)
 .debug_str     0x00002e31       0xd6 ..\obj\main.o
                                0x1ba (size before relaxing)
 .debug_str     0x00002f07       0x77 ..\obj\mbcrc.o
                                0x14d (size before relaxing)
 .debug_str     0x00002f7e      0x5eb ..\obj\stm32f4xx_rcc.o
                                0x7c4 (size before relaxing)
 .debug_str     0x00003569       0x93 ..\obj\mbfuncfile.o
                                0x323 (size before relaxing)
 .debug_str     0x000035fc       0xb8 ..\obj\log.o
                                0x3d6 (size before relaxing)
 .debug_str     0x000036b4       0x79 ..\obj\mbfuncinput.o
                                0x2e0 (size before relaxing)
 .debug_str     0x0000372d      0x4b3 ..\obj\printf.o
                                0x605 (size before relaxing)
 .debug_str     0x00003be0       0xd5 ..\obj\watchdog.o
                                0x1e0 (size before relaxing)
 .debug_str     0x00003cb5      0xa41 ..\obj\tasks.o
                                0xb9c (size before relaxing)
 .debug_str     0x000046f6      0x16a ..\obj\usbd_desc.o
                                0x301 (size before relaxing)
 .debug_str     0x00004860      0x35d ..\obj\fram_i2c.o
                                0x58c (size before relaxing)
 .debug_str     0x00004bbd      0x1ac ..\obj\stm32f4xx_gpio.o
                                0x417 (size before relaxing)
 .debug_str     0x00004d69      0x858 ..\obj\porttimer.o
                                0xf40 (size before relaxing)
 .debug_str     0x000055c1      0x14a ..\obj\usbd_cdc_vcp.o
                                0x236 (size before relaxing)
 .debug_str     0x0000570b      0x121 ..\obj\mbrtu.o
                                0x560 (size before relaxing)
 .debug_str     0x0000582c       0xe8 ..\obj\list.o
                                0x23a (size before relaxing)
 .debug_str     0x00005914       0xb6 ..\obj\system_stm32f4xx.o
                                0x31e (size before relaxing)
 .debug_str     0x000059ca       0xdf ..\obj\usb_bsp.o
                               0x1046 (size before relaxing)
 .debug_str     0x00005aa9      0x17c ..\obj\usbd_req.o
                                0xa6a (size before relaxing)
 .debug_str     0x00005c25      0x263 ..\obj\port.o
                                0x369 (size before relaxing)
 .debug_str     0x00005e88      0x353 ..\obj\queue.o
                                0x57f (size before relaxing)
 .debug_str     0x000061db      0x292 ..\obj\usb_dcd_int.o
                               0x11f8 (size before relaxing)
 .debug_str     0x0000646d      0x238 ..\obj\portserial.o
                               0x18d7 (size before relaxing)
 .debug_str     0x000066a5      0x1b2 ..\obj\usbd_cdc_core.o
                                0xab5 (size before relaxing)
 .debug_str     0x00006857      0x3b4 ..\obj\stm32f4xx_spi.o
                                0x5fe (size before relaxing)
 .debug_str     0x00006c0b       0xd6 ..\obj\mbfunccoils.o
                                0x354 (size before relaxing)
 .debug_str     0x00006ce1      0x1d5 ..\obj\ADS1220.o
                                0x7c4 (size before relaxing)
 .debug_str     0x00006eb6      0x345 ..\obj\stm32f4xx_i2c.o
                                0x5d9 (size before relaxing)
 .debug_str     0x000071fb      0x17f ..\obj\frequency.o
                                0xd55 (size before relaxing)
 .debug_str     0x0000737a      0x1db ..\obj\stm32f4xx_exti.o
                                0x2e2 (size before relaxing)
 .debug_str     0x00007555      0x137 ..\obj\misc.o
                                0x34d (size before relaxing)
 .debug_str     0x0000768c      0x110 ..\obj\usb_dcd.o
                                0xa9a (size before relaxing)
 .debug_str     0x0000779c      0x8b1 ..\obj\stm32f4xx_rtc.o
                                0xac7 (size before relaxing)
 .debug_str     0x0000804d       0xd2 ..\obj\usbd_ioreq.o
                                0x929 (size before relaxing)
 .debug_str     0x0000811f      0x19b ..\obj\heap_2.o
                                0x28d (size before relaxing)
 .debug_str     0x000082ba       0x7c ..\obj\controller.o
                                0x281 (size before relaxing)
 .debug_str     0x00008336      0xa3a ..\obj\stm32f4xx_tim.o
                                0xd44 (size before relaxing)
 .debug_str     0x00008d70       0xa3 ..\obj\power_detector.o
                                0x841 (size before relaxing)

.comment        0x00000000       0x30
 .comment       0x00000000       0x30 ..\obj\usb_core.o
                                 0x31 (size before relaxing)
 .comment       0x00000000       0x31 ..\obj\mbport.o
 .comment       0x00000000       0x31 ..\obj\mb.o
 .comment       0x00000000       0x31 ..\obj\protocol.o
 .comment       0x00000000       0x31 ..\obj\mbfuncdisc.o
 .comment       0x00000000       0x31 ..\obj\usbd_usr.o
 .comment       0x00000000       0x31 ..\obj\portevent.o
 .comment       0x00000000       0x31 ..\obj\mbfuncother.o
 .comment       0x00000000       0x31 ..\obj\stm32f4xx_usart.o
 .comment       0x00000000       0x31 ..\obj\stm32f4xx_pwr.o
 .comment       0x00000000       0x31 ..\obj\rtc.o
 .comment       0x00000000       0x31 ..\obj\mbutils.o
 .comment       0x00000000       0x31 ..\obj\startup_stm32f4xx.o
 .comment       0x00000000       0x31 ..\obj\mbfuncholding.o
 .comment       0x00000000       0x31 ..\obj\usbd_core.o
 .comment       0x00000000       0x31 ..\obj\main.o
 .comment       0x00000000       0x31 ..\obj\mbcrc.o
 .comment       0x00000000       0x31 ..\obj\stm32f4xx_rcc.o
 .comment       0x00000000       0x31 ..\obj\mbfuncfile.o
 .comment       0x00000000       0x31 ..\obj\log.o
 .comment       0x00000000       0x31 ..\obj\mbfuncinput.o
 .comment       0x00000000       0x31 ..\obj\printf.o
 .comment       0x00000000       0x31 ..\obj\watchdog.o
 .comment       0x00000000       0x31 ..\obj\tasks.o
 .comment       0x00000000       0x31 ..\obj\usbd_desc.o
 .comment       0x00000000       0x31 ..\obj\fram_i2c.o
 .comment       0x00000000       0x31 ..\obj\stm32f4xx_gpio.o
 .comment       0x00000000       0x31 ..\obj\porttimer.o
 .comment       0x00000000       0x31 ..\obj\usbd_cdc_vcp.o
 .comment       0x00000000       0x31 ..\obj\mbrtu.o
 .comment       0x00000000       0x31 ..\obj\list.o
 .comment       0x00000000       0x31 ..\obj\system_stm32f4xx.o
 .comment       0x00000000       0x31 ..\obj\usb_bsp.o
 .comment       0x00000000       0x31 ..\obj\usbd_req.o
 .comment       0x00000000       0x31 ..\obj\port.o
 .comment       0x00000000       0x31 ..\obj\queue.o
 .comment       0x00000000       0x31 ..\obj\usb_dcd_int.o
 .comment       0x00000000       0x31 ..\obj\portserial.o
 .comment       0x00000000       0x31 ..\obj\usbd_cdc_core.o
 .comment       0x00000000       0x31 ..\obj\stm32f4xx_spi.o
 .comment       0x00000000       0x31 ..\obj\mbfunccoils.o
 .comment       0x00000000       0x31 ..\obj\ADS1220.o
 .comment       0x00000000       0x31 ..\obj\stm32f4xx_i2c.o
 .comment       0x00000000       0x31 ..\obj\frequency.o
 .comment       0x00000000       0x31 ..\obj\stm32f4xx_exti.o
 .comment       0x00000000       0x31 ..\obj\misc.o
 .comment       0x00000000       0x31 ..\obj\usb_dcd.o
 .comment       0x00000000       0x31 ..\obj\stm32f4xx_rtc.o
 .comment       0x00000000       0x31 ..\obj\usbd_ioreq.o
 .comment       0x00000000       0x31 ..\obj\heap_2.o
 .comment       0x00000000       0x31 ..\obj\controller.o
 .comment       0x00000000       0x31 ..\obj\stm32f4xx_tim.o
 .comment       0x00000000       0x31 ..\obj\power_detector.o

.ARM.attributes
                0x00000000       0x35
 .ARM.attributes
                0x00000000       0x37 ..\obj\usb_core.o
 .ARM.attributes