Archive member included because of file (symbol)

C:\Program Files\CooCox\CoIDE\gcc\Sourcery G++ Lite\arm-none-eabi\lib\thumb2\libm.a(lib_a-wf_sqrt.o)
                              ..\obj\ADS1220.o (sqrtf)
C:\Program Files\CooCox\CoIDE\gcc\Sourcery G++ Lite\arm-none-eabi\lib\thumb2\libm.a(lib_a-ef_sqrt.o)
                              C:\Program Files\CooCox\CoIDE\gcc\Sourcery G++ Lite\arm-none-eabi\lib\thumb2\libm.a(lib_a-wf_sqrt.o) (__ieee754_sqrtf)
C:\Program Files\CooCox\CoIDE\gcc\Sourcery G++ Lite\arm-none-eabi\lib\thumb2\libm.a(lib_a-s_lib_ver.o)
                              C:\Program Files\CooCox\CoIDE\gcc\Sourcery G++ Lite\arm-none-eabi\lib\thumb2\libm.a(lib_a-wf_sqrt.o) (__fdlib_version)
C:\Program Files\CooCox\CoIDE\gcc\Sourcery G++ Lite\arm-none-eabi\lib\thumb2\libm.a(lib_a-s_matherr.o)
                              C:\Program Files\CooCox\CoIDE\gcc\Sourcery G++ Lite\arm-none-eabi\lib\thumb2\libm.a(lib_a-wf_sqrt.o) (matherr)
C:\Program Files\CooCox\CoIDE\gcc\Sourcery G++ Lite\arm-none-eabi\lib\thumb2\libm.a(lib_a-sf_fpclassify.o)
                              C:\Program Files\CooCox\CoIDE\gcc\Sourcery G++ Lite\arm-none-eabi\lib\thumb2\libm.a(lib_a-wf_sqrt.o) (__fpclassifyf)
C:\Program Files\CooCox\CoIDE\gcc\Sourcery G++ Lite\arm-none-eabi\lib\thumb2\libc.a(lib_a-errno.o)
                              C:\Program Files\CooCox\CoIDE\gcc\Sourcery G++ Lite\arm-none-eabi\lib\thumb2\libm.a(lib_a-wf_sqrt.o) (__errno)
C:\Program Files\CooCox\CoIDE\gcc\Sourcery G++ Lite\arm-none-eabi\lib\thumb2\libc.a(lib_a-memcmp.o)
                              ..\obj\tasks.o (memcmp)
C:\Program Files\CooCox\CoIDE\gcc\Sourcery G++ Lite\arm-none-eabi\lib\thumb2\libc.a(lib_a-memcpy.o)
                              ..\obj\mbport.o (memcpy)
C:\Program Files\CooCox\CoIDE\gcc\Sourcery G++ Lite\arm-none-eabi\lib\thumb2\libc.a(lib_a-memset.o)
                              ..\obj\tasks.o (memset)
C:\Program Files\CooCox\CoIDE\gcc\Sourcery G++ Lite\arm-none-eabi\lib\thumb2\libc.a(lib_a-strlen.o)
                              ..\obj\wiznet.o (strlen)
c:/stm32/arm_eabi/bin/../lib/gcc/arm-none-eabi/4.7.2/thumb2\libgcc.a(_arm_addsubdf3.o)
                              ..\obj\ADS1220.o (__aeabi_dsub)
c:/stm32/arm_eabi/bin/../lib/gcc/arm-none-eabi/4.7.2/thumb2\libgcc.a(_arm_muldivdf3.o)
                              ..\obj\ADS1220.o (__aeabi_dmul)
c:/stm32/arm_eabi/bin/../lib/gcc/arm-none-eabi/4.7.2/thumb2\libgcc.a(_arm_truncdfsf2.o)
                              ..\obj\ADS1220.o (__aeabi_d2f)
c:/stm32/arm_eabi/bin/../lib/gcc/arm-none-eabi/4.7.2/thumb2\libgcc.a(_arm_addsubsf3.o)
                              ..\obj\ADS1220.o (__aeabi_fsub)
c:/stm32/arm_eabi/bin/../lib/gcc/arm-none-eabi/4.7.2/thumb2\libgcc.a(_arm_muldivsf3.o)
                              ..\obj\ADS1220.o (__aeabi_fmul)
c:/stm32/arm_eabi/bin/../lib/gcc/arm-none-eabi/4.7.2/thumb2\libgcc.a(_arm_cmpsf2.o)
                              ..\obj\controller.o (__aeabi_fcmplt)
c:/stm32/arm_eabi/bin/../lib/gcc/arm-none-eabi/4.7.2/thumb2\libgcc.a(_arm_fixunssfsi.o)
                              ..\obj\mbport.o (__aeabi_f2uiz)

Allocating common symbols
Common symbol       size              file

SDIO_CmdInitStructure
                    0x14              ..\obj\sdio_sd.o
APP_Tx_Buffer       0x80              ..\obj\usbd_cdc_vcp.o
log_buf             0x80              ..\obj\log.o
stContext_RS232     0x174             ..\obj\protocol.o
stContext_RS485     0x174             ..\obj\protocol.o
stSettings          0x84              ..\obj\controller.o
SDCardInfo          0x58              ..\obj\sdio_sd.o
SDIO_InitStructure  0x18              ..\obj\sdio_sd.o
gDATABUF            0x800             ..\obj\wiznet.o
usbd_cdc_OtherCfgDesc
                    0x43              ..\obj\usbd_cdc_core.o
SDIO_DataInitStructure
                    0x18              ..\obj\sdio_sd.o
APP_tx_ptr_tail     0x4               ..\obj\usbd_cdc_vcp.o
USB_Rx_Buffer       0x40              ..\obj\usbd_cdc_core.o
xMeasureDataMutex   0x4               ..\obj\controller.o
temp_char           0x1               ..\obj\portserial.o
stContext_USB_CDC   0x174             ..\obj\protocol.o
CmdBuff             0x8               ..\obj\usbd_cdc_core.o
xI2CBusMutex        0x4               ..\obj\fram_i2c.o
USB_OTG_dev         0x5f0             ..\obj\portserial.o
xFrequencySemaphore
                    0x8               ..\obj\frequency.o
xADC_SPI_Mutex      0x4               ..\obj\ADS1220.o
APP_Rx_Buffer       0x800             ..\obj\usbd_cdc_core.o
NVIC_InitStructure  0x4               ..\obj\low_level_sdio.o
stMeasureData       0x60              ..\obj\controller.o
xSettingsMutex      0x4               ..\obj\controller.o
task_watches        0x50              ..\obj\watchdog.o
USBD_StrDesc        0x32              ..\obj\usbd_req.o
APP_tx_ptr_head     0x4               ..\obj\usbd_cdc_vcp.o

Discarded input sections

 .text          0x00000000        0x0 ..\obj\socket.o
[...]
Memory Configuration

Name             Origin             Length             Attributes
rom              0x08000000         0x00100000         xr
ram              0x20000000         0x00020000         xrw
ram1             0x10000000         0x00010000         xrw
*default*        0x00000000         0xffffffff

Linker script and memory map

                0x20020000                _eram = 0x20020000

.text           0x08000000    0x11ccc
 *(.isr_vector)
 .isr_vector    0x08000000      0x188 ..\obj\startup_stm32f4xx.o
                0x08000000                g_pfnVectors
 *(.text*)
 .text.USB_OTG_EnableCommonInt
                0x08000188       0x44 ..\obj\usb_core.o
 .text.USB_OTG_CoreReset
                0x080001cc       0xa4 ..\obj\usb_core.o
 .text.USB_OTG_WritePacket
                0x08000270       0x84 ..\obj\usb_core.o
                0x08000270                USB_OTG_WritePacket
 .text.USB_OTG_ReadPacket
                0x080002f4       0x68 ..\obj\usb_core.o
                0x080002f4                USB_OTG_ReadPacket
 .text.USB_OTG_SelectCore
                0x0800035c      0x1b0 ..\obj\usb_core.o
                0x0800035c                USB_OTG_SelectCore
 .text.USB_OTG_CoreInit
                0x0800050c      0x1f8 ..\obj\usb_core.o
                0x0800050c                USB_OTG_CoreInit
 .text.USB_OTG_EnableGlobalInt
                0x08000704       0x3c ..\obj\usb_core.o
                0x08000704                USB_OTG_EnableGlobalInt
 .text.USB_OTG_DisableGlobalInt
                0x08000740       0x40 ..\obj\usb_core.o
                0x08000740                USB_OTG_DisableGlobalInt
 .text.USB_OTG_FlushTxFifo
                0x08000780       0x80 ..\obj\usb_core.o
                0x08000780                USB_OTG_FlushTxFifo
 .text.USB_OTG_FlushRxFifo
                0x08000800       0x6c ..\obj\usb_core.o
                0x08000800                USB_OTG_FlushRxFifo
 .text.USB_OTG_SetCurrentMode
                0x0800086c       0x64 ..\obj\usb_core.o
                0x0800086c                USB_OTG_SetCurrentMode
 .text.USB_OTG_GetMode
                0x080008d0       0x20 ..\obj\usb_core.o
                0x080008d0                USB_OTG_GetMode
 .text.USB_OTG_IsDeviceMode
                0x080008f0       0x24 ..\obj\usb_core.o
                0x080008f0                USB_OTG_IsDeviceMode
 .text.USB_OTG_ReadCoreItr
                0x08000914       0x30 ..\obj\usb_core.o
                0x08000914                USB_OTG_ReadCoreItr
 .text.USB_OTG_InitDevSpeed
                0x08000944       0x38 ..\obj\usb_core.o
                0x08000944                USB_OTG_InitDevSpeed
 .text.USB_OTG_CoreInitDev
                0x0800097c      0x2d8 ..\obj\usb_core.o
                0x0800097c                USB_OTG_CoreInitDev
 .text.USB_OTG_EnableDevInt
                0x08000c54       0xa4 ..\obj\usb_core.o
                0x08000c54                USB_OTG_EnableDevInt
 .text.USB_OTG_GetDeviceSpeed
                0x08000cf8       0x50 ..\obj\usb_core.o
                0x08000cf8                USB_OTG_GetDeviceSpeed
 .text.USB_OTG_EP0Activate
                0x08000d48       0x80 ..\obj\usb_core.o
                0x08000d48                USB_OTG_EP0Activate
 .text.USB_OTG_EPActivate
                0x08000dc8       0xf8 ..\obj\usb_core.o
                0x08000dc8                USB_OTG_EPActivate
 .text.USB_OTG_EPDeactivate
                0x08000ec0       0xa4 ..\obj\usb_core.o
                0x08000ec0                USB_OTG_EPDeactivate
 .text.USB_OTG_EPStartXfer
                0x08000f64      0x2d0 ..\obj\usb_core.o
                0x08000f64                USB_OTG_EPStartXfer
 .text.USB_OTG_EP0StartXfer
                0x08001234      0x200 ..\obj\usb_core.o
                0x08001234                USB_OTG_EP0StartXfer
 .text.USB_OTG_EPSetStall
                0x08001434       0x94 ..\obj\usb_core.o
                0x08001434                USB_OTG_EPSetStall
 .text.USB_OTG_EPClearStall
                0x080014c8       0x84 ..\obj\usb_core.o
                0x080014c8                USB_OTG_EPClearStall
 .text.USB_OTG_ReadDevAllOutEp_itr
                0x0800154c       0x30 ..\obj\usb_core.o
                0x0800154c                USB_OTG_ReadDevAllOutEp_itr
 .text.USB_OTG_ReadDevOutEP_itr
                0x0800157c       0x3c ..\obj\usb_core.o
                0x0800157c                USB_OTG_ReadDevOutEP_itr
 .text.USB_OTG_ReadDevAllInEPItr
                0x080015b8       0x34 ..\obj\usb_core.o
                0x080015b8                USB_OTG_ReadDevAllInEPItr
 .text.USB_OTG_EP0_OutStart
                0x080015ec       0x78 ..\obj\usb_core.o
                0x080015ec                USB_OTG_EP0_OutStart
 .text.USB_OTG_UngateClock
                0x08001664       0x54 ..\obj\usb_core.o
                0x08001664                USB_OTG_UngateClock
 .text.ENTER_CRITICAL_SECTION
                0x080016b8        0xc ..\obj\mbport.o
                0x080016b8                ENTER_CRITICAL_SECTION
 .text.EXIT_CRITICAL_SECTION
                0x080016c4        0xc ..\obj\mbport.o
                0x080016c4                EXIT_CRITICAL_SECTION
 .text.eMBRegInputCB
                0x080016d0      0x294 ..\obj\mbport.o
                0x080016d0                eMBRegInputCB
 .text.eMBRegHoldingCB
                0x08001964     0x30ec ..\obj\mbport.o
                0x08001964                eMBRegHoldingCB
 .text.eMBRegCoilsCB
                0x08004a50       0x20 ..\obj\mbport.o
                0x08004a50                eMBRegCoilsCB
 .text.eMBRegDiscreteCB
                0x08004a70       0x20 ..\obj\mbport.o
                0x08004a70                eMBRegDiscreteCB
 .text.eMBFileCB
                0x08004a90      0x16c ..\obj\mbport.o
                0x08004a90                eMBFileCB
 .text.SDIO_ITConfig
                0x08004bfc       0x40 ..\obj\stm32f4xx_sdio.o
                0x08004bfc                SDIO_ITConfig
 .text.SDIO_GetITStatus
                0x08004c3c       0x3c ..\obj\stm32f4xx_sdio.o
                0x08004c3c                SDIO_GetITStatus
 .text.SDIO_ClearITPendingBit
                0x08004c78       0x1c ..\obj\stm32f4xx_sdio.o
                0x08004c78                SDIO_ClearITPendingBit
 .text.eMBInit  0x08004c94      0x100 ..\obj\mb.o
                0x08004c94                eMBInit
 .text.eMBEnable
                0x08004d94       0x50 ..\obj\mb.o
                0x08004d94                eMBEnable
 .text.eMBPoll  0x08004de4      0x1ac ..\obj\mb.o
                0x08004de4                eMBPoll
 .text.Protocol_Init
                0x08004f90      0x134 ..\obj\protocol.o
                0x08004f90                Protocol_Init
 .text.Modbus_RS485_Task
                0x080050c4       0x38 ..\obj\protocol.o
 .text.Modbus_RS232_Task
                0x080050fc       0x38 ..\obj\protocol.o
 .text.Modbus_USB_CDC_Task
                0x08005134       0x38 ..\obj\protocol.o
 .text.eMBFuncReadDiscreteInputs
                0x0800516c      0x130 ..\obj\mbfuncdisc.o
                0x0800516c                eMBFuncReadDiscreteInputs
 .text.USBD_USR_Init
                0x0800529c        0xc ..\obj\usbd_usr.o
                0x0800529c                USBD_USR_Init
 .text.USBD_USR_DeviceReset
                0x080052a8       0x14 ..\obj\usbd_usr.o
                0x080052a8                USBD_USR_DeviceReset
 .text.USBD_USR_DeviceConfigured
                0x080052bc        0xc ..\obj\usbd_usr.o
                0x080052bc                USBD_USR_DeviceConfigured
 .text.USBD_USR_DeviceSuspended
                0x080052c8        0xc ..\obj\usbd_usr.o
                0x080052c8                USBD_USR_DeviceSuspended
 .text.USBD_USR_DeviceResumed
                0x080052d4        0xc ..\obj\usbd_usr.o
                0x080052d4                USBD_USR_DeviceResumed
 .text.xMBPortEventInit
                0x080052e0       0x20 ..\obj\portevent.o
                0x080052e0                xMBPortEventInit
 .text.xMBPortEventPost
                0x08005300       0x2c ..\obj\portevent.o
                0x08005300                xMBPortEventPost
 .text.xMBPortEventGet
                0x0800532c       0x60 ..\obj\portevent.o
                0x0800532c                xMBPortEventGet
 .text.eMBFuncReportSlaveID
                0x0800538c       0x44 ..\obj\mbfuncother.o
                0x0800538c                eMBFuncReportSlaveID
 .text.USART_Init
                0x080053d0      0x19c ..\obj\stm32f4xx_usart.o
                0x080053d0                USART_Init
 .text.USART_Cmd
                0x0800556c       0x40 ..\obj\stm32f4xx_usart.o
                0x0800556c                USART_Cmd
 .text.USART_SendData
                0x080055ac       0x28 ..\obj\stm32f4xx_usart.o
                0x080055ac                USART_SendData
 .text.USART_ReceiveData
                0x080055d4       0x24 ..\obj\stm32f4xx_usart.o
                0x080055d4                USART_ReceiveData
 .text.USART_ITConfig
                0x080055f8       0xa4 ..\obj\stm32f4xx_usart.o
                0x080055f8                USART_ITConfig
 .text.USART_GetFlagStatus
                0x0800569c       0x40 ..\obj\stm32f4xx_usart.o
                0x0800569c                USART_GetFlagStatus
 .text.USART_ClearFlag
                0x080056dc       0x24 ..\obj\stm32f4xx_usart.o
                0x080056dc                USART_ClearFlag
 .text.USART_GetITStatus
                0x08005700       0xc4 ..\obj\stm32f4xx_usart.o
                0x08005700                USART_GetITStatus
 .text.PWR_BackupAccessCmd
                0x080057c4       0x20 ..\obj\stm32f4xx_pwr.o
                0x080057c4                PWR_BackupAccessCmd
 .text.PWR_PVDLevelConfig
                0x080057e4       0x38 ..\obj\stm32f4xx_pwr.o
                0x080057e4                PWR_PVDLevelConfig
 .text.PWR_PVDCmd
                0x0800581c       0x20 ..\obj\stm32f4xx_pwr.o
                0x0800581c                PWR_PVDCmd
 .text.SD_ProcessIRQSrc
                0x0800583c       0xe8 ..\obj\sdio_sd.o
                0x0800583c                SD_ProcessIRQSrc
 .text.SD_ProcessDMAIRQ
                0x08005924       0x30 ..\obj\sdio_sd.o
                0x08005924                SD_ProcessDMAIRQ
 .text.RTC_Clock_Init
                0x08005954       0x94 ..\obj\rtc.o
                0x08005954                RTC_Clock_Init
 .text.prveMBError2Exception
                0x080059e8       0x48 ..\obj\mbutils.o
                0x080059e8                prveMBError2Exception
 .text.SDIO_IRQHandler
                0x08005a30        0xc ..\obj\diskio.o
                0x08005a30                SDIO_IRQHandler
 .text.DMA2_Stream3_IRQHandler
                0x08005a3c        0xc ..\obj\diskio.o
                0x08005a3c                DMA2_Stream3_IRQHandler
 .text.Default_Reset_Handler
                0x08005a48       0x64 ..\obj\startup_stm32f4xx.o
                0x08005a48                Default_Reset_Handler
                0x08005a48                Reset_Handler
 .text.Default_Handler
                0x08005aac        0x8 ..\obj\startup_stm32f4xx.o
                0x08005aac                RTC_Alarm_IRQHandler
                0x08005aac                HASH_RNG_IRQHandler
                0x08005aac                EXTI2_IRQHandler
                0x08005aac                TIM8_CC_IRQHandler
                0x08005aac                DebugMon_Handler
                0x08005aac                TIM1_CC_IRQHandler
                0x08005aac                DMA2_Stream5_IRQHandler
                0x08005aac                HardFault_Handler
                0x08005aac                DMA1_Stream5_IRQHandler
                0x08005aac                TAMP_STAMP_IRQHandler
                0x08005aac                NMI_Handler
                0x08005aac                CAN2_RX1_IRQHandler
                0x08005aac                EXTI3_IRQHandler
                0x08005aac                TIM8_TRG_COM_TIM14_IRQHandler
                0x08005aac                TIM8_UP_TIM13_IRQHandler
                0x08005aac                I2C3_ER_IRQHandler
                0x08005aac                EXTI0_IRQHandler
                0x08005aac                I2C2_EV_IRQHandler
                0x08005aac                DMA1_Stream2_IRQHandler
                0x08005aac                CAN1_RX0_IRQHandler
                0x08005aac                FPU_IRQHandler
                0x08005aac                OTG_HS_WKUP_IRQHandler
                0x08005aac                UsageFault_Handler
                0x08005aac                CAN2_SCE_IRQHandler
                0x08005aac                DMA2_Stream2_IRQHandler
                0x08005aac                SPI1_IRQHandler
                0x08005aac                TIM6_DAC_IRQHandler
                0x08005aac                TIM1_BRK_TIM9_IRQHandler
                0x08005aac                DCMI_IRQHandler
                0x08005aac                CAN2_RX0_IRQHandler
                0x08005aac                CRYP_IRQHandler
                0x08005aac                CAN1_RX1_IRQHandler
                0x08005aac                UART5_IRQHandler
                0x08005aac                DMA2_Stream0_IRQHandler
                0x08005aac                I2C1_EV_IRQHandler
                0x08005aac                DMA1_Stream6_IRQHandler
                0x08005aac                DMA1_Stream1_IRQHandler
                0x08005aac                UART4_IRQHandler
                0x08005aac                TIM3_IRQHandler
                0x08005aac                RCC_IRQHandler
                0x08005aac                TIM8_BRK_TIM12_IRQHandler
                0x08005aac                EXTI15_10_IRQHandler
                0x08005aac                ADC_IRQHandler
                0x08005aac                DMA1_Stream7_IRQHandler
                0x08005aac                TIM7_IRQHandler
                0x08005aac                CAN2_TX_IRQHandler
                0x08005aac                DMA2_Stream7_IRQHandler
                0x08005aac                I2C3_EV_IRQHandler
                0x08005aac                EXTI9_5_IRQHandler
                0x08005aac                RTC_WKUP_IRQHandler
                0x08005aac                ETH_WKUP_IRQHandler
                0x08005aac                SPI2_IRQHandler
                0x08005aac                OTG_HS_EP1_IN_IRQHandler
                0x08005aac                MemManage_Handler
                0x08005aac                DMA1_Stream0_IRQHandler
                0x08005aac                CAN1_TX_IRQHandler
                0x08005aac                EXTI4_IRQHandler
                0x08005aac                FSMC_IRQHandler
                0x08005aac                ETH_IRQHandler
                0x08005aac                OTG_HS_EP1_OUT_IRQHandler
                0x08005aac                WWDG_IRQHandler
                0x08005aac                TIM1_TRG_COM_TIM11_IRQHandler
                0x08005aac                OTG_HS_IRQHandler
                0x08005aac                EXTI1_IRQHandler
                0x08005aac                USART2_IRQHandler
                0x08005aac                I2C2_ER_IRQHandler
                0x08005aac                DMA2_Stream1_IRQHandler
                0x08005aac                CAN1_SCE_IRQHandler
                0x08005aac                FLASH_IRQHandler
                0x08005aac                DMA2_Stream4_IRQHandler
                0x08005aac                BusFault_Handler
                0x08005aac                USART1_IRQHandler
                0x08005aac                SPI3_IRQHandler
                0x08005aac                DMA1_Stream4_IRQHandler
                0x08005aac                I2C1_ER_IRQHandler
                0x08005aac                DMA2_Stream6_IRQHandler
                0x08005aac                DMA1_Stream3_IRQHandler
 .text.eMBFuncWriteHoldingRegister
                0x08005ab4       0x80 ..\obj\mbfuncholding.o
                0x08005ab4                eMBFuncWriteHoldingRegister
 .text.eMBFuncWriteMultipleHoldingRegister
                0x08005b34       0xd4 ..\obj\mbfuncholding.o
                0x08005b34                eMBFuncWriteMultipleHoldingRegister
 .text.eMBFuncReadHoldingRegister
                0x08005c08      0x10c ..\obj\mbfuncholding.o
                0x08005c08                eMBFuncReadHoldingRegister
 .text.eMBFuncReadWriteMultipleHoldingRegister
                0x08005d14      0x194 ..\obj\mbfuncholding.o
                0x08005d14                eMBFuncReadWriteMultipleHoldingRegister
 .text.USBD_Init
                0x08005ea8       0x58 ..\obj\usbd_core.o
                0x08005ea8                USBD_Init
 .text.USBD_DeInit
                0x08005f00       0x18 ..\obj\usbd_core.o
                0x08005f00                USBD_DeInit
 .text.USBD_SetupStage
                0x08005f18       0x70 ..\obj\usbd_core.o
 .text.USBD_DataOutStage
                0x08005f88       0xd4 ..\obj\usbd_core.o
 .text.USBD_DataInStage
                0x0800605c      0x114 ..\obj\usbd_core.o
 .text.USBD_Reset
                0x08006170       0x54 ..\obj\usbd_core.o
 .text.USBD_Resume
                0x080061c4       0x2c ..\obj\usbd_core.o
 .text.USBD_Suspend
                0x080061f0       0x2c ..\obj\usbd_core.o
 .text.USBD_SOF
                0x0800621c       0x30 ..\obj\usbd_core.o
 .text.USBD_SetCfg
                0x0800624c       0x34 ..\obj\usbd_core.o
                0x0800624c                USBD_SetCfg
 .text.USBD_ClrCfg
                0x08006280       0x2c ..\obj\usbd_core.o
                0x08006280                USBD_ClrCfg
 .text.USBD_IsoINIncomplete
                0x080062ac       0x24 ..\obj\usbd_core.o
 .text.USBD_IsoOUTIncomplete
                0x080062d0       0x24 ..\obj\usbd_core.o
 .text.main     0x080062f4       0x14 ..\obj\main.o
                0x080062f4                main
 .text.vApplicationMallocFailedHook
                0x08006308        0x8 ..\obj\main.o
                0x08006308                vApplicationMallocFailedHook
 .text.vApplicationStackOverflowHook
                0x08006310        0xc ..\obj\main.o
                0x08006310                vApplicationStackOverflowHook
 .text.vApplicationIdleHook
                0x0800631c       0x18 ..\obj\main.o
                0x0800631c                vApplicationIdleHook
 .text.usMBCRC16
                0x08006334       0x84 ..\obj\mbcrc.o
                0x08006334                usMBCRC16
 .text.RCC_LSEConfig
                0x080063b8       0x4c ..\obj\stm32f4xx_rcc.o
                0x080063b8                RCC_LSEConfig
 .text.RCC_GetClocksFreq
                0x08006404      0x178 ..\obj\stm32f4xx_rcc.o
                0x08006404                RCC_GetClocksFreq
 .text.RCC_RTCCLKConfig
                0x0800657c       0x60 ..\obj\stm32f4xx_rcc.o
                0x0800657c                RCC_RTCCLKConfig
 .text.RCC_RTCCLKCmd
                0x080065dc       0x20 ..\obj\stm32f4xx_rcc.o
                0x080065dc                RCC_RTCCLKCmd
 .text.RCC_AHB1PeriphClockCmd
                0x080065fc       0x40 ..\obj\stm32f4xx_rcc.o
                0x080065fc                RCC_AHB1PeriphClockCmd
 .text.RCC_AHB2PeriphClockCmd
                0x0800663c       0x40 ..\obj\stm32f4xx_rcc.o
                0x0800663c                RCC_AHB2PeriphClockCmd
 .text.RCC_APB1PeriphClockCmd
                0x0800667c       0x40 ..\obj\stm32f4xx_rcc.o
                0x0800667c                RCC_APB1PeriphClockCmd
 .text.RCC_APB2PeriphClockCmd
                0x080066bc       0x40 ..\obj\stm32f4xx_rcc.o
                0x080066bc                RCC_APB2PeriphClockCmd
 .text.RCC_APB1PeriphResetCmd
                0x080066fc       0x40 ..\obj\stm32f4xx_rcc.o
                0x080066fc                RCC_APB1PeriphResetCmd
 .text.RCC_GetFlagStatus
                0x0800673c       0x80 ..\obj\stm32f4xx_rcc.o
                0x0800673c                RCC_GetFlagStatus
 .text.eMBFuncReadFile
                0x080067bc      0x260 ..\obj\mbfuncfile.o
                0x080067bc                eMBFuncReadFile
 .text.Log_Read_LogEntry
                0x08006a1c       0x58 ..\obj\log.o
                0x08006a1c                Log_Read_LogEntry
 .text.eMBFuncReadInputRegister
                0x08006a74      0x110 ..\obj\mbfuncinput.o
                0x08006a74                eMBFuncReadInputRegister
 .text.Watchdog_SetTaskStatus
                0x08006b84       0x30 ..\obj\watchdog.o
                0x08006b84                Watchdog_SetTaskStatus
 .text.Watchdog_IncrementCouter
                0x08006bb4       0x30 ..\obj\watchdog.o
                0x08006bb4                Watchdog_IncrementCouter
 .text.xTaskGenericCreate
                0x08006be4      0x170 ..\obj\tasks.o
                0x08006be4                xTaskGenericCreate
 .text.vTaskDelay
                0x08006d54       0x90 ..\obj\tasks.o
                0x08006d54                vTaskDelay
 .text.vTaskStartScheduler
                0x08006de4       0x74 ..\obj\tasks.o
                0x08006de4                vTaskStartScheduler
 .text.vTaskSuspendAll
                0x08006e58       0x1c ..\obj\tasks.o
                0x08006e58                vTaskSuspendAll
 .text.xTaskResumeAll
                0x08006e74      0x124 ..\obj\tasks.o
                0x08006e74                xTaskResumeAll
 .text.xTaskIncrementTick
                0x08006f98      0x198 ..\obj\tasks.o
                0x08006f98                xTaskIncrementTick
 .text.vTaskSwitchContext
                0x08007130      0x104 ..\obj\tasks.o
                0x08007130                vTaskSwitchContext
 .text.vTaskPlaceOnEventList
                0x08007234       0x98 ..\obj\tasks.o
                0x08007234                vTaskPlaceOnEventList
 .text.xTaskRemoveFromEventList
                0x080072cc       0xcc ..\obj\tasks.o
                0x080072cc                xTaskRemoveFromEventList
 .text.vTaskSetTimeOutState
                0x08007398       0x34 ..\obj\tasks.o
                0x08007398                vTaskSetTimeOutState
 .text.xTaskCheckForTimeOut
                0x080073cc       0xac ..\obj\tasks.o
                0x080073cc                xTaskCheckForTimeOut
 .text.vTaskMissedYield
                0x08007478       0x18 ..\obj\tasks.o
                0x08007478                vTaskMissedYield
 .text.prvIdleTask
                0x08007490       0x24 ..\obj\tasks.o
 .text.prvInitialiseTCBVariables
                0x080074b4       0xbc ..\obj\tasks.o
 .text.prvInitialiseTaskLists
                0x08007570       0x88 ..\obj\tasks.o
 .text.prvCheckTasksWaitingTermination
                0x080075f8       0x7c ..\obj\tasks.o
 .text.prvAddCurrentTaskToDelayedList
                0x08007674       0x70 ..\obj\tasks.o
 .text.prvAllocateTCBAndStack
                0x080076e4       0x7c ..\obj\tasks.o
 .text.prvDeleteTCB
                0x08007760       0x20 ..\obj\tasks.o
 .text.prvResetNextTaskUnblockTime
                0x08007780       0x4c ..\obj\tasks.o
 .text.vTaskPriorityInherit
                0x080077cc      0x108 ..\obj\tasks.o
                0x080077cc                vTaskPriorityInherit
 .text.xTaskPriorityDisinherit
                0x080078d4       0xf4 ..\obj\tasks.o
                0x080078d4                xTaskPriorityDisinherit
 .text.pvTaskIncrementMutexHeldCount
                0x080079c8       0x28 ..\obj\tasks.o
                0x080079c8                pvTaskIncrementMutexHeldCount
 .text.USBD_USR_DeviceDescriptor
                0x080079f0       0x28 ..\obj\usbd_desc.o
                0x080079f0                USBD_USR_DeviceDescriptor
 .text.USBD_USR_LangIDStrDescriptor
                0x08007a18       0x28 ..\obj\usbd_desc.o
                0x08007a18                USBD_USR_LangIDStrDescriptor
 .text.USBD_USR_ProductStrDescriptor
                0x08007a40       0x40 ..\obj\usbd_desc.o
                0x08007a40                USBD_USR_ProductStrDescriptor
 .text.USBD_USR_ManufacturerStrDescriptor
                0x08007a80       0x2c ..\obj\usbd_desc.o
                0x08007a80                USBD_USR_ManufacturerStrDescriptor
 .text.USBD_USR_SerialStrDescriptor
                0x08007aac       0x40 ..\obj\usbd_desc.o
                0x08007aac                USBD_USR_SerialStrDescriptor
 .text.USBD_USR_ConfigStrDescriptor
                0x08007aec       0x3c ..\obj\usbd_desc.o
                0x08007aec                USBD_USR_ConfigStrDescriptor
 .text.USBD_USR_InterfaceStrDescriptor
                0x08007b28       0x3c ..\obj\usbd_desc.o
                0x08007b28                USBD_USR_InterfaceStrDescriptor
 .text.FRAM_I2C_Init
                0x08007b64       0xc8 ..\obj\fram_i2c.o
                0x08007b64                FRAM_I2C_Init
 .text.FRAM_I2C_Reset
                0x08007c2c      0x198 ..\obj\fram_i2c.o
                0x08007c2c                FRAM_I2C_Reset
 .text.FRAM_I2C_Read_Buffer
                0x08007dc4      0x6bc ..\obj\fram_i2c.o
                0x08007dc4                FRAM_I2C_Read_Buffer
 .text.FRAM_I2C_Write_Buffer
                0x08008480      0x28c ..\obj\fram_i2c.o
                0x08008480                FRAM_I2C_Write_Buffer
 .text.FRAM_Read_Settings
                0x0800870c       0xa8 ..\obj\fram_i2c.o
                0x0800870c                FRAM_Read_Settings
 .text.FRAM_Write_Settings
                0x080087b4       0x74 ..\obj\fram_i2c.o
                0x080087b4                FRAM_Write_Settings
 .text.GPIO_Init
                0x08008828      0x144 ..\obj\stm32f4xx_gpio.o
                0x08008828                GPIO_Init
 .text.GPIO_ReadInputDataBit
                0x0800896c       0x3c ..\obj\stm32f4xx_gpio.o
                0x0800896c                GPIO_ReadInputDataBit
 .text.GPIO_PinAFConfig
                0x080089a8       0xa8 ..\obj\stm32f4xx_gpio.o
                0x080089a8                GPIO_PinAFConfig
 .text.RS485TimersInit
                0x08008a50       0xc4 ..\obj\porttimer.o
                0x08008a50                RS485TimersInit
 .text.RS485TimersEnable
                0x08008b14       0x38 ..\obj\porttimer.o
                0x08008b14                RS485TimersEnable
 .text.RS485TimersDisable
                0x08008b4c       0x38 ..\obj\porttimer.o
                0x08008b4c                RS485TimersDisable
 .text.TIM4_IRQHandler
                0x08008b84       0x38 ..\obj\porttimer.o
                0x08008b84                TIM4_IRQHandler
 .text.RS485TimerContextInit
                0x08008bbc       0x54 ..\obj\porttimer.o
                0x08008bbc                RS485TimerContextInit
 .text.RS232TimersInit
                0x08008c10       0xc4 ..\obj\porttimer.o
                0x08008c10                RS232TimersInit
 .text.RS232TimersEnable
                0x08008cd4       0x38 ..\obj\porttimer.o
                0x08008cd4                RS232TimersEnable
 .text.RS232TimersDisable
                0x08008d0c       0x38 ..\obj\porttimer.o
                0x08008d0c                RS232TimersDisable
 .text.TIM5_IRQHandler
                0x08008d44       0x38 ..\obj\porttimer.o
                0x08008d44                TIM5_IRQHandler
 .text.RS232TimerContextInit
                0x08008d7c       0x54 ..\obj\porttimer.o
                0x08008d7c                RS232TimerContextInit
 .text.USB_CDC_TimersInit
                0x08008dd0       0xc4 ..\obj\porttimer.o
                0x08008dd0                USB_CDC_TimersInit
 .text.USB_CDC_TimersEnable
                0x08008e94       0x38 ..\obj\porttimer.o
                0x08008e94                USB_CDC_TimersEnable
 .text.USB_CDC_TimersDisable
                0x08008ecc       0x38 ..\obj\porttimer.o
                0x08008ecc                USB_CDC_TimersDisable
 .text.TIM1_UP_TIM10_IRQHandler
                0x08008f04       0x38 ..\obj\porttimer.o
                0x08008f04                TIM1_UP_TIM10_IRQHandler
 .text.USB_CDC_TimerContextInit
                0x08008f3c       0x54 ..\obj\porttimer.o
                0x08008f3c                USB_CDC_TimerContextInit
 .text.VCP_Init
                0x08008f90       0x10 ..\obj\usbd_cdc_vcp.o
 .text.VCP_DeInit
                0x08008fa0       0x10 ..\obj\usbd_cdc_vcp.o
 .text.VCP_Ctrl
                0x08008fb0       0xbc ..\obj\usbd_cdc_vcp.o
 .text.VCP_DataTx
                0x0800906c       0x68 ..\obj\usbd_cdc_vcp.o
                0x0800906c                VCP_DataTx
 .text.VCP_DataRx
                0x080090d4       0x7c ..\obj\usbd_cdc_vcp.o
                0x080090d4                VCP_DataRx
 .text.VCP_get_char
                0x08009150       0x60 ..\obj\usbd_cdc_vcp.o
                0x08009150                VCP_get_char
 .text.eMBRTUInit
                0x080091b0       0x84 ..\obj\mbrtu.o
                0x080091b0                eMBRTUInit
 .text.eMBRTUStart
                0x08009234       0x38 ..\obj\mbrtu.o
                0x08009234                eMBRTUStart
 .text.eMBRTUStop
                0x0800926c       0x30 ..\obj\mbrtu.o
                0x0800926c                eMBRTUStop
 .text.eMBRTUReceive
                0x0800929c       0x8c ..\obj\mbrtu.o
                0x0800929c                eMBRTUReceive
 .text.eMBRTUSend
                0x08009328       0xe8 ..\obj\mbrtu.o
                0x08009328                eMBRTUSend
 .text.xMBRTUReceiveFSM
                0x08009410       0xd0 ..\obj\mbrtu.o
                0x08009410                xMBRTUReceiveFSM
 .text.xMBRTUTransmitFSM
                0x080094e0       0xb0 ..\obj\mbrtu.o
                0x080094e0                xMBRTUTransmitFSM
 .text.xMBRTUTimerT35Expired
                0x08009590       0x60 ..\obj\mbrtu.o
                0x08009590                xMBRTUTimerT35Expired
 .text.vListInitialise
                0x080095f0       0x40 ..\obj\list.o
                0x080095f0                vListInitialise
 .text.vListInitialiseItem
                0x08009630       0x1c ..\obj\list.o
                0x08009630                vListInitialiseItem
 .text.vListInsertEnd
                0x0800964c       0x48 ..\obj\list.o
                0x0800964c                vListInsertEnd
 .text.vListInsert
                0x08009694       0x74 ..\obj\list.o
                0x08009694                vListInsert
 .text.uxListRemove
                0x08009708       0x58 ..\obj\list.o
                0x08009708                uxListRemove
 .text.SystemInit
                0x08009760       0x5c ..\obj\system_stm32f4xx.o
                0x08009760                SystemInit
 .text.SetSysClock
                0x080097bc      0x100 ..\obj\system_stm32f4xx.o
 .text.DMA_ClearFlag
                0x080098bc       0x5c ..\obj\stm32f4xx_dma.o
                0x080098bc                DMA_ClearFlag
 .text.USB_OTG_BSP_Init
                0x08009918       0xcc ..\obj\usb_bsp.o
                0x08009918                USB_OTG_BSP_Init
 .text.USB_OTG_BSP_EnableInterrupt
                0x080099e4       0x3c ..\obj\usb_bsp.o
                0x080099e4                USB_OTG_BSP_EnableInterrupt
 .text.USB_OTG_BSP_uDelay
                0x08009a20       0x58 ..\obj\usb_bsp.o
                0x08009a20                USB_OTG_BSP_uDelay
 .text.USB_OTG_BSP_mDelay
                0x08009a78       0x20 ..\obj\usb_bsp.o
                0x08009a78                USB_OTG_BSP_mDelay
 .text.OTG_FS_WKUP_IRQHandler
                0x08009a98       0x34 ..\obj\usb_bsp.o
                0x08009a98                OTG_FS_WKUP_IRQHandler
 .text.OTG_FS_IRQHandler
                0x08009acc       0x10 ..\obj\usb_bsp.o
                0x08009acc                OTG_FS_IRQHandler
 .text.USBD_StdDevReq
                0x08009adc       0xa4 ..\obj\usbd_req.o
                0x08009adc                USBD_StdDevReq
 .text.USBD_StdItfReq
                0x08009b80       0x6c ..\obj\usbd_req.o
                0x08009b80                USBD_StdItfReq
 .text.USBD_StdEPReq
                0x08009bec      0x1c8 ..\obj\usbd_req.o
                0x08009bec                USBD_StdEPReq
 .text.USBD_GetDescriptor
                0x08009db4      0x1c8 ..\obj\usbd_req.o
 .text.USBD_SetAddress
                0x08009f7c       0x80 ..\obj\usbd_req.o
 .text.USBD_SetConfig
                0x08009ffc       0xf8 ..\obj\usbd_req.o
 .text.USBD_GetConfig
                0x0800a0f4       0x64 ..\obj\usbd_req.o
 .text.USBD_GetStatus
                0x0800a158       0x58 ..\obj\usbd_req.o
 .text.USBD_SetFeature
                0x0800a1b0       0xe0 ..\obj\usbd_req.o
 .text.USBD_ClrFeature
                0x0800a290       0x58 ..\obj\usbd_req.o
 .text.USBD_ParseSetupRequest
                0x0800a2e8       0x94 ..\obj\usbd_req.o
                0x0800a2e8                USBD_ParseSetupRequest
 .text.USBD_CtlError
                0x0800a37c       0x50 ..\obj\usbd_req.o
                0x0800a37c                USBD_CtlError
 .text.USBD_GetString
                0x0800a3cc       0x9c ..\obj\usbd_req.o
                0x0800a3cc                USBD_GetString
 .text.USBD_GetLen
                0x0800a468       0x38 ..\obj\usbd_req.o
 .text.pxPortInitialiseStack
                0x0800a4a0       0x60 ..\obj\port.o
                0x0800a4a0                pxPortInitialiseStack
 .text.prvTaskExitError
                0x0800a500       0x20 ..\obj\port.o
 .text.SVC_Handler
                0x0800a520       0x24 ..\obj\port.o
                0x0800a520                SVC_Handler
 .text.prvPortStartFirstTask
                0x0800a544       0x20 ..\obj\port.o
 .text.xPortStartScheduler
                0x0800a564       0xcc ..\obj\port.o
                0x0800a564                xPortStartScheduler
 .text.vPortYield
                0x0800a630       0x20 ..\obj\port.o
                0x0800a630                vPortYield
 .text.vPortEnterCritical
                0x0800a650       0x40 ..\obj\port.o
                0x0800a650                vPortEnterCritical
 .text.vPortExitCritical
                0x0800a690       0x34 ..\obj\port.o
                0x0800a690                vPortExitCritical
 .text.ulPortSetInterruptMask
                0x0800a6c4       0x14 ..\obj\port.o
                0x0800a6c4                ulPortSetInterruptMask
 .text.vPortClearInterruptMask
                0x0800a6d8        0x8 ..\obj\port.o
                0x0800a6d8                vPortClearInterruptMask
 .text.PendSV_Handler
                0x0800a6e0       0x44 ..\obj\port.o
                0x0800a6e0                PendSV_Handler
 .text.SysTick_Handler
                0x0800a724       0x28 ..\obj\port.o
                0x0800a724                SysTick_Handler
 .text.vPortSetupTimerInterrupt
                0x0800a74c       0x24 ..\obj\port.o
                0x0800a74c                vPortSetupTimerInterrupt
 .text.vPortValidateInterruptPriority
                0x0800a770       0x5c ..\obj\port.o
                0x0800a770                vPortValidateInterruptPriority
 .text.xQueueGenericReset
                0x0800a7cc       0xc0 ..\obj\queue.o
                0x0800a7cc                xQueueGenericReset
 .text.xQueueGenericCreate
                0x0800a88c       0xa0 ..\obj\queue.o
                0x0800a88c                xQueueGenericCreate
 .text.xQueueCreateMutex
                0x0800a92c       0xa4 ..\obj\queue.o
                0x0800a92c                xQueueCreateMutex
 .text.xQueueGenericSend
                0x0800a9d0      0x188 ..\obj\queue.o
                0x0800a9d0                xQueueGenericSend
 .text.xQueueGiveFromISR
                0x0800ab58       0xac ..\obj\queue.o
                0x0800ab58                xQueueGiveFromISR
 .text.xQueueGenericReceive
                0x0800ac04      0x1b8 ..\obj\queue.o
                0x0800ac04                xQueueGenericReceive
 .text.prvCopyDataToQueue
                0x0800adbc       0xe8 ..\obj\queue.o
 .text.prvCopyDataFromQueue
                0x0800aea4       0x50 ..\obj\queue.o
 .text.prvUnlockQueue
                0x0800aef4       0xa0 ..\obj\queue.o
 .text.prvIsQueueEmpty
                0x0800af94       0x34 ..\obj\queue.o
 .text.prvIsQueueFull
                0x0800afc8       0x38 ..\obj\queue.o
 .text.USBD_OTG_ISR_Handler
                0x0800b000      0x164 ..\obj\usb_dcd_int.o
                0x0800b000                USBD_OTG_ISR_Handler
 .text.DCD_HandleResume_ISR
                0x0800b164       0x88 ..\obj\usb_dcd_int.o
 .text.DCD_HandleUSBSuspend_ISR
                0x0800b1ec       0xa4 ..\obj\usb_dcd_int.o
 .text.DCD_HandleInEP_ISR
                0x0800b290      0x22c ..\obj\usb_dcd_int.o
 .text.DCD_HandleOutEP_ISR
                0x0800b4bc      0x1a8 ..\obj\usb_dcd_int.o
 .text.DCD_HandleSof_ISR
                0x0800b664       0x3c ..\obj\usb_dcd_int.o
 .text.DCD_HandleRxStatusQueueLevel_ISR
                0x0800b6a0      0x114 ..\obj\usb_dcd_int.o
 .text.DCD_WriteEmptyTxFifo
                0x0800b7b4      0x130 ..\obj\usb_dcd_int.o
 .text.DCD_HandleUsbReset_ISR
                0x0800b8e4      0x16c ..\obj\usb_dcd_int.o
 .text.DCD_HandleEnumDone_ISR
                0x0800ba50       0x88 ..\obj\usb_dcd_int.o
 .text.DCD_IsoINIncomplete_ISR
                0x0800bad8       0x3c ..\obj\usb_dcd_int.o
 .text.DCD_IsoOUTIncomplete_ISR
                0x0800bb14       0x3c ..\obj\usb_dcd_int.o
 .text.DCD_ReadDevInEP
                0x0800bb50       0x58 ..\obj\usb_dcd_int.o
 .text.NVIC_EnableIRQ
                0x0800bba8       0x34 ..\obj\portserial.o
 .text.RS485SerialEnable
                0x0800bbdc      0x10c ..\obj\portserial.o
                0x0800bbdc                RS485SerialEnable
 .text.RS485SerialInit
                0x0800bce8      0x150 ..\obj\portserial.o
                0x0800bce8                RS485SerialInit
 .text.RS485SerialPutByte
                0x0800be38       0x3c ..\obj\portserial.o
                0x0800be38                RS485SerialPutByte
 .text.RS485SerialGetByte
                0x0800be74       0x34 ..\obj\portserial.o
                0x0800be74                RS485SerialGetByte
 .text.USART3_IRQHandler
                0x0800bea8       0x90 ..\obj\portserial.o
                0x0800bea8                USART3_IRQHandler
 .text.RS485SerialContextInit
                0x0800bf38       0x60 ..\obj\portserial.o
                0x0800bf38                RS485SerialContextInit
 .text.RS232SerialEnable
                0x0800bf98       0x88 ..\obj\portserial.o
                0x0800bf98                RS232SerialEnable
 .text.RS232SerialInit
                0x0800c020      0x11c ..\obj\portserial.o
                0x0800c020                RS232SerialInit
 .text.RS232SerialPutByte
                0x0800c13c       0x3c ..\obj\portserial.o
                0x0800c13c                RS232SerialPutByte
 .text.RS232SerialGetByte
                0x0800c178       0x34 ..\obj\portserial.o
                0x0800c178                RS232SerialGetByte
 .text.USART6_IRQHandler
                0x0800c1ac       0x90 ..\obj\portserial.o
                0x0800c1ac                USART6_IRQHandler
 .text.RS232SerialContextInit
                0x0800c23c       0x60 ..\obj\portserial.o
                0x0800c23c                RS232SerialContextInit
 .text.USB_CDC_SerialPutByte
                0x0800c29c       0x3c ..\obj\portserial.o
                0x0800c29c                USB_CDC_SerialPutByte
 .text.USB_CDC_SerialGetByte
                0x0800c2d8       0x28 ..\obj\portserial.o
                0x0800c2d8                USB_CDC_SerialGetByte
 .text.USB_CDC_SerialInit
                0x0800c300       0x80 ..\obj\portserial.o
                0x0800c300                USB_CDC_SerialInit
 .text.USB_CDC_SerialEnable
                0x0800c380       0x44 ..\obj\portserial.o
                0x0800c380                USB_CDC_SerialEnable
 .text.USB_CDC_SerialContextInit
                0x0800c3c4       0x60 ..\obj\portserial.o
                0x0800c3c4                USB_CDC_SerialContextInit
 .text.USB_CDC_Task
                0x0800c424       0x44 ..\obj\portserial.o
 .text.usbd_cdc_Init
                0x0800c468       0xc0 ..\obj\usbd_cdc_core.o
 .text.usbd_cdc_DeInit
                0x0800c528       0x44 ..\obj\usbd_cdc_core.o
 .text.usbd_cdc_Setup
                0x0800c56c      0x138 ..\obj\usbd_cdc_core.o
 .text.usbd_cdc_EP0_RxReady
                0x0800c6a4       0x48 ..\obj\usbd_cdc_core.o
 .text.usbd_cdc_DataIn
                0x0800c6ec       0xd4 ..\obj\usbd_cdc_core.o
 .text.usbd_cdc_DataOut
                0x0800c7c0       0x60 ..\obj\usbd_cdc_core.o
 .text.usbd_cdc_SOF
                0x0800c820       0x44 ..\obj\usbd_cdc_core.o
 .text.Handle_USBAsynchXfer
                0x0800c864      0x114 ..\obj\usbd_cdc_core.o
 .text.USBD_cdc_GetCfgDesc
                0x0800c978       0x28 ..\obj\usbd_cdc_core.o
 .text.SPI_Init
                0x0800c9a0       0x88 ..\obj\stm32f4xx_spi.o
                0x0800c9a0                SPI_Init
 .text.SPI_Cmd  0x0800ca28       0x40 ..\obj\stm32f4xx_spi.o
                0x0800ca28                SPI_Cmd
 .text.SPI_CalculateCRC
                0x0800ca68       0x40 ..\obj\stm32f4xx_spi.o
                0x0800ca68                SPI_CalculateCRC
 .text.eMBFuncReadCoils
                0x0800caa8      0x134 ..\obj\mbfunccoils.o
                0x0800caa8                eMBFuncReadCoils
 .text.eMBFuncWriteCoil
                0x0800cbdc       0xcc ..\obj\mbfunccoils.o
                0x0800cbdc                eMBFuncWriteCoil
 .text.eMBFuncWriteMultipleCoils
                0x0800cca8       0xf4 ..\obj\mbfunccoils.o
                0x0800cca8                eMBFuncWriteMultipleCoils
 .text.ADS1220_Init
                0x0800cd9c       0xe8 ..\obj\ADS1220.o
                0x0800cd9c                ADS1220_Init
 .text.ADC_SPI_config
                0x0800ce84      0x13c ..\obj\ADS1220.o
 .text.ADC_SPI_send
                0x0800cfc0       0x4c ..\obj\ADS1220.o
                0x0800cfc0                ADC_SPI_send
 .text.ADC_SPI_read
                0x0800d00c       0x14 ..\obj\ADS1220.o
                0x0800d00c                ADC_SPI_read
 .text.ADC_RTD1_Task
                0x0800d020      0x308 ..\obj\ADS1220.o
 .text.ADC_RTD2_Task
                0x0800d328      0x308 ..\obj\ADS1220.o
 .text.ADC_Current1_Task
                0x0800d630      0x3c4 ..\obj\ADS1220.o
 .text.ADC_Current2_Task
                0x0800d9f4      0x3d4 ..\obj\ADS1220.o
 .text.PT100_Code_To_Temperature
                0x0800ddc8      0x140 ..\obj\ADS1220.o
                0x0800ddc8                PT100_Code_To_Temperature
 .text.Code_To_Current
                0x0800df08       0xdc ..\obj\ADS1220.o
                0x0800df08                Code_To_Current
 .text.I2C_DeInit
                0x0800dfe4       0x80 ..\obj\stm32f4xx_i2c.o
                0x0800dfe4                I2C_DeInit
 .text.I2C_Init
                0x0800e064      0x1a4 ..\obj\stm32f4xx_i2c.o
                0x0800e064                I2C_Init
 .text.I2C_Cmd  0x0800e208       0x40 ..\obj\stm32f4xx_i2c.o
                0x0800e208                I2C_Cmd
 .text.I2C_GenerateSTART
                0x0800e248       0x40 ..\obj\stm32f4xx_i2c.o
                0x0800e248                I2C_GenerateSTART
 .text.I2C_GenerateSTOP
                0x0800e288       0x40 ..\obj\stm32f4xx_i2c.o
                0x0800e288                I2C_GenerateSTOP
 .text.I2C_Send7bitAddress
                0x0800e2c8       0x3c ..\obj\stm32f4xx_i2c.o
                0x0800e2c8                I2C_Send7bitAddress
 .text.I2C_AcknowledgeConfig
                0x0800e304       0x40 ..\obj\stm32f4xx_i2c.o
                0x0800e304                I2C_AcknowledgeConfig
 .text.I2C_NACKPositionConfig
                0x0800e344       0x40 ..\obj\stm32f4xx_i2c.o
                0x0800e344                I2C_NACKPositionConfig
 .text.I2C_SendData
                0x0800e384       0x20 ..\obj\stm32f4xx_i2c.o
                0x0800e384                I2C_SendData
 .text.I2C_ReceiveData
                0x0800e3a4       0x1c ..\obj\stm32f4xx_i2c.o
                0x0800e3a4                I2C_ReceiveData
 .text.I2C_CheckEvent
                0x0800e3c0       0x70 ..\obj\stm32f4xx_i2c.o
                0x0800e3c0                I2C_CheckEvent
 .text.I2C_GetFlagStatus
                0x0800e430       0x78 ..\obj\stm32f4xx_i2c.o
                0x0800e430                I2C_GetFlagStatus
 .text.NVIC_EnableIRQ
                0x0800e4a8       0x34 ..\obj\frequency.o
 .text.FrequencyMeasureInit
                0x0800e4dc      0x340 ..\obj\frequency.o
                0x0800e4dc                FrequencyMeasureInit
 .text.TIM2_IRQHandler
                0x0800e81c      0x13c ..\obj\frequency.o
                0x0800e81c                TIM2_IRQHandler
 .text.FrequencyCH1Measure_Task
                0x0800e958      0x1c0 ..\obj\frequency.o
 .text.FrequencyCH2Measure_Task
                0x0800eb18      0x1c0 ..\obj\frequency.o
 .text.EXTI_Init
                0x0800ecd8       0xe8 ..\obj\stm32f4xx_exti.o
                0x0800ecd8                EXTI_Init
 .text.EXTI_GetITStatus
                0x0800edc0       0x50 ..\obj\stm32f4xx_exti.o
                0x0800edc0                EXTI_GetITStatus
 .text.EXTI_ClearITPendingBit
                0x0800ee10       0x1c ..\obj\stm32f4xx_exti.o
                0x0800ee10                EXTI_ClearITPendingBit
 .text.NVIC_PriorityGroupConfig
                0x0800ee2c       0x24 ..\obj\misc.o
                0x0800ee2c                NVIC_PriorityGroupConfig
 .text.NVIC_Init
                0x0800ee50       0xd4 ..\obj\misc.o
                0x0800ee50                NVIC_Init
 .text.DCD_Init
                0x0800ef24      0x12c ..\obj\usb_dcd.o
                0x0800ef24                DCD_Init
 .text.DCD_EP_Open
                0x0800f050       0xac ..\obj\usb_dcd.o
                0x0800f050                DCD_EP_Open
 .text.DCD_EP_Close
                0x0800f0fc       0x80 ..\obj\usb_dcd.o
                0x0800f0fc                DCD_EP_Close
 .text.DCD_EP_PrepareRx
                0x0800f17c       0x8c ..\obj\usb_dcd.o
                0x0800f17c                DCD_EP_PrepareRx
 .text.DCD_EP_Tx
                0x0800f208       0x84 ..\obj\usb_dcd.o
                0x0800f208                DCD_EP_Tx
 .text.DCD_EP_Stall
                0x0800f28c       0x84 ..\obj\usb_dcd.o
                0x0800f28c                DCD_EP_Stall
 .text.DCD_EP_ClrStall
                0x0800f310       0x84 ..\obj\usb_dcd.o
                0x0800f310                DCD_EP_ClrStall
 .text.DCD_EP_SetAddress
                0x0800f394       0x3c ..\obj\usb_dcd.o
                0x0800f394                DCD_EP_SetAddress
 .text.RTC_Init
                0x0800f3d0       0x88 ..\obj\stm32f4xx_rtc.o
                0x0800f3d0                RTC_Init
 .text.RTC_StructInit
                0x0800f458       0x2c ..\obj\stm32f4xx_rtc.o
                0x0800f458                RTC_StructInit
 .text.RTC_EnterInitMode
                0x0800f484       0x80 ..\obj\stm32f4xx_rtc.o
                0x0800f484                RTC_EnterInitMode
 .text.RTC_ExitInitMode
                0x0800f504       0x1c ..\obj\stm32f4xx_rtc.o
                0x0800f504                RTC_ExitInitMode
 .text.RTC_WaitForSynchro
                0x0800f520       0x88 ..\obj\stm32f4xx_rtc.o
                0x0800f520                RTC_WaitForSynchro
 .text.RTC_SetTime
                0x0800f5a8      0x124 ..\obj\stm32f4xx_rtc.o
                0x0800f5a8                RTC_SetTime
 .text.RTC_GetTime
                0x0800f6cc       0xa4 ..\obj\stm32f4xx_rtc.o
                0x0800f6cc                RTC_GetTime
 .text.RTC_SetDate
                0x0800f770      0x12c ..\obj\stm32f4xx_rtc.o
                0x0800f770                RTC_SetDate
 .text.RTC_GetDate
                0x0800f89c       0xa4 ..\obj\stm32f4xx_rtc.o
                0x0800f89c                RTC_GetDate
 .text.RTC_WriteBackupRegister
                0x0800f940       0x34 ..\obj\stm32f4xx_rtc.o
                0x0800f940                RTC_WriteBackupRegister
 .text.RTC_ByteToBcd2
                0x0800f974       0x44 ..\obj\stm32f4xx_rtc.o
 .text.RTC_Bcd2ToByte
                0x0800f9b8       0x40 ..\obj\stm32f4xx_rtc.o
 .text.USBD_CtlSendData
                0x0800f9f8       0x48 ..\obj\usbd_ioreq.o
                0x0800f9f8                USBD_CtlSendData
 .text.USBD_CtlContinueSendData
                0x0800fa40       0x30 ..\obj\usbd_ioreq.o
                0x0800fa40                USBD_CtlContinueSendData
 .text.USBD_CtlPrepareRx
                0x0800fa70       0x48 ..\obj\usbd_ioreq.o
                0x0800fa70                USBD_CtlPrepareRx
 .text.USBD_CtlContinueRx
                0x0800fab8       0x30 ..\obj\usbd_ioreq.o
                0x0800fab8                USBD_CtlContinueRx
 .text.USBD_CtlSendStatus
                0x0800fae8       0x3c ..\obj\usbd_ioreq.o
                0x0800fae8                USBD_CtlSendStatus
 .text.USBD_CtlReceiveStatus
                0x0800fb24       0x3c ..\obj\usbd_ioreq.o
                0x0800fb24                USBD_CtlReceiveStatus
 .text.pvPortMalloc
                0x0800fb60      0x138 ..\obj\heap_2.o
                0x0800fb60                pvPortMalloc
 .text.vPortFree
                0x0800fc98       0x7c ..\obj\heap_2.o
                0x0800fc98                vPortFree
 .text.xPortGetFreeHeapSize
                0x0800fd14       0x14 ..\obj\heap_2.o
                0x0800fd14                xPortGetFreeHeapSize
 .text.prvHeapInit
                0x0800fd28       0x54 ..\obj\heap_2.o
 .text.ControllerInit
                0x0800fd7c       0x48 ..\obj\controller.o
                0x0800fd7c                ControllerInit
 .text.Controller_RestoreSettings
                0x0800fdc4      0x15c ..\obj\controller.o
                0x0800fdc4                Controller_RestoreSettings
 .text.TIM_TimeBaseInit
                0x0800ff20       0xd8 ..\obj\stm32f4xx_tim.o
                0x0800ff20                TIM_TimeBaseInit
 .text.TIM_TimeBaseStructInit
                0x0800fff8       0x3c ..\obj\stm32f4xx_tim.o
                0x0800fff8                TIM_TimeBaseStructInit
 .text.TIM_SetCounter
                0x08010034       0x1c ..\obj\stm32f4xx_tim.o
                0x08010034                TIM_SetCounter
 .text.TIM_ARRPreloadConfig
                0x08010050       0x40 ..\obj\stm32f4xx_tim.o
                0x08010050                TIM_ARRPreloadConfig
 .text.TIM_Cmd  0x08010090       0x40 ..\obj\stm32f4xx_tim.o
                0x08010090                TIM_Cmd
 .text.TIM_ICInit
                0x080100d0       0xa8 ..\obj\stm32f4xx_tim.o
                0x080100d0                TIM_ICInit
 .text.TIM_SetIC1Prescaler
                0x08010178       0x38 ..\obj\stm32f4xx_tim.o
                0x08010178                TIM_SetIC1Prescaler
 .text.TIM_SetIC2Prescaler
                0x080101b0       0x3c ..\obj\stm32f4xx_tim.o
                0x080101b0                TIM_SetIC2Prescaler
 .text.TIM_SetIC3Prescaler
                0x080101ec       0x38 ..\obj\stm32f4xx_tim.o
                0x080101ec                TIM_SetIC3Prescaler
 .text.TIM_SetIC4Prescaler
                0x08010224       0x3c ..\obj\stm32f4xx_tim.o
                0x08010224                TIM_SetIC4Prescaler
 .text.TIM_ITConfig
                0x08010260       0x48 ..\obj\stm32f4xx_tim.o
                0x08010260                TIM_ITConfig
 .text.TIM_ClearFlag
                0x080102a8       0x24 ..\obj\stm32f4xx_tim.o
                0x080102a8                TIM_ClearFlag
 .text.TIM_ClearITPendingBit
                0x080102cc       0x24 ..\obj\stm32f4xx_tim.o
                0x080102cc                TIM_ClearITPendingBit
 .text.TIM_ETRClockMode2Config
                0x080102f0       0x34 ..\obj\stm32f4xx_tim.o
                0x080102f0                TIM_ETRClockMode2Config
 .text.TIM_ETRConfig
                0x08010324       0x4c ..\obj\stm32f4xx_tim.o
                0x08010324                TIM_ETRConfig
 .text.TI1_Config
                0x08010370       0x80 ..\obj\stm32f4xx_tim.o
 .text.TI2_Config
                0x080103f0       0x9c ..\obj\stm32f4xx_tim.o
 .text.TI3_Config
                0x0801048c       0x8c ..\obj\stm32f4xx_tim.o
 .text.TI4_Config
                0x08010518       0xa4 ..\obj\stm32f4xx_tim.o
 .text.NVIC_SystemReset
                0x080105bc       0x28 ..\obj\power_detector.o
 .text.Power_Detector_Init
                0x080105e4       0x80 ..\obj\power_detector.o
                0x080105e4                Power_Detector_Init
 .text.PVD_IRQHandler
                0x08010664       0x20 ..\obj\power_detector.o
                0x08010664                PVD_IRQHandler
 .text          0x08010684       0xa4 C:\Program Files\CooCox\CoIDE\gcc\Sourcery G++ Lite\arm-none-eabi\lib\thumb2\libm.a(lib_a-wf_sqrt.o)
                0x08010684                sqrtf
 .text          0x08010728       0xb0 C:\Program Files\CooCox\CoIDE\gcc\Sourcery G++ Lite\arm-none-eabi\lib\thumb2\libm.a(lib_a-ef_sqrt.o)
                0x08010728                __ieee754_sqrtf
 .text          0x080107d8        0x4 C:\Program Files\CooCox\CoIDE\gcc\Sourcery G++ Lite\arm-none-eabi\lib\thumb2\libm.a(lib_a-s_matherr.o)
                0x080107d8                matherr
 .text          0x080107dc       0x7c C:\Program Files\CooCox\CoIDE\gcc\Sourcery G++ Lite\arm-none-eabi\lib\thumb2\libm.a(lib_a-sf_fpclassify.o)
                0x080107dc                __fpclassifyf
 .text          0x08010858        0xc C:\Program Files\CooCox\CoIDE\gcc\Sourcery G++ Lite\arm-none-eabi\lib\thumb2\libc.a(lib_a-errno.o)
                0x08010858                __errno
 .text          0x08010864       0x58 C:\Program Files\CooCox\CoIDE\gcc\Sourcery G++ Lite\arm-none-eabi\lib\thumb2\libc.a(lib_a-memcmp.o)
                0x08010864                memcmp
 .text          0x080108bc      0x150 C:\Program Files\CooCox\CoIDE\gcc\Sourcery G++ Lite\arm-none-eabi\lib\thumb2\libc.a(lib_a-memcpy.o)
                0x080108bc                memcpy
 .text          0x08010a0c       0xb4 C:\Program Files\CooCox\CoIDE\gcc\Sourcery G++ Lite\arm-none-eabi\lib\thumb2\libc.a(lib_a-memset.o)
                0x08010a0c                memset
 .text          0x08010ac0      0x370 c:/stm32/arm_eabi/bin/../lib/gcc/arm-none-eabi/4.7.2/thumb2\libgcc.a(_arm_addsubdf3.o)
                0x08010ac0                __aeabi_drsub
                0x08010ac8                __aeabi_dsub
                0x08010ac8                __subdf3
                0x08010acc                __aeabi_dadd
                0x08010acc                __adddf3
                0x08010d44                __floatunsidf
                0x08010d44                __aeabi_ui2d
                0x08010d64                __floatsidf
                0x08010d64                __aeabi_i2d
                0x08010d88                __aeabi_f2d
                0x08010d88                __extendsfdf2
                0x08010dc4                __floatundidf
                0x08010dc4                __aeabi_ul2d
                0x08010dd4                __floatdidf
                0x08010dd4                __aeabi_l2d
 .text          0x08010e30      0x424 c:/stm32/arm_eabi/bin/../lib/gcc/arm-none-eabi/4.7.2/thumb2\libgcc.a(_arm_muldivdf3.o)
                0x08010e30                __aeabi_dmul
                0x08010e30                __muldf3
                0x08011084                __divdf3
                0x08011084                __aeabi_ddiv
 .text          0x08011254       0xa0 c:/stm32/arm_eabi/bin/../lib/gcc/arm-none-eabi/4.7.2/thumb2\libgcc.a(_arm_truncdfsf2.o)
                0x08011254                __truncdfsf2
                0x08011254                __aeabi_d2f
 .text          0x080112f4      0x21c c:/stm32/arm_eabi/bin/../lib/gcc/arm-none-eabi/4.7.2/thumb2\libgcc.a(_arm_addsubsf3.o)
                0x080112f4                __aeabi_frsub
                0x080112fc                __subsf3
                0x080112fc                __aeabi_fsub
                0x08011300                __aeabi_fadd
                0x08011300                __addsf3
                0x08011460                __aeabi_ui2f
                0x08011460                __floatunsisf
                0x08011468                __aeabi_i2f
                0x08011468                __floatsisf
                0x08011484                __aeabi_ul2f
                0x08011484                __floatundisf
                0x08011494                __aeabi_l2f
                0x08011494                __floatdisf
 .text          0x08011510      0x2a0 c:/stm32/arm_eabi/bin/../lib/gcc/arm-none-eabi/4.7.2/thumb2\libgcc.a(_arm_muldivsf3.o)
                0x08011510                __mulsf3
                0x08011510                __aeabi_fmul
                0x08011678                __aeabi_fdiv
                0x08011678                __divsf3
 .text          0x080117b0       0xec c:/stm32/arm_eabi/bin/../lib/gcc/arm-none-eabi/4.7.2/thumb2\libgcc.a(_arm_cmpsf2.o)
                0x080117b0                __gesf2
                0x080117b0                __gtsf2
                0x080117b8                __lesf2
                0x080117b8                __ltsf2
                0x080117c0                __nesf2
                0x080117c0                __eqsf2
                0x080117c0                __cmpsf2
                0x08011820                __aeabi_cfrcmple
                0x08011828                __aeabi_cfcmpeq
                0x08011828                __aeabi_cfcmple
                0x08011838                __aeabi_fcmpeq
                0x0801184c                __aeabi_fcmplt
                0x08011860                __aeabi_fcmple
                0x08011874                __aeabi_fcmpge
                0x08011888                __aeabi_fcmpgt
 .text          0x0801189c       0x40 c:/stm32/arm_eabi/bin/../lib/gcc/arm-none-eabi/4.7.2/thumb2\libgcc.a(_arm_fixunssfsi.o)
                0x0801189c                __fixunssfsi
                0x0801189c                __aeabi_f2uiz
 *(.init)
 *(.fini)
 *crtbegin.o(.ctors)
 *crtbegin?.o(.ctors)
 *(EXCLUDE_FILE(*crtend.o *crtend?.o) .ctors)
 *(SORT(.ctors.*))
 *(.ctors)
 *crtbegin.o(.dtors)
 *crtbegin?.o(.dtors)
 *(EXCLUDE_FILE(*crtend.o *crtend?.o) .dtors)
 *(SORT(.dtors.*))
 *(.dtors)
 *(.rodata*)
 .rodata        0x080118dc       0x2c ..\obj\protocol.o
 .rodata        0x08011908      0x200 ..\obj\mbcrc.o
 .rodata        0x08011b08       0x1c ..\obj\tasks.o
 .rodata        0x08011b24       0x98 ..\obj\usbd_desc.o
 .rodata        0x08011bbc        0x4 ..\obj\port.o
 .rodata        0x08011bc0        0xc ..\obj\portserial.o
 .rodata        0x08011bcc       0x58 ..\obj\ADS1220.o
 .rodata        0x08011c24       0x18 ..\obj\frequency.o
 .rodata        0x08011c3c        0x2 ..\obj\heap_2.o
 *fill*         0x08011c3e        0x2 
 .rodata        0x08011c40       0x84 ..\obj\controller.o
                0x08011c40                stSettingsDefault
 .rodata.str1.4
                0x08011cc4        0x8 C:\Program Files\CooCox\CoIDE\gcc\Sourcery G++ Lite\arm-none-eabi\lib\thumb2\libm.a(lib_a-wf_sqrt.o)
 *(.eh_fram e*)

.glue_7         0x08011ccc        0x0
 .glue_7        0x00000000        0x0 linker stubs

.glue_7t        0x08011ccc        0x0
 .glue_7t       0x00000000        0x0 linker stubs

.vfp11_veneer   0x08011ccc        0x0
 .vfp11_veneer  0x00000000        0x0 linker stubs

.v4_bx          0x08011ccc        0x0
 .v4_bx         0x00000000        0x0 linker stubs

.iplt           0x08011ccc        0x0
 .iplt          0x00000000        0x0 ..\obj\socket.o

.rel.dyn        0x08011ccc        0x0
 .rel.iplt      0x00000000        0x0 ..\obj\socket.o

.ARM.extab
 *(.ARM.extab* .gnu.linkonce.armextab.*)
                0x08011ccc                __exidx_start = .

.ARM.exidx
 *(.ARM.exidx* .gnu.linkonce.armexidx.*)
                0x08011ccc                __exidx_end = .
                0x08011ccc                __etext = .
                0x08011ccc                _sidata = __etext

.data           0x20000000      0x2cc load address 0x08011ccc
                0x20000000                __data_start__ = .
                0x20000000                _sdata = __data_start__
 *(vtable)
 *(.data*)
 .data          0x20000000        0x6 ..\obj\mbport.o
                0x20000000                REG_INPUT_START
                0x20000001                REG_HOLDING_START
                0x20000002                REG_INPUT_NREGS
                0x20000003                REG_HOLDING_NREGS
                0x20000004                usRegInputStart
                0x20000005                usRegHoldingStart
 *fill*         0x20000006        0x2 
 .data          0x20000008       0x88 ..\obj\mb.o
 .data          0x20000090       0x1c ..\obj\usbd_usr.o
                0x20000090                USR_cb
 .data          0x200000ac       0x30 ..\obj\usbd_core.o
                0x200000ac                USBD_DCD_INT_cb
                0x200000d8                USBD_DCD_INT_fops
 .data          0x200000dc       0x10 ..\obj\stm32f4xx_rcc.o
 .data          0x200000ec       0xf4 ..\obj\printf.o
                0x200000ec                r
                0x200001dc                _impure_ptr
 .data          0x200001e0        0x4 ..\obj\tasks.o
 .data          0x200001e4       0x40 ..\obj\usbd_desc.o
                0x200001e4                USR_desc
                0x20000200                USBD_DeviceDesc
                0x20000214                USBD_DeviceQualifierDesc
                0x20000220                USBD_LangIDDesc
 .data          0x20000224       0x14 ..\obj\usbd_cdc_vcp.o
                0x20000224                VCP_fops
 .data          0x20000238       0x14 ..\obj\system_stm32f4xx.o
                0x20000238                SystemCoreClock
                0x2000023c                AHBPrescTable
 .data          0x2000024c        0x4 ..\obj\port.o
 .data          0x20000250       0x74 ..\obj\usbd_cdc_core.o
                0x20000250                usbd_cdc_CfgDesc
                0x20000298                USBD_CDC_cb
 .data          0x200002c4        0x4 ..\obj\heap_2.o
 .data          0x200002c8        0x1 C:\Program Files\CooCox\CoIDE\gcc\Sourcery G++ Lite\arm-none-eabi\lib\thumb2\libm.a(lib_a-s_lib_ver.o)
                0x200002c8                __fdlib_version
                0x200002cc                . = ALIGN (0x4)
 *fill*         0x200002c9        0x3 
                0x200002cc                PROVIDE (__preinit_array_start, .)
 *(.preinit_array)
                0x200002cc                PROVIDE (__preinit_array_end, .)
                0x200002cc                . = ALIGN (0x4)
                0x200002cc                PROVIDE (__init_array_start, .)
 *(SORT(.init_array.*))
 *(.init_array)
                0x200002cc                PROVIDE (__init_array_end, .)
                0x200002cc                . = ALIGN (0x4)
                0x200002cc                PROVIDE (__fini_array_start, .)
 *(SORT(.fini_array.*))
 *(.fini_array)
                0x200002cc                PROVIDE (__fini_array_end, .)
 *(.jcr*)
                0x200002cc                . = ALIGN (0x4)
                0x200002cc                __data_end__ = .
                0x200002cc                _edata = __data_end__

.igot.plt       0x200002cc        0x0 load address 0x08011f98
 .igot.plt      0x00000000        0x0 ..\obj\socket.o

.bss            0x200002d0     0x56d4 load address 0x08011fa0
                0x200002d0                . = ALIGN (0x4)
                0x200002d0                __bss_start__ = .
                0x200002d0                _sbss = __bss_start__
 *(.bss*)
 .bss           0x200002d0       0x24 ..\obj\mbfuncother.o
 .bss           0x200002f4       0x48 ..\obj\sdio_sd.o
                0x2000032c                StopCondition
                0x20000330                TransferError
                0x20000334                TransferEnd
                0x20000338                DMAEndOfTransfer
 .bss           0x2000033c       0xfc ..\obj\tasks.o
                0x2000033c                pxCurrentTCB
 .bss           0x20000438        0xc ..\obj\porttimer.o
 .bss           0x20000444       0x10 ..\obj\usbd_req.o
                0x20000444                USBD_ep_status
                0x20000448                USBD_default_cfg
                0x2000044c                USBD_cfg_status
 .bss           0x20000454        0x8 ..\obj\port.o
 .bss           0x2000045c       0x14 ..\obj\portserial.o
 .bss           0x20000470       0x20 ..\obj\usbd_cdc_core.o
                0x20000474                APP_Rx_ptr_in
                0x20000478                APP_Rx_ptr_out
                0x2000047c                APP_Rx_length
                0x20000480                USB_Tx_State
 .bss           0x20000490       0x1c ..\obj\frequency.o
                0x200004a8                xHigherPriorityTaskWoken
 .bss           0x200004ac     0x4014 ..\obj\heap_2.o
 *(COMMON)
 COMMON         0x200044c0      0x45c ..\obj\protocol.o
                0x200044c0                stContext_RS232
                0x20004634                stContext_RS485
                0x200047a8                stContext_USB_CDC
 COMMON         0x2000491c       0x50 ..\obj\watchdog.o
                0x2000491c                task_watches
 COMMON         0x2000496c        0x4 ..\obj\fram_i2c.o
                0x2000496c                xI2CBusMutex
 COMMON         0x20004970       0x88 ..\obj\usbd_cdc_vcp.o
                0x20004970                APP_Tx_Buffer
                0x200049f0                APP_tx_ptr_tail
                0x200049f4                APP_tx_ptr_head
 COMMON         0x200049f8       0x32 ..\obj\usbd_req.o
                0x200049f8                USBD_StrDesc
 *fill*         0x20004a2a        0x2 
 COMMON         0x20004a2c      0x5f4 ..\obj\portserial.o
                0x20004a2c                temp_char
                0x20004a30                USB_OTG_dev
 COMMON         0x20005020      0x88c ..\obj\usbd_cdc_core.o
                0x20005020                usbd_cdc_OtherCfgDesc
                0x20005064                USB_Rx_Buffer
                0x200050a4                CmdBuff
                0x200050ac                APP_Rx_Buffer
 COMMON         0x200058ac        0x4 ..\obj\ADS1220.o
                0x200058ac                xADC_SPI_Mutex
 COMMON         0x200058b0        0x8 ..\obj\frequency.o
                0x200058b0                xFrequencySemaphore
 COMMON         0x200058b8       0xec ..\obj\controller.o
                0x200058b8                stSettings
                0x2000593c                xMeasureDataMutex
                0x20005940                stMeasureData
                0x200059a0                xSettingsMutex
                0x200059a4                . = ALIGN (0x4)
                0x200059a4                __bss_end__ = .
                0x200059a4                _ebss = __bss_end__

.heap           0x200059a4        0x0
                0x200059a4                __end__ = .
                0x200059a4                _end = __end__
                0x200059a4                end = __end__
 *(.heap*)
                0x200059a4                __HeapLimit = .

.co_stack       0x200059a4      0x804 load address 0x08017674
                0x200059a8                . = ALIGN (0x8)
 *fill*         0x200059a4        0x4 
 *(.co_stack .co_stack.*)
 .co_stack      0x200059a8      0x800 ..\obj\startup_stm32f4xx.o
                0x200059a8                pulStack
                0x20020000                __StackTop = (ORIGIN (ram) + 0x20000)
                0x2001f7fc                __StackLimit = (__StackTop - SIZEOF (.co_stack))
                0x20020000                PROVIDE (__stack, __StackTop)
                0x00000001                ASSERT ((__StackLimit >= __HeapLimit), region ram  overflowed with stack)
LOAD C:\Program Files\CooCox\CoIDE\gcc\Sourcery G++ Lite\arm-none-eabi\lib\thumb2\libc.a
LOAD ..\obj\socket.o
LOAD ..\obj\stm32f4xx_syscfg.o
LOAD ..\obj\usb_core.o
LOAD ..\obj\low_level_sdio.o
LOAD ..\obj\mbport.o
LOAD ..\obj\stm32f4xx_sdio.o
LOAD ..\obj\mb.o
LOAD ..\obj\protocol.o
LOAD ..\obj\mbfuncdisc.o
LOAD ..\obj\usbd_usr.o
LOAD ..\obj\portevent.o
LOAD ..\obj\mbfuncother.o
LOAD ..\obj\stm32f4xx_usart.o
LOAD ..\obj\stm32f4xx_pwr.o
LOAD ..\obj\sdio_sd.o
LOAD ..\obj\rtc.o
LOAD ..\obj\mbutils.o
LOAD ..\obj\diskio.o
LOAD ..\obj\startup_stm32f4xx.o
LOAD ..\obj\stm32f4xx_iwdg.o
LOAD ..\obj\mbfuncholding.o
LOAD ..\obj\usbd_core.o
LOAD ..\obj\main.o
LOAD ..\obj\mbcrc.o
LOAD ..\obj\wiznet.o
LOAD ..\obj\stm32f4xx_rcc.o
LOAD ..\obj\mbfuncfile.o
LOAD ..\obj\timers.o
LOAD ..\obj\log.o
LOAD ..\obj\wizchip_conf.o
LOAD ..\obj\mbfuncinput.o
LOAD ..\obj\printf.o
LOAD ..\obj\w5500.o
LOAD ..\obj\watchdog.o
LOAD ..\obj\mbfuncdiag.o
LOAD ..\obj\tasks.o
LOAD ..\obj\usbd_desc.o
LOAD ..\obj\fram_i2c.o
LOAD ..\obj\stm32f4xx_gpio.o
LOAD ..\obj\porttimer.o
LOAD ..\obj\usbd_cdc_vcp.o
LOAD ..\obj\mbrtu.o
LOAD ..\obj\list.o
LOAD ..\obj\system_stm32f4xx.o
LOAD ..\obj\syscalls.o
LOAD ..\obj\stm32f4xx_dma.o
LOAD ..\obj\usb_bsp.o
LOAD ..\obj\usbd_req.o
LOAD ..\obj\port.o
LOAD ..\obj\queue.o
LOAD ..\obj\usb_dcd_int.o
LOAD ..\obj\portserial.o
LOAD ..\obj\usbd_cdc_core.o
LOAD ..\obj\ff.o
LOAD ..\obj\croutine.o
LOAD ..\obj\stm32f4xx_spi.o
LOAD ..\obj\mbfunccoils.o
LOAD ..\obj\event_groups.o
LOAD ..\obj\ADS1220.o
LOAD ..\obj\stm32f4xx_i2c.o
LOAD ..\obj\frequency.o
LOAD ..\obj\stm32f4xx_exti.o
LOAD ..\obj\misc.o
LOAD ..\obj\usb_dcd.o
LOAD ..\obj\stm32f4xx_rtc.o
LOAD ..\obj\usbd_ioreq.o
LOAD ..\obj\mbascii.o
LOAD ..\obj\heap_2.o
LOAD ..\obj\controller.o
LOAD ..\obj\stm32f4xx_tim.o
LOAD ..\obj\power_detector.o
LOAD C:\Program Files\CooCox\CoIDE\gcc\Sourcery G++ Lite\arm-none-eabi\lib\thumb2\libm.a
LOAD C:\Program Files\CooCox\CoIDE\gcc\Sourcery G++ Lite\arm-none-eabi\lib\thumb2\libc.a
START GROUP
LOAD c:/stm32/arm_eabi/bin/../lib/gcc/arm-none-eabi/4.7.2/thumb2\libgcc.a
LOAD C:\Program Files\CooCox\CoIDE\gcc\Sourcery G++ Lite\arm-none-eabi\lib\thumb2\libc.a
END GROUP
OUTPUT(IMS_CONTROLLER.elf elf32-littlearm)

.debug_info     0x00000000    0x23100
 .debug_info    0x00000000     0x2819 ..\obj\usb_core.o
 .debug_info    0x00002819      0xe6c ..\obj\mbport.o
 .debug_info    0x00003685      0x8bb ..\obj\stm32f4xx_sdio.o
 .debug_info    0x00003f40      0x9a0 ..\obj\mb.o
 .debug_info    0x000048e0      0x869 ..\obj\protocol.o
 .debug_info    0x00005149      0x1f3 ..\obj\mbfuncdisc.o
 .debug_info    0x0000533c      0x1c3 ..\obj\usbd_usr.o
 .debug_info    0x000054ff      0x7cd ..\obj\portevent.o
 .debug_info    0x00005ccc      0x257 ..\obj\mbfuncother.o
 .debug_info    0x00005f23      0xa65 ..\obj\stm32f4xx_usart.o
 .debug_info    0x00006988      0x543 ..\obj\stm32f4xx_pwr.o
 .debug_info    0x00006ecb     0x1432 ..\obj\sdio_sd.o
 .debug_info    0x000082fd      0x165 ..\obj\rtc.o
 .debug_info    0x00008462      0x2cd ..\obj\mbutils.o
 .debug_info    0x0000872f      0x9d3 ..\obj\diskio.o
 .debug_info    0x00009102      0x103 ..\obj\startup_stm32f4xx.o
 .debug_info    0x00009205      0x38b ..\obj\mbfuncholding.o
 .debug_info    0x00009590      0xff1 ..\obj\usbd_core.o
 .debug_info    0x0000a581      0x186 ..\obj\main.o
 .debug_info    0x0000a707      0x146 ..\obj\mbcrc.o
 .debug_info    0x0000a84d      0xd49 ..\obj\stm32f4xx_rcc.o
 .debug_info    0x0000b596      0x257 ..\obj\mbfuncfile.o
 .debug_info    0x0000b7ed      0x437 ..\obj\log.o
 .debug_info    0x0000bc24      0x1e5 ..\obj\mbfuncinput.o
 .debug_info    0x0000be09      0xed1 ..\obj\printf.o
 .debug_info    0x0000ccda      0x1f9 ..\obj\watchdog.o
 .debug_info    0x0000ced3     0x12cc ..\obj\tasks.o
 .debug_info    0x0000e19f      0x380 ..\obj\usbd_desc.o
 .debug_info    0x0000e51f      0x758 ..\obj\fram_i2c.o
 .debug_info    0x0000ec77      0x640 ..\obj\stm32f4xx_gpio.o
 .debug_info    0x0000f2b7      0xed3 ..\obj\porttimer.o
 .debug_info    0x0001018a      0x37e ..\obj\usbd_cdc_vcp.o
 .debug_info    0x00010508      0x7fe ..\obj\mbrtu.o
 .debug_info    0x00010d06      0x2c1 ..\obj\list.o
 .debug_info    0x00010fc7      0x5f5 ..\obj\system_stm32f4xx.o
 .debug_info    0x000115bc      0x7af ..\obj\stm32f4xx_dma.o
 .debug_info    0x00011d6b     0x112e ..\obj\usb_bsp.o
 .debug_info    0x00012e99     0x10fb ..\obj\usbd_req.o
 .debug_info    0x00013f94      0x346 ..\obj\port.o
 .debug_info    0x000142da      0xa05 ..\obj\queue.o
 .debug_info    0x00014cdf     0x2020 ..\obj\usb_dcd_int.o
 .debug_info    0x00016cff     0x1e0c ..\obj\portserial.o
 .debug_info    0x00018b0b     0x1083 ..\obj\usbd_cdc_core.o
 .debug_info    0x00019b8e      0xbde ..\obj\stm32f4xx_spi.o
 .debug_info    0x0001a76c      0x31a ..\obj\mbfunccoils.o
 .debug_info    0x0001aa86      0x8ad ..\obj\ADS1220.o
 .debug_info    0x0001b333      0xbab ..\obj\stm32f4xx_i2c.o
 .debug_info    0x0001bede      0xd08 ..\obj\frequency.o
 .debug_info    0x0001cbe6      0x373 ..\obj\stm32f4xx_exti.o
 .debug_info    0x0001cf59      0x592 ..\obj\misc.o
 .debug_info    0x0001d4eb     0x118a ..\obj\usb_dcd.o
 .debug_info    0x0001e675     0x1255 ..\obj\stm32f4xx_rtc.o
 .debug_info    0x0001f8ca      0xde4 ..\obj\usbd_ioreq.o
 .debug_info    0x000206ae      0x2ef ..\obj\heap_2.o
 .debug_info    0x0002099d      0x292 ..\obj\controller.o
 .debug_info    0x00020c2f     0x1e7d ..\obj\stm32f4xx_tim.o
 .debug_info    0x00022aac      0x654 ..\obj\power_detector.o

.debug_abbrev   0x00000000     0x53ba
 .debug_abbrev  0x00000000      0x2bc ..\obj\usb_core.o
 .debug_abbrev  0x000002bc      0x1be ..\obj\mbport.o
 .debug_abbrev  0x0000047a      0x179 ..\obj\stm32f4xx_sdio.o
 .debug_abbrev  0x000005f3      0x19f ..\obj\mb.o
 .debug_abbrev  0x00000792      0x145 ..\obj\protocol.o
 .debug_abbrev  0x000008d7       0xa8 ..\obj\mbfuncdisc.o
 .debug_abbrev  0x0000097f       0xdf ..\obj\usbd_usr.o
 .debug_abbrev  0x00000a5e      0x142 ..\obj\portevent.o
 .debug_abbrev  0x00000ba0       0xc1 ..\obj\mbfuncother.o
 .debug_abbrev  0x00000c61      0x157 ..\obj\stm32f4xx_usart.o
 .debug_abbrev  0x00000db8      0x181 ..\obj\stm32f4xx_pwr.o
 .debug_abbrev  0x00000f39      0x1eb ..\obj\sdio_sd.o
 .debug_abbrev  0x00001124       0xc9 ..\obj\rtc.o
 .debug_abbrev  0x000011ed       0xd8 ..\obj\mbutils.o
 .debug_abbrev  0x000012c5      0x1b6 ..\obj\diskio.o
 .debug_abbrev  0x0000147b       0xb2 ..\obj\startup_stm32f4xx.o
 .debug_abbrev  0x0000152d       0xa8 ..\obj\mbfuncholding.o
 .debug_abbrev  0x000015d5      0x1f2 ..\obj\usbd_core.o
 .debug_abbrev  0x000017c7       0xe3 ..\obj\main.o
 .debug_abbrev  0x000018aa       0x93 ..\obj\mbcrc.o
 .debug_abbrev  0x0000193d      0x1e5 ..\obj\stm32f4xx_rcc.o
 .debug_abbrev  0x00001b22       0xe5 ..\obj\mbfuncfile.o
 .debug_abbrev  0x00001c07      0x167 ..\obj\log.o
 .debug_abbrev  0x00001d6e       0xa8 ..\obj\mbfuncinput.o
 .debug_abbrev  0x00001e16      0x23b ..\obj\printf.o
 .debug_abbrev  0x00002051      0x12f ..\obj\watchdog.o
 .debug_abbrev  0x00002180      0x253 ..\obj\tasks.o
 .debug_abbrev  0x000023d3      0x12e ..\obj\usbd_desc.o
 .debug_abbrev  0x00002501      0x1ed ..\obj\fram_i2c.o
 .debug_abbrev  0x000026ee      0x1a5 ..\obj\stm32f4xx_gpio.o
 .debug_abbrev  0x00002893      0x1c2 ..\obj\porttimer.o
 .debug_abbrev  0x00002a55      0x166 ..\obj\usbd_cdc_vcp.o
 .debug_abbrev  0x00002bbb      0x189 ..\obj\mbrtu.o
 .debug_abbrev  0x00002d44       0xbe ..\obj\list.o
 .debug_abbrev  0x00002e02      0x138 ..\obj\system_stm32f4xx.o
 .debug_abbrev  0x00002f3a      0x157 ..\obj\stm32f4xx_dma.o
 .debug_abbrev  0x00003091      0x1fe ..\obj\usb_bsp.o
 .debug_abbrev  0x0000328f      0x268 ..\obj\usbd_req.o
 .debug_abbrev  0x000034f7      0x1bc ..\obj\port.o
 .debug_abbrev  0x000036b3      0x141 ..\obj\queue.o
 .debug_abbrev  0x000037f4      0x230 ..\obj\usb_dcd_int.o
 .debug_abbrev  0x00003a24      0x2f0 ..\obj\portserial.o
 .debug_abbrev  0x00003d14      0x204 ..\obj\usbd_cdc_core.o
 .debug_abbrev  0x00003f18      0x169 ..\obj\stm32f4xx_spi.o
 .debug_abbrev  0x00004081       0xba ..\obj\mbfunccoils.o
 .debug_abbrev  0x0000413b      0x1d0 ..\obj\ADS1220.o
 .debug_abbrev  0x0000430b      0x166 ..\obj\stm32f4xx_i2c.o
 .debug_abbrev  0x00004471      0x1c2 ..\obj\frequency.o
 .debug_abbrev  0x00004633      0x1a7 ..\obj\stm32f4xx_exti.o
 .debug_abbrev  0x000047da      0x129 ..\obj\misc.o
 .debug_abbrev  0x00004903      0x22e ..\obj\usb_dcd.o
 .debug_abbrev  0x00004b31      0x1b0 ..\obj\stm32f4xx_rtc.o
 .debug_abbrev  0x00004ce1      0x184 ..\obj\usbd_ioreq.o
 .debug_abbrev  0x00004e65      0x16e ..\obj\heap_2.o
 .debug_abbrev  0x00004fd3       0xf0 ..\obj\controller.o
 .debug_abbrev  0x000050c3      0x189 ..\obj\stm32f4xx_tim.o
 .debug_abbrev  0x0000524c      0x16e ..\obj\power_detector.o

.debug_loc      0x00000000     0xa4d5
 .debug_loc     0x00000000      0x7e0 ..\obj\usb_core.o
 .debug_loc     0x000007e0      0x174 ..\obj\mbport.o
 .debug_loc     0x00000954      0x648 ..\obj\stm32f4xx_sdio.o
 .debug_loc     0x00000f9c      0x150 ..\obj\mb.o
 .debug_loc     0x000010ec       0xe0 ..\obj\protocol.o
 .debug_loc     0x000011cc       0x38 ..\obj\mbfuncdisc.o
 .debug_loc     0x00001204       0xe8 ..\obj\usbd_usr.o
 .debug_loc     0x000012ec       0xa8 ..\obj\portevent.o
 .debug_loc     0x00001394       0x70 ..\obj\mbfuncother.o
 .debug_loc     0x00001404      0x658 ..\obj\stm32f4xx_usart.o
 .debug_loc     0x00001a5c      0x288 ..\obj\stm32f4xx_pwr.o
 .debug_loc     0x00001ce4      0x778 ..\obj\sdio_sd.o
 .debug_loc     0x0000245c       0x38 ..\obj\rtc.o
 .debug_loc     0x00002494       0xa8 ..\obj\mbutils.o
 .debug_loc     0x0000253c      0x20c ..\obj\diskio.o
 .debug_loc     0x00002748       0x64 ..\obj\startup_stm32f4xx.o
 .debug_loc     0x000027ac       0xe0 ..\obj\mbfuncholding.o
 .debug_loc     0x0000288c      0x2d8 ..\obj\usbd_core.o
 .debug_loc     0x00002b64      0x100 ..\obj\main.o
 .debug_loc     0x00002c64       0x38 ..\obj\mbcrc.o
 .debug_loc     0x00002c9c      0x97c ..\obj\stm32f4xx_rcc.o
 .debug_loc     0x00003618       0x3a ..\obj\mbfuncfile.o
 .debug_loc     0x00003652       0xe2 ..\obj\log.o
 .debug_loc     0x00003734       0x38 ..\obj\mbfuncinput.o
 .debug_loc     0x0000376c      0x3ea ..\obj\printf.o
 .debug_loc     0x00003b56       0xe0 ..\obj\watchdog.o
 .debug_loc     0x00003c36      0x92c ..\obj\tasks.o
 .debug_loc     0x00004562      0x188 ..\obj\usbd_desc.o
 .debug_loc     0x000046ea      0x15e ..\obj\fram_i2c.o
 .debug_loc     0x00004848      0x310 ..\obj\stm32f4xx_gpio.o
 .debug_loc     0x00004b58      0x2dc ..\obj\porttimer.o
 .debug_loc     0x00004e34      0x164 ..\obj\usbd_cdc_vcp.o
 .debug_loc     0x00004f98      0x1c0 ..\obj\mbrtu.o
 .debug_loc     0x00005158      0x118 ..\obj\list.o
 .debug_loc     0x00005270       0x9c ..\obj\system_stm32f4xx.o
 .debug_loc     0x0000530c      0x428 ..\obj\stm32f4xx_dma.o
 .debug_loc     0x00005734      0x138 ..\obj\usb_bsp.o
 .debug_loc     0x0000586c      0x310 ..\obj\usbd_req.o
 .debug_loc     0x00005b7c      0x1dc ..\obj\port.o
 .debug_loc     0x00005d58      0x460 ..\obj\queue.o
 .debug_loc     0x000061b8      0x2d8 ..\obj\usb_dcd_int.o
 .debug_loc     0x00006490      0x410 ..\obj\portserial.o
 .debug_loc     0x000068a0      0x224 ..\obj\usbd_cdc_core.o
 .debug_loc     0x00006ac4      0x578 ..\obj\stm32f4xx_spi.o
 .debug_loc     0x0000703c       0xa8 ..\obj\mbfunccoils.o
 .debug_loc     0x000070e4      0x224 ..\obj\ADS1220.o
 .debug_loc     0x00007308      0x738 ..\obj\stm32f4xx_i2c.o
 .debug_loc     0x00007a40      0x10d ..\obj\frequency.o
 .debug_loc     0x00007b4d      0x1b4 ..\obj\stm32f4xx_exti.o
 .debug_loc     0x00007d01      0x118 ..\obj\misc.o
 .debug_loc     0x00007e19      0x2d8 ..\obj\usb_dcd.o
 .debug_loc     0x000080f1      0xc48 ..\obj\stm32f4xx_rtc.o
 .debug_loc     0x00008d39      0x188 ..\obj\usbd_ioreq.o
 .debug_loc     0x00008ec1      0x100 ..\obj\heap_2.o
 .debug_loc     0x00008fc1       0x64 ..\obj\controller.o
 .debug_loc     0x00009025     0x1420 ..\obj\stm32f4xx_tim.o
 .debug_loc     0x0000a445       0x90 ..\obj\power_detector.o

.debug_aranges  0x00000000     0x1d78
 .debug_aranges
                0x00000000      0x138 ..\obj\usb_core.o
 .debug_aranges
                0x00000138       0x50 ..\obj\mbport.o
 .debug_aranges
                0x00000188      0x108 ..\obj\stm32f4xx_sdio.o
 .debug_aranges
                0x00000290       0x48 ..\obj\mb.o
 .debug_aranges
                0x000002d8       0x38 ..\obj\protocol.o
 .debug_aranges
                0x00000310       0x20 ..\obj\mbfuncdisc.o
 .debug_aranges
                0x00000330       0x40 ..\obj\usbd_usr.o
 .debug_aranges
                0x00000370       0x30 ..\obj\portevent.o
 .debug_aranges
                0x000003a0       0x28 ..\obj\mbfuncother.o
 .debug_aranges
                0x000003c8      0x100 ..\obj\stm32f4xx_usart.o
 .debug_aranges
                0x000004c8       0x78 ..\obj\stm32f4xx_pwr.o
 .debug_aranges
                0x00000540      0x130 ..\obj\sdio_sd.o
 .debug_aranges
                0x00000670       0x20 ..\obj\rtc.o
 .debug_aranges
                0x00000690       0x30 ..\obj\mbutils.o
 .debug_aranges
                0x000006c0       0x68 ..\obj\diskio.o
 .debug_aranges
                0x00000728       0x28 ..\obj\startup_stm32f4xx.o
 .debug_aranges
                0x00000750       0x38 ..\obj\mbfuncholding.o
 .debug_aranges
                0x00000788       0x80 ..\obj\usbd_core.o
 .debug_aranges
                0x00000808       0x40 ..\obj\main.o
 .debug_aranges
                0x00000848       0x20 ..\obj\mbcrc.o
 .debug_aranges
                0x00000868      0x178 ..\obj\stm32f4xx_rcc.o
 .debug_aranges
                0x000009e0       0x20 ..\obj\mbfuncfile.o
 .debug_aranges
                0x00000a00       0x38 ..\obj\log.o
 .debug_aranges
                0x00000a38       0x20 ..\obj\mbfuncinput.o
 .debug_aranges
                0x00000a58       0xa0 ..\obj\printf.o
 .debug_aranges
                0x00000af8       0x38 ..\obj\watchdog.o
 .debug_aranges
                0x00000b30      0x170 ..\obj\tasks.o
 .debug_aranges
                0x00000ca0       0x50 ..\obj\usbd_desc.o
 .debug_aranges
                0x00000cf0       0x48 ..\obj\fram_i2c.o
 .debug_aranges
                0x00000d38       0x88 ..\obj\stm32f4xx_gpio.o
 .debug_aranges
                0x00000dc0       0x90 ..\obj\porttimer.o
 .debug_aranges
                0x00000e50       0x50 ..\obj\usbd_cdc_vcp.o
 .debug_aranges
                0x00000ea0       0x58 ..\obj\mbrtu.o
 .debug_aranges
                0x00000ef8       0x40 ..\obj\list.o
 .debug_aranges
                0x00000f38       0x30 ..\obj\system_stm32f4xx.o
 .debug_aranges
                0x00000f68       0xb0 ..\obj\stm32f4xx_dma.o
 .debug_aranges
                0x00001018       0x48 ..\obj\usb_bsp.o
 .debug_aranges
                0x00001060       0x88 ..\obj\usbd_req.o
 .debug_aranges
                0x000010e8       0x90 ..\obj\port.o
 .debug_aranges
                0x00001178       0xb8 ..\obj\queue.o
 .debug_aranges
                0x00001230       0x80 ..\obj\usb_dcd_int.o
 .debug_aranges
                0x000012b0       0xb0 ..\obj\portserial.o
 .debug_aranges
                0x00001360       0x68 ..\obj\usbd_cdc_core.o
 .debug_aranges
                0x000013c8       0xe0 ..\obj\stm32f4xx_spi.o
 .debug_aranges
                0x000014a8       0x30 ..\obj\mbfunccoils.o
 .debug_aranges
                0x000014d8       0x68 ..\obj\ADS1220.o
 .debug_aranges
                0x00001540      0x120 ..\obj\stm32f4xx_i2c.o
 .debug_aranges
                0x00001660       0x40 ..\obj\frequency.o
 .debug_aranges
                0x000016a0       0x58 ..\obj\stm32f4xx_exti.o
 .debug_aranges
                0x000016f8       0x40 ..\obj\misc.o
 .debug_aranges
                0x00001738       0x80 ..\obj\usb_dcd.o
 .debug_aranges
                0x000017b8      0x1e0 ..\obj\stm32f4xx_rtc.o
 .debug_aranges
                0x00001998       0x50 ..\obj\usbd_ioreq.o
 .debug_aranges
                0x000019e8       0x40 ..\obj\heap_2.o
 .debug_aranges
                0x00001a28       0x28 ..\obj\controller.o
 .debug_aranges
                0x00001a50      0x2f8 ..\obj\stm32f4xx_tim.o
 .debug_aranges
                0x00001d48       0x30 ..\obj\power_detector.o

.debug_ranges   0x00000000     0x19e8
 .debug_ranges  0x00000000      0x128 ..\obj\usb_core.o
 .debug_ranges  0x00000128       0x40 ..\obj\mbport.o
 .debug_ranges  0x00000168       0xf8 ..\obj\stm32f4xx_sdio.o
 .debug_ranges  0x00000260       0x38 ..\obj\mb.o
 .debug_ranges  0x00000298       0x28 ..\obj\protocol.o
 .debug_ranges  0x000002c0       0x10 ..\obj\mbfuncdisc.o
 .debug_ranges  0x000002d0       0x30 ..\obj\usbd_usr.o
 .debug_ranges  0x00000300       0x20 ..\obj\portevent.o
 .debug_ranges  0x00000320       0x18 ..\obj\mbfuncother.o
 .debug_ranges  0x00000338       0xf0 ..\obj\stm32f4xx_usart.o
 .debug_ranges  0x00000428       0x68 ..\obj\stm32f4xx_pwr.o
 .debug_ranges  0x00000490      0x120 ..\obj\sdio_sd.o
 .debug_ranges  0x000005b0       0x10 ..\obj\rtc.o
 .debug_ranges  0x000005c0       0x20 ..\obj\mbutils.o
 .debug_ranges  0x000005e0       0x58 ..\obj\diskio.o
 .debug_ranges  0x00000638       0x18 ..\obj\startup_stm32f4xx.o
 .debug_ranges  0x00000650       0x28 ..\obj\mbfuncholding.o
 .debug_ranges  0x00000678       0x70 ..\obj\usbd_core.o
 .debug_ranges  0x000006e8       0x30 ..\obj\main.o
 .debug_ranges  0x00000718       0x10 ..\obj\mbcrc.o
 .debug_ranges  0x00000728      0x168 ..\obj\stm32f4xx_rcc.o
 .debug_ranges  0x00000890       0x10 ..\obj\mbfuncfile.o
 .debug_ranges  0x000008a0       0x28 ..\obj\log.o
 .debug_ranges  0x000008c8       0x10 ..\obj\mbfuncinput.o
 .debug_ranges  0x000008d8       0x90 ..\obj\printf.o
 .debug_ranges  0x00000968       0x28 ..\obj\watchdog.o
 .debug_ranges  0x00000990      0x160 ..\obj\tasks.o
 .debug_ranges  0x00000af0       0x40 ..\obj\usbd_desc.o
 .debug_ranges  0x00000b30       0x38 ..\obj\fram_i2c.o
 .debug_ranges  0x00000b68       0x78 ..\obj\stm32f4xx_gpio.o
 .debug_ranges  0x00000be0       0x80 ..\obj\porttimer.o
 .debug_ranges  0x00000c60       0x40 ..\obj\usbd_cdc_vcp.o
 .debug_ranges  0x00000ca0       0x48 ..\obj\mbrtu.o
 .debug_ranges  0x00000ce8       0x30 ..\obj\list.o
 .debug_ranges  0x00000d18       0x20 ..\obj\system_stm32f4xx.o
 .debug_ranges  0x00000d38       0xa0 ..\obj\stm32f4xx_dma.o
 .debug_ranges  0x00000dd8       0x38 ..\obj\usb_bsp.o
 .debug_ranges  0x00000e10       0x78 ..\obj\usbd_req.o
 .debug_ranges  0x00000e88       0x80 ..\obj\port.o
 .debug_ranges  0x00000f08       0xa8 ..\obj\queue.o
 .debug_ranges  0x00000fb0       0x70 ..\obj\usb_dcd_int.o
 .debug_ranges  0x00001020       0xa0 ..\obj\portserial.o
 .debug_ranges  0x000010c0       0x58 ..\obj\usbd_cdc_core.o
 .debug_ranges  0x00001118       0xd0 ..\obj\stm32f4xx_spi.o
 .debug_ranges  0x000011e8       0x20 ..\obj\mbfunccoils.o
 .debug_ranges  0x00001208       0x58 ..\obj\ADS1220.o
 .debug_ranges  0x00001260      0x110 ..\obj\stm32f4xx_i2c.o
 .debug_ranges  0x00001370       0x30 ..\obj\frequency.o
 .debug_ranges  0x000013a0       0x48 ..\obj\stm32f4xx_exti.o
 .debug_ranges  0x000013e8       0x30 ..\obj\misc.o
 .debug_ranges  0x00001418       0x70 ..\obj\usb_dcd.o
 .debug_ranges  0x00001488      0x1d0 ..\obj\stm32f4xx_rtc.o
 .debug_ranges  0x00001658       0x40 ..\obj\usbd_ioreq.o
 .debug_ranges  0x00001698       0x30 ..\obj\heap_2.o
 .debug_ranges  0x000016c8       0x18 ..\obj\controller.o
 .debug_ranges  0x000016e0      0x2e8 ..\obj\stm32f4xx_tim.o
 .debug_ranges  0x000019c8       0x20 ..\obj\power_detector.o

.debug_line     0x00000000     0xca8a
 .debug_line    0x00000000      0x67b ..\obj\usb_core.o
 .debug_line    0x0000067b      0x7b7 ..\obj\mbport.o
 .debug_line    0x00000e32      0x428 ..\obj\stm32f4xx_sdio.o
 .debug_line    0x0000125a      0x312 ..\obj\mb.o
 .debug_line    0x0000156c      0x34c ..\obj\protocol.o
 .debug_line    0x000018b8      0x1d9 ..\obj\mbfuncdisc.o
 .debug_line    0x00001a91      0x17a ..\obj\usbd_usr.o
 .debug_line    0x00001c0b      0x238 ..\obj\portevent.o
 .debug_line    0x00001e43      0x22f ..\obj\mbfuncother.o
 .debug_line    0x00002072      0x485 ..\obj\stm32f4xx_usart.o
 .debug_line    0x000024f7      0x28b ..\obj\stm32f4xx_pwr.o
 .debug_line    0x00002782      0x93a ..\obj\sdio_sd.o
 .debug_line    0x000030bc      0x1ea ..\obj\rtc.o
 .debug_line    0x000032a6      0x239 ..\obj\mbutils.o
 .debug_line    0x000034df      0x30c ..\obj\diskio.o
 .debug_line    0x000037eb       0xaf ..\obj\startup_stm32f4xx.o
 .debug_line    0x0000389a      0x26f ..\obj\mbfuncholding.o
 .debug_line    0x00003b09      0x2ce ..\obj\usbd_core.o
 .debug_line    0x00003dd7      0x285 ..\obj\main.o
 .debug_line    0x0000405c      0x150 ..\obj\mbcrc.o
 .debug_line    0x000041ac      0x57b ..\obj\stm32f4xx_rcc.o
 .debug_line    0x00004727      0x211 ..\obj\mbfuncfile.o
 .debug_line    0x00004938      0x33f ..\obj\log.o
 .debug_line    0x00004c77      0x1cf ..\obj\mbfuncinput.o
 .debug_line    0x00004e46      0x392 ..\obj\printf.o
 .debug_line    0x000051d8      0x221 ..\obj\watchdog.o
 .debug_line    0x000053f9      0xa6a ..\obj\tasks.o
 .debug_line    0x00005e63      0x1c0 ..\obj\usbd_desc.o
 .debug_line    0x00006023      0x4fb ..\obj\fram_i2c.o
 .debug_line    0x0000651e      0x323 ..\obj\stm32f4xx_gpio.o
 .debug_line    0x00006841      0x42d ..\obj\porttimer.o
 .debug_line    0x00006c6e      0x1ea ..\obj\usbd_cdc_vcp.o
 .debug_line    0x00006e58      0x27f ..\obj\mbrtu.o
 .debug_line    0x000070d7      0x22d ..\obj\list.o
 .debug_line    0x00007304      0x1af ..\obj\system_stm32f4xx.o
 .debug_line    0x000074b3      0x3c0 ..\obj\stm32f4xx_dma.o
 .debug_line    0x00007873      0x279 ..\obj\usb_bsp.o
 .debug_line    0x00007aec      0x38d ..\obj\usbd_req.o
 .debug_line    0x00007e79      0x2f6 ..\obj\port.o
 .debug_line    0x0000816f      0x6d3 ..\obj\queue.o
 .debug_line    0x00008842      0x379 ..\obj\usb_dcd_int.o
 .debug_line    0x00008bbb      0x5eb ..\obj\portserial.o
 .debug_line    0x000091a6      0x265 ..\obj\usbd_cdc_core.o
 .debug_line    0x0000940b      0x437 ..\obj\stm32f4xx_spi.o
 .debug_line    0x00009842      0x247 ..\obj\mbfunccoils.o
 .debug_line    0x00009a89      0x4e3 ..\obj\ADS1220.o
 .debug_line    0x00009f6c      0x4c0 ..\obj\stm32f4xx_i2c.o
 .debug_line    0x0000a42c      0x3f9 ..\obj\frequency.o
 .debug_line    0x0000a825      0x289 ..\obj\stm32f4xx_exti.o
 .debug_line    0x0000aaae      0x229 ..\obj\misc.o
 .debug_line    0x0000acd7      0x2ec ..\obj\usb_dcd.o
 .debug_line    0x0000afc3      0x7f1 ..\obj\stm32f4xx_rtc.o
 .debug_line    0x0000b7b4      0x1d6 ..\obj\usbd_ioreq.o
 .debug_line    0x0000b98a      0x263 ..\obj\heap_2.o
 .debug_line    0x0000bbed      0x1f3 ..\obj\controller.o
 .debug_line    0x0000bde0      0xa5d ..\obj\stm32f4xx_tim.o
 .debug_line    0x0000c83d      0x24d ..\obj\power_detector.o

.debug_str      0x00000000     0xa245
 .debug_str     0x00000000     0x12c9 ..\obj\usb_core.o
                               0x15fa (size before relaxing)
 .debug_str     0x000012c9      0x476 ..\obj\mbport.o
                                0x5a5 (size before relaxing)
 .debug_str     0x0000173f      0x4dc ..\obj\stm32f4xx_sdio.o
                                0x5bf (size before relaxing)
 .debug_str     0x00001c1b      0x5cc ..\obj\mb.o
                                0x78e (size before relaxing)
 .debug_str     0x000021e7      0x1f6 ..\obj\protocol.o
                                0x84f (size before relaxing)
 .debug_str     0x000023dd       0xc3 ..\obj\mbfuncdisc.o
                                0x2ec (size before relaxing)
 .debug_str     0x000024a0       0xbc ..\obj\usbd_usr.o
                                0x1fe (size before relaxing)
 .debug_str     0x0000255c       0x9a ..\obj\portevent.o
                                0x6ff (size before relaxing)
 .debug_str     0x000025f6       0xd8 ..\obj\mbfuncother.o
                                0x315 (size before relaxing)
 .debug_str     0x000026ce      0x4c9 ..\obj\stm32f4xx_usart.o
                                0x603 (size before relaxing)
 .debug_str     0x00002b97      0x1e9 ..\obj\stm32f4xx_pwr.o
                                0x305 (size before relaxing)
 .debug_str     0x00002d80      0xb3f ..\obj\sdio_sd.o
                                0xe4b (size before relaxing)
 .debug_str     0x000038bf       0xa9 ..\obj\rtc.o
                                0x1aa (size before relaxing)
 .debug_str     0x00003968       0xee ..\obj\mbutils.o
                                0x329 (size before relaxing)
 .debug_str     0x00003a56      0x669 ..\obj\diskio.o
                                0xb23 (size before relaxing)
 .debug_str     0x000040bf       0xbe ..\obj\startup_stm32f4xx.o
                                 0xe5 (size before relaxing)
 .debug_str     0x0000417d      0x155 ..\obj\mbfuncholding.o
                                0x3ca (size before relaxing)
 .debug_str     0x000042d2      0x196 ..\obj\usbd_core.o
                                0xa3f (size before relaxing)
 .debug_str     0x00004468       0xd6 ..\obj\main.o
                                0x1ba (size before relaxing)
 .debug_str     0x0000453e       0x77 ..\obj\mbcrc.o
                                0x14d (size before relaxing)
 .debug_str     0x000045b5      0x5eb ..\obj\stm32f4xx_rcc.o
                                0x7c4 (size before relaxing)
 .debug_str     0x00004ba0       0x93 ..\obj\mbfuncfile.o
                                0x323 (size before relaxing)
 .debug_str     0x00004c33       0xb8 ..\obj\log.o
                                0x3d6 (size before relaxing)
 .debug_str     0x00004ceb       0x79 ..\obj\mbfuncinput.o
                                0x2e0 (size before relaxing)
 .debug_str     0x00004d64      0x4ac ..\obj\printf.o
                                0x605 (size before relaxing)
 .debug_str     0x00005210       0xd5 ..\obj\watchdog.o
                                0x1e0 (size before relaxing)
 .debug_str     0x000052e5      0xa41 ..\obj\tasks.o
                                0xb9c (size before relaxing)
 .debug_str     0x00005d26      0x16a ..\obj\usbd_desc.o
                                0x301 (size before relaxing)
 .debug_str     0x00005e90      0x35d ..\obj\fram_i2c.o
                                0x58c (size before relaxing)
 .debug_str     0x000061ed      0x1ac ..\obj\stm32f4xx_gpio.o
                                0x417 (size before relaxing)
 .debug_str     0x00006399      0x35b ..\obj\porttimer.o
                                0xf40 (size before relaxing)
 .debug_str     0x000066f4      0x14a ..\obj\usbd_cdc_vcp.o
                                0x236 (size before relaxing)
 .debug_str     0x0000683e      0x121 ..\obj\mbrtu.o
                                0x560 (size before relaxing)
 .debug_str     0x0000695f       0xe8 ..\obj\list.o