Archive member included because of file (symbol)

C:\Program Files\CooCox\CoIDE\gcc\Sourcery G++ Lite\arm-none-eabi\lib\thumb2\libm.a(lib_a-wf_sqrt.o)
                              ..\obj\ADS1220.o (sqrtf)
C:\Program Files\CooCox\CoIDE\gcc\Sourcery G++ Lite\arm-none-eabi\lib\thumb2\libm.a(lib_a-ef_sqrt.o)
                              C:\Program Files\CooCox\CoIDE\gcc\Sourcery G++ Lite\arm-none-eabi\lib\thumb2\libm.a(lib_a-wf_sqrt.o) (__ieee754_sqrtf)
C:\Program Files\CooCox\CoIDE\gcc\Sourcery G++ Lite\arm-none-eabi\lib\thumb2\libm.a(lib_a-s_lib_ver.o)
                              C:\Program Files\CooCox\CoIDE\gcc\Sourcery G++ Lite\arm-none-eabi\lib\thumb2\libm.a(lib_a-wf_sqrt.o) (__fdlib_version)
C:\Program Files\CooCox\CoIDE\gcc\Sourcery G++ Lite\arm-none-eabi\lib\thumb2\libm.a(lib_a-s_matherr.o)
                              C:\Program Files\CooCox\CoIDE\gcc\Sourcery G++ Lite\arm-none-eabi\lib\thumb2\libm.a(lib_a-wf_sqrt.o) (matherr)
C:\Program Files\CooCox\CoIDE\gcc\Sourcery G++ Lite\arm-none-eabi\lib\thumb2\libm.a(lib_a-sf_fpclassify.o)
                              C:\Program Files\CooCox\CoIDE\gcc\Sourcery G++ Lite\arm-none-eabi\lib\thumb2\libm.a(lib_a-wf_sqrt.o) (__fpclassifyf)
C:\Program Files\CooCox\CoIDE\gcc\Sourcery G++ Lite\arm-none-eabi\lib\thumb2\libc.a(lib_a-errno.o)
                              C:\Program Files\CooCox\CoIDE\gcc\Sourcery G++ Lite\arm-none-eabi\lib\thumb2\libm.a(lib_a-wf_sqrt.o) (__errno)
C:\Program Files\CooCox\CoIDE\gcc\Sourcery G++ Lite\arm-none-eabi\lib\thumb2\libc.a(lib_a-memcmp.o)
                              ..\obj\tasks.o (memcmp)
C:\Program Files\CooCox\CoIDE\gcc\Sourcery G++ Lite\arm-none-eabi\lib\thumb2\libc.a(lib_a-memcpy.o)
                              ..\obj\mbport.o (memcpy)
C:\Program Files\CooCox\CoIDE\gcc\Sourcery G++ Lite\arm-none-eabi\lib\thumb2\libc.a(lib_a-memset.o)
                              ..\obj\tasks.o (memset)
C:\Program Files\CooCox\CoIDE\gcc\Sourcery G++ Lite\arm-none-eabi\lib\thumb2\libc.a(lib_a-strlen.o)
                              ..\obj\wiznet.o (strlen)
c:/stm32/arm_eabi/bin/../lib/gcc/arm-none-eabi/4.7.2/thumb2\libgcc.a(_arm_addsubdf3.o)
                              ..\obj\ADS1220.o (__aeabi_dsub)
c:/stm32/arm_eabi/bin/../lib/gcc/arm-none-eabi/4.7.2/thumb2\libgcc.a(_arm_muldivdf3.o)
                              ..\obj\ADS1220.o (__aeabi_dmul)
c:/stm32/arm_eabi/bin/../lib/gcc/arm-none-eabi/4.7.2/thumb2\libgcc.a(_arm_truncdfsf2.o)
                              ..\obj\ADS1220.o (__aeabi_d2f)
c:/stm32/arm_eabi/bin/../lib/gcc/arm-none-eabi/4.7.2/thumb2\libgcc.a(_arm_addsubsf3.o)
                              ..\obj\ADS1220.o (__aeabi_fsub)
c:/stm32/arm_eabi/bin/../lib/gcc/arm-none-eabi/4.7.2/thumb2\libgcc.a(_arm_muldivsf3.o)
                              ..\obj\ADS1220.o (__aeabi_fmul)
c:/stm32/arm_eabi/bin/../lib/gcc/arm-none-eabi/4.7.2/thumb2\libgcc.a(_arm_cmpsf2.o)
                              ..\obj\controller.o (__aeabi_fcmplt)
c:/stm32/arm_eabi/bin/../lib/gcc/arm-none-eabi/4.7.2/thumb2\libgcc.a(_arm_fixunssfsi.o)
                              ..\obj\mbport.o (__aeabi_f2uiz)

Allocating common symbols
Common symbol       size              file

SDIO_CmdInitStructure
                    0x14              ..\obj\sdio_sd.o
APP_Tx_Buffer       0x80              ..\obj\usbd_cdc_vcp.o
log_buf             0x80              ..\obj\log.o
stContext_RS232     0x174             ..\obj\protocol.o
stContext_RS485     0x174             ..\obj\protocol.o
stSettings          0x84              ..\obj\controller.o
SDCardInfo          0x58              ..\obj\sdio_sd.o
SDIO_InitStructure  0x18              ..\obj\sdio_sd.o
gDATABUF            0x800             ..\obj\wiznet.o
usbd_cdc_OtherCfgDesc
                    0x43              ..\obj\usbd_cdc_core.o
SDIO_DataInitStructure
                    0x18              ..\obj\sdio_sd.o
APP_tx_ptr_tail     0x4               ..\obj\usbd_cdc_vcp.o
USB_Rx_Buffer       0x40              ..\obj\usbd_cdc_core.o
xMeasureDataMutex   0x4               ..\obj\controller.o
temp_char           0x1               ..\obj\portserial.o
stContext_USB_CDC   0x174             ..\obj\protocol.o
CmdBuff             0x8               ..\obj\usbd_cdc_core.o
xI2CBusMutex        0x4               ..\obj\fram_i2c.o
USB_OTG_dev         0x5f0             ..\obj\portserial.o
xFrequencySemaphore
                    0x8               ..\obj\frequency.o
xADC_SPI_Mutex      0x4               ..\obj\ADS1220.o
APP_Rx_Buffer       0x800             ..\obj\usbd_cdc_core.o
NVIC_InitStructure  0x4               ..\obj\low_level_sdio.o
stMeasureData       0x60              ..\obj\controller.o
xSettingsMutex      0x4               ..\obj\controller.o
task_watches        0x58              ..\obj\watchdog.o
USBD_StrDesc        0x32              ..\obj\usbd_req.o
APP_tx_ptr_head     0x4               ..\obj\usbd_cdc_vcp.o

Discarded input sections

 .text          0x00000000        0x0 ..\obj\socket.o
[...]
Memory Configuration

Name             Origin             Length             Attributes
rom              0x08000000         0x00100000         xr
ram              0x20000000         0x00020000         xrw
ram1             0x10000000         0x00010000         xrw
*default*        0x00000000         0xffffffff

Linker script and memory map

                0x20020000                _eram = 0x20020000

.text           0x08000000    0x11f88
 *(.isr_vector)
 .isr_vector    0x08000000      0x188 ..\obj\startup_stm32f4xx.o
                0x08000000                g_pfnVectors
 *(.text*)
 .text.USB_OTG_EnableCommonInt
                0x08000188       0x44 ..\obj\usb_core.o
 .text.USB_OTG_CoreReset
                0x080001cc       0xa4 ..\obj\usb_core.o
 .text.USB_OTG_WritePacket
                0x08000270       0x84 ..\obj\usb_core.o
                0x08000270                USB_OTG_WritePacket
 .text.USB_OTG_ReadPacket
                0x080002f4       0x68 ..\obj\usb_core.o
                0x080002f4                USB_OTG_ReadPacket
 .text.USB_OTG_SelectCore
                0x0800035c      0x1b0 ..\obj\usb_core.o
                0x0800035c                USB_OTG_SelectCore
 .text.USB_OTG_CoreInit
                0x0800050c      0x1f8 ..\obj\usb_core.o
                0x0800050c                USB_OTG_CoreInit
 .text.USB_OTG_EnableGlobalInt
                0x08000704       0x3c ..\obj\usb_core.o
                0x08000704                USB_OTG_EnableGlobalInt
 .text.USB_OTG_DisableGlobalInt
                0x08000740       0x40 ..\obj\usb_core.o
                0x08000740                USB_OTG_DisableGlobalInt
 .text.USB_OTG_FlushTxFifo
                0x08000780       0x80 ..\obj\usb_core.o
                0x08000780                USB_OTG_FlushTxFifo
 .text.USB_OTG_FlushRxFifo
                0x08000800       0x6c ..\obj\usb_core.o
                0x08000800                USB_OTG_FlushRxFifo
 .text.USB_OTG_SetCurrentMode
                0x0800086c       0x64 ..\obj\usb_core.o
                0x0800086c                USB_OTG_SetCurrentMode
 .text.USB_OTG_GetMode
                0x080008d0       0x20 ..\obj\usb_core.o
                0x080008d0                USB_OTG_GetMode
 .text.USB_OTG_IsDeviceMode
                0x080008f0       0x24 ..\obj\usb_core.o
                0x080008f0                USB_OTG_IsDeviceMode
 .text.USB_OTG_ReadCoreItr
                0x08000914       0x30 ..\obj\usb_core.o
                0x08000914                USB_OTG_ReadCoreItr
 .text.USB_OTG_InitDevSpeed
                0x08000944       0x38 ..\obj\usb_core.o
                0x08000944                USB_OTG_InitDevSpeed
 .text.USB_OTG_CoreInitDev
                0x0800097c      0x2d8 ..\obj\usb_core.o
                0x0800097c                USB_OTG_CoreInitDev
 .text.USB_OTG_EnableDevInt
                0x08000c54       0xa4 ..\obj\usb_core.o
                0x08000c54                USB_OTG_EnableDevInt
 .text.USB_OTG_GetDeviceSpeed
                0x08000cf8       0x50 ..\obj\usb_core.o
                0x08000cf8                USB_OTG_GetDeviceSpeed
 .text.USB_OTG_EP0Activate
                0x08000d48       0x80 ..\obj\usb_core.o
                0x08000d48                USB_OTG_EP0Activate
 .text.USB_OTG_EPActivate
                0x08000dc8       0xf8 ..\obj\usb_core.o
                0x08000dc8                USB_OTG_EPActivate
 .text.USB_OTG_EPDeactivate
                0x08000ec0       0xa4 ..\obj\usb_core.o
                0x08000ec0                USB_OTG_EPDeactivate
 .text.USB_OTG_EPStartXfer
                0x08000f64      0x2d0 ..\obj\usb_core.o
                0x08000f64                USB_OTG_EPStartXfer
 .text.USB_OTG_EP0StartXfer
                0x08001234      0x200 ..\obj\usb_core.o
                0x08001234                USB_OTG_EP0StartXfer
 .text.USB_OTG_EPSetStall
                0x08001434       0x94 ..\obj\usb_core.o
                0x08001434                USB_OTG_EPSetStall
 .text.USB_OTG_EPClearStall
                0x080014c8       0x84 ..\obj\usb_core.o
                0x080014c8                USB_OTG_EPClearStall
 .text.USB_OTG_ReadDevAllOutEp_itr
                0x0800154c       0x30 ..\obj\usb_core.o
                0x0800154c                USB_OTG_ReadDevAllOutEp_itr
 .text.USB_OTG_ReadDevOutEP_itr
                0x0800157c       0x3c ..\obj\usb_core.o
                0x0800157c                USB_OTG_ReadDevOutEP_itr
 .text.USB_OTG_ReadDevAllInEPItr
                0x080015b8       0x34 ..\obj\usb_core.o
                0x080015b8                USB_OTG_ReadDevAllInEPItr
 .text.USB_OTG_EP0_OutStart
                0x080015ec       0x78 ..\obj\usb_core.o
                0x080015ec                USB_OTG_EP0_OutStart
 .text.USB_OTG_UngateClock
                0x08001664       0x54 ..\obj\usb_core.o
                0x08001664                USB_OTG_UngateClock
 .text.ENTER_CRITICAL_SECTION
                0x080016b8        0xc ..\obj\mbport.o
                0x080016b8                ENTER_CRITICAL_SECTION
 .text.EXIT_CRITICAL_SECTION
                0x080016c4        0xc ..\obj\mbport.o
                0x080016c4                EXIT_CRITICAL_SECTION
 .text.eMBRegInputCB
                0x080016d0      0x294 ..\obj\mbport.o
                0x080016d0                eMBRegInputCB
 .text.eMBRegHoldingCB
                0x08001964     0x30ec ..\obj\mbport.o
                0x08001964                eMBRegHoldingCB
 .text.eMBRegCoilsCB
                0x08004a50       0x20 ..\obj\mbport.o
                0x08004a50                eMBRegCoilsCB
 .text.eMBRegDiscreteCB
                0x08004a70       0x20 ..\obj\mbport.o
                0x08004a70                eMBRegDiscreteCB
 .text.eMBFileCB
                0x08004a90      0x16c ..\obj\mbport.o
                0x08004a90                eMBFileCB
 .text.Calc_Init
                0x08004bfc       0x78 ..\obj\calc.o
                0x08004bfc                Calc_Init
 .text.Calc_Task
                0x08004c74       0x84 ..\obj\calc.o
 .text.eMBInit  0x08004cf8      0x100 ..\obj\mb.o
                0x08004cf8                eMBInit
 .text.eMBEnable
                0x08004df8       0x50 ..\obj\mb.o
                0x08004df8                eMBEnable
 .text.eMBPoll  0x08004e48      0x1ac ..\obj\mb.o
                0x08004e48                eMBPoll
 .text.SDIO_ITConfig
                0x08004ff4       0x40 ..\obj\stm32f4xx_sdio.o
                0x08004ff4                SDIO_ITConfig
 .text.SDIO_GetITStatus
                0x08005034       0x3c ..\obj\stm32f4xx_sdio.o
                0x08005034                SDIO_GetITStatus
 .text.SDIO_ClearITPendingBit
                0x08005070       0x1c ..\obj\stm32f4xx_sdio.o
                0x08005070                SDIO_ClearITPendingBit
 .text.Protocol_Init
                0x0800508c      0x134 ..\obj\protocol.o
                0x0800508c                Protocol_Init
 .text.Modbus_RS485_Task
                0x080051c0       0x38 ..\obj\protocol.o
 .text.Modbus_RS232_Task
                0x080051f8       0x38 ..\obj\protocol.o
 .text.Modbus_USB_CDC_Task
                0x08005230       0x38 ..\obj\protocol.o
 .text.eMBFuncReadDiscreteInputs
                0x08005268      0x130 ..\obj\mbfuncdisc.o
                0x08005268                eMBFuncReadDiscreteInputs
 .text.USBD_USR_Init
                0x08005398        0xc ..\obj\usbd_usr.o
                0x08005398                USBD_USR_Init
 .text.USBD_USR_DeviceReset
                0x080053a4       0x14 ..\obj\usbd_usr.o
                0x080053a4                USBD_USR_DeviceReset
 .text.USBD_USR_DeviceConfigured
                0x080053b8        0xc ..\obj\usbd_usr.o
                0x080053b8                USBD_USR_DeviceConfigured
 .text.USBD_USR_DeviceSuspended
                0x080053c4        0xc ..\obj\usbd_usr.o
                0x080053c4                USBD_USR_DeviceSuspended
 .text.USBD_USR_DeviceResumed
                0x080053d0        0xc ..\obj\usbd_usr.o
                0x080053d0                USBD_USR_DeviceResumed
 .text.xMBPortEventInit
                0x080053dc       0x20 ..\obj\portevent.o
                0x080053dc                xMBPortEventInit
 .text.xMBPortEventPost
                0x080053fc       0x2c ..\obj\portevent.o
                0x080053fc                xMBPortEventPost
 .text.xMBPortEventGet
                0x08005428       0x60 ..\obj\portevent.o
                0x08005428                xMBPortEventGet
 .text.eMBFuncReportSlaveID
                0x08005488       0x44 ..\obj\mbfuncother.o
                0x08005488                eMBFuncReportSlaveID
 .text.USART_Init
                0x080054cc      0x19c ..\obj\stm32f4xx_usart.o
                0x080054cc                USART_Init
 .text.USART_Cmd
                0x08005668       0x40 ..\obj\stm32f4xx_usart.o
                0x08005668                USART_Cmd
 .text.USART_SendData
                0x080056a8       0x28 ..\obj\stm32f4xx_usart.o
                0x080056a8                USART_SendData
 .text.USART_ReceiveData
                0x080056d0       0x24 ..\obj\stm32f4xx_usart.o
                0x080056d0                USART_ReceiveData
 .text.USART_ITConfig
                0x080056f4       0xa4 ..\obj\stm32f4xx_usart.o
                0x080056f4                USART_ITConfig
 .text.USART_GetFlagStatus
                0x08005798       0x40 ..\obj\stm32f4xx_usart.o
                0x08005798                USART_GetFlagStatus
 .text.USART_ClearFlag
                0x080057d8       0x24 ..\obj\stm32f4xx_usart.o
                0x080057d8                USART_ClearFlag
 .text.USART_GetITStatus
                0x080057fc       0xc4 ..\obj\stm32f4xx_usart.o
                0x080057fc                USART_GetITStatus
 .text.PWR_BackupAccessCmd
                0x080058c0       0x20 ..\obj\stm32f4xx_pwr.o
                0x080058c0                PWR_BackupAccessCmd
 .text.PWR_PVDLevelConfig
                0x080058e0       0x38 ..\obj\stm32f4xx_pwr.o
                0x080058e0                PWR_PVDLevelConfig
 .text.PWR_PVDCmd
                0x08005918       0x20 ..\obj\stm32f4xx_pwr.o
                0x08005918                PWR_PVDCmd
 .text.RTC_Clock_Init
                0x08005938       0x94 ..\obj\rtc.o
                0x08005938                RTC_Clock_Init
 .text.SD_ProcessIRQSrc
                0x080059cc       0xe8 ..\obj\sdio_sd.o
                0x080059cc                SD_ProcessIRQSrc
 .text.SD_ProcessDMAIRQ
                0x08005ab4       0x30 ..\obj\sdio_sd.o
                0x08005ab4                SD_ProcessDMAIRQ
 .text.prveMBError2Exception
                0x08005ae4       0x48 ..\obj\mbutils.o
                0x08005ae4                prveMBError2Exception
 .text.SDIO_IRQHandler
                0x08005b2c        0xc ..\obj\diskio.o
                0x08005b2c                SDIO_IRQHandler
 .text.DMA2_Stream3_IRQHandler
                0x08005b38        0xc ..\obj\diskio.o
                0x08005b38                DMA2_Stream3_IRQHandler
 .text.Default_Reset_Handler
                0x08005b44       0x64 ..\obj\startup_stm32f4xx.o
                0x08005b44                Default_Reset_Handler
                0x08005b44                Reset_Handler
 .text.Default_Handler
                0x08005ba8        0x8 ..\obj\startup_stm32f4xx.o
                0x08005ba8                RTC_Alarm_IRQHandler
                0x08005ba8                HASH_RNG_IRQHandler
                0x08005ba8                EXTI2_IRQHandler
                0x08005ba8                TIM8_CC_IRQHandler
                0x08005ba8                DebugMon_Handler
                0x08005ba8                TIM1_CC_IRQHandler
                0x08005ba8                DMA2_Stream5_IRQHandler
                0x08005ba8                HardFault_Handler
                0x08005ba8                DMA1_Stream5_IRQHandler
                0x08005ba8                TAMP_STAMP_IRQHandler
                0x08005ba8                NMI_Handler
                0x08005ba8                CAN2_RX1_IRQHandler
                0x08005ba8                EXTI3_IRQHandler
                0x08005ba8                TIM8_TRG_COM_TIM14_IRQHandler
                0x08005ba8                TIM8_UP_TIM13_IRQHandler
                0x08005ba8                I2C3_ER_IRQHandler
                0x08005ba8                EXTI0_IRQHandler
                0x08005ba8                I2C2_EV_IRQHandler
                0x08005ba8                DMA1_Stream2_IRQHandler
                0x08005ba8                CAN1_RX0_IRQHandler
                0x08005ba8                FPU_IRQHandler
                0x08005ba8                OTG_HS_WKUP_IRQHandler
                0x08005ba8                UsageFault_Handler
                0x08005ba8                CAN2_SCE_IRQHandler
                0x08005ba8                DMA2_Stream2_IRQHandler
                0x08005ba8                SPI1_IRQHandler
                0x08005ba8                TIM6_DAC_IRQHandler
                0x08005ba8                TIM1_BRK_TIM9_IRQHandler
                0x08005ba8                DCMI_IRQHandler
                0x08005ba8                CAN2_RX0_IRQHandler
                0x08005ba8                CRYP_IRQHandler
                0x08005ba8                CAN1_RX1_IRQHandler
                0x08005ba8                UART5_IRQHandler
                0x08005ba8                DMA2_Stream0_IRQHandler
                0x08005ba8                I2C1_EV_IRQHandler
                0x08005ba8                DMA1_Stream6_IRQHandler
                0x08005ba8                DMA1_Stream1_IRQHandler
                0x08005ba8                UART4_IRQHandler
                0x08005ba8                TIM3_IRQHandler
                0x08005ba8                RCC_IRQHandler
                0x08005ba8                TIM8_BRK_TIM12_IRQHandler
                0x08005ba8                EXTI15_10_IRQHandler
                0x08005ba8                ADC_IRQHandler
                0x08005ba8                DMA1_Stream7_IRQHandler
                0x08005ba8                TIM7_IRQHandler
                0x08005ba8                CAN2_TX_IRQHandler
                0x08005ba8                DMA2_Stream7_IRQHandler
                0x08005ba8                I2C3_EV_IRQHandler
                0x08005ba8                EXTI9_5_IRQHandler
                0x08005ba8                RTC_WKUP_IRQHandler
                0x08005ba8                ETH_WKUP_IRQHandler
                0x08005ba8                SPI2_IRQHandler
                0x08005ba8                OTG_HS_EP1_IN_IRQHandler
                0x08005ba8                MemManage_Handler
                0x08005ba8                DMA1_Stream0_IRQHandler
                0x08005ba8                CAN1_TX_IRQHandler
                0x08005ba8                EXTI4_IRQHandler
                0x08005ba8                FSMC_IRQHandler
                0x08005ba8                ETH_IRQHandler
                0x08005ba8                OTG_HS_EP1_OUT_IRQHandler
                0x08005ba8                WWDG_IRQHandler
                0x08005ba8                TIM1_TRG_COM_TIM11_IRQHandler
                0x08005ba8                OTG_HS_IRQHandler
                0x08005ba8                EXTI1_IRQHandler
                0x08005ba8                USART2_IRQHandler
                0x08005ba8                I2C2_ER_IRQHandler
                0x08005ba8                DMA2_Stream1_IRQHandler
                0x08005ba8                CAN1_SCE_IRQHandler
                0x08005ba8                FLASH_IRQHandler
                0x08005ba8                DMA2_Stream4_IRQHandler
                0x08005ba8                BusFault_Handler
                0x08005ba8                USART1_IRQHandler
                0x08005ba8                SPI3_IRQHandler
                0x08005ba8                DMA1_Stream4_IRQHandler
                0x08005ba8                I2C1_ER_IRQHandler
                0x08005ba8                DMA2_Stream6_IRQHandler
                0x08005ba8                DMA1_Stream3_IRQHandler
 .text.IWDG_WriteAccessCmd
                0x08005bb0       0x20 ..\obj\stm32f4xx_iwdg.o
                0x08005bb0                IWDG_WriteAccessCmd
 .text.IWDG_SetPrescaler
                0x08005bd0       0x20 ..\obj\stm32f4xx_iwdg.o
                0x08005bd0                IWDG_SetPrescaler
 .text.IWDG_SetReload
                0x08005bf0       0x20 ..\obj\stm32f4xx_iwdg.o
                0x08005bf0                IWDG_SetReload
 .text.IWDG_ReloadCounter
                0x08005c10       0x18 ..\obj\stm32f4xx_iwdg.o
                0x08005c10                IWDG_ReloadCounter
 .text.IWDG_Enable
                0x08005c28       0x18 ..\obj\stm32f4xx_iwdg.o
                0x08005c28                IWDG_Enable
 .text.eMBFuncWriteHoldingRegister
                0x08005c40       0x80 ..\obj\mbfuncholding.o
                0x08005c40                eMBFuncWriteHoldingRegister
 .text.eMBFuncWriteMultipleHoldingRegister
                0x08005cc0       0xd4 ..\obj\mbfuncholding.o
                0x08005cc0                eMBFuncWriteMultipleHoldingRegister
 .text.eMBFuncReadHoldingRegister
                0x08005d94      0x10c ..\obj\mbfuncholding.o
                0x08005d94                eMBFuncReadHoldingRegister
 .text.eMBFuncReadWriteMultipleHoldingRegister
                0x08005ea0      0x194 ..\obj\mbfuncholding.o
                0x08005ea0                eMBFuncReadWriteMultipleHoldingRegister
 .text.USBD_Init
                0x08006034       0x58 ..\obj\usbd_core.o
                0x08006034                USBD_Init
 .text.USBD_DeInit
                0x0800608c       0x18 ..\obj\usbd_core.o
                0x0800608c                USBD_DeInit
 .text.USBD_SetupStage
                0x080060a4       0x70 ..\obj\usbd_core.o
 .text.USBD_DataOutStage
                0x08006114       0xd4 ..\obj\usbd_core.o
 .text.USBD_DataInStage
                0x080061e8      0x114 ..\obj\usbd_core.o
 .text.USBD_Reset
                0x080062fc       0x54 ..\obj\usbd_core.o
 .text.USBD_Resume
                0x08006350       0x2c ..\obj\usbd_core.o
 .text.USBD_Suspend
                0x0800637c       0x2c ..\obj\usbd_core.o
 .text.USBD_SOF
                0x080063a8       0x30 ..\obj\usbd_core.o
 .text.USBD_SetCfg
                0x080063d8       0x34 ..\obj\usbd_core.o
                0x080063d8                USBD_SetCfg
 .text.USBD_ClrCfg
                0x0800640c       0x2c ..\obj\usbd_core.o
                0x0800640c                USBD_ClrCfg
 .text.USBD_IsoINIncomplete
                0x08006438       0x24 ..\obj\usbd_core.o
 .text.USBD_IsoOUTIncomplete
                0x0800645c       0x24 ..\obj\usbd_core.o
 .text.main     0x08006480       0x14 ..\obj\main.o
                0x08006480                main
 .text.vApplicationMallocFailedHook
                0x08006494        0x8 ..\obj\main.o
                0x08006494                vApplicationMallocFailedHook
 .text.vApplicationStackOverflowHook
                0x0800649c        0xc ..\obj\main.o
                0x0800649c                vApplicationStackOverflowHook
 .text.vApplicationIdleHook
                0x080064a8       0x18 ..\obj\main.o
                0x080064a8                vApplicationIdleHook
 .text.usMBCRC16
                0x080064c0       0x84 ..\obj\mbcrc.o
                0x080064c0                usMBCRC16
 .text.RCC_LSEConfig
                0x08006544       0x4c ..\obj\stm32f4xx_rcc.o
                0x08006544                RCC_LSEConfig
 .text.RCC_GetClocksFreq
                0x08006590      0x178 ..\obj\stm32f4xx_rcc.o
                0x08006590                RCC_GetClocksFreq
 .text.RCC_RTCCLKConfig
                0x08006708       0x60 ..\obj\stm32f4xx_rcc.o
                0x08006708                RCC_RTCCLKConfig
 .text.RCC_RTCCLKCmd
                0x08006768       0x20 ..\obj\stm32f4xx_rcc.o
                0x08006768                RCC_RTCCLKCmd
 .text.RCC_AHB1PeriphClockCmd
                0x08006788       0x40 ..\obj\stm32f4xx_rcc.o
                0x08006788                RCC_AHB1PeriphClockCmd
 .text.RCC_AHB2PeriphClockCmd
                0x080067c8       0x40 ..\obj\stm32f4xx_rcc.o
                0x080067c8                RCC_AHB2PeriphClockCmd
 .text.RCC_APB1PeriphClockCmd
                0x08006808       0x40 ..\obj\stm32f4xx_rcc.o
                0x08006808                RCC_APB1PeriphClockCmd
 .text.RCC_APB2PeriphClockCmd
                0x08006848       0x40 ..\obj\stm32f4xx_rcc.o
                0x08006848                RCC_APB2PeriphClockCmd
 .text.RCC_APB1PeriphResetCmd
                0x08006888       0x40 ..\obj\stm32f4xx_rcc.o
                0x08006888                RCC_APB1PeriphResetCmd
 .text.RCC_GetFlagStatus
                0x080068c8       0x80 ..\obj\stm32f4xx_rcc.o
                0x080068c8                RCC_GetFlagStatus
 .text.eMBFuncReadFile
                0x08006948      0x260 ..\obj\mbfuncfile.o
                0x08006948                eMBFuncReadFile
 .text.Log_Read_LogEntry
                0x08006ba8       0x58 ..\obj\log.o
                0x08006ba8                Log_Read_LogEntry
 .text.eMBFuncReadInputRegister
                0x08006c00      0x110 ..\obj\mbfuncinput.o
                0x08006c00                eMBFuncReadInputRegister
 .text.Watchdog_Init
                0x08006d10       0x88 ..\obj\watchdog.o
                0x08006d10                Watchdog_Init
 .text.Watchdog_SetTaskStatus
                0x08006d98       0x30 ..\obj\watchdog.o
                0x08006d98                Watchdog_SetTaskStatus
 .text.Watchdog_IncrementCouter
                0x08006dc8       0x30 ..\obj\watchdog.o
                0x08006dc8                Watchdog_IncrementCouter
 .text.Watchdog_Task
                0x08006df8       0x88 ..\obj\watchdog.o
 .text.xTaskGenericCreate
                0x08006e80      0x170 ..\obj\tasks.o
                0x08006e80                xTaskGenericCreate
 .text.vTaskDelay
                0x08006ff0       0x90 ..\obj\tasks.o
                0x08006ff0                vTaskDelay
 .text.vTaskStartScheduler
                0x08007080       0x74 ..\obj\tasks.o
                0x08007080                vTaskStartScheduler
 .text.vTaskSuspendAll
                0x080070f4       0x1c ..\obj\tasks.o
                0x080070f4                vTaskSuspendAll
 .text.xTaskResumeAll
                0x08007110      0x124 ..\obj\tasks.o
                0x08007110                xTaskResumeAll
 .text.xTaskIncrementTick
                0x08007234      0x198 ..\obj\tasks.o
                0x08007234                xTaskIncrementTick
 .text.vTaskSwitchContext
                0x080073cc      0x104 ..\obj\tasks.o
                0x080073cc                vTaskSwitchContext
 .text.vTaskPlaceOnEventList
                0x080074d0       0x98 ..\obj\tasks.o
                0x080074d0                vTaskPlaceOnEventList
 .text.xTaskRemoveFromEventList
                0x08007568       0xcc ..\obj\tasks.o
                0x08007568                xTaskRemoveFromEventList
 .text.vTaskSetTimeOutState
                0x08007634       0x34 ..\obj\tasks.o
                0x08007634                vTaskSetTimeOutState
 .text.xTaskCheckForTimeOut
                0x08007668       0xac ..\obj\tasks.o
                0x08007668                xTaskCheckForTimeOut
 .text.vTaskMissedYield
                0x08007714       0x18 ..\obj\tasks.o
                0x08007714                vTaskMissedYield
 .text.prvIdleTask
                0x0800772c       0x24 ..\obj\tasks.o
 .text.prvInitialiseTCBVariables
                0x08007750       0xbc ..\obj\tasks.o
 .text.prvInitialiseTaskLists
                0x0800780c       0x88 ..\obj\tasks.o
 .text.prvCheckTasksWaitingTermination
                0x08007894       0x7c ..\obj\tasks.o
 .text.prvAddCurrentTaskToDelayedList
                0x08007910       0x70 ..\obj\tasks.o
 .text.prvAllocateTCBAndStack
                0x08007980       0x7c ..\obj\tasks.o
 .text.prvDeleteTCB
                0x080079fc       0x20 ..\obj\tasks.o
 .text.prvResetNextTaskUnblockTime
                0x08007a1c       0x4c ..\obj\tasks.o
 .text.vTaskPriorityInherit
                0x08007a68      0x108 ..\obj\tasks.o
                0x08007a68                vTaskPriorityInherit
 .text.xTaskPriorityDisinherit
                0x08007b70       0xf4 ..\obj\tasks.o
                0x08007b70                xTaskPriorityDisinherit
 .text.pvTaskIncrementMutexHeldCount
                0x08007c64       0x28 ..\obj\tasks.o
                0x08007c64                pvTaskIncrementMutexHeldCount
 .text.USBD_USR_DeviceDescriptor
                0x08007c8c       0x28 ..\obj\usbd_desc.o
                0x08007c8c                USBD_USR_DeviceDescriptor
 .text.USBD_USR_LangIDStrDescriptor
                0x08007cb4       0x28 ..\obj\usbd_desc.o
                0x08007cb4                USBD_USR_LangIDStrDescriptor
 .text.USBD_USR_ProductStrDescriptor
                0x08007cdc       0x40 ..\obj\usbd_desc.o
                0x08007cdc                USBD_USR_ProductStrDescriptor
 .text.USBD_USR_ManufacturerStrDescriptor
                0x08007d1c       0x2c ..\obj\usbd_desc.o
                0x08007d1c                USBD_USR_ManufacturerStrDescriptor
 .text.USBD_USR_SerialStrDescriptor
                0x08007d48       0x40 ..\obj\usbd_desc.o
                0x08007d48                USBD_USR_SerialStrDescriptor
 .text.USBD_USR_ConfigStrDescriptor
                0x08007d88       0x3c ..\obj\usbd_desc.o
                0x08007d88                USBD_USR_ConfigStrDescriptor
 .text.USBD_USR_InterfaceStrDescriptor
                0x08007dc4       0x3c ..\obj\usbd_desc.o
                0x08007dc4                USBD_USR_InterfaceStrDescriptor
 .text.FRAM_I2C_Init
                0x08007e00       0xc8 ..\obj\fram_i2c.o
                0x08007e00                FRAM_I2C_Init
 .text.FRAM_I2C_Reset
                0x08007ec8      0x198 ..\obj\fram_i2c.o
                0x08007ec8                FRAM_I2C_Reset
 .text.FRAM_I2C_Read_Buffer
                0x08008060      0x6bc ..\obj\fram_i2c.o
                0x08008060                FRAM_I2C_Read_Buffer
 .text.FRAM_I2C_Write_Buffer
                0x0800871c      0x28c ..\obj\fram_i2c.o
                0x0800871c                FRAM_I2C_Write_Buffer
 .text.FRAM_Read_Settings
                0x080089a8       0xa8 ..\obj\fram_i2c.o
                0x080089a8                FRAM_Read_Settings
 .text.FRAM_Write_Settings
                0x08008a50       0x74 ..\obj\fram_i2c.o
                0x08008a50                FRAM_Write_Settings
 .text.GPIO_Init
                0x08008ac4      0x144 ..\obj\stm32f4xx_gpio.o
                0x08008ac4                GPIO_Init
 .text.GPIO_ReadInputDataBit
                0x08008c08       0x3c ..\obj\stm32f4xx_gpio.o
                0x08008c08                GPIO_ReadInputDataBit
 .text.GPIO_PinAFConfig
                0x08008c44       0xa8 ..\obj\stm32f4xx_gpio.o
                0x08008c44                GPIO_PinAFConfig
 .text.RS485TimersInit
                0x08008cec       0xc4 ..\obj\porttimer.o
                0x08008cec                RS485TimersInit
 .text.RS485TimersEnable
                0x08008db0       0x38 ..\obj\porttimer.o
                0x08008db0                RS485TimersEnable
 .text.RS485TimersDisable
                0x08008de8       0x38 ..\obj\porttimer.o
                0x08008de8                RS485TimersDisable
 .text.TIM4_IRQHandler
                0x08008e20       0x38 ..\obj\porttimer.o
                0x08008e20                TIM4_IRQHandler
 .text.RS485TimerContextInit
                0x08008e58       0x54 ..\obj\porttimer.o
                0x08008e58                RS485TimerContextInit
 .text.RS232TimersInit
                0x08008eac       0xc4 ..\obj\porttimer.o
                0x08008eac                RS232TimersInit
 .text.RS232TimersEnable
                0x08008f70       0x38 ..\obj\porttimer.o
                0x08008f70                RS232TimersEnable
 .text.RS232TimersDisable
                0x08008fa8       0x38 ..\obj\porttimer.o
                0x08008fa8                RS232TimersDisable
 .text.TIM5_IRQHandler
                0x08008fe0       0x38 ..\obj\porttimer.o
                0x08008fe0                TIM5_IRQHandler
 .text.RS232TimerContextInit
                0x08009018       0x54 ..\obj\porttimer.o
                0x08009018                RS232TimerContextInit
 .text.USB_CDC_TimersInit
                0x0800906c       0xc4 ..\obj\porttimer.o
                0x0800906c                USB_CDC_TimersInit
 .text.USB_CDC_TimersEnable
                0x08009130       0x38 ..\obj\porttimer.o
                0x08009130                USB_CDC_TimersEnable
 .text.USB_CDC_TimersDisable
                0x08009168       0x38 ..\obj\porttimer.o
                0x08009168                USB_CDC_TimersDisable
 .text.TIM1_UP_TIM10_IRQHandler
                0x080091a0       0x38 ..\obj\porttimer.o
                0x080091a0                TIM1_UP_TIM10_IRQHandler
 .text.USB_CDC_TimerContextInit
                0x080091d8       0x54 ..\obj\porttimer.o
                0x080091d8                USB_CDC_TimerContextInit
 .text.VCP_Init
                0x0800922c       0x10 ..\obj\usbd_cdc_vcp.o
 .text.VCP_DeInit
                0x0800923c       0x10 ..\obj\usbd_cdc_vcp.o
 .text.VCP_Ctrl
                0x0800924c       0xbc ..\obj\usbd_cdc_vcp.o
 .text.VCP_DataTx
                0x08009308       0x68 ..\obj\usbd_cdc_vcp.o
                0x08009308                VCP_DataTx
 .text.VCP_DataRx
                0x08009370       0x7c ..\obj\usbd_cdc_vcp.o
                0x08009370                VCP_DataRx
 .text.VCP_get_char
                0x080093ec       0x60 ..\obj\usbd_cdc_vcp.o
                0x080093ec                VCP_get_char
 .text.vListInitialise
                0x0800944c       0x40 ..\obj\list.o
                0x0800944c                vListInitialise
 .text.vListInitialiseItem
                0x0800948c       0x1c ..\obj\list.o
                0x0800948c                vListInitialiseItem
 .text.vListInsertEnd
                0x080094a8       0x48 ..\obj\list.o
                0x080094a8                vListInsertEnd
 .text.vListInsert
                0x080094f0       0x74 ..\obj\list.o
                0x080094f0                vListInsert
 .text.uxListRemove
                0x08009564       0x58 ..\obj\list.o
                0x08009564                uxListRemove
 .text.eMBRTUInit
                0x080095bc       0x84 ..\obj\mbrtu.o
                0x080095bc                eMBRTUInit
 .text.eMBRTUStart
                0x08009640       0x38 ..\obj\mbrtu.o
                0x08009640                eMBRTUStart
 .text.eMBRTUStop
                0x08009678       0x30 ..\obj\mbrtu.o
                0x08009678                eMBRTUStop
 .text.eMBRTUReceive
                0x080096a8       0x8c ..\obj\mbrtu.o
                0x080096a8                eMBRTUReceive
 .text.eMBRTUSend
                0x08009734       0xe8 ..\obj\mbrtu.o
                0x08009734                eMBRTUSend
 .text.xMBRTUReceiveFSM
                0x0800981c       0xd0 ..\obj\mbrtu.o
                0x0800981c                xMBRTUReceiveFSM
 .text.xMBRTUTransmitFSM
                0x080098ec       0xb0 ..\obj\mbrtu.o
                0x080098ec                xMBRTUTransmitFSM
 .text.xMBRTUTimerT35Expired
                0x0800999c       0x60 ..\obj\mbrtu.o
                0x0800999c                xMBRTUTimerT35Expired
 .text.SystemInit
                0x080099fc       0x5c ..\obj\system_stm32f4xx.o
                0x080099fc                SystemInit
 .text.SetSysClock
                0x08009a58      0x100 ..\obj\system_stm32f4xx.o
 .text.DMA_ClearFlag
                0x08009b58       0x5c ..\obj\stm32f4xx_dma.o
                0x08009b58                DMA_ClearFlag
 .text.USB_OTG_BSP_Init
                0x08009bb4       0xcc ..\obj\usb_bsp.o
                0x08009bb4                USB_OTG_BSP_Init
 .text.USB_OTG_BSP_EnableInterrupt
                0x08009c80       0x3c ..\obj\usb_bsp.o
                0x08009c80                USB_OTG_BSP_EnableInterrupt
 .text.USB_OTG_BSP_uDelay
                0x08009cbc       0x58 ..\obj\usb_bsp.o
                0x08009cbc                USB_OTG_BSP_uDelay
 .text.USB_OTG_BSP_mDelay
                0x08009d14       0x20 ..\obj\usb_bsp.o
                0x08009d14                USB_OTG_BSP_mDelay
 .text.OTG_FS_WKUP_IRQHandler
                0x08009d34       0x34 ..\obj\usb_bsp.o
                0x08009d34                OTG_FS_WKUP_IRQHandler
 .text.OTG_FS_IRQHandler
                0x08009d68       0x10 ..\obj\usb_bsp.o
                0x08009d68                OTG_FS_IRQHandler
 .text.USBD_StdDevReq
                0x08009d78       0xa4 ..\obj\usbd_req.o
                0x08009d78                USBD_StdDevReq
 .text.USBD_StdItfReq
                0x08009e1c       0x6c ..\obj\usbd_req.o
                0x08009e1c                USBD_StdItfReq
 .text.USBD_StdEPReq
                0x08009e88      0x1c8 ..\obj\usbd_req.o
                0x08009e88                USBD_StdEPReq
 .text.USBD_GetDescriptor
                0x0800a050      0x1c8 ..\obj\usbd_req.o
 .text.USBD_SetAddress
                0x0800a218       0x80 ..\obj\usbd_req.o
 .text.USBD_SetConfig
                0x0800a298       0xf8 ..\obj\usbd_req.o
 .text.USBD_GetConfig
                0x0800a390       0x64 ..\obj\usbd_req.o
 .text.USBD_GetStatus
                0x0800a3f4       0x58 ..\obj\usbd_req.o
 .text.USBD_SetFeature
                0x0800a44c       0xe0 ..\obj\usbd_req.o
 .text.USBD_ClrFeature
                0x0800a52c       0x58 ..\obj\usbd_req.o
 .text.USBD_ParseSetupRequest
                0x0800a584       0x94 ..\obj\usbd_req.o
                0x0800a584                USBD_ParseSetupRequest
 .text.USBD_CtlError
                0x0800a618       0x50 ..\obj\usbd_req.o
                0x0800a618                USBD_CtlError
 .text.USBD_GetString
                0x0800a668       0x9c ..\obj\usbd_req.o
                0x0800a668                USBD_GetString
 .text.USBD_GetLen
                0x0800a704       0x38 ..\obj\usbd_req.o
 .text.pxPortInitialiseStack
                0x0800a73c       0x60 ..\obj\port.o
                0x0800a73c                pxPortInitialiseStack
 .text.prvTaskExitError
                0x0800a79c       0x20 ..\obj\port.o
 .text.SVC_Handler
                0x0800a7bc       0x24 ..\obj\port.o
                0x0800a7bc                SVC_Handler
 .text.prvPortStartFirstTask
                0x0800a7e0       0x20 ..\obj\port.o
 .text.xPortStartScheduler
                0x0800a800       0xcc ..\obj\port.o
                0x0800a800                xPortStartScheduler
 .text.vPortYield
                0x0800a8cc       0x20 ..\obj\port.o
                0x0800a8cc                vPortYield
 .text.vPortEnterCritical
                0x0800a8ec       0x40 ..\obj\port.o
                0x0800a8ec                vPortEnterCritical
 .text.vPortExitCritical
                0x0800a92c       0x34 ..\obj\port.o
                0x0800a92c                vPortExitCritical
 .text.ulPortSetInterruptMask
                0x0800a960       0x14 ..\obj\port.o
                0x0800a960                ulPortSetInterruptMask
 .text.vPortClearInterruptMask
                0x0800a974        0x8 ..\obj\port.o
                0x0800a974                vPortClearInterruptMask
 .text.PendSV_Handler
                0x0800a97c       0x44 ..\obj\port.o
                0x0800a97c                PendSV_Handler
 .text.SysTick_Handler
                0x0800a9c0       0x28 ..\obj\port.o
                0x0800a9c0                SysTick_Handler
 .text.vPortSetupTimerInterrupt
                0x0800a9e8       0x24 ..\obj\port.o
                0x0800a9e8                vPortSetupTimerInterrupt
 .text.vPortValidateInterruptPriority
                0x0800aa0c       0x5c ..\obj\port.o
                0x0800aa0c                vPortValidateInterruptPriority
 .text.xQueueGenericReset
                0x0800aa68       0xc0 ..\obj\queue.o
                0x0800aa68                xQueueGenericReset
 .text.xQueueGenericCreate
                0x0800ab28       0xa0 ..\obj\queue.o
                0x0800ab28                xQueueGenericCreate
 .text.xQueueCreateMutex
                0x0800abc8       0xa4 ..\obj\queue.o
                0x0800abc8                xQueueCreateMutex
 .text.xQueueGenericSend
                0x0800ac6c      0x188 ..\obj\queue.o
                0x0800ac6c                xQueueGenericSend
 .text.xQueueGiveFromISR
                0x0800adf4       0xac ..\obj\queue.o
                0x0800adf4                xQueueGiveFromISR
 .text.xQueueGenericReceive
                0x0800aea0      0x1b8 ..\obj\queue.o
                0x0800aea0                xQueueGenericReceive
 .text.prvCopyDataToQueue
                0x0800b058       0xe8 ..\obj\queue.o
 .text.prvCopyDataFromQueue
                0x0800b140       0x50 ..\obj\queue.o
 .text.prvUnlockQueue
                0x0800b190       0xa0 ..\obj\queue.o
 .text.prvIsQueueEmpty
                0x0800b230       0x34 ..\obj\queue.o
 .text.prvIsQueueFull
                0x0800b264       0x38 ..\obj\queue.o
 .text.USBD_OTG_ISR_Handler
                0x0800b29c      0x164 ..\obj\usb_dcd_int.o
                0x0800b29c                USBD_OTG_ISR_Handler
 .text.DCD_HandleResume_ISR
                0x0800b400       0x88 ..\obj\usb_dcd_int.o
 .text.DCD_HandleUSBSuspend_ISR
                0x0800b488       0xa4 ..\obj\usb_dcd_int.o
 .text.DCD_HandleInEP_ISR
                0x0800b52c      0x22c ..\obj\usb_dcd_int.o
 .text.DCD_HandleOutEP_ISR
                0x0800b758      0x1a8 ..\obj\usb_dcd_int.o
 .text.DCD_HandleSof_ISR
                0x0800b900       0x3c ..\obj\usb_dcd_int.o
 .text.DCD_HandleRxStatusQueueLevel_ISR
                0x0800b93c      0x114 ..\obj\usb_dcd_int.o
 .text.DCD_WriteEmptyTxFifo
                0x0800ba50      0x130 ..\obj\usb_dcd_int.o
 .text.DCD_HandleUsbReset_ISR
                0x0800bb80      0x16c ..\obj\usb_dcd_int.o
 .text.DCD_HandleEnumDone_ISR
                0x0800bcec       0x88 ..\obj\usb_dcd_int.o
 .text.DCD_IsoINIncomplete_ISR
                0x0800bd74       0x3c ..\obj\usb_dcd_int.o
 .text.DCD_IsoOUTIncomplete_ISR
                0x0800bdb0       0x3c ..\obj\usb_dcd_int.o
 .text.DCD_ReadDevInEP
                0x0800bdec       0x58 ..\obj\usb_dcd_int.o
 .text.NVIC_EnableIRQ
                0x0800be44       0x34 ..\obj\portserial.o
 .text.RS485SerialEnable
                0x0800be78      0x10c ..\obj\portserial.o
                0x0800be78                RS485SerialEnable
 .text.RS485SerialInit
                0x0800bf84      0x150 ..\obj\portserial.o
                0x0800bf84                RS485SerialInit
 .text.RS485SerialPutByte
                0x0800c0d4       0x3c ..\obj\portserial.o
                0x0800c0d4                RS485SerialPutByte
 .text.RS485SerialGetByte
                0x0800c110       0x34 ..\obj\portserial.o
                0x0800c110                RS485SerialGetByte
 .text.USART3_IRQHandler
                0x0800c144       0x90 ..\obj\portserial.o
                0x0800c144                USART3_IRQHandler
 .text.RS485SerialContextInit
                0x0800c1d4       0x60 ..\obj\portserial.o
                0x0800c1d4                RS485SerialContextInit
 .text.RS232SerialEnable
                0x0800c234       0x88 ..\obj\portserial.o
                0x0800c234                RS232SerialEnable
 .text.RS232SerialInit
                0x0800c2bc      0x11c ..\obj\portserial.o
                0x0800c2bc                RS232SerialInit
 .text.RS232SerialPutByte
                0x0800c3d8       0x3c ..\obj\portserial.o
                0x0800c3d8                RS232SerialPutByte
 .text.RS232SerialGetByte
                0x0800c414       0x34 ..\obj\portserial.o
                0x0800c414                RS232SerialGetByte
 .text.USART6_IRQHandler
                0x0800c448       0x90 ..\obj\portserial.o
                0x0800c448                USART6_IRQHandler
 .text.RS232SerialContextInit
                0x0800c4d8       0x60 ..\obj\portserial.o
                0x0800c4d8                RS232SerialContextInit
 .text.USB_CDC_SerialPutByte
                0x0800c538       0x3c ..\obj\portserial.o
                0x0800c538                USB_CDC_SerialPutByte
 .text.USB_CDC_SerialGetByte
                0x0800c574       0x28 ..\obj\portserial.o
                0x0800c574                USB_CDC_SerialGetByte
 .text.USB_CDC_SerialInit
                0x0800c59c       0x80 ..\obj\portserial.o
                0x0800c59c                USB_CDC_SerialInit
 .text.USB_CDC_SerialEnable
                0x0800c61c       0x44 ..\obj\portserial.o
                0x0800c61c                USB_CDC_SerialEnable
 .text.USB_CDC_SerialContextInit
                0x0800c660       0x60 ..\obj\portserial.o
                0x0800c660                USB_CDC_SerialContextInit
 .text.USB_CDC_Task
                0x0800c6c0       0x44 ..\obj\portserial.o
 .text.usbd_cdc_Init
                0x0800c704       0xc0 ..\obj\usbd_cdc_core.o
 .text.usbd_cdc_DeInit
                0x0800c7c4       0x44 ..\obj\usbd_cdc_core.o
 .text.usbd_cdc_Setup
                0x0800c808      0x138 ..\obj\usbd_cdc_core.o
 .text.usbd_cdc_EP0_RxReady
                0x0800c940       0x48 ..\obj\usbd_cdc_core.o
 .text.usbd_cdc_DataIn
                0x0800c988       0xd4 ..\obj\usbd_cdc_core.o
 .text.usbd_cdc_DataOut
                0x0800ca5c       0x60 ..\obj\usbd_cdc_core.o
 .text.usbd_cdc_SOF
                0x0800cabc       0x44 ..\obj\usbd_cdc_core.o
 .text.Handle_USBAsynchXfer
                0x0800cb00      0x114 ..\obj\usbd_cdc_core.o
 .text.USBD_cdc_GetCfgDesc
                0x0800cc14       0x28 ..\obj\usbd_cdc_core.o
 .text.SPI_Init
                0x0800cc3c       0x88 ..\obj\stm32f4xx_spi.o
                0x0800cc3c                SPI_Init
 .text.SPI_Cmd  0x0800ccc4       0x40 ..\obj\stm32f4xx_spi.o
                0x0800ccc4                SPI_Cmd
 .text.SPI_CalculateCRC
                0x0800cd04       0x40 ..\obj\stm32f4xx_spi.o
                0x0800cd04                SPI_CalculateCRC
 .text.eMBFuncReadCoils
                0x0800cd44      0x134 ..\obj\mbfunccoils.o
                0x0800cd44                eMBFuncReadCoils
 .text.eMBFuncWriteCoil
                0x0800ce78       0xcc ..\obj\mbfunccoils.o
                0x0800ce78                eMBFuncWriteCoil
 .text.eMBFuncWriteMultipleCoils
                0x0800cf44       0xf4 ..\obj\mbfunccoils.o
                0x0800cf44                eMBFuncWriteMultipleCoils
 .text.ADS1220_Init
                0x0800d038       0xe8 ..\obj\ADS1220.o
                0x0800d038                ADS1220_Init
 .text.ADC_SPI_config
                0x0800d120      0x13c ..\obj\ADS1220.o
 .text.ADC_SPI_send
                0x0800d25c       0x4c ..\obj\ADS1220.o
                0x0800d25c                ADC_SPI_send
 .text.ADC_SPI_read
                0x0800d2a8       0x14 ..\obj\ADS1220.o
                0x0800d2a8                ADC_SPI_read
 .text.ADC_RTD1_Task
                0x0800d2bc      0x308 ..\obj\ADS1220.o
 .text.ADC_RTD2_Task
                0x0800d5c4      0x308 ..\obj\ADS1220.o
 .text.ADC_Current1_Task
                0x0800d8cc      0x3c4 ..\obj\ADS1220.o
 .text.ADC_Current2_Task
                0x0800dc90      0x3d4 ..\obj\ADS1220.o
 *fill*         0x0800e064        0x4 
 .text.PT100_Code_To_Temperature
                0x0800e068      0x140 ..\obj\ADS1220.o
                0x0800e068                PT100_Code_To_Temperature
 .text.Code_To_Current
                0x0800e1a8       0xdc ..\obj\ADS1220.o
                0x0800e1a8                Code_To_Current
 .text.I2C_DeInit
                0x0800e284       0x80 ..\obj\stm32f4xx_i2c.o
                0x0800e284                I2C_DeInit
 .text.I2C_Init
                0x0800e304      0x1a4 ..\obj\stm32f4xx_i2c.o
                0x0800e304                I2C_Init
 .text.I2C_Cmd  0x0800e4a8       0x40 ..\obj\stm32f4xx_i2c.o
                0x0800e4a8                I2C_Cmd
 .text.I2C_GenerateSTART
                0x0800e4e8       0x40 ..\obj\stm32f4xx_i2c.o
                0x0800e4e8                I2C_GenerateSTART
 .text.I2C_GenerateSTOP
                0x0800e528       0x40 ..\obj\stm32f4xx_i2c.o
                0x0800e528                I2C_GenerateSTOP
 .text.I2C_Send7bitAddress
                0x0800e568       0x3c ..\obj\stm32f4xx_i2c.o
                0x0800e568                I2C_Send7bitAddress
 .text.I2C_AcknowledgeConfig
                0x0800e5a4       0x40 ..\obj\stm32f4xx_i2c.o
                0x0800e5a4                I2C_AcknowledgeConfig
 .text.I2C_NACKPositionConfig
                0x0800e5e4       0x40 ..\obj\stm32f4xx_i2c.o
                0x0800e5e4                I2C_NACKPositionConfig
 .text.I2C_SendData
                0x0800e624       0x20 ..\obj\stm32f4xx_i2c.o
                0x0800e624                I2C_SendData
 .text.I2C_ReceiveData
                0x0800e644       0x1c ..\obj\stm32f4xx_i2c.o
                0x0800e644                I2C_ReceiveData
 .text.I2C_CheckEvent
                0x0800e660       0x70 ..\obj\stm32f4xx_i2c.o
                0x0800e660                I2C_CheckEvent
 .text.I2C_GetFlagStatus
                0x0800e6d0       0x78 ..\obj\stm32f4xx_i2c.o
                0x0800e6d0                I2C_GetFlagStatus
 .text.NVIC_EnableIRQ
                0x0800e748       0x34 ..\obj\frequency.o
 .text.FrequencyMeasureInit
                0x0800e77c      0x340 ..\obj\frequency.o
                0x0800e77c                FrequencyMeasureInit
 .text.TIM2_IRQHandler
                0x0800eabc      0x13c ..\obj\frequency.o
                0x0800eabc                TIM2_IRQHandler
 .text.FrequencyCH1Measure_Task
                0x0800ebf8      0x1c0 ..\obj\frequency.o
 .text.FrequencyCH2Measure_Task
                0x0800edb8      0x1c0 ..\obj\frequency.o
 .text.EXTI_Init
                0x0800ef78       0xe8 ..\obj\stm32f4xx_exti.o
                0x0800ef78                EXTI_Init
 .text.EXTI_GetITStatus
                0x0800f060       0x50 ..\obj\stm32f4xx_exti.o
                0x0800f060                EXTI_GetITStatus
 .text.EXTI_ClearITPendingBit
                0x0800f0b0       0x1c ..\obj\stm32f4xx_exti.o
                0x0800f0b0                EXTI_ClearITPendingBit
 .text.NVIC_PriorityGroupConfig
                0x0800f0cc       0x24 ..\obj\misc.o
                0x0800f0cc                NVIC_PriorityGroupConfig
 .text.NVIC_Init
                0x0800f0f0       0xd4 ..\obj\misc.o
                0x0800f0f0                NVIC_Init
 .text.DCD_Init
                0x0800f1c4      0x12c ..\obj\usb_dcd.o
                0x0800f1c4                DCD_Init
 .text.DCD_EP_Open
                0x0800f2f0       0xac ..\obj\usb_dcd.o
                0x0800f2f0                DCD_EP_Open
 .text.DCD_EP_Close
                0x0800f39c       0x80 ..\obj\usb_dcd.o
                0x0800f39c                DCD_EP_Close
 .text.DCD_EP_PrepareRx
                0x0800f41c       0x8c ..\obj\usb_dcd.o
                0x0800f41c                DCD_EP_PrepareRx
 .text.DCD_EP_Tx
                0x0800f4a8       0x84 ..\obj\usb_dcd.o
                0x0800f4a8                DCD_EP_Tx
 .text.DCD_EP_Stall
                0x0800f52c       0x84 ..\obj\usb_dcd.o
                0x0800f52c                DCD_EP_Stall
 .text.DCD_EP_ClrStall
                0x0800f5b0       0x84 ..\obj\usb_dcd.o
                0x0800f5b0                DCD_EP_ClrStall
 .text.DCD_EP_SetAddress
                0x0800f634       0x3c ..\obj\usb_dcd.o
                0x0800f634                DCD_EP_SetAddress
 .text.RTC_Init
                0x0800f670       0x88 ..\obj\stm32f4xx_rtc.o
                0x0800f670                RTC_Init
 .text.RTC_StructInit
                0x0800f6f8       0x2c ..\obj\stm32f4xx_rtc.o
                0x0800f6f8                RTC_StructInit
 .text.RTC_EnterInitMode
                0x0800f724       0x80 ..\obj\stm32f4xx_rtc.o
                0x0800f724                RTC_EnterInitMode
 .text.RTC_ExitInitMode
                0x0800f7a4       0x1c ..\obj\stm32f4xx_rtc.o
                0x0800f7a4                RTC_ExitInitMode
 .text.RTC_WaitForSynchro
                0x0800f7c0       0x88 ..\obj\stm32f4xx_rtc.o
                0x0800f7c0                RTC_WaitForSynchro
 .text.RTC_SetTime
                0x0800f848      0x124 ..\obj\stm32f4xx_rtc.o
                0x0800f848                RTC_SetTime
 .text.RTC_GetTime
                0x0800f96c       0xa4 ..\obj\stm32f4xx_rtc.o
                0x0800f96c                RTC_GetTime
 .text.RTC_SetDate
                0x0800fa10      0x12c ..\obj\stm32f4xx_rtc.o
                0x0800fa10                RTC_SetDate
 .text.RTC_GetDate
                0x0800fb3c       0xa4 ..\obj\stm32f4xx_rtc.o
                0x0800fb3c                RTC_GetDate
 .text.RTC_WriteBackupRegister
                0x0800fbe0       0x34 ..\obj\stm32f4xx_rtc.o
                0x0800fbe0                RTC_WriteBackupRegister
 .text.RTC_ByteToBcd2
                0x0800fc14       0x44 ..\obj\stm32f4xx_rtc.o
 .text.RTC_Bcd2ToByte
                0x0800fc58       0x40 ..\obj\stm32f4xx_rtc.o
 .text.USBD_CtlSendData
                0x0800fc98       0x48 ..\obj\usbd_ioreq.o
                0x0800fc98                USBD_CtlSendData
 .text.USBD_CtlContinueSendData
                0x0800fce0       0x30 ..\obj\usbd_ioreq.o
                0x0800fce0                USBD_CtlContinueSendData
 .text.USBD_CtlPrepareRx
                0x0800fd10       0x48 ..\obj\usbd_ioreq.o
                0x0800fd10                USBD_CtlPrepareRx
 .text.USBD_CtlContinueRx
                0x0800fd58       0x30 ..\obj\usbd_ioreq.o
                0x0800fd58                USBD_CtlContinueRx
 .text.USBD_CtlSendStatus
                0x0800fd88       0x3c ..\obj\usbd_ioreq.o
                0x0800fd88                USBD_CtlSendStatus
 .text.USBD_CtlReceiveStatus
                0x0800fdc4       0x3c ..\obj\usbd_ioreq.o
                0x0800fdc4                USBD_CtlReceiveStatus
 .text.pvPortMalloc
                0x0800fe00      0x138 ..\obj\heap_2.o
                0x0800fe00                pvPortMalloc
 .text.vPortFree
                0x0800ff38       0x7c ..\obj\heap_2.o
                0x0800ff38                vPortFree
 .text.xPortGetFreeHeapSize
                0x0800ffb4       0x14 ..\obj\heap_2.o
                0x0800ffb4                xPortGetFreeHeapSize
 .text.prvHeapInit
                0x0800ffc8       0x54 ..\obj\heap_2.o
 .text.ControllerInit
                0x0801001c       0x50 ..\obj\controller.o
                0x0801001c                ControllerInit
 .text.Controller_RestoreSettings
                0x0801006c      0x15c ..\obj\controller.o
                0x0801006c                Controller_RestoreSettings
 .text.TIM_TimeBaseInit
                0x080101c8       0xd8 ..\obj\stm32f4xx_tim.o
                0x080101c8                TIM_TimeBaseInit
 .text.TIM_TimeBaseStructInit
                0x080102a0       0x3c ..\obj\stm32f4xx_tim.o
                0x080102a0                TIM_TimeBaseStructInit
 .text.TIM_SetCounter
                0x080102dc       0x1c ..\obj\stm32f4xx_tim.o
                0x080102dc                TIM_SetCounter
 .text.TIM_ARRPreloadConfig
                0x080102f8       0x40 ..\obj\stm32f4xx_tim.o
                0x080102f8                TIM_ARRPreloadConfig
 .text.TIM_Cmd  0x08010338       0x40 ..\obj\stm32f4xx_tim.o
                0x08010338                TIM_Cmd
 .text.TIM_ICInit
                0x08010378       0xa8 ..\obj\stm32f4xx_tim.o
                0x08010378                TIM_ICInit
 .text.TIM_SetIC1Prescaler
                0x08010420       0x38 ..\obj\stm32f4xx_tim.o
                0x08010420                TIM_SetIC1Prescaler
 .text.TIM_SetIC2Prescaler
                0x08010458       0x3c ..\obj\stm32f4xx_tim.o
                0x08010458                TIM_SetIC2Prescaler
 .text.TIM_SetIC3Prescaler
                0x08010494       0x38 ..\obj\stm32f4xx_tim.o
                0x08010494                TIM_SetIC3Prescaler
 .text.TIM_SetIC4Prescaler
                0x080104cc       0x3c ..\obj\stm32f4xx_tim.o
                0x080104cc                TIM_SetIC4Prescaler
 .text.TIM_ITConfig
                0x08010508       0x48 ..\obj\stm32f4xx_tim.o
                0x08010508                TIM_ITConfig
 .text.TIM_ClearFlag
                0x08010550       0x24 ..\obj\stm32f4xx_tim.o
                0x08010550                TIM_ClearFlag
 .text.TIM_ClearITPendingBit
                0x08010574       0x24 ..\obj\stm32f4xx_tim.o
                0x08010574                TIM_ClearITPendingBit
 .text.TIM_ETRClockMode2Config
                0x08010598       0x34 ..\obj\stm32f4xx_tim.o
                0x08010598                TIM_ETRClockMode2Config
 .text.TIM_ETRConfig
                0x080105cc       0x4c ..\obj\stm32f4xx_tim.o
                0x080105cc                TIM_ETRConfig
 .text.TI1_Config
                0x08010618       0x80 ..\obj\stm32f4xx_tim.o
 .text.TI2_Config
                0x08010698       0x9c ..\obj\stm32f4xx_tim.o
 .text.TI3_Config
                0x08010734       0x8c ..\obj\stm32f4xx_tim.o
 .text.TI4_Config
                0x080107c0       0xa4 ..\obj\stm32f4xx_tim.o
 .text.NVIC_SystemReset
                0x08010864       0x28 ..\obj\power_detector.o
 .text.Power_Detector_Init
                0x0801088c       0x80 ..\obj\power_detector.o
                0x0801088c                Power_Detector_Init
 .text.PVD_IRQHandler
                0x0801090c       0x20 ..\obj\power_detector.o
                0x0801090c                PVD_IRQHandler
 .text          0x0801092c       0xa4 C:\Program Files\CooCox\CoIDE\gcc\Sourcery G++ Lite\arm-none-eabi\lib\thumb2\libm.a(lib_a-wf_sqrt.o)
                0x0801092c                sqrtf
 .text          0x080109d0       0xb0 C:\Program Files\CooCox\CoIDE\gcc\Sourcery G++ Lite\arm-none-eabi\lib\thumb2\libm.a(lib_a-ef_sqrt.o)
                0x080109d0                __ieee754_sqrtf
 .text          0x08010a80        0x4 C:\Program Files\CooCox\CoIDE\gcc\Sourcery G++ Lite\arm-none-eabi\lib\thumb2\libm.a(lib_a-s_matherr.o)
                0x08010a80                matherr
 .text          0x08010a84       0x7c C:\Program Files\CooCox\CoIDE\gcc\Sourcery G++ Lite\arm-none-eabi\lib\thumb2\libm.a(lib_a-sf_fpclassify.o)
                0x08010a84                __fpclassifyf
 .text          0x08010b00        0xc C:\Program Files\CooCox\CoIDE\gcc\Sourcery G++ Lite\arm-none-eabi\lib\thumb2\libc.a(lib_a-errno.o)
                0x08010b00                __errno
 .text          0x08010b0c       0x58 C:\Program Files\CooCox\CoIDE\gcc\Sourcery G++ Lite\arm-none-eabi\lib\thumb2\libc.a(lib_a-memcmp.o)
                0x08010b0c                memcmp
 .text          0x08010b64      0x150 C:\Program Files\CooCox\CoIDE\gcc\Sourcery G++ Lite\arm-none-eabi\lib\thumb2\libc.a(lib_a-memcpy.o)
                0x08010b64                memcpy
 .text          0x08010cb4       0xb4 C:\Program Files\CooCox\CoIDE\gcc\Sourcery G++ Lite\arm-none-eabi\lib\thumb2\libc.a(lib_a-memset.o)
                0x08010cb4                memset
 .text          0x08010d68      0x370 c:/stm32/arm_eabi/bin/../lib/gcc/arm-none-eabi/4.7.2/thumb2\libgcc.a(_arm_addsubdf3.o)
                0x08010d68                __aeabi_drsub
                0x08010d70                __aeabi_dsub
                0x08010d70                __subdf3
                0x08010d74                __aeabi_dadd
                0x08010d74                __adddf3
                0x08010fec                __floatunsidf
                0x08010fec                __aeabi_ui2d
                0x0801100c                __floatsidf
                0x0801100c                __aeabi_i2d
                0x08011030                __aeabi_f2d
                0x08011030                __extendsfdf2
                0x0801106c                __floatundidf
                0x0801106c                __aeabi_ul2d
                0x0801107c                __floatdidf
                0x0801107c                __aeabi_l2d
 .text          0x080110d8      0x424 c:/stm32/arm_eabi/bin/../lib/gcc/arm-none-eabi/4.7.2/thumb2\libgcc.a(_arm_muldivdf3.o)
                0x080110d8                __aeabi_dmul
                0x080110d8                __muldf3
                0x0801132c                __divdf3
                0x0801132c                __aeabi_ddiv
 .text          0x080114fc       0xa0 c:/stm32/arm_eabi/bin/../lib/gcc/arm-none-eabi/4.7.2/thumb2\libgcc.a(_arm_truncdfsf2.o)
                0x080114fc                __truncdfsf2
                0x080114fc                __aeabi_d2f
 .text          0x0801159c      0x21c c:/stm32/arm_eabi/bin/../lib/gcc/arm-none-eabi/4.7.2/thumb2\libgcc.a(_arm_addsubsf3.o)
                0x0801159c                __aeabi_frsub
                0x080115a4                __subsf3
                0x080115a4                __aeabi_fsub
                0x080115a8                __aeabi_fadd
                0x080115a8                __addsf3
                0x08011708                __aeabi_ui2f
                0x08011708                __floatunsisf
                0x08011710                __aeabi_i2f
                0x08011710                __floatsisf
                0x0801172c                __aeabi_ul2f
                0x0801172c                __floatundisf
                0x0801173c                __aeabi_l2f
                0x0801173c                __floatdisf
 .text          0x080117b8      0x2a0 c:/stm32/arm_eabi/bin/../lib/gcc/arm-none-eabi/4.7.2/thumb2\libgcc.a(_arm_muldivsf3.o)
                0x080117b8                __mulsf3
                0x080117b8                __aeabi_fmul
                0x08011920                __aeabi_fdiv
                0x08011920                __divsf3
 .text          0x08011a58       0xec c:/stm32/arm_eabi/bin/../lib/gcc/arm-none-eabi/4.7.2/thumb2\libgcc.a(_arm_cmpsf2.o)
                0x08011a58                __gesf2
                0x08011a58                __gtsf2
                0x08011a60                __lesf2
                0x08011a60                __ltsf2
                0x08011a68                __nesf2
                0x08011a68                __eqsf2
                0x08011a68                __cmpsf2
                0x08011ac8                __aeabi_cfrcmple
                0x08011ad0                __aeabi_cfcmpeq
                0x08011ad0                __aeabi_cfcmple
                0x08011ae0                __aeabi_fcmpeq
                0x08011af4                __aeabi_fcmplt
                0x08011b08                __aeabi_fcmple
                0x08011b1c                __aeabi_fcmpge
                0x08011b30                __aeabi_fcmpgt
 .text          0x08011b44       0x40 c:/stm32/arm_eabi/bin/../lib/gcc/arm-none-eabi/4.7.2/thumb2\libgcc.a(_arm_fixunssfsi.o)
                0x08011b44                __fixunssfsi
                0x08011b44                __aeabi_f2uiz
 *(.init)
 *(.fini)
 *crtbegin.o(.ctors)
 *crtbegin?.o(.ctors)
 *(EXCLUDE_FILE(*crtend.o *crtend?.o) .ctors)
 *(SORT(.ctors.*))
 *(.ctors)
 *crtbegin.o(.dtors)
 *crtbegin?.o(.dtors)
 *(EXCLUDE_FILE(*crtend.o *crtend?.o) .dtors)
 *(SORT(.dtors.*))
 *(.dtors)
 *(.rodata*)
 .rodata        0x08011b84        0xc ..\obj\calc.o
 .rodata        0x08011b90       0x2c ..\obj\protocol.o
 .rodata        0x08011bbc      0x200 ..\obj\mbcrc.o
 .rodata        0x08011dbc        0x8 ..\obj\watchdog.o
 .rodata        0x08011dc4       0x1c ..\obj\tasks.o
 .rodata        0x08011de0       0x98 ..\obj\usbd_desc.o
 .rodata        0x08011e78        0x4 ..\obj\port.o
 .rodata        0x08011e7c        0xc ..\obj\portserial.o
 .rodata        0x08011e88       0x58 ..\obj\ADS1220.o
 .rodata        0x08011ee0       0x18 ..\obj\frequency.o
 .rodata        0x08011ef8        0x2 ..\obj\heap_2.o
 *fill*         0x08011efa        0x2 
 .rodata        0x08011efc       0x84 ..\obj\controller.o
                0x08011efc                stSettingsDefault
 .rodata.str1.4
                0x08011f80        0x8 C:\Program Files\CooCox\CoIDE\gcc\Sourcery G++ Lite\arm-none-eabi\lib\thumb2\libm.a(lib_a-wf_sqrt.o)
 *(.eh_fram e*)

.glue_7         0x08011f88        0x0
 .glue_7        0x00000000        0x0 linker stubs

.glue_7t        0x08011f88        0x0
 .glue_7t       0x00000000        0x0 linker stubs

.vfp11_veneer   0x08011f88        0x0
 .vfp11_veneer  0x00000000        0x0 linker stubs

.v4_bx          0x08011f88        0x0
 .v4_bx         0x00000000        0x0 linker stubs

.iplt           0x08011f88        0x0
 .iplt          0x00000000        0x0 ..\obj\socket.o

.rel.dyn        0x08011f88        0x0
 .rel.iplt      0x00000000        0x0 ..\obj\socket.o

.ARM.extab
 *(.ARM.extab* .gnu.linkonce.armextab.*)
                0x08011f88                __exidx_start = .

.ARM.exidx
 *(.ARM.exidx* .gnu.linkonce.armexidx.*)
                0x08011f88                __exidx_end = .
                0x08011f88                __etext = .
                0x08011f88                _sidata = __etext

.data           0x20000000      0x2cc load address 0x08011f88
                0x20000000                __data_start__ = .
                0x20000000                _sdata = __data_start__
 *(vtable)
 *(.data*)
 .data          0x20000000        0x6 ..\obj\mbport.o
                0x20000000                REG_INPUT_START
                0x20000001                REG_HOLDING_START
                0x20000002                REG_INPUT_NREGS
                0x20000003                REG_HOLDING_NREGS
                0x20000004                usRegInputStart
                0x20000005                usRegHoldingStart
 *fill*         0x20000006        0x2 
 .data          0x20000008       0x88 ..\obj\mb.o
 .data          0x20000090       0x1c ..\obj\usbd_usr.o
                0x20000090                USR_cb
 .data          0x200000ac       0x30 ..\obj\usbd_core.o
                0x200000ac                USBD_DCD_INT_cb
                0x200000d8                USBD_DCD_INT_fops
 .data          0x200000dc       0x10 ..\obj\stm32f4xx_rcc.o
 .data          0x200000ec       0xf4 ..\obj\printf.o
                0x200000ec                r
                0x200001dc                _impure_ptr
 .data          0x200001e0        0x4 ..\obj\tasks.o
 .data          0x200001e4       0x40 ..\obj\usbd_desc.o
                0x200001e4                USR_desc
                0x20000200                USBD_DeviceDesc
                0x20000214                USBD_DeviceQualifierDesc
                0x20000220                USBD_LangIDDesc
 .data          0x20000224       0x14 ..\obj\usbd_cdc_vcp.o
                0x20000224                VCP_fops
 .data          0x20000238       0x14 ..\obj\system_stm32f4xx.o
                0x20000238                SystemCoreClock
                0x2000023c                AHBPrescTable
 .data          0x2000024c        0x4 ..\obj\port.o
 .data          0x20000250       0x74 ..\obj\usbd_cdc_core.o
                0x20000250                usbd_cdc_CfgDesc
                0x20000298                USBD_CDC_cb
 .data          0x200002c4        0x4 ..\obj\heap_2.o
 .data          0x200002c8        0x1 C:\Program Files\CooCox\CoIDE\gcc\Sourcery G++ Lite\arm-none-eabi\lib\thumb2\libm.a(lib_a-s_lib_ver.o)
                0x200002c8                __fdlib_version
                0x200002cc                . = ALIGN (0x4)
 *fill*         0x200002c9        0x3 
                0x200002cc                PROVIDE (__preinit_array_start, .)
 *(.preinit_array)
                0x200002cc                PROVIDE (__preinit_array_end, .)
                0x200002cc                . = ALIGN (0x4)
                0x200002cc                PROVIDE (__init_array_start, .)
 *(SORT(.init_array.*))
 *(.init_array)
                0x200002cc                PROVIDE (__init_array_end, .)
                0x200002cc                . = ALIGN (0x4)
                0x200002cc                PROVIDE (__fini_array_start, .)
 *(SORT(.fini_array.*))
 *(.fini_array)
                0x200002cc                PROVIDE (__fini_array_end, .)
 *(.jcr*)
                0x200002cc                . = ALIGN (0x4)
                0x200002cc                __data_end__ = .
                0x200002cc                _edata = __data_end__

.igot.plt       0x200002cc        0x0 load address 0x08012254
 .igot.plt      0x00000000        0x0 ..\obj\socket.o

.bss            0x200002d0     0x56dc load address 0x08012258
                0x200002d0                . = ALIGN (0x4)
                0x200002d0                __bss_start__ = .
                0x200002d0                _sbss = __bss_start__
 *(.bss*)
 .bss           0x200002d0       0x24 ..\obj\mbfuncother.o
 .bss           0x200002f4       0x48 ..\obj\sdio_sd.o
                0x2000032c                StopCondition
                0x20000330                TransferError
                0x20000334                TransferEnd
                0x20000338                DMAEndOfTransfer
 .bss           0x2000033c       0xfc ..\obj\tasks.o
                0x2000033c                pxCurrentTCB
 .bss           0x20000438        0xc ..\obj\porttimer.o
 .bss           0x20000444       0x10 ..\obj\usbd_req.o
                0x20000444                USBD_ep_status
                0x20000448                USBD_default_cfg
                0x2000044c                USBD_cfg_status
 .bss           0x20000454        0x8 ..\obj\port.o
 .bss           0x2000045c       0x14 ..\obj\portserial.o
 .bss           0x20000470       0x20 ..\obj\usbd_cdc_core.o
                0x20000474                APP_Rx_ptr_in
                0x20000478                APP_Rx_ptr_out
                0x2000047c                APP_Rx_length
                0x20000480                USB_Tx_State
 .bss           0x20000490       0x1c ..\obj\frequency.o
                0x200004a8                xHigherPriorityTaskWoken
 .bss           0x200004ac     0x4014 ..\obj\heap_2.o
 *(COMMON)
 COMMON         0x200044c0      0x45c ..\obj\protocol.o
                0x200044c0                stContext_RS232
                0x20004634                stContext_RS485
                0x200047a8                stContext_USB_CDC
 COMMON         0x2000491c       0x58 ..\obj\watchdog.o
                0x2000491c                task_watches
 COMMON         0x20004974        0x4 ..\obj\fram_i2c.o
                0x20004974                xI2CBusMutex
 COMMON         0x20004978       0x88 ..\obj\usbd_cdc_vcp.o
                0x20004978                APP_Tx_Buffer
                0x200049f8                APP_tx_ptr_tail
                0x200049fc                APP_tx_ptr_head
 COMMON         0x20004a00       0x32 ..\obj\usbd_req.o
                0x20004a00                USBD_StrDesc
 *fill*         0x20004a32        0x2 
 COMMON         0x20004a34      0x5f4 ..\obj\portserial.o
                0x20004a34                temp_char
                0x20004a38                USB_OTG_dev
 COMMON         0x20005028      0x88c ..\obj\usbd_cdc_core.o
                0x20005028                usbd_cdc_OtherCfgDesc
                0x2000506c                USB_Rx_Buffer
                0x200050ac                CmdBuff
                0x200050b4                APP_Rx_Buffer
 COMMON         0x200058b4        0x4 ..\obj\ADS1220.o
                0x200058b4                xADC_SPI_Mutex
 COMMON         0x200058b8        0x8 ..\obj\frequency.o
                0x200058b8                xFrequencySemaphore
 COMMON         0x200058c0       0xec ..\obj\controller.o
                0x200058c0                stSettings
                0x20005944                xMeasureDataMutex
                0x20005948                stMeasureData
                0x200059a8                xSettingsMutex
                0x200059ac                . = ALIGN (0x4)
                0x200059ac                __bss_end__ = .
                0x200059ac                _ebss = __bss_end__

.heap           0x200059ac        0x0
                0x200059ac                __end__ = .
                0x200059ac                _end = __end__
                0x200059ac                end = __end__
 *(.heap*)
                0x200059ac                __HeapLimit = .

.co_stack       0x200059ac      0x804 load address 0x08017934
                0x200059b0                . = ALIGN (0x8)
 *fill*         0x200059ac        0x4 
 *(.co_stack .co_stack.*)
 .co_stack      0x200059b0      0x800 ..\obj\startup_stm32f4xx.o
                0x200059b0                pulStack
                0x20020000                __StackTop = (ORIGIN (ram) + 0x20000)
                0x2001f7fc                __StackLimit = (__StackTop - SIZEOF (.co_stack))
                0x20020000                PROVIDE (__stack, __StackTop)
                0x00000001                ASSERT ((__StackLimit >= __HeapLimit), region ram  overflowed with stack)
LOAD C:\Program Files\CooCox\CoIDE\gcc\Sourcery G++ Lite\arm-none-eabi\lib\thumb2\libc.a
LOAD ..\obj\socket.o
LOAD ..\obj\stm32f4xx_syscfg.o
LOAD ..\obj\usb_core.o
LOAD ..\obj\low_level_sdio.o
LOAD ..\obj\mbport.o
LOAD ..\obj\calc.o
LOAD ..\obj\mb.o
LOAD ..\obj\stm32f4xx_sdio.o
LOAD ..\obj\protocol.o
LOAD ..\obj\mbfuncdisc.o
LOAD ..\obj\usbd_usr.o
LOAD ..\obj\portevent.o
LOAD ..\obj\mbfuncother.o
LOAD ..\obj\stm32f4xx_usart.o
LOAD ..\obj\stm32f4xx_pwr.o
LOAD ..\obj\rtc.o
LOAD ..\obj\sdio_sd.o
LOAD ..\obj\mbutils.o
LOAD ..\obj\diskio.o
LOAD ..\obj\startup_stm32f4xx.o
LOAD ..\obj\stm32f4xx_iwdg.o
LOAD ..\obj\mbfuncholding.o
LOAD ..\obj\usbd_core.o
LOAD ..\obj\main.o
LOAD ..\obj\mbcrc.o
LOAD ..\obj\wiznet.o
LOAD ..\obj\stm32f4xx_rcc.o
LOAD ..\obj\mbfuncfile.o
LOAD ..\obj\timers.o
LOAD ..\obj\log.o
LOAD ..\obj\wizchip_conf.o
LOAD ..\obj\mbfuncinput.o
LOAD ..\obj\printf.o
LOAD ..\obj\w5500.o
LOAD ..\obj\watchdog.o
LOAD ..\obj\mbfuncdiag.o
LOAD ..\obj\tasks.o
LOAD ..\obj\usbd_desc.o
LOAD ..\obj\fram_i2c.o
LOAD ..\obj\stm32f4xx_gpio.o
LOAD ..\obj\porttimer.o
LOAD ..\obj\usbd_cdc_vcp.o
LOAD ..\obj\list.o
LOAD ..\obj\mbrtu.o
LOAD ..\obj\system_stm32f4xx.o
LOAD ..\obj\syscalls.o
LOAD ..\obj\stm32f4xx_dma.o
LOAD ..\obj\usb_bsp.o
LOAD ..\obj\usbd_req.o
LOAD ..\obj\port.o
LOAD ..\obj\queue.o
LOAD ..\obj\usb_dcd_int.o
LOAD ..\obj\portserial.o
LOAD ..\obj\usbd_cdc_core.o
LOAD ..\obj\ff.o
LOAD ..\obj\croutine.o
LOAD ..\obj\stm32f4xx_spi.o
LOAD ..\obj\mbfunccoils.o
LOAD ..\obj\event_groups.o
LOAD ..\obj\ADS1220.o
LOAD ..\obj\stm32f4xx_i2c.o
LOAD ..\obj\frequency.o
LOAD ..\obj\stm32f4xx_exti.o
LOAD ..\obj\misc.o
LOAD ..\obj\usb_dcd.o
LOAD ..\obj\stm32f4xx_rtc.o
LOAD ..\obj\usbd_ioreq.o
LOAD ..\obj\mbascii.o
LOAD ..\obj\heap_2.o
LOAD ..\obj\controller.o
LOAD ..\obj\stm32f4xx_tim.o
LOAD ..\obj\power_detector.o
LOAD C:\Program Files\CooCox\CoIDE\gcc\Sourcery G++ Lite\arm-none-eabi\lib\thumb2\libm.a
LOAD C:\Program Files\CooCox\CoIDE\gcc\Sourcery G++ Lite\arm-none-eabi\lib\thumb2\libc.a
START GROUP
LOAD c:/stm32/arm_eabi/bin/../lib/gcc/arm-none-eabi/4.7.2/thumb2\libgcc.a
LOAD C:\Program Files\CooCox\CoIDE\gcc\Sourcery G++ Lite\arm-none-eabi\lib\thumb2\libc.a
END GROUP
OUTPUT(IMS_CONTROLLER.elf elf32-littlearm)

.debug_info     0x00000000    0x236a7
 .debug_info    0x00000000     0x2819 ..\obj\usb_core.o
 .debug_info    0x00002819      0xe6c ..\obj\mbport.o
 .debug_info    0x00003685      0x385 ..\obj\calc.o
 .debug_info    0x00003a0a      0x9a0 ..\obj\mb.o
 .debug_info    0x000043aa      0x8bb ..\obj\stm32f4xx_sdio.o
 .debug_info    0x00004c65      0x86f ..\obj\protocol.o
 .debug_info    0x000054d4      0x1f3 ..\obj\mbfuncdisc.o
 .debug_info    0x000056c7      0x1c3 ..\obj\usbd_usr.o
 .debug_info    0x0000588a      0x7cd ..\obj\portevent.o
 .debug_info    0x00006057      0x257 ..\obj\mbfuncother.o
 .debug_info    0x000062ae      0xa65 ..\obj\stm32f4xx_usart.o
 .debug_info    0x00006d13      0x543 ..\obj\stm32f4xx_pwr.o
 .debug_info    0x00007256      0x165 ..\obj\rtc.o
 .debug_info    0x000073bb     0x1432 ..\obj\sdio_sd.o
 .debug_info    0x000087ed      0x2cd ..\obj\mbutils.o
 .debug_info    0x00008aba      0x9d3 ..\obj\diskio.o
 .debug_info    0x0000948d      0x103 ..\obj\startup_stm32f4xx.o
 .debug_info    0x00009590      0x20a ..\obj\stm32f4xx_iwdg.o
 .debug_info    0x0000979a      0x38b ..\obj\mbfuncholding.o
 .debug_info    0x00009b25      0xff1 ..\obj\usbd_core.o
 .debug_info    0x0000ab16      0x186 ..\obj\main.o
 .debug_info    0x0000ac9c      0x146 ..\obj\mbcrc.o
 .debug_info    0x0000ade2      0xd49 ..\obj\stm32f4xx_rcc.o
 .debug_info    0x0000bb2b      0x257 ..\obj\mbfuncfile.o
 .debug_info    0x0000bd82      0x43d ..\obj\log.o
 .debug_info    0x0000c1bf      0x1e5 ..\obj\mbfuncinput.o
 .debug_info    0x0000c3a4      0xed1 ..\obj\printf.o
 .debug_info    0x0000d275      0x1f9 ..\obj\watchdog.o
 .debug_info    0x0000d46e     0x12cc ..\obj\tasks.o
 .debug_info    0x0000e73a      0x380 ..\obj\usbd_desc.o
 .debug_info    0x0000eaba      0x758 ..\obj\fram_i2c.o
 .debug_info    0x0000f212      0x640 ..\obj\stm32f4xx_gpio.o
 .debug_info    0x0000f852      0xed3 ..\obj\porttimer.o
 .debug_info    0x00010725      0x37e ..\obj\usbd_cdc_vcp.o
 .debug_info    0x00010aa3      0x2c1 ..\obj\list.o
 .debug_info    0x00010d64      0x7fe ..\obj\mbrtu.o
 .debug_info    0x00011562      0x5f5 ..\obj\system_stm32f4xx.o
 .debug_info    0x00011b57      0x7af ..\obj\stm32f4xx_dma.o
 .debug_info    0x00012306     0x112e ..\obj\usb_bsp.o
 .debug_info    0x00013434     0x10fb ..\obj\usbd_req.o
 .debug_info    0x0001452f      0x346 ..\obj\port.o
 .debug_info    0x00014875      0xa05 ..\obj\queue.o
 .debug_info    0x0001527a     0x2020 ..\obj\usb_dcd_int.o
 .debug_info    0x0001729a     0x1e0c ..\obj\portserial.o
 .debug_info    0x000190a6     0x1083 ..\obj\usbd_cdc_core.o
 .debug_info    0x0001a129      0xbde ..\obj\stm32f4xx_spi.o
 .debug_info    0x0001ad07      0x31a ..\obj\mbfunccoils.o
 .debug_info    0x0001b021      0x8b3 ..\obj\ADS1220.o
 .debug_info    0x0001b8d4      0xbab ..\obj\stm32f4xx_i2c.o
 .debug_info    0x0001c47f      0xd0e ..\obj\frequency.o
 .debug_info    0x0001d18d      0x373 ..\obj\stm32f4xx_exti.o
 .debug_info    0x0001d500      0x592 ..\obj\misc.o
 .debug_info    0x0001da92     0x118a ..\obj\usb_dcd.o
 .debug_info    0x0001ec1c     0x1255 ..\obj\stm32f4xx_rtc.o
 .debug_info    0x0001fe71      0xde4 ..\obj\usbd_ioreq.o
 .debug_info    0x00020c55      0x2ef ..\obj\heap_2.o
 .debug_info    0x00020f44      0x292 ..\obj\controller.o
 .debug_info    0x000211d6     0x1e7d ..\obj\stm32f4xx_tim.o
 .debug_info    0x00023053      0x654 ..\obj\power_detector.o

.debug_abbrev   0x00000000     0x55fd
 .debug_abbrev  0x00000000      0x2bc ..\obj\usb_core.o
 .debug_abbrev  0x000002bc      0x1be ..\obj\mbport.o
 .debug_abbrev  0x0000047a      0x140 ..\obj\calc.o
 .debug_abbrev  0x000005ba      0x19f ..\obj\mb.o
 .debug_abbrev  0x00000759      0x179 ..\obj\stm32f4xx_sdio.o
 .debug_abbrev  0x000008d2      0x145 ..\obj\protocol.o
 .debug_abbrev  0x00000a17       0xa8 ..\obj\mbfuncdisc.o
 .debug_abbrev  0x00000abf       0xdf ..\obj\usbd_usr.o
 .debug_abbrev  0x00000b9e      0x142 ..\obj\portevent.o
 .debug_abbrev  0x00000ce0       0xc1 ..\obj\mbfuncother.o
 .debug_abbrev  0x00000da1      0x157 ..\obj\stm32f4xx_usart.o
 .debug_abbrev  0x00000ef8      0x181 ..\obj\stm32f4xx_pwr.o
 .debug_abbrev  0x00001079       0xc9 ..\obj\rtc.o
 .debug_abbrev  0x00001142      0x1eb ..\obj\sdio_sd.o
 .debug_abbrev  0x0000132d       0xd8 ..\obj\mbutils.o
 .debug_abbrev  0x00001405      0x1b6 ..\obj\diskio.o
 .debug_abbrev  0x000015bb       0xb2 ..\obj\startup_stm32f4xx.o
 .debug_abbrev  0x0000166d      0x103 ..\obj\stm32f4xx_iwdg.o
 .debug_abbrev  0x00001770       0xa8 ..\obj\mbfuncholding.o
 .debug_abbrev  0x00001818      0x1f2 ..\obj\usbd_core.o
 .debug_abbrev  0x00001a0a       0xe3 ..\obj\main.o
 .debug_abbrev  0x00001aed       0x93 ..\obj\mbcrc.o
 .debug_abbrev  0x00001b80      0x1e5 ..\obj\stm32f4xx_rcc.o
 .debug_abbrev  0x00001d65       0xe5 ..\obj\mbfuncfile.o
 .debug_abbrev  0x00001e4a      0x167 ..\obj\log.o
 .debug_abbrev  0x00001fb1       0xa8 ..\obj\mbfuncinput.o
 .debug_abbrev  0x00002059      0x23b ..\obj\printf.o
 .debug_abbrev  0x00002294      0x12f ..\obj\watchdog.o
 .debug_abbrev  0x000023c3      0x253 ..\obj\tasks.o
 .debug_abbrev  0x00002616      0x12e ..\obj\usbd_desc.o
 .debug_abbrev  0x00002744      0x1ed ..\obj\fram_i2c.o
 .debug_abbrev  0x00002931      0x1a5 ..\obj\stm32f4xx_gpio.o
 .debug_abbrev  0x00002ad6      0x1c2 ..\obj\porttimer.o
 .debug_abbrev  0x00002c98      0x166 ..\obj\usbd_cdc_vcp.o
 .debug_abbrev  0x00002dfe       0xbe ..\obj\list.o
 .debug_abbrev  0x00002ebc      0x189 ..\obj\mbrtu.o
 .debug_abbrev  0x00003045      0x138 ..\obj\system_stm32f4xx.o
 .debug_abbrev  0x0000317d      0x157 ..\obj\stm32f4xx_dma.o
 .debug_abbrev  0x000032d4      0x1fe ..\obj\usb_bsp.o
 .debug_abbrev  0x000034d2      0x268 ..\obj\usbd_req.o
 .debug_abbrev  0x0000373a      0x1bc ..\obj\port.o
 .debug_abbrev  0x000038f6      0x141 ..\obj\queue.o
 .debug_abbrev  0x00003a37      0x230 ..\obj\usb_dcd_int.o
 .debug_abbrev  0x00003c67      0x2f0 ..\obj\portserial.o
 .debug_abbrev  0x00003f57      0x204 ..\obj\usbd_cdc_core.o
 .debug_abbrev  0x0000415b      0x169 ..\obj\stm32f4xx_spi.o
 .debug_abbrev  0x000042c4       0xba ..\obj\mbfunccoils.o
 .debug_abbrev  0x0000437e      0x1d0 ..\obj\ADS1220.o
 .debug_abbrev  0x0000454e      0x166 ..\obj\stm32f4xx_i2c.o
 .debug_abbrev  0x000046b4      0x1c2 ..\obj\frequency.o
 .debug_abbrev  0x00004876      0x1a7 ..\obj\stm32f4xx_exti.o
 .debug_abbrev  0x00004a1d      0x129 ..\obj\misc.o
 .debug_abbrev  0x00004b46      0x22e ..\obj\usb_dcd.o
 .debug_abbrev  0x00004d74      0x1b0 ..\obj\stm32f4xx_rtc.o
 .debug_abbrev  0x00004f24      0x184 ..\obj\usbd_ioreq.o
 .debug_abbrev  0x000050a8      0x16e ..\obj\heap_2.o
 .debug_abbrev  0x00005216       0xf0 ..\obj\controller.o
 .debug_abbrev  0x00005306      0x189 ..\obj\stm32f4xx_tim.o
 .debug_abbrev  0x0000548f      0x16e ..\obj\power_detector.o

.debug_loc      0x00000000     0xa67d
 .debug_loc     0x00000000      0x7e0 ..\obj\usb_core.o
 .debug_loc     0x000007e0      0x174 ..\obj\mbport.o
 .debug_loc     0x00000954       0x70 ..\obj\calc.o
 .debug_loc     0x000009c4      0x150 ..\obj\mb.o
 .debug_loc     0x00000b14      0x648 ..\obj\stm32f4xx_sdio.o
 .debug_loc     0x0000115c       0xe0 ..\obj\protocol.o
 .debug_loc     0x0000123c       0x38 ..\obj\mbfuncdisc.o
 .debug_loc     0x00001274       0xe8 ..\obj\usbd_usr.o
 .debug_loc     0x0000135c       0xa8 ..\obj\portevent.o
 .debug_loc     0x00001404       0x70 ..\obj\mbfuncother.o
 .debug_loc     0x00001474      0x658 ..\obj\stm32f4xx_usart.o
 .debug_loc     0x00001acc      0x288 ..\obj\stm32f4xx_pwr.o
 .debug_loc     0x00001d54       0x38 ..\obj\rtc.o
 .debug_loc     0x00001d8c      0x778 ..\obj\sdio_sd.o
 .debug_loc     0x00002504       0xa8 ..\obj\mbutils.o
 .debug_loc     0x000025ac      0x20c ..\obj\diskio.o
 .debug_loc     0x000027b8       0x64 ..\obj\startup_stm32f4xx.o
 .debug_loc     0x0000281c      0x138 ..\obj\stm32f4xx_iwdg.o
 .debug_loc     0x00002954       0xe0 ..\obj\mbfuncholding.o
 .debug_loc     0x00002a34      0x2d8 ..\obj\usbd_core.o
 .debug_loc     0x00002d0c      0x100 ..\obj\main.o
 .debug_loc     0x00002e0c       0x38 ..\obj\mbcrc.o
 .debug_loc     0x00002e44      0x97c ..\obj\stm32f4xx_rcc.o
 .debug_loc     0x000037c0       0x3a ..\obj\mbfuncfile.o
 .debug_loc     0x000037fa       0xe2 ..\obj\log.o
 .debug_loc     0x000038dc       0x38 ..\obj\mbfuncinput.o
 .debug_loc     0x00003914      0x3ea ..\obj\printf.o
 .debug_loc     0x00003cfe       0xe0 ..\obj\watchdog.o
 .debug_loc     0x00003dde      0x92c ..\obj\tasks.o
 .debug_loc     0x0000470a      0x188 ..\obj\usbd_desc.o
 .debug_loc     0x00004892      0x15e ..\obj\fram_i2c.o
 .debug_loc     0x000049f0      0x310 ..\obj\stm32f4xx_gpio.o
 .debug_loc     0x00004d00      0x2dc ..\obj\porttimer.o
 .debug_loc     0x00004fdc      0x164 ..\obj\usbd_cdc_vcp.o
 .debug_loc     0x00005140      0x118 ..\obj\list.o
 .debug_loc     0x00005258      0x1c0 ..\obj\mbrtu.o
 .debug_loc     0x00005418       0x9c ..\obj\system_stm32f4xx.o
 .debug_loc     0x000054b4      0x428 ..\obj\stm32f4xx_dma.o
 .debug_loc     0x000058dc      0x138 ..\obj\usb_bsp.o
 .debug_loc     0x00005a14      0x310 ..\obj\usbd_req.o
 .debug_loc     0x00005d24      0x1dc ..\obj\port.o
 .debug_loc     0x00005f00      0x460 ..\obj\queue.o
 .debug_loc     0x00006360      0x2d8 ..\obj\usb_dcd_int.o
 .debug_loc     0x00006638      0x410 ..\obj\portserial.o
 .debug_loc     0x00006a48      0x224 ..\obj\usbd_cdc_core.o
 .debug_loc     0x00006c6c      0x578 ..\obj\stm32f4xx_spi.o
 .debug_loc     0x000071e4       0xa8 ..\obj\mbfunccoils.o
 .debug_loc     0x0000728c      0x224 ..\obj\ADS1220.o
 .debug_loc     0x000074b0      0x738 ..\obj\stm32f4xx_i2c.o
 .debug_loc     0x00007be8      0x10d ..\obj\frequency.o
 .debug_loc     0x00007cf5      0x1b4 ..\obj\stm32f4xx_exti.o
 .debug_loc     0x00007ea9      0x118 ..\obj\misc.o
 .debug_loc     0x00007fc1      0x2d8 ..\obj\usb_dcd.o
 .debug_loc     0x00008299      0xc48 ..\obj\stm32f4xx_rtc.o
 .debug_loc     0x00008ee1      0x188 ..\obj\usbd_ioreq.o
 .debug_loc     0x00009069      0x100 ..\obj\heap_2.o
 .debug_loc     0x00009169       0x64 ..\obj\controller.o
 .debug_loc     0x000091cd     0x1420 ..\obj\stm32f4xx_tim.o
 .debug_loc     0x0000a5ed       0x90 ..\obj\power_detector.o

.debug_aranges  0x00000000     0x1de8
 .debug_aranges
                0x00000000      0x138 ..\obj\usb_core.o
 .debug_aranges
                0x00000138       0x50 ..\obj\mbport.o
 .debug_aranges
                0x00000188       0x28 ..\obj\calc.o
 .debug_aranges
                0x000001b0       0x48 ..\obj\mb.o
 .debug_aranges
                0x000001f8      0x108 ..\obj\stm32f4xx_sdio.o
 .debug_aranges
                0x00000300       0x38 ..\obj\protocol.o
 .debug_aranges
                0x00000338       0x20 ..\obj\mbfuncdisc.o
 .debug_aranges
                0x00000358       0x40 ..\obj\usbd_usr.o
 .debug_aranges
                0x00000398       0x30 ..\obj\portevent.o
 .debug_aranges
                0x000003c8       0x28 ..\obj\mbfuncother.o
 .debug_aranges
                0x000003f0      0x100 ..\obj\stm32f4xx_usart.o
 .debug_aranges
                0x000004f0       0x78 ..\obj\stm32f4xx_pwr.o
 .debug_aranges
                0x00000568       0x20 ..\obj\rtc.o
 .debug_aranges
                0x00000588      0x130 ..\obj\sdio_sd.o
 .debug_aranges
                0x000006b8       0x30 ..\obj\mbutils.o
 .debug_aranges
                0x000006e8       0x68 ..\obj\diskio.o
 .debug_aranges
                0x00000750       0x28 ..\obj\startup_stm32f4xx.o
 .debug_aranges
                0x00000778       0x48 ..\obj\stm32f4xx_iwdg.o
 .debug_aranges
                0x000007c0       0x38 ..\obj\mbfuncholding.o
 .debug_aranges
                0x000007f8       0x80 ..\obj\usbd_core.o
 .debug_aranges
                0x00000878       0x40 ..\obj\main.o
 .debug_aranges
                0x000008b8       0x20 ..\obj\mbcrc.o
 .debug_aranges
                0x000008d8      0x178 ..\obj\stm32f4xx_rcc.o
 .debug_aranges
                0x00000a50       0x20 ..\obj\mbfuncfile.o
 .debug_aranges
                0x00000a70       0x38 ..\obj\log.o
 .debug_aranges
                0x00000aa8       0x20 ..\obj\mbfuncinput.o
 .debug_aranges
                0x00000ac8       0xa0 ..\obj\printf.o
 .debug_aranges
                0x00000b68       0x38 ..\obj\watchdog.o
 .debug_aranges
                0x00000ba0      0x170 ..\obj\tasks.o
 .debug_aranges
                0x00000d10       0x50 ..\obj\usbd_desc.o
 .debug_aranges
                0x00000d60       0x48 ..\obj\fram_i2c.o
 .debug_aranges
                0x00000da8       0x88 ..\obj\stm32f4xx_gpio.o
 .debug_aranges
                0x00000e30       0x90 ..\obj\porttimer.o
 .debug_aranges
                0x00000ec0       0x50 ..\obj\usbd_cdc_vcp.o
 .debug_aranges
                0x00000f10       0x40 ..\obj\list.o
 .debug_aranges
                0x00000f50       0x58 ..\obj\mbrtu.o
 .debug_aranges
                0x00000fa8       0x30 ..\obj\system_stm32f4xx.o
 .debug_aranges
                0x00000fd8       0xb0 ..\obj\stm32f4xx_dma.o
 .debug_aranges
                0x00001088       0x48 ..\obj\usb_bsp.o
 .debug_aranges
                0x000010d0       0x88 ..\obj\usbd_req.o
 .debug_aranges
                0x00001158       0x90 ..\obj\port.o
 .debug_aranges
                0x000011e8       0xb8 ..\obj\queue.o
 .debug_aranges
                0x000012a0       0x80 ..\obj\usb_dcd_int.o
 .debug_aranges
                0x00001320       0xb0 ..\obj\portserial.o
 .debug_aranges
                0x000013d0       0x68 ..\obj\usbd_cdc_core.o
 .debug_aranges
                0x00001438       0xe0 ..\obj\stm32f4xx_spi.o
 .debug_aranges
                0x00001518       0x30 ..\obj\mbfunccoils.o
 .debug_aranges
                0x00001548       0x68 ..\obj\ADS1220.o
 .debug_aranges
                0x000015b0      0x120 ..\obj\stm32f4xx_i2c.o
 .debug_aranges
                0x000016d0       0x40 ..\obj\frequency.o
 .debug_aranges
                0x00001710       0x58 ..\obj\stm32f4xx_exti.o
 .debug_aranges
                0x00001768       0x40 ..\obj\misc.o
 .debug_aranges
                0x000017a8       0x80 ..\obj\usb_dcd.o
 .debug_aranges
                0x00001828      0x1e0 ..\obj\stm32f4xx_rtc.o
 .debug_aranges
                0x00001a08       0x50 ..\obj\usbd_ioreq.o
 .debug_aranges
                0x00001a58       0x40 ..\obj\heap_2.o
 .debug_aranges
                0x00001a98       0x28 ..\obj\controller.o
 .debug_aranges
                0x00001ac0      0x2f8 ..\obj\stm32f4xx_tim.o
 .debug_aranges
                0x00001db8       0x30 ..\obj\power_detector.o

.debug_ranges   0x00000000     0x1a38
 .debug_ranges  0x00000000      0x128 ..\obj\usb_core.o
 .debug_ranges  0x00000128       0x40 ..\obj\mbport.o
 .debug_ranges  0x00000168       0x18 ..\obj\calc.o
 .debug_ranges  0x00000180       0x38 ..\obj\mb.o
 .debug_ranges  0x000001b8       0xf8 ..\obj\stm32f4xx_sdio.o
 .debug_ranges  0x000002b0       0x28 ..\obj\protocol.o
 .debug_ranges  0x000002d8       0x10 ..\obj\mbfuncdisc.o
 .debug_ranges  0x000002e8       0x30 ..\obj\usbd_usr.o
 .debug_ranges  0x00000318       0x20 ..\obj\portevent.o
 .debug_ranges  0x00000338       0x18 ..\obj\mbfuncother.o
 .debug_ranges  0x00000350       0xf0 ..\obj\stm32f4xx_usart.o
 .debug_ranges  0x00000440       0x68 ..\obj\stm32f4xx_pwr.o
 .debug_ranges  0x000004a8       0x10 ..\obj\rtc.o
 .debug_ranges  0x000004b8      0x120 ..\obj\sdio_sd.o
 .debug_ranges  0x000005d8       0x20 ..\obj\mbutils.o
 .debug_ranges  0x000005f8       0x58 ..\obj\diskio.o
 .debug_ranges  0x00000650       0x18 ..\obj\startup_stm32f4xx.o
 .debug_ranges  0x00000668       0x38 ..\obj\stm32f4xx_iwdg.o
 .debug_ranges  0x000006a0       0x28 ..\obj\mbfuncholding.o
 .debug_ranges  0x000006c8       0x70 ..\obj\usbd_core.o
 .debug_ranges  0x00000738       0x30 ..\obj\main.o
 .debug_ranges  0x00000768       0x10 ..\obj\mbcrc.o
 .debug_ranges  0x00000778      0x168 ..\obj\stm32f4xx_rcc.o
 .debug_ranges  0x000008e0       0x10 ..\obj\mbfuncfile.o
 .debug_ranges  0x000008f0       0x28 ..\obj\log.o
 .debug_ranges  0x00000918       0x10 ..\obj\mbfuncinput.o
 .debug_ranges  0x00000928       0x90 ..\obj\printf.o
 .debug_ranges  0x000009b8       0x28 ..\obj\watchdog.o
 .debug_ranges  0x000009e0      0x160 ..\obj\tasks.o
 .debug_ranges  0x00000b40       0x40 ..\obj\usbd_desc.o
 .debug_ranges  0x00000b80       0x38 ..\obj\fram_i2c.o
 .debug_ranges  0x00000bb8       0x78 ..\obj\stm32f4xx_gpio.o
 .debug_ranges  0x00000c30       0x80 ..\obj\porttimer.o
 .debug_ranges  0x00000cb0       0x40 ..\obj\usbd_cdc_vcp.o
 .debug_ranges  0x00000cf0       0x30 ..\obj\list.o
 .debug_ranges  0x00000d20       0x48 ..\obj\mbrtu.o
 .debug_ranges  0x00000d68       0x20 ..\obj\system_stm32f4xx.o
 .debug_ranges  0x00000d88       0xa0 ..\obj\stm32f4xx_dma.o
 .debug_ranges  0x00000e28       0x38 ..\obj\usb_bsp.o
 .debug_ranges  0x00000e60       0x78 ..\obj\usbd_req.o
 .debug_ranges  0x00000ed8       0x80 ..\obj\port.o
 .debug_ranges  0x00000f58       0xa8 ..\obj\queue.o
 .debug_ranges  0x00001000       0x70 ..\obj\usb_dcd_int.o
 .debug_ranges  0x00001070       0xa0 ..\obj\portserial.o
 .debug_ranges  0x00001110       0x58 ..\obj\usbd_cdc_core.o
 .debug_ranges  0x00001168       0xd0 ..\obj\stm32f4xx_spi.o
 .debug_ranges  0x00001238       0x20 ..\obj\mbfunccoils.o
 .debug_ranges  0x00001258       0x58 ..\obj\ADS1220.o
 .debug_ranges  0x000012b0      0x110 ..\obj\stm32f4xx_i2c.o
 .debug_ranges  0x000013c0       0x30 ..\obj\frequency.o
 .debug_ranges  0x000013f0       0x48 ..\obj\stm32f4xx_exti.o
 .debug_ranges  0x00001438       0x30 ..\obj\misc.o
 .debug_ranges  0x00001468       0x70 ..\obj\usb_dcd.o
 .debug_ranges  0x000014d8      0x1d0 ..\obj\stm32f4xx_rtc.o
 .debug_ranges  0x000016a8       0x40 ..\obj\usbd_ioreq.o
 .debug_ranges  0x000016e8       0x30 ..\obj\heap_2.o
 .debug_ranges  0x00001718       0x18 ..\obj\controller.o
 .debug_ranges  0x00001730      0x2e8 ..\obj\stm32f4xx_tim.o
 .debug_ranges  0x00001a18       0x20 ..\obj\power_detector.o

.debug_line     0x00000000     0xcfcb
 .debug_line    0x00000000      0x67b ..\obj\usb_core.o
 .debug_line    0x0000067b      0x7b7 ..\obj\mbport.o
 .debug_line    0x00000e32      0x35a ..\obj\calc.o
 .debug_line    0x0000118c      0x312 ..\obj\mb.o
 .debug_line    0x0000149e      0x428 ..\obj\stm32f4xx_sdio.o
 .debug_line    0x000018c6      0x34c ..\obj\protocol.o
 .debug_line    0x00001c12      0x1d9 ..\obj\mbfuncdisc.o
 .debug_line    0x00001deb      0x17a ..\obj\usbd_usr.o
 .debug_line    0x00001f65      0x238 ..\obj\portevent.o
 .debug_line    0x0000219d      0x22f ..\obj\mbfuncother.o
 .debug_line    0x000023cc      0x485 ..\obj\stm32f4xx_usart.o
 .debug_line    0x00002851      0x28b ..\obj\stm32f4xx_pwr.o
 .debug_line    0x00002adc      0x1ea ..\obj\rtc.o
 .debug_line    0x00002cc6      0x93a ..\obj\sdio_sd.o
 .debug_line    0x00003600      0x239 ..\obj\mbutils.o
 .debug_line    0x00003839      0x30c ..\obj\diskio.o
 .debug_line    0x00003b45       0xaf ..\obj\startup_stm32f4xx.o
 .debug_line    0x00003bf4      0x1e5 ..\obj\stm32f4xx_iwdg.o
 .debug_line    0x00003dd9      0x26f ..\obj\mbfuncholding.o
 .debug_line    0x00004048      0x2ce ..\obj\usbd_core.o
 .debug_line    0x00004316      0x285 ..\obj\main.o
 .debug_line    0x0000459b      0x150 ..\obj\mbcrc.o
 .debug_line    0x000046eb      0x57b ..\obj\stm32f4xx_rcc.o
 .debug_line    0x00004c66      0x211 ..\obj\mbfuncfile.o
 .debug_line    0x00004e77      0x33f ..\obj\log.o
 .debug_line    0x000051b6      0x1cf ..\obj\mbfuncinput.o
 .debug_line    0x00005385      0x392 ..\obj\printf.o
 .debug_line    0x00005717      0x221 ..\obj\watchdog.o
 .debug_line    0x00005938      0xa6a ..\obj\tasks.o
 .debug_line    0x000063a2      0x1c0 ..\obj\usbd_desc.o
 .debug_line    0x00006562      0x4fb ..\obj\fram_i2c.o
 .debug_line    0x00006a5d      0x323 ..\obj\stm32f4xx_gpio.o
 .debug_line    0x00006d80      0x42d ..\obj\porttimer.o
 .debug_line    0x000071ad      0x1ea ..\obj\usbd_cdc_vcp.o
 .debug_line    0x00007397      0x22d ..\obj\list.o
 .debug_line    0x000075c4      0x27f ..\obj\mbrtu.o
 .debug_line    0x00007843      0x1af ..\obj\system_stm32f4xx.o
 .debug_line    0x000079f2      0x3c0 ..\obj\stm32f4xx_dma.o
 .debug_line    0x00007db2      0x279 ..\obj\usb_bsp.o
 .debug_line    0x0000802b      0x38d ..\obj\usbd_req.o
 .debug_line    0x000083b8      0x2f6 ..\obj\port.o
 .debug_line    0x000086ae      0x6d3 ..\obj\queue.o
 .debug_line    0x00008d81      0x379 ..\obj\usb_dcd_int.o
 .debug_line    0x000090fa      0x5eb ..\obj\portserial.o
 .debug_line    0x000096e5      0x265 ..\obj\usbd_cdc_core.o
 .debug_line    0x0000994a      0x437 ..\obj\stm32f4xx_spi.o
 .debug_line    0x00009d81      0x247 ..\obj\mbfunccoils.o
 .debug_line    0x00009fc8      0x4e3 ..\obj\ADS1220.o
 .debug_line    0x0000a4ab      0x4c0 ..\obj\stm32f4xx_i2c.o
 .debug_line    0x0000a96b      0x3f9 ..\obj\frequency.o
 .debug_line    0x0000ad64      0x289 ..\obj\stm32f4xx_exti.o
 .debug_line    0x0000afed      0x229 ..\obj\misc.o
 .debug_line    0x0000b216      0x2ec ..\obj\usb_dcd.o
 .debug_line    0x0000b502      0x7f1 ..\obj\stm32f4xx_rtc.o
 .debug_line    0x0000bcf3      0x1d6 ..\obj\usbd_ioreq.o
 .debug_line    0x0000bec9      0x263 ..\obj\heap_2.o
 .debug_line    0x0000c12c      0x1f5 ..\obj\controller.o
 .debug_line    0x0000c321      0xa5d ..\obj\stm32f4xx_tim.o
 .debug_line    0x0000cd7e      0x24d ..\obj\power_detector.o

.debug_str      0x00000000     0xa3a9
 .debug_str     0x00000000     0x12c9 ..\obj\usb_core.o
                               0x15fa (size before relaxing)
 .debug_str     0x000012c9      0x476 ..\obj\mbport.o
                                0x5a5 (size before relaxing)
 .debug_str     0x0000173f      0x2e2 ..\obj\calc.o
                                0x3f5 (size before relaxing)
 .debug_str     0x00001a21      0x5cc ..\obj\mb.o
                                0x78e (size before relaxing)
 .debug_str     0x00001fed      0x4cd ..\obj\stm32f4xx_sdio.o
                                0x5bf (size before relaxing)
 .debug_str     0x000024ba      0x129 ..\obj\protocol.o
                                0x859 (size before relaxing)
 .debug_str     0x000025e3       0xc3 ..\obj\mbfuncdisc.o
                                0x2ec (size before relaxing)
 .debug_str     0x000026a6       0xbc ..\obj\usbd_usr.o
                                0x1fe (size before relaxing)
 .debug_str     0x00002762       0x9a ..\obj\portevent.o
                                0x6ff (size before relaxing)
 .debug_str     0x000027fc       0xd8 ..\obj\mbfuncother.o
                                0x315 (size before relaxing)
 .debug_str     0x000028d4      0x4c9 ..\obj\stm32f4xx_usart.o
                                0x603 (size before relaxing)
 .debug_str     0x00002d9d      0x1e9 ..\obj\stm32f4xx_pwr.o
                                0x305 (size before relaxing)
 .debug_str     0x00002f86       0xa9 ..\obj\rtc.o
                                0x1aa (size before relaxing)
 .debug_str     0x0000302f      0xb3f ..\obj\sdio_sd.o
                                0xe4b (size before relaxing)
 .debug_str     0x00003b6e       0xee ..\obj\mbutils.o
                                0x329 (size before relaxing)
 .debug_str     0x00003c5c      0x669 ..\obj\diskio.o
                                0xb23 (size before relaxing)
 .debug_str     0x000042c5       0xbe ..\obj\startup_stm32f4xx.o