Archive member included because of file (symbol)

c:/coocox/coide/gcc/sourcery g++ lite/bin/../lib/gcc/arm-none-eabi/4.5.1/thumb2\libgcc.a(_arm_addsubdf3.o)
                              ..\obj\ADS1120.o (__aeabi_dadd)
c:/coocox/coide/gcc/sourcery g++ lite/bin/../lib/gcc/arm-none-eabi/4.5.1/thumb2\libgcc.a(_arm_muldivdf3.o)
                              ..\obj\ADS1120.o (__aeabi_dmul)
c:/coocox/coide/gcc/sourcery g++ lite/bin/../lib/gcc/arm-none-eabi/4.5.1/thumb2\libgcc.a(_arm_truncdfsf2.o)
                              ..\obj\ADS1120.o (__aeabi_d2f)
c:/coocox/coide/gcc/sourcery g++ lite/bin/../lib/gcc/arm-none-eabi/4.5.1/thumb2\libgcc.a(_arm_addsubsf3.o)
                              ..\obj\frequency.o (__aeabi_ui2f)
c:/coocox/coide/gcc/sourcery g++ lite/bin/../lib/gcc/arm-none-eabi/4.5.1/thumb2\libgcc.a(_arm_muldivsf3.o)
                              ..\obj\frequency.o (__aeabi_fmul)
c:/coocox/coide/gcc/sourcery g++ lite/bin/../lib/gcc/arm-none-eabi/4.5.1/../../../../arm-none-eabi/lib/thumb2\libc.a(lib_a-memcmp.o)
                              ..\obj\tasks.o (memcmp)
c:/coocox/coide/gcc/sourcery g++ lite/bin/../lib/gcc/arm-none-eabi/4.5.1/../../../../arm-none-eabi/lib/thumb2\libc.a(lib_a-memcpy.o)
                              ..\obj\mbfuncother.o (memcpy)
c:/coocox/coide/gcc/sourcery g++ lite/bin/../lib/gcc/arm-none-eabi/4.5.1/../../../../arm-none-eabi/lib/thumb2\libc.a(lib_a-memset.o)
                              ..\obj\tasks.o (memset)

Allocating common symbols
Common symbol       size              file

ADC_result          0x4               ..\obj\ADS1120.o
stContext_RS232     0x174             ..\obj\protocol.o
stContext_RS485     0x174             ..\obj\protocol.o
adc_reg             0x1               ..\obj\ADS1120.o
xSPI_Buf_Mutex      0x4               ..\obj\ADS1120.o
xFrequencyResultQueue
                    0x8               ..\obj\frequency.o
ADC_result_temp     0x4               ..\obj\ADS1120.o
xFrequencySemaphore
                    0x8               ..\obj\frequency.o
task_watches        0x50              ..\obj\watchdog.o

Discarded input sections

 .text          0x00000000        0x0 ..\obj\stm32f4xx_syscfg.o
 .data          0x00000000        0x0 ..\obj\stm32f4xx_syscfg.o
 .bss           0x00000000        0x0 ..\obj\stm32f4xx_syscfg.o
 .text.SYSCFG_DeInit
                0x00000000       0x20 ..\obj\stm32f4xx_syscfg.o
 .text.SYSCFG_MemoryRemapConfig
                0x00000000       0x20 ..\obj\stm32f4xx_syscfg.o
 .text.SYSCFG_EXTILineConfig
                0x00000000       0xb4 ..\obj\stm32f4xx_syscfg.o
 .text.SYSCFG_ETH_MediaInterfaceConfig
                0x00000000       0x20 ..\obj\stm32f4xx_syscfg.o
 .text.SYSCFG_CompensationCellCmd
                0x00000000       0x20 ..\obj\stm32f4xx_syscfg.o
 .text.SYSCFG_GetCompensationCellStatus
                0x00000000       0x3c ..\obj\stm32f4xx_syscfg.o
 .text          0x00000000        0x0 ..\obj\mbport.o
 .text          0x00000000        0x0 ..\obj\mb.o
 .bss           0x00000000        0x0 ..\obj\mb.o
 .text.eMBRegisterCB
                0x00000000      0x114 ..\obj\mb.o
 .text.eMBClose
                0x00000000       0x3c ..\obj\mb.o
 .text.eMBDisable
                0x00000000       0x60 ..\obj\mb.o
 .text          0x00000000        0x0 ..\obj\protocol.o
 .data          0x00000000        0x0 ..\obj\protocol.o
 .bss           0x00000000        0x0 ..\obj\protocol.o
 .text          0x00000000        0x0 ..\obj\mbfuncdisc.o
 .data          0x00000000        0x0 ..\obj\mbfuncdisc.o
 .bss           0x00000000        0x0 ..\obj\mbfuncdisc.o
 .text          0x00000000        0x0 ..\obj\core_cm3.o
 .data          0x00000000        0x0 ..\obj\core_cm3.o
 .bss           0x00000000        0x0 ..\obj\core_cm3.o
 .text.__get_PSP
                0x00000000       0x10 ..\obj\core_cm3.o
 .text.__set_PSP
                0x00000000        0x8 ..\obj\core_cm3.o
 .text.__get_MSP
                0x00000000       0x10 ..\obj\core_cm3.o
 .text.__set_MSP
                0x00000000        0x8 ..\obj\core_cm3.o
 .text.__get_BASEPRI
                0x00000000       0x20 ..\obj\core_cm3.o
 .text.__set_BASEPRI
                0x00000000       0x18 ..\obj\core_cm3.o
 .text.__get_PRIMASK
                0x00000000       0x20 ..\obj\core_cm3.o
 .text.__set_PRIMASK
                0x00000000       0x18 ..\obj\core_cm3.o
 .text.__get_FAULTMASK
                0x00000000       0x20 ..\obj\core_cm3.o
 .text.__set_FAULTMASK
                0x00000000       0x18 ..\obj\core_cm3.o
 .text.__get_CONTROL
                0x00000000       0x20 ..\obj\core_cm3.o
 .text.__set_CONTROL
                0x00000000       0x18 ..\obj\core_cm3.o
 .text.__REV    0x00000000       0x24 ..\obj\core_cm3.o
 .text.__REV16  0x00000000       0x24 ..\obj\core_cm3.o
 .text.__REVSH  0x00000000       0x24 ..\obj\core_cm3.o
 .text.__RBIT   0x00000000       0x24 ..\obj\core_cm3.o
 .text.__LDREXB
                0x00000000       0x24 ..\obj\core_cm3.o
 .text.__LDREXH
[...]
Memory Configuration

Name             Origin             Length             Attributes
rom              0x08000000         0x00100000         xr
ram              0x20000000         0x00020000         xrw
ram1             0x10000000         0x00010000         xrw
*default*        0x00000000         0xffffffff

Linker script and memory map

                0x20020000                _eram = 0x20020000

.text           0x08000000     0x69fa
 *(.isr_vector .isr_vector.*)
 .isr_vector    0x08000000      0x188 ..\obj\startup_stm32f4xx.o
                0x08000000                g_pfnVectors
 *(.text .text.* .gnu.linkonce.t.*)
 .text.ENTER_CRITICAL_SECTION
                0x08000188        0xc ..\obj\mbport.o
                0x08000188                ENTER_CRITICAL_SECTION
 .text.EXIT_CRITICAL_SECTION
                0x08000194        0xc ..\obj\mbport.o
                0x08000194                EXIT_CRITICAL_SECTION
 .text.eMBRegInputCB
                0x080001a0      0x148 ..\obj\mbport.o
                0x080001a0                eMBRegInputCB
 .text.eMBRegHoldingCB
                0x080002e8       0x24 ..\obj\mbport.o
                0x080002e8                eMBRegHoldingCB
 .text.eMBRegCoilsCB
                0x0800030c       0x20 ..\obj\mbport.o
                0x0800030c                eMBRegCoilsCB
 .text.eMBRegDiscreteCB
                0x0800032c       0x20 ..\obj\mbport.o
                0x0800032c                eMBRegDiscreteCB
 .text.eMBInit  0x0800034c      0x110 ..\obj\mb.o
                0x0800034c                eMBInit
 .text.eMBEnable
                0x0800045c       0x50 ..\obj\mb.o
                0x0800045c                eMBEnable
 .text.eMBPoll  0x080004ac      0x1c0 ..\obj\mb.o
                0x080004ac                eMBPoll
 .text.Protocol_Init
                0x0800066c       0xf8 ..\obj\protocol.o
                0x0800066c                Protocol_Init
 .text.Modbus_RS485_Task
                0x08000764       0x50 ..\obj\protocol.o
 .text.Modbus_RS232_Task
                0x080007b4       0x50 ..\obj\protocol.o
 .text.eMBFuncReadDiscreteInputs
                0x08000804      0x130 ..\obj\mbfuncdisc.o
                0x08000804                eMBFuncReadDiscreteInputs
 .text.xMBPortEventInit
                0x08000934       0x20 ..\obj\portevent.o
                0x08000934                xMBPortEventInit
 .text.xMBPortEventPost
                0x08000954       0x2c ..\obj\portevent.o
                0x08000954                xMBPortEventPost
 .text.xMBPortEventGet
                0x08000980       0x3c ..\obj\portevent.o
                0x08000980                xMBPortEventGet
 .text.eMBFuncReportSlaveID
                0x080009bc       0x4c ..\obj\mbfuncother.o
                0x080009bc                eMBFuncReportSlaveID
 .text.USART_Init
                0x08000a08      0x1bc ..\obj\stm32f4xx_usart.o
                0x08000a08                USART_Init
 .text.USART_Cmd
                0x08000bc4       0x40 ..\obj\stm32f4xx_usart.o
                0x08000bc4                USART_Cmd
 .text.USART_SendData
                0x08000c04       0x28 ..\obj\stm32f4xx_usart.o
                0x08000c04                USART_SendData
 .text.USART_ReceiveData
                0x08000c2c       0x24 ..\obj\stm32f4xx_usart.o
                0x08000c2c                USART_ReceiveData
 .text.USART_ITConfig
                0x08000c50       0xa8 ..\obj\stm32f4xx_usart.o
                0x08000c50                USART_ITConfig
 .text.USART_GetFlagStatus
                0x08000cf8       0x40 ..\obj\stm32f4xx_usart.o
                0x08000cf8                USART_GetFlagStatus
 .text.USART_ClearFlag
                0x08000d38       0x24 ..\obj\stm32f4xx_usart.o
                0x08000d38                USART_ClearFlag
 .text.USART_GetITStatus
                0x08000d5c       0xcc ..\obj\stm32f4xx_usart.o
                0x08000d5c                USART_GetITStatus
 .text.prveMBError2Exception
                0x08000e28       0x48 ..\obj\mbutils.o
                0x08000e28                prveMBError2Exception
 .text.Default_Reset_Handler
                0x08000e70       0x68 ..\obj\startup_stm32f4xx.o
                0x08000e70                Default_Reset_Handler
                0x08000e70                Reset_Handler
 .text.Default_Handler
                0x08000ed8        0x8 ..\obj\startup_stm32f4xx.o
                0x08000ed8                RTC_Alarm_IRQHandler
                0x08000ed8                HASH_RNG_IRQHandler
                0x08000ed8                EXTI2_IRQHandler
                0x08000ed8                TIM8_CC_IRQHandler
                0x08000ed8                DebugMon_Handler
                0x08000ed8                TIM1_CC_IRQHandler
                0x08000ed8                DMA2_Stream5_IRQHandler
                0x08000ed8                HardFault_Handler
                0x08000ed8                DMA1_Stream5_IRQHandler
                0x08000ed8                SDIO_IRQHandler
                0x08000ed8                TAMP_STAMP_IRQHandler
                0x08000ed8                NMI_Handler
                0x08000ed8                CAN2_RX1_IRQHandler
                0x08000ed8                EXTI3_IRQHandler
                0x08000ed8                TIM8_TRG_COM_TIM14_IRQHandler
                0x08000ed8                TIM1_UP_TIM10_IRQHandler
                0x08000ed8                TIM8_UP_TIM13_IRQHandler
                0x08000ed8                I2C3_ER_IRQHandler
                0x08000ed8                EXTI0_IRQHandler
                0x08000ed8                I2C2_EV_IRQHandler
                0x08000ed8                DMA1_Stream2_IRQHandler
                0x08000ed8                CAN1_RX0_IRQHandler
                0x08000ed8                FPU_IRQHandler
                0x08000ed8                OTG_HS_WKUP_IRQHandler
                0x08000ed8                UsageFault_Handler
                0x08000ed8                CAN2_SCE_IRQHandler
                0x08000ed8                DMA2_Stream2_IRQHandler
                0x08000ed8                SPI1_IRQHandler
                0x08000ed8                TIM6_DAC_IRQHandler
                0x08000ed8                TIM1_BRK_TIM9_IRQHandler
                0x08000ed8                DCMI_IRQHandler
                0x08000ed8                CAN2_RX0_IRQHandler
                0x08000ed8                DMA2_Stream3_IRQHandler
                0x08000ed8                USART6_IRQHandler
                0x08000ed8                CRYP_IRQHandler
                0x08000ed8                CAN1_RX1_IRQHandler
                0x08000ed8                UART5_IRQHandler
                0x08000ed8                DMA2_Stream0_IRQHandler
                0x08000ed8                I2C1_EV_IRQHandler
                0x08000ed8                DMA1_Stream6_IRQHandler
                0x08000ed8                DMA1_Stream1_IRQHandler
                0x08000ed8                TIM3_IRQHandler
                0x08000ed8                RCC_IRQHandler
                0x08000ed8                TIM8_BRK_TIM12_IRQHandler
                0x08000ed8                EXTI15_10_IRQHandler
                0x08000ed8                ADC_IRQHandler
                0x08000ed8                DMA1_Stream7_IRQHandler
                0x08000ed8                TIM7_IRQHandler
                0x08000ed8                CAN2_TX_IRQHandler
                0x08000ed8                DMA2_Stream7_IRQHandler
                0x08000ed8                I2C3_EV_IRQHandler
                0x08000ed8                EXTI9_5_IRQHandler
                0x08000ed8                RTC_WKUP_IRQHandler
                0x08000ed8                ETH_WKUP_IRQHandler
                0x08000ed8                SPI2_IRQHandler
                0x08000ed8                OTG_HS_EP1_IN_IRQHandler
                0x08000ed8                MemManage_Handler
                0x08000ed8                DMA1_Stream0_IRQHandler
                0x08000ed8                CAN1_TX_IRQHandler
                0x08000ed8                EXTI4_IRQHandler
                0x08000ed8                FSMC_IRQHandler
                0x08000ed8                ETH_IRQHandler
                0x08000ed8                OTG_HS_EP1_OUT_IRQHandler
                0x08000ed8                WWDG_IRQHandler
                0x08000ed8                OTG_FS_WKUP_IRQHandler
                0x08000ed8                TIM1_TRG_COM_TIM11_IRQHandler
                0x08000ed8                OTG_HS_IRQHandler
                0x08000ed8                EXTI1_IRQHandler
                0x08000ed8                USART2_IRQHandler
                0x08000ed8                I2C2_ER_IRQHandler
                0x08000ed8                DMA2_Stream1_IRQHandler
                0x08000ed8                CAN1_SCE_IRQHandler
                0x08000ed8                FLASH_IRQHandler
                0x08000ed8                DMA2_Stream4_IRQHandler
                0x08000ed8                BusFault_Handler
                0x08000ed8                USART1_IRQHandler
                0x08000ed8                OTG_FS_IRQHandler
                0x08000ed8                SPI3_IRQHandler
                0x08000ed8                DMA1_Stream4_IRQHandler
                0x08000ed8                I2C1_ER_IRQHandler
                0x08000ed8                DMA2_Stream6_IRQHandler
                0x08000ed8                DMA1_Stream3_IRQHandler
 .text.eMBFuncWriteHoldingRegister
                0x08000ee0       0x84 ..\obj\mbfuncholding.o
                0x08000ee0                eMBFuncWriteHoldingRegister
 .text.eMBFuncWriteMultipleHoldingRegister
                0x08000f64       0xdc ..\obj\mbfuncholding.o
                0x08000f64                eMBFuncWriteMultipleHoldingRegister
 .text.eMBFuncReadHoldingRegister
                0x08001040      0x10c ..\obj\mbfuncholding.o
                0x08001040                eMBFuncReadHoldingRegister
 .text.eMBFuncReadWriteMultipleHoldingRegister
                0x0800114c      0x1a0 ..\obj\mbfuncholding.o
                0x0800114c                eMBFuncReadWriteMultipleHoldingRegister
 .text.main     0x080012ec       0x18 ..\obj\main.o
                0x080012ec                main
 .text.vApplicationMallocFailedHook
                0x08001304        0x8 ..\obj\main.o
                0x08001304                vApplicationMallocFailedHook
 .text.vApplicationStackOverflowHook
                0x0800130c        0xc ..\obj\main.o
                0x0800130c                vApplicationStackOverflowHook
 .text.vApplicationIdleHook
                0x08001318       0x18 ..\obj\main.o
                0x08001318                vApplicationIdleHook
 .text.usMBCRC16
                0x08001330       0x90 ..\obj\mbcrc.o
                0x08001330                usMBCRC16
 .text.RCC_GetClocksFreq
                0x080013c0      0x1d4 ..\obj\stm32f4xx_rcc.o
                0x080013c0                RCC_GetClocksFreq
 .text.RCC_AHB1PeriphClockCmd
                0x08001594       0x5c ..\obj\stm32f4xx_rcc.o
                0x08001594                RCC_AHB1PeriphClockCmd
 .text.RCC_APB1PeriphClockCmd
                0x080015f0       0x5c ..\obj\stm32f4xx_rcc.o
                0x080015f0                RCC_APB1PeriphClockCmd
 .text.RCC_APB2PeriphClockCmd
                0x0800164c       0x5c ..\obj\stm32f4xx_rcc.o
                0x0800164c                RCC_APB2PeriphClockCmd
 .text.eMBFuncReadInputRegister
                0x080016a8      0x110 ..\obj\mbfuncinput.o
                0x080016a8                eMBFuncReadInputRegister
 .text.xTaskGenericCreate
                0x080017b8      0x1b8 ..\obj\tasks.o
                0x080017b8                xTaskGenericCreate
 .text.vTaskDelay
                0x08001970       0xa4 ..\obj\tasks.o
                0x08001970                vTaskDelay
 .text.vTaskStartScheduler
                0x08001a14       0x7c ..\obj\tasks.o
                0x08001a14                vTaskStartScheduler
 .text.vTaskSuspendAll
                0x08001a90       0x24 ..\obj\tasks.o
                0x08001a90                vTaskSuspendAll
 .text.xTaskResumeAll
                0x08001ab4      0x178 ..\obj\tasks.o
                0x08001ab4                xTaskResumeAll
 .text.xTaskIncrementTick
                0x08001c2c      0x204 ..\obj\tasks.o
                0x08001c2c                xTaskIncrementTick
 .text.vTaskSwitchContext
                0x08001e30      0x14c ..\obj\tasks.o
                0x08001e30                vTaskSwitchContext
 .text.vTaskPlaceOnEventList
                0x08001f7c       0xb8 ..\obj\tasks.o
                0x08001f7c                vTaskPlaceOnEventList
 .text.xTaskRemoveFromEventList
                0x08002034       0xe0 ..\obj\tasks.o
                0x08002034                xTaskRemoveFromEventList
 .text.vTaskSetTimeOutState
                0x08002114       0x38 ..\obj\tasks.o
                0x08002114                vTaskSetTimeOutState
 .text.xTaskCheckForTimeOut
                0x0800214c       0xb0 ..\obj\tasks.o
                0x0800214c                xTaskCheckForTimeOut
 .text.vTaskMissedYield
                0x080021fc       0x18 ..\obj\tasks.o
                0x080021fc                vTaskMissedYield
 .text.prvIdleTask
                0x08002214       0x24 ..\obj\tasks.o
 .text.prvInitialiseTCBVariables
                0x08002238       0xbc ..\obj\tasks.o
 .text.prvInitialiseTaskLists
                0x080022f4       0xa4 ..\obj\tasks.o
 .text.prvCheckTasksWaitingTermination
                0x08002398       0x98 ..\obj\tasks.o
 .text.prvAddCurrentTaskToDelayedList
                0x08002430       0x8c ..\obj\tasks.o
 .text.prvAllocateTCBAndStack
                0x080024bc       0x7c ..\obj\tasks.o
 .text.prvDeleteTCB
                0x08002538       0x20 ..\obj\tasks.o
 .text.prvResetNextTaskUnblockTime
                0x08002558       0x5c ..\obj\tasks.o
 .text.vTaskPriorityInherit
                0x080025b4      0x148 ..\obj\tasks.o
                0x080025b4                vTaskPriorityInherit
 .text.xTaskPriorityDisinherit
                0x080026fc      0x114 ..\obj\tasks.o
                0x080026fc                xTaskPriorityDisinherit
 .text.pvTaskIncrementMutexHeldCount
                0x08002810       0x38 ..\obj\tasks.o
                0x08002810                pvTaskIncrementMutexHeldCount
 .text.GPIO_Init
                0x08002848      0x158 ..\obj\stm32f4xx_gpio.o
                0x08002848                GPIO_Init
 .text.GPIO_PinAFConfig
                0x080029a0       0xb0 ..\obj\stm32f4xx_gpio.o
                0x080029a0                GPIO_PinAFConfig
 .text.RS485TimersInit
                0x08002a50       0xe0 ..\obj\porttimer.o
                0x08002a50                RS485TimersInit
 .text.RS485TimersEnable
                0x08002b30       0x4c ..\obj\porttimer.o
                0x08002b30                RS485TimersEnable
 .text.RS485TimersDisable
                0x08002b7c       0x4c ..\obj\porttimer.o
                0x08002b7c                RS485TimersDisable
 .text.TIM4_IRQHandler
                0x08002bc8       0x54 ..\obj\porttimer.o
                0x08002bc8                TIM4_IRQHandler
 .text.RS485TimerContextInit
                0x08002c1c       0x7c ..\obj\porttimer.o
                0x08002c1c                RS485TimerContextInit
 .text.RS232TimersInit
                0x08002c98       0xe0 ..\obj\porttimer.o
                0x08002c98                RS232TimersInit
 .text.RS232TimersEnable
                0x08002d78       0x4c ..\obj\porttimer.o
                0x08002d78                RS232TimersEnable
 .text.RS232TimersDisable
                0x08002dc4       0x4c ..\obj\porttimer.o
                0x08002dc4                RS232TimersDisable
 .text.TIM5_IRQHandler
                0x08002e10       0x54 ..\obj\porttimer.o
                0x08002e10                TIM5_IRQHandler
 .text.RS232TimerContextInit
                0x08002e64       0x7c ..\obj\porttimer.o
                0x08002e64                RS232TimerContextInit
 .text.eMBRTUInit
                0x08002ee0       0x88 ..\obj\mbrtu.o
                0x08002ee0                eMBRTUInit
 .text.eMBRTUStart
                0x08002f68       0x38 ..\obj\mbrtu.o
                0x08002f68                eMBRTUStart
 .text.eMBRTUStop
                0x08002fa0       0x30 ..\obj\mbrtu.o
                0x08002fa0                eMBRTUStop
 .text.eMBRTUReceive
                0x08002fd0       0x90 ..\obj\mbrtu.o
                0x08002fd0                eMBRTUReceive
 .text.eMBRTUSend
                0x08003060       0xe8 ..\obj\mbrtu.o
                0x08003060                eMBRTUSend
 .text.xMBRTUReceiveFSM
                0x08003148       0xd0 ..\obj\mbrtu.o
                0x08003148                xMBRTUReceiveFSM
 .text.xMBRTUTransmitFSM
                0x08003218       0xb0 ..\obj\mbrtu.o
                0x08003218                xMBRTUTransmitFSM
 .text.xMBRTUTimerT35Expired
                0x080032c8       0x60 ..\obj\mbrtu.o
                0x080032c8                xMBRTUTimerT35Expired
 .text.vListInitialise
                0x08003328       0x48 ..\obj\list.o
                0x08003328                vListInitialise
 .text.vListInitialiseItem
                0x08003370       0x1c ..\obj\list.o
                0x08003370                vListInitialiseItem
 .text.vListInsertEnd
                0x0800338c       0x48 ..\obj\list.o
                0x0800338c                vListInsertEnd
 .text.vListInsert
                0x080033d4       0x74 ..\obj\list.o
                0x080033d4                vListInsert
 .text.uxListRemove
                0x08003448       0x58 ..\obj\list.o
                0x08003448                uxListRemove
 .text.SystemInit
                0x080034a0       0x94 ..\obj\system_stm32f4xx.o
                0x080034a0                SystemInit
 .text.SetSysClock
                0x08003534      0x110 ..\obj\system_stm32f4xx.o
 .text.pxPortInitialiseStack
                0x08003644       0x64 ..\obj\port.o
                0x08003644                pxPortInitialiseStack
 .text.prvTaskExitError
                0x080036a8       0x20 ..\obj\port.o
 .text.SVC_Handler
                0x080036c8       0x24 ..\obj\port.o
                0x080036c8                SVC_Handler
 .text.prvPortStartFirstTask
                0x080036ec       0x20 ..\obj\port.o
 .text.xPortStartScheduler
                0x0800370c      0x10c ..\obj\port.o
                0x0800370c                xPortStartScheduler
 .text.vPortYield
                0x08003818       0x20 ..\obj\port.o
                0x08003818                vPortYield
 .text.vPortEnterCritical
                0x08003838       0x50 ..\obj\port.o
                0x08003838                vPortEnterCritical
 .text.vPortExitCritical
                0x08003888       0x48 ..\obj\port.o
                0x08003888                vPortExitCritical
 .text.ulPortSetInterruptMask
                0x080038d0       0x14 ..\obj\port.o
                0x080038d0                ulPortSetInterruptMask
 .text.vPortClearInterruptMask
                0x080038e4        0x8 ..\obj\port.o
                0x080038e4                vPortClearInterruptMask
 .text.PendSV_Handler
                0x080038ec       0x44 ..\obj\port.o
                0x080038ec                PendSV_Handler
 .text.SysTick_Handler
                0x08003930       0x2c ..\obj\port.o
                0x08003930                SysTick_Handler
 .text.vPortSetupTimerInterrupt
                0x0800395c       0x28 ..\obj\port.o
                0x0800395c                vPortSetupTimerInterrupt
 .text.vPortValidateInterruptPriority
                0x08003984       0x64 ..\obj\port.o
                0x08003984                vPortValidateInterruptPriority
 .text.xQueueGenericReset
                0x080039e8       0xc0 ..\obj\queue.o
                0x080039e8                xQueueGenericReset
 .text.xQueueGenericCreate
                0x08003aa8       0xa0 ..\obj\queue.o
                0x08003aa8                xQueueGenericCreate
 .text.xQueueGenericSend
                0x08003b48      0x188 ..\obj\queue.o
                0x08003b48                xQueueGenericSend
 .text.xQueueGiveFromISR
                0x08003cd0       0xac ..\obj\queue.o
                0x08003cd0                xQueueGiveFromISR
 .text.xQueueGenericReceive
                0x08003d7c      0x1b8 ..\obj\queue.o
                0x08003d7c                xQueueGenericReceive
 .text.uxQueueMessagesWaiting
                0x08003f34       0x30 ..\obj\queue.o
                0x08003f34                uxQueueMessagesWaiting
 .text.prvCopyDataToQueue
                0x08003f64       0xe8 ..\obj\queue.o
 .text.prvCopyDataFromQueue
                0x0800404c       0x50 ..\obj\queue.o
 .text.prvUnlockQueue
                0x0800409c       0xa0 ..\obj\queue.o
 .text.prvIsQueueEmpty
                0x0800413c       0x34 ..\obj\queue.o
 .text.prvIsQueueFull
                0x08004170       0x38 ..\obj\queue.o
 .text.NVIC_EnableIRQ
                0x080041a8       0x38 ..\obj\portserial.o
 .text.RS485SerialEnable
                0x080041e0      0x194 ..\obj\portserial.o
                0x080041e0                RS485SerialEnable
 .text.RS485SerialInit
                0x08004374      0x178 ..\obj\portserial.o
                0x08004374                RS485SerialInit
 .text.RS485SerialPutByte
                0x080044ec       0x44 ..\obj\portserial.o
                0x080044ec                RS485SerialPutByte
 .text.RS485SerialGetByte
                0x08004530       0x3c ..\obj\portserial.o
                0x08004530                RS485SerialGetByte
 .text.USART3_IRQHandler
                0x0800456c       0xdc ..\obj\portserial.o
                0x0800456c                USART3_IRQHandler
 .text.RS485SerialContextInit
                0x08004648       0x90 ..\obj\portserial.o
                0x08004648                RS485SerialContextInit
 .text.RS232SerialEnable
                0x080046d8       0xb4 ..\obj\portserial.o
                0x080046d8                RS232SerialEnable
 .text.RS232SerialInit
                0x0800478c      0x140 ..\obj\portserial.o
                0x0800478c                RS232SerialInit
 .text.RS232SerialPutByte
                0x080048cc       0x44 ..\obj\portserial.o
                0x080048cc                RS232SerialPutByte
 .text.RS232SerialGetByte
                0x08004910       0x3c ..\obj\portserial.o
                0x08004910                RS232SerialGetByte
 .text.UART4_IRQHandler
                0x0800494c       0xdc ..\obj\portserial.o
                0x0800494c                UART4_IRQHandler
 .text.RS232SerialContextInit
                0x08004a28       0x90 ..\obj\portserial.o
                0x08004a28                RS232SerialContextInit
 .text.eMBFuncReadCoils
                0x08004ab8      0x134 ..\obj\mbfunccoils.o
                0x08004ab8                eMBFuncReadCoils
 .text.eMBFuncWriteCoil
                0x08004bec       0xcc ..\obj\mbfunccoils.o
                0x08004bec                eMBFuncWriteCoil
 .text.eMBFuncWriteMultipleCoils
                0x08004cb8       0xfc ..\obj\mbfunccoils.o
                0x08004cb8                eMBFuncWriteMultipleCoils
 .text.NVIC_EnableIRQ
                0x08004db4       0x38 ..\obj\frequency.o
 .text.FrequencyMeasureInit
                0x08004dec      0x3dc ..\obj\frequency.o
                0x08004dec                FrequencyMeasureInit
 .text.TIM2_IRQHandler
                0x080051c8      0x160 ..\obj\frequency.o
                0x080051c8                TIM2_IRQHandler
 .text.FrequencyCH1Measure_Task
                0x08005328      0x110 ..\obj\frequency.o
 .text.FrequencyCH2Measure_Task
                0x08005438      0x110 ..\obj\frequency.o
 .text.EXTI_GetITStatus
                0x08005548       0x60 ..\obj\stm32f4xx_exti.o
                0x08005548                EXTI_GetITStatus
 .text.EXTI_ClearITPendingBit
                0x080055a8       0x20 ..\obj\stm32f4xx_exti.o
                0x080055a8                EXTI_ClearITPendingBit
 .text.NVIC_PriorityGroupConfig
                0x080055c8       0x28 ..\obj\misc.o
                0x080055c8                NVIC_PriorityGroupConfig
 .text.NVIC_Init
                0x080055f0       0xe8 ..\obj\misc.o
                0x080055f0                NVIC_Init
 .text.pvPortMalloc
                0x080056d8      0x164 ..\obj\heap_2.o
                0x080056d8                pvPortMalloc
 .text.vPortFree
                0x0800583c       0x88 ..\obj\heap_2.o
                0x0800583c                vPortFree
 .text.xPortGetFreeHeapSize
                0x080058c4       0x18 ..\obj\heap_2.o
                0x080058c4                xPortGetFreeHeapSize
 .text.prvHeapInit
                0x080058dc       0x6c ..\obj\heap_2.o
 .text.TIM_TimeBaseInit
                0x08005948       0xf8 ..\obj\stm32f4xx_tim.o
                0x08005948                TIM_TimeBaseInit
 .text.TIM_TimeBaseStructInit
                0x08005a40       0x3c ..\obj\stm32f4xx_tim.o
                0x08005a40                TIM_TimeBaseStructInit
 .text.TIM_SetCounter
                0x08005a7c       0x1c ..\obj\stm32f4xx_tim.o
                0x08005a7c                TIM_SetCounter
 .text.TIM_ARRPreloadConfig
                0x08005a98       0x40 ..\obj\stm32f4xx_tim.o
                0x08005a98                TIM_ARRPreloadConfig
 .text.TIM_Cmd  0x08005ad8       0x40 ..\obj\stm32f4xx_tim.o
                0x08005ad8                TIM_Cmd
 .text.TIM_ICInit
                0x08005b18       0xa8 ..\obj\stm32f4xx_tim.o
                0x08005b18                TIM_ICInit
 .text.TIM_SetIC1Prescaler
                0x08005bc0       0x38 ..\obj\stm32f4xx_tim.o
                0x08005bc0                TIM_SetIC1Prescaler
 .text.TIM_SetIC2Prescaler
                0x08005bf8       0x40 ..\obj\stm32f4xx_tim.o
                0x08005bf8                TIM_SetIC2Prescaler
 .text.TIM_SetIC3Prescaler
                0x08005c38       0x38 ..\obj\stm32f4xx_tim.o
                0x08005c38                TIM_SetIC3Prescaler
 .text.TIM_SetIC4Prescaler
                0x08005c70       0x40 ..\obj\stm32f4xx_tim.o
                0x08005c70                TIM_SetIC4Prescaler
 .text.TIM_ITConfig
                0x08005cb0       0x4c ..\obj\stm32f4xx_tim.o
                0x08005cb0                TIM_ITConfig
 .text.TIM_ClearFlag
                0x08005cfc       0x24 ..\obj\stm32f4xx_tim.o
                0x08005cfc                TIM_ClearFlag
 .text.TIM_ClearITPendingBit
                0x08005d20       0x24 ..\obj\stm32f4xx_tim.o
                0x08005d20                TIM_ClearITPendingBit
 .text.TIM_ETRClockMode2Config
                0x08005d44       0x34 ..\obj\stm32f4xx_tim.o
                0x08005d44                TIM_ETRClockMode2Config
 .text.TIM_ETRConfig
                0x08005d78       0x54 ..\obj\stm32f4xx_tim.o
                0x08005d78                TIM_ETRConfig
 .text.TI1_Config
                0x08005dcc       0x84 ..\obj\stm32f4xx_tim.o
 .text.TI2_Config
                0x08005e50       0xa4 ..\obj\stm32f4xx_tim.o
 .text.TI3_Config
                0x08005ef4       0x94 ..\obj\stm32f4xx_tim.o
 .text.TI4_Config
                0x08005f88       0xac ..\obj\stm32f4xx_tim.o
 .text.NVIC_SystemReset
                0x08006034       0x34 ..\obj\power_detector.o
 .text.PVD_IRQHandler
                0x08006068       0x20 ..\obj\power_detector.o
                0x08006068                PVD_IRQHandler
 .text          0x08006088      0x21c c:/coocox/coide/gcc/sourcery g++ lite/bin/../lib/gcc/arm-none-eabi/4.5.1/thumb2\libgcc.a(_arm_addsubsf3.o)
                0x08006088                __aeabi_frsub
                0x08006090                __subsf3
                0x08006090                __aeabi_fsub
                0x08006094                __aeabi_fadd
                0x08006094                __addsf3
                0x080061f4                __aeabi_ui2f
                0x080061f4                __floatunsisf
                0x080061fc                __aeabi_i2f
                0x080061fc                __floatsisf
                0x08006218                __aeabi_ul2f
                0x08006218                __floatundisf
                0x08006228                __aeabi_l2f
                0x08006228                __floatdisf
 .text          0x080062a4      0x2a0 c:/coocox/coide/gcc/sourcery g++ lite/bin/../lib/gcc/arm-none-eabi/4.5.1/thumb2\libgcc.a(_arm_muldivsf3.o)
                0x080062a4                __mulsf3
                0x080062a4                __aeabi_fmul
                0x0800640c                __aeabi_fdiv
                0x0800640c                __divsf3
 .text          0x08006544       0x58 c:/coocox/coide/gcc/sourcery g++ lite/bin/../lib/gcc/arm-none-eabi/4.5.1/../../../../arm-none-eabi/lib/thumb2\libc.a(lib_a-memcmp.o)
                0x08006544                memcmp
 .text          0x0800659c      0x150 c:/coocox/coide/gcc/sourcery g++ lite/bin/../lib/gcc/arm-none-eabi/4.5.1/../../../../arm-none-eabi/lib/thumb2\libc.a(lib_a-memcpy.o)
                0x0800659c                memcpy
 .text          0x080066ec       0xb4 c:/coocox/coide/gcc/sourcery g++ lite/bin/../lib/gcc/arm-none-eabi/4.5.1/../../../../arm-none-eabi/lib/thumb2\libc.a(lib_a-memset.o)
                0x080066ec                memset
 *(.glue_7t)
 .glue_7t       0x00000000        0x0 linker stubs
 *(.glue_7)
 .glue_7        0x00000000        0x0 linker stubs
 *(.rodata .rodata* .gnu.linkonce.r.*)
 .rodata        0x080067a0       0x20 ..\obj\protocol.o
 .rodata        0x080067c0      0x200 ..\obj\mbcrc.o
 .rodata        0x080069c0       0x1c ..\obj\tasks.o
 .rodata        0x080069dc        0x4 ..\obj\port.o
 .rodata        0x080069e0       0x18 ..\obj\frequency.o
 .rodata        0x080069f8        0x2 ..\obj\heap_2.o

.vfp11_veneer   0x080069fc        0x0 load address 0x080069fa
 .vfp11_veneer  0x00000000        0x0 linker stubs

.v4_bx          0x080069fc        0x0 load address 0x080069fa
 .v4_bx         0x00000000        0x0 linker stubs

.ARM.extab
 *(.ARM.extab* .gnu.linkonce.armextab.*)

.ARM.exidx
 *(.ARM.exidx* .gnu.linkonce.armexidx.*)
                0x080069fc                . = ALIGN (0x4)
                0x080069fc                _etext = .
                0x080069fc                _sidata = .

.data           0x20000000       0xbc load address 0x080069fc
                0x20000000                _sdata = .
 *(.data .data.*)
 .data          0x20000000        0xc ..\obj\mbport.o
                0x20000000                usRegHoldingBuf
                0x20000004                REG_INPUT_START
                0x20000005                REG_HOLDING_START
                0x20000006                REG_INPUT_NREGS
                0x20000007                REG_HOLDING_NREGS
                0x20000008                usRegInputStart
                0x20000009                usRegHoldingStart
 .data          0x2000000c       0x80 ..\obj\mb.o
 .data          0x2000008c       0x10 ..\obj\stm32f4xx_rcc.o
 .data          0x2000009c        0x4 ..\obj\tasks.o
 .data          0x200000a0       0x14 ..\obj\system_stm32f4xx.o
                0x200000a0                SystemCoreClock
                0x200000a4                AHBPrescTable
 .data          0x200000b4        0x4 ..\obj\port.o
 .data          0x200000b8        0x4 ..\obj\heap_2.o
                0x200000bc                . = ALIGN (0x4)
                0x200000bc                _edata = .

.bss            0x200000bc     0x45b8 load address 0x08006ab8
                0x200000bc                _sbss = .
 *(.bss .bss.*)
 .bss           0x200000bc      0x100 ..\obj\mbport.o
 .bss           0x200001bc       0x24 ..\obj\mbfuncother.o
 .bss           0x200001e0       0xfc ..\obj\tasks.o
                0x200001e0                pxCurrentTCB
 .bss           0x200002dc        0x8 ..\obj\porttimer.o
 .bss           0x200002e4        0x8 ..\obj\port.o
 .bss           0x200002ec       0x10 ..\obj\portserial.o
 .bss           0x200002fc       0x1c ..\obj\frequency.o
                0x20000314                xHigherPriorityTaskWoken
 .bss           0x20000318     0x4014 ..\obj\heap_2.o
 *(COMMON)
 COMMON         0x2000432c      0x2e8 ..\obj\protocol.o
                0x2000432c                stContext_RS232
                0x200044a0                stContext_RS485
 COMMON         0x20004614       0x50 ..\obj\watchdog.o
                0x20004614                task_watches
 COMMON         0x20004664       0x10 ..\obj\frequency.o
                0x20004664                xFrequencyResultQueue
                0x2000466c                xFrequencySemaphore
                0x20004674                . = ALIGN (0x4)
                0x20004674                _ebss = .

.co_stack       0x20004674      0x804 load address 0x0800b070
                0x20004678                . = ALIGN (0x8)
 *fill*         0x20004674        0x4 00
 *(.co_stack .co_stack.*)
 .co_stack      0x20004678      0x800 ..\obj\startup_stm32f4xx.o
                0x20004678                pulStack
                0x20004e78                . = ALIGN (0x4)
                0x20004e78                _end = .
LOAD ..\obj\stm32f4xx_syscfg.o
LOAD ..\obj\mbport.o
LOAD ..\obj\mb.o
LOAD ..\obj\protocol.o
LOAD ..\obj\mbfuncdisc.o
LOAD ..\obj\core_cm3.o
LOAD ..\obj\portevent.o
LOAD ..\obj\mbfuncother.o
LOAD ..\obj\stm32f4xx_usart.o
LOAD ..\obj\stm32f4xx_pwr.o
LOAD ..\obj\rtc.o
LOAD ..\obj\mbutils.o
LOAD ..\obj\startup_stm32f4xx.o
LOAD ..\obj\backup_sram.o
LOAD ..\obj\stm32f4xx_iwdg.o
LOAD ..\obj\ADS1120.o
LOAD ..\obj\mbfuncholding.o
LOAD ..\obj\main.o
LOAD ..\obj\mbcrc.o
LOAD ..\obj\stm32f4xx_rcc.o
LOAD ..\obj\timers.o
LOAD ..\obj\mbfuncinput.o
LOAD ..\obj\printf.o
LOAD ..\obj\watchdog.o
LOAD ..\obj\mbfuncdiag.o
LOAD ..\obj\tasks.o
LOAD ..\obj\stm32f4xx_gpio.o
LOAD ..\obj\porttimer.o
LOAD ..\obj\mbrtu.o
LOAD ..\obj\list.o
LOAD ..\obj\system_stm32f4xx.o
LOAD ..\obj\syscalls.o
LOAD ..\obj\port.o
LOAD ..\obj\queue.o
LOAD ..\obj\portserial.o
LOAD ..\obj\croutine.o
LOAD ..\obj\stm32f4xx_spi.o
LOAD ..\obj\mbfunccoils.o
LOAD ..\obj\event_groups.o
LOAD ..\obj\frequency.o
LOAD ..\obj\stm32f4xx_exti.o
LOAD ..\obj\misc.o
LOAD ..\obj\stm32f4xx_rtc.o
LOAD ..\obj\mbascii.o
LOAD ..\obj\heap_2.o
LOAD ..\obj\controller.o
LOAD ..\obj\stm32f4xx_tim.o
LOAD ..\obj\power_detector.o
START GROUP
LOAD c:/coocox/coide/gcc/sourcery g++ lite/bin/../lib/gcc/arm-none-eabi/4.5.1/thumb2\libgcc.a
LOAD c:/coocox/coide/gcc/sourcery g++ lite/bin/../lib/gcc/arm-none-eabi/4.5.1/../../../../arm-none-eabi/lib/thumb2\libc.a
END GROUP
OUTPUT(IMS_CONTROLLER.elf elf32-littlearm)

.debug_abbrev   0x00000000     0x35e0
 .debug_abbrev  0x00000000      0x12a ..\obj\stm32f4xx_syscfg.o
 .debug_abbrev  0x0000012a      0x13e ..\obj\mbport.o
 .debug_abbrev  0x00000268      0x199 ..\obj\mb.o
 .debug_abbrev  0x00000401      0x164 ..\obj\protocol.o
 .debug_abbrev  0x00000565       0xa5 ..\obj\mbfuncdisc.o
 .debug_abbrev  0x0000060a       0xd5 ..\obj\core_cm3.o
 .debug_abbrev  0x000006df       0xc1 ..\obj\portevent.o
 .debug_abbrev  0x000007a0       0xbe ..\obj\mbfuncother.o
 .debug_abbrev  0x0000085e      0x14e ..\obj\stm32f4xx_usart.o
 .debug_abbrev  0x000009ac      0x175 ..\obj\stm32f4xx_pwr.o
 .debug_abbrev  0x00000b21       0xe8 ..\obj\rtc.o
 .debug_abbrev  0x00000c09       0xd2 ..\obj\mbutils.o
 .debug_abbrev  0x00000cdb       0xac ..\obj\startup_stm32f4xx.o
 .debug_abbrev  0x00000d87       0xa7 ..\obj\backup_sram.o
 .debug_abbrev  0x00000e2e       0xfa ..\obj\stm32f4xx_iwdg.o
 .debug_abbrev  0x00000f28      0x17a ..\obj\ADS1120.o
 .debug_abbrev  0x000010a2       0xa5 ..\obj\mbfuncholding.o
 .debug_abbrev  0x00001147       0xc0 ..\obj\main.o
 .debug_abbrev  0x00001207       0x90 ..\obj\mbcrc.o
 .debug_abbrev  0x00001297      0x1b7 ..\obj\stm32f4xx_rcc.o
 .debug_abbrev  0x0000144e       0x28 ..\obj\timers.o
 .debug_abbrev  0x00001476       0xa5 ..\obj\mbfuncinput.o
 .debug_abbrev  0x0000151b      0x238 ..\obj\printf.o
 .debug_abbrev  0x00001753      0x120 ..\obj\watchdog.o
 .debug_abbrev  0x00001873        0x1 ..\obj\mbfuncdiag.o
 .debug_abbrev  0x00001874      0x206 ..\obj\tasks.o
 .debug_abbrev  0x00001a7a      0x182 ..\obj\stm32f4xx_gpio.o
 .debug_abbrev  0x00001bfc      0x1b6 ..\obj\porttimer.o
 .debug_abbrev  0x00001db2      0x180 ..\obj\mbrtu.o
 .debug_abbrev  0x00001f32       0xb8 ..\obj\list.o
 .debug_abbrev  0x00001fea      0x140 ..\obj\system_stm32f4xx.o
 .debug_abbrev  0x0000212a       0xde ..\obj\syscalls.o
 .debug_abbrev  0x00002208      0x186 ..\obj\port.o
 .debug_abbrev  0x0000238e      0x132 ..\obj\queue.o
 .debug_abbrev  0x000024c0      0x203 ..\obj\portserial.o
 .debug_abbrev  0x000026c3      0x17f ..\obj\croutine.o
 .debug_abbrev  0x00002842      0x160 ..\obj\stm32f4xx_spi.o
 .debug_abbrev  0x000029a2       0xb7 ..\obj\mbfunccoils.o
 .debug_abbrev  0x00002a59      0x10f ..\obj\event_groups.o
 .debug_abbrev  0x00002b68      0x1a7 ..\obj\frequency.o
 .debug_abbrev  0x00002d0f      0x198 ..\obj\stm32f4xx_exti.o
 .debug_abbrev  0x00002ea7      0x126 ..\obj\misc.o
 .debug_abbrev  0x00002fcd      0x16b ..\obj\stm32f4xx_rtc.o
 .debug_abbrev  0x00003138       0x4d ..\obj\mbascii.o
 .debug_abbrev  0x00003185      0x15f ..\obj\heap_2.o
 .debug_abbrev  0x000032e4       0x34 ..\obj\controller.o
 .debug_abbrev  0x00003318      0x163 ..\obj\stm32f4xx_tim.o
 .debug_abbrev  0x0000347b      0x165 ..\obj\power_detector.o

.debug_info     0x00000000    0x12d80
 .debug_info    0x00000000      0x27a ..\obj\stm32f4xx_syscfg.o
 .debug_info    0x0000027a      0x3ff ..\obj\mbport.o
 .debug_info    0x00000679      0x9a1 ..\obj\mb.o
 .debug_info    0x0000101a      0x884 ..\obj\protocol.o
 .debug_info    0x0000189e      0x1f9 ..\obj\mbfuncdisc.o
 .debug_info    0x00001a97      0x548 ..\obj\core_cm3.o
 .debug_info    0x00001fdf      0x1c4 ..\obj\portevent.o
 .debug_info    0x000021a3      0x25c ..\obj\mbfuncother.o
 .debug_info    0x000023ff      0xa4f ..\obj\stm32f4xx_usart.o
 .debug_info    0x00002e4e      0x53e ..\obj\stm32f4xx_pwr.o
 .debug_info    0x0000338c      0x253 ..\obj\rtc.o
 .debug_info    0x000035df      0x2d1 ..\obj\mbutils.o
 .debug_info    0x000038b0      0x135 ..\obj\startup_stm32f4xx.o
 .debug_info    0x000039e5      0x11f ..\obj\backup_sram.o
 .debug_info    0x00003b04      0x20b ..\obj\stm32f4xx_iwdg.o
 .debug_info    0x00003d0f      0x6cb ..\obj\ADS1120.o
 .debug_info    0x000043da      0x38e ..\obj\mbfuncholding.o
 .debug_info    0x00004768      0x181 ..\obj\main.o
 .debug_info    0x000048e9      0x13e ..\obj\mbcrc.o
 .debug_info    0x00004a27      0xd24 ..\obj\stm32f4xx_rcc.o
 .debug_info    0x0000574b       0x6f ..\obj\timers.o
 .debug_info    0x000057ba      0x1eb ..\obj\mbfuncinput.o
 .debug_info    0x000059a5      0xed2 ..\obj\printf.o
 .debug_info    0x00006877      0x1ab ..\obj\watchdog.o
 .debug_info    0x00006a22        0x0 ..\obj\mbfuncdiag.o
 .debug_info    0x00006a22     0x12a7 ..\obj\tasks.o
 .debug_info    0x00007cc9      0x639 ..\obj\stm32f4xx_gpio.o
 .debug_info    0x00008302      0xe0c ..\obj\porttimer.o
 .debug_info    0x0000910e      0x7fd ..\obj\mbrtu.o
 .debug_info    0x0000990b      0x2b5 ..\obj\list.o
 .debug_info    0x00009bc0      0x5ea ..\obj\system_stm32f4xx.o
 .debug_info    0x0000a1aa      0x440 ..\obj\syscalls.o
 .debug_info    0x0000a5ea      0x330 ..\obj\port.o
 .debug_info    0x0000a91a      0x9ea ..\obj\queue.o
 .debug_info    0x0000b304     0x1160 ..\obj\portserial.o
 .debug_info    0x0000c464      0x4ec ..\obj\croutine.o
 .debug_info    0x0000c950      0xbcc ..\obj\stm32f4xx_spi.o
 .debug_info    0x0000d51c      0x31e ..\obj\mbfunccoils.o
 .debug_info    0x0000d83a      0x639 ..\obj\event_groups.o
 .debug_info    0x0000de73      0xba4 ..\obj\frequency.o
 .debug_info    0x0000ea17      0x372 ..\obj\stm32f4xx_exti.o
 .debug_info    0x0000ed89      0x594 ..\obj\misc.o
 .debug_info    0x0000f31d     0x1223 ..\obj\stm32f4xx_rtc.o
 .debug_info    0x00010540       0x9b ..\obj\mbascii.o
 .debug_info    0x000105db      0x2e3 ..\obj\heap_2.o
 .debug_info    0x000108be       0x42 ..\obj\controller.o
 .debug_info    0x00010900     0x1e28 ..\obj\stm32f4xx_tim.o
 .debug_info    0x00012728      0x658 ..\obj\power_detector.o

.debug_line     0x00000000     0x94d0
 .debug_line    0x00000000      0x202 ..\obj\stm32f4xx_syscfg.o
 .debug_line    0x00000202      0x357 ..\obj\mbport.o
 .debug_line    0x00000559      0x326 ..\obj\mb.o
 .debug_line    0x0000087f      0x333 ..\obj\protocol.o
 .debug_line    0x00000bb2      0x1ed ..\obj\mbfuncdisc.o
 .debug_line    0x00000d9f      0x28e ..\obj\core_cm3.o
 .debug_line    0x0000102d      0x1d1 ..\obj\portevent.o
 .debug_line    0x000011fe      0x259 ..\obj\mbfuncother.o
 .debug_line    0x00001457      0x49c ..\obj\stm32f4xx_usart.o
 .debug_line    0x000018f3      0x29f ..\obj\stm32f4xx_pwr.o
 .debug_line    0x00001b92      0x279 ..\obj\rtc.o
 .debug_line    0x00001e0b      0x261 ..\obj\mbutils.o
 .debug_line    0x0000206c       0xaf ..\obj\startup_stm32f4xx.o
 .debug_line    0x0000211b      0x1a8 ..\obj\backup_sram.o
 .debug_line    0x000022c3      0x1f9 ..\obj\stm32f4xx_iwdg.o
 .debug_line    0x000024bc      0x3e7 ..\obj\ADS1120.o
 .debug_line    0x000028a3      0x283 ..\obj\mbfuncholding.o
 .debug_line    0x00002b26      0x2ae ..\obj\main.o
 .debug_line    0x00002dd4      0x164 ..\obj\mbcrc.o
 .debug_line    0x00002f38      0x598 ..\obj\stm32f4xx_rcc.o
 .debug_line    0x000034d0       0x1d ..\obj\timers.o
 .debug_line    0x000034ed      0x1e3 ..\obj\mbfuncinput.o
 .debug_line    0x000036d0      0x3cf ..\obj\printf.o
 .debug_line    0x00003a9f      0x257 ..\obj\watchdog.o
 .debug_line    0x00003cf6        0x0 ..\obj\mbfuncdiag.o
 .debug_line    0x00003cf6      0xab6 ..\obj\tasks.o
 .debug_line    0x000047ac      0x337 ..\obj\stm32f4xx_gpio.o
 .debug_line    0x00004ae3      0x3cd ..\obj\porttimer.o
 .debug_line    0x00004eb0      0x293 ..\obj\mbrtu.o
 .debug_line    0x00005143      0x241 ..\obj\list.o
 .debug_line    0x00005384      0x211 ..\obj\system_stm32f4xx.o
 .debug_line    0x00005595      0x19d ..\obj\syscalls.o
 .debug_line    0x00005732      0x30a ..\obj\port.o
 .debug_line    0x00005a3c      0x6fb ..\obj\queue.o
 .debug_line    0x00006137      0x4e1 ..\obj\portserial.o
 .debug_line    0x00006618      0x30d ..\obj\croutine.o
 .debug_line    0x00006925      0x44c ..\obj\stm32f4xx_spi.o
 .debug_line    0x00006d71      0x25b ..\obj\mbfunccoils.o
 .debug_line    0x00006fcc      0x395 ..\obj\event_groups.o
 .debug_line    0x00007361      0x3c7 ..\obj\frequency.o
 .debug_line    0x00007728      0x2a1 ..\obj\stm32f4xx_exti.o
 .debug_line    0x000079c9      0x23d ..\obj\misc.o
 .debug_line    0x00007c06      0x80f ..\obj\stm32f4xx_rtc.o
 .debug_line    0x00008415       0xde ..\obj\mbascii.o
 .debug_line    0x000084f3      0x28b ..\obj\heap_2.o
 .debug_line    0x0000877e       0x80 ..\obj\controller.o
 .debug_line    0x000087fe      0xa71 ..\obj\stm32f4xx_tim.o
 .debug_line    0x0000926f      0x261 ..\obj\power_detector.o

.debug_loc      0x00000000     0x7333
 .debug_loc     0x00000000      0x144 ..\obj\stm32f4xx_syscfg.o
 .debug_loc     0x00000144      0x138 ..\obj\mbport.o
 .debug_loc     0x0000027c      0x150 ..\obj\mb.o
 .debug_loc     0x000003cc       0xa8 ..\obj\protocol.o
 .debug_loc     0x00000474       0x38 ..\obj\mbfuncdisc.o
 .debug_loc     0x000004ac      0x3f0 ..\obj\core_cm3.o
 .debug_loc     0x0000089c       0xa8 ..\obj\portevent.o
 .debug_loc     0x00000944       0x70 ..\obj\mbfuncother.o
 .debug_loc     0x000009b4      0x658 ..\obj\stm32f4xx_usart.o
 .debug_loc     0x0000100c      0x288 ..\obj\stm32f4xx_pwr.o
 .debug_loc     0x00001294       0x38 ..\obj\rtc.o
 .debug_loc     0x000012cc       0xa8 ..\obj\mbutils.o
 .debug_loc     0x00001374       0x64 ..\obj\startup_stm32f4xx.o
 .debug_loc     0x000013d8       0x64 ..\obj\backup_sram.o
 .debug_loc     0x0000143c      0x138 ..\obj\stm32f4xx_iwdg.o
 .debug_loc     0x00001574      0x144 ..\obj\ADS1120.o
 .debug_loc     0x000016b8       0xe0 ..\obj\mbfuncholding.o
 .debug_loc     0x00001798      0x100 ..\obj\main.o
 .debug_loc     0x00001898       0x38 ..\obj\mbcrc.o
 .debug_loc     0x000018d0      0x97c ..\obj\stm32f4xx_rcc.o
 .debug_loc     0x0000224c       0x38 ..\obj\mbfuncinput.o
 .debug_loc     0x00002284      0x3ea ..\obj\printf.o
 .debug_loc     0x0000266e       0x70 ..\obj\watchdog.o
 .debug_loc     0x000026de      0x92c ..\obj\tasks.o
 .debug_loc     0x0000300a      0x310 ..\obj\stm32f4xx_gpio.o
 .debug_loc     0x0000331a      0x1e8 ..\obj\porttimer.o
 .debug_loc     0x00003502      0x1c0 ..\obj\mbrtu.o
 .debug_loc     0x000036c2      0x118 ..\obj\list.o
 .debug_loc     0x000037da       0x9c ..\obj\system_stm32f4xx.o
 .debug_loc     0x00003876      0x1ec ..\obj\syscalls.o
 .debug_loc     0x00003a62      0x1dc ..\obj\port.o
 .debug_loc     0x00003c3e      0x460 ..\obj\queue.o
 .debug_loc     0x0000409e      0x2c0 ..\obj\portserial.o
 .debug_loc     0x0000435e      0x188 ..\obj\croutine.o
 .debug_loc     0x000044e6      0x578 ..\obj\stm32f4xx_spi.o
 .debug_loc     0x00004a5e       0xa8 ..\obj\mbfunccoils.o
 .debug_loc     0x00004b06      0x230 ..\obj\event_groups.o
 .debug_loc     0x00004d36      0x10d ..\obj\frequency.o
 .debug_loc     0x00004e43      0x1b4 ..\obj\stm32f4xx_exti.o
 .debug_loc     0x00004ff7      0x118 ..\obj\misc.o
 .debug_loc     0x0000510f      0xc48 ..\obj\stm32f4xx_rtc.o
 .debug_loc     0x00005d57      0x100 ..\obj\heap_2.o
 .debug_loc     0x00005e57       0x2c ..\obj\controller.o
 .debug_loc     0x00005e83     0x1420 ..\obj\stm32f4xx_tim.o
 .debug_loc     0x000072a3       0x90 ..\obj\power_detector.o

.debug_pubnames
                0x00000000     0x304c
 .debug_pubnames
                0x00000000       0xc3 ..\obj\stm32f4xx_syscfg.o
 .debug_pubnames
                0x000000c3      0x126 ..\obj\mbport.o
 .debug_pubnames
                0x000001e9       0x66 ..\obj\mb.o
 .debug_pubnames
                0x0000024f       0x4c ..\obj\protocol.o
 .debug_pubnames
                0x0000029b       0x30 ..\obj\mbfuncdisc.o
 .debug_pubnames
                0x000002cb      0x159 ..\obj\core_cm3.o
 .debug_pubnames
                0x00000424       0x50 ..\obj\portevent.o
 .debug_pubnames
                0x00000474       0x3d ..\obj\mbfuncother.o
 .debug_pubnames
                0x000004b1      0x294 ..\obj\stm32f4xx_usart.o
 .debug_pubnames
                0x00000745      0x120 ..\obj\stm32f4xx_pwr.o
 .debug_pubnames
                0x00000865       0x46 ..\obj\rtc.o
 .debug_pubnames
                0x000008ab       0x52 ..\obj\mbutils.o
 .debug_pubnames
                0x000008fd       0x4a ..\obj\startup_stm32f4xx.o
 .debug_pubnames
                0x00000947       0x41 ..\obj\backup_sram.o
 .debug_pubnames
                0x00000988       0x91 ..\obj\stm32f4xx_iwdg.o
 .debug_pubnames
                0x00000a19       0x9f ..\obj\ADS1120.o
 .debug_pubnames
                0x00000ab8       0xa5 ..\obj\mbfuncholding.o
 .debug_pubnames
                0x00000b5d       0x90 ..\obj\main.o
 .debug_pubnames
                0x00000bed       0x20 ..\obj\mbcrc.o
 .debug_pubnames
                0x00000c0d      0x417 ..\obj\stm32f4xx_rcc.o
 .debug_pubnames
                0x00001024       0x2f ..\obj\mbfuncinput.o
 .debug_pubnames
                0x00001053      0x101 ..\obj\printf.o
 .debug_pubnames
                0x00001154       0x35 ..\obj\watchdog.o
 .debug_pubnames
                0x00001189      0x350 ..\obj\tasks.o
 .debug_pubnames
                0x000014d9      0x12d ..\obj\stm32f4xx_gpio.o
 .debug_pubnames
                0x00001606       0xf0 ..\obj\porttimer.o
 .debug_pubnames
                0x000016f6       0xa6 ..\obj\mbrtu.o
 .debug_pubnames
                0x0000179c       0x72 ..\obj\list.o
 .debug_pubnames
                0x0000180e       0x61 ..\obj\system_stm32f4xx.o
 .debug_pubnames
                0x0000186f       0x71 ..\obj\syscalls.o
 .debug_pubnames
                0x000018e0      0x144 ..\obj\port.o
 .debug_pubnames
                0x00001a24      0x18c ..\obj\queue.o
 .debug_pubnames
                0x00001bb0      0x123 ..\obj\portserial.o
 .debug_pubnames
                0x00001cd3       0x96 ..\obj\croutine.o
 .debug_pubnames
                0x00001d69      0x221 ..\obj\stm32f4xx_spi.o
 .debug_pubnames
                0x00001f8a       0x5a ..\obj\mbfunccoils.o
 .debug_pubnames
                0x00001fe4       0xf8 ..\obj\event_groups.o
 .debug_pubnames
                0x000020dc       0x8e ..\obj\frequency.o
 .debug_pubnames
                0x0000216a       0xbb ..\obj\stm32f4xx_exti.o
 .debug_pubnames
                0x00002225       0x89 ..\obj\misc.o
 .debug_pubnames
                0x000022ae      0x514 ..\obj\stm32f4xx_rtc.o
 .debug_pubnames
                0x000027c2       0x64 ..\obj\heap_2.o
 .debug_pubnames
                0x00002826       0x25 ..\obj\controller.o
 .debug_pubnames
                0x0000284b      0x7c4 ..\obj\stm32f4xx_tim.o
 .debug_pubnames
                0x0000300f       0x3d ..\obj\power_detector.o

.debug_pubtypes
                0x00000000     0x2169
 .debug_pubtypes
                0x00000000       0x6d ..\obj\stm32f4xx_syscfg.o
 .debug_pubtypes
                0x0000006d       0xa1 ..\obj\mbport.o
 .debug_pubtypes
                0x0000010e      0x17e ..\obj\mb.o
 .debug_pubtypes
                0x0000028c      0x16e ..\obj\protocol.o
 .debug_pubtypes
                0x000003fa       0x6e ..\obj\mbfuncdisc.o
 .debug_pubtypes
                0x00000468       0x50 ..\obj\core_cm3.o
 .debug_pubtypes
                0x000004b8       0x52 ..\obj\portevent.o
 .debug_pubtypes
                0x0000050a       0x82 ..\obj\mbfuncother.o
 .debug_pubtypes
                0x0000058c       0xcd ..\obj\stm32f4xx_usart.o
 .debug_pubtypes
                0x00000659       0x84 ..\obj\stm32f4xx_pwr.o
 .debug_pubtypes
                0x000006dd       0x83 ..\obj\rtc.o
 .debug_pubtypes
                0x00000760       0x79 ..\obj\mbutils.o
 .debug_pubtypes
                0x000007d9       0x37 ..\obj\backup_sram.o
 .debug_pubtypes
                0x00000810       0x64 ..\obj\stm32f4xx_iwdg.o
 .debug_pubtypes
                0x00000874      0x12b ..\obj\ADS1120.o
 .debug_pubtypes
                0x0000099f       0x6e ..\obj\mbfuncholding.o
 .debug_pubtypes
                0x00000a0d       0x49 ..\obj\main.o
 .debug_pubtypes
                0x00000a56       0x40 ..\obj\mbcrc.o
 .debug_pubtypes
                0x00000a96       0xaa ..\obj\stm32f4xx_rcc.o
 .debug_pubtypes
                0x00000b40       0x12 ..\obj\timers.o
 .debug_pubtypes
                0x00000b52       0x6e ..\obj\mbfuncinput.o
 .debug_pubtypes
                0x00000bc0      0x139 ..\obj\printf.o
 .debug_pubtypes
                0x00000cf9       0x63 ..\obj\watchdog.o
 .debug_pubtypes
                0x00000d5c      0x191 ..\obj\tasks.o
 .debug_pubtypes
                0x00000eed       0xce ..\obj\stm32f4xx_gpio.o
 .debug_pubtypes
                0x00000fbb      0x1ad ..\obj\porttimer.o
 .debug_pubtypes
                0x00001168      0x115 ..\obj\mbrtu.o
 .debug_pubtypes
                0x0000127d       0x98 ..\obj\list.o
 .debug_pubtypes
                0x00001315       0x73 ..\obj\system_stm32f4xx.o
 .debug_pubtypes
                0x00001388       0xaa ..\obj\syscalls.o
 .debug_pubtypes
                0x00001432       0x7c ..\obj\port.o
 .debug_pubtypes
                0x000014ae      0x122 ..\obj\queue.o
 .debug_pubtypes
                0x000015d0      0x257 ..\obj\portserial.o
 .debug_pubtypes
                0x00001827      0x107 ..\obj\croutine.o
 .debug_pubtypes
                0x0000192e       0xbc ..\obj\stm32f4xx_spi.o
 .debug_pubtypes
                0x000019ea       0x6e ..\obj\mbfunccoils.o
 .debug_pubtypes
                0x00001a58       0xf9 ..\obj\event_groups.o
 .debug_pubtypes
                0x00001b51      0x1ba ..\obj\frequency.o
 .debug_pubtypes
                0x00001d0b       0xae ..\obj\stm32f4xx_exti.o
 .debug_pubtypes
                0x00001db9       0x8c ..\obj\misc.o
 .debug_pubtypes
                0x00001e45       0xd8 ..\obj\stm32f4xx_rtc.o
 .debug_pubtypes
                0x00001f1d       0x1e ..\obj\mbascii.o
 .debug_pubtypes
                0x00001f3b       0x73 ..\obj\heap_2.o
 .debug_pubtypes
                0x00001fae       0x12 ..\obj\controller.o
 .debug_pubtypes
                0x00001fc0       0xe4 ..\obj\stm32f4xx_tim.o
 .debug_pubtypes
                0x000020a4       0xc5 ..\obj\power_detector.o

.debug_aranges  0x00000000     0x1540
 .debug_aranges
                0x00000000       0x48 ..\obj\stm32f4xx_syscfg.o
 .debug_aranges
                0x00000048       0x48 ..\obj\mbport.o
 .debug_aranges
                0x00000090       0x48 ..\obj\mb.o
 .debug_aranges
                0x000000d8       0x30 ..\obj\protocol.o
 .debug_aranges
                0x00000108       0x20 ..\obj\mbfuncdisc.o
 .debug_aranges
                0x00000128       0xc8 ..\obj\core_cm3.o
 .debug_aranges
                0x000001f0       0x30 ..\obj\portevent.o
 .debug_aranges
                0x00000220       0x28 ..\obj\mbfuncother.o
 .debug_aranges
                0x00000248      0x100 ..\obj\stm32f4xx_usart.o
 .debug_aranges
                0x00000348       0x78 ..\obj\stm32f4xx_pwr.o
 .debug_aranges
                0x000003c0       0x20 ..\obj\rtc.o
 .debug_aranges
                0x000003e0       0x30 ..\obj\mbutils.o
 .debug_aranges
                0x00000410       0x28 ..\obj\startup_stm32f4xx.o
 .debug_aranges
                0x00000438       0x28 ..\obj\backup_sram.o
 .debug_aranges
                0x00000460       0x48 ..\obj\stm32f4xx_iwdg.o
 .debug_aranges
                0x000004a8       0x48 ..\obj\ADS1120.o
 .debug_aranges
                0x000004f0       0x38 ..\obj\mbfuncholding.o
 .debug_aranges
                0x00000528       0x40 ..\obj\main.o
 .debug_aranges
                0x00000568       0x20 ..\obj\mbcrc.o
 .debug_aranges
                0x00000588      0x178 ..\obj\stm32f4xx_rcc.o
 .debug_aranges
                0x00000700       0x20 ..\obj\mbfuncinput.o
 .debug_aranges
                0x00000720       0xa0 ..\obj\printf.o
 .debug_aranges
                0x000007c0       0x28 ..\obj\watchdog.o
 .debug_aranges
                0x000007e8      0x170 ..\obj\tasks.o
 .debug_aranges
                0x00000958       0x88 ..\obj\stm32f4xx_gpio.o
 .debug_aranges
                0x000009e0       0x68 ..\obj\porttimer.o
 .debug_aranges
                0x00000a48       0x58 ..\obj\mbrtu.o
 .debug_aranges
                0x00000aa0       0x40 ..\obj\list.o
 .debug_aranges
                0x00000ae0       0x30 ..\obj\system_stm32f4xx.o
 .debug_aranges
                0x00000b10       0x60 ..\obj\syscalls.o
 .debug_aranges
                0x00000b70       0x90 ..\obj\port.o
 .debug_aranges
                0x00000c00       0xb8 ..\obj\queue.o
 .debug_aranges
                0x00000cb8       0x80 ..\obj\portserial.o
 .debug_aranges
                0x00000d38       0x50 ..\obj\croutine.o
 .debug_aranges
                0x00000d88       0xe0 ..\obj\stm32f4xx_spi.o
 .debug_aranges
                0x00000e68       0x30 ..\obj\mbfunccoils.o
 .debug_aranges
                0x00000e98       0x68 ..\obj\event_groups.o
 .debug_aranges
                0x00000f00       0x40 ..\obj\frequency.o
 .debug_aranges
                0x00000f40       0x58 ..\obj\stm32f4xx_exti.o
 .debug_aranges
                0x00000f98       0x40 ..\obj\misc.o
 .debug_aranges
                0x00000fd8      0x1e0 ..\obj\stm32f4xx_rtc.o
 .debug_aranges
                0x000011b8       0x40 ..\obj\heap_2.o
 .debug_aranges
                0x000011f8       0x20 ..\obj\controller.o
 .debug_aranges
                0x00001218      0x2f8 ..\obj\stm32f4xx_tim.o
 .debug_aranges
                0x00001510       0x30 ..\obj\power_detector.o

.debug_ranges   0x00000000     0x1270
 .debug_ranges  0x00000000       0x38 ..\obj\stm32f4xx_syscfg.o
 .debug_ranges  0x00000038       0x38 ..\obj\mbport.o
 .debug_ranges  0x00000070       0x38 ..\obj\mb.o
 .debug_ranges  0x000000a8       0x20 ..\obj\protocol.o
 .debug_ranges  0x000000c8       0x10 ..\obj\mbfuncdisc.o
 .debug_ranges  0x000000d8       0xb8 ..\obj\core_cm3.o
 .debug_ranges  0x00000190       0x20 ..\obj\portevent.o
 .debug_ranges  0x000001b0       0x18 ..\obj\mbfuncother.o
 .debug_ranges  0x000001c8       0xf0 ..\obj\stm32f4xx_usart.o
 .debug_ranges  0x000002b8       0x68 ..\obj\stm32f4xx_pwr.o
 .debug_ranges  0x00000320       0x10 ..\obj\rtc.o
 .debug_ranges  0x00000330       0x20 ..\obj\mbutils.o
 .debug_ranges  0x00000350       0x18 ..\obj\startup_stm32f4xx.o
 .debug_ranges  0x00000368       0x18 ..\obj\backup_sram.o
 .debug_ranges  0x00000380       0x38 ..\obj\stm32f4xx_iwdg.o
 .debug_ranges  0x000003b8       0x38 ..\obj\ADS1120.o
 .debug_ranges  0x000003f0       0x28 ..\obj\mbfuncholding.o
 .debug_ranges  0x00000418       0x30 ..\obj\main.o
 .debug_ranges  0x00000448       0x10 ..\obj\mbcrc.o
 .debug_ranges  0x00000458      0x168 ..\obj\stm32f4xx_rcc.o
 .debug_ranges  0x000005c0       0x10 ..\obj\mbfuncinput.o
 .debug_ranges  0x000005d0       0x90 ..\obj\printf.o
 .debug_ranges  0x00000660       0x18 ..\obj\watchdog.o
 .debug_ranges  0x00000678      0x160 ..\obj\tasks.o
 .debug_ranges  0x000007d8       0x78 ..\obj\stm32f4xx_gpio.o
 .debug_ranges  0x00000850       0x58 ..\obj\porttimer.o
 .debug_ranges  0x000008a8       0x48 ..\obj\mbrtu.o
 .debug_ranges  0x000008f0       0x30 ..\obj\list.o
 .debug_ranges  0x00000920       0x20 ..\obj\system_stm32f4xx.o
 .debug_ranges  0x00000940       0x50 ..\obj\syscalls.o
 .debug_ranges  0x00000990       0x80 ..\obj\port.o
 .debug_ranges  0x00000a10       0xa8 ..\obj\queue.o
 .debug_ranges  0x00000ab8       0x70 ..\obj\portserial.o
 .debug_ranges  0x00000b28       0x40 ..\obj\croutine.o
 .debug_ranges  0x00000b68       0xd0 ..\obj\stm32f4xx_spi.o
 .debug_ranges  0x00000c38       0x20 ..\obj\mbfunccoils.o
 .debug_ranges  0x00000c58       0x58 ..\obj\event_groups.o
 .debug_ranges  0x00000cb0       0x30 ..\obj\frequency.o
 .debug_ranges  0x00000ce0       0x48 ..\obj\stm32f4xx_exti.o
 .debug_ranges  0x00000d28       0x30 ..\obj\misc.o
 .debug_ranges  0x00000d58      0x1d0 ..\obj\stm32f4xx_rtc.o
 .debug_ranges  0x00000f28       0x30 ..\obj\heap_2.o
 .debug_ranges  0x00000f58       0x10 ..\obj\controller.o
 .debug_ranges  0x00000f68      0x2e8 ..\obj\stm32f4xx_tim.o
 .debug_ranges  0x00001250       0x20 ..\obj\power_detector.o

.debug_str      0x00000000     0x6fcf
 .debug_str     0x00000000      0x21d ..\obj\stm32f4xx_syscfg.o
                                0x26a (size before relaxing)
 .debug_str     0x0000021d      0x24f ..\obj\mbport.o
                                0x312 (size before relaxing)
 .debug_str     0x0000046c      0x5d4 ..\obj\mb.o
                                0x785 (size before relaxing)
 .debug_str     0x00000a40      0x1c9 ..\obj\protocol.o
                                0x821 (size before relaxing)
 .debug_str     0x00000c09       0xc3 ..\obj\mbfuncdisc.o
                                0x2e3 (size before relaxing)
 .debug_str     0x00000ccc      0x173 ..\obj\core_cm3.o
                                0x23a (size before relaxing)
 .debug_str     0x00000e3f       0x9a ..\obj\portevent.o
                                0x1c1 (size before relaxing)
 .debug_str     0x00000ed9       0xd8 ..\obj\mbfuncother.o
                                0x30c (size before relaxing)
 .debug_str     0x00000fb1      0x4e4 ..\obj\stm32f4xx_usart.o
                                0x5fa (size before relaxing)
 .debug_str     0x00001495      0x1e9 ..\obj\stm32f4xx_pwr.o
                                0x2fc (size before relaxing)
 .debug_str     0x0000167e      0x139 ..\obj\rtc.o
                                0x242 (size before relaxing)
 .debug_str     0x000017b7       0xf9 ..\obj\mbutils.o
                                0x320 (size before relaxing)
 .debug_str     0x000018b0       0xbe ..\obj\startup_stm32f4xx.o
                                 0xe9 (size before relaxing)
 .debug_str     0x0000196e       0x99 ..\obj\backup_sram.o
                                0x15e (size before relaxing)
 .debug_str     0x00001a07       0xf6 ..\obj\stm32f4xx_iwdg.o
                                0x1d7 (size before relaxing)
 .debug_str     0x00001afd      0x3b1 ..\obj\ADS1120.o
                                0x61d (size before relaxing)
 .debug_str     0x00001eae      0x155 ..\obj\mbfuncholding.o
                                0x3c1 (size before relaxing)
 .debug_str     0x00002003       0xd6 ..\obj\main.o
                                0x1ab (size before relaxing)
 .debug_str     0x000020d9       0x77 ..\obj\mbcrc.o
                                0x144 (size before relaxing)
 .debug_str     0x00002150      0x5eb ..\obj\stm32f4xx_rcc.o
                                0x7bb (size before relaxing)
 .debug_str     0x0000273b       0x56 ..\obj\timers.o
                                 0xeb (size before relaxing)
 .debug_str     0x00002791       0x79 ..\obj\mbfuncinput.o
                                0x2d7 (size before relaxing)
 .debug_str     0x0000280a      0x49c ..\obj\printf.o
                                0x5fc (size before relaxing)
 .debug_str     0x00002ca6       0x7c ..\obj\watchdog.o
                                0x19b (size before relaxing)
 .debug_str     0x00002d22      0xa43 ..\obj\tasks.o
                                0xb93 (size before relaxing)
 .debug_str     0x00003765      0x194 ..\obj\stm32f4xx_gpio.o
                                0x40e (size before relaxing)
 .debug_str     0x000038f9      0x7e5 ..\obj\porttimer.o
                                0xeb5 (size before relaxing)
 .debug_str     0x000040de      0x121 ..\obj\mbrtu.o
                                0x557 (size before relaxing)
 .debug_str     0x000041ff       0xe8 ..\obj\list.o
                                0x231 (size before relaxing)
 .debug_str     0x000042e7       0xb6 ..\obj\system_stm32f4xx.o
                                0x309 (size before relaxing)
 .debug_str     0x0000439d      0x158 ..\obj\syscalls.o
                                0x27c (size before relaxing)
 .debug_str     0x000044f5      0x263 ..\obj\port.o
                                0x360 (size before relaxing)
 .debug_str     0x00004758      0x353 ..\obj\queue.o
                                0x576 (size before relaxing)
 .debug_str     0x00004aab      0x1b3 ..\obj\portserial.o
                               0x1078 (size before relaxing)
 .debug_str     0x00004c5e      0x28c ..\obj\croutine.o
                                0x455 (size before relaxing)
 .debug_str     0x00004eea      0x30b ..\obj\stm32f4xx_spi.o
                                0x5f5 (size before relaxing)
 .debug_str     0x000051f5       0xd6 ..\obj\mbfunccoils.o
                                0x34b (size before relaxing)
 .debug_str     0x000052cb      0x2a5 ..\obj\event_groups.o
                                0x452 (size before relaxing)
 .debug_str     0x00005570      0x189 ..\obj\frequency.o
                                0xbaf (size before relaxing)
 .debug_str     0x000056f9      0x1db ..\obj\stm32f4xx_exti.o
                                0x2d9 (size before relaxing)
 .debug_str     0x000058d4      0x137 ..\obj\misc.o
                                0x344 (size before relaxing)
 .debug_str     0x00005a0b      0x893 ..\obj\stm32f4xx_rtc.o
                                0xabe (size before relaxing)
 .debug_str     0x0000629e       0x58 ..\obj\mbascii.o
                                0x102 (size before relaxing)
 .debug_str     0x000062f6      0x19b ..\obj\heap_2.o
                                0x284 (size before relaxing)
 .debug_str     0x00006491       0x61 ..\obj\controller.o
                                 0x73 (size before relaxing)
 .debug_str     0x000064f2      0xa3a ..\obj\stm32f4xx_tim.o
                                0xd3b (size before relaxing)
 .debug_str     0x00006f2c       0xa3 ..\obj\power_detector.o
                                0x838 (size before relaxing)

.comment        0x00000000       0x2a
 .comment       0x00000000       0x2a ..\obj\stm32f4xx_syscfg.o
                                 0x2b (size before relaxing)
 .comment       0x00000000       0x2b ..\obj\mbport.o
 .comment       0x00000000       0x2b ..\obj\mb.o
 .comment       0x00000000       0x2b ..\obj\protocol.o
 .comment       0x00000000       0x2b ..\obj\mbfuncdisc.o
 .comment       0x00000000       0x2b ..\obj\core_cm3.o
 .comment       0x00000000       0x2b ..\obj\portevent.o
 .comment       0x00000000       0x2b ..\obj\mbfuncother.o
 .comment       0x00000000       0x2b ..\obj\stm32f4xx_usart.o
 .comment       0x00000000       0x2b ..\obj\stm32f4xx_pwr.o
 .comment       0x00000000       0x2b ..\obj\rtc.o
 .comment       0x00000000       0x2b ..\obj\mbutils.o
 .comment       0x00000000       0x2b ..\obj\startup_stm32f4xx.o
 .comment       0x00000000       0x2b ..\obj\backup_sram.o
 .comment       0x00000000       0x2b ..\obj\stm32f4xx_iwdg.o
 .comment       0x00000000       0x2b ..\obj\ADS1120.o
 .comment       0x00000000       0x2b ..\obj\mbfuncholding.o
 .comment       0x00000000       0x2b ..\obj\main.o
 .comment       0x00000000       0x2b ..\obj\mbcrc.o
 .comment       0x00000000       0x2b ..\obj\stm32f4xx_rcc.o
 .comment       0x00000000       0x2b ..\obj\timers.o
 .comment       0x00000000       0x2b ..\obj\mbfuncinput.o
 .comment       0x00000000       0x2b ..\obj\printf.o
 .comment       0x00000000       0x2b ..\obj\watchdog.o
 .comment       0x00000000       0x2b ..\obj\mbfuncdiag.o
 .comment       0x00000000       0x2b ..\obj\tasks.o
 .comment       0x00000000       0x2b ..\obj\stm32f4xx_gpio.o
 .comment       0x00000000       0x2b ..\obj\porttimer.o
 .comment       0x00000000       0x2b ..\obj\mbrtu.o
 .comment       0x00000000       0x2b ..\obj\list.o
 .comment       0x00000000       0x2b ..\obj\system_stm32f4xx.o
 .comment       0x00000000       0x2b ..\obj\syscalls.o
 .comment       0x00000000       0x2b ..\obj\port.o
 .comment       0x00000000       0x2b ..\obj\queue.o
 .comment       0x00000000       0x2b ..\obj\portserial.o
 .comment       0x00000000       0x2b ..\obj\croutine.o
 .comment       0x00000000       0x2b ..\obj\stm32f4xx_spi.o
 .comment       0x00000000       0x2b ..\obj\mbfunccoils.o
 .comment       0x00000000       0x2b ..\obj\event_groups.o
 .comment       0x00000000       0x2b ..\obj\frequency.o
 .comment       0x00000000       0x2b ..\obj\stm32f4xx_exti.o
 .comment       0x00000000       0x2b ..\obj\misc.o
 .comment       0x00000000       0x2b ..\obj\stm32f4xx_rtc.o
 .comment       0x00000000       0x2b ..\obj\mbascii.o
 .comment       0x00000000       0x2b ..\obj\heap_2.o
 .comment       0x00000000       0x2b ..\obj\controller.o
 .comment       0x00000000       0x2b ..\obj\stm32f4xx_tim.o
 .comment       0x00000000       0x2b ..\obj\power_detector.o

.ARM.attributes
                0x00000000       0x31
 .ARM.attributes
                0x00000000       0x31 ..\obj\stm32f4xx_syscfg.o
 .ARM.attributes
                0x00000031       0x31 ..\obj\mbport.o
 .ARM.attributes
                0x00000062       0x31 ..\obj\mb.o
 .ARM.attributes
                0x00000093       0x31 ..\obj\protocol.o
 .ARM.attributes
                0x000000c4       0x31 ..\obj\mbfuncdisc.o
 .ARM.attributes
                0x000000f5       0x31 ..\obj\core_cm3.o
 .ARM.attributes
                0x00000126       0x31 ..\obj\portevent.o
 .ARM.attributes
                0x00000157       0x31 ..\obj\mbfuncother.o
 .ARM.attributes
                0x00000188       0x31 ..\obj\stm32f4xx_usart.o
 .ARM.attributes
                0x000001b9       0x31 ..\obj\stm32f4xx_pwr.o
 .ARM.attributes
                0x000001ea       0x31 ..\obj\rtc.o
 .ARM.attributes
                0x0000021b       0x31 ..\obj\mbutils.o
 .ARM.attributes
                0x0000024c       0x31 ..\obj\startup_stm32f4xx.o
 .ARM.attributes
                0x0000027d       0x31 ..\obj\backup_sram.o
 .ARM.attributes
                0x000002ae       0x31 ..\obj\stm32f4xx_iwdg.o
 .ARM.attributes
                0x000002df       0x31 ..\obj\ADS1120.o
 .ARM.attributes
                0x00000310       0x31 ..\obj\mbfuncholding.o
 .ARM.attributes
                0x00000341       0x31 ..\obj\main.o
 .ARM.attributes
                0x00000372       0x31 ..\obj\mbcrc.o
 .ARM.attributes
                0x000003a3       0x31 ..\obj\stm32f4xx_rcc.o
 .ARM.attributes
                0x000003d4       0x31 ..\obj\timers.o
 .ARM.attributes
                0x00000405       0x31 ..\obj\mbfuncinput.o
 .ARM.attributes
                0x00000436       0x31 ..\obj\printf.o
 .ARM.attributes
                0x00000467       0x31 ..\obj\watchdog.o
 .ARM.attributes
                0x00000498       0x31 ..\obj\mbfuncdiag.o
 .ARM.attributes
                0x000004c9       0x31 ..\obj\tasks.o
 .ARM.attributes
                0x000004fa       0x31 ..\obj\stm32f4xx_gpio.o
 .ARM.attributes
                0x0000052b       0x31 ..\obj\porttimer.o
 .ARM.attributes
                0x0000055c       0x31 ..\obj\mbrtu.o
 .ARM.attributes
                0x0000058d       0x31 ..\obj\list.o
 .ARM.attributes
                0x000005be       0x31 ..\obj\system_stm32f4xx.o
 .ARM.attributes
                0x000005ef       0x31 ..\obj\syscalls.o
 .ARM.attributes
                0x00000620       0x31 ..\obj\port.o
 .ARM.attributes
                0x00000651       0x31 ..\obj\queue.o
 .ARM.attributes
                0x00000682       0x31 ..\obj\portserial.o
 .ARM.attributes
                0x000006b3       0x31 ..\obj\croutine.o
 .ARM.attributes
                0x000006e4       0x31 ..\obj\stm32f4xx_spi.o
 .ARM.attributes
                0x00000715       0x31 ..\obj\mbfunccoils.o
 .ARM.attributes
                0x00000746       0x31 ..\obj\event_groups.o
 .ARM.attributes
                0x00000777       0x31 ..\obj\frequency.o
 .ARM.attributes
                0x000007a8       0x31 ..\obj\stm32f4xx_exti.o
 .ARM.attributes
                0x000007d9       0x31 ..\obj\misc.o
 .ARM.attributes
                0x0000080a       0x31 ..\obj\stm32f4xx_rtc.o
 .ARM.attributes
                0x0000083b       0x31 ..\obj\mbascii.o
 .ARM.attributes
                0x0000086c       0x31 ..\obj\heap_2.o
 .ARM.attributes
                0x0000089d       0x31 ..\obj\controller.o
 .ARM.attributes
                0x000008ce       0x31 ..\obj\stm32f4xx_tim.o
 .ARM.attributes
                0x000008ff       0x31 ..\obj\power_detector.o
 .ARM.attributes
                0x00000930       0x1b c:/coocox/coide/gcc/sourcery g++ lite/bin/../lib/gcc/arm-none-eabi/4.5.1/thumb2\libgcc.a(_arm_addsubdf3.o)
 .ARM.attributes
                0x0000094b       0x1b c:/coocox/coide/gcc/sourcery g++ lite/bin/../lib/gcc/arm-none-eabi/4.5.1/thumb2\libgcc.a(_arm_muldivdf3.o)
 .ARM.attributes
                0x00000966       0x1b c:/coocox/coide/gcc/sourcery g++ lite/bin/../lib/gcc/arm-none-eabi/4.5.1/thumb2\libgcc.a(_arm_truncdfsf2.o)
 .ARM.attributes
                0x00000981       0x1b c:/coocox/coide/gcc/sourcery g++ lite/bin/../lib/gcc/arm-none-eabi/4.5.1/thumb2\libgcc.a(_arm_addsubsf3.o)
 .ARM.attributes
                0x0000099c       0x1b c:/coocox/coide/gcc/sourcery g++ lite/bin/../lib/gcc/arm-none-eabi/4.5.1/thumb2\libgcc.a(_arm_muldivsf3.o)
 .ARM.attributes
                0x000009b7       0x29 c:/coocox/coide/gcc/sourcery g++ lite/bin/../lib/gcc/arm-none-eabi/4.5.1/../../../../arm-none-eabi/lib/thumb2\libc.a(lib_a-memcmp.o)
 .ARM.attributes
                0x000009e0       0x29 c:/coocox/coide/gcc/sourcery g++ lite/bin/../lib/gcc/arm-none-eabi/4.5.1/../../../../arm-none-eabi/lib/thumb2\libc.a(lib_a-memcpy.o)
 .ARM.attributes
                0x00000a09       0x29 c:/coocox/coide/gcc/sourcery g++ lite/bin/../lib/gcc/arm-none-eabi/4.5.1/../../../../arm-none-eabi/lib/thumb2\libc.a(lib_a-memset.o)

.debug_frame    0x00000000     0x412c
 .debug_frame   0x00000000       0xbc ..\obj\stm32f4xx_syscfg.o
 .debug_frame   0x000000bc       0xb4 ..\obj\mbport.o
 .debug_frame   0x00000170       0xd4 ..\obj\mb.o
 .debug_frame   0x00000244       0x70 ..\obj\protocol.o
 .debug_frame   0x000002b4       0x30 ..\obj\mbfuncdisc.o
 .debug_frame   0x000002e4      0x280 ..\obj\core_cm3.o
 .debug_frame   0x00000564       0x64 ..\obj\portevent.o
 .debug_frame   0x000005c8       0x50 ..\obj\mbfuncother.o
 .debug_frame   0x00000618      0x344 ..\obj\stm32f4xx_usart.o
 .debug_frame   0x0000095c      0x15c ..\obj\stm32f4xx_pwr.o
 .debug_frame   0x00000ab8       0x30 ..\obj\rtc.o
 .debug_frame   0x00000ae8       0x68 ..\obj\mbutils.o
 .debug_frame   0x00000b50       0x48 ..\obj\startup_stm32f4xx.o
 .debug_frame   0x00000b98       0x48 ..\obj\backup_sram.o
 .debug_frame   0x00000be0       0xb0 ..\obj\stm32f4xx_iwdg.o
 .debug_frame   0x00000c90       0xcc ..\obj\ADS1120.o
 .debug_frame   0x00000d5c       0x90 ..\obj\mbfuncholding.o
 .debug_frame   0x00000dec       0x9c ..\obj\main.o
 .debug_frame   0x00000e88       0x2c ..\obj\mbcrc.o
 .debug_frame   0x00000eb4      0x4d8 ..\obj\stm32f4xx_rcc.o
 .debug_frame   0x0000138c       0x30 ..\obj\mbfuncinput.o
 .debug_frame   0x000013bc      0x244 ..\obj\printf.o
 .debug_frame   0x00001600       0x50 ..\obj\watchdog.o
 .debug_frame   0x00001650      0x53c ..\obj\tasks.o
 .debug_frame   0x00001b8c      0x19c ..\obj\stm32f4xx_gpio.o
 .debug_frame   0x00001d28      0x138 ..\obj\porttimer.o
 .debug_frame   0x00001e60      0x110 ..\obj\mbrtu.o
 .debug_frame   0x00001f70       0x9c ..\obj\list.o
 .debug_frame   0x0000200c       0x64 ..\obj\system_stm32f4xx.o
 .debug_frame   0x00002070      0x108 ..\obj\syscalls.o
 .debug_frame   0x00002178      0x178 ..\obj\port.o
 .debug_frame   0x000022f0      0x290 ..\obj\queue.o
 .debug_frame   0x00002580      0x1a4 ..\obj\portserial.o
 .debug_frame   0x00002724       0xf0 ..\obj\croutine.o
 .debug_frame   0x00002814      0x2d0 ..\obj\stm32f4xx_spi.o
 .debug_frame   0x00002ae4       0x70 ..\obj\mbfunccoils.o
 .debug_frame   0x00002b54      0x14c ..\obj\event_groups.o
 .debug_frame   0x00002ca0       0xa8 ..\obj\frequency.o
 .debug_frame   0x00002d48       0xec ..\obj\stm32f4xx_exti.o
 .debug_frame   0x00002e34       0x9c ..\obj\misc.o
 .debug_frame   0x00002ed0      0x670 ..\obj\stm32f4xx_rtc.o
 .debug_frame   0x00003540       0x9c ..\obj\heap_2.o
 .debug_frame   0x000035dc       0x28 ..\obj\controller.o
 .debug_frame   0x00003604      0xa3c ..\obj\stm32f4xx_tim.o
 .debug_frame   0x00004040       0x64 ..\obj\power_detector.o
 .debug_frame   0x000040a4       0x2c c:/coocox/coide/gcc/sourcery g++ lite/bin/../lib/gcc/arm-none-eabi/4.5.1/../../../../arm-none-eabi/lib/thumb2\libc.a(lib_a-memcmp.o)
 .debug_frame   0x000040d0       0x30 c:/coocox/coide/gcc/sourcery g++ lite/bin/../lib/gcc/arm-none-eabi/4.5.1/../../../../arm-none-eabi/lib/thumb2\libc.a(lib_a-memcpy.o)
 .debug_frame   0x00004100       0x2c c:/coocox/coide/gcc/sourcery g++ lite/bin/../lib/gcc/arm-none-eabi/4.5.1/../../../../arm-none-eabi/lib/thumb2\libc.a(lib_a-memset.o)
