Archive member included because of file (symbol)

C:\Program Files\CooCox\CoIDE\gcc\Sourcery G++ Lite\arm-none-eabi\lib\thumb2\libm.a(lib_a-wf_sqrt.o)
                              ..\obj\ADS1220.o (sqrtf)
C:\Program Files\CooCox\CoIDE\gcc\Sourcery G++ Lite\arm-none-eabi\lib\thumb2\libm.a(lib_a-ef_sqrt.o)
                              C:\Program Files\CooCox\CoIDE\gcc\Sourcery G++ Lite\arm-none-eabi\lib\thumb2\libm.a(lib_a-wf_sqrt.o) (__ieee754_sqrtf)
C:\Program Files\CooCox\CoIDE\gcc\Sourcery G++ Lite\arm-none-eabi\lib\thumb2\libm.a(lib_a-s_lib_ver.o)
                              C:\Program Files\CooCox\CoIDE\gcc\Sourcery G++ Lite\arm-none-eabi\lib\thumb2\libm.a(lib_a-wf_sqrt.o) (__fdlib_version)
C:\Program Files\CooCox\CoIDE\gcc\Sourcery G++ Lite\arm-none-eabi\lib\thumb2\libm.a(lib_a-s_matherr.o)
                              C:\Program Files\CooCox\CoIDE\gcc\Sourcery G++ Lite\arm-none-eabi\lib\thumb2\libm.a(lib_a-wf_sqrt.o) (matherr)
C:\Program Files\CooCox\CoIDE\gcc\Sourcery G++ Lite\arm-none-eabi\lib\thumb2\libm.a(lib_a-sf_fpclassify.o)
                              C:\Program Files\CooCox\CoIDE\gcc\Sourcery G++ Lite\arm-none-eabi\lib\thumb2\libm.a(lib_a-wf_sqrt.o) (__fpclassifyf)
C:\Program Files\CooCox\CoIDE\gcc\Sourcery G++ Lite\arm-none-eabi\lib\thumb2\libc.a(lib_a-errno.o)
                              C:\Program Files\CooCox\CoIDE\gcc\Sourcery G++ Lite\arm-none-eabi\lib\thumb2\libm.a(lib_a-wf_sqrt.o) (__errno)
C:\Program Files\CooCox\CoIDE\gcc\Sourcery G++ Lite\arm-none-eabi\lib\thumb2\libc.a(lib_a-memcmp.o)
                              ..\obj\tasks.o (memcmp)
C:\Program Files\CooCox\CoIDE\gcc\Sourcery G++ Lite\arm-none-eabi\lib\thumb2\libc.a(lib_a-memcpy.o)
                              ..\obj\mbport.o (memcpy)
C:\Program Files\CooCox\CoIDE\gcc\Sourcery G++ Lite\arm-none-eabi\lib\thumb2\libc.a(lib_a-memset.o)
                              ..\obj\tasks.o (memset)
C:\Program Files\CooCox\CoIDE\gcc\Sourcery G++ Lite\arm-none-eabi\lib\thumb2\libc.a(lib_a-strlen.o)
                              ..\obj\wiznet.o (strlen)
c:/stm32/arm_eabi/bin/../lib/gcc/arm-none-eabi/4.7.2/thumb2\libgcc.a(_arm_addsubdf3.o)
                              ..\obj\ADS1220.o (__aeabi_dsub)
c:/stm32/arm_eabi/bin/../lib/gcc/arm-none-eabi/4.7.2/thumb2\libgcc.a(_arm_muldivdf3.o)
                              ..\obj\ADS1220.o (__aeabi_dmul)
c:/stm32/arm_eabi/bin/../lib/gcc/arm-none-eabi/4.7.2/thumb2\libgcc.a(_arm_truncdfsf2.o)
                              ..\obj\ADS1220.o (__aeabi_d2f)
c:/stm32/arm_eabi/bin/../lib/gcc/arm-none-eabi/4.7.2/thumb2\libgcc.a(_arm_addsubsf3.o)
                              ..\obj\ADS1220.o (__aeabi_fsub)
c:/stm32/arm_eabi/bin/../lib/gcc/arm-none-eabi/4.7.2/thumb2\libgcc.a(_arm_muldivsf3.o)
                              ..\obj\ADS1220.o (__aeabi_fmul)
c:/stm32/arm_eabi/bin/../lib/gcc/arm-none-eabi/4.7.2/thumb2\libgcc.a(_arm_cmpsf2.o)
                              ..\obj\controller.o (__aeabi_fcmplt)
c:/stm32/arm_eabi/bin/../lib/gcc/arm-none-eabi/4.7.2/thumb2\libgcc.a(_arm_fixunssfsi.o)
                              ..\obj\mbport.o (__aeabi_f2uiz)

Allocating common symbols
Common symbol       size              file

SDIO_CmdInitStructure
                    0x14              ..\obj\sdio_sd.o
APP_Tx_Buffer       0x80              ..\obj\usbd_cdc_vcp.o
log_buf             0x80              ..\obj\log.o
stContext_RS232     0x174             ..\obj\protocol.o
stContext_RS485     0x174             ..\obj\protocol.o
stSettings          0x84              ..\obj\controller.o
SDCardInfo          0x58              ..\obj\sdio_sd.o
SDIO_InitStructure  0x18              ..\obj\sdio_sd.o
gDATABUF            0x800             ..\obj\wiznet.o
usbd_cdc_OtherCfgDesc
                    0x43              ..\obj\usbd_cdc_core.o
SDIO_DataInitStructure
                    0x18              ..\obj\sdio_sd.o
APP_tx_ptr_tail     0x4               ..\obj\usbd_cdc_vcp.o
USB_Rx_Buffer       0x40              ..\obj\usbd_cdc_core.o
xMeasureDataMutex   0x4               ..\obj\controller.o
temp_char           0x1               ..\obj\portserial.o
stContext_USB_CDC   0x174             ..\obj\protocol.o
CmdBuff             0x8               ..\obj\usbd_cdc_core.o
xI2CBusMutex        0x4               ..\obj\fram_i2c.o
USB_OTG_dev         0x5f0             ..\obj\portserial.o
xFrequencySemaphore
                    0x8               ..\obj\frequency.o
xADC_SPI_Mutex      0x4               ..\obj\ADS1220.o
APP_Rx_Buffer       0x800             ..\obj\usbd_cdc_core.o
NVIC_InitStructure  0x4               ..\obj\low_level_sdio.o
stMeasureData       0x60              ..\obj\controller.o
xSettingsMutex      0x4               ..\obj\controller.o
task_watches        0x50              ..\obj\watchdog.o
USBD_StrDesc        0x32              ..\obj\usbd_req.o
APP_tx_ptr_head     0x4               ..\obj\usbd_cdc_vcp.o

Discarded input sections

 .text          0x00000000        0x0 ..\obj\socket.o
[...]
Memory Configuration

Name             Origin             Length             Attributes
rom              0x08000000         0x00100000         xr
ram              0x20000000         0x00020000         xrw
ram1             0x10000000         0x00010000         xrw
*default*        0x00000000         0xffffffff

Linker script and memory map

                0x20020000                _eram = 0x20020000

.text           0x08000000    0x11e78
 *(.isr_vector)
 .isr_vector    0x08000000      0x188 ..\obj\startup_stm32f4xx.o
                0x08000000                g_pfnVectors
 *(.text*)
 .text.USB_OTG_EnableCommonInt
                0x08000188       0x44 ..\obj\usb_core.o
 .text.USB_OTG_CoreReset
                0x080001cc       0xa4 ..\obj\usb_core.o
 .text.USB_OTG_WritePacket
                0x08000270       0x84 ..\obj\usb_core.o
                0x08000270                USB_OTG_WritePacket
 .text.USB_OTG_ReadPacket
                0x080002f4       0x68 ..\obj\usb_core.o
                0x080002f4                USB_OTG_ReadPacket
 .text.USB_OTG_SelectCore
                0x0800035c      0x1b0 ..\obj\usb_core.o
                0x0800035c                USB_OTG_SelectCore
 .text.USB_OTG_CoreInit
                0x0800050c      0x1f8 ..\obj\usb_core.o
                0x0800050c                USB_OTG_CoreInit
 .text.USB_OTG_EnableGlobalInt
                0x08000704       0x3c ..\obj\usb_core.o
                0x08000704                USB_OTG_EnableGlobalInt
 .text.USB_OTG_DisableGlobalInt
                0x08000740       0x40 ..\obj\usb_core.o
                0x08000740                USB_OTG_DisableGlobalInt
 .text.USB_OTG_FlushTxFifo
                0x08000780       0x80 ..\obj\usb_core.o
                0x08000780                USB_OTG_FlushTxFifo
 .text.USB_OTG_FlushRxFifo
                0x08000800       0x6c ..\obj\usb_core.o
                0x08000800                USB_OTG_FlushRxFifo
 .text.USB_OTG_SetCurrentMode
                0x0800086c       0x64 ..\obj\usb_core.o
                0x0800086c                USB_OTG_SetCurrentMode
 .text.USB_OTG_GetMode
                0x080008d0       0x20 ..\obj\usb_core.o
                0x080008d0                USB_OTG_GetMode
 .text.USB_OTG_IsDeviceMode
                0x080008f0       0x24 ..\obj\usb_core.o
                0x080008f0                USB_OTG_IsDeviceMode
 .text.USB_OTG_ReadCoreItr
                0x08000914       0x30 ..\obj\usb_core.o
                0x08000914                USB_OTG_ReadCoreItr
 .text.USB_OTG_InitDevSpeed
                0x08000944       0x38 ..\obj\usb_core.o
                0x08000944                USB_OTG_InitDevSpeed
 .text.USB_OTG_CoreInitDev
                0x0800097c      0x2d8 ..\obj\usb_core.o
                0x0800097c                USB_OTG_CoreInitDev
 .text.USB_OTG_EnableDevInt
                0x08000c54       0xa4 ..\obj\usb_core.o
                0x08000c54                USB_OTG_EnableDevInt
 .text.USB_OTG_GetDeviceSpeed
                0x08000cf8       0x50 ..\obj\usb_core.o
                0x08000cf8                USB_OTG_GetDeviceSpeed
 .text.USB_OTG_EP0Activate
                0x08000d48       0x80 ..\obj\usb_core.o
                0x08000d48                USB_OTG_EP0Activate
 .text.USB_OTG_EPActivate
                0x08000dc8       0xf8 ..\obj\usb_core.o
                0x08000dc8                USB_OTG_EPActivate
 .text.USB_OTG_EPDeactivate
                0x08000ec0       0xa4 ..\obj\usb_core.o
                0x08000ec0                USB_OTG_EPDeactivate
 .text.USB_OTG_EPStartXfer
                0x08000f64      0x2d0 ..\obj\usb_core.o
                0x08000f64                USB_OTG_EPStartXfer
 .text.USB_OTG_EP0StartXfer
                0x08001234      0x200 ..\obj\usb_core.o
                0x08001234                USB_OTG_EP0StartXfer
 .text.USB_OTG_EPSetStall
                0x08001434       0x94 ..\obj\usb_core.o
                0x08001434                USB_OTG_EPSetStall
 .text.USB_OTG_EPClearStall
                0x080014c8       0x84 ..\obj\usb_core.o
                0x080014c8                USB_OTG_EPClearStall
 .text.USB_OTG_ReadDevAllOutEp_itr
                0x0800154c       0x30 ..\obj\usb_core.o
                0x0800154c                USB_OTG_ReadDevAllOutEp_itr
 .text.USB_OTG_ReadDevOutEP_itr
                0x0800157c       0x3c ..\obj\usb_core.o
                0x0800157c                USB_OTG_ReadDevOutEP_itr
 .text.USB_OTG_ReadDevAllInEPItr
                0x080015b8       0x34 ..\obj\usb_core.o
                0x080015b8                USB_OTG_ReadDevAllInEPItr
 .text.USB_OTG_EP0_OutStart
                0x080015ec       0x78 ..\obj\usb_core.o
                0x080015ec                USB_OTG_EP0_OutStart
 .text.USB_OTG_UngateClock
                0x08001664       0x54 ..\obj\usb_core.o
                0x08001664                USB_OTG_UngateClock
 .text.ENTER_CRITICAL_SECTION
                0x080016b8        0xc ..\obj\mbport.o
                0x080016b8                ENTER_CRITICAL_SECTION
 .text.EXIT_CRITICAL_SECTION
                0x080016c4        0xc ..\obj\mbport.o
                0x080016c4                EXIT_CRITICAL_SECTION
 .text.eMBRegInputCB
                0x080016d0      0x294 ..\obj\mbport.o
                0x080016d0                eMBRegInputCB
 .text.eMBRegHoldingCB
                0x08001964     0x30ec ..\obj\mbport.o
                0x08001964                eMBRegHoldingCB
 .text.eMBRegCoilsCB
                0x08004a50       0x20 ..\obj\mbport.o
                0x08004a50                eMBRegCoilsCB
 .text.eMBRegDiscreteCB
                0x08004a70       0x20 ..\obj\mbport.o
                0x08004a70                eMBRegDiscreteCB
 .text.eMBFileCB
                0x08004a90      0x16c ..\obj\mbport.o
                0x08004a90                eMBFileCB
 .text.SDIO_ITConfig
                0x08004bfc       0x40 ..\obj\stm32f4xx_sdio.o
                0x08004bfc                SDIO_ITConfig
 .text.SDIO_GetITStatus
                0x08004c3c       0x3c ..\obj\stm32f4xx_sdio.o
                0x08004c3c                SDIO_GetITStatus
 .text.SDIO_ClearITPendingBit
                0x08004c78       0x1c ..\obj\stm32f4xx_sdio.o
                0x08004c78                SDIO_ClearITPendingBit
 .text.eMBInit  0x08004c94      0x100 ..\obj\mb.o
                0x08004c94                eMBInit
 .text.eMBEnable
                0x08004d94       0x50 ..\obj\mb.o
                0x08004d94                eMBEnable
 .text.eMBPoll  0x08004de4      0x1ac ..\obj\mb.o
                0x08004de4                eMBPoll
 .text.Protocol_Init
                0x08004f90      0x134 ..\obj\protocol.o
                0x08004f90                Protocol_Init
 .text.Modbus_RS485_Task
                0x080050c4       0x38 ..\obj\protocol.o
 .text.Modbus_RS232_Task
                0x080050fc       0x38 ..\obj\protocol.o
 .text.Modbus_USB_CDC_Task
                0x08005134       0x38 ..\obj\protocol.o
 .text.eMBFuncReadDiscreteInputs
                0x0800516c      0x130 ..\obj\mbfuncdisc.o
                0x0800516c                eMBFuncReadDiscreteInputs
 .text.USBD_USR_Init
                0x0800529c        0xc ..\obj\usbd_usr.o
                0x0800529c                USBD_USR_Init
 .text.USBD_USR_DeviceReset
                0x080052a8       0x14 ..\obj\usbd_usr.o
                0x080052a8                USBD_USR_DeviceReset
 .text.USBD_USR_DeviceConfigured
                0x080052bc        0xc ..\obj\usbd_usr.o
                0x080052bc                USBD_USR_DeviceConfigured
 .text.USBD_USR_DeviceSuspended
                0x080052c8        0xc ..\obj\usbd_usr.o
                0x080052c8                USBD_USR_DeviceSuspended
 .text.USBD_USR_DeviceResumed
                0x080052d4        0xc ..\obj\usbd_usr.o
                0x080052d4                USBD_USR_DeviceResumed
 .text.xMBPortEventInit
                0x080052e0       0x20 ..\obj\portevent.o
                0x080052e0                xMBPortEventInit
 .text.xMBPortEventPost
                0x08005300       0x2c ..\obj\portevent.o
                0x08005300                xMBPortEventPost
 .text.xMBPortEventGet
                0x0800532c       0x60 ..\obj\portevent.o
                0x0800532c                xMBPortEventGet
 .text.eMBFuncReportSlaveID
                0x0800538c       0x44 ..\obj\mbfuncother.o
                0x0800538c                eMBFuncReportSlaveID
 .text.USART_Init
                0x080053d0      0x19c ..\obj\stm32f4xx_usart.o
                0x080053d0                USART_Init
 .text.USART_Cmd
                0x0800556c       0x40 ..\obj\stm32f4xx_usart.o
                0x0800556c                USART_Cmd
 .text.USART_SendData
                0x080055ac       0x28 ..\obj\stm32f4xx_usart.o
                0x080055ac                USART_SendData
 .text.USART_ReceiveData
                0x080055d4       0x24 ..\obj\stm32f4xx_usart.o
                0x080055d4                USART_ReceiveData
 .text.USART_ITConfig
                0x080055f8       0xa4 ..\obj\stm32f4xx_usart.o
                0x080055f8                USART_ITConfig
 .text.USART_GetFlagStatus
                0x0800569c       0x40 ..\obj\stm32f4xx_usart.o
                0x0800569c                USART_GetFlagStatus
 .text.USART_ClearFlag
                0x080056dc       0x24 ..\obj\stm32f4xx_usart.o
                0x080056dc                USART_ClearFlag
 .text.USART_GetITStatus
                0x08005700       0xc4 ..\obj\stm32f4xx_usart.o
                0x08005700                USART_GetITStatus
 .text.PWR_BackupAccessCmd
                0x080057c4       0x20 ..\obj\stm32f4xx_pwr.o
                0x080057c4                PWR_BackupAccessCmd
 .text.PWR_PVDLevelConfig
                0x080057e4       0x38 ..\obj\stm32f4xx_pwr.o
                0x080057e4                PWR_PVDLevelConfig
 .text.PWR_PVDCmd
                0x0800581c       0x20 ..\obj\stm32f4xx_pwr.o
                0x0800581c                PWR_PVDCmd
 .text.SD_ProcessIRQSrc
                0x0800583c       0xe8 ..\obj\sdio_sd.o
                0x0800583c                SD_ProcessIRQSrc
 .text.SD_ProcessDMAIRQ
                0x08005924       0x30 ..\obj\sdio_sd.o
                0x08005924                SD_ProcessDMAIRQ
 .text.RTC_Clock_Init
                0x08005954       0x94 ..\obj\rtc.o
                0x08005954                RTC_Clock_Init
 .text.prveMBError2Exception
                0x080059e8       0x48 ..\obj\mbutils.o
                0x080059e8                prveMBError2Exception
 .text.SDIO_IRQHandler
                0x08005a30        0xc ..\obj\diskio.o
                0x08005a30                SDIO_IRQHandler
 .text.DMA2_Stream3_IRQHandler
                0x08005a3c        0xc ..\obj\diskio.o
                0x08005a3c                DMA2_Stream3_IRQHandler
 .text.Default_Reset_Handler
                0x08005a48       0x64 ..\obj\startup_stm32f4xx.o
                0x08005a48                Default_Reset_Handler
                0x08005a48                Reset_Handler
 .text.Default_Handler
                0x08005aac        0x8 ..\obj\startup_stm32f4xx.o
                0x08005aac                RTC_Alarm_IRQHandler
                0x08005aac                HASH_RNG_IRQHandler
                0x08005aac                EXTI2_IRQHandler
                0x08005aac                TIM8_CC_IRQHandler
                0x08005aac                DebugMon_Handler
                0x08005aac                TIM1_CC_IRQHandler
                0x08005aac                DMA2_Stream5_IRQHandler
                0x08005aac                HardFault_Handler
                0x08005aac                DMA1_Stream5_IRQHandler
                0x08005aac                TAMP_STAMP_IRQHandler
                0x08005aac                NMI_Handler
                0x08005aac                CAN2_RX1_IRQHandler
                0x08005aac                EXTI3_IRQHandler
                0x08005aac                TIM8_TRG_COM_TIM14_IRQHandler
                0x08005aac                TIM8_UP_TIM13_IRQHandler
                0x08005aac                I2C3_ER_IRQHandler
                0x08005aac                EXTI0_IRQHandler
                0x08005aac                I2C2_EV_IRQHandler
                0x08005aac                DMA1_Stream2_IRQHandler
                0x08005aac                CAN1_RX0_IRQHandler
                0x08005aac                FPU_IRQHandler
                0x08005aac                OTG_HS_WKUP_IRQHandler
                0x08005aac                UsageFault_Handler
                0x08005aac                CAN2_SCE_IRQHandler
                0x08005aac                DMA2_Stream2_IRQHandler
                0x08005aac                SPI1_IRQHandler
                0x08005aac                TIM6_DAC_IRQHandler
                0x08005aac                TIM1_BRK_TIM9_IRQHandler
                0x08005aac                DCMI_IRQHandler
                0x08005aac                CAN2_RX0_IRQHandler
                0x08005aac                CRYP_IRQHandler
                0x08005aac                CAN1_RX1_IRQHandler
                0x08005aac                UART5_IRQHandler
                0x08005aac                DMA2_Stream0_IRQHandler
                0x08005aac                I2C1_EV_IRQHandler
                0x08005aac                DMA1_Stream6_IRQHandler
                0x08005aac                DMA1_Stream1_IRQHandler
                0x08005aac                UART4_IRQHandler
                0x08005aac                TIM3_IRQHandler
                0x08005aac                RCC_IRQHandler
                0x08005aac                TIM8_BRK_TIM12_IRQHandler
                0x08005aac                EXTI15_10_IRQHandler
                0x08005aac                ADC_IRQHandler
                0x08005aac                DMA1_Stream7_IRQHandler
                0x08005aac                TIM7_IRQHandler
                0x08005aac                CAN2_TX_IRQHandler
                0x08005aac                DMA2_Stream7_IRQHandler
                0x08005aac                I2C3_EV_IRQHandler
                0x08005aac                EXTI9_5_IRQHandler
                0x08005aac                RTC_WKUP_IRQHandler
                0x08005aac                ETH_WKUP_IRQHandler
                0x08005aac                SPI2_IRQHandler
                0x08005aac                OTG_HS_EP1_IN_IRQHandler
                0x08005aac                MemManage_Handler
                0x08005aac                DMA1_Stream0_IRQHandler
                0x08005aac                CAN1_TX_IRQHandler
                0x08005aac                EXTI4_IRQHandler
                0x08005aac                FSMC_IRQHandler
                0x08005aac                ETH_IRQHandler
                0x08005aac                OTG_HS_EP1_OUT_IRQHandler
                0x08005aac                WWDG_IRQHandler
                0x08005aac                TIM1_TRG_COM_TIM11_IRQHandler
                0x08005aac                OTG_HS_IRQHandler
                0x08005aac                EXTI1_IRQHandler
                0x08005aac                USART2_IRQHandler
                0x08005aac                I2C2_ER_IRQHandler
                0x08005aac                DMA2_Stream1_IRQHandler
                0x08005aac                CAN1_SCE_IRQHandler
                0x08005aac                FLASH_IRQHandler
                0x08005aac                DMA2_Stream4_IRQHandler
                0x08005aac                BusFault_Handler
                0x08005aac                USART1_IRQHandler
                0x08005aac                SPI3_IRQHandler
                0x08005aac                DMA1_Stream4_IRQHandler
                0x08005aac                I2C1_ER_IRQHandler
                0x08005aac                DMA2_Stream6_IRQHandler
                0x08005aac                DMA1_Stream3_IRQHandler
 .text.IWDG_WriteAccessCmd
                0x08005ab4       0x20 ..\obj\stm32f4xx_iwdg.o
                0x08005ab4                IWDG_WriteAccessCmd
 .text.IWDG_SetPrescaler
                0x08005ad4       0x20 ..\obj\stm32f4xx_iwdg.o
                0x08005ad4                IWDG_SetPrescaler
 .text.IWDG_SetReload
                0x08005af4       0x20 ..\obj\stm32f4xx_iwdg.o
                0x08005af4                IWDG_SetReload
 .text.IWDG_ReloadCounter
                0x08005b14       0x18 ..\obj\stm32f4xx_iwdg.o
                0x08005b14                IWDG_ReloadCounter
 .text.IWDG_Enable
                0x08005b2c       0x18 ..\obj\stm32f4xx_iwdg.o
                0x08005b2c                IWDG_Enable
 .text.eMBFuncWriteHoldingRegister
                0x08005b44       0x80 ..\obj\mbfuncholding.o
                0x08005b44                eMBFuncWriteHoldingRegister
 .text.eMBFuncWriteMultipleHoldingRegister
                0x08005bc4       0xd4 ..\obj\mbfuncholding.o
                0x08005bc4                eMBFuncWriteMultipleHoldingRegister
 .text.eMBFuncReadHoldingRegister
                0x08005c98      0x10c ..\obj\mbfuncholding.o
                0x08005c98                eMBFuncReadHoldingRegister
 .text.eMBFuncReadWriteMultipleHoldingRegister
                0x08005da4      0x194 ..\obj\mbfuncholding.o
                0x08005da4                eMBFuncReadWriteMultipleHoldingRegister
 .text.USBD_Init
                0x08005f38       0x58 ..\obj\usbd_core.o
                0x08005f38                USBD_Init
 .text.USBD_DeInit
                0x08005f90       0x18 ..\obj\usbd_core.o
                0x08005f90                USBD_DeInit
 .text.USBD_SetupStage
                0x08005fa8       0x70 ..\obj\usbd_core.o
 .text.USBD_DataOutStage
                0x08006018       0xd4 ..\obj\usbd_core.o
 .text.USBD_DataInStage
                0x080060ec      0x114 ..\obj\usbd_core.o
 .text.USBD_Reset
                0x08006200       0x54 ..\obj\usbd_core.o
 .text.USBD_Resume
                0x08006254       0x2c ..\obj\usbd_core.o
 .text.USBD_Suspend
                0x08006280       0x2c ..\obj\usbd_core.o
 .text.USBD_SOF
                0x080062ac       0x30 ..\obj\usbd_core.o
 .text.USBD_SetCfg
                0x080062dc       0x34 ..\obj\usbd_core.o
                0x080062dc                USBD_SetCfg
 .text.USBD_ClrCfg
                0x08006310       0x2c ..\obj\usbd_core.o
                0x08006310                USBD_ClrCfg
 .text.USBD_IsoINIncomplete
                0x0800633c       0x24 ..\obj\usbd_core.o
 .text.USBD_IsoOUTIncomplete
                0x08006360       0x24 ..\obj\usbd_core.o
 .text.main     0x08006384       0x14 ..\obj\main.o
                0x08006384                main
 .text.vApplicationMallocFailedHook
                0x08006398        0x8 ..\obj\main.o
                0x08006398                vApplicationMallocFailedHook
 .text.vApplicationStackOverflowHook
                0x080063a0        0xc ..\obj\main.o
                0x080063a0                vApplicationStackOverflowHook
 .text.vApplicationIdleHook
                0x080063ac       0x18 ..\obj\main.o
                0x080063ac                vApplicationIdleHook
 .text.usMBCRC16
                0x080063c4       0x84 ..\obj\mbcrc.o
                0x080063c4                usMBCRC16
 .text.RCC_LSEConfig
                0x08006448       0x4c ..\obj\stm32f4xx_rcc.o
                0x08006448                RCC_LSEConfig
 .text.RCC_GetClocksFreq
                0x08006494      0x178 ..\obj\stm32f4xx_rcc.o
                0x08006494                RCC_GetClocksFreq
 .text.RCC_RTCCLKConfig
                0x0800660c       0x60 ..\obj\stm32f4xx_rcc.o
                0x0800660c                RCC_RTCCLKConfig
 .text.RCC_RTCCLKCmd
                0x0800666c       0x20 ..\obj\stm32f4xx_rcc.o
                0x0800666c                RCC_RTCCLKCmd
 .text.RCC_AHB1PeriphClockCmd
                0x0800668c       0x40 ..\obj\stm32f4xx_rcc.o
                0x0800668c                RCC_AHB1PeriphClockCmd
 .text.RCC_AHB2PeriphClockCmd
                0x080066cc       0x40 ..\obj\stm32f4xx_rcc.o
                0x080066cc                RCC_AHB2PeriphClockCmd
 .text.RCC_APB1PeriphClockCmd
                0x0800670c       0x40 ..\obj\stm32f4xx_rcc.o
                0x0800670c                RCC_APB1PeriphClockCmd
 .text.RCC_APB2PeriphClockCmd
                0x0800674c       0x40 ..\obj\stm32f4xx_rcc.o
                0x0800674c                RCC_APB2PeriphClockCmd
 .text.RCC_APB1PeriphResetCmd
                0x0800678c       0x40 ..\obj\stm32f4xx_rcc.o
                0x0800678c                RCC_APB1PeriphResetCmd
 .text.RCC_GetFlagStatus
                0x080067cc       0x80 ..\obj\stm32f4xx_rcc.o
                0x080067cc                RCC_GetFlagStatus
 .text.eMBFuncReadFile
                0x0800684c      0x260 ..\obj\mbfuncfile.o
                0x0800684c                eMBFuncReadFile
 .text.Log_Read_LogEntry
                0x08006aac       0x58 ..\obj\log.o
                0x08006aac                Log_Read_LogEntry
 .text.eMBFuncReadInputRegister
                0x08006b04      0x110 ..\obj\mbfuncinput.o
                0x08006b04                eMBFuncReadInputRegister
 .text.Watchdog_Init
                0x08006c14       0x88 ..\obj\watchdog.o
                0x08006c14                Watchdog_Init
 .text.Watchdog_SetTaskStatus
                0x08006c9c       0x30 ..\obj\watchdog.o
                0x08006c9c                Watchdog_SetTaskStatus
 .text.Watchdog_IncrementCouter
                0x08006ccc       0x30 ..\obj\watchdog.o
                0x08006ccc                Watchdog_IncrementCouter
 .text.Watchdog_Task
                0x08006cfc       0x88 ..\obj\watchdog.o
 .text.xTaskGenericCreate
                0x08006d84      0x170 ..\obj\tasks.o
                0x08006d84                xTaskGenericCreate
 .text.vTaskDelay
                0x08006ef4       0x90 ..\obj\tasks.o
                0x08006ef4                vTaskDelay
 .text.vTaskStartScheduler
                0x08006f84       0x74 ..\obj\tasks.o
                0x08006f84                vTaskStartScheduler
 .text.vTaskSuspendAll
                0x08006ff8       0x1c ..\obj\tasks.o
                0x08006ff8                vTaskSuspendAll
 .text.xTaskResumeAll
                0x08007014      0x124 ..\obj\tasks.o
                0x08007014                xTaskResumeAll
 .text.xTaskIncrementTick
                0x08007138      0x198 ..\obj\tasks.o
                0x08007138                xTaskIncrementTick
 .text.vTaskSwitchContext
                0x080072d0      0x104 ..\obj\tasks.o
                0x080072d0                vTaskSwitchContext
 .text.vTaskPlaceOnEventList
                0x080073d4       0x98 ..\obj\tasks.o
                0x080073d4                vTaskPlaceOnEventList
 .text.xTaskRemoveFromEventList
                0x0800746c       0xcc ..\obj\tasks.o
                0x0800746c                xTaskRemoveFromEventList
 .text.vTaskSetTimeOutState
                0x08007538       0x34 ..\obj\tasks.o
                0x08007538                vTaskSetTimeOutState
 .text.xTaskCheckForTimeOut
                0x0800756c       0xac ..\obj\tasks.o
                0x0800756c                xTaskCheckForTimeOut
 .text.vTaskMissedYield
                0x08007618       0x18 ..\obj\tasks.o
                0x08007618                vTaskMissedYield
 .text.prvIdleTask
                0x08007630       0x24 ..\obj\tasks.o
 .text.prvInitialiseTCBVariables
                0x08007654       0xbc ..\obj\tasks.o
 .text.prvInitialiseTaskLists
                0x08007710       0x88 ..\obj\tasks.o
 .text.prvCheckTasksWaitingTermination
                0x08007798       0x7c ..\obj\tasks.o
 .text.prvAddCurrentTaskToDelayedList
                0x08007814       0x70 ..\obj\tasks.o
 .text.prvAllocateTCBAndStack
                0x08007884       0x7c ..\obj\tasks.o
 .text.prvDeleteTCB
                0x08007900       0x20 ..\obj\tasks.o
 .text.prvResetNextTaskUnblockTime
                0x08007920       0x4c ..\obj\tasks.o
 .text.vTaskPriorityInherit
                0x0800796c      0x108 ..\obj\tasks.o
                0x0800796c                vTaskPriorityInherit
 .text.xTaskPriorityDisinherit
                0x08007a74       0xf4 ..\obj\tasks.o
                0x08007a74                xTaskPriorityDisinherit
 .text.pvTaskIncrementMutexHeldCount
                0x08007b68       0x28 ..\obj\tasks.o
                0x08007b68                pvTaskIncrementMutexHeldCount
 .text.USBD_USR_DeviceDescriptor
                0x08007b90       0x28 ..\obj\usbd_desc.o
                0x08007b90                USBD_USR_DeviceDescriptor
 .text.USBD_USR_LangIDStrDescriptor
                0x08007bb8       0x28 ..\obj\usbd_desc.o
                0x08007bb8                USBD_USR_LangIDStrDescriptor
 .text.USBD_USR_ProductStrDescriptor
                0x08007be0       0x40 ..\obj\usbd_desc.o
                0x08007be0                USBD_USR_ProductStrDescriptor
 .text.USBD_USR_ManufacturerStrDescriptor
                0x08007c20       0x2c ..\obj\usbd_desc.o
                0x08007c20                USBD_USR_ManufacturerStrDescriptor
 .text.USBD_USR_SerialStrDescriptor
                0x08007c4c       0x40 ..\obj\usbd_desc.o
                0x08007c4c                USBD_USR_SerialStrDescriptor
 .text.USBD_USR_ConfigStrDescriptor
                0x08007c8c       0x3c ..\obj\usbd_desc.o
                0x08007c8c                USBD_USR_ConfigStrDescriptor
 .text.USBD_USR_InterfaceStrDescriptor
                0x08007cc8       0x3c ..\obj\usbd_desc.o
                0x08007cc8                USBD_USR_InterfaceStrDescriptor
 .text.FRAM_I2C_Init
                0x08007d04       0xc8 ..\obj\fram_i2c.o
                0x08007d04                FRAM_I2C_Init
 .text.FRAM_I2C_Reset
                0x08007dcc      0x198 ..\obj\fram_i2c.o
                0x08007dcc                FRAM_I2C_Reset
 .text.FRAM_I2C_Read_Buffer
                0x08007f64      0x6bc ..\obj\fram_i2c.o
                0x08007f64                FRAM_I2C_Read_Buffer
 .text.FRAM_I2C_Write_Buffer
                0x08008620      0x28c ..\obj\fram_i2c.o
                0x08008620                FRAM_I2C_Write_Buffer
 .text.FRAM_Read_Settings
                0x080088ac       0xa8 ..\obj\fram_i2c.o
                0x080088ac                FRAM_Read_Settings
 .text.FRAM_Write_Settings
                0x08008954       0x74 ..\obj\fram_i2c.o
                0x08008954                FRAM_Write_Settings
 .text.GPIO_Init
                0x080089c8      0x144 ..\obj\stm32f4xx_gpio.o
                0x080089c8                GPIO_Init
 .text.GPIO_ReadInputDataBit
                0x08008b0c       0x3c ..\obj\stm32f4xx_gpio.o
                0x08008b0c                GPIO_ReadInputDataBit
 .text.GPIO_PinAFConfig
                0x08008b48       0xa8 ..\obj\stm32f4xx_gpio.o
                0x08008b48                GPIO_PinAFConfig
 .text.RS485TimersInit
                0x08008bf0       0xc4 ..\obj\porttimer.o
                0x08008bf0                RS485TimersInit
 .text.RS485TimersEnable
                0x08008cb4       0x38 ..\obj\porttimer.o
                0x08008cb4                RS485TimersEnable
 .text.RS485TimersDisable
                0x08008cec       0x38 ..\obj\porttimer.o
                0x08008cec                RS485TimersDisable
 .text.TIM4_IRQHandler
                0x08008d24       0x38 ..\obj\porttimer.o
                0x08008d24                TIM4_IRQHandler
 .text.RS485TimerContextInit
                0x08008d5c       0x54 ..\obj\porttimer.o
                0x08008d5c                RS485TimerContextInit
 .text.RS232TimersInit
                0x08008db0       0xc4 ..\obj\porttimer.o
                0x08008db0                RS232TimersInit
 .text.RS232TimersEnable
                0x08008e74       0x38 ..\obj\porttimer.o
                0x08008e74                RS232TimersEnable
 .text.RS232TimersDisable
                0x08008eac       0x38 ..\obj\porttimer.o
                0x08008eac                RS232TimersDisable
 .text.TIM5_IRQHandler
                0x08008ee4       0x38 ..\obj\porttimer.o
                0x08008ee4                TIM5_IRQHandler
 .text.RS232TimerContextInit
                0x08008f1c       0x54 ..\obj\porttimer.o
                0x08008f1c                RS232TimerContextInit
 .text.USB_CDC_TimersInit
                0x08008f70       0xc4 ..\obj\porttimer.o
                0x08008f70                USB_CDC_TimersInit
 .text.USB_CDC_TimersEnable
                0x08009034       0x38 ..\obj\porttimer.o
                0x08009034                USB_CDC_TimersEnable
 .text.USB_CDC_TimersDisable
                0x0800906c       0x38 ..\obj\porttimer.o
                0x0800906c                USB_CDC_TimersDisable
 .text.TIM1_UP_TIM10_IRQHandler
                0x080090a4       0x38 ..\obj\porttimer.o
                0x080090a4                TIM1_UP_TIM10_IRQHandler
 .text.USB_CDC_TimerContextInit
                0x080090dc       0x54 ..\obj\porttimer.o
                0x080090dc                USB_CDC_TimerContextInit
 .text.VCP_Init
                0x08009130       0x10 ..\obj\usbd_cdc_vcp.o
 .text.VCP_DeInit
                0x08009140       0x10 ..\obj\usbd_cdc_vcp.o
 .text.VCP_Ctrl
                0x08009150       0xbc ..\obj\usbd_cdc_vcp.o
 .text.VCP_DataTx
                0x0800920c       0x68 ..\obj\usbd_cdc_vcp.o
                0x0800920c                VCP_DataTx
 .text.VCP_DataRx
                0x08009274       0x7c ..\obj\usbd_cdc_vcp.o
                0x08009274                VCP_DataRx
 .text.VCP_get_char
                0x080092f0       0x60 ..\obj\usbd_cdc_vcp.o
                0x080092f0                VCP_get_char
 .text.eMBRTUInit
                0x08009350       0x84 ..\obj\mbrtu.o
                0x08009350                eMBRTUInit
 .text.eMBRTUStart
                0x080093d4       0x38 ..\obj\mbrtu.o
                0x080093d4                eMBRTUStart
 .text.eMBRTUStop
                0x0800940c       0x30 ..\obj\mbrtu.o
                0x0800940c                eMBRTUStop
 .text.eMBRTUReceive
                0x0800943c       0x8c ..\obj\mbrtu.o
                0x0800943c                eMBRTUReceive
 .text.eMBRTUSend
                0x080094c8       0xe8 ..\obj\mbrtu.o
                0x080094c8                eMBRTUSend
 .text.xMBRTUReceiveFSM
                0x080095b0       0xd0 ..\obj\mbrtu.o
                0x080095b0                xMBRTUReceiveFSM
 .text.xMBRTUTransmitFSM
                0x08009680       0xb0 ..\obj\mbrtu.o
                0x08009680                xMBRTUTransmitFSM
 .text.xMBRTUTimerT35Expired
                0x08009730       0x60 ..\obj\mbrtu.o
                0x08009730                xMBRTUTimerT35Expired
 .text.vListInitialise
                0x08009790       0x40 ..\obj\list.o
                0x08009790                vListInitialise
 .text.vListInitialiseItem
                0x080097d0       0x1c ..\obj\list.o
                0x080097d0                vListInitialiseItem
 .text.vListInsertEnd
                0x080097ec       0x48 ..\obj\list.o
                0x080097ec                vListInsertEnd
 .text.vListInsert
                0x08009834       0x74 ..\obj\list.o
                0x08009834                vListInsert
 .text.uxListRemove
                0x080098a8       0x58 ..\obj\list.o
                0x080098a8                uxListRemove
 .text.SystemInit
                0x08009900       0x5c ..\obj\system_stm32f4xx.o
                0x08009900                SystemInit
 .text.SetSysClock
                0x0800995c      0x100 ..\obj\system_stm32f4xx.o
 .text.DMA_ClearFlag
                0x08009a5c       0x5c ..\obj\stm32f4xx_dma.o
                0x08009a5c                DMA_ClearFlag
 .text.USB_OTG_BSP_Init
                0x08009ab8       0xcc ..\obj\usb_bsp.o
                0x08009ab8                USB_OTG_BSP_Init
 .text.USB_OTG_BSP_EnableInterrupt
                0x08009b84       0x3c ..\obj\usb_bsp.o
                0x08009b84                USB_OTG_BSP_EnableInterrupt
 .text.USB_OTG_BSP_uDelay
                0x08009bc0       0x58 ..\obj\usb_bsp.o
                0x08009bc0                USB_OTG_BSP_uDelay
 .text.USB_OTG_BSP_mDelay
                0x08009c18       0x20 ..\obj\usb_bsp.o
                0x08009c18                USB_OTG_BSP_mDelay
 .text.OTG_FS_WKUP_IRQHandler
                0x08009c38       0x34 ..\obj\usb_bsp.o
                0x08009c38                OTG_FS_WKUP_IRQHandler
 .text.OTG_FS_IRQHandler
                0x08009c6c       0x10 ..\obj\usb_bsp.o
                0x08009c6c                OTG_FS_IRQHandler
 .text.USBD_StdDevReq
                0x08009c7c       0xa4 ..\obj\usbd_req.o
                0x08009c7c                USBD_StdDevReq
 .text.USBD_StdItfReq
                0x08009d20       0x6c ..\obj\usbd_req.o
                0x08009d20                USBD_StdItfReq
 .text.USBD_StdEPReq
                0x08009d8c      0x1c8 ..\obj\usbd_req.o
                0x08009d8c                USBD_StdEPReq
 .text.USBD_GetDescriptor
                0x08009f54      0x1c8 ..\obj\usbd_req.o
 .text.USBD_SetAddress
                0x0800a11c       0x80 ..\obj\usbd_req.o
 .text.USBD_SetConfig
                0x0800a19c       0xf8 ..\obj\usbd_req.o
 .text.USBD_GetConfig
                0x0800a294       0x64 ..\obj\usbd_req.o
 .text.USBD_GetStatus
                0x0800a2f8       0x58 ..\obj\usbd_req.o
 .text.USBD_SetFeature
                0x0800a350       0xe0 ..\obj\usbd_req.o
 .text.USBD_ClrFeature
                0x0800a430       0x58 ..\obj\usbd_req.o
 .text.USBD_ParseSetupRequest
                0x0800a488       0x94 ..\obj\usbd_req.o
                0x0800a488                USBD_ParseSetupRequest
 .text.USBD_CtlError
                0x0800a51c       0x50 ..\obj\usbd_req.o
                0x0800a51c                USBD_CtlError
 .text.USBD_GetString
                0x0800a56c       0x9c ..\obj\usbd_req.o
                0x0800a56c                USBD_GetString
 .text.USBD_GetLen
                0x0800a608       0x38 ..\obj\usbd_req.o
 .text.pxPortInitialiseStack
                0x0800a640       0x60 ..\obj\port.o
                0x0800a640                pxPortInitialiseStack
 .text.prvTaskExitError
                0x0800a6a0       0x20 ..\obj\port.o
 .text.SVC_Handler
                0x0800a6c0       0x24 ..\obj\port.o
                0x0800a6c0                SVC_Handler
 .text.prvPortStartFirstTask
                0x0800a6e4       0x20 ..\obj\port.o
 .text.xPortStartScheduler
                0x0800a704       0xcc ..\obj\port.o
                0x0800a704                xPortStartScheduler
 .text.vPortYield
                0x0800a7d0       0x20 ..\obj\port.o
                0x0800a7d0                vPortYield
 .text.vPortEnterCritical
                0x0800a7f0       0x40 ..\obj\port.o
                0x0800a7f0                vPortEnterCritical
 .text.vPortExitCritical
                0x0800a830       0x34 ..\obj\port.o
                0x0800a830                vPortExitCritical
 .text.ulPortSetInterruptMask
                0x0800a864       0x14 ..\obj\port.o
                0x0800a864                ulPortSetInterruptMask
 .text.vPortClearInterruptMask
                0x0800a878        0x8 ..\obj\port.o
                0x0800a878                vPortClearInterruptMask
 .text.PendSV_Handler
                0x0800a880       0x44 ..\obj\port.o
                0x0800a880                PendSV_Handler
 .text.SysTick_Handler
                0x0800a8c4       0x28 ..\obj\port.o
                0x0800a8c4                SysTick_Handler
 .text.vPortSetupTimerInterrupt
                0x0800a8ec       0x24 ..\obj\port.o
                0x0800a8ec                vPortSetupTimerInterrupt
 .text.vPortValidateInterruptPriority
                0x0800a910       0x5c ..\obj\port.o
                0x0800a910                vPortValidateInterruptPriority
 .text.xQueueGenericReset
                0x0800a96c       0xc0 ..\obj\queue.o
                0x0800a96c                xQueueGenericReset
 .text.xQueueGenericCreate
                0x0800aa2c       0xa0 ..\obj\queue.o
                0x0800aa2c                xQueueGenericCreate
 .text.xQueueCreateMutex
                0x0800aacc       0xa4 ..\obj\queue.o
                0x0800aacc                xQueueCreateMutex
 .text.xQueueGenericSend
                0x0800ab70      0x188 ..\obj\queue.o
                0x0800ab70                xQueueGenericSend
 .text.xQueueGiveFromISR
                0x0800acf8       0xac ..\obj\queue.o
                0x0800acf8                xQueueGiveFromISR
 .text.xQueueGenericReceive
                0x0800ada4      0x1b8 ..\obj\queue.o
                0x0800ada4                xQueueGenericReceive
 .text.prvCopyDataToQueue
                0x0800af5c       0xe8 ..\obj\queue.o
 .text.prvCopyDataFromQueue
                0x0800b044       0x50 ..\obj\queue.o
 .text.prvUnlockQueue
                0x0800b094       0xa0 ..\obj\queue.o
 .text.prvIsQueueEmpty
                0x0800b134       0x34 ..\obj\queue.o
 .text.prvIsQueueFull
                0x0800b168       0x38 ..\obj\queue.o
 .text.USBD_OTG_ISR_Handler
                0x0800b1a0      0x164 ..\obj\usb_dcd_int.o
                0x0800b1a0                USBD_OTG_ISR_Handler
 .text.DCD_HandleResume_ISR
                0x0800b304       0x88 ..\obj\usb_dcd_int.o
 .text.DCD_HandleUSBSuspend_ISR
                0x0800b38c       0xa4 ..\obj\usb_dcd_int.o
 .text.DCD_HandleInEP_ISR
                0x0800b430      0x22c ..\obj\usb_dcd_int.o
 .text.DCD_HandleOutEP_ISR
                0x0800b65c      0x1a8 ..\obj\usb_dcd_int.o
 .text.DCD_HandleSof_ISR
                0x0800b804       0x3c ..\obj\usb_dcd_int.o
 .text.DCD_HandleRxStatusQueueLevel_ISR
                0x0800b840      0x114 ..\obj\usb_dcd_int.o
 .text.DCD_WriteEmptyTxFifo
                0x0800b954      0x130 ..\obj\usb_dcd_int.o
 .text.DCD_HandleUsbReset_ISR
                0x0800ba84      0x16c ..\obj\usb_dcd_int.o
 .text.DCD_HandleEnumDone_ISR
                0x0800bbf0       0x88 ..\obj\usb_dcd_int.o
 .text.DCD_IsoINIncomplete_ISR
                0x0800bc78       0x3c ..\obj\usb_dcd_int.o
 .text.DCD_IsoOUTIncomplete_ISR
                0x0800bcb4       0x3c ..\obj\usb_dcd_int.o
 .text.DCD_ReadDevInEP
                0x0800bcf0       0x58 ..\obj\usb_dcd_int.o
 .text.NVIC_EnableIRQ
                0x0800bd48       0x34 ..\obj\portserial.o
 .text.RS485SerialEnable
                0x0800bd7c      0x10c ..\obj\portserial.o
                0x0800bd7c                RS485SerialEnable
 .text.RS485SerialInit
                0x0800be88      0x150 ..\obj\portserial.o
                0x0800be88                RS485SerialInit
 .text.RS485SerialPutByte
                0x0800bfd8       0x3c ..\obj\portserial.o
                0x0800bfd8                RS485SerialPutByte
 .text.RS485SerialGetByte
                0x0800c014       0x34 ..\obj\portserial.o
                0x0800c014                RS485SerialGetByte
 .text.USART3_IRQHandler
                0x0800c048       0x90 ..\obj\portserial.o
                0x0800c048                USART3_IRQHandler
 .text.RS485SerialContextInit
                0x0800c0d8       0x60 ..\obj\portserial.o
                0x0800c0d8                RS485SerialContextInit
 .text.RS232SerialEnable
                0x0800c138       0x88 ..\obj\portserial.o
                0x0800c138                RS232SerialEnable
 .text.RS232SerialInit
                0x0800c1c0      0x11c ..\obj\portserial.o
                0x0800c1c0                RS232SerialInit
 .text.RS232SerialPutByte
                0x0800c2dc       0x3c ..\obj\portserial.o
                0x0800c2dc                RS232SerialPutByte
 .text.RS232SerialGetByte
                0x0800c318       0x34 ..\obj\portserial.o
                0x0800c318                RS232SerialGetByte
 .text.USART6_IRQHandler
                0x0800c34c       0x90 ..\obj\portserial.o
                0x0800c34c                USART6_IRQHandler
 .text.RS232SerialContextInit
                0x0800c3dc       0x60 ..\obj\portserial.o
                0x0800c3dc                RS232SerialContextInit
 .text.USB_CDC_SerialPutByte
                0x0800c43c       0x3c ..\obj\portserial.o
                0x0800c43c                USB_CDC_SerialPutByte
 .text.USB_CDC_SerialGetByte
                0x0800c478       0x28 ..\obj\portserial.o
                0x0800c478                USB_CDC_SerialGetByte
 .text.USB_CDC_SerialInit
                0x0800c4a0       0x80 ..\obj\portserial.o
                0x0800c4a0                USB_CDC_SerialInit
 .text.USB_CDC_SerialEnable
                0x0800c520       0x44 ..\obj\portserial.o
                0x0800c520                USB_CDC_SerialEnable
 .text.USB_CDC_SerialContextInit
                0x0800c564       0x60 ..\obj\portserial.o
                0x0800c564                USB_CDC_SerialContextInit
 .text.USB_CDC_Task
                0x0800c5c4       0x44 ..\obj\portserial.o
 .text.usbd_cdc_Init
                0x0800c608       0xc0 ..\obj\usbd_cdc_core.o
 .text.usbd_cdc_DeInit
                0x0800c6c8       0x44 ..\obj\usbd_cdc_core.o
 .text.usbd_cdc_Setup
                0x0800c70c      0x138 ..\obj\usbd_cdc_core.o
 .text.usbd_cdc_EP0_RxReady
                0x0800c844       0x48 ..\obj\usbd_cdc_core.o
 .text.usbd_cdc_DataIn
                0x0800c88c       0xd4 ..\obj\usbd_cdc_core.o
 .text.usbd_cdc_DataOut
                0x0800c960       0x60 ..\obj\usbd_cdc_core.o
 .text.usbd_cdc_SOF
                0x0800c9c0       0x44 ..\obj\usbd_cdc_core.o
 .text.Handle_USBAsynchXfer
                0x0800ca04      0x114 ..\obj\usbd_cdc_core.o
 .text.USBD_cdc_GetCfgDesc
                0x0800cb18       0x28 ..\obj\usbd_cdc_core.o
 .text.SPI_Init
                0x0800cb40       0x88 ..\obj\stm32f4xx_spi.o
                0x0800cb40                SPI_Init
 .text.SPI_Cmd  0x0800cbc8       0x40 ..\obj\stm32f4xx_spi.o
                0x0800cbc8                SPI_Cmd
 .text.SPI_CalculateCRC
                0x0800cc08       0x40 ..\obj\stm32f4xx_spi.o
                0x0800cc08                SPI_CalculateCRC
 .text.eMBFuncReadCoils
                0x0800cc48      0x134 ..\obj\mbfunccoils.o
                0x0800cc48                eMBFuncReadCoils
 .text.eMBFuncWriteCoil
                0x0800cd7c       0xcc ..\obj\mbfunccoils.o
                0x0800cd7c                eMBFuncWriteCoil
 .text.eMBFuncWriteMultipleCoils
                0x0800ce48       0xf4 ..\obj\mbfunccoils.o
                0x0800ce48                eMBFuncWriteMultipleCoils
 .text.ADS1220_Init
                0x0800cf3c       0xe8 ..\obj\ADS1220.o
                0x0800cf3c                ADS1220_Init
 .text.ADC_SPI_config
                0x0800d024      0x13c ..\obj\ADS1220.o
 .text.ADC_SPI_send
                0x0800d160       0x4c ..\obj\ADS1220.o
                0x0800d160                ADC_SPI_send
 .text.ADC_SPI_read
                0x0800d1ac       0x14 ..\obj\ADS1220.o
                0x0800d1ac                ADC_SPI_read
 .text.ADC_RTD1_Task
                0x0800d1c0      0x308 ..\obj\ADS1220.o
 .text.ADC_RTD2_Task
                0x0800d4c8      0x308 ..\obj\ADS1220.o
 .text.ADC_Current1_Task
                0x0800d7d0      0x3c4 ..\obj\ADS1220.o
 .text.ADC_Current2_Task
                0x0800db94      0x3d4 ..\obj\ADS1220.o
 .text.PT100_Code_To_Temperature
                0x0800df68      0x140 ..\obj\ADS1220.o
                0x0800df68                PT100_Code_To_Temperature
 .text.Code_To_Current
                0x0800e0a8       0xdc ..\obj\ADS1220.o
                0x0800e0a8                Code_To_Current
 .text.I2C_DeInit
                0x0800e184       0x80 ..\obj\stm32f4xx_i2c.o
                0x0800e184                I2C_DeInit
 .text.I2C_Init
                0x0800e204      0x1a4 ..\obj\stm32f4xx_i2c.o
                0x0800e204                I2C_Init
 .text.I2C_Cmd  0x0800e3a8       0x40 ..\obj\stm32f4xx_i2c.o
                0x0800e3a8                I2C_Cmd
 .text.I2C_GenerateSTART
                0x0800e3e8       0x40 ..\obj\stm32f4xx_i2c.o
                0x0800e3e8                I2C_GenerateSTART
 .text.I2C_GenerateSTOP
                0x0800e428       0x40 ..\obj\stm32f4xx_i2c.o
                0x0800e428                I2C_GenerateSTOP
 .text.I2C_Send7bitAddress
                0x0800e468       0x3c ..\obj\stm32f4xx_i2c.o
                0x0800e468                I2C_Send7bitAddress
 .text.I2C_AcknowledgeConfig
                0x0800e4a4       0x40 ..\obj\stm32f4xx_i2c.o
                0x0800e4a4                I2C_AcknowledgeConfig
 .text.I2C_NACKPositionConfig
                0x0800e4e4       0x40 ..\obj\stm32f4xx_i2c.o
                0x0800e4e4                I2C_NACKPositionConfig
 .text.I2C_SendData
                0x0800e524       0x20 ..\obj\stm32f4xx_i2c.o
                0x0800e524                I2C_SendData
 .text.I2C_ReceiveData
                0x0800e544       0x1c ..\obj\stm32f4xx_i2c.o
                0x0800e544                I2C_ReceiveData
 .text.I2C_CheckEvent
                0x0800e560       0x70 ..\obj\stm32f4xx_i2c.o
                0x0800e560                I2C_CheckEvent
 .text.I2C_GetFlagStatus
                0x0800e5d0       0x78 ..\obj\stm32f4xx_i2c.o
                0x0800e5d0                I2C_GetFlagStatus
 .text.NVIC_EnableIRQ
                0x0800e648       0x34 ..\obj\frequency.o
 .text.FrequencyMeasureInit
                0x0800e67c      0x340 ..\obj\frequency.o
                0x0800e67c                FrequencyMeasureInit
 .text.TIM2_IRQHandler
                0x0800e9bc      0x13c ..\obj\frequency.o
                0x0800e9bc                TIM2_IRQHandler
 .text.FrequencyCH1Measure_Task
                0x0800eaf8      0x1c0 ..\obj\frequency.o
 .text.FrequencyCH2Measure_Task
                0x0800ecb8      0x1c0 ..\obj\frequency.o
 .text.EXTI_Init
                0x0800ee78       0xe8 ..\obj\stm32f4xx_exti.o
                0x0800ee78                EXTI_Init
 .text.EXTI_GetITStatus
                0x0800ef60       0x50 ..\obj\stm32f4xx_exti.o
                0x0800ef60                EXTI_GetITStatus
 .text.EXTI_ClearITPendingBit
                0x0800efb0       0x1c ..\obj\stm32f4xx_exti.o
                0x0800efb0                EXTI_ClearITPendingBit
 .text.NVIC_PriorityGroupConfig
                0x0800efcc       0x24 ..\obj\misc.o
                0x0800efcc                NVIC_PriorityGroupConfig
 .text.NVIC_Init
                0x0800eff0       0xd4 ..\obj\misc.o
                0x0800eff0                NVIC_Init
 .text.DCD_Init
                0x0800f0c4      0x12c ..\obj\usb_dcd.o
                0x0800f0c4                DCD_Init
 .text.DCD_EP_Open
                0x0800f1f0       0xac ..\obj\usb_dcd.o
                0x0800f1f0                DCD_EP_Open
 .text.DCD_EP_Close
                0x0800f29c       0x80 ..\obj\usb_dcd.o
                0x0800f29c                DCD_EP_Close
 .text.DCD_EP_PrepareRx
                0x0800f31c       0x8c ..\obj\usb_dcd.o
                0x0800f31c                DCD_EP_PrepareRx
 .text.DCD_EP_Tx
                0x0800f3a8       0x84 ..\obj\usb_dcd.o
                0x0800f3a8                DCD_EP_Tx
 .text.DCD_EP_Stall
                0x0800f42c       0x84 ..\obj\usb_dcd.o
                0x0800f42c                DCD_EP_Stall
 .text.DCD_EP_ClrStall
                0x0800f4b0       0x84 ..\obj\usb_dcd.o
                0x0800f4b0                DCD_EP_ClrStall
 .text.DCD_EP_SetAddress
                0x0800f534       0x3c ..\obj\usb_dcd.o
                0x0800f534                DCD_EP_SetAddress
 .text.RTC_Init
                0x0800f570       0x88 ..\obj\stm32f4xx_rtc.o
                0x0800f570                RTC_Init
 .text.RTC_StructInit
                0x0800f5f8       0x2c ..\obj\stm32f4xx_rtc.o
                0x0800f5f8                RTC_StructInit
 .text.RTC_EnterInitMode
                0x0800f624       0x80 ..\obj\stm32f4xx_rtc.o
                0x0800f624                RTC_EnterInitMode
 .text.RTC_ExitInitMode
                0x0800f6a4       0x1c ..\obj\stm32f4xx_rtc.o
                0x0800f6a4                RTC_ExitInitMode
 .text.RTC_WaitForSynchro
                0x0800f6c0       0x88 ..\obj\stm32f4xx_rtc.o
                0x0800f6c0                RTC_WaitForSynchro
 .text.RTC_SetTime
                0x0800f748      0x124 ..\obj\stm32f4xx_rtc.o
                0x0800f748                RTC_SetTime
 .text.RTC_GetTime
                0x0800f86c       0xa4 ..\obj\stm32f4xx_rtc.o
                0x0800f86c                RTC_GetTime
 .text.RTC_SetDate
                0x0800f910      0x12c ..\obj\stm32f4xx_rtc.o
                0x0800f910                RTC_SetDate
 .text.RTC_GetDate
                0x0800fa3c       0xa4 ..\obj\stm32f4xx_rtc.o
                0x0800fa3c                RTC_GetDate
 .text.RTC_WriteBackupRegister
                0x0800fae0       0x34 ..\obj\stm32f4xx_rtc.o
                0x0800fae0                RTC_WriteBackupRegister
 .text.RTC_ByteToBcd2
                0x0800fb14       0x44 ..\obj\stm32f4xx_rtc.o
 .text.RTC_Bcd2ToByte
                0x0800fb58       0x40 ..\obj\stm32f4xx_rtc.o
 .text.USBD_CtlSendData
                0x0800fb98       0x48 ..\obj\usbd_ioreq.o
                0x0800fb98                USBD_CtlSendData
 .text.USBD_CtlContinueSendData
                0x0800fbe0       0x30 ..\obj\usbd_ioreq.o
                0x0800fbe0                USBD_CtlContinueSendData
 .text.USBD_CtlPrepareRx
                0x0800fc10       0x48 ..\obj\usbd_ioreq.o
                0x0800fc10                USBD_CtlPrepareRx
 .text.USBD_CtlContinueRx
                0x0800fc58       0x30 ..\obj\usbd_ioreq.o
                0x0800fc58                USBD_CtlContinueRx
 .text.USBD_CtlSendStatus
                0x0800fc88       0x3c ..\obj\usbd_ioreq.o
                0x0800fc88                USBD_CtlSendStatus
 .text.USBD_CtlReceiveStatus
                0x0800fcc4       0x3c ..\obj\usbd_ioreq.o
                0x0800fcc4                USBD_CtlReceiveStatus
 .text.pvPortMalloc
                0x0800fd00      0x138 ..\obj\heap_2.o
                0x0800fd00                pvPortMalloc
 .text.vPortFree
                0x0800fe38       0x7c ..\obj\heap_2.o
                0x0800fe38                vPortFree
 .text.xPortGetFreeHeapSize
                0x0800feb4       0x14 ..\obj\heap_2.o
                0x0800feb4                xPortGetFreeHeapSize
 .text.prvHeapInit
                0x0800fec8       0x54 ..\obj\heap_2.o
 .text.ControllerInit
                0x0800ff1c       0x4c ..\obj\controller.o
                0x0800ff1c                ControllerInit
 .text.Controller_RestoreSettings
                0x0800ff68      0x15c ..\obj\controller.o
                0x0800ff68                Controller_RestoreSettings
 .text.TIM_TimeBaseInit
                0x080100c4       0xd8 ..\obj\stm32f4xx_tim.o
                0x080100c4                TIM_TimeBaseInit
 .text.TIM_TimeBaseStructInit
                0x0801019c       0x3c ..\obj\stm32f4xx_tim.o
                0x0801019c                TIM_TimeBaseStructInit
 .text.TIM_SetCounter
                0x080101d8       0x1c ..\obj\stm32f4xx_tim.o
                0x080101d8                TIM_SetCounter
 .text.TIM_ARRPreloadConfig
                0x080101f4       0x40 ..\obj\stm32f4xx_tim.o
                0x080101f4                TIM_ARRPreloadConfig
 .text.TIM_Cmd  0x08010234       0x40 ..\obj\stm32f4xx_tim.o
                0x08010234                TIM_Cmd
 .text.TIM_ICInit
                0x08010274       0xa8 ..\obj\stm32f4xx_tim.o
                0x08010274                TIM_ICInit
 .text.TIM_SetIC1Prescaler
                0x0801031c       0x38 ..\obj\stm32f4xx_tim.o
                0x0801031c                TIM_SetIC1Prescaler
 .text.TIM_SetIC2Prescaler
                0x08010354       0x3c ..\obj\stm32f4xx_tim.o
                0x08010354                TIM_SetIC2Prescaler
 .text.TIM_SetIC3Prescaler
                0x08010390       0x38 ..\obj\stm32f4xx_tim.o
                0x08010390                TIM_SetIC3Prescaler
 .text.TIM_SetIC4Prescaler
                0x080103c8       0x3c ..\obj\stm32f4xx_tim.o
                0x080103c8                TIM_SetIC4Prescaler
 .text.TIM_ITConfig
                0x08010404       0x48 ..\obj\stm32f4xx_tim.o
                0x08010404                TIM_ITConfig
 .text.TIM_ClearFlag
                0x0801044c       0x24 ..\obj\stm32f4xx_tim.o
                0x0801044c                TIM_ClearFlag
 .text.TIM_ClearITPendingBit
                0x08010470       0x24 ..\obj\stm32f4xx_tim.o
                0x08010470                TIM_ClearITPendingBit
 .text.TIM_ETRClockMode2Config
                0x08010494       0x34 ..\obj\stm32f4xx_tim.o
                0x08010494                TIM_ETRClockMode2Config
 .text.TIM_ETRConfig
                0x080104c8       0x4c ..\obj\stm32f4xx_tim.o
                0x080104c8                TIM_ETRConfig
 .text.TI1_Config
                0x08010514       0x80 ..\obj\stm32f4xx_tim.o
 .text.TI2_Config
                0x08010594       0x9c ..\obj\stm32f4xx_tim.o
 .text.TI3_Config
                0x08010630       0x8c ..\obj\stm32f4xx_tim.o
 .text.TI4_Config
                0x080106bc       0xa4 ..\obj\stm32f4xx_tim.o
 .text.NVIC_SystemReset
                0x08010760       0x28 ..\obj\power_detector.o
 .text.Power_Detector_Init
                0x08010788       0x80 ..\obj\power_detector.o
                0x08010788                Power_Detector_Init
 .text.PVD_IRQHandler
                0x08010808       0x20 ..\obj\power_detector.o
                0x08010808                PVD_IRQHandler
 .text          0x08010828       0xa4 C:\Program Files\CooCox\CoIDE\gcc\Sourcery G++ Lite\arm-none-eabi\lib\thumb2\libm.a(lib_a-wf_sqrt.o)
                0x08010828                sqrtf
 .text          0x080108cc       0xb0 C:\Program Files\CooCox\CoIDE\gcc\Sourcery G++ Lite\arm-none-eabi\lib\thumb2\libm.a(lib_a-ef_sqrt.o)
                0x080108cc                __ieee754_sqrtf
 .text          0x0801097c        0x4 C:\Program Files\CooCox\CoIDE\gcc\Sourcery G++ Lite\arm-none-eabi\lib\thumb2\libm.a(lib_a-s_matherr.o)
                0x0801097c                matherr
 .text          0x08010980       0x7c C:\Program Files\CooCox\CoIDE\gcc\Sourcery G++ Lite\arm-none-eabi\lib\thumb2\libm.a(lib_a-sf_fpclassify.o)
                0x08010980                __fpclassifyf
 .text          0x080109fc        0xc C:\Program Files\CooCox\CoIDE\gcc\Sourcery G++ Lite\arm-none-eabi\lib\thumb2\libc.a(lib_a-errno.o)
                0x080109fc                __errno
 .text          0x08010a08       0x58 C:\Program Files\CooCox\CoIDE\gcc\Sourcery G++ Lite\arm-none-eabi\lib\thumb2\libc.a(lib_a-memcmp.o)
                0x08010a08                memcmp
 .text          0x08010a60      0x150 C:\Program Files\CooCox\CoIDE\gcc\Sourcery G++ Lite\arm-none-eabi\lib\thumb2\libc.a(lib_a-memcpy.o)
                0x08010a60                memcpy
 .text          0x08010bb0       0xb4 C:\Program Files\CooCox\CoIDE\gcc\Sourcery G++ Lite\arm-none-eabi\lib\thumb2\libc.a(lib_a-memset.o)
                0x08010bb0                memset
 .text          0x08010c64      0x370 c:/stm32/arm_eabi/bin/../lib/gcc/arm-none-eabi/4.7.2/thumb2\libgcc.a(_arm_addsubdf3.o)
                0x08010c64                __aeabi_drsub
                0x08010c6c                __aeabi_dsub
                0x08010c6c                __subdf3
                0x08010c70                __aeabi_dadd
                0x08010c70                __adddf3
                0x08010ee8                __floatunsidf
                0x08010ee8                __aeabi_ui2d
                0x08010f08                __floatsidf
                0x08010f08                __aeabi_i2d
                0x08010f2c                __aeabi_f2d
                0x08010f2c                __extendsfdf2
                0x08010f68                __floatundidf
                0x08010f68                __aeabi_ul2d
                0x08010f78                __floatdidf
                0x08010f78                __aeabi_l2d
 .text          0x08010fd4      0x424 c:/stm32/arm_eabi/bin/../lib/gcc/arm-none-eabi/4.7.2/thumb2\libgcc.a(_arm_muldivdf3.o)
                0x08010fd4                __aeabi_dmul
                0x08010fd4                __muldf3
                0x08011228                __divdf3
                0x08011228                __aeabi_ddiv
 .text          0x080113f8       0xa0 c:/stm32/arm_eabi/bin/../lib/gcc/arm-none-eabi/4.7.2/thumb2\libgcc.a(_arm_truncdfsf2.o)
                0x080113f8                __truncdfsf2
                0x080113f8                __aeabi_d2f
 .text          0x08011498      0x21c c:/stm32/arm_eabi/bin/../lib/gcc/arm-none-eabi/4.7.2/thumb2\libgcc.a(_arm_addsubsf3.o)
                0x08011498                __aeabi_frsub
                0x080114a0                __subsf3
                0x080114a0                __aeabi_fsub
                0x080114a4                __aeabi_fadd
                0x080114a4                __addsf3
                0x08011604                __aeabi_ui2f
                0x08011604                __floatunsisf
                0x0801160c                __aeabi_i2f
                0x0801160c                __floatsisf
                0x08011628                __aeabi_ul2f
                0x08011628                __floatundisf
                0x08011638                __aeabi_l2f
                0x08011638                __floatdisf
 .text          0x080116b4      0x2a0 c:/stm32/arm_eabi/bin/../lib/gcc/arm-none-eabi/4.7.2/thumb2\libgcc.a(_arm_muldivsf3.o)
                0x080116b4                __mulsf3
                0x080116b4                __aeabi_fmul
                0x0801181c                __aeabi_fdiv
                0x0801181c                __divsf3
 .text          0x08011954       0xec c:/stm32/arm_eabi/bin/../lib/gcc/arm-none-eabi/4.7.2/thumb2\libgcc.a(_arm_cmpsf2.o)
                0x08011954                __gesf2
                0x08011954                __gtsf2
                0x0801195c                __lesf2
                0x0801195c                __ltsf2
                0x08011964                __nesf2
                0x08011964                __eqsf2
                0x08011964                __cmpsf2
                0x080119c4                __aeabi_cfrcmple
                0x080119cc                __aeabi_cfcmpeq
                0x080119cc                __aeabi_cfcmple
                0x080119dc                __aeabi_fcmpeq
                0x080119f0                __aeabi_fcmplt
                0x08011a04                __aeabi_fcmple
                0x08011a18                __aeabi_fcmpge
                0x08011a2c                __aeabi_fcmpgt
 .text          0x08011a40       0x40 c:/stm32/arm_eabi/bin/../lib/gcc/arm-none-eabi/4.7.2/thumb2\libgcc.a(_arm_fixunssfsi.o)
                0x08011a40                __fixunssfsi
                0x08011a40                __aeabi_f2uiz
 *(.init)
 *(.fini)
 *crtbegin.o(.ctors)
 *crtbegin?.o(.ctors)
 *(EXCLUDE_FILE(*crtend.o *crtend?.o) .ctors)
 *(SORT(.ctors.*))
 *(.ctors)
 *crtbegin.o(.dtors)
 *crtbegin?.o(.dtors)
 *(EXCLUDE_FILE(*crtend.o *crtend?.o) .dtors)
 *(SORT(.dtors.*))
 *(.dtors)
 *(.rodata*)
 .rodata        0x08011a80       0x2c ..\obj\protocol.o
 .rodata        0x08011aac      0x200 ..\obj\mbcrc.o
 .rodata        0x08011cac        0x8 ..\obj\watchdog.o
 .rodata        0x08011cb4       0x1c ..\obj\tasks.o
 .rodata        0x08011cd0       0x98 ..\obj\usbd_desc.o
 .rodata        0x08011d68        0x4 ..\obj\port.o
 .rodata        0x08011d6c        0xc ..\obj\portserial.o
 .rodata        0x08011d78       0x58 ..\obj\ADS1220.o
 .rodata        0x08011dd0       0x18 ..\obj\frequency.o
 .rodata        0x08011de8        0x2 ..\obj\heap_2.o
 *fill*         0x08011dea        0x2 
 .rodata        0x08011dec       0x84 ..\obj\controller.o
                0x08011dec                stSettingsDefault
 .rodata.str1.4
                0x08011e70        0x8 C:\Program Files\CooCox\CoIDE\gcc\Sourcery G++ Lite\arm-none-eabi\lib\thumb2\libm.a(lib_a-wf_sqrt.o)
 *(.eh_fram e*)

.glue_7         0x08011e78        0x0
 .glue_7        0x00000000        0x0 linker stubs

.glue_7t        0x08011e78        0x0
 .glue_7t       0x00000000        0x0 linker stubs

.vfp11_veneer   0x08011e78        0x0
 .vfp11_veneer  0x00000000        0x0 linker stubs

.v4_bx          0x08011e78        0x0
 .v4_bx         0x00000000        0x0 linker stubs

.iplt           0x08011e78        0x0
 .iplt          0x00000000        0x0 ..\obj\socket.o

.rel.dyn        0x08011e78        0x0
 .rel.iplt      0x00000000        0x0 ..\obj\socket.o

.ARM.extab
 *(.ARM.extab* .gnu.linkonce.armextab.*)
                0x08011e78                __exidx_start = .

.ARM.exidx
 *(.ARM.exidx* .gnu.linkonce.armexidx.*)
                0x08011e78                __exidx_end = .
                0x08011e78                __etext = .
                0x08011e78                _sidata = __etext

.data           0x20000000      0x2cc load address 0x08011e78
                0x20000000                __data_start__ = .
                0x20000000                _sdata = __data_start__
 *(vtable)
 *(.data*)
 .data          0x20000000        0x6 ..\obj\mbport.o
                0x20000000                REG_INPUT_START
                0x20000001                REG_HOLDING_START
                0x20000002                REG_INPUT_NREGS
                0x20000003                REG_HOLDING_NREGS
                0x20000004                usRegInputStart
                0x20000005                usRegHoldingStart
 *fill*         0x20000006        0x2 
 .data          0x20000008       0x88 ..\obj\mb.o
 .data          0x20000090       0x1c ..\obj\usbd_usr.o
                0x20000090                USR_cb
 .data          0x200000ac       0x30 ..\obj\usbd_core.o
                0x200000ac                USBD_DCD_INT_cb
                0x200000d8                USBD_DCD_INT_fops
 .data          0x200000dc       0x10 ..\obj\stm32f4xx_rcc.o
 .data          0x200000ec       0xf4 ..\obj\printf.o
                0x200000ec                r
                0x200001dc                _impure_ptr
 .data          0x200001e0        0x4 ..\obj\tasks.o
 .data          0x200001e4       0x40 ..\obj\usbd_desc.o
                0x200001e4                USR_desc
                0x20000200                USBD_DeviceDesc
                0x20000214                USBD_DeviceQualifierDesc
                0x20000220                USBD_LangIDDesc
 .data          0x20000224       0x14 ..\obj\usbd_cdc_vcp.o
                0x20000224                VCP_fops
 .data          0x20000238       0x14 ..\obj\system_stm32f4xx.o
                0x20000238                SystemCoreClock
                0x2000023c                AHBPrescTable
 .data          0x2000024c        0x4 ..\obj\port.o
 .data          0x20000250       0x74 ..\obj\usbd_cdc_core.o
                0x20000250                usbd_cdc_CfgDesc
                0x20000298                USBD_CDC_cb
 .data          0x200002c4        0x4 ..\obj\heap_2.o
 .data          0x200002c8        0x1 C:\Program Files\CooCox\CoIDE\gcc\Sourcery G++ Lite\arm-none-eabi\lib\thumb2\libm.a(lib_a-s_lib_ver.o)
                0x200002c8                __fdlib_version
                0x200002cc                . = ALIGN (0x4)
 *fill*         0x200002c9        0x3 
                0x200002cc                PROVIDE (__preinit_array_start, .)
 *(.preinit_array)
                0x200002cc                PROVIDE (__preinit_array_end, .)
                0x200002cc                . = ALIGN (0x4)
                0x200002cc                PROVIDE (__init_array_start, .)
 *(SORT(.init_array.*))
 *(.init_array)
                0x200002cc                PROVIDE (__init_array_end, .)
                0x200002cc                . = ALIGN (0x4)
                0x200002cc                PROVIDE (__fini_array_start, .)
 *(SORT(.fini_array.*))
 *(.fini_array)
                0x200002cc                PROVIDE (__fini_array_end, .)
 *(.jcr*)
                0x200002cc                . = ALIGN (0x4)
                0x200002cc                __data_end__ = .
                0x200002cc                _edata = __data_end__

.igot.plt       0x200002cc        0x0 load address 0x08012144
 .igot.plt      0x00000000        0x0 ..\obj\socket.o

.bss            0x200002d0     0x56d4 load address 0x08012148
                0x200002d0                . = ALIGN (0x4)
                0x200002d0                __bss_start__ = .
                0x200002d0                _sbss = __bss_start__
 *(.bss*)
 .bss           0x200002d0       0x24 ..\obj\mbfuncother.o
 .bss           0x200002f4       0x48 ..\obj\sdio_sd.o
                0x2000032c                StopCondition
                0x20000330                TransferError
                0x20000334                TransferEnd
                0x20000338                DMAEndOfTransfer
 .bss           0x2000033c       0xfc ..\obj\tasks.o
                0x2000033c                pxCurrentTCB
 .bss           0x20000438        0xc ..\obj\porttimer.o
 .bss           0x20000444       0x10 ..\obj\usbd_req.o
                0x20000444                USBD_ep_status
                0x20000448                USBD_default_cfg
                0x2000044c                USBD_cfg_status
 .bss           0x20000454        0x8 ..\obj\port.o
 .bss           0x2000045c       0x14 ..\obj\portserial.o
 .bss           0x20000470       0x20 ..\obj\usbd_cdc_core.o
                0x20000474                APP_Rx_ptr_in
                0x20000478                APP_Rx_ptr_out
                0x2000047c                APP_Rx_length
                0x20000480                USB_Tx_State
 .bss           0x20000490       0x1c ..\obj\frequency.o
                0x200004a8                xHigherPriorityTaskWoken
 .bss           0x200004ac     0x4014 ..\obj\heap_2.o
 *(COMMON)
 COMMON         0x200044c0      0x45c ..\obj\protocol.o
                0x200044c0                stContext_RS232
                0x20004634                stContext_RS485
                0x200047a8                stContext_USB_CDC
 COMMON         0x2000491c       0x50 ..\obj\watchdog.o
                0x2000491c                task_watches
 COMMON         0x2000496c        0x4 ..\obj\fram_i2c.o
                0x2000496c                xI2CBusMutex
 COMMON         0x20004970       0x88 ..\obj\usbd_cdc_vcp.o
                0x20004970                APP_Tx_Buffer
                0x200049f0                APP_tx_ptr_tail
                0x200049f4                APP_tx_ptr_head
 COMMON         0x200049f8       0x32 ..\obj\usbd_req.o
                0x200049f8                USBD_StrDesc
 *fill*         0x20004a2a        0x2 
 COMMON         0x20004a2c      0x5f4 ..\obj\portserial.o
                0x20004a2c                temp_char
                0x20004a30                USB_OTG_dev
 COMMON         0x20005020      0x88c ..\obj\usbd_cdc_core.o
                0x20005020                usbd_cdc_OtherCfgDesc
                0x20005064                USB_Rx_Buffer
                0x200050a4                CmdBuff
                0x200050ac                APP_Rx_Buffer
 COMMON         0x200058ac        0x4 ..\obj\ADS1220.o
                0x200058ac                xADC_SPI_Mutex
 COMMON         0x200058b0        0x8 ..\obj\frequency.o
                0x200058b0                xFrequencySemaphore
 COMMON         0x200058b8       0xec ..\obj\controller.o
                0x200058b8                stSettings
                0x2000593c                xMeasureDataMutex
                0x20005940                stMeasureData
                0x200059a0                xSettingsMutex
                0x200059a4                . = ALIGN (0x4)
                0x200059a4                __bss_end__ = .
                0x200059a4                _ebss = __bss_end__

.heap           0x200059a4        0x0
                0x200059a4                __end__ = .
                0x200059a4                _end = __end__
                0x200059a4                end = __end__
 *(.heap*)
                0x200059a4                __HeapLimit = .

.co_stack       0x200059a4      0x804 load address 0x0801781c
                0x200059a8                . = ALIGN (0x8)
 *fill*         0x200059a4        0x4 
 *(.co_stack .co_stack.*)
 .co_stack      0x200059a8      0x800 ..\obj\startup_stm32f4xx.o
                0x200059a8                pulStack
                0x20020000                __StackTop = (ORIGIN (ram) + 0x20000)
                0x2001f7fc                __StackLimit = (__StackTop - SIZEOF (.co_stack))
                0x20020000                PROVIDE (__stack, __StackTop)
                0x00000001                ASSERT ((__StackLimit >= __HeapLimit), region ram  overflowed with stack)
LOAD C:\Program Files\CooCox\CoIDE\gcc\Sourcery G++ Lite\arm-none-eabi\lib\thumb2\libc.a
LOAD ..\obj\socket.o
LOAD ..\obj\stm32f4xx_syscfg.o
LOAD ..\obj\usb_core.o
LOAD ..\obj\low_level_sdio.o
LOAD ..\obj\mbport.o
LOAD ..\obj\stm32f4xx_sdio.o
LOAD ..\obj\mb.o
LOAD ..\obj\protocol.o
LOAD ..\obj\mbfuncdisc.o
LOAD ..\obj\usbd_usr.o
LOAD ..\obj\portevent.o
LOAD ..\obj\mbfuncother.o
LOAD ..\obj\stm32f4xx_usart.o
LOAD ..\obj\stm32f4xx_pwr.o
LOAD ..\obj\sdio_sd.o
LOAD ..\obj\rtc.o
LOAD ..\obj\mbutils.o
LOAD ..\obj\diskio.o
LOAD ..\obj\startup_stm32f4xx.o
LOAD ..\obj\stm32f4xx_iwdg.o
LOAD ..\obj\mbfuncholding.o
LOAD ..\obj\usbd_core.o
LOAD ..\obj\main.o
LOAD ..\obj\mbcrc.o
LOAD ..\obj\wiznet.o
LOAD ..\obj\stm32f4xx_rcc.o
LOAD ..\obj\mbfuncfile.o
LOAD ..\obj\timers.o
LOAD ..\obj\log.o
LOAD ..\obj\wizchip_conf.o
LOAD ..\obj\mbfuncinput.o
LOAD ..\obj\printf.o
LOAD ..\obj\w5500.o
LOAD ..\obj\watchdog.o
LOAD ..\obj\mbfuncdiag.o
LOAD ..\obj\tasks.o
LOAD ..\obj\usbd_desc.o
LOAD ..\obj\fram_i2c.o
LOAD ..\obj\stm32f4xx_gpio.o
LOAD ..\obj\porttimer.o
LOAD ..\obj\usbd_cdc_vcp.o
LOAD ..\obj\mbrtu.o
LOAD ..\obj\list.o
LOAD ..\obj\system_stm32f4xx.o
LOAD ..\obj\syscalls.o
LOAD ..\obj\stm32f4xx_dma.o
LOAD ..\obj\usb_bsp.o
LOAD ..\obj\usbd_req.o
LOAD ..\obj\port.o
LOAD ..\obj\queue.o
LOAD ..\obj\usb_dcd_int.o
LOAD ..\obj\portserial.o
LOAD ..\obj\usbd_cdc_core.o
LOAD ..\obj\ff.o
LOAD ..\obj\croutine.o
LOAD ..\obj\stm32f4xx_spi.o
LOAD ..\obj\mbfunccoils.o
LOAD ..\obj\event_groups.o
LOAD ..\obj\ADS1220.o
LOAD ..\obj\stm32f4xx_i2c.o
LOAD ..\obj\frequency.o
LOAD ..\obj\stm32f4xx_exti.o
LOAD ..\obj\misc.o
LOAD ..\obj\usb_dcd.o
LOAD ..\obj\stm32f4xx_rtc.o
LOAD ..\obj\usbd_ioreq.o
LOAD ..\obj\mbascii.o
LOAD ..\obj\heap_2.o
LOAD ..\obj\controller.o
LOAD ..\obj\stm32f4xx_tim.o
LOAD ..\obj\power_detector.o
LOAD C:\Program Files\CooCox\CoIDE\gcc\Sourcery G++ Lite\arm-none-eabi\lib\thumb2\libm.a
LOAD C:\Program Files\CooCox\CoIDE\gcc\Sourcery G++ Lite\arm-none-eabi\lib\thumb2\libc.a
START GROUP
LOAD c:/stm32/arm_eabi/bin/../lib/gcc/arm-none-eabi/4.7.2/thumb2\libgcc.a
LOAD C:\Program Files\CooCox\CoIDE\gcc\Sourcery G++ Lite\arm-none-eabi\lib\thumb2\libc.a
END GROUP
OUTPUT(IMS_CONTROLLER.elf elf32-littlearm)

.debug_info     0x00000000    0x2330a
 .debug_info    0x00000000     0x2819 ..\obj\usb_core.o
 .debug_info    0x00002819      0xe6c ..\obj\mbport.o
 .debug_info    0x00003685      0x8bb ..\obj\stm32f4xx_sdio.o
 .debug_info    0x00003f40      0x9a0 ..\obj\mb.o
 .debug_info    0x000048e0      0x869 ..\obj\protocol.o
 .debug_info    0x00005149      0x1f3 ..\obj\mbfuncdisc.o
 .debug_info    0x0000533c      0x1c3 ..\obj\usbd_usr.o
 .debug_info    0x000054ff      0x7cd ..\obj\portevent.o
 .debug_info    0x00005ccc      0x257 ..\obj\mbfuncother.o
 .debug_info    0x00005f23      0xa65 ..\obj\stm32f4xx_usart.o
 .debug_info    0x00006988      0x543 ..\obj\stm32f4xx_pwr.o
 .debug_info    0x00006ecb     0x1432 ..\obj\sdio_sd.o
 .debug_info    0x000082fd      0x165 ..\obj\rtc.o
 .debug_info    0x00008462      0x2cd ..\obj\mbutils.o
 .debug_info    0x0000872f      0x9d3 ..\obj\diskio.o
 .debug_info    0x00009102      0x103 ..\obj\startup_stm32f4xx.o
 .debug_info    0x00009205      0x20a ..\obj\stm32f4xx_iwdg.o
 .debug_info    0x0000940f      0x38b ..\obj\mbfuncholding.o
 .debug_info    0x0000979a      0xff1 ..\obj\usbd_core.o
 .debug_info    0x0000a78b      0x186 ..\obj\main.o
 .debug_info    0x0000a911      0x146 ..\obj\mbcrc.o
 .debug_info    0x0000aa57      0xd49 ..\obj\stm32f4xx_rcc.o
 .debug_info    0x0000b7a0      0x257 ..\obj\mbfuncfile.o
 .debug_info    0x0000b9f7      0x437 ..\obj\log.o
 .debug_info    0x0000be2e      0x1e5 ..\obj\mbfuncinput.o
 .debug_info    0x0000c013      0xed1 ..\obj\printf.o
 .debug_info    0x0000cee4      0x1f9 ..\obj\watchdog.o
 .debug_info    0x0000d0dd     0x12cc ..\obj\tasks.o
 .debug_info    0x0000e3a9      0x380 ..\obj\usbd_desc.o
 .debug_info    0x0000e729      0x758 ..\obj\fram_i2c.o
 .debug_info    0x0000ee81      0x640 ..\obj\stm32f4xx_gpio.o
 .debug_info    0x0000f4c1      0xed3 ..\obj\porttimer.o
 .debug_info    0x00010394      0x37e ..\obj\usbd_cdc_vcp.o
 .debug_info    0x00010712      0x7fe ..\obj\mbrtu.o
 .debug_info    0x00010f10      0x2c1 ..\obj\list.o
 .debug_info    0x000111d1      0x5f5 ..\obj\system_stm32f4xx.o
 .debug_info    0x000117c6      0x7af ..\obj\stm32f4xx_dma.o
 .debug_info    0x00011f75     0x112e ..\obj\usb_bsp.o
 .debug_info    0x000130a3     0x10fb ..\obj\usbd_req.o
 .debug_info    0x0001419e      0x346 ..\obj\port.o
 .debug_info    0x000144e4      0xa05 ..\obj\queue.o
 .debug_info    0x00014ee9     0x2020 ..\obj\usb_dcd_int.o
 .debug_info    0x00016f09     0x1e0c ..\obj\portserial.o
 .debug_info    0x00018d15     0x1083 ..\obj\usbd_cdc_core.o
 .debug_info    0x00019d98      0xbde ..\obj\stm32f4xx_spi.o
 .debug_info    0x0001a976      0x31a ..\obj\mbfunccoils.o
 .debug_info    0x0001ac90      0x8ad ..\obj\ADS1220.o
 .debug_info    0x0001b53d      0xbab ..\obj\stm32f4xx_i2c.o
 .debug_info    0x0001c0e8      0xd08 ..\obj\frequency.o
 .debug_info    0x0001cdf0      0x373 ..\obj\stm32f4xx_exti.o
 .debug_info    0x0001d163      0x592 ..\obj\misc.o
 .debug_info    0x0001d6f5     0x118a ..\obj\usb_dcd.o
 .debug_info    0x0001e87f     0x1255 ..\obj\stm32f4xx_rtc.o
 .debug_info    0x0001fad4      0xde4 ..\obj\usbd_ioreq.o
 .debug_info    0x000208b8      0x2ef ..\obj\heap_2.o
 .debug_info    0x00020ba7      0x292 ..\obj\controller.o
 .debug_info    0x00020e39     0x1e7d ..\obj\stm32f4xx_tim.o
 .debug_info    0x00022cb6      0x654 ..\obj\power_detector.o

.debug_abbrev   0x00000000     0x54bd
 .debug_abbrev  0x00000000      0x2bc ..\obj\usb_core.o
 .debug_abbrev  0x000002bc      0x1be ..\obj\mbport.o
 .debug_abbrev  0x0000047a      0x179 ..\obj\stm32f4xx_sdio.o
 .debug_abbrev  0x000005f3      0x19f ..\obj\mb.o
 .debug_abbrev  0x00000792      0x145 ..\obj\protocol.o
 .debug_abbrev  0x000008d7       0xa8 ..\obj\mbfuncdisc.o
 .debug_abbrev  0x0000097f       0xdf ..\obj\usbd_usr.o
 .debug_abbrev  0x00000a5e      0x142 ..\obj\portevent.o
 .debug_abbrev  0x00000ba0       0xc1 ..\obj\mbfuncother.o
 .debug_abbrev  0x00000c61      0x157 ..\obj\stm32f4xx_usart.o
 .debug_abbrev  0x00000db8      0x181 ..\obj\stm32f4xx_pwr.o
 .debug_abbrev  0x00000f39      0x1eb ..\obj\sdio_sd.o
 .debug_abbrev  0x00001124       0xc9 ..\obj\rtc.o
 .debug_abbrev  0x000011ed       0xd8 ..\obj\mbutils.o
 .debug_abbrev  0x000012c5      0x1b6 ..\obj\diskio.o
 .debug_abbrev  0x0000147b       0xb2 ..\obj\startup_stm32f4xx.o
 .debug_abbrev  0x0000152d      0x103 ..\obj\stm32f4xx_iwdg.o
 .debug_abbrev  0x00001630       0xa8 ..\obj\mbfuncholding.o
 .debug_abbrev  0x000016d8      0x1f2 ..\obj\usbd_core.o
 .debug_abbrev  0x000018ca       0xe3 ..\obj\main.o
 .debug_abbrev  0x000019ad       0x93 ..\obj\mbcrc.o
 .debug_abbrev  0x00001a40      0x1e5 ..\obj\stm32f4xx_rcc.o
 .debug_abbrev  0x00001c25       0xe5 ..\obj\mbfuncfile.o
 .debug_abbrev  0x00001d0a      0x167 ..\obj\log.o
 .debug_abbrev  0x00001e71       0xa8 ..\obj\mbfuncinput.o
 .debug_abbrev  0x00001f19      0x23b ..\obj\printf.o
 .debug_abbrev  0x00002154      0x12f ..\obj\watchdog.o
 .debug_abbrev  0x00002283      0x253 ..\obj\tasks.o
 .debug_abbrev  0x000024d6      0x12e ..\obj\usbd_desc.o
 .debug_abbrev  0x00002604      0x1ed ..\obj\fram_i2c.o
 .debug_abbrev  0x000027f1      0x1a5 ..\obj\stm32f4xx_gpio.o
 .debug_abbrev  0x00002996      0x1c2 ..\obj\porttimer.o
 .debug_abbrev  0x00002b58      0x166 ..\obj\usbd_cdc_vcp.o
 .debug_abbrev  0x00002cbe      0x189 ..\obj\mbrtu.o
 .debug_abbrev  0x00002e47       0xbe ..\obj\list.o
 .debug_abbrev  0x00002f05      0x138 ..\obj\system_stm32f4xx.o
 .debug_abbrev  0x0000303d      0x157 ..\obj\stm32f4xx_dma.o
 .debug_abbrev  0x00003194      0x1fe ..\obj\usb_bsp.o
 .debug_abbrev  0x00003392      0x268 ..\obj\usbd_req.o
 .debug_abbrev  0x000035fa      0x1bc ..\obj\port.o
 .debug_abbrev  0x000037b6      0x141 ..\obj\queue.o
 .debug_abbrev  0x000038f7      0x230 ..\obj\usb_dcd_int.o
 .debug_abbrev  0x00003b27      0x2f0 ..\obj\portserial.o
 .debug_abbrev  0x00003e17      0x204 ..\obj\usbd_cdc_core.o
 .debug_abbrev  0x0000401b      0x169 ..\obj\stm32f4xx_spi.o
 .debug_abbrev  0x00004184       0xba ..\obj\mbfunccoils.o
 .debug_abbrev  0x0000423e      0x1d0 ..\obj\ADS1220.o
 .debug_abbrev  0x0000440e      0x166 ..\obj\stm32f4xx_i2c.o
 .debug_abbrev  0x00004574      0x1c2 ..\obj\frequency.o
 .debug_abbrev  0x00004736      0x1a7 ..\obj\stm32f4xx_exti.o
 .debug_abbrev  0x000048dd      0x129 ..\obj\misc.o
 .debug_abbrev  0x00004a06      0x22e ..\obj\usb_dcd.o
 .debug_abbrev  0x00004c34      0x1b0 ..\obj\stm32f4xx_rtc.o
 .debug_abbrev  0x00004de4      0x184 ..\obj\usbd_ioreq.o
 .debug_abbrev  0x00004f68      0x16e ..\obj\heap_2.o
 .debug_abbrev  0x000050d6       0xf0 ..\obj\controller.o
 .debug_abbrev  0x000051c6      0x189 ..\obj\stm32f4xx_tim.o
 .debug_abbrev  0x0000534f      0x16e ..\obj\power_detector.o

.debug_loc      0x00000000     0xa60d
 .debug_loc     0x00000000      0x7e0 ..\obj\usb_core.o
 .debug_loc     0x000007e0      0x174 ..\obj\mbport.o
 .debug_loc     0x00000954      0x648 ..\obj\stm32f4xx_sdio.o
 .debug_loc     0x00000f9c      0x150 ..\obj\mb.o
 .debug_loc     0x000010ec       0xe0 ..\obj\protocol.o
 .debug_loc     0x000011cc       0x38 ..\obj\mbfuncdisc.o
 .debug_loc     0x00001204       0xe8 ..\obj\usbd_usr.o
 .debug_loc     0x000012ec       0xa8 ..\obj\portevent.o
 .debug_loc     0x00001394       0x70 ..\obj\mbfuncother.o
 .debug_loc     0x00001404      0x658 ..\obj\stm32f4xx_usart.o
 .debug_loc     0x00001a5c      0x288 ..\obj\stm32f4xx_pwr.o
 .debug_loc     0x00001ce4      0x778 ..\obj\sdio_sd.o
 .debug_loc     0x0000245c       0x38 ..\obj\rtc.o
 .debug_loc     0x00002494       0xa8 ..\obj\mbutils.o
 .debug_loc     0x0000253c      0x20c ..\obj\diskio.o
 .debug_loc     0x00002748       0x64 ..\obj\startup_stm32f4xx.o
 .debug_loc     0x000027ac      0x138 ..\obj\stm32f4xx_iwdg.o
 .debug_loc     0x000028e4       0xe0 ..\obj\mbfuncholding.o
 .debug_loc     0x000029c4      0x2d8 ..\obj\usbd_core.o
 .debug_loc     0x00002c9c      0x100 ..\obj\main.o
 .debug_loc     0x00002d9c       0x38 ..\obj\mbcrc.o
 .debug_loc     0x00002dd4      0x97c ..\obj\stm32f4xx_rcc.o
 .debug_loc     0x00003750       0x3a ..\obj\mbfuncfile.o
 .debug_loc     0x0000378a       0xe2 ..\obj\log.o
 .debug_loc     0x0000386c       0x38 ..\obj\mbfuncinput.o
 .debug_loc     0x000038a4      0x3ea ..\obj\printf.o
 .debug_loc     0x00003c8e       0xe0 ..\obj\watchdog.o
 .debug_loc     0x00003d6e      0x92c ..\obj\tasks.o
 .debug_loc     0x0000469a      0x188 ..\obj\usbd_desc.o
 .debug_loc     0x00004822      0x15e ..\obj\fram_i2c.o
 .debug_loc     0x00004980      0x310 ..\obj\stm32f4xx_gpio.o
 .debug_loc     0x00004c90      0x2dc ..\obj\porttimer.o
 .debug_loc     0x00004f6c      0x164 ..\obj\usbd_cdc_vcp.o
 .debug_loc     0x000050d0      0x1c0 ..\obj\mbrtu.o
 .debug_loc     0x00005290      0x118 ..\obj\list.o
 .debug_loc     0x000053a8       0x9c ..\obj\system_stm32f4xx.o
 .debug_loc     0x00005444      0x428 ..\obj\stm32f4xx_dma.o
 .debug_loc     0x0000586c      0x138 ..\obj\usb_bsp.o
 .debug_loc     0x000059a4      0x310 ..\obj\usbd_req.o
 .debug_loc     0x00005cb4      0x1dc ..\obj\port.o
 .debug_loc     0x00005e90      0x460 ..\obj\queue.o
 .debug_loc     0x000062f0      0x2d8 ..\obj\usb_dcd_int.o
 .debug_loc     0x000065c8      0x410 ..\obj\portserial.o
 .debug_loc     0x000069d8      0x224 ..\obj\usbd_cdc_core.o
 .debug_loc     0x00006bfc      0x578 ..\obj\stm32f4xx_spi.o
 .debug_loc     0x00007174       0xa8 ..\obj\mbfunccoils.o
 .debug_loc     0x0000721c      0x224 ..\obj\ADS1220.o
 .debug_loc     0x00007440      0x738 ..\obj\stm32f4xx_i2c.o
 .debug_loc     0x00007b78      0x10d ..\obj\frequency.o
 .debug_loc     0x00007c85      0x1b4 ..\obj\stm32f4xx_exti.o
 .debug_loc     0x00007e39      0x118 ..\obj\misc.o
 .debug_loc     0x00007f51      0x2d8 ..\obj\usb_dcd.o
 .debug_loc     0x00008229      0xc48 ..\obj\stm32f4xx_rtc.o
 .debug_loc     0x00008e71      0x188 ..\obj\usbd_ioreq.o
 .debug_loc     0x00008ff9      0x100 ..\obj\heap_2.o
 .debug_loc     0x000090f9       0x64 ..\obj\controller.o
 .debug_loc     0x0000915d     0x1420 ..\obj\stm32f4xx_tim.o
 .debug_loc     0x0000a57d       0x90 ..\obj\power_detector.o

.debug_aranges  0x00000000     0x1dc0
 .debug_aranges
                0x00000000      0x138 ..\obj\usb_core.o
 .debug_aranges
                0x00000138       0x50 ..\obj\mbport.o
 .debug_aranges
                0x00000188      0x108 ..\obj\stm32f4xx_sdio.o
 .debug_aranges
                0x00000290       0x48 ..\obj\mb.o
 .debug_aranges
                0x000002d8       0x38 ..\obj\protocol.o
 .debug_aranges
                0x00000310       0x20 ..\obj\mbfuncdisc.o
 .debug_aranges
                0x00000330       0x40 ..\obj\usbd_usr.o
 .debug_aranges
                0x00000370       0x30 ..\obj\portevent.o
 .debug_aranges
                0x000003a0       0x28 ..\obj\mbfuncother.o
 .debug_aranges
                0x000003c8      0x100 ..\obj\stm32f4xx_usart.o
 .debug_aranges
                0x000004c8       0x78 ..\obj\stm32f4xx_pwr.o
 .debug_aranges
                0x00000540      0x130 ..\obj\sdio_sd.o
 .debug_aranges
                0x00000670       0x20 ..\obj\rtc.o
 .debug_aranges
                0x00000690       0x30 ..\obj\mbutils.o
 .debug_aranges
                0x000006c0       0x68 ..\obj\diskio.o
 .debug_aranges
                0x00000728       0x28 ..\obj\startup_stm32f4xx.o
 .debug_aranges
                0x00000750       0x48 ..\obj\stm32f4xx_iwdg.o
 .debug_aranges
                0x00000798       0x38 ..\obj\mbfuncholding.o
 .debug_aranges
                0x000007d0       0x80 ..\obj\usbd_core.o
 .debug_aranges
                0x00000850       0x40 ..\obj\main.o
 .debug_aranges
                0x00000890       0x20 ..\obj\mbcrc.o
 .debug_aranges
                0x000008b0      0x178 ..\obj\stm32f4xx_rcc.o
 .debug_aranges
                0x00000a28       0x20 ..\obj\mbfuncfile.o
 .debug_aranges
                0x00000a48       0x38 ..\obj\log.o
 .debug_aranges
                0x00000a80       0x20 ..\obj\mbfuncinput.o
 .debug_aranges
                0x00000aa0       0xa0 ..\obj\printf.o
 .debug_aranges
                0x00000b40       0x38 ..\obj\watchdog.o
 .debug_aranges
                0x00000b78      0x170 ..\obj\tasks.o
 .debug_aranges
                0x00000ce8       0x50 ..\obj\usbd_desc.o
 .debug_aranges
                0x00000d38       0x48 ..\obj\fram_i2c.o
 .debug_aranges
                0x00000d80       0x88 ..\obj\stm32f4xx_gpio.o
 .debug_aranges
                0x00000e08       0x90 ..\obj\porttimer.o
 .debug_aranges
                0x00000e98       0x50 ..\obj\usbd_cdc_vcp.o
 .debug_aranges
                0x00000ee8       0x58 ..\obj\mbrtu.o
 .debug_aranges
                0x00000f40       0x40 ..\obj\list.o
 .debug_aranges
                0x00000f80       0x30 ..\obj\system_stm32f4xx.o
 .debug_aranges
                0x00000fb0       0xb0 ..\obj\stm32f4xx_dma.o
 .debug_aranges
                0x00001060       0x48 ..\obj\usb_bsp.o
 .debug_aranges
                0x000010a8       0x88 ..\obj\usbd_req.o
 .debug_aranges
                0x00001130       0x90 ..\obj\port.o
 .debug_aranges
                0x000011c0       0xb8 ..\obj\queue.o
 .debug_aranges
                0x00001278       0x80 ..\obj\usb_dcd_int.o
 .debug_aranges
                0x000012f8       0xb0 ..\obj\portserial.o
 .debug_aranges
                0x000013a8       0x68 ..\obj\usbd_cdc_core.o
 .debug_aranges
                0x00001410       0xe0 ..\obj\stm32f4xx_spi.o
 .debug_aranges
                0x000014f0       0x30 ..\obj\mbfunccoils.o
 .debug_aranges
                0x00001520       0x68 ..\obj\ADS1220.o
 .debug_aranges
                0x00001588      0x120 ..\obj\stm32f4xx_i2c.o
 .debug_aranges
                0x000016a8       0x40 ..\obj\frequency.o
 .debug_aranges
                0x000016e8       0x58 ..\obj\stm32f4xx_exti.o
 .debug_aranges
                0x00001740       0x40 ..\obj\misc.o
 .debug_aranges
                0x00001780       0x80 ..\obj\usb_dcd.o
 .debug_aranges
                0x00001800      0x1e0 ..\obj\stm32f4xx_rtc.o
 .debug_aranges
                0x000019e0       0x50 ..\obj\usbd_ioreq.o
 .debug_aranges
                0x00001a30       0x40 ..\obj\heap_2.o
 .debug_aranges
                0x00001a70       0x28 ..\obj\controller.o
 .debug_aranges
                0x00001a98      0x2f8 ..\obj\stm32f4xx_tim.o
 .debug_aranges
                0x00001d90       0x30 ..\obj\power_detector.o

.debug_ranges   0x00000000     0x1a20
 .debug_ranges  0x00000000      0x128 ..\obj\usb_core.o
 .debug_ranges  0x00000128       0x40 ..\obj\mbport.o
 .debug_ranges  0x00000168       0xf8 ..\obj\stm32f4xx_sdio.o
 .debug_ranges  0x00000260       0x38 ..\obj\mb.o
 .debug_ranges  0x00000298       0x28 ..\obj\protocol.o
 .debug_ranges  0x000002c0       0x10 ..\obj\mbfuncdisc.o
 .debug_ranges  0x000002d0       0x30 ..\obj\usbd_usr.o
 .debug_ranges  0x00000300       0x20 ..\obj\portevent.o
 .debug_ranges  0x00000320       0x18 ..\obj\mbfuncother.o
 .debug_ranges  0x00000338       0xf0 ..\obj\stm32f4xx_usart.o
 .debug_ranges  0x00000428       0x68 ..\obj\stm32f4xx_pwr.o
 .debug_ranges  0x00000490      0x120 ..\obj\sdio_sd.o
 .debug_ranges  0x000005b0       0x10 ..\obj\rtc.o
 .debug_ranges  0x000005c0       0x20 ..\obj\mbutils.o
 .debug_ranges  0x000005e0       0x58 ..\obj\diskio.o
 .debug_ranges  0x00000638       0x18 ..\obj\startup_stm32f4xx.o
 .debug_ranges  0x00000650       0x38 ..\obj\stm32f4xx_iwdg.o
 .debug_ranges  0x00000688       0x28 ..\obj\mbfuncholding.o
 .debug_ranges  0x000006b0       0x70 ..\obj\usbd_core.o
 .debug_ranges  0x00000720       0x30 ..\obj\main.o
 .debug_ranges  0x00000750       0x10 ..\obj\mbcrc.o
 .debug_ranges  0x00000760      0x168 ..\obj\stm32f4xx_rcc.o
 .debug_ranges  0x000008c8       0x10 ..\obj\mbfuncfile.o
 .debug_ranges  0x000008d8       0x28 ..\obj\log.o
 .debug_ranges  0x00000900       0x10 ..\obj\mbfuncinput.o
 .debug_ranges  0x00000910       0x90 ..\obj\printf.o
 .debug_ranges  0x000009a0       0x28 ..\obj\watchdog.o
 .debug_ranges  0x000009c8      0x160 ..\obj\tasks.o
 .debug_ranges  0x00000b28       0x40 ..\obj\usbd_desc.o
 .debug_ranges  0x00000b68       0x38 ..\obj\fram_i2c.o
 .debug_ranges  0x00000ba0       0x78 ..\obj\stm32f4xx_gpio.o
 .debug_ranges  0x00000c18       0x80 ..\obj\porttimer.o
 .debug_ranges  0x00000c98       0x40 ..\obj\usbd_cdc_vcp.o
 .debug_ranges  0x00000cd8       0x48 ..\obj\mbrtu.o
 .debug_ranges  0x00000d20       0x30 ..\obj\list.o
 .debug_ranges  0x00000d50       0x20 ..\obj\system_stm32f4xx.o
 .debug_ranges  0x00000d70       0xa0 ..\obj\stm32f4xx_dma.o
 .debug_ranges  0x00000e10       0x38 ..\obj\usb_bsp.o
 .debug_ranges  0x00000e48       0x78 ..\obj\usbd_req.o
 .debug_ranges  0x00000ec0       0x80 ..\obj\port.o
 .debug_ranges  0x00000f40       0xa8 ..\obj\queue.o
 .debug_ranges  0x00000fe8       0x70 ..\obj\usb_dcd_int.o
 .debug_ranges  0x00001058       0xa0 ..\obj\portserial.o
 .debug_ranges  0x000010f8       0x58 ..\obj\usbd_cdc_core.o
 .debug_ranges  0x00001150       0xd0 ..\obj\stm32f4xx_spi.o
 .debug_ranges  0x00001220       0x20 ..\obj\mbfunccoils.o
 .debug_ranges  0x00001240       0x58 ..\obj\ADS1220.o
 .debug_ranges  0x00001298      0x110 ..\obj\stm32f4xx_i2c.o
 .debug_ranges  0x000013a8       0x30 ..\obj\frequency.o
 .debug_ranges  0x000013d8       0x48 ..\obj\stm32f4xx_exti.o
 .debug_ranges  0x00001420       0x30 ..\obj\misc.o
 .debug_ranges  0x00001450       0x70 ..\obj\usb_dcd.o
 .debug_ranges  0x000014c0      0x1d0 ..\obj\stm32f4xx_rtc.o
 .debug_ranges  0x00001690       0x40 ..\obj\usbd_ioreq.o
 .debug_ranges  0x000016d0       0x30 ..\obj\heap_2.o
 .debug_ranges  0x00001700       0x18 ..\obj\controller.o
 .debug_ranges  0x00001718      0x2e8 ..\obj\stm32f4xx_tim.o
 .debug_ranges  0x00001a00       0x20 ..\obj\power_detector.o

.debug_line     0x00000000     0xcc70
 .debug_line    0x00000000      0x67b ..\obj\usb_core.o
 .debug_line    0x0000067b      0x7b7 ..\obj\mbport.o
 .debug_line    0x00000e32      0x428 ..\obj\stm32f4xx_sdio.o
 .debug_line    0x0000125a      0x312 ..\obj\mb.o
 .debug_line    0x0000156c      0x34c ..\obj\protocol.o
 .debug_line    0x000018b8      0x1d9 ..\obj\mbfuncdisc.o
 .debug_line    0x00001a91      0x17a ..\obj\usbd_usr.o
 .debug_line    0x00001c0b      0x238 ..\obj\portevent.o
 .debug_line    0x00001e43      0x22f ..\obj\mbfuncother.o
 .debug_line    0x00002072      0x485 ..\obj\stm32f4xx_usart.o
 .debug_line    0x000024f7      0x28b ..\obj\stm32f4xx_pwr.o
 .debug_line    0x00002782      0x93a ..\obj\sdio_sd.o
 .debug_line    0x000030bc      0x1ea ..\obj\rtc.o
 .debug_line    0x000032a6      0x239 ..\obj\mbutils.o
 .debug_line    0x000034df      0x30c ..\obj\diskio.o
 .debug_line    0x000037eb       0xaf ..\obj\startup_stm32f4xx.o
 .debug_line    0x0000389a      0x1e5 ..\obj\stm32f4xx_iwdg.o
 .debug_line    0x00003a7f      0x26f ..\obj\mbfuncholding.o
 .debug_line    0x00003cee      0x2ce ..\obj\usbd_core.o
 .debug_line    0x00003fbc      0x285 ..\obj\main.o
 .debug_line    0x00004241      0x150 ..\obj\mbcrc.o
 .debug_line    0x00004391      0x57b ..\obj\stm32f4xx_rcc.o
 .debug_line    0x0000490c      0x211 ..\obj\mbfuncfile.o
 .debug_line    0x00004b1d      0x33f ..\obj\log.o
 .debug_line    0x00004e5c      0x1cf ..\obj\mbfuncinput.o
 .debug_line    0x0000502b      0x392 ..\obj\printf.o
 .debug_line    0x000053bd      0x221 ..\obj\watchdog.o
 .debug_line    0x000055de      0xa6a ..\obj\tasks.o
 .debug_line    0x00006048      0x1c0 ..\obj\usbd_desc.o
 .debug_line    0x00006208      0x4fb ..\obj\fram_i2c.o
 .debug_line    0x00006703      0x323 ..\obj\stm32f4xx_gpio.o
 .debug_line    0x00006a26      0x42d ..\obj\porttimer.o
 .debug_line    0x00006e53      0x1ea ..\obj\usbd_cdc_vcp.o
 .debug_line    0x0000703d      0x27f ..\obj\mbrtu.o
 .debug_line    0x000072bc      0x22d ..\obj\list.o
 .debug_line    0x000074e9      0x1af ..\obj\system_stm32f4xx.o
 .debug_line    0x00007698      0x3c0 ..\obj\stm32f4xx_dma.o
 .debug_line    0x00007a58      0x279 ..\obj\usb_bsp.o
 .debug_line    0x00007cd1      0x38d ..\obj\usbd_req.o
 .debug_line    0x0000805e      0x2f6 ..\obj\port.o
 .debug_line    0x00008354      0x6d3 ..\obj\queue.o
 .debug_line    0x00008a27      0x379 ..\obj\usb_dcd_int.o
 .debug_line    0x00008da0      0x5eb ..\obj\portserial.o
 .debug_line    0x0000938b      0x265 ..\obj\usbd_cdc_core.o
 .debug_line    0x000095f0      0x437 ..\obj\stm32f4xx_spi.o
 .debug_line    0x00009a27      0x247 ..\obj\mbfunccoils.o
 .debug_line    0x00009c6e      0x4e3 ..\obj\ADS1220.o
 .debug_line    0x0000a151      0x4c0 ..\obj\stm32f4xx_i2c.o
 .debug_line    0x0000a611      0x3f9 ..\obj\frequency.o
 .debug_line    0x0000aa0a      0x289 ..\obj\stm32f4xx_exti.o
 .debug_line    0x0000ac93      0x229 ..\obj\misc.o
 .debug_line    0x0000aebc      0x2ec ..\obj\usb_dcd.o
 .debug_line    0x0000b1a8      0x7f1 ..\obj\stm32f4xx_rtc.o
 .debug_line    0x0000b999      0x1d6 ..\obj\usbd_ioreq.o
 .debug_line    0x0000bb6f      0x263 ..\obj\heap_2.o
 .debug_line    0x0000bdd2      0x1f4 ..\obj\controller.o
 .debug_line    0x0000bfc6      0xa5d ..\obj\stm32f4xx_tim.o
 .debug_line    0x0000ca23      0x24d ..\obj\power_detector.o

.debug_str      0x00000000     0xa33b
 .debug_str     0x00000000     0x12c9 ..\obj\usb_core.o
                               0x15fa (size before relaxing)
 .debug_str     0x000012c9      0x476 ..\obj\mbport.o
                                0x5a5 (size before relaxing)
 .debug_str     0x0000173f      0x4dc ..\obj\stm32f4xx_sdio.o
                                0x5bf (size before relaxing)
 .debug_str     0x00001c1b      0x5cc ..\obj\mb.o
                                0x78e (size before relaxing)
 .debug_str     0x000021e7      0x1f6 ..\obj\protocol.o
                                0x84f (size before relaxing)
 .debug_str     0x000023dd       0xc3 ..\obj\mbfuncdisc.o
                                0x2ec (size before relaxing)
 .debug_str     0x000024a0       0xbc ..\obj\usbd_usr.o
                                0x1fe (size before relaxing)
 .debug_str     0x0000255c       0x9a ..\obj\portevent.o
                                0x6ff (size before relaxing)
 .debug_str     0x000025f6       0xd8 ..\obj\mbfuncother.o
                                0x315 (size before relaxing)
 .debug_str     0x000026ce      0x4c9 ..\obj\stm32f4xx_usart.o
                                0x603 (size before relaxing)
 .debug_str     0x00002b97      0x1e9 ..\obj\stm32f4xx_pwr.o
                                0x305 (size before relaxing)
 .debug_str     0x00002d80      0xb3f ..\obj\sdio_sd.o
                                0xe4b (size before relaxing)
 .debug_str     0x000038bf       0xa9 ..\obj\rtc.o
                                0x1aa (size before relaxing)
 .debug_str     0x00003968       0xee ..\obj\mbutils.o
                                0x329 (size before relaxing)
 .debug_str     0x00003a56      0x669 ..\obj\diskio.o
                                0xb23 (size before relaxing)
 .debug_str     0x000040bf       0xbe ..\obj\startup_stm32f4xx.o
                                 0xe5 (size before relaxing)
 .debug_str     0x0000417d       0xf6 ..\obj\stm32f4xx_iwdg.o
                                0x1e0 (size before relaxing)
 .debug_str     0x00004273      0x155 ..\obj\mbfuncholding.o
                                0x3ca (size before relaxing)
 .debug_str     0x000043c8      0x196 ..\obj\usbd_core.o
                                0xa3f (size before relaxing)
 .debug_str     0x0000455e       0xd6 ..\obj\main.o
                                0x1ba (size before relaxing)
 .debug_str     0x00004634       0x77 ..\obj\mbcrc.o
                                0x14d (size before relaxing)
 .debug_str     0x000046ab      0x5eb ..\obj\stm32f4xx_rcc.o
                                0x7c4 (size before relaxing)