Archive member included because of file (symbol)

c:/coocox/coide/gcc/sourcery g++ lite/bin/../lib/gcc/arm-none-eabi/4.5.1/thumb2\libgcc.a(_arm_addsubdf3.o)
                              ..\obj\ADS1120.o (__aeabi_dadd)
c:/coocox/coide/gcc/sourcery g++ lite/bin/../lib/gcc/arm-none-eabi/4.5.1/thumb2\libgcc.a(_arm_muldivdf3.o)
                              ..\obj\ADS1120.o (__aeabi_dmul)
c:/coocox/coide/gcc/sourcery g++ lite/bin/../lib/gcc/arm-none-eabi/4.5.1/thumb2\libgcc.a(_arm_truncdfsf2.o)
                              ..\obj\ADS1120.o (__aeabi_d2f)
c:/coocox/coide/gcc/sourcery g++ lite/bin/../lib/gcc/arm-none-eabi/4.5.1/thumb2\libgcc.a(_arm_addsubsf3.o)
                              ..\obj\ADS1120.o (__aeabi_i2f)
c:/coocox/coide/gcc/sourcery g++ lite/bin/../lib/gcc/arm-none-eabi/4.5.1/../../../../arm-none-eabi/lib/thumb2\libc.a(lib_a-memcmp.o)
                              ..\obj\tasks.o (memcmp)
c:/coocox/coide/gcc/sourcery g++ lite/bin/../lib/gcc/arm-none-eabi/4.5.1/../../../../arm-none-eabi/lib/thumb2\libc.a(lib_a-memcpy.o)
                              ..\obj\mbfuncother.o (memcpy)
c:/coocox/coide/gcc/sourcery g++ lite/bin/../lib/gcc/arm-none-eabi/4.5.1/../../../../arm-none-eabi/lib/thumb2\libc.a(lib_a-memset.o)
                              ..\obj\tasks.o (memset)

Allocating common symbols
Common symbol       size              file

ADC_result          0x4               ..\obj\ADS1120.o
stContext_RS232     0x174             ..\obj\protocol.o
stContext_RS485     0x174             ..\obj\protocol.o
adc_reg             0x1               ..\obj\ADS1120.o
xSPI_Buf_Mutex      0x4               ..\obj\ADS1120.o
ADC_result_temp     0x4               ..\obj\ADS1120.o
task_watches        0x50              ..\obj\watchdog.o

Discarded input sections

 .text          0x00000000        0x0 ..\obj\stm32f4xx_syscfg.o
 .data          0x00000000        0x0 ..\obj\stm32f4xx_syscfg.o
 .bss           0x00000000        0x0 ..\obj\stm32f4xx_syscfg.o
 .text.SYSCFG_DeInit
                0x00000000       0x20 ..\obj\stm32f4xx_syscfg.o
 .text.SYSCFG_MemoryRemapConfig
                0x00000000       0x20 ..\obj\stm32f4xx_syscfg.o
 .text.SYSCFG_EXTILineConfig
                0x00000000       0xb4 ..\obj\stm32f4xx_syscfg.o
 .text.SYSCFG_ETH_MediaInterfaceConfig
                0x00000000       0x20 ..\obj\stm32f4xx_syscfg.o
 .text.SYSCFG_CompensationCellCmd
                0x00000000       0x20 ..\obj\stm32f4xx_syscfg.o
 .text.SYSCFG_GetCompensationCellStatus
                0x00000000       0x3c ..\obj\stm32f4xx_syscfg.o
 .text          0x00000000        0x0 ..\obj\mbport.o
 .text          0x00000000        0x0 ..\obj\mb.o
 .bss           0x00000000        0x0 ..\obj\mb.o
 .text.eMBRegisterCB
                0x00000000      0x114 ..\obj\mb.o
 .text.eMBClose
                0x00000000       0x3c ..\obj\mb.o
 .text.eMBDisable
                0x00000000       0x60 ..\obj\mb.o
 .text          0x00000000        0x0 ..\obj\protocol.o
 .data          0x00000000        0x0 ..\obj\protocol.o
 .bss           0x00000000        0x0 ..\obj\protocol.o
 .text          0x00000000        0x0 ..\obj\mbfuncdisc.o
 .data          0x00000000        0x0 ..\obj\mbfuncdisc.o
 .bss           0x00000000        0x0 ..\obj\mbfuncdisc.o
 .text          0x00000000        0x0 ..\obj\core_cm3.o
 .data          0x00000000        0x0 ..\obj\core_cm3.o
 .bss           0x00000000        0x0 ..\obj\core_cm3.o
 .text.__get_PSP
                0x00000000       0x10 ..\obj\core_cm3.o
 .text.__set_PSP
                0x00000000        0x8 ..\obj\core_cm3.o
 .text.__get_MSP
                0x00000000       0x10 ..\obj\core_cm3.o
 .text.__set_MSP
                0x00000000        0x8 ..\obj\core_cm3.o
 .text.__get_BASEPRI
                0x00000000       0x20 ..\obj\core_cm3.o
 .text.__set_BASEPRI
                0x00000000       0x18 ..\obj\core_cm3.o
 .text.__get_PRIMASK
                0x00000000       0x20 ..\obj\core_cm3.o
 .text.__set_PRIMASK
                0x00000000       0x18 ..\obj\core_cm3.o
 .text.__get_FAULTMASK
                0x00000000       0x20 ..\obj\core_cm3.o
 .text.__set_FAULTMASK
                0x00000000       0x18 ..\obj\core_cm3.o
 .text.__get_CONTROL
                0x00000000       0x20 ..\obj\core_cm3.o
 .text.__set_CONTROL
                0x00000000       0x18 ..\obj\core_cm3.o
 .text.__REV    0x00000000       0x24 ..\obj\core_cm3.o
 .text.__REV16  0x00000000       0x24 ..\obj\core_cm3.o
 .text.__REVSH  0x00000000       0x24 ..\obj\core_cm3.o
 .text.__RBIT   0x00000000       0x24 ..\obj\core_cm3.o
 .text.__LDREXB
                0x00000000       0x24 ..\obj\core_cm3.o
 .text.__LDREXH
                0x00000000       0x24 ..\obj\core_cm3.o
 .text.__LDREXW
                0x00000000       0x24 ..\obj\core_cm3.o
 .text.__STREXB
                0x00000000       0x2c ..\obj\core_cm3.o
 .text.__STREXH
                0x00000000       0x2c ..\obj\core_cm3.o
 .text.__STREXW
                0x00000000       0x28 ..\obj\core_cm3.o
[...]
Memory Configuration

Name             Origin             Length             Attributes
rom              0x08000000         0x00100000         xr
ram              0x20000000         0x00020000         xrw
ram1             0x10000000         0x00010000         xrw
*default*        0x00000000         0xffffffff

Linker script and memory map

                0x20020000                _eram = 0x20020000

.text           0x08000000     0x4ab6
 *(.isr_vector .isr_vector.*)
 .isr_vector    0x08000000      0x188 ..\obj\startup_stm32f4xx.o
                0x08000000                g_pfnVectors
 *(.text .text.* .gnu.linkonce.t.*)
 .text.ENTER_CRITICAL_SECTION
                0x08000188        0xc ..\obj\mbport.o
                0x08000188                ENTER_CRITICAL_SECTION
 .text.EXIT_CRITICAL_SECTION
                0x08000194        0xc ..\obj\mbport.o
                0x08000194                EXIT_CRITICAL_SECTION
 .text.eMBRegInputCB
                0x080001a0      0x114 ..\obj\mbport.o
                0x080001a0                eMBRegInputCB
 .text.eMBRegHoldingCB
                0x080002b4       0x24 ..\obj\mbport.o
                0x080002b4                eMBRegHoldingCB
 .text.eMBRegCoilsCB
                0x080002d8       0x20 ..\obj\mbport.o
                0x080002d8                eMBRegCoilsCB
 .text.eMBRegDiscreteCB
                0x080002f8       0x20 ..\obj\mbport.o
                0x080002f8                eMBRegDiscreteCB
 .text.eMBInit  0x08000318      0x110 ..\obj\mb.o
                0x08000318                eMBInit
 .text.eMBEnable
                0x08000428       0x50 ..\obj\mb.o
                0x08000428                eMBEnable
 .text.eMBPoll  0x08000478      0x1c0 ..\obj\mb.o
                0x08000478                eMBPoll
 .text.Protocol_Init
                0x08000638       0xf8 ..\obj\protocol.o
                0x08000638                Protocol_Init
 .text.Modbus_RS485_Task
                0x08000730       0x50 ..\obj\protocol.o
 .text.Modbus_RS232_Task
                0x08000780       0x50 ..\obj\protocol.o
 .text.eMBFuncReadDiscreteInputs
                0x080007d0      0x130 ..\obj\mbfuncdisc.o
                0x080007d0                eMBFuncReadDiscreteInputs
 .text.xMBPortEventInit
                0x08000900       0x20 ..\obj\portevent.o
                0x08000900                xMBPortEventInit
 .text.xMBPortEventPost
                0x08000920       0x2c ..\obj\portevent.o
                0x08000920                xMBPortEventPost
 .text.xMBPortEventGet
                0x0800094c       0x3c ..\obj\portevent.o
                0x0800094c                xMBPortEventGet
 .text.eMBFuncReportSlaveID
                0x08000988       0x4c ..\obj\mbfuncother.o
                0x08000988                eMBFuncReportSlaveID
 .text.USART_Init
                0x080009d4      0x1bc ..\obj\stm32f4xx_usart.o
                0x080009d4                USART_Init
 .text.USART_Cmd
                0x08000b90       0x40 ..\obj\stm32f4xx_usart.o
                0x08000b90                USART_Cmd
 .text.USART_SendData
                0x08000bd0       0x28 ..\obj\stm32f4xx_usart.o
                0x08000bd0                USART_SendData
 .text.USART_ReceiveData
                0x08000bf8       0x24 ..\obj\stm32f4xx_usart.o
                0x08000bf8                USART_ReceiveData
 .text.USART_ITConfig
                0x08000c1c       0xa8 ..\obj\stm32f4xx_usart.o
                0x08000c1c                USART_ITConfig
 .text.USART_GetFlagStatus
                0x08000cc4       0x40 ..\obj\stm32f4xx_usart.o
                0x08000cc4                USART_GetFlagStatus
 .text.USART_ClearFlag
                0x08000d04       0x24 ..\obj\stm32f4xx_usart.o
                0x08000d04                USART_ClearFlag
 .text.USART_GetITStatus
                0x08000d28       0xcc ..\obj\stm32f4xx_usart.o
                0x08000d28                USART_GetITStatus
 .text.prveMBError2Exception
                0x08000df4       0x48 ..\obj\mbutils.o
                0x08000df4                prveMBError2Exception
 .text.Default_Reset_Handler
                0x08000e3c       0x68 ..\obj\startup_stm32f4xx.o
                0x08000e3c                Default_Reset_Handler
                0x08000e3c                Reset_Handler
 .text.Default_Handler
                0x08000ea4        0x8 ..\obj\startup_stm32f4xx.o
                0x08000ea4                RTC_Alarm_IRQHandler
                0x08000ea4                HASH_RNG_IRQHandler
                0x08000ea4                EXTI2_IRQHandler
                0x08000ea4                TIM8_CC_IRQHandler
                0x08000ea4                DebugMon_Handler
                0x08000ea4                TIM1_CC_IRQHandler
                0x08000ea4                DMA2_Stream5_IRQHandler
                0x08000ea4                HardFault_Handler
                0x08000ea4                DMA1_Stream5_IRQHandler
                0x08000ea4                SDIO_IRQHandler
                0x08000ea4                TAMP_STAMP_IRQHandler
                0x08000ea4                NMI_Handler
                0x08000ea4                CAN2_RX1_IRQHandler
                0x08000ea4                EXTI3_IRQHandler
                0x08000ea4                TIM8_TRG_COM_TIM14_IRQHandler
                0x08000ea4                TIM1_UP_TIM10_IRQHandler
                0x08000ea4                TIM8_UP_TIM13_IRQHandler
                0x08000ea4                I2C3_ER_IRQHandler
                0x08000ea4                EXTI0_IRQHandler
                0x08000ea4                I2C2_EV_IRQHandler
                0x08000ea4                DMA1_Stream2_IRQHandler
                0x08000ea4                CAN1_RX0_IRQHandler
                0x08000ea4                FPU_IRQHandler
                0x08000ea4                OTG_HS_WKUP_IRQHandler
                0x08000ea4                UsageFault_Handler
                0x08000ea4                CAN2_SCE_IRQHandler
                0x08000ea4                DMA2_Stream2_IRQHandler
                0x08000ea4                SPI1_IRQHandler
                0x08000ea4                TIM6_DAC_IRQHandler
                0x08000ea4                TIM1_BRK_TIM9_IRQHandler
                0x08000ea4                DCMI_IRQHandler
                0x08000ea4                CAN2_RX0_IRQHandler
                0x08000ea4                DMA2_Stream3_IRQHandler
                0x08000ea4                USART6_IRQHandler
                0x08000ea4                CRYP_IRQHandler
                0x08000ea4                CAN1_RX1_IRQHandler
                0x08000ea4                UART5_IRQHandler
                0x08000ea4                DMA2_Stream0_IRQHandler
                0x08000ea4                I2C1_EV_IRQHandler
                0x08000ea4                DMA1_Stream6_IRQHandler
                0x08000ea4                DMA1_Stream1_IRQHandler
                0x08000ea4                TIM3_IRQHandler
                0x08000ea4                RCC_IRQHandler
                0x08000ea4                TIM8_BRK_TIM12_IRQHandler
                0x08000ea4                EXTI15_10_IRQHandler
                0x08000ea4                ADC_IRQHandler
                0x08000ea4                DMA1_Stream7_IRQHandler
                0x08000ea4                TIM7_IRQHandler
                0x08000ea4                CAN2_TX_IRQHandler
                0x08000ea4                TIM5_IRQHandler
                0x08000ea4                DMA2_Stream7_IRQHandler
                0x08000ea4                I2C3_EV_IRQHandler
                0x08000ea4                EXTI9_5_IRQHandler
                0x08000ea4                RTC_WKUP_IRQHandler
                0x08000ea4                ETH_WKUP_IRQHandler
                0x08000ea4                SPI2_IRQHandler
                0x08000ea4                OTG_HS_EP1_IN_IRQHandler
                0x08000ea4                MemManage_Handler
                0x08000ea4                DMA1_Stream0_IRQHandler
                0x08000ea4                CAN1_TX_IRQHandler
                0x08000ea4                EXTI4_IRQHandler
                0x08000ea4                FSMC_IRQHandler
                0x08000ea4                ETH_IRQHandler
                0x08000ea4                OTG_HS_EP1_OUT_IRQHandler
                0x08000ea4                WWDG_IRQHandler
                0x08000ea4                OTG_FS_WKUP_IRQHandler
                0x08000ea4                TIM1_TRG_COM_TIM11_IRQHandler
                0x08000ea4                OTG_HS_IRQHandler
                0x08000ea4                EXTI1_IRQHandler
                0x08000ea4                USART2_IRQHandler
                0x08000ea4                I2C2_ER_IRQHandler
                0x08000ea4                DMA2_Stream1_IRQHandler
                0x08000ea4                CAN1_SCE_IRQHandler
                0x08000ea4                FLASH_IRQHandler
                0x08000ea4                DMA2_Stream4_IRQHandler
                0x08000ea4                BusFault_Handler
                0x08000ea4                USART1_IRQHandler
                0x08000ea4                OTG_FS_IRQHandler
                0x08000ea4                SPI3_IRQHandler
                0x08000ea4                DMA1_Stream4_IRQHandler
                0x08000ea4                I2C1_ER_IRQHandler
                0x08000ea4                DMA2_Stream6_IRQHandler
                0x08000ea4                DMA1_Stream3_IRQHandler
 .text.eMBFuncWriteHoldingRegister
                0x08000eac       0x84 ..\obj\mbfuncholding.o
                0x08000eac                eMBFuncWriteHoldingRegister
 .text.eMBFuncWriteMultipleHoldingRegister
                0x08000f30       0xdc ..\obj\mbfuncholding.o
                0x08000f30                eMBFuncWriteMultipleHoldingRegister
 .text.eMBFuncReadHoldingRegister
                0x0800100c      0x10c ..\obj\mbfuncholding.o
                0x0800100c                eMBFuncReadHoldingRegister
 .text.eMBFuncReadWriteMultipleHoldingRegister
                0x08001118      0x1a0 ..\obj\mbfuncholding.o
                0x08001118                eMBFuncReadWriteMultipleHoldingRegister
 .text.main     0x080012b8       0x14 ..\obj\main.o
                0x080012b8                main
 .text.vApplicationMallocFailedHook
                0x080012cc        0x8 ..\obj\main.o
                0x080012cc                vApplicationMallocFailedHook
 .text.vApplicationStackOverflowHook
                0x080012d4        0xc ..\obj\main.o
                0x080012d4                vApplicationStackOverflowHook
 .text.vApplicationIdleHook
                0x080012e0       0x18 ..\obj\main.o
                0x080012e0                vApplicationIdleHook
 .text.usMBCRC16
                0x080012f8       0x90 ..\obj\mbcrc.o
                0x080012f8                usMBCRC16
 .text.RCC_GetClocksFreq
                0x08001388      0x1d4 ..\obj\stm32f4xx_rcc.o
                0x08001388                RCC_GetClocksFreq
 .text.RCC_AHB1PeriphClockCmd
                0x0800155c       0x5c ..\obj\stm32f4xx_rcc.o
                0x0800155c                RCC_AHB1PeriphClockCmd
 .text.RCC_APB1PeriphClockCmd
                0x080015b8       0x5c ..\obj\stm32f4xx_rcc.o
                0x080015b8                RCC_APB1PeriphClockCmd
 .text.eMBFuncReadInputRegister
                0x08001614      0x110 ..\obj\mbfuncinput.o
                0x08001614                eMBFuncReadInputRegister
 .text.xTaskGenericCreate
                0x08001724      0x1b8 ..\obj\tasks.o
                0x08001724                xTaskGenericCreate
 .text.vTaskDelay
                0x080018dc       0xa4 ..\obj\tasks.o
                0x080018dc                vTaskDelay
 .text.vTaskStartScheduler
                0x08001980       0x7c ..\obj\tasks.o
                0x08001980                vTaskStartScheduler
 .text.vTaskSuspendAll
                0x080019fc       0x24 ..\obj\tasks.o
                0x080019fc                vTaskSuspendAll
 .text.xTaskResumeAll
                0x08001a20      0x178 ..\obj\tasks.o
                0x08001a20                xTaskResumeAll
 .text.xTaskIncrementTick
                0x08001b98      0x204 ..\obj\tasks.o
                0x08001b98                xTaskIncrementTick
 .text.vTaskSwitchContext
                0x08001d9c      0x14c ..\obj\tasks.o
                0x08001d9c                vTaskSwitchContext
 .text.prvIdleTask
                0x08001ee8       0x24 ..\obj\tasks.o
 .text.prvInitialiseTCBVariables
                0x08001f0c       0xbc ..\obj\tasks.o
 .text.prvInitialiseTaskLists
                0x08001fc8       0xa4 ..\obj\tasks.o
 .text.prvCheckTasksWaitingTermination
                0x0800206c       0x98 ..\obj\tasks.o
 .text.prvAddCurrentTaskToDelayedList
                0x08002104       0x8c ..\obj\tasks.o
 .text.prvAllocateTCBAndStack
                0x08002190       0x7c ..\obj\tasks.o
 .text.prvDeleteTCB
                0x0800220c       0x20 ..\obj\tasks.o
 .text.prvResetNextTaskUnblockTime
                0x0800222c       0x5c ..\obj\tasks.o
 .text.GPIO_Init
                0x08002288      0x158 ..\obj\stm32f4xx_gpio.o
                0x08002288                GPIO_Init
 .text.GPIO_PinAFConfig
                0x080023e0       0xb0 ..\obj\stm32f4xx_gpio.o
                0x080023e0                GPIO_PinAFConfig
 .text.RS485TimersInit
                0x08002490       0xe0 ..\obj\porttimer.o
                0x08002490                RS485TimersInit
 .text.RS485TimersEnable
                0x08002570       0x4c ..\obj\porttimer.o
                0x08002570                RS485TimersEnable
 .text.RS485TimersDisable
                0x080025bc       0x4c ..\obj\porttimer.o
                0x080025bc                RS485TimersDisable
 .text.TIM4_IRQHandler
                0x08002608       0x54 ..\obj\porttimer.o
                0x08002608                TIM4_IRQHandler
 .text.RS485TimerContextInit
                0x0800265c       0x7c ..\obj\porttimer.o
                0x0800265c                RS485TimerContextInit
 .text.RS232TimersInit
                0x080026d8       0xcc ..\obj\porttimer.o
                0x080026d8                RS232TimersInit
 .text.RS232TimersEnable
                0x080027a4       0x3c ..\obj\porttimer.o
                0x080027a4                RS232TimersEnable
 .text.RS232TimersDisable
                0x080027e0       0x3c ..\obj\porttimer.o
                0x080027e0                RS232TimersDisable
 .text.TIM2_IRQHandler
                0x0800281c       0x50 ..\obj\porttimer.o
                0x0800281c                TIM2_IRQHandler
 .text.RS232TimerContextInit
                0x0800286c       0x7c ..\obj\porttimer.o
                0x0800286c                RS232TimerContextInit
 .text.eMBRTUInit
                0x080028e8       0x88 ..\obj\mbrtu.o
                0x080028e8                eMBRTUInit
 .text.eMBRTUStart
                0x08002970       0x38 ..\obj\mbrtu.o
                0x08002970                eMBRTUStart
 .text.eMBRTUStop
                0x080029a8       0x30 ..\obj\mbrtu.o
                0x080029a8                eMBRTUStop
 .text.eMBRTUReceive
                0x080029d8       0x90 ..\obj\mbrtu.o
                0x080029d8                eMBRTUReceive
 .text.eMBRTUSend
                0x08002a68       0xe8 ..\obj\mbrtu.o
                0x08002a68                eMBRTUSend
 .text.xMBRTUReceiveFSM
                0x08002b50       0xd0 ..\obj\mbrtu.o
                0x08002b50                xMBRTUReceiveFSM
 .text.xMBRTUTransmitFSM
                0x08002c20       0xb0 ..\obj\mbrtu.o
                0x08002c20                xMBRTUTransmitFSM
 .text.xMBRTUTimerT35Expired
                0x08002cd0       0x60 ..\obj\mbrtu.o
                0x08002cd0                xMBRTUTimerT35Expired
 .text.vListInitialise
                0x08002d30       0x48 ..\obj\list.o
                0x08002d30                vListInitialise
 .text.vListInitialiseItem
                0x08002d78       0x1c ..\obj\list.o
                0x08002d78                vListInitialiseItem
 .text.vListInsertEnd
                0x08002d94       0x48 ..\obj\list.o
                0x08002d94                vListInsertEnd
 .text.vListInsert
                0x08002ddc       0x74 ..\obj\list.o
                0x08002ddc                vListInsert
 .text.uxListRemove
                0x08002e50       0x58 ..\obj\list.o
                0x08002e50                uxListRemove
 .text.SystemInit
                0x08002ea8       0x94 ..\obj\system_stm32f4xx.o
                0x08002ea8                SystemInit
 .text.SetSysClock
                0x08002f3c      0x154 ..\obj\system_stm32f4xx.o
 .text.pxPortInitialiseStack
                0x08003090       0x64 ..\obj\port.o
                0x08003090                pxPortInitialiseStack
 .text.prvTaskExitError
                0x080030f4       0x20 ..\obj\port.o
 .text.SVC_Handler
                0x08003114       0x24 ..\obj\port.o
                0x08003114                SVC_Handler
 .text.prvPortStartFirstTask
                0x08003138       0x20 ..\obj\port.o
 .text.xPortStartScheduler
                0x08003158      0x10c ..\obj\port.o
                0x08003158                xPortStartScheduler
 .text.vPortYield
                0x08003264       0x20 ..\obj\port.o
                0x08003264                vPortYield
 .text.vPortEnterCritical
                0x08003284       0x50 ..\obj\port.o
                0x08003284                vPortEnterCritical
 .text.vPortExitCritical
                0x080032d4       0x48 ..\obj\port.o
                0x080032d4                vPortExitCritical
 .text.ulPortSetInterruptMask
                0x0800331c       0x14 ..\obj\port.o
                0x0800331c                ulPortSetInterruptMask
 .text.vPortClearInterruptMask
                0x08003330        0x8 ..\obj\port.o
                0x08003330                vPortClearInterruptMask
 .text.PendSV_Handler
                0x08003338       0x44 ..\obj\port.o
                0x08003338                PendSV_Handler
 .text.SysTick_Handler
                0x0800337c       0x2c ..\obj\port.o
                0x0800337c                SysTick_Handler
 .text.vPortSetupTimerInterrupt
                0x080033a8       0x28 ..\obj\port.o
                0x080033a8                vPortSetupTimerInterrupt
 .text.NVIC_EnableIRQ
                0x080033d0       0x38 ..\obj\portserial.o
 .text.RS485SerialEnable
                0x08003408      0x194 ..\obj\portserial.o
                0x08003408                RS485SerialEnable
 .text.RS485SerialInit
                0x0800359c      0x16c ..\obj\portserial.o
                0x0800359c                RS485SerialInit
 .text.RS485SerialPutByte
                0x08003708       0x44 ..\obj\portserial.o
                0x08003708                RS485SerialPutByte
 .text.RS485SerialGetByte
                0x0800374c       0x3c ..\obj\portserial.o
                0x0800374c                RS485SerialGetByte
 .text.USART3_IRQHandler
                0x08003788       0xdc ..\obj\portserial.o
                0x08003788                USART3_IRQHandler
 .text.RS485SerialContextInit
                0x08003864       0x90 ..\obj\portserial.o
                0x08003864                RS485SerialContextInit
 .text.RS232SerialEnable
                0x080038f4       0xb4 ..\obj\portserial.o
                0x080038f4                RS232SerialEnable
 .text.RS232SerialInit
                0x080039a8      0x134 ..\obj\portserial.o
                0x080039a8                RS232SerialInit
 .text.RS232SerialPutByte
                0x08003adc       0x44 ..\obj\portserial.o
                0x08003adc                RS232SerialPutByte
 .text.RS232SerialGetByte
                0x08003b20       0x3c ..\obj\portserial.o
                0x08003b20                RS232SerialGetByte
 .text.UART4_IRQHandler
                0x08003b5c       0xdc ..\obj\portserial.o
                0x08003b5c                UART4_IRQHandler
 .text.RS232SerialContextInit
                0x08003c38       0x90 ..\obj\portserial.o
                0x08003c38                RS232SerialContextInit
 .text.eMBFuncReadCoils
                0x08003cc8      0x134 ..\obj\mbfunccoils.o
                0x08003cc8                eMBFuncReadCoils
 .text.eMBFuncWriteCoil
                0x08003dfc       0xcc ..\obj\mbfunccoils.o
                0x08003dfc                eMBFuncWriteCoil
 .text.eMBFuncWriteMultipleCoils
                0x08003ec8       0xfc ..\obj\mbfunccoils.o
                0x08003ec8                eMBFuncWriteMultipleCoils
 .text.EXTI_GetITStatus
                0x08003fc4       0x60 ..\obj\stm32f4xx_exti.o
                0x08003fc4                EXTI_GetITStatus
 .text.EXTI_ClearITPendingBit
                0x08004024       0x20 ..\obj\stm32f4xx_exti.o
                0x08004024                EXTI_ClearITPendingBit
 .text.NVIC_PriorityGroupConfig
                0x08004044       0x28 ..\obj\misc.o
                0x08004044                NVIC_PriorityGroupConfig
 .text.NVIC_Init
                0x0800406c       0xe8 ..\obj\misc.o
                0x0800406c                NVIC_Init
 .text.pvPortMalloc
                0x08004154      0x164 ..\obj\heap_2.o
                0x08004154                pvPortMalloc
 .text.vPortFree
                0x080042b8       0x88 ..\obj\heap_2.o
                0x080042b8                vPortFree
 .text.xPortGetFreeHeapSize
                0x08004340       0x18 ..\obj\heap_2.o
                0x08004340                xPortGetFreeHeapSize
 .text.prvHeapInit
                0x08004358       0x6c ..\obj\heap_2.o
 .text.TIM_TimeBaseInit
                0x080043c4       0xf8 ..\obj\stm32f4xx_tim.o
                0x080043c4                TIM_TimeBaseInit
 .text.TIM_SetCounter
                0x080044bc       0x1c ..\obj\stm32f4xx_tim.o
                0x080044bc                TIM_SetCounter
 .text.TIM_ARRPreloadConfig
                0x080044d8       0x40 ..\obj\stm32f4xx_tim.o
                0x080044d8                TIM_ARRPreloadConfig
 .text.TIM_Cmd  0x08004518       0x40 ..\obj\stm32f4xx_tim.o
                0x08004518                TIM_Cmd
 .text.TIM_ITConfig
                0x08004558       0x4c ..\obj\stm32f4xx_tim.o
                0x08004558                TIM_ITConfig
 .text.TIM_ClearITPendingBit
                0x080045a4       0x24 ..\obj\stm32f4xx_tim.o
                0x080045a4                TIM_ClearITPendingBit
 .text.NVIC_SystemReset
                0x080045c8       0x34 ..\obj\power_detector.o
 .text.PVD_IRQHandler
                0x080045fc       0x20 ..\obj\power_detector.o
                0x080045fc                PVD_IRQHandler
 .text          0x0800461c       0x58 c:/coocox/coide/gcc/sourcery g++ lite/bin/../lib/gcc/arm-none-eabi/4.5.1/../../../../arm-none-eabi/lib/thumb2\libc.a(lib_a-memcmp.o)
                0x0800461c                memcmp
 .text          0x08004674      0x150 c:/coocox/coide/gcc/sourcery g++ lite/bin/../lib/gcc/arm-none-eabi/4.5.1/../../../../arm-none-eabi/lib/thumb2\libc.a(lib_a-memcpy.o)
                0x08004674                memcpy
 .text          0x080047c4       0xb4 c:/coocox/coide/gcc/sourcery g++ lite/bin/../lib/gcc/arm-none-eabi/4.5.1/../../../../arm-none-eabi/lib/thumb2\libc.a(lib_a-memset.o)
                0x080047c4                memset
 *(.glue_7t)
 .glue_7t       0x00000000        0x0 linker stubs
 *(.glue_7)
 .glue_7        0x00000000        0x0 linker stubs
 *(.rodata .rodata* .gnu.linkonce.r.*)
 .rodata        0x08004878       0x20 ..\obj\protocol.o
 .rodata        0x08004898      0x200 ..\obj\mbcrc.o
 .rodata        0x08004a98       0x1c ..\obj\tasks.o
 .rodata        0x08004ab4        0x2 ..\obj\heap_2.o

.vfp11_veneer   0x08004ab8        0x0 load address 0x08004ab6
 .vfp11_veneer  0x00000000        0x0 linker stubs

.v4_bx          0x08004ab8        0x0 load address 0x08004ab6
 .v4_bx         0x00000000        0x0 linker stubs

.ARM.extab
 *(.ARM.extab* .gnu.linkonce.armextab.*)

.ARM.exidx
 *(.ARM.exidx* .gnu.linkonce.armexidx.*)
                0x08004ab8                . = ALIGN (0x4)
                0x08004ab8                _etext = .
                0x08004ab8                _sidata = .

.data           0x20000000       0xbc load address 0x08004ab8
                0x20000000                _sdata = .
 *(.data .data.*)
 .data          0x20000000        0xc ..\obj\mbport.o
                0x20000000                usRegHoldingBuf
                0x20000004                REG_INPUT_START
                0x20000005                REG_HOLDING_START
                0x20000006                REG_INPUT_NREGS
                0x20000007                REG_HOLDING_NREGS
                0x20000008                usRegInputStart
                0x20000009                usRegHoldingStart
 .data          0x2000000c       0x80 ..\obj\mb.o
 .data          0x2000008c       0x10 ..\obj\stm32f4xx_rcc.o
 .data          0x2000009c        0x4 ..\obj\tasks.o
 .data          0x200000a0       0x14 ..\obj\system_stm32f4xx.o
                0x200000a0                SystemCoreClock
                0x200000a4                AHBPrescTable
 .data          0x200000b4        0x4 ..\obj\port.o
 .data          0x200000b8        0x4 ..\obj\heap_2.o
                0x200000bc                . = ALIGN (0x4)
                0x200000bc                _edata = .

.bss            0x200000bc     0x458c load address 0x08004b74
                0x200000bc                _sbss = .
 *(.bss .bss.*)
 .bss           0x200000bc      0x100 ..\obj\mbport.o
 .bss           0x200001bc       0x24 ..\obj\mbfuncother.o
 .bss           0x200001e0       0xfc ..\obj\tasks.o
                0x200001e0                pxCurrentTCB
 .bss           0x200002dc        0x8 ..\obj\porttimer.o
 .bss           0x200002e4        0x8 ..\obj\port.o
 .bss           0x200002ec       0x10 ..\obj\portserial.o
 .bss           0x200002fc     0x4014 ..\obj\heap_2.o
 *(COMMON)
 COMMON         0x20004310      0x2e8 ..\obj\protocol.o
                0x20004310                stContext_RS232
                0x20004484                stContext_RS485
 COMMON         0x200045f8       0x50 ..\obj\watchdog.o
                0x200045f8                task_watches
                0x20004648                . = ALIGN (0x4)
                0x20004648                _ebss = .

.co_stack       0x20004648      0x800 load address 0x08009100
                0x20004648                . = ALIGN (0x8)
 *(.co_stack .co_stack.*)
 .co_stack      0x20004648      0x800 ..\obj\startup_stm32f4xx.o
                0x20004648                pulStack
                0x20004e48                . = ALIGN (0x4)
                0x20004e48                _end = .
LOAD ..\obj\stm32f4xx_syscfg.o
LOAD ..\obj\mbport.o
LOAD ..\obj\mb.o
LOAD ..\obj\protocol.o
LOAD ..\obj\mbfuncdisc.o
LOAD ..\obj\core_cm3.o
LOAD ..\obj\portevent.o
LOAD ..\obj\mbfuncother.o
LOAD ..\obj\stm32f4xx_usart.o
LOAD ..\obj\stm32f4xx_pwr.o
LOAD ..\obj\rtc.o
LOAD ..\obj\mbutils.o
LOAD ..\obj\startup_stm32f4xx.o
LOAD ..\obj\backup_sram.o
LOAD ..\obj\stm32f4xx_iwdg.o
LOAD ..\obj\ADS1120.o
LOAD ..\obj\mbfuncholding.o
LOAD ..\obj\main.o
LOAD ..\obj\mbcrc.o
LOAD ..\obj\stm32f4xx_rcc.o
LOAD ..\obj\timers.o
LOAD ..\obj\mbfuncinput.o
LOAD ..\obj\printf.o
LOAD ..\obj\watchdog.o
LOAD ..\obj\mbfuncdiag.o
LOAD ..\obj\tasks.o
LOAD ..\obj\stm32f4xx_gpio.o
LOAD ..\obj\porttimer.o
LOAD ..\obj\mbrtu.o
LOAD ..\obj\list.o
LOAD ..\obj\system_stm32f4xx.o
LOAD ..\obj\syscalls.o
LOAD ..\obj\port.o
LOAD ..\obj\queue.o
LOAD ..\obj\portserial.o
LOAD ..\obj\croutine.o
LOAD ..\obj\stm32f4xx_spi.o
LOAD ..\obj\mbfunccoils.o
LOAD ..\obj\event_groups.o
LOAD ..\obj\frequency.o
LOAD ..\obj\stm32f4xx_exti.o
LOAD ..\obj\misc.o
LOAD ..\obj\stm32f4xx_rtc.o
LOAD ..\obj\mbascii.o
LOAD ..\obj\heap_2.o
LOAD ..\obj\stm32f4xx_tim.o
LOAD ..\obj\power_detector.o
START GROUP
LOAD c:/coocox/coide/gcc/sourcery g++ lite/bin/../lib/gcc/arm-none-eabi/4.5.1/thumb2\libgcc.a
LOAD c:/coocox/coide/gcc/sourcery g++ lite/bin/../lib/gcc/arm-none-eabi/4.5.1/../../../../arm-none-eabi/lib/thumb2\libc.a
END GROUP
OUTPUT(IMS_CONTROLLER.elf elf32-littlearm)

.debug_abbrev   0x00000000     0x3444
 .debug_abbrev  0x00000000      0x12a ..\obj\stm32f4xx_syscfg.o
 .debug_abbrev  0x0000012a      0x132 ..\obj\mbport.o
 .debug_abbrev  0x0000025c      0x199 ..\obj\mb.o
 .debug_abbrev  0x000003f5      0x171 ..\obj\protocol.o
 .debug_abbrev  0x00000566       0xa5 ..\obj\mbfuncdisc.o
 .debug_abbrev  0x0000060b       0xd5 ..\obj\core_cm3.o
 .debug_abbrev  0x000006e0       0xc1 ..\obj\portevent.o
 .debug_abbrev  0x000007a1       0xbe ..\obj\mbfuncother.o
 .debug_abbrev  0x0000085f      0x14e ..\obj\stm32f4xx_usart.o
 .debug_abbrev  0x000009ad      0x175 ..\obj\stm32f4xx_pwr.o
 .debug_abbrev  0x00000b22      0x125 ..\obj\rtc.o
 .debug_abbrev  0x00000c47       0xd2 ..\obj\mbutils.o
 .debug_abbrev  0x00000d19       0xac ..\obj\startup_stm32f4xx.o
 .debug_abbrev  0x00000dc5       0xa7 ..\obj\backup_sram.o
 .debug_abbrev  0x00000e6c       0xfa ..\obj\stm32f4xx_iwdg.o
 .debug_abbrev  0x00000f66      0x17a ..\obj\ADS1120.o
 .debug_abbrev  0x000010e0       0xa5 ..\obj\mbfuncholding.o
 .debug_abbrev  0x00001185       0xc0 ..\obj\main.o
 .debug_abbrev  0x00001245       0x90 ..\obj\mbcrc.o
 .debug_abbrev  0x000012d5      0x1b7 ..\obj\stm32f4xx_rcc.o
 .debug_abbrev  0x0000148c       0x28 ..\obj\timers.o
 .debug_abbrev  0x000014b4       0xa5 ..\obj\mbfuncinput.o
 .debug_abbrev  0x00001559      0x238 ..\obj\printf.o
 .debug_abbrev  0x00001791      0x120 ..\obj\watchdog.o
 .debug_abbrev  0x000018b1        0x1 ..\obj\mbfuncdiag.o
 .debug_abbrev  0x000018b2      0x206 ..\obj\tasks.o
 .debug_abbrev  0x00001ab8      0x182 ..\obj\stm32f4xx_gpio.o
 .debug_abbrev  0x00001c3a      0x1b6 ..\obj\porttimer.o
 .debug_abbrev  0x00001df0      0x180 ..\obj\mbrtu.o
 .debug_abbrev  0x00001f70       0xb8 ..\obj\list.o
 .debug_abbrev  0x00002028      0x140 ..\obj\system_stm32f4xx.o
 .debug_abbrev  0x00002168       0xde ..\obj\syscalls.o
 .debug_abbrev  0x00002246      0x186 ..\obj\port.o
 .debug_abbrev  0x000023cc      0x132 ..\obj\queue.o
 .debug_abbrev  0x000024fe      0x203 ..\obj\portserial.o
 .debug_abbrev  0x00002701      0x17f ..\obj\croutine.o
 .debug_abbrev  0x00002880      0x160 ..\obj\stm32f4xx_spi.o
 .debug_abbrev  0x000029e0       0xb7 ..\obj\mbfunccoils.o
 .debug_abbrev  0x00002a97      0x10f ..\obj\event_groups.o
 .debug_abbrev  0x00002ba6        0x1 ..\obj\frequency.o
 .debug_abbrev  0x00002ba7      0x198 ..\obj\stm32f4xx_exti.o
 .debug_abbrev  0x00002d3f      0x126 ..\obj\misc.o
 .debug_abbrev  0x00002e65      0x16b ..\obj\stm32f4xx_rtc.o
 .debug_abbrev  0x00002fd0       0x4d ..\obj\mbascii.o
 .debug_abbrev  0x0000301d      0x15f ..\obj\heap_2.o
 .debug_abbrev  0x0000317c      0x163 ..\obj\stm32f4xx_tim.o
 .debug_abbrev  0x000032df      0x165 ..\obj\power_detector.o

.debug_info     0x00000000    0x121cc
 .debug_info    0x00000000      0x27a ..\obj\stm32f4xx_syscfg.o
 .debug_info    0x0000027a      0x3bb ..\obj\mbport.o
 .debug_info    0x00000635      0x9a1 ..\obj\mb.o
 .debug_info    0x00000fd6      0x8a5 ..\obj\protocol.o
 .debug_info    0x0000187b      0x1f9 ..\obj\mbfuncdisc.o
 .debug_info    0x00001a74      0x548 ..\obj\core_cm3.o
 .debug_info    0x00001fbc      0x1c4 ..\obj\portevent.o
 .debug_info    0x00002180      0x25c ..\obj\mbfuncother.o
 .debug_info    0x000023dc      0xa4f ..\obj\stm32f4xx_usart.o
 .debug_info    0x00002e2b      0x53e ..\obj\stm32f4xx_pwr.o
 .debug_info    0x00003369      0x2a8 ..\obj\rtc.o
 .debug_info    0x00003611      0x2d1 ..\obj\mbutils.o
 .debug_info    0x000038e2      0x135 ..\obj\startup_stm32f4xx.o
 .debug_info    0x00003a17      0x11f ..\obj\backup_sram.o
 .debug_info    0x00003b36      0x20b ..\obj\stm32f4xx_iwdg.o
 .debug_info    0x00003d41      0x6cb ..\obj\ADS1120.o
 .debug_info    0x0000440c      0x38e ..\obj\mbfuncholding.o
 .debug_info    0x0000479a      0x181 ..\obj\main.o
 .debug_info    0x0000491b      0x13e ..\obj\mbcrc.o
 .debug_info    0x00004a59      0xd24 ..\obj\stm32f4xx_rcc.o
 .debug_info    0x0000577d       0x6f ..\obj\timers.o
 .debug_info    0x000057ec      0x1eb ..\obj\mbfuncinput.o
 .debug_info    0x000059d7      0xed2 ..\obj\printf.o
 .debug_info    0x000068a9      0x1ab ..\obj\watchdog.o
 .debug_info    0x00006a54        0x0 ..\obj\mbfuncdiag.o
 .debug_info    0x00006a54     0x12a7 ..\obj\tasks.o
 .debug_info    0x00007cfb      0x639 ..\obj\stm32f4xx_gpio.o
 .debug_info    0x00008334      0xe0c ..\obj\porttimer.o
 .debug_info    0x00009140      0x7fd ..\obj\mbrtu.o
 .debug_info    0x0000993d      0x2b5 ..\obj\list.o
 .debug_info    0x00009bf2      0x5ea ..\obj\system_stm32f4xx.o
 .debug_info    0x0000a1dc      0x440 ..\obj\syscalls.o
 .debug_info    0x0000a61c      0x330 ..\obj\port.o
 .debug_info    0x0000a94c      0x9ea ..\obj\queue.o
 .debug_info    0x0000b336     0x1160 ..\obj\portserial.o
 .debug_info    0x0000c496      0x4ec ..\obj\croutine.o
 .debug_info    0x0000c982      0xbcc ..\obj\stm32f4xx_spi.o
 .debug_info    0x0000d54e      0x31e ..\obj\mbfunccoils.o
 .debug_info    0x0000d86c      0x639 ..\obj\event_groups.o
 .debug_info    0x0000dea5        0x0 ..\obj\frequency.o
 .debug_info    0x0000dea5      0x372 ..\obj\stm32f4xx_exti.o
 .debug_info    0x0000e217      0x594 ..\obj\misc.o
 .debug_info    0x0000e7ab     0x1223 ..\obj\stm32f4xx_rtc.o
 .debug_info    0x0000f9ce       0x9b ..\obj\mbascii.o
 .debug_info    0x0000fa69      0x2e3 ..\obj\heap_2.o
 .debug_info    0x0000fd4c     0x1e28 ..\obj\stm32f4xx_tim.o
 .debug_info    0x00011b74      0x658 ..\obj\power_detector.o

.debug_line     0x00000000     0x9009
 .debug_line    0x00000000      0x202 ..\obj\stm32f4xx_syscfg.o
 .debug_line    0x00000202      0x292 ..\obj\mbport.o
 .debug_line    0x00000494      0x326 ..\obj\mb.o
 .debug_line    0x000007ba      0x334 ..\obj\protocol.o
 .debug_line    0x00000aee      0x1ed ..\obj\mbfuncdisc.o
 .debug_line    0x00000cdb      0x28e ..\obj\core_cm3.o
 .debug_line    0x00000f69      0x1d1 ..\obj\portevent.o
 .debug_line    0x0000113a      0x259 ..\obj\mbfuncother.o
 .debug_line    0x00001393      0x49c ..\obj\stm32f4xx_usart.o
 .debug_line    0x0000182f      0x29f ..\obj\stm32f4xx_pwr.o
 .debug_line    0x00001ace      0x2b6 ..\obj\rtc.o
 .debug_line    0x00001d84      0x261 ..\obj\mbutils.o
 .debug_line    0x00001fe5       0xaf ..\obj\startup_stm32f4xx.o
 .debug_line    0x00002094      0x1a8 ..\obj\backup_sram.o
 .debug_line    0x0000223c      0x1f9 ..\obj\stm32f4xx_iwdg.o
 .debug_line    0x00002435      0x3e7 ..\obj\ADS1120.o
 .debug_line    0x0000281c      0x283 ..\obj\mbfuncholding.o
 .debug_line    0x00002a9f      0x2ad ..\obj\main.o
 .debug_line    0x00002d4c      0x164 ..\obj\mbcrc.o
 .debug_line    0x00002eb0      0x598 ..\obj\stm32f4xx_rcc.o
 .debug_line    0x00003448       0x1d ..\obj\timers.o
 .debug_line    0x00003465      0x1e3 ..\obj\mbfuncinput.o
 .debug_line    0x00003648      0x3cf ..\obj\printf.o
 .debug_line    0x00003a17      0x257 ..\obj\watchdog.o
 .debug_line    0x00003c6e        0x0 ..\obj\mbfuncdiag.o
 .debug_line    0x00003c6e      0xab6 ..\obj\tasks.o
 .debug_line    0x00004724      0x337 ..\obj\stm32f4xx_gpio.o
 .debug_line    0x00004a5b      0x3cd ..\obj\porttimer.o
 .debug_line    0x00004e28      0x293 ..\obj\mbrtu.o
 .debug_line    0x000050bb      0x241 ..\obj\list.o
 .debug_line    0x000052fc      0x21b ..\obj\system_stm32f4xx.o
 .debug_line    0x00005517      0x19d ..\obj\syscalls.o
 .debug_line    0x000056b4      0x30a ..\obj\port.o
 .debug_line    0x000059be      0x6fb ..\obj\queue.o
 .debug_line    0x000060b9      0x4df ..\obj\portserial.o
 .debug_line    0x00006598      0x30d ..\obj\croutine.o
 .debug_line    0x000068a5      0x44c ..\obj\stm32f4xx_spi.o
 .debug_line    0x00006cf1      0x25b ..\obj\mbfunccoils.o
 .debug_line    0x00006f4c      0x395 ..\obj\event_groups.o
 .debug_line    0x000072e1        0x0 ..\obj\frequency.o
 .debug_line    0x000072e1      0x2a1 ..\obj\stm32f4xx_exti.o
 .debug_line    0x00007582      0x23d ..\obj\misc.o
 .debug_line    0x000077bf      0x80f ..\obj\stm32f4xx_rtc.o
 .debug_line    0x00007fce       0xde ..\obj\mbascii.o
 .debug_line    0x000080ac      0x28b ..\obj\heap_2.o
 .debug_line    0x00008337      0xa71 ..\obj\stm32f4xx_tim.o
 .debug_line    0x00008da8      0x261 ..\obj\power_detector.o

.debug_loc      0x00000000     0x7232
 .debug_loc     0x00000000      0x144 ..\obj\stm32f4xx_syscfg.o
 .debug_loc     0x00000144      0x138 ..\obj\mbport.o
 .debug_loc     0x0000027c      0x150 ..\obj\mb.o
 .debug_loc     0x000003cc       0xa8 ..\obj\protocol.o
 .debug_loc     0x00000474       0x38 ..\obj\mbfuncdisc.o
 .debug_loc     0x000004ac      0x3f0 ..\obj\core_cm3.o
 .debug_loc     0x0000089c       0xa8 ..\obj\portevent.o
 .debug_loc     0x00000944       0x70 ..\obj\mbfuncother.o
 .debug_loc     0x000009b4      0x658 ..\obj\stm32f4xx_usart.o
 .debug_loc     0x0000100c      0x288 ..\obj\stm32f4xx_pwr.o
 .debug_loc     0x00001294       0x70 ..\obj\rtc.o
 .debug_loc     0x00001304       0xa8 ..\obj\mbutils.o
 .debug_loc     0x000013ac       0x64 ..\obj\startup_stm32f4xx.o
 .debug_loc     0x00001410       0x64 ..\obj\backup_sram.o
 .debug_loc     0x00001474      0x138 ..\obj\stm32f4xx_iwdg.o
 .debug_loc     0x000015ac      0x144 ..\obj\ADS1120.o
 .debug_loc     0x000016f0       0xe0 ..\obj\mbfuncholding.o
 .debug_loc     0x000017d0      0x100 ..\obj\main.o
 .debug_loc     0x000018d0       0x38 ..\obj\mbcrc.o
 .debug_loc     0x00001908      0x97c ..\obj\stm32f4xx_rcc.o
 .debug_loc     0x00002284       0x38 ..\obj\mbfuncinput.o
 .debug_loc     0x000022bc      0x3ea ..\obj\printf.o
 .debug_loc     0x000026a6       0x70 ..\obj\watchdog.o
 .debug_loc     0x00002716      0x92c ..\obj\tasks.o
 .debug_loc     0x00003042      0x310 ..\obj\stm32f4xx_gpio.o
 .debug_loc     0x00003352      0x1e8 ..\obj\porttimer.o
 .debug_loc     0x0000353a      0x1c0 ..\obj\mbrtu.o
 .debug_loc     0x000036fa      0x118 ..\obj\list.o
 .debug_loc     0x00003812       0x9c ..\obj\system_stm32f4xx.o
 .debug_loc     0x000038ae      0x1ec ..\obj\syscalls.o
 .debug_loc     0x00003a9a      0x1dc ..\obj\port.o
 .debug_loc     0x00003c76      0x460 ..\obj\queue.o
 .debug_loc     0x000040d6      0x2c0 ..\obj\portserial.o
 .debug_loc     0x00004396      0x188 ..\obj\croutine.o
 .debug_loc     0x0000451e      0x578 ..\obj\stm32f4xx_spi.o
 .debug_loc     0x00004a96       0xa8 ..\obj\mbfunccoils.o
 .debug_loc     0x00004b3e      0x230 ..\obj\event_groups.o
 .debug_loc     0x00004d6e      0x1b4 ..\obj\stm32f4xx_exti.o
 .debug_loc     0x00004f22      0x118 ..\obj\misc.o
 .debug_loc     0x0000503a      0xc48 ..\obj\stm32f4xx_rtc.o
 .debug_loc     0x00005c82      0x100 ..\obj\heap_2.o
 .debug_loc     0x00005d82     0x1420 ..\obj\stm32f4xx_tim.o
 .debug_loc     0x000071a2       0x90 ..\obj\power_detector.o

.debug_pubnames
                0x00000000     0x2f99
 .debug_pubnames
                0x00000000       0xc3 ..\obj\stm32f4xx_syscfg.o
 .debug_pubnames
                0x000000c3      0x126 ..\obj\mbport.o
 .debug_pubnames
                0x000001e9       0x66 ..\obj\mb.o
 .debug_pubnames
                0x0000024f       0x4c ..\obj\protocol.o
 .debug_pubnames
                0x0000029b       0x30 ..\obj\mbfuncdisc.o
 .debug_pubnames
                0x000002cb      0x159 ..\obj\core_cm3.o
 .debug_pubnames
                0x00000424       0x50 ..\obj\portevent.o
 .debug_pubnames
                0x00000474       0x3d ..\obj\mbfuncother.o
 .debug_pubnames
                0x000004b1      0x294 ..\obj\stm32f4xx_usart.o
 .debug_pubnames
                0x00000745      0x120 ..\obj\stm32f4xx_pwr.o
 .debug_pubnames
                0x00000865       0x46 ..\obj\rtc.o
 .debug_pubnames
                0x000008ab       0x52 ..\obj\mbutils.o
 .debug_pubnames
                0x000008fd       0x4a ..\obj\startup_stm32f4xx.o
 .debug_pubnames
                0x00000947       0x41 ..\obj\backup_sram.o
 .debug_pubnames
                0x00000988       0x91 ..\obj\stm32f4xx_iwdg.o
 .debug_pubnames
                0x00000a19       0x9f ..\obj\ADS1120.o
 .debug_pubnames
                0x00000ab8       0xa5 ..\obj\mbfuncholding.o
 .debug_pubnames
                0x00000b5d       0x90 ..\obj\main.o
 .debug_pubnames
                0x00000bed       0x20 ..\obj\mbcrc.o
 .debug_pubnames
                0x00000c0d      0x417 ..\obj\stm32f4xx_rcc.o
 .debug_pubnames
                0x00001024       0x2f ..\obj\mbfuncinput.o
 .debug_pubnames
                0x00001053      0x101 ..\obj\printf.o
 .debug_pubnames
                0x00001154       0x35 ..\obj\watchdog.o
 .debug_pubnames
                0x00001189      0x350 ..\obj\tasks.o
 .debug_pubnames
                0x000014d9      0x12d ..\obj\stm32f4xx_gpio.o
 .debug_pubnames
                0x00001606       0xf0 ..\obj\porttimer.o
 .debug_pubnames
                0x000016f6       0xa6 ..\obj\mbrtu.o
 .debug_pubnames
                0x0000179c       0x72 ..\obj\list.o
 .debug_pubnames
                0x0000180e       0x61 ..\obj\system_stm32f4xx.o
 .debug_pubnames
                0x0000186f       0x71 ..\obj\syscalls.o
 .debug_pubnames
                0x000018e0      0x144 ..\obj\port.o
 .debug_pubnames
                0x00001a24      0x18c ..\obj\queue.o
 .debug_pubnames
                0x00001bb0      0x123 ..\obj\portserial.o
 .debug_pubnames
                0x00001cd3       0x96 ..\obj\croutine.o
 .debug_pubnames
                0x00001d69      0x221 ..\obj\stm32f4xx_spi.o
 .debug_pubnames
                0x00001f8a       0x5a ..\obj\mbfunccoils.o
 .debug_pubnames
                0x00001fe4       0xf8 ..\obj\event_groups.o
 .debug_pubnames
                0x000020dc       0xbb ..\obj\stm32f4xx_exti.o
 .debug_pubnames
                0x00002197       0x89 ..\obj\misc.o
 .debug_pubnames
                0x00002220      0x514 ..\obj\stm32f4xx_rtc.o
 .debug_pubnames
                0x00002734       0x64 ..\obj\heap_2.o
 .debug_pubnames
                0x00002798      0x7c4 ..\obj\stm32f4xx_tim.o
 .debug_pubnames
                0x00002f5c       0x3d ..\obj\power_detector.o

.debug_pubtypes
                0x00000000     0x1f8b
 .debug_pubtypes
                0x00000000       0x6d ..\obj\stm32f4xx_syscfg.o
 .debug_pubtypes
                0x0000006d       0x80 ..\obj\mbport.o
 .debug_pubtypes
                0x000000ed      0x17e ..\obj\mb.o
 .debug_pubtypes
                0x0000026b      0x17d ..\obj\protocol.o
 .debug_pubtypes
                0x000003e8       0x6e ..\obj\mbfuncdisc.o
 .debug_pubtypes
                0x00000456       0x50 ..\obj\core_cm3.o
 .debug_pubtypes
                0x000004a6       0x52 ..\obj\portevent.o
 .debug_pubtypes
                0x000004f8       0x82 ..\obj\mbfuncother.o
 .debug_pubtypes
                0x0000057a       0xcd ..\obj\stm32f4xx_usart.o
 .debug_pubtypes
                0x00000647       0x84 ..\obj\stm32f4xx_pwr.o
 .debug_pubtypes
                0x000006cb       0x83 ..\obj\rtc.o
 .debug_pubtypes
                0x0000074e       0x79 ..\obj\mbutils.o
 .debug_pubtypes
                0x000007c7       0x37 ..\obj\backup_sram.o
 .debug_pubtypes
                0x000007fe       0x64 ..\obj\stm32f4xx_iwdg.o
 .debug_pubtypes
                0x00000862      0x12b ..\obj\ADS1120.o
 .debug_pubtypes
                0x0000098d       0x6e ..\obj\mbfuncholding.o
 .debug_pubtypes
                0x000009fb       0x49 ..\obj\main.o
 .debug_pubtypes
                0x00000a44       0x40 ..\obj\mbcrc.o
 .debug_pubtypes
                0x00000a84       0xaa ..\obj\stm32f4xx_rcc.o
 .debug_pubtypes
                0x00000b2e       0x12 ..\obj\timers.o
 .debug_pubtypes
                0x00000b40       0x6e ..\obj\mbfuncinput.o
 .debug_pubtypes
                0x00000bae      0x139 ..\obj\printf.o
 .debug_pubtypes
                0x00000ce7       0x63 ..\obj\watchdog.o
 .debug_pubtypes
                0x00000d4a      0x191 ..\obj\tasks.o
 .debug_pubtypes
                0x00000edb       0xce ..\obj\stm32f4xx_gpio.o
 .debug_pubtypes
                0x00000fa9      0x1ad ..\obj\porttimer.o
 .debug_pubtypes
                0x00001156      0x115 ..\obj\mbrtu.o
 .debug_pubtypes
                0x0000126b       0x98 ..\obj\list.o
 .debug_pubtypes
                0x00001303       0x73 ..\obj\system_stm32f4xx.o
 .debug_pubtypes
                0x00001376       0xaa ..\obj\syscalls.o
 .debug_pubtypes
                0x00001420       0x7c ..\obj\port.o
 .debug_pubtypes
                0x0000149c      0x122 ..\obj\queue.o
 .debug_pubtypes
                0x000015be      0x257 ..\obj\portserial.o
 .debug_pubtypes
                0x00001815      0x107 ..\obj\croutine.o
 .debug_pubtypes
                0x0000191c       0xbc ..\obj\stm32f4xx_spi.o
 .debug_pubtypes
                0x000019d8       0x6e ..\obj\mbfunccoils.o
 .debug_pubtypes
                0x00001a46       0xf9 ..\obj\event_groups.o
 .debug_pubtypes
                0x00001b3f       0xae ..\obj\stm32f4xx_exti.o
 .debug_pubtypes
                0x00001bed       0x8c ..\obj\misc.o
 .debug_pubtypes
                0x00001c79       0xd8 ..\obj\stm32f4xx_rtc.o
 .debug_pubtypes
                0x00001d51       0x1e ..\obj\mbascii.o
 .debug_pubtypes
                0x00001d6f       0x73 ..\obj\heap_2.o
 .debug_pubtypes
                0x00001de2       0xe4 ..\obj\stm32f4xx_tim.o
 .debug_pubtypes
                0x00001ec6       0xc5 ..\obj\power_detector.o

.debug_aranges  0x00000000     0x14e8
 .debug_aranges
                0x00000000       0x48 ..\obj\stm32f4xx_syscfg.o
 .debug_aranges
                0x00000048       0x48 ..\obj\mbport.o
 .debug_aranges
                0x00000090       0x48 ..\obj\mb.o
 .debug_aranges
                0x000000d8       0x30 ..\obj\protocol.o
 .debug_aranges
                0x00000108       0x20 ..\obj\mbfuncdisc.o
 .debug_aranges
                0x00000128       0xc8 ..\obj\core_cm3.o
 .debug_aranges
                0x000001f0       0x30 ..\obj\portevent.o
 .debug_aranges
                0x00000220       0x28 ..\obj\mbfuncother.o
 .debug_aranges
                0x00000248      0x100 ..\obj\stm32f4xx_usart.o
 .debug_aranges
                0x00000348       0x78 ..\obj\stm32f4xx_pwr.o
 .debug_aranges
                0x000003c0       0x28 ..\obj\rtc.o
 .debug_aranges
                0x000003e8       0x30 ..\obj\mbutils.o
 .debug_aranges
                0x00000418       0x28 ..\obj\startup_stm32f4xx.o
 .debug_aranges
                0x00000440       0x28 ..\obj\backup_sram.o
 .debug_aranges
                0x00000468       0x48 ..\obj\stm32f4xx_iwdg.o
 .debug_aranges
                0x000004b0       0x48 ..\obj\ADS1120.o
 .debug_aranges
                0x000004f8       0x38 ..\obj\mbfuncholding.o
 .debug_aranges
                0x00000530       0x40 ..\obj\main.o
 .debug_aranges
                0x00000570       0x20 ..\obj\mbcrc.o
 .debug_aranges
                0x00000590      0x178 ..\obj\stm32f4xx_rcc.o
 .debug_aranges
                0x00000708       0x20 ..\obj\mbfuncinput.o
 .debug_aranges
                0x00000728       0xa0 ..\obj\printf.o
 .debug_aranges
                0x000007c8       0x28 ..\obj\watchdog.o
 .debug_aranges
                0x000007f0      0x170 ..\obj\tasks.o
 .debug_aranges
                0x00000960       0x88 ..\obj\stm32f4xx_gpio.o
 .debug_aranges
                0x000009e8       0x68 ..\obj\porttimer.o
 .debug_aranges
                0x00000a50       0x58 ..\obj\mbrtu.o
 .debug_aranges
                0x00000aa8       0x40 ..\obj\list.o
 .debug_aranges
                0x00000ae8       0x30 ..\obj\system_stm32f4xx.o
 .debug_aranges
                0x00000b18       0x60 ..\obj\syscalls.o
 .debug_aranges
                0x00000b78       0x90 ..\obj\port.o
 .debug_aranges
                0x00000c08       0xb8 ..\obj\queue.o
 .debug_aranges
                0x00000cc0       0x80 ..\obj\portserial.o
 .debug_aranges
                0x00000d40       0x50 ..\obj\croutine.o
 .debug_aranges
                0x00000d90       0xe0 ..\obj\stm32f4xx_spi.o
 .debug_aranges
                0x00000e70       0x30 ..\obj\mbfunccoils.o
 .debug_aranges
                0x00000ea0       0x68 ..\obj\event_groups.o
 .debug_aranges
                0x00000f08       0x58 ..\obj\stm32f4xx_exti.o
 .debug_aranges
                0x00000f60       0x40 ..\obj\misc.o
 .debug_aranges
                0x00000fa0      0x1e0 ..\obj\stm32f4xx_rtc.o
 .debug_aranges
                0x00001180       0x40 ..\obj\heap_2.o
 .debug_aranges
                0x000011c0      0x2f8 ..\obj\stm32f4xx_tim.o
 .debug_aranges
                0x000014b8       0x30 ..\obj\power_detector.o

.debug_ranges   0x00000000     0x1238
 .debug_ranges  0x00000000       0x38 ..\obj\stm32f4xx_syscfg.o
 .debug_ranges  0x00000038       0x38 ..\obj\mbport.o
 .debug_ranges  0x00000070       0x38 ..\obj\mb.o
 .debug_ranges  0x000000a8       0x20 ..\obj\protocol.o
 .debug_ranges  0x000000c8       0x10 ..\obj\mbfuncdisc.o
 .debug_ranges  0x000000d8       0xb8 ..\obj\core_cm3.o
 .debug_ranges  0x00000190       0x20 ..\obj\portevent.o
 .debug_ranges  0x000001b0       0x18 ..\obj\mbfuncother.o
 .debug_ranges  0x000001c8       0xf0 ..\obj\stm32f4xx_usart.o
 .debug_ranges  0x000002b8       0x68 ..\obj\stm32f4xx_pwr.o
 .debug_ranges  0x00000320       0x18 ..\obj\rtc.o
 .debug_ranges  0x00000338       0x20 ..\obj\mbutils.o
 .debug_ranges  0x00000358       0x18 ..\obj\startup_stm32f4xx.o
 .debug_ranges  0x00000370       0x18 ..\obj\backup_sram.o
 .debug_ranges  0x00000388       0x38 ..\obj\stm32f4xx_iwdg.o
 .debug_ranges  0x000003c0       0x38 ..\obj\ADS1120.o
 .debug_ranges  0x000003f8       0x28 ..\obj\mbfuncholding.o
 .debug_ranges  0x00000420       0x30 ..\obj\main.o
 .debug_ranges  0x00000450       0x10 ..\obj\mbcrc.o
 .debug_ranges  0x00000460      0x168 ..\obj\stm32f4xx_rcc.o
 .debug_ranges  0x000005c8       0x10 ..\obj\mbfuncinput.o
 .debug_ranges  0x000005d8       0x90 ..\obj\printf.o
 .debug_ranges  0x00000668       0x18 ..\obj\watchdog.o
 .debug_ranges  0x00000680      0x160 ..\obj\tasks.o
 .debug_ranges  0x000007e0       0x78 ..\obj\stm32f4xx_gpio.o
 .debug_ranges  0x00000858       0x58 ..\obj\porttimer.o
 .debug_ranges  0x000008b0       0x48 ..\obj\mbrtu.o
 .debug_ranges  0x000008f8       0x30 ..\obj\list.o
 .debug_ranges  0x00000928       0x20 ..\obj\system_stm32f4xx.o
 .debug_ranges  0x00000948       0x50 ..\obj\syscalls.o
 .debug_ranges  0x00000998       0x80 ..\obj\port.o
 .debug_ranges  0x00000a18       0xa8 ..\obj\queue.o
 .debug_ranges  0x00000ac0       0x70 ..\obj\portserial.o
 .debug_ranges  0x00000b30       0x40 ..\obj\croutine.o
 .debug_ranges  0x00000b70       0xd0 ..\obj\stm32f4xx_spi.o
 .debug_ranges  0x00000c40       0x20 ..\obj\mbfunccoils.o
 .debug_ranges  0x00000c60       0x58 ..\obj\event_groups.o
 .debug_ranges  0x00000cb8       0x48 ..\obj\stm32f4xx_exti.o
 .debug_ranges  0x00000d00       0x30 ..\obj\misc.o
 .debug_ranges  0x00000d30      0x1d0 ..\obj\stm32f4xx_rtc.o
 .debug_ranges  0x00000f00       0x30 ..\obj\heap_2.o
 .debug_ranges  0x00000f30      0x2e8 ..\obj\stm32f4xx_tim.o
 .debug_ranges  0x00001218       0x20 ..\obj\power_detector.o

.debug_str      0x00000000     0x6e5a
 .debug_str     0x00000000      0x21d ..\obj\stm32f4xx_syscfg.o
                                0x26a (size before relaxing)
 .debug_str     0x0000021d      0x22b ..\obj\mbport.o
                                0x2de (size before relaxing)
 .debug_str     0x00000448      0x5d4 ..\obj\mb.o
                                0x785 (size before relaxing)
 .debug_str     0x00000a1c      0x1e2 ..\obj\protocol.o
                                0x83a (size before relaxing)
 .debug_str     0x00000bfe       0xc3 ..\obj\mbfuncdisc.o
                                0x2e3 (size before relaxing)
 .debug_str     0x00000cc1      0x173 ..\obj\core_cm3.o
                                0x23a (size before relaxing)
 .debug_str     0x00000e34       0x9a ..\obj\portevent.o
                                0x1c1 (size before relaxing)
 .debug_str     0x00000ece       0xd8 ..\obj\mbfuncother.o
                                0x30c (size before relaxing)
 .debug_str     0x00000fa6      0x4e4 ..\obj\stm32f4xx_usart.o
                                0x5fa (size before relaxing)
 .debug_str     0x0000148a      0x1e9 ..\obj\stm32f4xx_pwr.o
                                0x2fc (size before relaxing)
 .debug_str     0x00001673      0x15c ..\obj\rtc.o
                                0x272 (size before relaxing)
 .debug_str     0x000017cf       0xf9 ..\obj\mbutils.o
                                0x320 (size before relaxing)
 .debug_str     0x000018c8       0xbe ..\obj\startup_stm32f4xx.o
                                 0xe9 (size before relaxing)
 .debug_str     0x00001986       0x99 ..\obj\backup_sram.o
                                0x15e (size before relaxing)
 .debug_str     0x00001a1f       0xf6 ..\obj\stm32f4xx_iwdg.o
                                0x1d7 (size before relaxing)
 .debug_str     0x00001b15      0x3bf ..\obj\ADS1120.o
                                0x61d (size before relaxing)
 .debug_str     0x00001ed4      0x155 ..\obj\mbfuncholding.o
                                0x3c1 (size before relaxing)
 .debug_str     0x00002029       0xd6 ..\obj\main.o
                                0x1ab (size before relaxing)
 .debug_str     0x000020ff       0x77 ..\obj\mbcrc.o
                                0x144 (size before relaxing)
 .debug_str     0x00002176      0x5eb ..\obj\stm32f4xx_rcc.o
                                0x7bb (size before relaxing)
 .debug_str     0x00002761       0x56 ..\obj\timers.o
                                 0xeb (size before relaxing)
 .debug_str     0x000027b7       0x79 ..\obj\mbfuncinput.o
                                0x2d7 (size before relaxing)
 .debug_str     0x00002830      0x49c ..\obj\printf.o
                                0x5fc (size before relaxing)
 .debug_str     0x00002ccc       0x7c ..\obj\watchdog.o
                                0x19b (size before relaxing)
 .debug_str     0x00002d48      0xa38 ..\obj\tasks.o
                                0xb93 (size before relaxing)
 .debug_str     0x00003780      0x194 ..\obj\stm32f4xx_gpio.o
                                0x40e (size before relaxing)
 .debug_str     0x00003914      0x7e5 ..\obj\porttimer.o
                                0xeb5 (size before relaxing)
 .debug_str     0x000040f9      0x121 ..\obj\mbrtu.o
                                0x557 (size before relaxing)
 .debug_str     0x0000421a       0xe8 ..\obj\list.o
                                0x231 (size before relaxing)
 .debug_str     0x00004302       0xb6 ..\obj\system_stm32f4xx.o
                                0x309 (size before relaxing)
 .debug_str     0x000043b8      0x158 ..\obj\syscalls.o
                                0x27c (size before relaxing)
 .debug_str     0x00004510      0x263 ..\obj\port.o
                                0x360 (size before relaxing)
 .debug_str     0x00004773      0x353 ..\obj\queue.o
                                0x576 (size before relaxing)
 .debug_str     0x00004ac6      0x1b3 ..\obj\portserial.o
                               0x1078 (size before relaxing)
 .debug_str     0x00004c79      0x28c ..\obj\croutine.o
                                0x455 (size before relaxing)
 .debug_str     0x00004f05      0x30b ..\obj\stm32f4xx_spi.o
                                0x5f5 (size before relaxing)
 .debug_str     0x00005210       0xd6 ..\obj\mbfunccoils.o
                                0x34b (size before relaxing)
 .debug_str     0x000052e6      0x2a5 ..\obj\event_groups.o
                                0x452 (size before relaxing)
 .debug_str     0x0000558b      0x1db ..\obj\stm32f4xx_exti.o
                                0x2d9 (size before relaxing)
 .debug_str     0x00005766      0x137 ..\obj\misc.o
                                0x344 (size before relaxing)
 .debug_str     0x0000589d      0x893 ..\obj\stm32f4xx_rtc.o
                                0xabe (size before relaxing)
 .debug_str     0x00006130       0x58 ..\obj\mbascii.o
                                0x102 (size before relaxing)
 .debug_str     0x00006188      0x19b ..\obj\heap_2.o
                                0x284 (size before relaxing)
 .debug_str     0x00006323      0xa94 ..\obj\stm32f4xx_tim.o
                                0xd3b (size before relaxing)
 .debug_str     0x00006db7       0xa3 ..\obj\power_detector.o
                                0x838 (size before relaxing)

.comment        0x00000000       0x2a
 .comment       0x00000000       0x2a ..\obj\stm32f4xx_syscfg.o
                                 0x2b (size before relaxing)
 .comment       0x00000000       0x2b ..\obj\mbport.o
 .comment       0x00000000       0x2b ..\obj\mb.o
 .comment       0x00000000       0x2b ..\obj\protocol.o
 .comment       0x00000000       0x2b ..\obj\mbfuncdisc.o
 .comment       0x00000000       0x2b ..\obj\core_cm3.o
 .comment       0x00000000       0x2b ..\obj\portevent.o
 .comment       0x00000000       0x2b ..\obj\mbfuncother.o
 .comment       0x00000000       0x2b ..\obj\stm32f4xx_usart.o
 .comment       0x00000000       0x2b ..\obj\stm32f4xx_pwr.o
 .comment       0x00000000       0x2b ..\obj\rtc.o
 .comment       0x00000000       0x2b ..\obj\mbutils.o
 .comment       0x00000000       0x2b ..\obj\startup_stm32f4xx.o
 .comment       0x00000000       0x2b ..\obj\backup_sram.o
 .comment       0x00000000       0x2b ..\obj\stm32f4xx_iwdg.o
 .comment       0x00000000       0x2b ..\obj\ADS1120.o
 .comment       0x00000000       0x2b ..\obj\mbfuncholding.o
 .comment       0x00000000       0x2b ..\obj\main.o
 .comment       0x00000000       0x2b ..\obj\mbcrc.o
 .comment       0x00000000       0x2b ..\obj\stm32f4xx_rcc.o
 .comment       0x00000000       0x2b ..\obj\timers.o
 .comment       0x00000000       0x2b ..\obj\mbfuncinput.o
 .comment       0x00000000       0x2b ..\obj\printf.o
 .comment       0x00000000       0x2b ..\obj\watchdog.o
 .comment       0x00000000       0x2b ..\obj\mbfuncdiag.o
 .comment       0x00000000       0x2b ..\obj\tasks.o
 .comment       0x00000000       0x2b ..\obj\stm32f4xx_gpio.o
 .comment       0x00000000       0x2b ..\obj\porttimer.o
 .comment       0x00000000       0x2b ..\obj\mbrtu.o
 .comment       0x00000000       0x2b ..\obj\list.o
 .comment       0x00000000       0x2b ..\obj\system_stm32f4xx.o
 .comment       0x00000000       0x2b ..\obj\syscalls.o
 .comment       0x00000000       0x2b ..\obj\port.o
 .comment       0x00000000       0x2b ..\obj\queue.o
 .comment       0x00000000       0x2b ..\obj\portserial.o
 .comment       0x00000000       0x2b ..\obj\croutine.o
 .comment       0x00000000       0x2b ..\obj\stm32f4xx_spi.o
 .comment       0x00000000       0x2b ..\obj\mbfunccoils.o
 .comment       0x00000000       0x2b ..\obj\event_groups.o
 .comment       0x00000000       0x2b ..\obj\frequency.o
 .comment       0x00000000       0x2b ..\obj\stm32f4xx_exti.o
 .comment       0x00000000       0x2b ..\obj\misc.o
 .comment       0x00000000       0x2b ..\obj\stm32f4xx_rtc.o
 .comment       0x00000000       0x2b ..\obj\mbascii.o
 .comment       0x00000000       0x2b ..\obj\heap_2.o
 .comment       0x00000000       0x2b ..\obj\stm32f4xx_tim.o
 .comment       0x00000000       0x2b ..\obj\power_detector.o

.ARM.attributes
                0x00000000       0x31
 .ARM.attributes
                0x00000000       0x31 ..\obj\stm32f4xx_syscfg.o
 .ARM.attributes
                0x00000031       0x31 ..\obj\mbport.o
 .ARM.attributes
                0x00000062       0x31 ..\obj\mb.o
 .ARM.attributes
                0x00000093       0x31 ..\obj\protocol.o
 .ARM.attributes
                0x000000c4       0x31 ..\obj\mbfuncdisc.o
 .ARM.attributes
                0x000000f5       0x31 ..\obj\core_cm3.o
 .ARM.attributes
                0x00000126       0x31 ..\obj\portevent.o
 .ARM.attributes
                0x00000157       0x31 ..\obj\mbfuncother.o
 .ARM.attributes
                0x00000188       0x31 ..\obj\stm32f4xx_usart.o
 .ARM.attributes
                0x000001b9       0x31 ..\obj\stm32f4xx_pwr.o
 .ARM.attributes
                0x000001ea       0x31 ..\obj\rtc.o
 .ARM.attributes
                0x0000021b       0x31 ..\obj\mbutils.o
 .ARM.attributes
                0x0000024c       0x31 ..\obj\startup_stm32f4xx.o
 .ARM.attributes
                0x0000027d       0x31 ..\obj\backup_sram.o
 .ARM.attributes
                0x000002ae       0x31 ..\obj\stm32f4xx_iwdg.o
 .ARM.attributes
                0x000002df       0x31 ..\obj\ADS1120.o
 .ARM.attributes
                0x00000310       0x31 ..\obj\mbfuncholding.o
 .ARM.attributes
                0x00000341       0x31 ..\obj\main.o
 .ARM.attributes
                0x00000372       0x31 ..\obj\mbcrc.o
 .ARM.attributes
                0x000003a3       0x31 ..\obj\stm32f4xx_rcc.o
 .ARM.attributes
                0x000003d4       0x31 ..\obj\timers.o
 .ARM.attributes
                0x00000405       0x31 ..\obj\mbfuncinput.o
 .ARM.attributes
                0x00000436       0x31 ..\obj\printf.o
 .ARM.attributes
                0x00000467       0x31 ..\obj\watchdog.o
 .ARM.attributes
                0x00000498       0x31 ..\obj\mbfuncdiag.o
 .ARM.attributes
                0x000004c9       0x31 ..\obj\tasks.o
 .ARM.attributes
                0x000004fa       0x31 ..\obj\stm32f4xx_gpio.o
 .ARM.attributes
                0x0000052b       0x31 ..\obj\porttimer.o
 .ARM.attributes
                0x0000055c       0x31 ..\obj\mbrtu.o
 .ARM.attributes
                0x0000058d       0x31 ..\obj\list.o
 .ARM.attributes
                0x000005be       0x31 ..\obj\system_stm32f4xx.o
 .ARM.attributes
                0x000005ef       0x31 ..\obj\syscalls.o
 .ARM.attributes
                0x00000620       0x31 ..\obj\port.o
 .ARM.attributes
                0x00000651       0x31 ..\obj\queue.o
 .ARM.attributes
                0x00000682       0x31 ..\obj\portserial.o
 .ARM.attributes
                0x000006b3       0x31 ..\obj\croutine.o
 .ARM.attributes
                0x000006e4       0x31 ..\obj\stm32f4xx_spi.o
 .ARM.attributes
                0x00000715       0x31 ..\obj\mbfunccoils.o
 .ARM.attributes
                0x00000746       0x31 ..\obj\event_groups.o
 .ARM.attributes
                0x00000777       0x31 ..\obj\frequency.o
 .ARM.attributes
                0x000007a8       0x31 ..\obj\stm32f4xx_exti.o
 .ARM.attributes
                0x000007d9       0x31 ..\obj\misc.o
 .ARM.attributes
                0x0000080a       0x31 ..\obj\stm32f4xx_rtc.o
 .ARM.attributes
                0x0000083b       0x31 ..\obj\mbascii.o
 .ARM.attributes
                0x0000086c       0x31 ..\obj\heap_2.o
 .ARM.attributes
                0x0000089d       0x31 ..\obj\stm32f4xx_tim.o
 .ARM.attributes
                0x000008ce       0x31 ..\obj\power_detector.o
 .ARM.attributes
                0x000008ff       0x1b c:/coocox/coide/gcc/sourcery g++ lite/bin/../lib/gcc/arm-none-eabi/4.5.1/thumb2\libgcc.a(_arm_addsubdf3.o)
 .ARM.attributes
                0x0000091a       0x1b c:/coocox/coide/gcc/sourcery g++ lite/bin/../lib/gcc/arm-none-eabi/4.5.1/thumb2\libgcc.a(_arm_muldivdf3.o)
 .ARM.attributes
                0x00000935       0x1b c:/coocox/coide/gcc/sourcery g++ lite/bin/../lib/gcc/arm-none-eabi/4.5.1/thumb2\libgcc.a(_arm_truncdfsf2.o)
 .ARM.attributes
                0x00000950       0x1b c:/coocox/coide/gcc/sourcery g++ lite/bin/../lib/gcc/arm-none-eabi/4.5.1/thumb2\libgcc.a(_arm_addsubsf3.o)
 .ARM.attributes
                0x0000096b       0x29 c:/coocox/coide/gcc/sourcery g++ lite/bin/../lib/gcc/arm-none-eabi/4.5.1/../../../../arm-none-eabi/lib/thumb2\libc.a(lib_a-memcmp.o)
 .ARM.attributes
                0x00000994       0x29 c:/coocox/coide/gcc/sourcery g++ lite/bin/../lib/gcc/arm-none-eabi/4.5.1/../../../../arm-none-eabi/lib/thumb2\libc.a(lib_a-memcpy.o)
 .ARM.attributes
                0x000009bd       0x29 c:/coocox/coide/gcc/sourcery g++ lite/bin/../lib/gcc/arm-none-eabi/4.5.1/../../../../arm-none-eabi/lib/thumb2\libc.a(lib_a-memset.o)

.debug_frame    0x00000000     0x4078
 .debug_frame   0x00000000       0xbc ..\obj\stm32f4xx_syscfg.o
 .debug_frame   0x000000bc       0xb0 ..\obj\mbport.o
 .debug_frame   0x0000016c       0xd4 ..\obj\mb.o
 .debug_frame   0x00000240       0x70 ..\obj\protocol.o
 .debug_frame   0x000002b0       0x30 ..\obj\mbfuncdisc.o
 .debug_frame   0x000002e0      0x280 ..\obj\core_cm3.o
 .debug_frame   0x00000560       0x64 ..\obj\portevent.o
 .debug_frame   0x000005c4       0x50 ..\obj\mbfuncother.o
 .debug_frame   0x00000614      0x344 ..\obj\stm32f4xx_usart.o
 .debug_frame   0x00000958      0x15c ..\obj\stm32f4xx_pwr.o
 .debug_frame   0x00000ab4       0x50 ..\obj\rtc.o
 .debug_frame   0x00000b04       0x68 ..\obj\mbutils.o
 .debug_frame   0x00000b6c       0x48 ..\obj\startup_stm32f4xx.o
 .debug_frame   0x00000bb4       0x48 ..\obj\backup_sram.o
 .debug_frame   0x00000bfc       0xb0 ..\obj\stm32f4xx_iwdg.o
 .debug_frame   0x00000cac       0xcc ..\obj\ADS1120.o
 .debug_frame   0x00000d78       0x90 ..\obj\mbfuncholding.o
 .debug_frame   0x00000e08       0x9c ..\obj\main.o
 .debug_frame   0x00000ea4       0x2c ..\obj\mbcrc.o
 .debug_frame   0x00000ed0      0x4d8 ..\obj\stm32f4xx_rcc.o
 .debug_frame   0x000013a8       0x30 ..\obj\mbfuncinput.o
 .debug_frame   0x000013d8      0x244 ..\obj\printf.o
 .debug_frame   0x0000161c       0x50 ..\obj\watchdog.o
 .debug_frame   0x0000166c      0x53c ..\obj\tasks.o
 .debug_frame   0x00001ba8      0x19c ..\obj\stm32f4xx_gpio.o
 .debug_frame   0x00001d44      0x138 ..\obj\porttimer.o
 .debug_frame   0x00001e7c      0x110 ..\obj\mbrtu.o
 .debug_frame   0x00001f8c       0x9c ..\obj\list.o
 .debug_frame   0x00002028       0x64 ..\obj\system_stm32f4xx.o
 .debug_frame   0x0000208c      0x108 ..\obj\syscalls.o
 .debug_frame   0x00002194      0x178 ..\obj\port.o
 .debug_frame   0x0000230c      0x290 ..\obj\queue.o
 .debug_frame   0x0000259c      0x1a4 ..\obj\portserial.o
 .debug_frame   0x00002740       0xf0 ..\obj\croutine.o
 .debug_frame   0x00002830      0x2d0 ..\obj\stm32f4xx_spi.o
 .debug_frame   0x00002b00       0x70 ..\obj\mbfunccoils.o
 .debug_frame   0x00002b70      0x14c ..\obj\event_groups.o
 .debug_frame   0x00002cbc       0xec ..\obj\stm32f4xx_exti.o
 .debug_frame   0x00002da8       0x9c ..\obj\misc.o
 .debug_frame   0x00002e44      0x670 ..\obj\stm32f4xx_rtc.o
 .debug_frame   0x000034b4       0x9c ..\obj\heap_2.o
 .debug_frame   0x00003550      0xa3c ..\obj\stm32f4xx_tim.o
 .debug_frame   0x00003f8c       0x64 ..\obj\power_detector.o
 .debug_frame   0x00003ff0       0x2c c:/coocox/coide/gcc/sourcery g++ lite/bin/../lib/gcc/arm-none-eabi/4.5.1/../../../../arm-none-eabi/lib/thumb2\libc.a(lib_a-memcmp.o)
 .debug_frame   0x0000401c       0x30 c:/coocox/coide/gcc/sourcery g++ lite/bin/../lib/gcc/arm-none-eabi/4.5.1/../../../../arm-none-eabi/lib/thumb2\libc.a(lib_a-memcpy.o)
 .debug_frame   0x0000404c       0x2c c:/coocox/coide/gcc/sourcery g++ lite/bin/../lib/gcc/arm-none-eabi/4.5.1/../../../../arm-none-eabi/lib/thumb2\libc.a(lib_a-memset.o)
