Archive member included because of file (symbol)

C:\STM32\ARM_EABI\arm-none-eabi\lib\thumb2\libm.a(lib_a-w_sqrt.o)
                              ..\obj\ADS1220.o (sqrt)
C:\STM32\ARM_EABI\arm-none-eabi\lib\thumb2\libm.a(lib_a-e_sqrt.o)
                              C:\STM32\ARM_EABI\arm-none-eabi\lib\thumb2\libm.a(lib_a-w_sqrt.o) (__ieee754_sqrt)
C:\STM32\ARM_EABI\arm-none-eabi\lib\thumb2\libm.a(lib_a-s_fpclassify.o)
                              C:\STM32\ARM_EABI\arm-none-eabi\lib\thumb2\libm.a(lib_a-w_sqrt.o) (__fpclassifyd)
C:\STM32\ARM_EABI\arm-none-eabi\lib\thumb2\libm.a(lib_a-s_lib_ver.o)
                              C:\STM32\ARM_EABI\arm-none-eabi\lib\thumb2\libm.a(lib_a-w_sqrt.o) (__fdlib_version)
C:\STM32\ARM_EABI\arm-none-eabi\lib\thumb2\libm.a(lib_a-s_matherr.o)
                              C:\STM32\ARM_EABI\arm-none-eabi\lib\thumb2\libm.a(lib_a-w_sqrt.o) (matherr)
c:/stm32/arm_eabi/bin/../lib/gcc/arm-none-eabi/4.7.2/thumb2\libgcc.a(_arm_addsubdf3.o)
                              ..\obj\ADS1220.o (__aeabi_dsub)
c:/stm32/arm_eabi/bin/../lib/gcc/arm-none-eabi/4.7.2/thumb2\libgcc.a(_arm_muldivdf3.o)
                              ..\obj\ADS1220.o (__aeabi_dmul)
c:/stm32/arm_eabi/bin/../lib/gcc/arm-none-eabi/4.7.2/thumb2\libgcc.a(_arm_cmpdf2.o)
                              C:\STM32\ARM_EABI\arm-none-eabi\lib\thumb2\libm.a(lib_a-w_sqrt.o) (__aeabi_dcmplt)
c:/stm32/arm_eabi/bin/../lib/gcc/arm-none-eabi/4.7.2/thumb2\libgcc.a(_arm_truncdfsf2.o)
                              ..\obj\ADS1220.o (__aeabi_d2f)
c:/stm32/arm_eabi/bin/../lib/gcc/arm-none-eabi/4.7.2/thumb2\libgcc.a(_arm_addsubsf3.o)
                              ..\obj\ADS1220.o (__aeabi_ui2f)
c:/stm32/arm_eabi/bin/../lib/gcc/arm-none-eabi/4.7.2/thumb2\libgcc.a(_arm_muldivsf3.o)
                              ..\obj\ADS1220.o (__aeabi_fmul)
C:\STM32\ARM_EABI\arm-none-eabi\lib\thumb2\libc.a(lib_a-errno.o)
                              C:\STM32\ARM_EABI\arm-none-eabi\lib\thumb2\libm.a(lib_a-w_sqrt.o) (__errno)
C:\STM32\ARM_EABI\arm-none-eabi\lib\thumb2\libc.a(lib_a-memcmp.o)
                              ..\obj\tasks.o (memcmp)
C:\STM32\ARM_EABI\arm-none-eabi\lib\thumb2\libc.a(lib_a-memcpy.o)
                              ..\obj\mbport.o (memcpy)
C:\STM32\ARM_EABI\arm-none-eabi\lib\thumb2\libc.a(lib_a-memset.o)
                              ..\obj\tasks.o (memset)

Allocating common symbols
Common symbol       size              file

APP_Tx_Buffer       0x80              ..\obj\usbd_cdc_vcp.o
log_buf             0x80              ..\obj\log.o
stContext_RS232     0x174             ..\obj\protocol.o
stContext_RS485     0x174             ..\obj\protocol.o
stSettings          0x84              ..\obj\controller.o
usbd_cdc_OtherCfgDesc
                    0x43              ..\obj\usbd_cdc_core.o
APP_tx_ptr_tail     0x4               ..\obj\usbd_cdc_vcp.o
USB_Rx_Buffer       0x40              ..\obj\usbd_cdc_core.o
xMeasureDataMutex   0x4               ..\obj\controller.o
temp_char           0x1               ..\obj\portserial.o
stContext_USB_CDC   0x174             ..\obj\protocol.o
CmdBuff             0x8               ..\obj\usbd_cdc_core.o
xI2CBusMutex        0x4               ..\obj\fram_i2c.o
USB_OTG_dev         0x5f0             ..\obj\controller.o
xFrequencySemaphore
                    0x8               ..\obj\frequency.o
xADC_SPI_Mutex      0x4               ..\obj\ADS1220.o
APP_Rx_Buffer       0x800             ..\obj\usbd_cdc_core.o
stMeasureData       0x40              ..\obj\controller.o
xSettingsMutex      0x4               ..\obj\controller.o
task_watches        0x50              ..\obj\watchdog.o
USBD_StrDesc        0x32              ..\obj\usbd_req.o
APP_tx_ptr_head     0x4               ..\obj\usbd_cdc_vcp.o

Discarded input sections

 .text          0x00000000        0x0 ..\obj\stm32f4xx_syscfg.o
 .data          0x00000000        0x0 ..\obj\stm32f4xx_syscfg.o
 .bss           0x00000000        0x0 ..\obj\stm32f4xx_syscfg.o
 .text.SYSCFG_DeInit
                0x00000000       0x20 ..\obj\stm32f4xx_syscfg.o
 .text.SYSCFG_MemoryRemapConfig
                0x00000000       0x20 ..\obj\stm32f4xx_syscfg.o
 .text.SYSCFG_EXTILineConfig
                0x00000000       0x98 ..\obj\stm32f4xx_syscfg.o
 .text.SYSCFG_ETH_MediaInterfaceConfig
                0x00000000       0x1c ..\obj\stm32f4xx_syscfg.o
 .text.SYSCFG_CompensationCellCmd
                0x00000000       0x20 ..\obj\stm32f4xx_syscfg.o
 .text.SYSCFG_GetCompensationCellStatus
                0x00000000       0x38 ..\obj\stm32f4xx_syscfg.o
 .debug_info    0x00000000      0x279 ..\obj\stm32f4xx_syscfg.o
 .debug_abbrev  0x00000000      0x133 ..\obj\stm32f4xx_syscfg.o
 .debug_loc     0x00000000      0x144 ..\obj\stm32f4xx_syscfg.o
 .debug_aranges
                0x00000000       0x48 ..\obj\stm32f4xx_syscfg.o
 .debug_ranges  0x00000000       0x38 ..\obj\stm32f4xx_syscfg.o
 .debug_line    0x00000000      0x1ed ..\obj\stm32f4xx_syscfg.o
[...]
Memory Configuration

Name             Origin             Length             Attributes
rom              0x08000000         0x00100000         xr
ram              0x20000000         0x00020000         xrw
ram1             0x10000000         0x00010000         xrw
*default*        0x00000000         0xffffffff

Linker script and memory map

                0x20020000                _eram = 0x20020000

.text           0x08000000     0xed54
 *(.isr_vector)
 .isr_vector    0x08000000      0x188 ..\obj\startup_stm32f4xx.o
                0x08000000                g_pfnVectors
 *(.text*)
 .text.USB_OTG_EnableCommonInt
                0x08000188       0x44 ..\obj\usb_core.o
 .text.USB_OTG_CoreReset
                0x080001cc       0xa4 ..\obj\usb_core.o
 .text.USB_OTG_WritePacket
                0x08000270       0x84 ..\obj\usb_core.o
                0x08000270                USB_OTG_WritePacket
 .text.USB_OTG_ReadPacket
                0x080002f4       0x68 ..\obj\usb_core.o
                0x080002f4                USB_OTG_ReadPacket
 .text.USB_OTG_SelectCore
                0x0800035c      0x1b0 ..\obj\usb_core.o
                0x0800035c                USB_OTG_SelectCore
 .text.USB_OTG_CoreInit
                0x0800050c      0x1f8 ..\obj\usb_core.o
                0x0800050c                USB_OTG_CoreInit
 .text.USB_OTG_EnableGlobalInt
                0x08000704       0x3c ..\obj\usb_core.o
                0x08000704                USB_OTG_EnableGlobalInt
 .text.USB_OTG_DisableGlobalInt
                0x08000740       0x40 ..\obj\usb_core.o
                0x08000740                USB_OTG_DisableGlobalInt
 .text.USB_OTG_FlushTxFifo
                0x08000780       0x80 ..\obj\usb_core.o
                0x08000780                USB_OTG_FlushTxFifo
 .text.USB_OTG_FlushRxFifo
                0x08000800       0x6c ..\obj\usb_core.o
                0x08000800                USB_OTG_FlushRxFifo
 .text.USB_OTG_SetCurrentMode
                0x0800086c       0x64 ..\obj\usb_core.o
                0x0800086c                USB_OTG_SetCurrentMode
 .text.USB_OTG_GetMode
                0x080008d0       0x20 ..\obj\usb_core.o
                0x080008d0                USB_OTG_GetMode
 .text.USB_OTG_IsDeviceMode
                0x080008f0       0x24 ..\obj\usb_core.o
                0x080008f0                USB_OTG_IsDeviceMode
 .text.USB_OTG_ReadCoreItr
                0x08000914       0x30 ..\obj\usb_core.o
                0x08000914                USB_OTG_ReadCoreItr
 .text.USB_OTG_InitDevSpeed
                0x08000944       0x38 ..\obj\usb_core.o
                0x08000944                USB_OTG_InitDevSpeed
 .text.USB_OTG_CoreInitDev
                0x0800097c      0x2d8 ..\obj\usb_core.o
                0x0800097c                USB_OTG_CoreInitDev
 .text.USB_OTG_EnableDevInt
                0x08000c54       0xa4 ..\obj\usb_core.o
                0x08000c54                USB_OTG_EnableDevInt
 .text.USB_OTG_GetDeviceSpeed
                0x08000cf8       0x50 ..\obj\usb_core.o
                0x08000cf8                USB_OTG_GetDeviceSpeed
 .text.USB_OTG_EP0Activate
                0x08000d48       0x80 ..\obj\usb_core.o
                0x08000d48                USB_OTG_EP0Activate
 .text.USB_OTG_EPActivate
                0x08000dc8       0xf8 ..\obj\usb_core.o
                0x08000dc8                USB_OTG_EPActivate
 .text.USB_OTG_EPDeactivate
                0x08000ec0       0xa4 ..\obj\usb_core.o
                0x08000ec0                USB_OTG_EPDeactivate
 .text.USB_OTG_EPStartXfer
                0x08000f64      0x2d0 ..\obj\usb_core.o
                0x08000f64                USB_OTG_EPStartXfer
 .text.USB_OTG_EP0StartXfer
                0x08001234      0x200 ..\obj\usb_core.o
                0x08001234                USB_OTG_EP0StartXfer
 .text.USB_OTG_EPSetStall
                0x08001434       0x94 ..\obj\usb_core.o
                0x08001434                USB_OTG_EPSetStall
 .text.USB_OTG_EPClearStall
                0x080014c8       0x84 ..\obj\usb_core.o
                0x080014c8                USB_OTG_EPClearStall
 .text.USB_OTG_ReadDevAllOutEp_itr
                0x0800154c       0x30 ..\obj\usb_core.o
                0x0800154c                USB_OTG_ReadDevAllOutEp_itr
 .text.USB_OTG_ReadDevOutEP_itr
                0x0800157c       0x3c ..\obj\usb_core.o
                0x0800157c                USB_OTG_ReadDevOutEP_itr
 .text.USB_OTG_ReadDevAllInEPItr
                0x080015b8       0x34 ..\obj\usb_core.o
                0x080015b8                USB_OTG_ReadDevAllInEPItr
 .text.USB_OTG_EP0_OutStart
                0x080015ec       0x78 ..\obj\usb_core.o
                0x080015ec                USB_OTG_EP0_OutStart
 .text.USB_OTG_UngateClock
                0x08001664       0x54 ..\obj\usb_core.o
                0x08001664                USB_OTG_UngateClock
 .text.ENTER_CRITICAL_SECTION
                0x080016b8        0xc ..\obj\mbport.o
                0x080016b8                ENTER_CRITICAL_SECTION
 .text.EXIT_CRITICAL_SECTION
                0x080016c4        0xc ..\obj\mbport.o
                0x080016c4                EXIT_CRITICAL_SECTION
 .text.eMBRegInputCB
                0x080016d0      0x1bc ..\obj\mbport.o
                0x080016d0                eMBRegInputCB
 .text.eMBRegHoldingCB
                0x0800188c      0x6fc ..\obj\mbport.o
                0x0800188c                eMBRegHoldingCB
 .text.eMBRegCoilsCB
                0x08001f88       0x20 ..\obj\mbport.o
                0x08001f88                eMBRegCoilsCB
 .text.eMBRegDiscreteCB
                0x08001fa8       0x20 ..\obj\mbport.o
                0x08001fa8                eMBRegDiscreteCB
 .text.eMBFileCB
                0x08001fc8      0x16c ..\obj\mbport.o
                0x08001fc8                eMBFileCB
 .text.eMBInit  0x08002134      0x100 ..\obj\mb.o
                0x08002134                eMBInit
 .text.eMBEnable
                0x08002234       0x50 ..\obj\mb.o
                0x08002234                eMBEnable
 .text.eMBPoll  0x08002284      0x1ac ..\obj\mb.o
                0x08002284                eMBPoll
 .text.Protocol_Init
                0x08002430      0x134 ..\obj\protocol.o
                0x08002430                Protocol_Init
 .text.Modbus_RS485_Task
                0x08002564       0x38 ..\obj\protocol.o
 .text.Modbus_RS232_Task
                0x0800259c       0x38 ..\obj\protocol.o
 .text.Modbus_USB_CDC_Task
                0x080025d4       0x38 ..\obj\protocol.o
 .text.eMBFuncReadDiscreteInputs
                0x0800260c      0x130 ..\obj\mbfuncdisc.o
                0x0800260c                eMBFuncReadDiscreteInputs
 .text.USBD_USR_Init
                0x0800273c        0xc ..\obj\usbd_usr.o
                0x0800273c                USBD_USR_Init
 .text.USBD_USR_DeviceReset
                0x08002748       0x14 ..\obj\usbd_usr.o
                0x08002748                USBD_USR_DeviceReset
 .text.USBD_USR_DeviceConfigured
                0x0800275c        0xc ..\obj\usbd_usr.o
                0x0800275c                USBD_USR_DeviceConfigured
 .text.USBD_USR_DeviceSuspended
                0x08002768        0xc ..\obj\usbd_usr.o
                0x08002768                USBD_USR_DeviceSuspended
 .text.USBD_USR_DeviceResumed
                0x08002774        0xc ..\obj\usbd_usr.o
                0x08002774                USBD_USR_DeviceResumed
 .text.xMBPortEventInit
                0x08002780       0x20 ..\obj\portevent.o
                0x08002780                xMBPortEventInit
 .text.xMBPortEventPost
                0x080027a0       0x2c ..\obj\portevent.o
                0x080027a0                xMBPortEventPost
 .text.xMBPortEventGet
                0x080027cc       0x60 ..\obj\portevent.o
                0x080027cc                xMBPortEventGet
 .text.eMBFuncReportSlaveID
                0x0800282c       0x44 ..\obj\mbfuncother.o
                0x0800282c                eMBFuncReportSlaveID
 .text.USART_Init
                0x08002870      0x19c ..\obj\stm32f4xx_usart.o
                0x08002870                USART_Init
 .text.USART_Cmd
                0x08002a0c       0x40 ..\obj\stm32f4xx_usart.o
                0x08002a0c                USART_Cmd
 .text.USART_SendData
                0x08002a4c       0x28 ..\obj\stm32f4xx_usart.o
                0x08002a4c                USART_SendData
 .text.USART_ReceiveData
                0x08002a74       0x24 ..\obj\stm32f4xx_usart.o
                0x08002a74                USART_ReceiveData
 .text.USART_ITConfig
                0x08002a98       0xa4 ..\obj\stm32f4xx_usart.o
                0x08002a98                USART_ITConfig
 .text.USART_GetFlagStatus
                0x08002b3c       0x40 ..\obj\stm32f4xx_usart.o
                0x08002b3c                USART_GetFlagStatus
 .text.USART_ClearFlag
                0x08002b7c       0x24 ..\obj\stm32f4xx_usart.o
                0x08002b7c                USART_ClearFlag
 .text.USART_GetITStatus
                0x08002ba0       0xc4 ..\obj\stm32f4xx_usart.o
                0x08002ba0                USART_GetITStatus
 .text.PWR_BackupAccessCmd
                0x08002c64       0x20 ..\obj\stm32f4xx_pwr.o
                0x08002c64                PWR_BackupAccessCmd
 .text.RTC_Clock_Init
                0x08002c84       0x94 ..\obj\rtc.o
                0x08002c84                RTC_Clock_Init
 .text.prveMBError2Exception
                0x08002d18       0x48 ..\obj\mbutils.o
                0x08002d18                prveMBError2Exception
 .text.Default_Reset_Handler
                0x08002d60       0x64 ..\obj\startup_stm32f4xx.o
                0x08002d60                Default_Reset_Handler
                0x08002d60                Reset_Handler
 .text.Default_Handler
                0x08002dc4        0x8 ..\obj\startup_stm32f4xx.o
                0x08002dc4                RTC_Alarm_IRQHandler
                0x08002dc4                HASH_RNG_IRQHandler
                0x08002dc4                EXTI2_IRQHandler
                0x08002dc4                TIM8_CC_IRQHandler
                0x08002dc4                DebugMon_Handler
                0x08002dc4                TIM1_CC_IRQHandler
                0x08002dc4                DMA2_Stream5_IRQHandler
                0x08002dc4                HardFault_Handler
                0x08002dc4                DMA1_Stream5_IRQHandler
                0x08002dc4                SDIO_IRQHandler
                0x08002dc4                TAMP_STAMP_IRQHandler
                0x08002dc4                NMI_Handler
                0x08002dc4                CAN2_RX1_IRQHandler
                0x08002dc4                EXTI3_IRQHandler
                0x08002dc4                TIM8_TRG_COM_TIM14_IRQHandler
                0x08002dc4                TIM8_UP_TIM13_IRQHandler
                0x08002dc4                I2C3_ER_IRQHandler
                0x08002dc4                EXTI0_IRQHandler
                0x08002dc4                I2C2_EV_IRQHandler
                0x08002dc4                DMA1_Stream2_IRQHandler
                0x08002dc4                CAN1_RX0_IRQHandler
                0x08002dc4                FPU_IRQHandler
                0x08002dc4                OTG_HS_WKUP_IRQHandler
                0x08002dc4                UsageFault_Handler
                0x08002dc4                CAN2_SCE_IRQHandler
                0x08002dc4                DMA2_Stream2_IRQHandler
                0x08002dc4                SPI1_IRQHandler
                0x08002dc4                TIM6_DAC_IRQHandler
                0x08002dc4                TIM1_BRK_TIM9_IRQHandler
                0x08002dc4                DCMI_IRQHandler
                0x08002dc4                CAN2_RX0_IRQHandler
                0x08002dc4                DMA2_Stream3_IRQHandler
                0x08002dc4                CRYP_IRQHandler
                0x08002dc4                CAN1_RX1_IRQHandler
                0x08002dc4                UART5_IRQHandler
                0x08002dc4                DMA2_Stream0_IRQHandler
                0x08002dc4                I2C1_EV_IRQHandler
                0x08002dc4                DMA1_Stream6_IRQHandler
                0x08002dc4                DMA1_Stream1_IRQHandler
                0x08002dc4                UART4_IRQHandler
                0x08002dc4                TIM3_IRQHandler
                0x08002dc4                RCC_IRQHandler
                0x08002dc4                TIM8_BRK_TIM12_IRQHandler
                0x08002dc4                EXTI15_10_IRQHandler
                0x08002dc4                ADC_IRQHandler
                0x08002dc4                DMA1_Stream7_IRQHandler
                0x08002dc4                TIM7_IRQHandler
                0x08002dc4                CAN2_TX_IRQHandler
                0x08002dc4                DMA2_Stream7_IRQHandler
                0x08002dc4                I2C3_EV_IRQHandler
                0x08002dc4                EXTI9_5_IRQHandler
                0x08002dc4                RTC_WKUP_IRQHandler
                0x08002dc4                ETH_WKUP_IRQHandler
                0x08002dc4                SPI2_IRQHandler
                0x08002dc4                OTG_HS_EP1_IN_IRQHandler
                0x08002dc4                MemManage_Handler
                0x08002dc4                DMA1_Stream0_IRQHandler
                0x08002dc4                CAN1_TX_IRQHandler
                0x08002dc4                EXTI4_IRQHandler
                0x08002dc4                FSMC_IRQHandler
                0x08002dc4                ETH_IRQHandler
                0x08002dc4                OTG_HS_EP1_OUT_IRQHandler
                0x08002dc4                WWDG_IRQHandler
                0x08002dc4                TIM1_TRG_COM_TIM11_IRQHandler
                0x08002dc4                OTG_HS_IRQHandler
                0x08002dc4                EXTI1_IRQHandler
                0x08002dc4                USART2_IRQHandler
                0x08002dc4                I2C2_ER_IRQHandler
                0x08002dc4                DMA2_Stream1_IRQHandler
                0x08002dc4                CAN1_SCE_IRQHandler
                0x08002dc4                FLASH_IRQHandler
                0x08002dc4                DMA2_Stream4_IRQHandler
                0x08002dc4                BusFault_Handler
                0x08002dc4                USART1_IRQHandler
                0x08002dc4                SPI3_IRQHandler
                0x08002dc4                DMA1_Stream4_IRQHandler
                0x08002dc4                I2C1_ER_IRQHandler
                0x08002dc4                DMA2_Stream6_IRQHandler
                0x08002dc4                DMA1_Stream3_IRQHandler
 .text.eMBFuncWriteHoldingRegister
                0x08002dcc       0x80 ..\obj\mbfuncholding.o
                0x08002dcc                eMBFuncWriteHoldingRegister
 .text.eMBFuncWriteMultipleHoldingRegister
                0x08002e4c       0xd4 ..\obj\mbfuncholding.o
                0x08002e4c                eMBFuncWriteMultipleHoldingRegister
 .text.eMBFuncReadHoldingRegister
                0x08002f20      0x10c ..\obj\mbfuncholding.o
                0x08002f20                eMBFuncReadHoldingRegister
 .text.eMBFuncReadWriteMultipleHoldingRegister
                0x0800302c      0x194 ..\obj\mbfuncholding.o
                0x0800302c                eMBFuncReadWriteMultipleHoldingRegister
 .text.USBD_Init
                0x080031c0       0x58 ..\obj\usbd_core.o
                0x080031c0                USBD_Init
 .text.USBD_DeInit
                0x08003218       0x18 ..\obj\usbd_core.o
                0x08003218                USBD_DeInit
 .text.USBD_SetupStage
                0x08003230       0x70 ..\obj\usbd_core.o
 .text.USBD_DataOutStage
                0x080032a0       0xd4 ..\obj\usbd_core.o
 .text.USBD_DataInStage
                0x08003374      0x114 ..\obj\usbd_core.o
 .text.USBD_Reset
                0x08003488       0x54 ..\obj\usbd_core.o
 .text.USBD_Resume
                0x080034dc       0x2c ..\obj\usbd_core.o
 .text.USBD_Suspend
                0x08003508       0x2c ..\obj\usbd_core.o
 .text.USBD_SOF
                0x08003534       0x30 ..\obj\usbd_core.o
 .text.USBD_SetCfg
                0x08003564       0x34 ..\obj\usbd_core.o
                0x08003564                USBD_SetCfg
 .text.USBD_ClrCfg
                0x08003598       0x2c ..\obj\usbd_core.o
                0x08003598                USBD_ClrCfg
 .text.USBD_IsoINIncomplete
                0x080035c4       0x24 ..\obj\usbd_core.o
 .text.USBD_IsoOUTIncomplete
                0x080035e8       0x24 ..\obj\usbd_core.o
 .text.main     0x0800360c       0x14 ..\obj\main.o
                0x0800360c                main
 .text.vApplicationMallocFailedHook
                0x08003620        0x8 ..\obj\main.o
                0x08003620                vApplicationMallocFailedHook
 .text.vApplicationStackOverflowHook
                0x08003628        0xc ..\obj\main.o
                0x08003628                vApplicationStackOverflowHook
 .text.vApplicationIdleHook
                0x08003634       0x18 ..\obj\main.o
                0x08003634                vApplicationIdleHook
 .text.usMBCRC16
                0x0800364c       0x84 ..\obj\mbcrc.o
                0x0800364c                usMBCRC16
 .text.RCC_LSEConfig
                0x080036d0       0x4c ..\obj\stm32f4xx_rcc.o
                0x080036d0                RCC_LSEConfig
 .text.RCC_GetClocksFreq
                0x0800371c      0x178 ..\obj\stm32f4xx_rcc.o
                0x0800371c                RCC_GetClocksFreq
 .text.RCC_RTCCLKConfig
                0x08003894       0x60 ..\obj\stm32f4xx_rcc.o
                0x08003894                RCC_RTCCLKConfig
 .text.RCC_RTCCLKCmd
                0x080038f4       0x20 ..\obj\stm32f4xx_rcc.o
                0x080038f4                RCC_RTCCLKCmd
 .text.RCC_AHB1PeriphClockCmd
                0x08003914       0x40 ..\obj\stm32f4xx_rcc.o
                0x08003914                RCC_AHB1PeriphClockCmd
 .text.RCC_AHB2PeriphClockCmd
                0x08003954       0x40 ..\obj\stm32f4xx_rcc.o
                0x08003954                RCC_AHB2PeriphClockCmd
 .text.RCC_APB1PeriphClockCmd
                0x08003994       0x40 ..\obj\stm32f4xx_rcc.o
                0x08003994                RCC_APB1PeriphClockCmd
 .text.RCC_APB2PeriphClockCmd
                0x080039d4       0x40 ..\obj\stm32f4xx_rcc.o
                0x080039d4                RCC_APB2PeriphClockCmd
 .text.RCC_APB1PeriphResetCmd
                0x08003a14       0x40 ..\obj\stm32f4xx_rcc.o
                0x08003a14                RCC_APB1PeriphResetCmd
 .text.RCC_GetFlagStatus
                0x08003a54       0x80 ..\obj\stm32f4xx_rcc.o
                0x08003a54                RCC_GetFlagStatus
 .text.eMBFuncReadFile
                0x08003ad4      0x260 ..\obj\mbfuncfile.o
                0x08003ad4                eMBFuncReadFile
 .text.Log_Read_LogEntry
                0x08003d34       0x58 ..\obj\log.o
                0x08003d34                Log_Read_LogEntry
 .text.eMBFuncReadInputRegister
                0x08003d8c      0x110 ..\obj\mbfuncinput.o
                0x08003d8c                eMBFuncReadInputRegister
 .text.Watchdog_SetTaskStatus
                0x08003e9c       0x30 ..\obj\watchdog.o
                0x08003e9c                Watchdog_SetTaskStatus
 .text.Watchdog_IncrementCouter
                0x08003ecc       0x30 ..\obj\watchdog.o
                0x08003ecc                Watchdog_IncrementCouter
 .text.xTaskGenericCreate
                0x08003efc      0x170 ..\obj\tasks.o
                0x08003efc                xTaskGenericCreate
 .text.vTaskDelay
                0x0800406c       0x90 ..\obj\tasks.o
                0x0800406c                vTaskDelay
 .text.vTaskStartScheduler
                0x080040fc       0x74 ..\obj\tasks.o
                0x080040fc                vTaskStartScheduler
 .text.vTaskSuspendAll
                0x08004170       0x1c ..\obj\tasks.o
                0x08004170                vTaskSuspendAll
 .text.xTaskResumeAll
                0x0800418c      0x124 ..\obj\tasks.o
                0x0800418c                xTaskResumeAll
 .text.xTaskIncrementTick
                0x080042b0      0x198 ..\obj\tasks.o
                0x080042b0                xTaskIncrementTick
 .text.vTaskSwitchContext
                0x08004448      0x104 ..\obj\tasks.o
                0x08004448                vTaskSwitchContext
 .text.vTaskPlaceOnEventList
                0x0800454c       0x98 ..\obj\tasks.o
                0x0800454c                vTaskPlaceOnEventList
 .text.xTaskRemoveFromEventList
                0x080045e4       0xcc ..\obj\tasks.o
                0x080045e4                xTaskRemoveFromEventList
 .text.vTaskSetTimeOutState
                0x080046b0       0x34 ..\obj\tasks.o
                0x080046b0                vTaskSetTimeOutState
 .text.xTaskCheckForTimeOut
                0x080046e4       0xac ..\obj\tasks.o
                0x080046e4                xTaskCheckForTimeOut
 .text.vTaskMissedYield
                0x08004790       0x18 ..\obj\tasks.o
                0x08004790                vTaskMissedYield
 .text.prvIdleTask
                0x080047a8       0x24 ..\obj\tasks.o
 .text.prvInitialiseTCBVariables
                0x080047cc       0xbc ..\obj\tasks.o
 .text.prvInitialiseTaskLists
                0x08004888       0x88 ..\obj\tasks.o
 .text.prvCheckTasksWaitingTermination
                0x08004910       0x7c ..\obj\tasks.o
 .text.prvAddCurrentTaskToDelayedList
                0x0800498c       0x70 ..\obj\tasks.o
 .text.prvAllocateTCBAndStack
                0x080049fc       0x7c ..\obj\tasks.o
 .text.prvDeleteTCB
                0x08004a78       0x20 ..\obj\tasks.o
 .text.prvResetNextTaskUnblockTime
                0x08004a98       0x4c ..\obj\tasks.o
 .text.vTaskPriorityInherit
                0x08004ae4      0x108 ..\obj\tasks.o
                0x08004ae4                vTaskPriorityInherit
 .text.xTaskPriorityDisinherit
                0x08004bec       0xf4 ..\obj\tasks.o
                0x08004bec                xTaskPriorityDisinherit
 .text.pvTaskIncrementMutexHeldCount
                0x08004ce0       0x28 ..\obj\tasks.o
                0x08004ce0                pvTaskIncrementMutexHeldCount
 .text.USBD_USR_DeviceDescriptor
                0x08004d08       0x28 ..\obj\usbd_desc.o
                0x08004d08                USBD_USR_DeviceDescriptor
 .text.USBD_USR_LangIDStrDescriptor
                0x08004d30       0x28 ..\obj\usbd_desc.o
                0x08004d30                USBD_USR_LangIDStrDescriptor
 .text.USBD_USR_ProductStrDescriptor
                0x08004d58       0x40 ..\obj\usbd_desc.o
                0x08004d58                USBD_USR_ProductStrDescriptor
 .text.USBD_USR_ManufacturerStrDescriptor
                0x08004d98       0x2c ..\obj\usbd_desc.o
                0x08004d98                USBD_USR_ManufacturerStrDescriptor
 .text.USBD_USR_SerialStrDescriptor
                0x08004dc4       0x40 ..\obj\usbd_desc.o
                0x08004dc4                USBD_USR_SerialStrDescriptor
 .text.USBD_USR_ConfigStrDescriptor
                0x08004e04       0x3c ..\obj\usbd_desc.o
                0x08004e04                USBD_USR_ConfigStrDescriptor
 .text.USBD_USR_InterfaceStrDescriptor
                0x08004e40       0x3c ..\obj\usbd_desc.o
                0x08004e40                USBD_USR_InterfaceStrDescriptor
 .text.FRAM_I2C_Init
                0x08004e7c       0xc8 ..\obj\fram_i2c.o
                0x08004e7c                FRAM_I2C_Init
 .text.FRAM_I2C_Reset
                0x08004f44      0x198 ..\obj\fram_i2c.o
                0x08004f44                FRAM_I2C_Reset
 .text.FRAM_I2C_Read_Buffer
                0x080050dc      0x6bc ..\obj\fram_i2c.o
                0x080050dc                FRAM_I2C_Read_Buffer
 .text.FRAM_I2C_Write_Buffer
                0x08005798      0x28c ..\obj\fram_i2c.o
                0x08005798                FRAM_I2C_Write_Buffer
 .text.FRAM_Read_Settings
                0x08005a24       0xa8 ..\obj\fram_i2c.o
                0x08005a24                FRAM_Read_Settings
 .text.FRAM_Write_Settings
                0x08005acc       0x74 ..\obj\fram_i2c.o
                0x08005acc                FRAM_Write_Settings
 .text.GPIO_Init
                0x08005b40      0x144 ..\obj\stm32f4xx_gpio.o
                0x08005b40                GPIO_Init
 .text.GPIO_ReadInputDataBit
                0x08005c84       0x3c ..\obj\stm32f4xx_gpio.o
                0x08005c84                GPIO_ReadInputDataBit
 .text.GPIO_PinAFConfig
                0x08005cc0       0xa8 ..\obj\stm32f4xx_gpio.o
                0x08005cc0                GPIO_PinAFConfig
 .text.RS485TimersInit
                0x08005d68       0xc4 ..\obj\porttimer.o
                0x08005d68                RS485TimersInit
 .text.RS485TimersEnable
                0x08005e2c       0x38 ..\obj\porttimer.o
                0x08005e2c                RS485TimersEnable
 .text.RS485TimersDisable
                0x08005e64       0x38 ..\obj\porttimer.o
                0x08005e64                RS485TimersDisable
 .text.TIM4_IRQHandler
                0x08005e9c       0x38 ..\obj\porttimer.o
                0x08005e9c                TIM4_IRQHandler
 .text.RS485TimerContextInit
                0x08005ed4       0x54 ..\obj\porttimer.o
                0x08005ed4                RS485TimerContextInit
 .text.RS232TimersInit
                0x08005f28       0xc4 ..\obj\porttimer.o
                0x08005f28                RS232TimersInit
 .text.RS232TimersEnable
                0x08005fec       0x38 ..\obj\porttimer.o
                0x08005fec                RS232TimersEnable
 .text.RS232TimersDisable
                0x08006024       0x38 ..\obj\porttimer.o
                0x08006024                RS232TimersDisable
 .text.TIM5_IRQHandler
                0x0800605c       0x38 ..\obj\porttimer.o
                0x0800605c                TIM5_IRQHandler
 .text.RS232TimerContextInit
                0x08006094       0x54 ..\obj\porttimer.o
                0x08006094                RS232TimerContextInit
 .text.USB_CDC_TimersInit
                0x080060e8       0xc4 ..\obj\porttimer.o
                0x080060e8                USB_CDC_TimersInit
 .text.USB_CDC_TimersEnable
                0x080061ac       0x38 ..\obj\porttimer.o
                0x080061ac                USB_CDC_TimersEnable
 .text.USB_CDC_TimersDisable
                0x080061e4       0x38 ..\obj\porttimer.o
                0x080061e4                USB_CDC_TimersDisable
 .text.TIM1_UP_TIM10_IRQHandler
                0x0800621c       0x38 ..\obj\porttimer.o
                0x0800621c                TIM1_UP_TIM10_IRQHandler
 .text.USB_CDC_TimerContextInit
                0x08006254       0x54 ..\obj\porttimer.o
                0x08006254                USB_CDC_TimerContextInit
 .text.VCP_Init
                0x080062a8       0x10 ..\obj\usbd_cdc_vcp.o
 .text.VCP_DeInit
                0x080062b8       0x10 ..\obj\usbd_cdc_vcp.o
 .text.VCP_Ctrl
                0x080062c8       0xbc ..\obj\usbd_cdc_vcp.o
 .text.VCP_DataTx
                0x08006384       0x68 ..\obj\usbd_cdc_vcp.o
                0x08006384                VCP_DataTx
 .text.VCP_DataRx
                0x080063ec       0x7c ..\obj\usbd_cdc_vcp.o
                0x080063ec                VCP_DataRx
 .text.VCP_get_char
                0x08006468       0x60 ..\obj\usbd_cdc_vcp.o
                0x08006468                VCP_get_char
 .text.eMBRTUInit
                0x080064c8       0x84 ..\obj\mbrtu.o
                0x080064c8                eMBRTUInit
 .text.eMBRTUStart
                0x0800654c       0x38 ..\obj\mbrtu.o
                0x0800654c                eMBRTUStart
 .text.eMBRTUStop
                0x08006584       0x30 ..\obj\mbrtu.o
                0x08006584                eMBRTUStop
 .text.eMBRTUReceive
                0x080065b4       0x8c ..\obj\mbrtu.o
                0x080065b4                eMBRTUReceive
 .text.eMBRTUSend
                0x08006640       0xe8 ..\obj\mbrtu.o
                0x08006640                eMBRTUSend
 .text.xMBRTUReceiveFSM
                0x08006728       0xd0 ..\obj\mbrtu.o
                0x08006728                xMBRTUReceiveFSM
 .text.xMBRTUTransmitFSM
                0x080067f8       0xb0 ..\obj\mbrtu.o
                0x080067f8                xMBRTUTransmitFSM
 .text.xMBRTUTimerT35Expired
                0x080068a8       0x60 ..\obj\mbrtu.o
                0x080068a8                xMBRTUTimerT35Expired
 .text.vListInitialise
                0x08006908       0x40 ..\obj\list.o
                0x08006908                vListInitialise
 .text.vListInitialiseItem
                0x08006948       0x1c ..\obj\list.o
                0x08006948                vListInitialiseItem
 .text.vListInsertEnd
                0x08006964       0x48 ..\obj\list.o
                0x08006964                vListInsertEnd
 .text.vListInsert
                0x080069ac       0x74 ..\obj\list.o
                0x080069ac                vListInsert
 .text.uxListRemove
                0x08006a20       0x58 ..\obj\list.o
                0x08006a20                uxListRemove
 .text.SystemInit
                0x08006a78       0x5c ..\obj\system_stm32f4xx.o
                0x08006a78                SystemInit
 .text.SetSysClock
                0x08006ad4      0x100 ..\obj\system_stm32f4xx.o
 .text.USB_OTG_BSP_Init
                0x08006bd4       0xcc ..\obj\usb_bsp.o
                0x08006bd4                USB_OTG_BSP_Init
 .text.USB_OTG_BSP_EnableInterrupt
                0x08006ca0       0x3c ..\obj\usb_bsp.o
                0x08006ca0                USB_OTG_BSP_EnableInterrupt
 .text.USB_OTG_BSP_uDelay
                0x08006cdc       0x58 ..\obj\usb_bsp.o
                0x08006cdc                USB_OTG_BSP_uDelay
 .text.USB_OTG_BSP_mDelay
                0x08006d34       0x20 ..\obj\usb_bsp.o
                0x08006d34                USB_OTG_BSP_mDelay
 .text.OTG_FS_WKUP_IRQHandler
                0x08006d54       0x34 ..\obj\usb_bsp.o
                0x08006d54                OTG_FS_WKUP_IRQHandler
 .text.OTG_FS_IRQHandler
                0x08006d88       0x10 ..\obj\usb_bsp.o
                0x08006d88                OTG_FS_IRQHandler
 .text.USBD_StdDevReq
                0x08006d98       0xa4 ..\obj\usbd_req.o
                0x08006d98                USBD_StdDevReq
 .text.USBD_StdItfReq
                0x08006e3c       0x6c ..\obj\usbd_req.o
                0x08006e3c                USBD_StdItfReq
 .text.USBD_StdEPReq
                0x08006ea8      0x1c8 ..\obj\usbd_req.o
                0x08006ea8                USBD_StdEPReq
 .text.USBD_GetDescriptor
                0x08007070      0x1c8 ..\obj\usbd_req.o
 .text.USBD_SetAddress
                0x08007238       0x80 ..\obj\usbd_req.o
 .text.USBD_SetConfig
                0x080072b8       0xf8 ..\obj\usbd_req.o
 .text.USBD_GetConfig
                0x080073b0       0x64 ..\obj\usbd_req.o
 .text.USBD_GetStatus
                0x08007414       0x58 ..\obj\usbd_req.o
 .text.USBD_SetFeature
                0x0800746c       0xe0 ..\obj\usbd_req.o
 .text.USBD_ClrFeature
                0x0800754c       0x58 ..\obj\usbd_req.o
 .text.USBD_ParseSetupRequest
                0x080075a4       0x94 ..\obj\usbd_req.o
                0x080075a4                USBD_ParseSetupRequest
 .text.USBD_CtlError
                0x08007638       0x50 ..\obj\usbd_req.o
                0x08007638                USBD_CtlError
 .text.USBD_GetString
                0x08007688       0x9c ..\obj\usbd_req.o
                0x08007688                USBD_GetString
 .text.USBD_GetLen
                0x08007724       0x38 ..\obj\usbd_req.o
 .text.pxPortInitialiseStack
                0x0800775c       0x60 ..\obj\port.o
                0x0800775c                pxPortInitialiseStack
 .text.prvTaskExitError
                0x080077bc       0x20 ..\obj\port.o
 .text.SVC_Handler
                0x080077dc       0x24 ..\obj\port.o
                0x080077dc                SVC_Handler
 .text.prvPortStartFirstTask
                0x08007800       0x20 ..\obj\port.o
 .text.xPortStartScheduler
                0x08007820       0xcc ..\obj\port.o
                0x08007820                xPortStartScheduler
 .text.vPortYield
                0x080078ec       0x20 ..\obj\port.o
                0x080078ec                vPortYield
 .text.vPortEnterCritical
                0x0800790c       0x40 ..\obj\port.o
                0x0800790c                vPortEnterCritical
 .text.vPortExitCritical
                0x0800794c       0x34 ..\obj\port.o
                0x0800794c                vPortExitCritical
 .text.ulPortSetInterruptMask
                0x08007980       0x14 ..\obj\port.o
                0x08007980                ulPortSetInterruptMask
 .text.vPortClearInterruptMask
                0x08007994        0x8 ..\obj\port.o
                0x08007994                vPortClearInterruptMask
 .text.PendSV_Handler
                0x0800799c       0x44 ..\obj\port.o
                0x0800799c                PendSV_Handler
 .text.SysTick_Handler
                0x080079e0       0x28 ..\obj\port.o
                0x080079e0                SysTick_Handler
 .text.vPortSetupTimerInterrupt
                0x08007a08       0x24 ..\obj\port.o
                0x08007a08                vPortSetupTimerInterrupt
 .text.vPortValidateInterruptPriority
                0x08007a2c       0x5c ..\obj\port.o
                0x08007a2c                vPortValidateInterruptPriority
 .text.xQueueGenericReset
                0x08007a88       0xc0 ..\obj\queue.o
                0x08007a88                xQueueGenericReset
 .text.xQueueGenericCreate
                0x08007b48       0xa0 ..\obj\queue.o
                0x08007b48                xQueueGenericCreate
 .text.xQueueCreateMutex
                0x08007be8       0xa4 ..\obj\queue.o
                0x08007be8                xQueueCreateMutex
 .text.xQueueGenericSend
                0x08007c8c      0x188 ..\obj\queue.o
                0x08007c8c                xQueueGenericSend
 .text.xQueueGiveFromISR
                0x08007e14       0xac ..\obj\queue.o
                0x08007e14                xQueueGiveFromISR
 .text.xQueueGenericReceive
                0x08007ec0      0x1b8 ..\obj\queue.o
                0x08007ec0                xQueueGenericReceive
 .text.prvCopyDataToQueue
                0x08008078       0xe8 ..\obj\queue.o
 .text.prvCopyDataFromQueue
                0x08008160       0x50 ..\obj\queue.o
 .text.prvUnlockQueue
                0x080081b0       0xa0 ..\obj\queue.o
 .text.prvIsQueueEmpty
                0x08008250       0x34 ..\obj\queue.o
 .text.prvIsQueueFull
                0x08008284       0x38 ..\obj\queue.o
 .text.USBD_OTG_ISR_Handler
                0x080082bc      0x164 ..\obj\usb_dcd_int.o
                0x080082bc                USBD_OTG_ISR_Handler
 .text.DCD_HandleResume_ISR
                0x08008420       0x88 ..\obj\usb_dcd_int.o
 .text.DCD_HandleUSBSuspend_ISR
                0x080084a8       0xa4 ..\obj\usb_dcd_int.o
 .text.DCD_HandleInEP_ISR
                0x0800854c      0x22c ..\obj\usb_dcd_int.o
 .text.DCD_HandleOutEP_ISR
                0x08008778      0x1a8 ..\obj\usb_dcd_int.o
 .text.DCD_HandleSof_ISR
                0x08008920       0x3c ..\obj\usb_dcd_int.o
 .text.DCD_HandleRxStatusQueueLevel_ISR
                0x0800895c      0x114 ..\obj\usb_dcd_int.o
 .text.DCD_WriteEmptyTxFifo
                0x08008a70      0x130 ..\obj\usb_dcd_int.o
 .text.DCD_HandleUsbReset_ISR
                0x08008ba0      0x16c ..\obj\usb_dcd_int.o
 .text.DCD_HandleEnumDone_ISR
                0x08008d0c       0x88 ..\obj\usb_dcd_int.o
 .text.DCD_IsoINIncomplete_ISR
                0x08008d94       0x3c ..\obj\usb_dcd_int.o
 .text.DCD_IsoOUTIncomplete_ISR
                0x08008dd0       0x3c ..\obj\usb_dcd_int.o
 .text.DCD_ReadDevInEP
                0x08008e0c       0x58 ..\obj\usb_dcd_int.o
 .text.NVIC_EnableIRQ
                0x08008e64       0x34 ..\obj\portserial.o
 .text.RS485SerialEnable
                0x08008e98      0x10c ..\obj\portserial.o
                0x08008e98                RS485SerialEnable
 .text.RS485SerialInit
                0x08008fa4      0x150 ..\obj\portserial.o
                0x08008fa4                RS485SerialInit
 .text.RS485SerialPutByte
                0x080090f4       0x3c ..\obj\portserial.o
                0x080090f4                RS485SerialPutByte
 .text.RS485SerialGetByte
                0x08009130       0x34 ..\obj\portserial.o
                0x08009130                RS485SerialGetByte
 .text.USART3_IRQHandler
                0x08009164       0x90 ..\obj\portserial.o
                0x08009164                USART3_IRQHandler
 .text.RS485SerialContextInit
                0x080091f4       0x60 ..\obj\portserial.o
                0x080091f4                RS485SerialContextInit
 .text.RS232SerialEnable
                0x08009254       0x88 ..\obj\portserial.o
                0x08009254                RS232SerialEnable
 .text.RS232SerialInit
                0x080092dc      0x11c ..\obj\portserial.o
                0x080092dc                RS232SerialInit
 .text.RS232SerialPutByte
                0x080093f8       0x3c ..\obj\portserial.o
                0x080093f8                RS232SerialPutByte
 .text.RS232SerialGetByte
                0x08009434       0x34 ..\obj\portserial.o
                0x08009434                RS232SerialGetByte
 .text.USART6_IRQHandler
                0x08009468       0x90 ..\obj\portserial.o
                0x08009468                USART6_IRQHandler
 .text.RS232SerialContextInit
                0x080094f8       0x60 ..\obj\portserial.o
                0x080094f8                RS232SerialContextInit
 .text.USB_CDC_SerialPutByte
                0x08009558       0x3c ..\obj\portserial.o
                0x08009558                USB_CDC_SerialPutByte
 .text.USB_CDC_SerialGetByte
                0x08009594       0x28 ..\obj\portserial.o
                0x08009594                USB_CDC_SerialGetByte
 .text.USB_CDC_SerialInit
                0x080095bc       0x5c ..\obj\portserial.o
                0x080095bc                USB_CDC_SerialInit
 .text.USB_CDC_SerialEnable
                0x08009618       0x44 ..\obj\portserial.o
                0x08009618                USB_CDC_SerialEnable
 .text.USB_CDC_SerialContextInit
                0x0800965c       0x60 ..\obj\portserial.o
                0x0800965c                USB_CDC_SerialContextInit
 .text.USB_CDC_Task
                0x080096bc       0x44 ..\obj\portserial.o
 .text.usbd_cdc_Init
                0x08009700       0xc0 ..\obj\usbd_cdc_core.o
 .text.usbd_cdc_DeInit
                0x080097c0       0x44 ..\obj\usbd_cdc_core.o
 .text.usbd_cdc_Setup
                0x08009804      0x138 ..\obj\usbd_cdc_core.o
 .text.usbd_cdc_EP0_RxReady
                0x0800993c       0x48 ..\obj\usbd_cdc_core.o
 .text.usbd_cdc_DataIn
                0x08009984       0xd4 ..\obj\usbd_cdc_core.o
 .text.usbd_cdc_DataOut
                0x08009a58       0x60 ..\obj\usbd_cdc_core.o
 .text.usbd_cdc_SOF
                0x08009ab8       0x44 ..\obj\usbd_cdc_core.o
 .text.Handle_USBAsynchXfer
                0x08009afc      0x114 ..\obj\usbd_cdc_core.o
 .text.USBD_cdc_GetCfgDesc
                0x08009c10       0x28 ..\obj\usbd_cdc_core.o
 .text.SPI_Init
                0x08009c38       0x88 ..\obj\stm32f4xx_spi.o
                0x08009c38                SPI_Init
 .text.SPI_Cmd  0x08009cc0       0x40 ..\obj\stm32f4xx_spi.o
                0x08009cc0                SPI_Cmd
 .text.SPI_CalculateCRC
                0x08009d00       0x40 ..\obj\stm32f4xx_spi.o
                0x08009d00                SPI_CalculateCRC
 .text.eMBFuncReadCoils
                0x08009d40      0x134 ..\obj\mbfunccoils.o
                0x08009d40                eMBFuncReadCoils
 .text.eMBFuncWriteCoil
                0x08009e74       0xcc ..\obj\mbfunccoils.o
                0x08009e74                eMBFuncWriteCoil
 .text.eMBFuncWriteMultipleCoils
                0x08009f40       0xf4 ..\obj\mbfunccoils.o
                0x08009f40                eMBFuncWriteMultipleCoils
 .text.ADS1220_init
                0x0800a034       0xe8 ..\obj\ADS1220.o
                0x0800a034                ADS1220_init
 .text.ADC_SPI_config
                0x0800a11c      0x13c ..\obj\ADS1220.o
 .text.ADC_SPI_send
                0x0800a258       0x4c ..\obj\ADS1220.o
                0x0800a258                ADC_SPI_send
 .text.ADC_SPI_read
                0x0800a2a4       0x14 ..\obj\ADS1220.o
                0x0800a2a4                ADC_SPI_read
 .text.ADC_RTD1_Task
                0x0800a2b8      0x308 ..\obj\ADS1220.o
 .text.ADC_RTD2_Task
                0x0800a5c0      0x308 ..\obj\ADS1220.o
 .text.ADC_Current1_Task
                0x0800a8c8      0x3ac ..\obj\ADS1220.o
 .text.ADC_Current2_Task
                0x0800ac74      0x3b0 ..\obj\ADS1220.o
 *fill*         0x0800b024        0x4 
 .text.PT100_Code_To_Temperature
                0x0800b028      0x130 ..\obj\ADS1220.o
                0x0800b028                PT100_Code_To_Temperature
 .text.Code_To_Current
                0x0800b158       0x98 ..\obj\ADS1220.o
                0x0800b158                Code_To_Current
 .text.I2C_DeInit
                0x0800b1f0       0x80 ..\obj\stm32f4xx_i2c.o
                0x0800b1f0                I2C_DeInit
 .text.I2C_Init
                0x0800b270      0x1a4 ..\obj\stm32f4xx_i2c.o
                0x0800b270                I2C_Init
 .text.I2C_Cmd  0x0800b414       0x40 ..\obj\stm32f4xx_i2c.o
                0x0800b414                I2C_Cmd
 .text.I2C_GenerateSTART
                0x0800b454       0x40 ..\obj\stm32f4xx_i2c.o
                0x0800b454                I2C_GenerateSTART
 .text.I2C_GenerateSTOP
                0x0800b494       0x40 ..\obj\stm32f4xx_i2c.o
                0x0800b494                I2C_GenerateSTOP
 .text.I2C_Send7bitAddress
                0x0800b4d4       0x3c ..\obj\stm32f4xx_i2c.o
                0x0800b4d4                I2C_Send7bitAddress
 .text.I2C_AcknowledgeConfig
                0x0800b510       0x40 ..\obj\stm32f4xx_i2c.o
                0x0800b510                I2C_AcknowledgeConfig
 .text.I2C_NACKPositionConfig
                0x0800b550       0x40 ..\obj\stm32f4xx_i2c.o
                0x0800b550                I2C_NACKPositionConfig
 .text.I2C_SendData
                0x0800b590       0x20 ..\obj\stm32f4xx_i2c.o
                0x0800b590                I2C_SendData
 .text.I2C_ReceiveData
                0x0800b5b0       0x1c ..\obj\stm32f4xx_i2c.o
                0x0800b5b0                I2C_ReceiveData
 .text.I2C_CheckEvent
                0x0800b5cc       0x70 ..\obj\stm32f4xx_i2c.o
                0x0800b5cc                I2C_CheckEvent
 .text.I2C_GetFlagStatus
                0x0800b63c       0x78 ..\obj\stm32f4xx_i2c.o
                0x0800b63c                I2C_GetFlagStatus
 .text.NVIC_EnableIRQ
                0x0800b6b4       0x34 ..\obj\frequency.o
 .text.FrequencyMeasureInit
                0x0800b6e8      0x340 ..\obj\frequency.o
                0x0800b6e8                FrequencyMeasureInit
 .text.TIM2_IRQHandler
                0x0800ba28      0x13c ..\obj\frequency.o
                0x0800ba28                TIM2_IRQHandler
 .text.FrequencyCH1Measure_Task
                0x0800bb64      0x1c0 ..\obj\frequency.o
 .text.FrequencyCH2Measure_Task
                0x0800bd24      0x1c0 ..\obj\frequency.o
 .text.EXTI_GetITStatus
                0x0800bee4       0x50 ..\obj\stm32f4xx_exti.o
                0x0800bee4                EXTI_GetITStatus
 .text.EXTI_ClearITPendingBit
                0x0800bf34       0x1c ..\obj\stm32f4xx_exti.o
                0x0800bf34                EXTI_ClearITPendingBit
 .text.NVIC_PriorityGroupConfig
                0x0800bf50       0x24 ..\obj\misc.o
                0x0800bf50                NVIC_PriorityGroupConfig
 .text.NVIC_Init
                0x0800bf74       0xd4 ..\obj\misc.o
                0x0800bf74                NVIC_Init
 .text.DCD_Init
                0x0800c048      0x12c ..\obj\usb_dcd.o
                0x0800c048                DCD_Init
 .text.DCD_EP_Open
                0x0800c174       0xac ..\obj\usb_dcd.o
                0x0800c174                DCD_EP_Open
 .text.DCD_EP_Close
                0x0800c220       0x80 ..\obj\usb_dcd.o
                0x0800c220                DCD_EP_Close
 .text.DCD_EP_PrepareRx
                0x0800c2a0       0x8c ..\obj\usb_dcd.o
                0x0800c2a0                DCD_EP_PrepareRx
 .text.DCD_EP_Tx
                0x0800c32c       0x84 ..\obj\usb_dcd.o
                0x0800c32c                DCD_EP_Tx
 .text.DCD_EP_Stall
                0x0800c3b0       0x84 ..\obj\usb_dcd.o
                0x0800c3b0                DCD_EP_Stall
 .text.DCD_EP_ClrStall
                0x0800c434       0x84 ..\obj\usb_dcd.o
                0x0800c434                DCD_EP_ClrStall
 .text.DCD_EP_SetAddress
                0x0800c4b8       0x3c ..\obj\usb_dcd.o
                0x0800c4b8                DCD_EP_SetAddress
 .text.RTC_Init
                0x0800c4f4       0x88 ..\obj\stm32f4xx_rtc.o
                0x0800c4f4                RTC_Init
 .text.RTC_StructInit
                0x0800c57c       0x2c ..\obj\stm32f4xx_rtc.o
                0x0800c57c                RTC_StructInit
 .text.RTC_EnterInitMode
                0x0800c5a8       0x80 ..\obj\stm32f4xx_rtc.o
                0x0800c5a8                RTC_EnterInitMode
 .text.RTC_ExitInitMode
                0x0800c628       0x1c ..\obj\stm32f4xx_rtc.o
                0x0800c628                RTC_ExitInitMode
 .text.RTC_WaitForSynchro
                0x0800c644       0x88 ..\obj\stm32f4xx_rtc.o
                0x0800c644                RTC_WaitForSynchro
 .text.RTC_SetTime
                0x0800c6cc      0x124 ..\obj\stm32f4xx_rtc.o
                0x0800c6cc                RTC_SetTime
 .text.RTC_GetTime
                0x0800c7f0       0xa4 ..\obj\stm32f4xx_rtc.o
                0x0800c7f0                RTC_GetTime
 .text.RTC_SetDate
                0x0800c894      0x12c ..\obj\stm32f4xx_rtc.o
                0x0800c894                RTC_SetDate
 .text.RTC_GetDate
                0x0800c9c0       0xa4 ..\obj\stm32f4xx_rtc.o
                0x0800c9c0                RTC_GetDate
 .text.RTC_WriteBackupRegister
                0x0800ca64       0x34 ..\obj\stm32f4xx_rtc.o
                0x0800ca64                RTC_WriteBackupRegister
 .text.RTC_ByteToBcd2
                0x0800ca98       0x44 ..\obj\stm32f4xx_rtc.o
 .text.RTC_Bcd2ToByte
                0x0800cadc       0x40 ..\obj\stm32f4xx_rtc.o
 .text.USBD_CtlSendData
                0x0800cb1c       0x48 ..\obj\usbd_ioreq.o
                0x0800cb1c                USBD_CtlSendData
 .text.USBD_CtlContinueSendData
                0x0800cb64       0x30 ..\obj\usbd_ioreq.o
                0x0800cb64                USBD_CtlContinueSendData
 .text.USBD_CtlPrepareRx
                0x0800cb94       0x48 ..\obj\usbd_ioreq.o
                0x0800cb94                USBD_CtlPrepareRx
 .text.USBD_CtlContinueRx
                0x0800cbdc       0x30 ..\obj\usbd_ioreq.o
                0x0800cbdc                USBD_CtlContinueRx
 .text.USBD_CtlSendStatus
                0x0800cc0c       0x3c ..\obj\usbd_ioreq.o
                0x0800cc0c                USBD_CtlSendStatus
 .text.USBD_CtlReceiveStatus
                0x0800cc48       0x3c ..\obj\usbd_ioreq.o
                0x0800cc48                USBD_CtlReceiveStatus
 .text.pvPortMalloc
                0x0800cc84      0x138 ..\obj\heap_2.o
                0x0800cc84                pvPortMalloc
 .text.vPortFree
                0x0800cdbc       0x7c ..\obj\heap_2.o
                0x0800cdbc                vPortFree
 .text.xPortGetFreeHeapSize
                0x0800ce38       0x14 ..\obj\heap_2.o
                0x0800ce38                xPortGetFreeHeapSize
 .text.prvHeapInit
                0x0800ce4c       0x54 ..\obj\heap_2.o
 .text.ControllerInit
                0x0800cea0       0x68 ..\obj\controller.o
                0x0800cea0                ControllerInit
 .text.Controller_RestoreSettings
                0x0800cf08       0x3c ..\obj\controller.o
                0x0800cf08                Controller_RestoreSettings
 .text.TIM_TimeBaseInit
                0x0800cf44       0xd8 ..\obj\stm32f4xx_tim.o
                0x0800cf44                TIM_TimeBaseInit
 .text.TIM_TimeBaseStructInit
                0x0800d01c       0x3c ..\obj\stm32f4xx_tim.o
                0x0800d01c                TIM_TimeBaseStructInit
 .text.TIM_SetCounter
                0x0800d058       0x1c ..\obj\stm32f4xx_tim.o
                0x0800d058                TIM_SetCounter
 .text.TIM_ARRPreloadConfig
                0x0800d074       0x40 ..\obj\stm32f4xx_tim.o
                0x0800d074                TIM_ARRPreloadConfig
 .text.TIM_Cmd  0x0800d0b4       0x40 ..\obj\stm32f4xx_tim.o
                0x0800d0b4                TIM_Cmd
 .text.TIM_ICInit
                0x0800d0f4       0xa8 ..\obj\stm32f4xx_tim.o
                0x0800d0f4                TIM_ICInit
 .text.TIM_SetIC1Prescaler
                0x0800d19c       0x38 ..\obj\stm32f4xx_tim.o
                0x0800d19c                TIM_SetIC1Prescaler
 .text.TIM_SetIC2Prescaler
                0x0800d1d4       0x3c ..\obj\stm32f4xx_tim.o
                0x0800d1d4                TIM_SetIC2Prescaler
 .text.TIM_SetIC3Prescaler
                0x0800d210       0x38 ..\obj\stm32f4xx_tim.o
                0x0800d210                TIM_SetIC3Prescaler
 .text.TIM_SetIC4Prescaler
                0x0800d248       0x3c ..\obj\stm32f4xx_tim.o
                0x0800d248                TIM_SetIC4Prescaler
 .text.TIM_ITConfig
                0x0800d284       0x48 ..\obj\stm32f4xx_tim.o
                0x0800d284                TIM_ITConfig
 .text.TIM_ClearFlag
                0x0800d2cc       0x24 ..\obj\stm32f4xx_tim.o
                0x0800d2cc                TIM_ClearFlag
 .text.TIM_ClearITPendingBit
                0x0800d2f0       0x24 ..\obj\stm32f4xx_tim.o
                0x0800d2f0                TIM_ClearITPendingBit
 .text.TIM_ETRClockMode2Config
                0x0800d314       0x34 ..\obj\stm32f4xx_tim.o
                0x0800d314                TIM_ETRClockMode2Config
 .text.TIM_ETRConfig
                0x0800d348       0x4c ..\obj\stm32f4xx_tim.o
                0x0800d348                TIM_ETRConfig
 .text.TI1_Config
                0x0800d394       0x80 ..\obj\stm32f4xx_tim.o
 .text.TI2_Config
                0x0800d414       0x9c ..\obj\stm32f4xx_tim.o
 .text.TI3_Config
                0x0800d4b0       0x8c ..\obj\stm32f4xx_tim.o
 .text.TI4_Config
                0x0800d53c       0xa4 ..\obj\stm32f4xx_tim.o
 .text.NVIC_SystemReset
                0x0800d5e0       0x28 ..\obj\power_detector.o
 .text.PVD_IRQHandler
                0x0800d608       0x20 ..\obj\power_detector.o
                0x0800d608                PVD_IRQHandler
 .text          0x0800d628       0xac C:\STM32\ARM_EABI\arm-none-eabi\lib\thumb2\libm.a(lib_a-w_sqrt.o)
                0x0800d628                sqrt
 .text          0x0800d6d4      0x18c C:\STM32\ARM_EABI\arm-none-eabi\lib\thumb2\libm.a(lib_a-e_sqrt.o)
                0x0800d6d4                __ieee754_sqrt
 .text          0x0800d860       0x50 C:\STM32\ARM_EABI\arm-none-eabi\lib\thumb2\libm.a(lib_a-s_fpclassify.o)
                0x0800d860                __fpclassifyd
 .text          0x0800d8b0        0x4 C:\STM32\ARM_EABI\arm-none-eabi\lib\thumb2\libm.a(lib_a-s_matherr.o)
                0x0800d8b0                matherr
 .text          0x0800d8b4      0x370 c:/stm32/arm_eabi/bin/../lib/gcc/arm-none-eabi/4.7.2/thumb2\libgcc.a(_arm_addsubdf3.o)
                0x0800d8b4                __aeabi_drsub
                0x0800d8bc                __aeabi_dsub
                0x0800d8bc                __subdf3
                0x0800d8c0                __aeabi_dadd
                0x0800d8c0                __adddf3
                0x0800db38                __floatunsidf
                0x0800db38                __aeabi_ui2d
                0x0800db58                __floatsidf
                0x0800db58                __aeabi_i2d
                0x0800db7c                __aeabi_f2d
                0x0800db7c                __extendsfdf2
                0x0800dbb8                __floatundidf
                0x0800dbb8                __aeabi_ul2d
                0x0800dbc8                __floatdidf
                0x0800dbc8                __aeabi_l2d
 .text          0x0800dc24      0x424 c:/stm32/arm_eabi/bin/../lib/gcc/arm-none-eabi/4.7.2/thumb2\libgcc.a(_arm_muldivdf3.o)
                0x0800dc24                __aeabi_dmul
                0x0800dc24                __muldf3
                0x0800de78                __divdf3
                0x0800de78                __aeabi_ddiv
 .text          0x0800e048      0x110 c:/stm32/arm_eabi/bin/../lib/gcc/arm-none-eabi/4.7.2/thumb2\libgcc.a(_arm_cmpdf2.o)
                0x0800e048                __gtdf2
                0x0800e048                __gedf2
                0x0800e050                __ltdf2
                0x0800e050                __ledf2
                0x0800e058                __nedf2
                0x0800e058                __eqdf2
                0x0800e058                __cmpdf2
                0x0800e0d4                __aeabi_cdrcmple
                0x0800e0e4                __aeabi_cdcmpeq
                0x0800e0e4                __aeabi_cdcmple
                0x0800e0f4                __aeabi_dcmpeq
                0x0800e108                __aeabi_dcmplt
                0x0800e11c                __aeabi_dcmple
                0x0800e130                __aeabi_dcmpge
                0x0800e144                __aeabi_dcmpgt
 .text          0x0800e158       0xa0 c:/stm32/arm_eabi/bin/../lib/gcc/arm-none-eabi/4.7.2/thumb2\libgcc.a(_arm_truncdfsf2.o)
                0x0800e158                __truncdfsf2
                0x0800e158                __aeabi_d2f
 .text          0x0800e1f8      0x21c c:/stm32/arm_eabi/bin/../lib/gcc/arm-none-eabi/4.7.2/thumb2\libgcc.a(_arm_addsubsf3.o)
                0x0800e1f8                __aeabi_frsub
                0x0800e200                __subsf3
                0x0800e200                __aeabi_fsub
                0x0800e204                __aeabi_fadd
                0x0800e204                __addsf3
                0x0800e364                __aeabi_ui2f
                0x0800e364                __floatunsisf
                0x0800e36c                __aeabi_i2f
                0x0800e36c                __floatsisf
                0x0800e388                __aeabi_ul2f
                0x0800e388                __floatundisf
                0x0800e398                __aeabi_l2f
                0x0800e398                __floatdisf
 .text          0x0800e414      0x2a0 c:/stm32/arm_eabi/bin/../lib/gcc/arm-none-eabi/4.7.2/thumb2\libgcc.a(_arm_muldivsf3.o)
                0x0800e414                __mulsf3
                0x0800e414                __aeabi_fmul
                0x0800e57c                __aeabi_fdiv
                0x0800e57c                __divsf3
 .text          0x0800e6b4        0xc C:\STM32\ARM_EABI\arm-none-eabi\lib\thumb2\libc.a(lib_a-errno.o)
                0x0800e6b4                __errno
 .text          0x0800e6c0       0x64 C:\STM32\ARM_EABI\arm-none-eabi\lib\thumb2\libc.a(lib_a-memcmp.o)
                0x0800e6c0                memcmp
 .text          0x0800e724      0x174 C:\STM32\ARM_EABI\arm-none-eabi\lib\thumb2\libc.a(lib_a-memcpy.o)
                0x0800e724                memcpy
 .text          0x0800e898       0xcc C:\STM32\ARM_EABI\arm-none-eabi\lib\thumb2\libc.a(lib_a-memset.o)
                0x0800e898                memset
 *(.init)
 *(.fini)
 *crtbegin.o(.ctors)
 *crtbegin?.o(.ctors)
 *(EXCLUDE_FILE(*crtend.o *crtend?.o) .ctors)
 *(SORT(.ctors.*))
 *(.ctors)
 *crtbegin.o(.dtors)
 *crtbegin?.o(.dtors)
 *(EXCLUDE_FILE(*crtend.o *crtend?.o) .dtors)
 *(SORT(.dtors.*))
 *(.dtors)
 *(.rodata*)
 .rodata        0x0800e964       0x2c ..\obj\protocol.o
 .rodata        0x0800e990      0x200 ..\obj\mbcrc.o
 .rodata        0x0800eb90       0x1c ..\obj\tasks.o
 .rodata        0x0800ebac       0x98 ..\obj\usbd_desc.o
 .rodata        0x0800ec44        0x4 ..\obj\port.o
 .rodata        0x0800ec48        0xc ..\obj\portserial.o
 .rodata        0x0800ec54       0x58 ..\obj\ADS1220.o
 .rodata        0x0800ecac       0x18 ..\obj\frequency.o
 .rodata        0x0800ecc4        0x2 ..\obj\heap_2.o
 *fill*         0x0800ecc6        0x2 
 .rodata        0x0800ecc8       0x84 ..\obj\controller.o
                0x0800ecc8                stSettingsDefault
 .rodata.str1.4
                0x0800ed4c        0x8 C:\STM32\ARM_EABI\arm-none-eabi\lib\thumb2\libm.a(lib_a-w_sqrt.o)
 *(.eh_fram e*)

.glue_7         0x0800ed54        0x0
 .glue_7        0x00000000        0x0 linker stubs

.glue_7t        0x0800ed54        0x0
 .glue_7t       0x00000000        0x0 linker stubs

.vfp11_veneer   0x0800ed54        0x0
 .vfp11_veneer  0x00000000        0x0 linker stubs

.v4_bx          0x0800ed54        0x0
 .v4_bx         0x00000000        0x0 linker stubs

.iplt           0x0800ed54        0x0
 .iplt          0x00000000        0x0 ..\obj\stm32f4xx_syscfg.o

.rel.dyn        0x0800ed54        0x0
 .rel.iplt      0x00000000        0x0 ..\obj\stm32f4xx_syscfg.o

.ARM.extab
 *(.ARM.extab* .gnu.linkonce.armextab.*)
                0x0800ed54                __exidx_start = .

.ARM.exidx
 *(.ARM.exidx* .gnu.linkonce.armexidx.*)
                0x0800ed54                __exidx_end = .
                0x0800ed54                __etext = .
                0x0800ed54                _sidata = __etext

.data           0x20000000      0x2cc load address 0x0800ed54
                0x20000000                __data_start__ = .
                0x20000000                _sdata = __data_start__
 *(vtable)
 *(.data*)
 .data          0x20000000        0x6 ..\obj\mbport.o
                0x20000000                REG_INPUT_START
                0x20000001                REG_HOLDING_START
                0x20000002                REG_INPUT_NREGS
                0x20000003                REG_HOLDING_NREGS
                0x20000004                usRegInputStart
                0x20000005                usRegHoldingStart
 *fill*         0x20000006        0x2 
 .data          0x20000008       0x88 ..\obj\mb.o
 .data          0x20000090       0x1c ..\obj\usbd_usr.o
                0x20000090                USR_cb
 .data          0x200000ac       0x30 ..\obj\usbd_core.o
                0x200000ac                USBD_DCD_INT_cb
                0x200000d8                USBD_DCD_INT_fops
 .data          0x200000dc       0x10 ..\obj\stm32f4xx_rcc.o
 .data          0x200000ec       0xf4 ..\obj\printf.o
                0x200000ec                r
                0x200001dc                _impure_ptr
 .data          0x200001e0        0x4 ..\obj\tasks.o
 .data          0x200001e4       0x40 ..\obj\usbd_desc.o
                0x200001e4                USR_desc
                0x20000200                USBD_DeviceDesc
                0x20000214                USBD_DeviceQualifierDesc
                0x20000220                USBD_LangIDDesc
 .data          0x20000224       0x14 ..\obj\usbd_cdc_vcp.o
                0x20000224                VCP_fops
 .data          0x20000238       0x14 ..\obj\system_stm32f4xx.o
                0x20000238                SystemCoreClock
                0x2000023c                AHBPrescTable
 .data          0x2000024c        0x4 ..\obj\port.o
 .data          0x20000250       0x74 ..\obj\usbd_cdc_core.o
                0x20000250                usbd_cdc_CfgDesc
                0x20000298                USBD_CDC_cb
 .data          0x200002c4        0x4 ..\obj\heap_2.o
 .data          0x200002c8        0x1 C:\STM32\ARM_EABI\arm-none-eabi\lib\thumb2\libm.a(lib_a-s_lib_ver.o)
                0x200002c8                __fdlib_version
                0x200002cc                . = ALIGN (0x4)
 *fill*         0x200002c9        0x3 
                0x200002cc                PROVIDE (__preinit_array_start, .)
 *(.preinit_array)
                0x200002cc                PROVIDE (__preinit_array_end, .)
                0x200002cc                . = ALIGN (0x4)
                0x200002cc                PROVIDE (__init_array_start, .)
 *(SORT(.init_array.*))
 *(.init_array)
                0x200002cc                PROVIDE (__init_array_end, .)
                0x200002cc                . = ALIGN (0x4)
                0x200002cc                PROVIDE (__fini_array_start, .)
 *(SORT(.fini_array.*))
 *(.fini_array)
                0x200002cc                PROVIDE (__fini_array_end, .)
 *(.jcr*)
                0x200002cc                . = ALIGN (0x4)
                0x200002cc                __data_end__ = .
                0x200002cc                _edata = __data_end__

.igot.plt       0x200002cc        0x0 load address 0x0800f020
 .igot.plt      0x00000000        0x0 ..\obj\stm32f4xx_syscfg.o

.bss            0x200002d0     0x466c load address 0x0800f028
                0x200002d0                . = ALIGN (0x4)
                0x200002d0                __bss_start__ = .
                0x200002d0                _sbss = __bss_start__
 *(.bss*)
 .bss           0x200002d0       0x24 ..\obj\mbfuncother.o
 .bss           0x200002f4       0xfc ..\obj\tasks.o
                0x200002f4                pxCurrentTCB
 .bss           0x200003f0        0xc ..\obj\porttimer.o
 .bss           0x200003fc       0x10 ..\obj\usbd_req.o
                0x200003fc                USBD_ep_status
                0x20000400                USBD_default_cfg
                0x20000404                USBD_cfg_status
 .bss           0x2000040c        0x8 ..\obj\port.o
 .bss           0x20000414       0x14 ..\obj\portserial.o
 .bss           0x20000428       0x20 ..\obj\usbd_cdc_core.o
                0x2000042c                APP_Rx_ptr_in
                0x20000430                APP_Rx_ptr_out
                0x20000434                APP_Rx_length
                0x20000438                USB_Tx_State
 .bss           0x20000448       0x1c ..\obj\frequency.o
                0x20000460                xHigherPriorityTaskWoken
 .bss           0x20000464     0x3014 ..\obj\heap_2.o
 *(COMMON)
 COMMON         0x20003478      0x45c ..\obj\protocol.o
                0x20003478                stContext_RS232
                0x200035ec                stContext_RS485
                0x20003760                stContext_USB_CDC
 COMMON         0x200038d4       0x50 ..\obj\watchdog.o
                0x200038d4                task_watches
 COMMON         0x20003924        0x4 ..\obj\fram_i2c.o
                0x20003924                xI2CBusMutex
 COMMON         0x20003928       0x88 ..\obj\usbd_cdc_vcp.o
                0x20003928                APP_Tx_Buffer
                0x200039a8                APP_tx_ptr_tail
                0x200039ac                APP_tx_ptr_head
 COMMON         0x200039b0       0x32 ..\obj\usbd_req.o
                0x200039b0                USBD_StrDesc
 COMMON         0x200039e2        0x1 ..\obj\portserial.o
                0x200039e2                temp_char
 *fill*         0x200039e3        0x1 
 COMMON         0x200039e4      0x88c ..\obj\usbd_cdc_core.o
                0x200039e4                usbd_cdc_OtherCfgDesc
                0x20003a28                USB_Rx_Buffer
                0x20003a68                CmdBuff
                0x20003a70                APP_Rx_Buffer
 COMMON         0x20004270        0x4 ..\obj\ADS1220.o
                0x20004270                xADC_SPI_Mutex
 COMMON         0x20004274        0x8 ..\obj\frequency.o
                0x20004274                xFrequencySemaphore
 *fill*         0x2000427c        0x4 
 COMMON         0x20004280      0x6bc ..\obj\controller.o
                0x20004280                stSettings
                0x20004304                xMeasureDataMutex
                0x20004308                USB_OTG_dev
                0x200048f8                stMeasureData
                0x20004938                xSettingsMutex
                0x2000493c                . = ALIGN (0x4)
                0x2000493c                __bss_end__ = .
                0x2000493c                _ebss = __bss_end__

.heap           0x2000493c        0x0
                0x2000493c                __end__ = .
                0x2000493c                _end = __end__
                0x2000493c                end = __end__
 *(.heap*)
                0x2000493c                __HeapLimit = .

.co_stack       0x2000493c      0x804 load address 0x08013694
                0x20004940                . = ALIGN (0x8)
 *fill*         0x2000493c        0x4 
 *(.co_stack .co_stack.*)
 .co_stack      0x20004940      0x800 ..\obj\startup_stm32f4xx.o
                0x20004940                pulStack
                0x20020000                __StackTop = (ORIGIN (ram) + 0x20000)
                0x2001f7fc                __StackLimit = (__StackTop - SIZEOF (.co_stack))
                0x20020000                PROVIDE (__stack, __StackTop)
                0x00000001                ASSERT ((__StackLimit >= __HeapLimit), region ram  overflowed with stack)
LOAD ..\obj\stm32f4xx_syscfg.o
LOAD ..\obj\usb_core.o
LOAD ..\obj\mbport.o
LOAD ..\obj\mb.o
LOAD ..\obj\protocol.o
LOAD ..\obj\mbfuncdisc.o
LOAD ..\obj\core_cm3.o
LOAD ..\obj\usbd_usr.o
LOAD ..\obj\portevent.o
LOAD ..\obj\mbfuncother.o
LOAD ..\obj\stm32f4xx_usart.o
LOAD ..\obj\stm32f4xx_pwr.o
LOAD ..\obj\rtc.o
LOAD ..\obj\mbutils.o
LOAD ..\obj\startup_stm32f4xx.o
LOAD ..\obj\stm32f4xx_iwdg.o
LOAD ..\obj\mbfuncholding.o
LOAD ..\obj\usbd_core.o
LOAD ..\obj\main.o
LOAD ..\obj\mbcrc.o
LOAD ..\obj\stm32f4xx_rcc.o
LOAD ..\obj\mbfuncfile.o
LOAD ..\obj\timers.o
LOAD ..\obj\log.o
LOAD ..\obj\mbfuncinput.o
LOAD ..\obj\printf.o
LOAD ..\obj\watchdog.o
LOAD ..\obj\mbfuncdiag.o
LOAD ..\obj\tasks.o
LOAD ..\obj\usbd_desc.o
LOAD ..\obj\fram_i2c.o
LOAD ..\obj\stm32f4xx_gpio.o
LOAD ..\obj\porttimer.o
LOAD ..\obj\usbd_cdc_vcp.o
LOAD ..\obj\mbrtu.o
LOAD ..\obj\list.o
LOAD ..\obj\system_stm32f4xx.o
LOAD ..\obj\syscalls.o
LOAD ..\obj\usb_bsp.o
LOAD ..\obj\usbd_req.o
LOAD ..\obj\port.o
LOAD ..\obj\queue.o
LOAD ..\obj\usb_dcd_int.o
LOAD ..\obj\portserial.o
LOAD ..\obj\usbd_cdc_core.o
LOAD ..\obj\croutine.o
LOAD ..\obj\stm32f4xx_spi.o
LOAD ..\obj\mbfunccoils.o
LOAD ..\obj\event_groups.o
LOAD ..\obj\ADS1220.o
LOAD ..\obj\stm32f4xx_i2c.o
LOAD ..\obj\frequency.o
LOAD ..\obj\stm32f4xx_exti.o
LOAD ..\obj\misc.o
LOAD ..\obj\usb_dcd.o
LOAD ..\obj\stm32f4xx_rtc.o
LOAD ..\obj\usbd_ioreq.o
LOAD ..\obj\mbascii.o
LOAD ..\obj\heap_2.o
LOAD ..\obj\controller.o
LOAD ..\obj\stm32f4xx_tim.o
LOAD ..\obj\power_detector.o
LOAD C:\STM32\ARM_EABI\arm-none-eabi\lib\thumb2\libm.a
START GROUP
LOAD c:/stm32/arm_eabi/bin/../lib/gcc/arm-none-eabi/4.7.2/thumb2\libgcc.a
LOAD C:\STM32\ARM_EABI\arm-none-eabi\lib\thumb2\libc.a
END GROUP
OUTPUT(IMS_CONTROLLER.elf elf32-littlearm)

.debug_info     0x00000000    0x1fbe0
 .debug_info    0x00000000     0x2819 ..\obj\usb_core.o
 .debug_info    0x00002819      0x895 ..\obj\mbport.o
 .debug_info    0x000030ae      0x9a0 ..\obj\mb.o
 .debug_info    0x00003a4e      0x869 ..\obj\protocol.o
 .debug_info    0x000042b7      0x1f3 ..\obj\mbfuncdisc.o
 .debug_info    0x000044aa      0x1c3 ..\obj\usbd_usr.o
 .debug_info    0x0000466d      0x7cd ..\obj\portevent.o
 .debug_info    0x00004e3a      0x257 ..\obj\mbfuncother.o
 .debug_info    0x00005091      0xa65 ..\obj\stm32f4xx_usart.o
 .debug_info    0x00005af6      0x543 ..\obj\stm32f4xx_pwr.o
 .debug_info    0x00006039      0x165 ..\obj\rtc.o
 .debug_info    0x0000619e      0x2cd ..\obj\mbutils.o
 .debug_info    0x0000646b      0x103 ..\obj\startup_stm32f4xx.o
 .debug_info    0x0000656e      0x38b ..\obj\mbfuncholding.o
 .debug_info    0x000068f9      0xff1 ..\obj\usbd_core.o
 .debug_info    0x000078ea      0x186 ..\obj\main.o
 .debug_info    0x00007a70      0x146 ..\obj\mbcrc.o
 .debug_info    0x00007bb6      0xd49 ..\obj\stm32f4xx_rcc.o
 .debug_info    0x000088ff      0x257 ..\obj\mbfuncfile.o
 .debug_info    0x00008b56      0x429 ..\obj\log.o
 .debug_info    0x00008f7f      0x1e5 ..\obj\mbfuncinput.o
 .debug_info    0x00009164      0xed1 ..\obj\printf.o
 .debug_info    0x0000a035      0x1f9 ..\obj\watchdog.o
 .debug_info    0x0000a22e     0x12cc ..\obj\tasks.o
 .debug_info    0x0000b4fa      0x380 ..\obj\usbd_desc.o
 .debug_info    0x0000b87a      0x758 ..\obj\fram_i2c.o
 .debug_info    0x0000bfd2      0x640 ..\obj\stm32f4xx_gpio.o
 .debug_info    0x0000c612      0xed3 ..\obj\porttimer.o
 .debug_info    0x0000d4e5      0x364 ..\obj\usbd_cdc_vcp.o
 .debug_info    0x0000d849      0x7fe ..\obj\mbrtu.o
 .debug_info    0x0000e047      0x2c1 ..\obj\list.o
 .debug_info    0x0000e308      0x5f5 ..\obj\system_stm32f4xx.o
 .debug_info    0x0000e8fd     0x112e ..\obj\usb_bsp.o
 .debug_info    0x0000fa2b     0x10fb ..\obj\usbd_req.o
 .debug_info    0x00010b26      0x346 ..\obj\port.o
 .debug_info    0x00010e6c      0xa05 ..\obj\queue.o
 .debug_info    0x00011871     0x2020 ..\obj\usb_dcd_int.o
 .debug_info    0x00013891     0x12e2 ..\obj\portserial.o
 .debug_info    0x00014b73     0x1083 ..\obj\usbd_cdc_core.o
 .debug_info    0x00015bf6      0xbde ..\obj\stm32f4xx_spi.o
 .debug_info    0x000167d4      0x31a ..\obj\mbfunccoils.o
 .debug_info    0x00016aee      0x806 ..\obj\ADS1220.o
 .debug_info    0x000172f4      0xbab ..\obj\stm32f4xx_i2c.o
 .debug_info    0x00017e9f      0xcfa ..\obj\frequency.o
 .debug_info    0x00018b99      0x373 ..\obj\stm32f4xx_exti.o
 .debug_info    0x00018f0c      0x592 ..\obj\misc.o
 .debug_info    0x0001949e     0x118a ..\obj\usb_dcd.o
 .debug_info    0x0001a628     0x1255 ..\obj\stm32f4xx_rtc.o
 .debug_info    0x0001b87d      0xde4 ..\obj\usbd_ioreq.o
 .debug_info    0x0001c661      0x2ef ..\obj\heap_2.o
 .debug_info    0x0001c950      0xdbf ..\obj\controller.o
 .debug_info    0x0001d70f     0x1e7d ..\obj\stm32f4xx_tim.o
 .debug_info    0x0001f58c      0x654 ..\obj\power_detector.o

.debug_abbrev   0x00000000     0x4d5f
 .debug_abbrev  0x00000000      0x2bc ..\obj\usb_core.o
 .debug_abbrev  0x000002bc      0x1b5 ..\obj\mbport.o
 .debug_abbrev  0x00000471      0x19f ..\obj\mb.o
 .debug_abbrev  0x00000610      0x145 ..\obj\protocol.o
 .debug_abbrev  0x00000755       0xa8 ..\obj\mbfuncdisc.o
 .debug_abbrev  0x000007fd       0xdf ..\obj\usbd_usr.o
 .debug_abbrev  0x000008dc      0x142 ..\obj\portevent.o
 .debug_abbrev  0x00000a1e       0xc1 ..\obj\mbfuncother.o
 .debug_abbrev  0x00000adf      0x157 ..\obj\stm32f4xx_usart.o
 .debug_abbrev  0x00000c36      0x181 ..\obj\stm32f4xx_pwr.o
 .debug_abbrev  0x00000db7       0xc9 ..\obj\rtc.o
 .debug_abbrev  0x00000e80       0xd8 ..\obj\mbutils.o
 .debug_abbrev  0x00000f58       0xb2 ..\obj\startup_stm32f4xx.o
 .debug_abbrev  0x0000100a       0xa8 ..\obj\mbfuncholding.o
 .debug_abbrev  0x000010b2      0x1f2 ..\obj\usbd_core.o
 .debug_abbrev  0x000012a4       0xe3 ..\obj\main.o
 .debug_abbrev  0x00001387       0x93 ..\obj\mbcrc.o
 .debug_abbrev  0x0000141a      0x1e5 ..\obj\stm32f4xx_rcc.o
 .debug_abbrev  0x000015ff       0xe5 ..\obj\mbfuncfile.o
 .debug_abbrev  0x000016e4      0x167 ..\obj\log.o
 .debug_abbrev  0x0000184b       0xa8 ..\obj\mbfuncinput.o
 .debug_abbrev  0x000018f3      0x23b ..\obj\printf.o
 .debug_abbrev  0x00001b2e      0x12f ..\obj\watchdog.o
 .debug_abbrev  0x00001c5d      0x253 ..\obj\tasks.o
 .debug_abbrev  0x00001eb0      0x12e ..\obj\usbd_desc.o
 .debug_abbrev  0x00001fde      0x1ed ..\obj\fram_i2c.o
 .debug_abbrev  0x000021cb      0x1a5 ..\obj\stm32f4xx_gpio.o
 .debug_abbrev  0x00002370      0x1c2 ..\obj\porttimer.o
 .debug_abbrev  0x00002532      0x14c ..\obj\usbd_cdc_vcp.o
 .debug_abbrev  0x0000267e      0x189 ..\obj\mbrtu.o
 .debug_abbrev  0x00002807       0xbe ..\obj\list.o
 .debug_abbrev  0x000028c5      0x138 ..\obj\system_stm32f4xx.o
 .debug_abbrev  0x000029fd      0x1fe ..\obj\usb_bsp.o
 .debug_abbrev  0x00002bfb      0x268 ..\obj\usbd_req.o
 .debug_abbrev  0x00002e63      0x1bc ..\obj\port.o
 .debug_abbrev  0x0000301f      0x141 ..\obj\queue.o
 .debug_abbrev  0x00003160      0x230 ..\obj\usb_dcd_int.o
 .debug_abbrev  0x00003390      0x292 ..\obj\portserial.o
 .debug_abbrev  0x00003622      0x204 ..\obj\usbd_cdc_core.o
 .debug_abbrev  0x00003826      0x169 ..\obj\stm32f4xx_spi.o
 .debug_abbrev  0x0000398f       0xba ..\obj\mbfunccoils.o
 .debug_abbrev  0x00003a49      0x1d0 ..\obj\ADS1220.o
 .debug_abbrev  0x00003c19      0x166 ..\obj\stm32f4xx_i2c.o
 .debug_abbrev  0x00003d7f      0x1c2 ..\obj\frequency.o
 .debug_abbrev  0x00003f41      0x1a7 ..\obj\stm32f4xx_exti.o
 .debug_abbrev  0x000040e8      0x129 ..\obj\misc.o
 .debug_abbrev  0x00004211      0x22e ..\obj\usb_dcd.o
 .debug_abbrev  0x0000443f      0x1b0 ..\obj\stm32f4xx_rtc.o
 .debug_abbrev  0x000045ef      0x184 ..\obj\usbd_ioreq.o
 .debug_abbrev  0x00004773      0x16e ..\obj\heap_2.o
 .debug_abbrev  0x000048e1      0x187 ..\obj\controller.o
 .debug_abbrev  0x00004a68      0x189 ..\obj\stm32f4xx_tim.o
 .debug_abbrev  0x00004bf1      0x16e ..\obj\power_detector.o

.debug_loc      0x00000000     0x90b7
 .debug_loc     0x00000000      0x7e0 ..\obj\usb_core.o
 .debug_loc     0x000007e0      0x176 ..\obj\mbport.o
 .debug_loc     0x00000956      0x150 ..\obj\mb.o
 .debug_loc     0x00000aa6       0xe0 ..\obj\protocol.o
 .debug_loc     0x00000b86       0x38 ..\obj\mbfuncdisc.o
 .debug_loc     0x00000bbe       0xe8 ..\obj\usbd_usr.o
 .debug_loc     0x00000ca6       0xa8 ..\obj\portevent.o
 .debug_loc     0x00000d4e       0x70 ..\obj\mbfuncother.o
 .debug_loc     0x00000dbe      0x658 ..\obj\stm32f4xx_usart.o
 .debug_loc     0x00001416      0x288 ..\obj\stm32f4xx_pwr.o
 .debug_loc     0x0000169e       0x38 ..\obj\rtc.o
 .debug_loc     0x000016d6       0xa8 ..\obj\mbutils.o
 .debug_loc     0x0000177e       0x64 ..\obj\startup_stm32f4xx.o
 .debug_loc     0x000017e2       0xe0 ..\obj\mbfuncholding.o
 .debug_loc     0x000018c2      0x2d8 ..\obj\usbd_core.o
 .debug_loc     0x00001b9a      0x100 ..\obj\main.o
 .debug_loc     0x00001c9a       0x38 ..\obj\mbcrc.o
 .debug_loc     0x00001cd2      0x97c ..\obj\stm32f4xx_rcc.o
 .debug_loc     0x0000264e       0x3a ..\obj\mbfuncfile.o
 .debug_loc     0x00002688       0xe2 ..\obj\log.o
 .debug_loc     0x0000276a       0x38 ..\obj\mbfuncinput.o
 .debug_loc     0x000027a2      0x3ea ..\obj\printf.o
 .debug_loc     0x00002b8c       0xe0 ..\obj\watchdog.o
 .debug_loc     0x00002c6c      0x92c ..\obj\tasks.o
 .debug_loc     0x00003598      0x188 ..\obj\usbd_desc.o
 .debug_loc     0x00003720      0x15e ..\obj\fram_i2c.o
 .debug_loc     0x0000387e      0x310 ..\obj\stm32f4xx_gpio.o
 .debug_loc     0x00003b8e      0x2dc ..\obj\porttimer.o
 .debug_loc     0x00003e6a      0x138 ..\obj\usbd_cdc_vcp.o
 .debug_loc     0x00003fa2      0x1c0 ..\obj\mbrtu.o
 .debug_loc     0x00004162      0x118 ..\obj\list.o
 .debug_loc     0x0000427a       0x9c ..\obj\system_stm32f4xx.o
 .debug_loc     0x00004316      0x138 ..\obj\usb_bsp.o
 .debug_loc     0x0000444e      0x310 ..\obj\usbd_req.o
 .debug_loc     0x0000475e      0x1dc ..\obj\port.o
 .debug_loc     0x0000493a      0x460 ..\obj\queue.o
 .debug_loc     0x00004d9a      0x2d8 ..\obj\usb_dcd_int.o
 .debug_loc     0x00005072      0x410 ..\obj\portserial.o
 .debug_loc     0x00005482      0x224 ..\obj\usbd_cdc_core.o
 .debug_loc     0x000056a6      0x578 ..\obj\stm32f4xx_spi.o
 .debug_loc     0x00005c1e       0xa8 ..\obj\mbfunccoils.o
 .debug_loc     0x00005cc6      0x224 ..\obj\ADS1220.o
 .debug_loc     0x00005eea      0x738 ..\obj\stm32f4xx_i2c.o
 .debug_loc     0x00006622      0x10d ..\obj\frequency.o
 .debug_loc     0x0000672f      0x1b4 ..\obj\stm32f4xx_exti.o
 .debug_loc     0x000068e3      0x118 ..\obj\misc.o
 .debug_loc     0x000069fb      0x2d8 ..\obj\usb_dcd.o
 .debug_loc     0x00006cd3      0xc48 ..\obj\stm32f4xx_rtc.o
 .debug_loc     0x0000791b      0x188 ..\obj\usbd_ioreq.o
 .debug_loc     0x00007aa3      0x100 ..\obj\heap_2.o
 .debug_loc     0x00007ba3       0x64 ..\obj\controller.o
 .debug_loc     0x00007c07     0x1420 ..\obj\stm32f4xx_tim.o
 .debug_loc     0x00009027       0x90 ..\obj\power_detector.o

.debug_aranges  0x00000000     0x1a20
 .debug_aranges
                0x00000000      0x138 ..\obj\usb_core.o
 .debug_aranges
                0x00000138       0x50 ..\obj\mbport.o
 .debug_aranges
                0x00000188       0x48 ..\obj\mb.o
 .debug_aranges
                0x000001d0       0x38 ..\obj\protocol.o
 .debug_aranges
                0x00000208       0x20 ..\obj\mbfuncdisc.o
 .debug_aranges
                0x00000228       0x40 ..\obj\usbd_usr.o
 .debug_aranges
                0x00000268       0x30 ..\obj\portevent.o
 .debug_aranges
                0x00000298       0x28 ..\obj\mbfuncother.o
 .debug_aranges
                0x000002c0      0x100 ..\obj\stm32f4xx_usart.o
 .debug_aranges
                0x000003c0       0x78 ..\obj\stm32f4xx_pwr.o
 .debug_aranges
                0x00000438       0x20 ..\obj\rtc.o
 .debug_aranges
                0x00000458       0x30 ..\obj\mbutils.o
 .debug_aranges
                0x00000488       0x28 ..\obj\startup_stm32f4xx.o
 .debug_aranges
                0x000004b0       0x38 ..\obj\mbfuncholding.o
 .debug_aranges
                0x000004e8       0x80 ..\obj\usbd_core.o
 .debug_aranges
                0x00000568       0x40 ..\obj\main.o
 .debug_aranges
                0x000005a8       0x20 ..\obj\mbcrc.o
 .debug_aranges
                0x000005c8      0x178 ..\obj\stm32f4xx_rcc.o
 .debug_aranges
                0x00000740       0x20 ..\obj\mbfuncfile.o
 .debug_aranges
                0x00000760       0x38 ..\obj\log.o
 .debug_aranges
                0x00000798       0x20 ..\obj\mbfuncinput.o
 .debug_aranges
                0x000007b8       0xa0 ..\obj\printf.o
 .debug_aranges
                0x00000858       0x38 ..\obj\watchdog.o
 .debug_aranges
                0x00000890      0x170 ..\obj\tasks.o
 .debug_aranges
                0x00000a00       0x50 ..\obj\usbd_desc.o
 .debug_aranges
                0x00000a50       0x48 ..\obj\fram_i2c.o
 .debug_aranges
                0x00000a98       0x88 ..\obj\stm32f4xx_gpio.o
 .debug_aranges
                0x00000b20       0x90 ..\obj\porttimer.o
 .debug_aranges
                0x00000bb0       0x48 ..\obj\usbd_cdc_vcp.o
 .debug_aranges
                0x00000bf8       0x58 ..\obj\mbrtu.o
 .debug_aranges
                0x00000c50       0x40 ..\obj\list.o
 .debug_aranges
                0x00000c90       0x30 ..\obj\system_stm32f4xx.o
 .debug_aranges
                0x00000cc0       0x48 ..\obj\usb_bsp.o
 .debug_aranges
                0x00000d08       0x88 ..\obj\usbd_req.o
 .debug_aranges
                0x00000d90       0x90 ..\obj\port.o
 .debug_aranges
                0x00000e20       0xb8 ..\obj\queue.o
 .debug_aranges
                0x00000ed8       0x80 ..\obj\usb_dcd_int.o
 .debug_aranges
                0x00000f58       0xb0 ..\obj\portserial.o
 .debug_aranges
                0x00001008       0x68 ..\obj\usbd_cdc_core.o
 .debug_aranges
                0x00001070       0xe0 ..\obj\stm32f4xx_spi.o
 .debug_aranges
                0x00001150       0x30 ..\obj\mbfunccoils.o
 .debug_aranges
                0x00001180       0x68 ..\obj\ADS1220.o
 .debug_aranges
                0x000011e8      0x120 ..\obj\stm32f4xx_i2c.o
 .debug_aranges
                0x00001308       0x40 ..\obj\frequency.o
 .debug_aranges
                0x00001348       0x58 ..\obj\stm32f4xx_exti.o
 .debug_aranges
                0x000013a0       0x40 ..\obj\misc.o
 .debug_aranges
                0x000013e0       0x80 ..\obj\usb_dcd.o
 .debug_aranges
                0x00001460      0x1e0 ..\obj\stm32f4xx_rtc.o
 .debug_aranges
                0x00001640       0x50 ..\obj\usbd_ioreq.o
 .debug_aranges
                0x00001690       0x40 ..\obj\heap_2.o
 .debug_aranges
                0x000016d0       0x28 ..\obj\controller.o
 .debug_aranges
                0x000016f8      0x2f8 ..\obj\stm32f4xx_tim.o
 .debug_aranges
                0x000019f0       0x30 ..\obj\power_detector.o

.debug_ranges   0x00000000     0x16d0
 .debug_ranges  0x00000000      0x128 ..\obj\usb_core.o
 .debug_ranges  0x00000128       0x40 ..\obj\mbport.o
 .debug_ranges  0x00000168       0x38 ..\obj\mb.o
 .debug_ranges  0x000001a0       0x28 ..\obj\protocol.o
 .debug_ranges  0x000001c8       0x10 ..\obj\mbfuncdisc.o
 .debug_ranges  0x000001d8       0x30 ..\obj\usbd_usr.o
 .debug_ranges  0x00000208       0x20 ..\obj\portevent.o
 .debug_ranges  0x00000228       0x18 ..\obj\mbfuncother.o
 .debug_ranges  0x00000240       0xf0 ..\obj\stm32f4xx_usart.o
 .debug_ranges  0x00000330       0x68 ..\obj\stm32f4xx_pwr.o
 .debug_ranges  0x00000398       0x10 ..\obj\rtc.o
 .debug_ranges  0x000003a8       0x20 ..\obj\mbutils.o
 .debug_ranges  0x000003c8       0x18 ..\obj\startup_stm32f4xx.o
 .debug_ranges  0x000003e0       0x28 ..\obj\mbfuncholding.o
 .debug_ranges  0x00000408       0x70 ..\obj\usbd_core.o
 .debug_ranges  0x00000478       0x30 ..\obj\main.o
 .debug_ranges  0x000004a8       0x10 ..\obj\mbcrc.o
 .debug_ranges  0x000004b8      0x168 ..\obj\stm32f4xx_rcc.o
 .debug_ranges  0x00000620       0x10 ..\obj\mbfuncfile.o
 .debug_ranges  0x00000630       0x28 ..\obj\log.o
 .debug_ranges  0x00000658       0x10 ..\obj\mbfuncinput.o
 .debug_ranges  0x00000668       0x90 ..\obj\printf.o
 .debug_ranges  0x000006f8       0x28 ..\obj\watchdog.o
 .debug_ranges  0x00000720      0x160 ..\obj\tasks.o
 .debug_ranges  0x00000880       0x40 ..\obj\usbd_desc.o
 .debug_ranges  0x000008c0       0x38 ..\obj\fram_i2c.o
 .debug_ranges  0x000008f8       0x78 ..\obj\stm32f4xx_gpio.o
 .debug_ranges  0x00000970       0x80 ..\obj\porttimer.o
 .debug_ranges  0x000009f0       0x38 ..\obj\usbd_cdc_vcp.o
 .debug_ranges  0x00000a28       0x48 ..\obj\mbrtu.o
 .debug_ranges  0x00000a70       0x30 ..\obj\list.o
 .debug_ranges  0x00000aa0       0x20 ..\obj\system_stm32f4xx.o
 .debug_ranges  0x00000ac0       0x38 ..\obj\usb_bsp.o
 .debug_ranges  0x00000af8       0x78 ..\obj\usbd_req.o
 .debug_ranges  0x00000b70       0x80 ..\obj\port.o
 .debug_ranges  0x00000bf0       0xa8 ..\obj\queue.o
 .debug_ranges  0x00000c98       0x70 ..\obj\usb_dcd_int.o
 .debug_ranges  0x00000d08       0xa0 ..\obj\portserial.o
 .debug_ranges  0x00000da8       0x58 ..\obj\usbd_cdc_core.o
 .debug_ranges  0x00000e00       0xd0 ..\obj\stm32f4xx_spi.o
 .debug_ranges  0x00000ed0       0x20 ..\obj\mbfunccoils.o
 .debug_ranges  0x00000ef0       0x58 ..\obj\ADS1220.o
 .debug_ranges  0x00000f48      0x110 ..\obj\stm32f4xx_i2c.o
 .debug_ranges  0x00001058       0x30 ..\obj\frequency.o
 .debug_ranges  0x00001088       0x48 ..\obj\stm32f4xx_exti.o
 .debug_ranges  0x000010d0       0x30 ..\obj\misc.o
 .debug_ranges  0x00001100       0x70 ..\obj\usb_dcd.o
 .debug_ranges  0x00001170      0x1d0 ..\obj\stm32f4xx_rtc.o
 .debug_ranges  0x00001340       0x40 ..\obj\usbd_ioreq.o
 .debug_ranges  0x00001380       0x30 ..\obj\heap_2.o
 .debug_ranges  0x000013b0       0x18 ..\obj\controller.o
 .debug_ranges  0x000013c8      0x2e8 ..\obj\stm32f4xx_tim.o
 .debug_ranges  0x000016b0       0x20 ..\obj\power_detector.o

.debug_line     0x00000000     0xb360
 .debug_line    0x00000000      0x67b ..\obj\usb_core.o
 .debug_line    0x0000067b      0x4f3 ..\obj\mbport.o
 .debug_line    0x00000b6e      0x312 ..\obj\mb.o
 .debug_line    0x00000e80      0x34c ..\obj\protocol.o
 .debug_line    0x000011cc      0x1d9 ..\obj\mbfuncdisc.o
 .debug_line    0x000013a5      0x17a ..\obj\usbd_usr.o
 .debug_line    0x0000151f      0x238 ..\obj\portevent.o
 .debug_line    0x00001757      0x22f ..\obj\mbfuncother.o
 .debug_line    0x00001986      0x485 ..\obj\stm32f4xx_usart.o
 .debug_line    0x00001e0b      0x28b ..\obj\stm32f4xx_pwr.o
 .debug_line    0x00002096      0x1ea ..\obj\rtc.o
 .debug_line    0x00002280      0x239 ..\obj\mbutils.o
 .debug_line    0x000024b9       0xaf ..\obj\startup_stm32f4xx.o
 .debug_line    0x00002568      0x26f ..\obj\mbfuncholding.o
 .debug_line    0x000027d7      0x2ce ..\obj\usbd_core.o
 .debug_line    0x00002aa5      0x285 ..\obj\main.o
 .debug_line    0x00002d2a      0x150 ..\obj\mbcrc.o
 .debug_line    0x00002e7a      0x57b ..\obj\stm32f4xx_rcc.o
 .debug_line    0x000033f5      0x211 ..\obj\mbfuncfile.o
 .debug_line    0x00003606      0x33f ..\obj\log.o
 .debug_line    0x00003945      0x1cf ..\obj\mbfuncinput.o
 .debug_line    0x00003b14      0x392 ..\obj\printf.o
 .debug_line    0x00003ea6      0x221 ..\obj\watchdog.o
 .debug_line    0x000040c7      0xa6a ..\obj\tasks.o
 .debug_line    0x00004b31      0x1c0 ..\obj\usbd_desc.o
 .debug_line    0x00004cf1      0x4fb ..\obj\fram_i2c.o
 .debug_line    0x000051ec      0x323 ..\obj\stm32f4xx_gpio.o
 .debug_line    0x0000550f      0x42d ..\obj\porttimer.o
 .debug_line    0x0000593c      0x1d6 ..\obj\usbd_cdc_vcp.o
 .debug_line    0x00005b12      0x27f ..\obj\mbrtu.o
 .debug_line    0x00005d91      0x22d ..\obj\list.o
 .debug_line    0x00005fbe      0x1af ..\obj\system_stm32f4xx.o
 .debug_line    0x0000616d      0x279 ..\obj\usb_bsp.o
 .debug_line    0x000063e6      0x38d ..\obj\usbd_req.o
 .debug_line    0x00006773      0x2f6 ..\obj\port.o
 .debug_line    0x00006a69      0x6d3 ..\obj\queue.o
 .debug_line    0x0000713c      0x379 ..\obj\usb_dcd_int.o
 .debug_line    0x000074b5      0x550 ..\obj\portserial.o
 .debug_line    0x00007a05      0x265 ..\obj\usbd_cdc_core.o
 .debug_line    0x00007c6a      0x437 ..\obj\stm32f4xx_spi.o
 .debug_line    0x000080a1      0x247 ..\obj\mbfunccoils.o
 .debug_line    0x000082e8      0x4e4 ..\obj\ADS1220.o
 .debug_line    0x000087cc      0x4c0 ..\obj\stm32f4xx_i2c.o
 .debug_line    0x00008c8c      0x3f9 ..\obj\frequency.o
 .debug_line    0x00009085      0x289 ..\obj\stm32f4xx_exti.o
 .debug_line    0x0000930e      0x229 ..\obj\misc.o
 .debug_line    0x00009537      0x2ec ..\obj\usb_dcd.o
 .debug_line    0x00009823      0x7f1 ..\obj\stm32f4xx_rtc.o
 .debug_line    0x0000a014      0x1d6 ..\obj\usbd_ioreq.o
 .debug_line    0x0000a1ea      0x263 ..\obj\heap_2.o
 .debug_line    0x0000a44d      0x269 ..\obj\controller.o
 .debug_line    0x0000a6b6      0xa5d ..\obj\stm32f4xx_tim.o
 .debug_line    0x0000b113      0x24d ..\obj\power_detector.o

.debug_str      0x00000000     0x8de5
 .debug_str     0x00000000     0x12c9 ..\obj\usb_core.o
                               0x15fa (size before relaxing)
 .debug_str     0x000012c9      0x45a ..\obj\mbport.o
                                0x589 (size before relaxing)
 .debug_str     0x00001723      0x5cc ..\obj\mb.o
                                0x78e (size before relaxing)
 .debug_str     0x00001cef      0x1f6 ..\obj\protocol.o
                                0x84f (size before relaxing)
 .debug_str     0x00001ee5       0xc3 ..\obj\mbfuncdisc.o
                                0x2ec (size before relaxing)
 .debug_str     0x00001fa8       0xbc ..\obj\usbd_usr.o
                                0x1fe (size before relaxing)
 .debug_str     0x00002064       0x9a ..\obj\portevent.o
                                0x6ff (size before relaxing)
 .debug_str     0x000020fe       0xd8 ..\obj\mbfuncother.o
                                0x315 (size before relaxing)
 .debug_str     0x000021d6      0x516 ..\obj\stm32f4xx_usart.o
                                0x603 (size before relaxing)
 .debug_str     0x000026ec      0x1e9 ..\obj\stm32f4xx_pwr.o
                                0x305 (size before relaxing)
 .debug_str     0x000028d5       0xa9 ..\obj\rtc.o
                                0x1aa (size before relaxing)
 .debug_str     0x0000297e       0xee ..\obj\mbutils.o
                                0x329 (size before relaxing)
 .debug_str     0x00002a6c       0xbe ..\obj\startup_stm32f4xx.o
                                 0xe5 (size before relaxing)
 .debug_str     0x00002b2a      0x155 ..\obj\mbfuncholding.o
                                0x3ca (size before relaxing)
 .debug_str     0x00002c7f      0x196 ..\obj\usbd_core.o
                                0xa3f (size before relaxing)
 .debug_str     0x00002e15       0xd6 ..\obj\main.o
                                0x1ba (size before relaxing)
 .debug_str     0x00002eeb       0x77 ..\obj\mbcrc.o
                                0x14d (size before relaxing)
 .debug_str     0x00002f62      0x5eb ..\obj\stm32f4xx_rcc.o
                                0x7c4 (size before relaxing)
 .debug_str     0x0000354d       0x93 ..\obj\mbfuncfile.o
                                0x323 (size before relaxing)
 .debug_str     0x000035e0       0xb8 ..\obj\log.o
                                0x3ca (size before relaxing)
 .debug_str     0x00003698       0x79 ..\obj\mbfuncinput.o
                                0x2e0 (size before relaxing)
 .debug_str     0x00003711      0x4b3 ..\obj\printf.o
                                0x605 (size before relaxing)
 .debug_str     0x00003bc4       0xd5 ..\obj\watchdog.o
                                0x1e0 (size before relaxing)
 .debug_str     0x00003c99      0xa41 ..\obj\tasks.o
                                0xb9c (size before relaxing)
 .debug_str     0x000046da      0x16a ..\obj\usbd_desc.o
                                0x301 (size before relaxing)
 .debug_str     0x00004844      0x35d ..\obj\fram_i2c.o
                                0x57c (size before relaxing)
 .debug_str     0x00004ba1      0x1ac ..\obj\stm32f4xx_gpio.o
                                0x417 (size before relaxing)
 .debug_str     0x00004d4d      0x858 ..\obj\porttimer.o
                                0xf40 (size before relaxing)
 .debug_str     0x000055a5      0x13c ..\obj\usbd_cdc_vcp.o
                                0x228 (size before relaxing)
 .debug_str     0x000056e1      0x121 ..\obj\mbrtu.o
                                0x560 (size before relaxing)
 .debug_str     0x00005802       0xe8 ..\obj\list.o
                                0x23a (size before relaxing)
 .debug_str     0x000058ea       0xb6 ..\obj\system_stm32f4xx.o
                                0x31e (size before relaxing)
 .debug_str     0x000059a0       0xdf ..\obj\usb_bsp.o
                               0x1046 (size before relaxing)
 .debug_str     0x00005a7f      0x17c ..\obj\usbd_req.o
                                0xa6a (size before relaxing)
 .debug_str     0x00005bfb      0x263 ..\obj\port.o
                                0x369 (size before relaxing)
 .debug_str     0x00005e5e      0x353 ..\obj\queue.o
                                0x57f (size before relaxing)
 .debug_str     0x000061b1      0x292 ..\obj\usb_dcd_int.o
                               0x11f8 (size before relaxing)
 .debug_str     0x00006443      0x22c ..\obj\portserial.o
                               0x1132 (size before relaxing)
 .debug_str     0x0000666f      0x1be ..\obj\usbd_cdc_core.o
                                0xab5 (size before relaxing)
 .debug_str     0x0000682d      0x3b4 ..\obj\stm32f4xx_spi.o
                                0x5fe (size before relaxing)
 .debug_str     0x00006be1       0xd6 ..\obj\mbfunccoils.o
                                0x354 (size before relaxing)
 .debug_str     0x00006cb7      0x1d1 ..\obj\ADS1220.o
                                0x727 (size before relaxing)
 .debug_str     0x00006e88      0x345 ..\obj\stm32f4xx_i2c.o
                                0x5d9 (size before relaxing)
 .debug_str     0x000071cd      0x17f ..\obj\frequency.o
                                0xd39 (size before relaxing)
 .debug_str     0x0000734c      0x1db ..\obj\stm32f4xx_exti.o
                                0x2e2 (size before relaxing)
 .debug_str     0x00007527      0x137 ..\obj\misc.o
                                0x34d (size before relaxing)
 .debug_str     0x0000765e      0x110 ..\obj\usb_dcd.o
                                0xa9a (size before relaxing)
 .debug_str     0x0000776e      0x8b1 ..\obj\stm32f4xx_rtc.o
                                0xac7 (size before relaxing)
 .debug_str     0x0000801f       0xd2 ..\obj\usbd_ioreq.o
                                0x929 (size before relaxing)
 .debug_str     0x000080f1      0x19b ..\obj\heap_2.o
                                0x28d (size before relaxing)
 .debug_str     0x0000828c       0x7c ..\obj\controller.o
                                0xa13 (size before relaxing)
 .debug_str     0x00008308      0xa3a ..\obj\stm32f4xx_tim.o
                                0xd44 (size before relaxing)
 .debug_str     0x00008d42       0xa3 ..\obj\power_detector.o
                                0x841 (size before relaxing)

.comment        0x00000000       0x30
 .comment       0x00000000       0x30 ..\obj\usb_core.o
                                 0x31 (size before relaxing)
 .comment       0x00000000       0x31 ..\obj\mbport.o
 .comment       0x00000000       0x31 ..\obj\mb.o
 .comment       0x00000000       0x31 ..\obj\protocol.o
 .comment       0x00000000       0x31 ..\obj\mbfuncdisc.o
 .comment       0x00000000       0x31 ..\obj\usbd_usr.o
 .comment       0x00000000       0x31 ..\obj\portevent.o
 .comment       0x00000000       0x31 ..\obj\mbfuncother.o
 .comment       0x00000000       0x31 ..\obj\stm32f4xx_usart.o
 .comment       0x00000000       0x31 ..\obj\stm32f4xx_pwr.o
 .comment       0x00000000       0x31 ..\obj\rtc.o
 .comment       0x00000000       0x31 ..\obj\mbutils.o
 .comment       0x00000000       0x31 ..\obj\startup_stm32f4xx.o
 .comment       0x00000000       0x31 ..\obj\mbfuncholding.o
 .comment       0x00000000       0x31 ..\obj\usbd_core.o
 .comment       0x00000000       0x31 ..\obj\main.o
 .comment       0x00000000       0x31 ..\obj\mbcrc.o
 .comment       0x00000000       0x31 ..\obj\stm32f4xx_rcc.o
 .comment       0x00000000       0x31 ..\obj\mbfuncfile.o
 .comment       0x00000000       0x31 ..\obj\log.o
 .comment       0x00000000       0x31 ..\obj\mbfuncinput.o
 .comment       0x00000000       0x31 ..\obj\printf.o
 .comment       0x00000000       0x31 ..\obj\watchdog.o
 .comment       0x00000000       0x31 ..\obj\tasks.o
 .comment       0x00000000       0x31 ..\obj\usbd_desc.o
 .comment       0x00000000       0x31 ..\obj\fram_i2c.o
 .comment       0x00000000       0x31 ..\obj\stm32f4xx_gpio.o
 .comment       0x00000000       0x31 ..\obj\porttimer.o
 .comment       0x00000000       0x31 ..\obj\usbd_cdc_vcp.o
 .comment       0x00000000       0x31 ..\obj\mbrtu.o
 .comment       0x00000000       0x31 ..\obj\list.o
 .comment       0x00000000       0x31 ..\obj\system_stm32f4xx.o
 .comment       0x00000000       0x31 ..\obj\usb_bsp.o