Archive member included because of file (symbol)

C:\Program Files\CooCox\CoIDE\gcc\Sourcery G++ Lite\arm-none-eabi\lib\thumb2\libm.a(lib_a-wf_sqrt.o)
                              ..\obj\ADS1220.o (sqrtf)
C:\Program Files\CooCox\CoIDE\gcc\Sourcery G++ Lite\arm-none-eabi\lib\thumb2\libm.a(lib_a-ef_sqrt.o)
                              C:\Program Files\CooCox\CoIDE\gcc\Sourcery G++ Lite\arm-none-eabi\lib\thumb2\libm.a(lib_a-wf_sqrt.o) (__ieee754_sqrtf)
C:\Program Files\CooCox\CoIDE\gcc\Sourcery G++ Lite\arm-none-eabi\lib\thumb2\libm.a(lib_a-s_lib_ver.o)
                              C:\Program Files\CooCox\CoIDE\gcc\Sourcery G++ Lite\arm-none-eabi\lib\thumb2\libm.a(lib_a-wf_sqrt.o) (__fdlib_version)
C:\Program Files\CooCox\CoIDE\gcc\Sourcery G++ Lite\arm-none-eabi\lib\thumb2\libm.a(lib_a-s_matherr.o)
                              C:\Program Files\CooCox\CoIDE\gcc\Sourcery G++ Lite\arm-none-eabi\lib\thumb2\libm.a(lib_a-wf_sqrt.o) (matherr)
C:\Program Files\CooCox\CoIDE\gcc\Sourcery G++ Lite\arm-none-eabi\lib\thumb2\libm.a(lib_a-sf_fpclassify.o)
                              C:\Program Files\CooCox\CoIDE\gcc\Sourcery G++ Lite\arm-none-eabi\lib\thumb2\libm.a(lib_a-wf_sqrt.o) (__fpclassifyf)
C:\Program Files\CooCox\CoIDE\gcc\Sourcery G++ Lite\arm-none-eabi\lib\thumb2\libc.a(lib_a-errno.o)
                              C:\Program Files\CooCox\CoIDE\gcc\Sourcery G++ Lite\arm-none-eabi\lib\thumb2\libm.a(lib_a-wf_sqrt.o) (__errno)
C:\Program Files\CooCox\CoIDE\gcc\Sourcery G++ Lite\arm-none-eabi\lib\thumb2\libc.a(lib_a-memcmp.o)
                              ..\obj\tasks.o (memcmp)
C:\Program Files\CooCox\CoIDE\gcc\Sourcery G++ Lite\arm-none-eabi\lib\thumb2\libc.a(lib_a-memcpy.o)
                              ..\obj\mbport.o (memcpy)
C:\Program Files\CooCox\CoIDE\gcc\Sourcery G++ Lite\arm-none-eabi\lib\thumb2\libc.a(lib_a-memset.o)
                              ..\obj\tasks.o (memset)
C:\Program Files\CooCox\CoIDE\gcc\Sourcery G++ Lite\arm-none-eabi\lib\thumb2\libc.a(lib_a-strlen.o)
                              ..\obj\wiznet.o (strlen)
c:/stm32/arm_eabi/bin/../lib/gcc/arm-none-eabi/4.7.2/thumb2\libgcc.a(_arm_addsubdf3.o)
                              ..\obj\ADS1220.o (__aeabi_dsub)
c:/stm32/arm_eabi/bin/../lib/gcc/arm-none-eabi/4.7.2/thumb2\libgcc.a(_arm_muldivdf3.o)
                              ..\obj\ADS1220.o (__aeabi_dmul)
c:/stm32/arm_eabi/bin/../lib/gcc/arm-none-eabi/4.7.2/thumb2\libgcc.a(_arm_truncdfsf2.o)
                              ..\obj\ADS1220.o (__aeabi_d2f)
c:/stm32/arm_eabi/bin/../lib/gcc/arm-none-eabi/4.7.2/thumb2\libgcc.a(_arm_addsubsf3.o)
                              ..\obj\ADS1220.o (__aeabi_fsub)
c:/stm32/arm_eabi/bin/../lib/gcc/arm-none-eabi/4.7.2/thumb2\libgcc.a(_arm_muldivsf3.o)
                              ..\obj\ADS1220.o (__aeabi_fmul)
c:/stm32/arm_eabi/bin/../lib/gcc/arm-none-eabi/4.7.2/thumb2\libgcc.a(_arm_cmpsf2.o)
                              ..\obj\controller.o (__aeabi_fcmplt)
c:/stm32/arm_eabi/bin/../lib/gcc/arm-none-eabi/4.7.2/thumb2\libgcc.a(_arm_fixunssfsi.o)
                              ..\obj\mbport.o (__aeabi_f2uiz)

Allocating common symbols
Common symbol       size              file

SDIO_CmdInitStructure
                    0x14              ..\obj\sdio_sd.o
APP_Tx_Buffer       0x80              ..\obj\usbd_cdc_vcp.o
log_buf             0x80              ..\obj\log.o
stContext_RS232     0x174             ..\obj\protocol.o
fs                  0x230             ..\obj\controller.o
stContext_RS485     0x174             ..\obj\protocol.o
br                  0x4               ..\obj\controller.o
stSettings          0x84              ..\obj\controller.o
SDCardInfo          0x58              ..\obj\sdio_sd.o
SDIO_InitStructure  0x18              ..\obj\sdio_sd.o
fsrc                0x224             ..\obj\controller.o
gDATABUF            0x800             ..\obj\wiznet.o
usbd_cdc_OtherCfgDesc
                    0x43              ..\obj\usbd_cdc_core.o
SDIO_DataInitStructure
                    0x18              ..\obj\sdio_sd.o
APP_tx_ptr_tail     0x4               ..\obj\usbd_cdc_vcp.o
USB_Rx_Buffer       0x40              ..\obj\usbd_cdc_core.o
xMeasureDataMutex   0x4               ..\obj\controller.o
temp_char           0x1               ..\obj\portserial.o
stContext_USB_CDC   0x174             ..\obj\protocol.o
CmdBuff             0x8               ..\obj\usbd_cdc_core.o
xI2CBusMutex        0x4               ..\obj\fram_i2c.o
USB_OTG_dev         0x5f0             ..\obj\portserial.o
xFrequencySemaphore
                    0x8               ..\obj\frequency.o
xADC_SPI_Mutex      0x4               ..\obj\ADS1220.o
APP_Rx_Buffer       0x800             ..\obj\usbd_cdc_core.o
res                 0x1               ..\obj\controller.o
NVIC_InitStructure  0x4               ..\obj\low_level_sdio.o
stMeasureData       0x60              ..\obj\controller.o
xSettingsMutex      0x4               ..\obj\controller.o
task_watches        0x50              ..\obj\watchdog.o
[...]
Memory Configuration

Name             Origin             Length             Attributes
rom              0x08000000         0x00100000         xr
ram              0x20000000         0x00020000         xrw
ram1             0x10000000         0x00010000         xrw
*default*        0x00000000         0xffffffff

Linker script and memory map

                0x20020000                _eram = 0x20020000

.text           0x08000000    0x11cc0
 *(.isr_vector)
 .isr_vector    0x08000000      0x188 ..\obj\startup_stm32f4xx.o
                0x08000000                g_pfnVectors
 *(.text*)
 .text.USB_OTG_EnableCommonInt
                0x08000188       0x44 ..\obj\usb_core.o
 .text.USB_OTG_CoreReset
                0x080001cc       0xa4 ..\obj\usb_core.o
 .text.USB_OTG_WritePacket
                0x08000270       0x84 ..\obj\usb_core.o
                0x08000270                USB_OTG_WritePacket
 .text.USB_OTG_ReadPacket
                0x080002f4       0x68 ..\obj\usb_core.o
                0x080002f4                USB_OTG_ReadPacket
 .text.USB_OTG_SelectCore
                0x0800035c      0x1b0 ..\obj\usb_core.o
                0x0800035c                USB_OTG_SelectCore
 .text.USB_OTG_CoreInit
                0x0800050c      0x1f8 ..\obj\usb_core.o
                0x0800050c                USB_OTG_CoreInit
 .text.USB_OTG_EnableGlobalInt
                0x08000704       0x3c ..\obj\usb_core.o
                0x08000704                USB_OTG_EnableGlobalInt
 .text.USB_OTG_DisableGlobalInt
                0x08000740       0x40 ..\obj\usb_core.o
                0x08000740                USB_OTG_DisableGlobalInt
 .text.USB_OTG_FlushTxFifo
                0x08000780       0x80 ..\obj\usb_core.o
                0x08000780                USB_OTG_FlushTxFifo
 .text.USB_OTG_FlushRxFifo
                0x08000800       0x6c ..\obj\usb_core.o
                0x08000800                USB_OTG_FlushRxFifo
 .text.USB_OTG_SetCurrentMode
                0x0800086c       0x64 ..\obj\usb_core.o
                0x0800086c                USB_OTG_SetCurrentMode
 .text.USB_OTG_GetMode
                0x080008d0       0x20 ..\obj\usb_core.o
                0x080008d0                USB_OTG_GetMode
 .text.USB_OTG_IsDeviceMode
                0x080008f0       0x24 ..\obj\usb_core.o
                0x080008f0                USB_OTG_IsDeviceMode
 .text.USB_OTG_ReadCoreItr
                0x08000914       0x30 ..\obj\usb_core.o
                0x08000914                USB_OTG_ReadCoreItr
 .text.USB_OTG_InitDevSpeed
                0x08000944       0x38 ..\obj\usb_core.o
                0x08000944                USB_OTG_InitDevSpeed
 .text.USB_OTG_CoreInitDev
                0x0800097c      0x2d8 ..\obj\usb_core.o
                0x0800097c                USB_OTG_CoreInitDev
 .text.USB_OTG_EnableDevInt
                0x08000c54       0xa4 ..\obj\usb_core.o
                0x08000c54                USB_OTG_EnableDevInt
 .text.USB_OTG_GetDeviceSpeed
                0x08000cf8       0x50 ..\obj\usb_core.o
                0x08000cf8                USB_OTG_GetDeviceSpeed
 .text.USB_OTG_EP0Activate
                0x08000d48       0x80 ..\obj\usb_core.o
                0x08000d48                USB_OTG_EP0Activate
 .text.USB_OTG_EPActivate
                0x08000dc8       0xf8 ..\obj\usb_core.o
                0x08000dc8                USB_OTG_EPActivate
 .text.USB_OTG_EPDeactivate
                0x08000ec0       0xa4 ..\obj\usb_core.o
                0x08000ec0                USB_OTG_EPDeactivate
 .text.USB_OTG_EPStartXfer
                0x08000f64      0x2d0 ..\obj\usb_core.o
                0x08000f64                USB_OTG_EPStartXfer
 .text.USB_OTG_EP0StartXfer
                0x08001234      0x200 ..\obj\usb_core.o
                0x08001234                USB_OTG_EP0StartXfer
 .text.USB_OTG_EPSetStall
                0x08001434       0x94 ..\obj\usb_core.o
                0x08001434                USB_OTG_EPSetStall
 .text.USB_OTG_EPClearStall
                0x080014c8       0x84 ..\obj\usb_core.o
                0x080014c8                USB_OTG_EPClearStall
 .text.USB_OTG_ReadDevAllOutEp_itr
                0x0800154c       0x30 ..\obj\usb_core.o
                0x0800154c                USB_OTG_ReadDevAllOutEp_itr
 .text.USB_OTG_ReadDevOutEP_itr
                0x0800157c       0x3c ..\obj\usb_core.o
                0x0800157c                USB_OTG_ReadDevOutEP_itr
 .text.USB_OTG_ReadDevAllInEPItr
                0x080015b8       0x34 ..\obj\usb_core.o
                0x080015b8                USB_OTG_ReadDevAllInEPItr
 .text.USB_OTG_EP0_OutStart
                0x080015ec       0x78 ..\obj\usb_core.o
                0x080015ec                USB_OTG_EP0_OutStart
 .text.USB_OTG_UngateClock
                0x08001664       0x54 ..\obj\usb_core.o
                0x08001664                USB_OTG_UngateClock
 .text.ENTER_CRITICAL_SECTION
                0x080016b8        0xc ..\obj\mbport.o
                0x080016b8                ENTER_CRITICAL_SECTION
 .text.EXIT_CRITICAL_SECTION
                0x080016c4        0xc ..\obj\mbport.o
                0x080016c4                EXIT_CRITICAL_SECTION
 .text.eMBRegInputCB
                0x080016d0      0x294 ..\obj\mbport.o
                0x080016d0                eMBRegInputCB
 .text.eMBRegHoldingCB
                0x08001964     0x30ec ..\obj\mbport.o
                0x08001964                eMBRegHoldingCB
 .text.eMBRegCoilsCB
                0x08004a50       0x20 ..\obj\mbport.o
                0x08004a50                eMBRegCoilsCB
 .text.eMBRegDiscreteCB
                0x08004a70       0x20 ..\obj\mbport.o
                0x08004a70                eMBRegDiscreteCB
 .text.eMBFileCB
                0x08004a90      0x16c ..\obj\mbport.o
                0x08004a90                eMBFileCB
 .text.SDIO_ITConfig
                0x08004bfc       0x40 ..\obj\stm32f4xx_sdio.o
                0x08004bfc                SDIO_ITConfig
 .text.SDIO_GetITStatus
                0x08004c3c       0x3c ..\obj\stm32f4xx_sdio.o
                0x08004c3c                SDIO_GetITStatus
 .text.SDIO_ClearITPendingBit
                0x08004c78       0x1c ..\obj\stm32f4xx_sdio.o
                0x08004c78                SDIO_ClearITPendingBit
 .text.eMBInit  0x08004c94      0x100 ..\obj\mb.o
                0x08004c94                eMBInit
 .text.eMBEnable
                0x08004d94       0x50 ..\obj\mb.o
                0x08004d94                eMBEnable
 .text.eMBPoll  0x08004de4      0x1ac ..\obj\mb.o
                0x08004de4                eMBPoll
 .text.Protocol_Init
                0x08004f90      0x134 ..\obj\protocol.o
                0x08004f90                Protocol_Init
 .text.Modbus_RS485_Task
                0x080050c4       0x38 ..\obj\protocol.o
 .text.Modbus_RS232_Task
                0x080050fc       0x38 ..\obj\protocol.o
 .text.Modbus_USB_CDC_Task
                0x08005134       0x38 ..\obj\protocol.o
 .text.eMBFuncReadDiscreteInputs
                0x0800516c      0x130 ..\obj\mbfuncdisc.o
                0x0800516c                eMBFuncReadDiscreteInputs
 .text.USBD_USR_Init
                0x0800529c        0xc ..\obj\usbd_usr.o
                0x0800529c                USBD_USR_Init
 .text.USBD_USR_DeviceReset
                0x080052a8       0x14 ..\obj\usbd_usr.o
                0x080052a8                USBD_USR_DeviceReset
 .text.USBD_USR_DeviceConfigured
                0x080052bc        0xc ..\obj\usbd_usr.o
                0x080052bc                USBD_USR_DeviceConfigured
 .text.USBD_USR_DeviceSuspended
                0x080052c8        0xc ..\obj\usbd_usr.o
                0x080052c8                USBD_USR_DeviceSuspended
 .text.USBD_USR_DeviceResumed
                0x080052d4        0xc ..\obj\usbd_usr.o
                0x080052d4                USBD_USR_DeviceResumed
 .text.xMBPortEventInit
                0x080052e0       0x20 ..\obj\portevent.o
                0x080052e0                xMBPortEventInit
 .text.xMBPortEventPost
                0x08005300       0x2c ..\obj\portevent.o
                0x08005300                xMBPortEventPost
 .text.xMBPortEventGet
                0x0800532c       0x60 ..\obj\portevent.o
                0x0800532c                xMBPortEventGet
 .text.eMBFuncReportSlaveID
                0x0800538c       0x44 ..\obj\mbfuncother.o
                0x0800538c                eMBFuncReportSlaveID
 .text.USART_Init
                0x080053d0      0x19c ..\obj\stm32f4xx_usart.o
                0x080053d0                USART_Init
 .text.USART_Cmd
                0x0800556c       0x40 ..\obj\stm32f4xx_usart.o
                0x0800556c                USART_Cmd
 .text.USART_SendData
                0x080055ac       0x28 ..\obj\stm32f4xx_usart.o
                0x080055ac                USART_SendData
 .text.USART_ReceiveData
                0x080055d4       0x24 ..\obj\stm32f4xx_usart.o
                0x080055d4                USART_ReceiveData
 .text.USART_ITConfig
                0x080055f8       0xa4 ..\obj\stm32f4xx_usart.o
                0x080055f8                USART_ITConfig
 .text.USART_GetFlagStatus
                0x0800569c       0x40 ..\obj\stm32f4xx_usart.o
                0x0800569c                USART_GetFlagStatus
 .text.USART_ClearFlag
                0x080056dc       0x24 ..\obj\stm32f4xx_usart.o
                0x080056dc                USART_ClearFlag
 .text.USART_GetITStatus
                0x08005700       0xc4 ..\obj\stm32f4xx_usart.o
                0x08005700                USART_GetITStatus
 .text.PWR_BackupAccessCmd
                0x080057c4       0x20 ..\obj\stm32f4xx_pwr.o
                0x080057c4                PWR_BackupAccessCmd
 .text.SD_ProcessIRQSrc
                0x080057e4       0xe8 ..\obj\sdio_sd.o
                0x080057e4                SD_ProcessIRQSrc
 .text.SD_ProcessDMAIRQ
                0x080058cc       0x30 ..\obj\sdio_sd.o
                0x080058cc                SD_ProcessDMAIRQ
 .text.RTC_Clock_Init
                0x080058fc       0x94 ..\obj\rtc.o
                0x080058fc                RTC_Clock_Init
 .text.prveMBError2Exception
                0x08005990       0x48 ..\obj\mbutils.o
                0x08005990                prveMBError2Exception
 .text.SDIO_IRQHandler
                0x080059d8        0xc ..\obj\diskio.o
                0x080059d8                SDIO_IRQHandler
 .text.DMA2_Stream3_IRQHandler
                0x080059e4        0xc ..\obj\diskio.o
                0x080059e4                DMA2_Stream3_IRQHandler
 .text.Default_Reset_Handler
                0x080059f0       0x64 ..\obj\startup_stm32f4xx.o
                0x080059f0                Default_Reset_Handler
                0x080059f0                Reset_Handler
 .text.Default_Handler
                0x08005a54        0x8 ..\obj\startup_stm32f4xx.o
                0x08005a54                RTC_Alarm_IRQHandler
                0x08005a54                HASH_RNG_IRQHandler
                0x08005a54                EXTI2_IRQHandler
                0x08005a54                TIM8_CC_IRQHandler
                0x08005a54                DebugMon_Handler
                0x08005a54                TIM1_CC_IRQHandler
                0x08005a54                DMA2_Stream5_IRQHandler
                0x08005a54                HardFault_Handler
                0x08005a54                DMA1_Stream5_IRQHandler
                0x08005a54                TAMP_STAMP_IRQHandler
                0x08005a54                NMI_Handler
                0x08005a54                CAN2_RX1_IRQHandler
                0x08005a54                EXTI3_IRQHandler
                0x08005a54                TIM8_TRG_COM_TIM14_IRQHandler
                0x08005a54                TIM8_UP_TIM13_IRQHandler
                0x08005a54                I2C3_ER_IRQHandler
                0x08005a54                EXTI0_IRQHandler
                0x08005a54                I2C2_EV_IRQHandler
                0x08005a54                DMA1_Stream2_IRQHandler
                0x08005a54                CAN1_RX0_IRQHandler
                0x08005a54                FPU_IRQHandler
                0x08005a54                OTG_HS_WKUP_IRQHandler
                0x08005a54                UsageFault_Handler
                0x08005a54                CAN2_SCE_IRQHandler
                0x08005a54                DMA2_Stream2_IRQHandler
                0x08005a54                SPI1_IRQHandler
                0x08005a54                TIM6_DAC_IRQHandler
                0x08005a54                TIM1_BRK_TIM9_IRQHandler
                0x08005a54                DCMI_IRQHandler
                0x08005a54                CAN2_RX0_IRQHandler
                0x08005a54                CRYP_IRQHandler
                0x08005a54                CAN1_RX1_IRQHandler
                0x08005a54                UART5_IRQHandler
                0x08005a54                DMA2_Stream0_IRQHandler
                0x08005a54                I2C1_EV_IRQHandler
                0x08005a54                DMA1_Stream6_IRQHandler
                0x08005a54                DMA1_Stream1_IRQHandler
                0x08005a54                UART4_IRQHandler
                0x08005a54                TIM3_IRQHandler
                0x08005a54                RCC_IRQHandler
                0x08005a54                TIM8_BRK_TIM12_IRQHandler
                0x08005a54                EXTI15_10_IRQHandler
                0x08005a54                ADC_IRQHandler
                0x08005a54                DMA1_Stream7_IRQHandler
                0x08005a54                TIM7_IRQHandler
                0x08005a54                CAN2_TX_IRQHandler
                0x08005a54                DMA2_Stream7_IRQHandler
                0x08005a54                I2C3_EV_IRQHandler
                0x08005a54                EXTI9_5_IRQHandler
                0x08005a54                RTC_WKUP_IRQHandler
                0x08005a54                ETH_WKUP_IRQHandler
                0x08005a54                SPI2_IRQHandler
                0x08005a54                OTG_HS_EP1_IN_IRQHandler
                0x08005a54                MemManage_Handler
                0x08005a54                DMA1_Stream0_IRQHandler
                0x08005a54                CAN1_TX_IRQHandler
                0x08005a54                EXTI4_IRQHandler
                0x08005a54                FSMC_IRQHandler
                0x08005a54                ETH_IRQHandler
                0x08005a54                OTG_HS_EP1_OUT_IRQHandler
                0x08005a54                WWDG_IRQHandler
                0x08005a54                TIM1_TRG_COM_TIM11_IRQHandler
                0x08005a54                OTG_HS_IRQHandler
                0x08005a54                EXTI1_IRQHandler
                0x08005a54                USART2_IRQHandler
                0x08005a54                I2C2_ER_IRQHandler
                0x08005a54                DMA2_Stream1_IRQHandler
                0x08005a54                CAN1_SCE_IRQHandler
                0x08005a54                FLASH_IRQHandler
                0x08005a54                DMA2_Stream4_IRQHandler
                0x08005a54                BusFault_Handler
                0x08005a54                USART1_IRQHandler
                0x08005a54                SPI3_IRQHandler
                0x08005a54                DMA1_Stream4_IRQHandler
                0x08005a54                I2C1_ER_IRQHandler
                0x08005a54                DMA2_Stream6_IRQHandler
                0x08005a54                DMA1_Stream3_IRQHandler
 .text.eMBFuncWriteHoldingRegister
                0x08005a5c       0x80 ..\obj\mbfuncholding.o
                0x08005a5c                eMBFuncWriteHoldingRegister
 .text.eMBFuncWriteMultipleHoldingRegister
                0x08005adc       0xd4 ..\obj\mbfuncholding.o
                0x08005adc                eMBFuncWriteMultipleHoldingRegister
 .text.eMBFuncReadHoldingRegister
                0x08005bb0      0x10c ..\obj\mbfuncholding.o
                0x08005bb0                eMBFuncReadHoldingRegister
 .text.eMBFuncReadWriteMultipleHoldingRegister
                0x08005cbc      0x194 ..\obj\mbfuncholding.o
                0x08005cbc                eMBFuncReadWriteMultipleHoldingRegister
 .text.USBD_Init
                0x08005e50       0x58 ..\obj\usbd_core.o
                0x08005e50                USBD_Init
 .text.USBD_DeInit
                0x08005ea8       0x18 ..\obj\usbd_core.o
                0x08005ea8                USBD_DeInit
 .text.USBD_SetupStage
                0x08005ec0       0x70 ..\obj\usbd_core.o
 .text.USBD_DataOutStage
                0x08005f30       0xd4 ..\obj\usbd_core.o
 .text.USBD_DataInStage
                0x08006004      0x114 ..\obj\usbd_core.o
 .text.USBD_Reset
                0x08006118       0x54 ..\obj\usbd_core.o
 .text.USBD_Resume
                0x0800616c       0x2c ..\obj\usbd_core.o
 .text.USBD_Suspend
                0x08006198       0x2c ..\obj\usbd_core.o
 .text.USBD_SOF
                0x080061c4       0x30 ..\obj\usbd_core.o
 .text.USBD_SetCfg
                0x080061f4       0x34 ..\obj\usbd_core.o
                0x080061f4                USBD_SetCfg
 .text.USBD_ClrCfg
                0x08006228       0x2c ..\obj\usbd_core.o
                0x08006228                USBD_ClrCfg
 .text.USBD_IsoINIncomplete
                0x08006254       0x24 ..\obj\usbd_core.o
 .text.USBD_IsoOUTIncomplete
                0x08006278       0x24 ..\obj\usbd_core.o
 .text.main     0x0800629c       0x14 ..\obj\main.o
                0x0800629c                main
 .text.vApplicationMallocFailedHook
                0x080062b0        0x8 ..\obj\main.o
                0x080062b0                vApplicationMallocFailedHook
 .text.vApplicationStackOverflowHook
                0x080062b8        0xc ..\obj\main.o
                0x080062b8                vApplicationStackOverflowHook
 .text.vApplicationIdleHook
                0x080062c4       0x18 ..\obj\main.o
                0x080062c4                vApplicationIdleHook
 .text.usMBCRC16
                0x080062dc       0x84 ..\obj\mbcrc.o
                0x080062dc                usMBCRC16
 .text.spiW5500_init
                0x08006360      0x160 ..\obj\wiznet.o
                0x08006360                spiW5500_init
 .text.W5500_task
                0x080064c0       0x14 ..\obj\wiznet.o
 .text.RCC_LSEConfig
                0x080064d4       0x4c ..\obj\stm32f4xx_rcc.o
                0x080064d4                RCC_LSEConfig
 .text.RCC_GetClocksFreq
                0x08006520      0x178 ..\obj\stm32f4xx_rcc.o
                0x08006520                RCC_GetClocksFreq
 .text.RCC_RTCCLKConfig
                0x08006698       0x60 ..\obj\stm32f4xx_rcc.o
                0x08006698                RCC_RTCCLKConfig
 .text.RCC_RTCCLKCmd
                0x080066f8       0x20 ..\obj\stm32f4xx_rcc.o
                0x080066f8                RCC_RTCCLKCmd
 .text.RCC_AHB1PeriphClockCmd
                0x08006718       0x40 ..\obj\stm32f4xx_rcc.o
                0x08006718                RCC_AHB1PeriphClockCmd
 .text.RCC_AHB2PeriphClockCmd
                0x08006758       0x40 ..\obj\stm32f4xx_rcc.o
                0x08006758                RCC_AHB2PeriphClockCmd
 .text.RCC_APB1PeriphClockCmd
                0x08006798       0x40 ..\obj\stm32f4xx_rcc.o
                0x08006798                RCC_APB1PeriphClockCmd
 .text.RCC_APB2PeriphClockCmd
                0x080067d8       0x40 ..\obj\stm32f4xx_rcc.o
                0x080067d8                RCC_APB2PeriphClockCmd
 .text.RCC_APB1PeriphResetCmd
                0x08006818       0x40 ..\obj\stm32f4xx_rcc.o
                0x08006818                RCC_APB1PeriphResetCmd
 .text.RCC_GetFlagStatus
                0x08006858       0x80 ..\obj\stm32f4xx_rcc.o
                0x08006858                RCC_GetFlagStatus
 .text.eMBFuncReadFile
                0x080068d8      0x260 ..\obj\mbfuncfile.o
                0x080068d8                eMBFuncReadFile
 .text.Log_Read_LogEntry
                0x08006b38       0x58 ..\obj\log.o
                0x08006b38                Log_Read_LogEntry
 .text.eMBFuncReadInputRegister
                0x08006b90      0x110 ..\obj\mbfuncinput.o
                0x08006b90                eMBFuncReadInputRegister
 .text.Watchdog_SetTaskStatus
                0x08006ca0       0x30 ..\obj\watchdog.o
                0x08006ca0                Watchdog_SetTaskStatus
 .text.Watchdog_IncrementCouter
                0x08006cd0       0x30 ..\obj\watchdog.o
                0x08006cd0                Watchdog_IncrementCouter
 .text.xTaskGenericCreate
                0x08006d00      0x170 ..\obj\tasks.o
                0x08006d00                xTaskGenericCreate
 .text.vTaskDelay
                0x08006e70       0x90 ..\obj\tasks.o
                0x08006e70                vTaskDelay
 .text.vTaskStartScheduler
                0x08006f00       0x74 ..\obj\tasks.o
                0x08006f00                vTaskStartScheduler
 .text.vTaskSuspendAll
                0x08006f74       0x1c ..\obj\tasks.o
                0x08006f74                vTaskSuspendAll
 .text.xTaskResumeAll
                0x08006f90      0x124 ..\obj\tasks.o
                0x08006f90                xTaskResumeAll
 .text.xTaskIncrementTick
                0x080070b4      0x198 ..\obj\tasks.o
                0x080070b4                xTaskIncrementTick
 .text.vTaskSwitchContext
                0x0800724c      0x104 ..\obj\tasks.o
                0x0800724c                vTaskSwitchContext
 .text.vTaskPlaceOnEventList
                0x08007350       0x98 ..\obj\tasks.o
                0x08007350                vTaskPlaceOnEventList
 .text.xTaskRemoveFromEventList
                0x080073e8       0xcc ..\obj\tasks.o
                0x080073e8                xTaskRemoveFromEventList
 .text.vTaskSetTimeOutState
                0x080074b4       0x34 ..\obj\tasks.o
                0x080074b4                vTaskSetTimeOutState
 .text.xTaskCheckForTimeOut
                0x080074e8       0xac ..\obj\tasks.o
                0x080074e8                xTaskCheckForTimeOut
 .text.vTaskMissedYield
                0x08007594       0x18 ..\obj\tasks.o
                0x08007594                vTaskMissedYield
 .text.prvIdleTask
                0x080075ac       0x24 ..\obj\tasks.o
 .text.prvInitialiseTCBVariables
                0x080075d0       0xbc ..\obj\tasks.o
 .text.prvInitialiseTaskLists
                0x0800768c       0x88 ..\obj\tasks.o
 .text.prvCheckTasksWaitingTermination
                0x08007714       0x7c ..\obj\tasks.o
 .text.prvAddCurrentTaskToDelayedList
                0x08007790       0x70 ..\obj\tasks.o
 .text.prvAllocateTCBAndStack
                0x08007800       0x7c ..\obj\tasks.o
 .text.prvDeleteTCB
                0x0800787c       0x20 ..\obj\tasks.o
 .text.prvResetNextTaskUnblockTime
                0x0800789c       0x4c ..\obj\tasks.o
 .text.vTaskPriorityInherit
                0x080078e8      0x108 ..\obj\tasks.o
                0x080078e8                vTaskPriorityInherit
 .text.xTaskPriorityDisinherit
                0x080079f0       0xf4 ..\obj\tasks.o
                0x080079f0                xTaskPriorityDisinherit
 .text.pvTaskIncrementMutexHeldCount
                0x08007ae4       0x28 ..\obj\tasks.o
                0x08007ae4                pvTaskIncrementMutexHeldCount
 .text.USBD_USR_DeviceDescriptor
                0x08007b0c       0x28 ..\obj\usbd_desc.o
                0x08007b0c                USBD_USR_DeviceDescriptor
 .text.USBD_USR_LangIDStrDescriptor
                0x08007b34       0x28 ..\obj\usbd_desc.o
                0x08007b34                USBD_USR_LangIDStrDescriptor
 .text.USBD_USR_ProductStrDescriptor
                0x08007b5c       0x40 ..\obj\usbd_desc.o
                0x08007b5c                USBD_USR_ProductStrDescriptor
 .text.USBD_USR_ManufacturerStrDescriptor
                0x08007b9c       0x2c ..\obj\usbd_desc.o
                0x08007b9c                USBD_USR_ManufacturerStrDescriptor
 .text.USBD_USR_SerialStrDescriptor
                0x08007bc8       0x40 ..\obj\usbd_desc.o
                0x08007bc8                USBD_USR_SerialStrDescriptor
 .text.USBD_USR_ConfigStrDescriptor
                0x08007c08       0x3c ..\obj\usbd_desc.o
                0x08007c08                USBD_USR_ConfigStrDescriptor
 .text.USBD_USR_InterfaceStrDescriptor
                0x08007c44       0x3c ..\obj\usbd_desc.o
                0x08007c44                USBD_USR_InterfaceStrDescriptor
 .text.FRAM_I2C_Init
                0x08007c80       0xc8 ..\obj\fram_i2c.o
                0x08007c80                FRAM_I2C_Init
 .text.FRAM_I2C_Reset
                0x08007d48      0x198 ..\obj\fram_i2c.o
                0x08007d48                FRAM_I2C_Reset
 .text.FRAM_I2C_Read_Buffer
                0x08007ee0      0x6bc ..\obj\fram_i2c.o
                0x08007ee0                FRAM_I2C_Read_Buffer
 .text.FRAM_I2C_Write_Buffer
                0x0800859c      0x28c ..\obj\fram_i2c.o
                0x0800859c                FRAM_I2C_Write_Buffer
 .text.FRAM_Read_Settings
                0x08008828       0xa8 ..\obj\fram_i2c.o
                0x08008828                FRAM_Read_Settings
 .text.FRAM_Write_Settings
                0x080088d0       0x74 ..\obj\fram_i2c.o
                0x080088d0                FRAM_Write_Settings
 .text.GPIO_Init
                0x08008944      0x144 ..\obj\stm32f4xx_gpio.o
                0x08008944                GPIO_Init
 .text.GPIO_ReadInputDataBit
                0x08008a88       0x3c ..\obj\stm32f4xx_gpio.o
                0x08008a88                GPIO_ReadInputDataBit
 .text.GPIO_WriteBit
                0x08008ac4       0x30 ..\obj\stm32f4xx_gpio.o
                0x08008ac4                GPIO_WriteBit
 .text.GPIO_PinAFConfig
                0x08008af4       0xa8 ..\obj\stm32f4xx_gpio.o
                0x08008af4                GPIO_PinAFConfig
 .text.RS485TimersInit
                0x08008b9c       0xc4 ..\obj\porttimer.o
                0x08008b9c                RS485TimersInit
 .text.RS485TimersEnable
                0x08008c60       0x38 ..\obj\porttimer.o
                0x08008c60                RS485TimersEnable
 .text.RS485TimersDisable
                0x08008c98       0x38 ..\obj\porttimer.o
                0x08008c98                RS485TimersDisable
 .text.TIM4_IRQHandler
                0x08008cd0       0x38 ..\obj\porttimer.o
                0x08008cd0                TIM4_IRQHandler
 .text.RS485TimerContextInit
                0x08008d08       0x54 ..\obj\porttimer.o
                0x08008d08                RS485TimerContextInit
 .text.RS232TimersInit
                0x08008d5c       0xc4 ..\obj\porttimer.o
                0x08008d5c                RS232TimersInit
 .text.RS232TimersEnable
                0x08008e20       0x38 ..\obj\porttimer.o
                0x08008e20                RS232TimersEnable
 .text.RS232TimersDisable
                0x08008e58       0x38 ..\obj\porttimer.o
                0x08008e58                RS232TimersDisable
 .text.TIM5_IRQHandler
                0x08008e90       0x38 ..\obj\porttimer.o
                0x08008e90                TIM5_IRQHandler
 .text.RS232TimerContextInit
                0x08008ec8       0x54 ..\obj\porttimer.o
                0x08008ec8                RS232TimerContextInit
 .text.USB_CDC_TimersInit
                0x08008f1c       0xc4 ..\obj\porttimer.o
                0x08008f1c                USB_CDC_TimersInit
 .text.USB_CDC_TimersEnable
                0x08008fe0       0x38 ..\obj\porttimer.o
                0x08008fe0                USB_CDC_TimersEnable
 .text.USB_CDC_TimersDisable
                0x08009018       0x38 ..\obj\porttimer.o
                0x08009018                USB_CDC_TimersDisable
 .text.TIM1_UP_TIM10_IRQHandler
                0x08009050       0x38 ..\obj\porttimer.o
                0x08009050                TIM1_UP_TIM10_IRQHandler
 .text.USB_CDC_TimerContextInit
                0x08009088       0x54 ..\obj\porttimer.o
                0x08009088                USB_CDC_TimerContextInit
 .text.VCP_Init
                0x080090dc       0x10 ..\obj\usbd_cdc_vcp.o
 .text.VCP_DeInit
                0x080090ec       0x10 ..\obj\usbd_cdc_vcp.o
 .text.VCP_Ctrl
                0x080090fc       0xbc ..\obj\usbd_cdc_vcp.o
 .text.VCP_DataTx
                0x080091b8       0x68 ..\obj\usbd_cdc_vcp.o
                0x080091b8                VCP_DataTx
 .text.VCP_DataRx
                0x08009220       0x7c ..\obj\usbd_cdc_vcp.o
                0x08009220                VCP_DataRx
 .text.VCP_get_char
                0x0800929c       0x60 ..\obj\usbd_cdc_vcp.o
                0x0800929c                VCP_get_char
 .text.eMBRTUInit
                0x080092fc       0x84 ..\obj\mbrtu.o
                0x080092fc                eMBRTUInit
 .text.eMBRTUStart
                0x08009380       0x38 ..\obj\mbrtu.o
                0x08009380                eMBRTUStart
 .text.eMBRTUStop
                0x080093b8       0x30 ..\obj\mbrtu.o
                0x080093b8                eMBRTUStop
 .text.eMBRTUReceive
                0x080093e8       0x8c ..\obj\mbrtu.o
                0x080093e8                eMBRTUReceive
 .text.eMBRTUSend
                0x08009474       0xe8 ..\obj\mbrtu.o
                0x08009474                eMBRTUSend
 .text.xMBRTUReceiveFSM
                0x0800955c       0xd0 ..\obj\mbrtu.o
                0x0800955c                xMBRTUReceiveFSM
 .text.xMBRTUTransmitFSM
                0x0800962c       0xb0 ..\obj\mbrtu.o
                0x0800962c                xMBRTUTransmitFSM
 .text.xMBRTUTimerT35Expired
                0x080096dc       0x60 ..\obj\mbrtu.o
                0x080096dc                xMBRTUTimerT35Expired
 .text.vListInitialise
                0x0800973c       0x40 ..\obj\list.o
                0x0800973c                vListInitialise
 .text.vListInitialiseItem
                0x0800977c       0x1c ..\obj\list.o
                0x0800977c                vListInitialiseItem
 .text.vListInsertEnd
                0x08009798       0x48 ..\obj\list.o
                0x08009798                vListInsertEnd
 .text.vListInsert
                0x080097e0       0x74 ..\obj\list.o
                0x080097e0                vListInsert
 .text.uxListRemove
                0x08009854       0x58 ..\obj\list.o
                0x08009854                uxListRemove
 .text.SystemInit
                0x080098ac       0x5c ..\obj\system_stm32f4xx.o
                0x080098ac                SystemInit
 .text.SetSysClock
                0x08009908      0x100 ..\obj\system_stm32f4xx.o
 .text.DMA_ClearFlag
                0x08009a08       0x5c ..\obj\stm32f4xx_dma.o
                0x08009a08                DMA_ClearFlag
 .text.USB_OTG_BSP_Init
                0x08009a64       0xcc ..\obj\usb_bsp.o
                0x08009a64                USB_OTG_BSP_Init
 .text.USB_OTG_BSP_EnableInterrupt
                0x08009b30       0x3c ..\obj\usb_bsp.o
                0x08009b30                USB_OTG_BSP_EnableInterrupt
 .text.USB_OTG_BSP_uDelay
                0x08009b6c       0x58 ..\obj\usb_bsp.o
                0x08009b6c                USB_OTG_BSP_uDelay
 .text.USB_OTG_BSP_mDelay
                0x08009bc4       0x20 ..\obj\usb_bsp.o
                0x08009bc4                USB_OTG_BSP_mDelay
 .text.OTG_FS_WKUP_IRQHandler
                0x08009be4       0x34 ..\obj\usb_bsp.o
                0x08009be4                OTG_FS_WKUP_IRQHandler
 .text.OTG_FS_IRQHandler
                0x08009c18       0x10 ..\obj\usb_bsp.o
                0x08009c18                OTG_FS_IRQHandler
 .text.USBD_StdDevReq
                0x08009c28       0xa4 ..\obj\usbd_req.o
                0x08009c28                USBD_StdDevReq
 .text.USBD_StdItfReq
                0x08009ccc       0x6c ..\obj\usbd_req.o
                0x08009ccc                USBD_StdItfReq
 .text.USBD_StdEPReq
                0x08009d38      0x1c8 ..\obj\usbd_req.o
                0x08009d38                USBD_StdEPReq
 .text.USBD_GetDescriptor
                0x08009f00      0x1c8 ..\obj\usbd_req.o
 .text.USBD_SetAddress
                0x0800a0c8       0x80 ..\obj\usbd_req.o
 .text.USBD_SetConfig
                0x0800a148       0xf8 ..\obj\usbd_req.o
 .text.USBD_GetConfig
                0x0800a240       0x64 ..\obj\usbd_req.o
 .text.USBD_GetStatus
                0x0800a2a4       0x58 ..\obj\usbd_req.o
 .text.USBD_SetFeature
                0x0800a2fc       0xe0 ..\obj\usbd_req.o
 .text.USBD_ClrFeature
                0x0800a3dc       0x58 ..\obj\usbd_req.o
 .text.USBD_ParseSetupRequest
                0x0800a434       0x94 ..\obj\usbd_req.o
                0x0800a434                USBD_ParseSetupRequest
 .text.USBD_CtlError
                0x0800a4c8       0x50 ..\obj\usbd_req.o
                0x0800a4c8                USBD_CtlError
 .text.USBD_GetString
                0x0800a518       0x9c ..\obj\usbd_req.o
                0x0800a518                USBD_GetString
 .text.USBD_GetLen
                0x0800a5b4       0x38 ..\obj\usbd_req.o
 .text.pxPortInitialiseStack
                0x0800a5ec       0x60 ..\obj\port.o
                0x0800a5ec                pxPortInitialiseStack
 .text.prvTaskExitError
                0x0800a64c       0x20 ..\obj\port.o
 .text.SVC_Handler
                0x0800a66c       0x24 ..\obj\port.o
                0x0800a66c                SVC_Handler
 .text.prvPortStartFirstTask
                0x0800a690       0x20 ..\obj\port.o
 .text.xPortStartScheduler
                0x0800a6b0       0xcc ..\obj\port.o
                0x0800a6b0                xPortStartScheduler
 .text.vPortYield
                0x0800a77c       0x20 ..\obj\port.o
                0x0800a77c                vPortYield
 .text.vPortEnterCritical
                0x0800a79c       0x40 ..\obj\port.o
                0x0800a79c                vPortEnterCritical
 .text.vPortExitCritical
                0x0800a7dc       0x34 ..\obj\port.o
                0x0800a7dc                vPortExitCritical
 .text.ulPortSetInterruptMask
                0x0800a810       0x14 ..\obj\port.o
                0x0800a810                ulPortSetInterruptMask
 .text.vPortClearInterruptMask
                0x0800a824        0x8 ..\obj\port.o
                0x0800a824                vPortClearInterruptMask
 .text.PendSV_Handler
                0x0800a82c       0x44 ..\obj\port.o
                0x0800a82c                PendSV_Handler
 .text.SysTick_Handler
                0x0800a870       0x28 ..\obj\port.o
                0x0800a870                SysTick_Handler
 .text.vPortSetupTimerInterrupt
                0x0800a898       0x24 ..\obj\port.o
                0x0800a898                vPortSetupTimerInterrupt
 .text.vPortValidateInterruptPriority
                0x0800a8bc       0x5c ..\obj\port.o
                0x0800a8bc                vPortValidateInterruptPriority
 .text.xQueueGenericReset
                0x0800a918       0xc0 ..\obj\queue.o
                0x0800a918                xQueueGenericReset
 .text.xQueueGenericCreate
                0x0800a9d8       0xa0 ..\obj\queue.o
                0x0800a9d8                xQueueGenericCreate
 .text.xQueueCreateMutex
                0x0800aa78       0xa4 ..\obj\queue.o
                0x0800aa78                xQueueCreateMutex
 .text.xQueueGenericSend
                0x0800ab1c      0x188 ..\obj\queue.o
                0x0800ab1c                xQueueGenericSend
 .text.xQueueGiveFromISR
                0x0800aca4       0xac ..\obj\queue.o
                0x0800aca4                xQueueGiveFromISR
 .text.xQueueGenericReceive
                0x0800ad50      0x1b8 ..\obj\queue.o
                0x0800ad50                xQueueGenericReceive
 .text.prvCopyDataToQueue
                0x0800af08       0xe8 ..\obj\queue.o
 .text.prvCopyDataFromQueue
                0x0800aff0       0x50 ..\obj\queue.o
 .text.prvUnlockQueue
                0x0800b040       0xa0 ..\obj\queue.o
 .text.prvIsQueueEmpty
                0x0800b0e0       0x34 ..\obj\queue.o
 .text.prvIsQueueFull
                0x0800b114       0x38 ..\obj\queue.o
 .text.USBD_OTG_ISR_Handler
                0x0800b14c      0x164 ..\obj\usb_dcd_int.o
                0x0800b14c                USBD_OTG_ISR_Handler
 .text.DCD_HandleResume_ISR
                0x0800b2b0       0x88 ..\obj\usb_dcd_int.o
 .text.DCD_HandleUSBSuspend_ISR
                0x0800b338       0xa4 ..\obj\usb_dcd_int.o
 .text.DCD_HandleInEP_ISR
                0x0800b3dc      0x22c ..\obj\usb_dcd_int.o
 .text.DCD_HandleOutEP_ISR
                0x0800b608      0x1a8 ..\obj\usb_dcd_int.o
 .text.DCD_HandleSof_ISR
                0x0800b7b0       0x3c ..\obj\usb_dcd_int.o
 .text.DCD_HandleRxStatusQueueLevel_ISR
                0x0800b7ec      0x114 ..\obj\usb_dcd_int.o
 .text.DCD_WriteEmptyTxFifo
                0x0800b900      0x130 ..\obj\usb_dcd_int.o
 .text.DCD_HandleUsbReset_ISR
                0x0800ba30      0x16c ..\obj\usb_dcd_int.o
 .text.DCD_HandleEnumDone_ISR
                0x0800bb9c       0x88 ..\obj\usb_dcd_int.o
 .text.DCD_IsoINIncomplete_ISR
                0x0800bc24       0x3c ..\obj\usb_dcd_int.o
 .text.DCD_IsoOUTIncomplete_ISR
                0x0800bc60       0x3c ..\obj\usb_dcd_int.o
 .text.DCD_ReadDevInEP
                0x0800bc9c       0x58 ..\obj\usb_dcd_int.o
 .text.NVIC_EnableIRQ
                0x0800bcf4       0x34 ..\obj\portserial.o
 .text.RS485SerialEnable
                0x0800bd28      0x10c ..\obj\portserial.o
                0x0800bd28                RS485SerialEnable
 .text.RS485SerialInit
                0x0800be34      0x150 ..\obj\portserial.o
                0x0800be34                RS485SerialInit
 .text.RS485SerialPutByte
                0x0800bf84       0x3c ..\obj\portserial.o
                0x0800bf84                RS485SerialPutByte
 .text.RS485SerialGetByte
                0x0800bfc0       0x34 ..\obj\portserial.o
                0x0800bfc0                RS485SerialGetByte
 .text.USART3_IRQHandler
                0x0800bff4       0x90 ..\obj\portserial.o
                0x0800bff4                USART3_IRQHandler
 .text.RS485SerialContextInit
                0x0800c084       0x60 ..\obj\portserial.o
                0x0800c084                RS485SerialContextInit
 .text.RS232SerialEnable
                0x0800c0e4       0x88 ..\obj\portserial.o
                0x0800c0e4                RS232SerialEnable
 .text.RS232SerialInit
                0x0800c16c      0x11c ..\obj\portserial.o
                0x0800c16c                RS232SerialInit
 .text.RS232SerialPutByte
                0x0800c288       0x3c ..\obj\portserial.o
                0x0800c288                RS232SerialPutByte
 .text.RS232SerialGetByte
                0x0800c2c4       0x34 ..\obj\portserial.o
                0x0800c2c4                RS232SerialGetByte
 .text.USART6_IRQHandler
                0x0800c2f8       0x90 ..\obj\portserial.o
                0x0800c2f8                USART6_IRQHandler
 .text.RS232SerialContextInit
                0x0800c388       0x60 ..\obj\portserial.o
                0x0800c388                RS232SerialContextInit
 .text.USB_CDC_SerialPutByte
                0x0800c3e8       0x3c ..\obj\portserial.o
                0x0800c3e8                USB_CDC_SerialPutByte
 .text.USB_CDC_SerialGetByte
                0x0800c424       0x28 ..\obj\portserial.o
                0x0800c424                USB_CDC_SerialGetByte
 .text.USB_CDC_SerialInit
                0x0800c44c       0x80 ..\obj\portserial.o
                0x0800c44c                USB_CDC_SerialInit
 .text.USB_CDC_SerialEnable
                0x0800c4cc       0x44 ..\obj\portserial.o
                0x0800c4cc                USB_CDC_SerialEnable
 .text.USB_CDC_SerialContextInit
                0x0800c510       0x60 ..\obj\portserial.o
                0x0800c510                USB_CDC_SerialContextInit
 .text.USB_CDC_Task
                0x0800c570       0x44 ..\obj\portserial.o
 .text.usbd_cdc_Init
                0x0800c5b4       0xc0 ..\obj\usbd_cdc_core.o
 .text.usbd_cdc_DeInit
                0x0800c674       0x44 ..\obj\usbd_cdc_core.o
 .text.usbd_cdc_Setup
                0x0800c6b8      0x138 ..\obj\usbd_cdc_core.o
 .text.usbd_cdc_EP0_RxReady
                0x0800c7f0       0x48 ..\obj\usbd_cdc_core.o
 .text.usbd_cdc_DataIn
                0x0800c838       0xd4 ..\obj\usbd_cdc_core.o
 .text.usbd_cdc_DataOut
                0x0800c90c       0x60 ..\obj\usbd_cdc_core.o
 .text.usbd_cdc_SOF
                0x0800c96c       0x44 ..\obj\usbd_cdc_core.o
 .text.Handle_USBAsynchXfer
                0x0800c9b0      0x114 ..\obj\usbd_cdc_core.o
 .text.USBD_cdc_GetCfgDesc
                0x0800cac4       0x28 ..\obj\usbd_cdc_core.o
 .text.SPI_Init
                0x0800caec       0x88 ..\obj\stm32f4xx_spi.o
                0x0800caec                SPI_Init
 .text.SPI_Cmd  0x0800cb74       0x40 ..\obj\stm32f4xx_spi.o
                0x0800cb74                SPI_Cmd
 .text.SPI_CalculateCRC
                0x0800cbb4       0x40 ..\obj\stm32f4xx_spi.o
                0x0800cbb4                SPI_CalculateCRC
 .text.eMBFuncReadCoils
                0x0800cbf4      0x134 ..\obj\mbfunccoils.o
                0x0800cbf4                eMBFuncReadCoils
 .text.eMBFuncWriteCoil
                0x0800cd28       0xcc ..\obj\mbfunccoils.o
                0x0800cd28                eMBFuncWriteCoil
 .text.eMBFuncWriteMultipleCoils
                0x0800cdf4       0xf4 ..\obj\mbfunccoils.o
                0x0800cdf4                eMBFuncWriteMultipleCoils
 .text.ADS1220_init
                0x0800cee8       0xe8 ..\obj\ADS1220.o
                0x0800cee8                ADS1220_init
 .text.ADC_SPI_config
                0x0800cfd0      0x13c ..\obj\ADS1220.o
 .text.ADC_SPI_send
                0x0800d10c       0x4c ..\obj\ADS1220.o
                0x0800d10c                ADC_SPI_send
 .text.ADC_SPI_read
                0x0800d158       0x14 ..\obj\ADS1220.o
                0x0800d158                ADC_SPI_read
 .text.ADC_RTD1_Task
                0x0800d16c      0x308 ..\obj\ADS1220.o
 .text.ADC_RTD2_Task
                0x0800d474      0x308 ..\obj\ADS1220.o
 .text.ADC_Current1_Task
                0x0800d77c      0x3c4 ..\obj\ADS1220.o
 .text.ADC_Current2_Task
                0x0800db40      0x3d4 ..\obj\ADS1220.o
 *fill*         0x0800df14        0x4 
 .text.PT100_Code_To_Temperature
                0x0800df18      0x140 ..\obj\ADS1220.o
                0x0800df18                PT100_Code_To_Temperature
 .text.Code_To_Current
                0x0800e058       0xdc ..\obj\ADS1220.o
                0x0800e058                Code_To_Current
 .text.I2C_DeInit
                0x0800e134       0x80 ..\obj\stm32f4xx_i2c.o
                0x0800e134                I2C_DeInit
 .text.I2C_Init
                0x0800e1b4      0x1a4 ..\obj\stm32f4xx_i2c.o
                0x0800e1b4                I2C_Init
 .text.I2C_Cmd  0x0800e358       0x40 ..\obj\stm32f4xx_i2c.o
                0x0800e358                I2C_Cmd
 .text.I2C_GenerateSTART
                0x0800e398       0x40 ..\obj\stm32f4xx_i2c.o
                0x0800e398                I2C_GenerateSTART
 .text.I2C_GenerateSTOP
                0x0800e3d8       0x40 ..\obj\stm32f4xx_i2c.o
                0x0800e3d8                I2C_GenerateSTOP
 .text.I2C_Send7bitAddress
                0x0800e418       0x3c ..\obj\stm32f4xx_i2c.o
                0x0800e418                I2C_Send7bitAddress
 .text.I2C_AcknowledgeConfig
                0x0800e454       0x40 ..\obj\stm32f4xx_i2c.o
                0x0800e454                I2C_AcknowledgeConfig
 .text.I2C_NACKPositionConfig
                0x0800e494       0x40 ..\obj\stm32f4xx_i2c.o
                0x0800e494                I2C_NACKPositionConfig
 .text.I2C_SendData
                0x0800e4d4       0x20 ..\obj\stm32f4xx_i2c.o
                0x0800e4d4                I2C_SendData
 .text.I2C_ReceiveData
                0x0800e4f4       0x1c ..\obj\stm32f4xx_i2c.o
                0x0800e4f4                I2C_ReceiveData
 .text.I2C_CheckEvent
                0x0800e510       0x70 ..\obj\stm32f4xx_i2c.o
                0x0800e510                I2C_CheckEvent
 .text.I2C_GetFlagStatus
                0x0800e580       0x78 ..\obj\stm32f4xx_i2c.o
                0x0800e580                I2C_GetFlagStatus
 .text.NVIC_EnableIRQ
                0x0800e5f8       0x34 ..\obj\frequency.o
 .text.FrequencyMeasureInit
                0x0800e62c      0x340 ..\obj\frequency.o
                0x0800e62c                FrequencyMeasureInit
 .text.TIM2_IRQHandler
                0x0800e96c      0x13c ..\obj\frequency.o
                0x0800e96c                TIM2_IRQHandler
 .text.FrequencyCH1Measure_Task
                0x0800eaa8      0x1c0 ..\obj\frequency.o
 .text.FrequencyCH2Measure_Task
                0x0800ec68      0x1c0 ..\obj\frequency.o
 .text.EXTI_GetITStatus
                0x0800ee28       0x50 ..\obj\stm32f4xx_exti.o
                0x0800ee28                EXTI_GetITStatus
 .text.EXTI_ClearITPendingBit
                0x0800ee78       0x1c ..\obj\stm32f4xx_exti.o
                0x0800ee78                EXTI_ClearITPendingBit
 .text.NVIC_PriorityGroupConfig
                0x0800ee94       0x24 ..\obj\misc.o
                0x0800ee94                NVIC_PriorityGroupConfig
 .text.NVIC_Init
                0x0800eeb8       0xd4 ..\obj\misc.o
                0x0800eeb8                NVIC_Init
 .text.DCD_Init
                0x0800ef8c      0x12c ..\obj\usb_dcd.o
                0x0800ef8c                DCD_Init
 .text.DCD_EP_Open
                0x0800f0b8       0xac ..\obj\usb_dcd.o
                0x0800f0b8                DCD_EP_Open
 .text.DCD_EP_Close
                0x0800f164       0x80 ..\obj\usb_dcd.o
                0x0800f164                DCD_EP_Close
 .text.DCD_EP_PrepareRx
                0x0800f1e4       0x8c ..\obj\usb_dcd.o
                0x0800f1e4                DCD_EP_PrepareRx
 .text.DCD_EP_Tx
                0x0800f270       0x84 ..\obj\usb_dcd.o
                0x0800f270                DCD_EP_Tx
 .text.DCD_EP_Stall
                0x0800f2f4       0x84 ..\obj\usb_dcd.o
                0x0800f2f4                DCD_EP_Stall
 .text.DCD_EP_ClrStall
                0x0800f378       0x84 ..\obj\usb_dcd.o
                0x0800f378                DCD_EP_ClrStall
 .text.DCD_EP_SetAddress
                0x0800f3fc       0x3c ..\obj\usb_dcd.o
                0x0800f3fc                DCD_EP_SetAddress
 .text.RTC_Init
                0x0800f438       0x88 ..\obj\stm32f4xx_rtc.o
                0x0800f438                RTC_Init
 .text.RTC_StructInit
                0x0800f4c0       0x2c ..\obj\stm32f4xx_rtc.o
                0x0800f4c0                RTC_StructInit
 .text.RTC_EnterInitMode
                0x0800f4ec       0x80 ..\obj\stm32f4xx_rtc.o
                0x0800f4ec                RTC_EnterInitMode
 .text.RTC_ExitInitMode
                0x0800f56c       0x1c ..\obj\stm32f4xx_rtc.o
                0x0800f56c                RTC_ExitInitMode
 .text.RTC_WaitForSynchro
                0x0800f588       0x88 ..\obj\stm32f4xx_rtc.o
                0x0800f588                RTC_WaitForSynchro
 .text.RTC_SetTime
                0x0800f610      0x124 ..\obj\stm32f4xx_rtc.o
                0x0800f610                RTC_SetTime
 .text.RTC_GetTime
                0x0800f734       0xa4 ..\obj\stm32f4xx_rtc.o
                0x0800f734                RTC_GetTime
 .text.RTC_SetDate
                0x0800f7d8      0x12c ..\obj\stm32f4xx_rtc.o
                0x0800f7d8                RTC_SetDate
 .text.RTC_GetDate
                0x0800f904       0xa4 ..\obj\stm32f4xx_rtc.o
                0x0800f904                RTC_GetDate
 .text.RTC_WriteBackupRegister
                0x0800f9a8       0x34 ..\obj\stm32f4xx_rtc.o
                0x0800f9a8                RTC_WriteBackupRegister
 .text.RTC_ByteToBcd2
                0x0800f9dc       0x44 ..\obj\stm32f4xx_rtc.o
 .text.RTC_Bcd2ToByte
                0x0800fa20       0x40 ..\obj\stm32f4xx_rtc.o
 .text.USBD_CtlSendData
                0x0800fa60       0x48 ..\obj\usbd_ioreq.o
                0x0800fa60                USBD_CtlSendData
 .text.USBD_CtlContinueSendData
                0x0800faa8       0x30 ..\obj\usbd_ioreq.o
                0x0800faa8                USBD_CtlContinueSendData
 .text.USBD_CtlPrepareRx
                0x0800fad8       0x48 ..\obj\usbd_ioreq.o
                0x0800fad8                USBD_CtlPrepareRx
 .text.USBD_CtlContinueRx
                0x0800fb20       0x30 ..\obj\usbd_ioreq.o
                0x0800fb20                USBD_CtlContinueRx
 .text.USBD_CtlSendStatus
                0x0800fb50       0x3c ..\obj\usbd_ioreq.o
                0x0800fb50                USBD_CtlSendStatus
 .text.USBD_CtlReceiveStatus
                0x0800fb8c       0x3c ..\obj\usbd_ioreq.o
                0x0800fb8c                USBD_CtlReceiveStatus
 .text.pvPortMalloc
                0x0800fbc8      0x138 ..\obj\heap_2.o
                0x0800fbc8                pvPortMalloc
 .text.vPortFree
                0x0800fd00       0x7c ..\obj\heap_2.o
                0x0800fd00                vPortFree
 .text.xPortGetFreeHeapSize
                0x0800fd7c       0x14 ..\obj\heap_2.o
                0x0800fd7c                xPortGetFreeHeapSize
 .text.prvHeapInit
                0x0800fd90       0x54 ..\obj\heap_2.o
 .text.ControllerInit
                0x0800fde4       0x48 ..\obj\controller.o
                0x0800fde4                ControllerInit
 .text.Controller_RestoreSettings
                0x0800fe2c      0x15c ..\obj\controller.o
                0x0800fe2c                Controller_RestoreSettings
 .text.TIM_TimeBaseInit
                0x0800ff88       0xd8 ..\obj\stm32f4xx_tim.o
                0x0800ff88                TIM_TimeBaseInit
 .text.TIM_TimeBaseStructInit
                0x08010060       0x3c ..\obj\stm32f4xx_tim.o
                0x08010060                TIM_TimeBaseStructInit
 .text.TIM_SetCounter
                0x0801009c       0x1c ..\obj\stm32f4xx_tim.o
                0x0801009c                TIM_SetCounter
 .text.TIM_ARRPreloadConfig
                0x080100b8       0x40 ..\obj\stm32f4xx_tim.o
                0x080100b8                TIM_ARRPreloadConfig
 .text.TIM_Cmd  0x080100f8       0x40 ..\obj\stm32f4xx_tim.o
                0x080100f8                TIM_Cmd
 .text.TIM_ICInit
                0x08010138       0xa8 ..\obj\stm32f4xx_tim.o
                0x08010138                TIM_ICInit
 .text.TIM_SetIC1Prescaler
                0x080101e0       0x38 ..\obj\stm32f4xx_tim.o
                0x080101e0                TIM_SetIC1Prescaler
 .text.TIM_SetIC2Prescaler
                0x08010218       0x3c ..\obj\stm32f4xx_tim.o
                0x08010218                TIM_SetIC2Prescaler
 .text.TIM_SetIC3Prescaler
                0x08010254       0x38 ..\obj\stm32f4xx_tim.o
                0x08010254                TIM_SetIC3Prescaler
 .text.TIM_SetIC4Prescaler
                0x0801028c       0x3c ..\obj\stm32f4xx_tim.o
                0x0801028c                TIM_SetIC4Prescaler
 .text.TIM_ITConfig
                0x080102c8       0x48 ..\obj\stm32f4xx_tim.o
                0x080102c8                TIM_ITConfig
 .text.TIM_ClearFlag
                0x08010310       0x24 ..\obj\stm32f4xx_tim.o
                0x08010310                TIM_ClearFlag
 .text.TIM_ClearITPendingBit
                0x08010334       0x24 ..\obj\stm32f4xx_tim.o
                0x08010334                TIM_ClearITPendingBit
 .text.TIM_ETRClockMode2Config
                0x08010358       0x34 ..\obj\stm32f4xx_tim.o
                0x08010358                TIM_ETRClockMode2Config
 .text.TIM_ETRConfig
                0x0801038c       0x4c ..\obj\stm32f4xx_tim.o
                0x0801038c                TIM_ETRConfig
 .text.TI1_Config
                0x080103d8       0x80 ..\obj\stm32f4xx_tim.o
 .text.TI2_Config
                0x08010458       0x9c ..\obj\stm32f4xx_tim.o
 .text.TI3_Config
                0x080104f4       0x8c ..\obj\stm32f4xx_tim.o
 .text.TI4_Config
                0x08010580       0xa4 ..\obj\stm32f4xx_tim.o
 .text.NVIC_SystemReset
                0x08010624       0x28 ..\obj\power_detector.o
 .text.PVD_IRQHandler
                0x0801064c       0x20 ..\obj\power_detector.o
                0x0801064c                PVD_IRQHandler
 .text          0x0801066c       0xa4 C:\Program Files\CooCox\CoIDE\gcc\Sourcery G++ Lite\arm-none-eabi\lib\thumb2\libm.a(lib_a-wf_sqrt.o)
                0x0801066c                sqrtf
 .text          0x08010710       0xb0 C:\Program Files\CooCox\CoIDE\gcc\Sourcery G++ Lite\arm-none-eabi\lib\thumb2\libm.a(lib_a-ef_sqrt.o)
                0x08010710                __ieee754_sqrtf
 .text          0x080107c0        0x4 C:\Program Files\CooCox\CoIDE\gcc\Sourcery G++ Lite\arm-none-eabi\lib\thumb2\libm.a(lib_a-s_matherr.o)
                0x080107c0                matherr
 .text          0x080107c4       0x7c C:\Program Files\CooCox\CoIDE\gcc\Sourcery G++ Lite\arm-none-eabi\lib\thumb2\libm.a(lib_a-sf_fpclassify.o)
                0x080107c4                __fpclassifyf
 .text          0x08010840        0xc C:\Program Files\CooCox\CoIDE\gcc\Sourcery G++ Lite\arm-none-eabi\lib\thumb2\libc.a(lib_a-errno.o)
                0x08010840                __errno
 .text          0x0801084c       0x58 C:\Program Files\CooCox\CoIDE\gcc\Sourcery G++ Lite\arm-none-eabi\lib\thumb2\libc.a(lib_a-memcmp.o)
                0x0801084c                memcmp
 .text          0x080108a4      0x150 C:\Program Files\CooCox\CoIDE\gcc\Sourcery G++ Lite\arm-none-eabi\lib\thumb2\libc.a(lib_a-memcpy.o)
                0x080108a4                memcpy
 .text          0x080109f4       0xb4 C:\Program Files\CooCox\CoIDE\gcc\Sourcery G++ Lite\arm-none-eabi\lib\thumb2\libc.a(lib_a-memset.o)
                0x080109f4                memset
 .text          0x08010aa8      0x370 c:/stm32/arm_eabi/bin/../lib/gcc/arm-none-eabi/4.7.2/thumb2\libgcc.a(_arm_addsubdf3.o)
                0x08010aa8                __aeabi_drsub
                0x08010ab0                __aeabi_dsub
                0x08010ab0                __subdf3
                0x08010ab4                __aeabi_dadd
                0x08010ab4                __adddf3
                0x08010d2c                __floatunsidf
                0x08010d2c                __aeabi_ui2d
                0x08010d4c                __floatsidf
                0x08010d4c                __aeabi_i2d
                0x08010d70                __aeabi_f2d
                0x08010d70                __extendsfdf2
                0x08010dac                __floatundidf
                0x08010dac                __aeabi_ul2d
                0x08010dbc                __floatdidf
                0x08010dbc                __aeabi_l2d
 .text          0x08010e18      0x424 c:/stm32/arm_eabi/bin/../lib/gcc/arm-none-eabi/4.7.2/thumb2\libgcc.a(_arm_muldivdf3.o)
                0x08010e18                __aeabi_dmul
                0x08010e18                __muldf3
                0x0801106c                __divdf3
                0x0801106c                __aeabi_ddiv
 .text          0x0801123c       0xa0 c:/stm32/arm_eabi/bin/../lib/gcc/arm-none-eabi/4.7.2/thumb2\libgcc.a(_arm_truncdfsf2.o)
                0x0801123c                __truncdfsf2
                0x0801123c                __aeabi_d2f
 .text          0x080112dc      0x21c c:/stm32/arm_eabi/bin/../lib/gcc/arm-none-eabi/4.7.2/thumb2\libgcc.a(_arm_addsubsf3.o)
                0x080112dc                __aeabi_frsub
                0x080112e4                __subsf3
                0x080112e4                __aeabi_fsub
                0x080112e8                __aeabi_fadd
                0x080112e8                __addsf3
                0x08011448                __aeabi_ui2f
                0x08011448                __floatunsisf
                0x08011450                __aeabi_i2f
                0x08011450                __floatsisf
                0x0801146c                __aeabi_ul2f
                0x0801146c                __floatundisf
                0x0801147c                __aeabi_l2f
                0x0801147c                __floatdisf
 .text          0x080114f8      0x2a0 c:/stm32/arm_eabi/bin/../lib/gcc/arm-none-eabi/4.7.2/thumb2\libgcc.a(_arm_muldivsf3.o)
                0x080114f8                __mulsf3
                0x080114f8                __aeabi_fmul
                0x08011660                __aeabi_fdiv
                0x08011660                __divsf3
 .text          0x08011798       0xec c:/stm32/arm_eabi/bin/../lib/gcc/arm-none-eabi/4.7.2/thumb2\libgcc.a(_arm_cmpsf2.o)
                0x08011798                __gesf2
                0x08011798                __gtsf2
                0x080117a0                __lesf2
                0x080117a0                __ltsf2
                0x080117a8                __nesf2
                0x080117a8                __eqsf2
                0x080117a8                __cmpsf2
                0x08011808                __aeabi_cfrcmple
                0x08011810                __aeabi_cfcmpeq
                0x08011810                __aeabi_cfcmple
                0x08011820                __aeabi_fcmpeq
                0x08011834                __aeabi_fcmplt
                0x08011848                __aeabi_fcmple
                0x0801185c                __aeabi_fcmpge
                0x08011870                __aeabi_fcmpgt
 .text          0x08011884       0x40 c:/stm32/arm_eabi/bin/../lib/gcc/arm-none-eabi/4.7.2/thumb2\libgcc.a(_arm_fixunssfsi.o)
                0x08011884                __fixunssfsi
                0x08011884                __aeabi_f2uiz
 *(.init)
 *(.fini)
 *crtbegin.o(.ctors)
 *crtbegin?.o(.ctors)
 *(EXCLUDE_FILE(*crtend.o *crtend?.o) .ctors)
 *(SORT(.ctors.*))
 *(.ctors)
 *crtbegin.o(.dtors)
 *crtbegin?.o(.dtors)
 *(EXCLUDE_FILE(*crtend.o *crtend?.o) .dtors)
 *(SORT(.dtors.*))
 *(.dtors)
 *(.rodata*)
 .rodata        0x080118c4       0x2c ..\obj\protocol.o
 .rodata        0x080118f0      0x200 ..\obj\mbcrc.o
 .rodata        0x08011af0        0xc ..\obj\wiznet.o
 .rodata        0x08011afc       0x1c ..\obj\tasks.o
 .rodata        0x08011b18       0x98 ..\obj\usbd_desc.o
 .rodata        0x08011bb0        0x4 ..\obj\port.o
 .rodata        0x08011bb4        0xc ..\obj\portserial.o
 .rodata        0x08011bc0       0x58 ..\obj\ADS1220.o
 .rodata        0x08011c18       0x18 ..\obj\frequency.o
 .rodata        0x08011c30        0x2 ..\obj\heap_2.o
 *fill*         0x08011c32        0x2 
 .rodata        0x08011c34       0x84 ..\obj\controller.o
                0x08011c34                stSettingsDefault
 .rodata.str1.4
                0x08011cb8        0x8 C:\Program Files\CooCox\CoIDE\gcc\Sourcery G++ Lite\arm-none-eabi\lib\thumb2\libm.a(lib_a-wf_sqrt.o)
 *(.eh_fram e*)

.glue_7         0x08011cc0        0x0
 .glue_7        0x00000000        0x0 linker stubs

.glue_7t        0x08011cc0        0x0
 .glue_7t       0x00000000        0x0 linker stubs

.vfp11_veneer   0x08011cc0        0x0
 .vfp11_veneer  0x00000000        0x0 linker stubs

.v4_bx          0x08011cc0        0x0
 .v4_bx         0x00000000        0x0 linker stubs

.iplt           0x08011cc0        0x0
 .iplt          0x00000000        0x0 ..\obj\socket.o

.rel.dyn        0x08011cc0        0x0
 .rel.iplt      0x00000000        0x0 ..\obj\socket.o

.ARM.extab
 *(.ARM.extab* .gnu.linkonce.armextab.*)
                0x08011cc0                __exidx_start = .

.ARM.exidx
 *(.ARM.exidx* .gnu.linkonce.armexidx.*)
                0x08011cc0                __exidx_end = .
                0x08011cc0                __etext = .
                0x08011cc0                _sidata = __etext

.data           0x20000000      0x2cc load address 0x08011cc0
                0x20000000                __data_start__ = .
                0x20000000                _sdata = __data_start__
 *(vtable)
 *(.data*)
 .data          0x20000000        0x6 ..\obj\mbport.o
                0x20000000                REG_INPUT_START
                0x20000001                REG_HOLDING_START
                0x20000002                REG_INPUT_NREGS
                0x20000003                REG_HOLDING_NREGS
                0x20000004                usRegInputStart
                0x20000005                usRegHoldingStart
 *fill*         0x20000006        0x2 
 .data          0x20000008       0x88 ..\obj\mb.o
 .data          0x20000090       0x1c ..\obj\usbd_usr.o
                0x20000090                USR_cb
 .data          0x200000ac       0x30 ..\obj\usbd_core.o
                0x200000ac                USBD_DCD_INT_cb
                0x200000d8                USBD_DCD_INT_fops
 .data          0x200000dc       0x10 ..\obj\stm32f4xx_rcc.o
 .data          0x200000ec       0xf4 ..\obj\printf.o
                0x200000ec                r
                0x200001dc                _impure_ptr
 .data          0x200001e0        0x4 ..\obj\tasks.o
 .data          0x200001e4       0x40 ..\obj\usbd_desc.o
                0x200001e4                USR_desc
                0x20000200                USBD_DeviceDesc
                0x20000214                USBD_DeviceQualifierDesc
                0x20000220                USBD_LangIDDesc
 .data          0x20000224       0x14 ..\obj\usbd_cdc_vcp.o
                0x20000224                VCP_fops
 .data          0x20000238       0x14 ..\obj\system_stm32f4xx.o
                0x20000238                SystemCoreClock
                0x2000023c                AHBPrescTable
 .data          0x2000024c        0x4 ..\obj\port.o
 .data          0x20000250       0x74 ..\obj\usbd_cdc_core.o
                0x20000250                usbd_cdc_CfgDesc
                0x20000298                USBD_CDC_cb
 .data          0x200002c4        0x4 ..\obj\heap_2.o
 .data          0x200002c8        0x1 C:\Program Files\CooCox\CoIDE\gcc\Sourcery G++ Lite\arm-none-eabi\lib\thumb2\libm.a(lib_a-s_lib_ver.o)
                0x200002c8                __fdlib_version
                0x200002cc                . = ALIGN (0x4)
 *fill*         0x200002c9        0x3 
                0x200002cc                PROVIDE (__preinit_array_start, .)
 *(.preinit_array)
                0x200002cc                PROVIDE (__preinit_array_end, .)
                0x200002cc                . = ALIGN (0x4)
                0x200002cc                PROVIDE (__init_array_start, .)
 *(SORT(.init_array.*))
 *(.init_array)
                0x200002cc                PROVIDE (__init_array_end, .)
                0x200002cc                . = ALIGN (0x4)
                0x200002cc                PROVIDE (__fini_array_start, .)
 *(SORT(.fini_array.*))
 *(.fini_array)
                0x200002cc                PROVIDE (__fini_array_end, .)
 *(.jcr*)
                0x200002cc                . = ALIGN (0x4)
                0x200002cc                __data_end__ = .
                0x200002cc                _edata = __data_end__

.igot.plt       0x200002cc        0x0 load address 0x08011f8c
 .igot.plt      0x00000000        0x0 ..\obj\socket.o

.bss            0x200002d0     0x5b34 load address 0x08011f90
                0x200002d0                . = ALIGN (0x4)
                0x200002d0                __bss_start__ = .
                0x200002d0                _sbss = __bss_start__
 *(.bss*)
 .bss           0x200002d0       0x24 ..\obj\mbfuncother.o
 .bss           0x200002f4       0x48 ..\obj\sdio_sd.o
                0x2000032c                StopCondition
                0x20000330                TransferError
                0x20000334                TransferEnd
                0x20000338                DMAEndOfTransfer
 .bss           0x2000033c       0xfc ..\obj\tasks.o
                0x2000033c                pxCurrentTCB
 .bss           0x20000438        0xc ..\obj\porttimer.o
 .bss           0x20000444       0x10 ..\obj\usbd_req.o
                0x20000444                USBD_ep_status
                0x20000448                USBD_default_cfg
                0x2000044c                USBD_cfg_status
 .bss           0x20000454        0x8 ..\obj\port.o
 .bss           0x2000045c       0x14 ..\obj\portserial.o
 .bss           0x20000470       0x20 ..\obj\usbd_cdc_core.o
                0x20000474                APP_Rx_ptr_in
                0x20000478                APP_Rx_ptr_out
                0x2000047c                APP_Rx_length
                0x20000480                USB_Tx_State
 .bss           0x20000490       0x1c ..\obj\frequency.o
                0x200004a8                xHigherPriorityTaskWoken
 .bss           0x200004ac     0x4014 ..\obj\heap_2.o
 *(COMMON)
 COMMON         0x200044c0      0x45c ..\obj\protocol.o
                0x200044c0                stContext_RS232
                0x20004634                stContext_RS485
                0x200047a8                stContext_USB_CDC
 COMMON         0x2000491c       0x50 ..\obj\watchdog.o
                0x2000491c                task_watches
 COMMON         0x2000496c        0x4 ..\obj\fram_i2c.o
                0x2000496c                xI2CBusMutex
 COMMON         0x20004970       0x88 ..\obj\usbd_cdc_vcp.o
                0x20004970                APP_Tx_Buffer
                0x200049f0                APP_tx_ptr_tail
                0x200049f4                APP_tx_ptr_head
 COMMON         0x200049f8       0x32 ..\obj\usbd_req.o
                0x200049f8                USBD_StrDesc
 *fill*         0x20004a2a        0x2 
 COMMON         0x20004a2c      0x5f4 ..\obj\portserial.o
                0x20004a2c                temp_char
                0x20004a30                USB_OTG_dev
 COMMON         0x20005020      0x88c ..\obj\usbd_cdc_core.o
                0x20005020                usbd_cdc_OtherCfgDesc
                0x20005064                USB_Rx_Buffer
                0x200050a4                CmdBuff
                0x200050ac                APP_Rx_Buffer
 COMMON         0x200058ac        0x4 ..\obj\ADS1220.o
                0x200058ac                xADC_SPI_Mutex
 COMMON         0x200058b0        0x8 ..\obj\frequency.o
                0x200058b0                xFrequencySemaphore
 COMMON         0x200058b8      0x54c ..\obj\controller.o
                0x200058b8                fs
                0x20005ae8                br
                0x20005aec                stSettings
                0x20005b70                fsrc
                0x20005d94                xMeasureDataMutex
                0x20005d98                res
                0x20005da0                stMeasureData
                0x20005e00                xSettingsMutex
                0x20005e04                . = ALIGN (0x4)
                0x20005e04                __bss_end__ = .
                0x20005e04                _ebss = __bss_end__

.heap           0x20005e04        0x0
                0x20005e04                __end__ = .
                0x20005e04                _end = __end__
                0x20005e04                end = __end__
 *(.heap*)
                0x20005e04                __HeapLimit = .

.co_stack       0x20005e04      0x804 load address 0x08017ac4
                0x20005e08                . = ALIGN (0x8)
 *fill*         0x20005e04        0x4 
 *(.co_stack .co_stack.*)
 .co_stack      0x20005e08      0x800 ..\obj\startup_stm32f4xx.o
                0x20005e08                pulStack
                0x20020000                __StackTop = (ORIGIN (ram) + 0x20000)
                0x2001f7fc                __StackLimit = (__StackTop - SIZEOF (.co_stack))
                0x20020000                PROVIDE (__stack, __StackTop)
                0x00000001                ASSERT ((__StackLimit >= __HeapLimit), region ram  overflowed with stack)
LOAD C:\Program Files\CooCox\CoIDE\gcc\Sourcery G++ Lite\arm-none-eabi\lib\thumb2\libc.a
LOAD ..\obj\socket.o
LOAD ..\obj\stm32f4xx_syscfg.o
LOAD ..\obj\usb_core.o
LOAD ..\obj\low_level_sdio.o
LOAD ..\obj\mbport.o
LOAD ..\obj\stm32f4xx_sdio.o
LOAD ..\obj\mb.o
LOAD ..\obj\protocol.o
LOAD ..\obj\mbfuncdisc.o
LOAD ..\obj\usbd_usr.o
LOAD ..\obj\portevent.o
LOAD ..\obj\mbfuncother.o
LOAD ..\obj\stm32f4xx_usart.o
LOAD ..\obj\stm32f4xx_pwr.o
LOAD ..\obj\sdio_sd.o
LOAD ..\obj\rtc.o
LOAD ..\obj\mbutils.o
LOAD ..\obj\diskio.o
LOAD ..\obj\startup_stm32f4xx.o
LOAD ..\obj\stm32f4xx_iwdg.o
LOAD ..\obj\mbfuncholding.o
LOAD ..\obj\usbd_core.o
LOAD ..\obj\main.o
LOAD ..\obj\mbcrc.o
LOAD ..\obj\wiznet.o
LOAD ..\obj\stm32f4xx_rcc.o
LOAD ..\obj\mbfuncfile.o
LOAD ..\obj\timers.o
LOAD ..\obj\log.o
LOAD ..\obj\wizchip_conf.o
LOAD ..\obj\mbfuncinput.o
LOAD ..\obj\printf.o
LOAD ..\obj\w5500.o
LOAD ..\obj\watchdog.o
LOAD ..\obj\mbfuncdiag.o
LOAD ..\obj\tasks.o
LOAD ..\obj\usbd_desc.o
LOAD ..\obj\fram_i2c.o
LOAD ..\obj\stm32f4xx_gpio.o
LOAD ..\obj\porttimer.o
LOAD ..\obj\usbd_cdc_vcp.o
LOAD ..\obj\mbrtu.o
LOAD ..\obj\list.o
LOAD ..\obj\system_stm32f4xx.o
LOAD ..\obj\syscalls.o
LOAD ..\obj\stm32f4xx_dma.o
LOAD ..\obj\usb_bsp.o
LOAD ..\obj\usbd_req.o
LOAD ..\obj\port.o
LOAD ..\obj\queue.o
LOAD ..\obj\usb_dcd_int.o
LOAD ..\obj\portserial.o
LOAD ..\obj\usbd_cdc_core.o
LOAD ..\obj\ff.o
LOAD ..\obj\croutine.o
LOAD ..\obj\stm32f4xx_spi.o
LOAD ..\obj\mbfunccoils.o
LOAD ..\obj\event_groups.o
LOAD ..\obj\ADS1220.o
LOAD ..\obj\stm32f4xx_i2c.o
LOAD ..\obj\frequency.o
LOAD ..\obj\stm32f4xx_exti.o
LOAD ..\obj\misc.o
LOAD ..\obj\usb_dcd.o
LOAD ..\obj\stm32f4xx_rtc.o
LOAD ..\obj\usbd_ioreq.o
LOAD ..\obj\mbascii.o
LOAD ..\obj\heap_2.o
LOAD ..\obj\controller.o
LOAD ..\obj\stm32f4xx_tim.o
LOAD ..\obj\power_detector.o
LOAD C:\Program Files\CooCox\CoIDE\gcc\Sourcery G++ Lite\arm-none-eabi\lib\thumb2\libm.a
LOAD C:\Program Files\CooCox\CoIDE\gcc\Sourcery G++ Lite\arm-none-eabi\lib\thumb2\libc.a
START GROUP
LOAD c:/stm32/arm_eabi/bin/../lib/gcc/arm-none-eabi/4.7.2/thumb2\libgcc.a
LOAD C:\Program Files\CooCox\CoIDE\gcc\Sourcery G++ Lite\arm-none-eabi\lib\thumb2\libc.a
END GROUP
OUTPUT(IMS_CONTROLLER.elf elf32-littlearm)

.debug_info     0x00000000    0x23bf7
 .debug_info    0x00000000     0x2819 ..\obj\usb_core.o
 .debug_info    0x00002819      0xe68 ..\obj\mbport.o
 .debug_info    0x00003681      0x8bb ..\obj\stm32f4xx_sdio.o
 .debug_info    0x00003f3c      0x9a0 ..\obj\mb.o
 .debug_info    0x000048dc      0x869 ..\obj\protocol.o
 .debug_info    0x00005145      0x1f3 ..\obj\mbfuncdisc.o
 .debug_info    0x00005338      0x1c3 ..\obj\usbd_usr.o
 .debug_info    0x000054fb      0x7cd ..\obj\portevent.o
 .debug_info    0x00005cc8      0x257 ..\obj\mbfuncother.o
 .debug_info    0x00005f1f      0xa65 ..\obj\stm32f4xx_usart.o
 .debug_info    0x00006984      0x543 ..\obj\stm32f4xx_pwr.o
 .debug_info    0x00006ec7     0x1432 ..\obj\sdio_sd.o
 .debug_info    0x000082f9      0x165 ..\obj\rtc.o
 .debug_info    0x0000845e      0x2cd ..\obj\mbutils.o
 .debug_info    0x0000872b      0x9d3 ..\obj\diskio.o
 .debug_info    0x000090fe      0x103 ..\obj\startup_stm32f4xx.o
 .debug_info    0x00009201      0x38b ..\obj\mbfuncholding.o
 .debug_info    0x0000958c      0xff1 ..\obj\usbd_core.o
 .debug_info    0x0000a57d      0x186 ..\obj\main.o
 .debug_info    0x0000a703      0x146 ..\obj\mbcrc.o
 .debug_info    0x0000a849      0x7e3 ..\obj\wiznet.o
 .debug_info    0x0000b02c      0xd49 ..\obj\stm32f4xx_rcc.o
 .debug_info    0x0000bd75      0x257 ..\obj\mbfuncfile.o
 .debug_info    0x0000bfcc      0x437 ..\obj\log.o
 .debug_info    0x0000c403      0x1e5 ..\obj\mbfuncinput.o
 .debug_info    0x0000c5e8      0xed1 ..\obj\printf.o
 .debug_info    0x0000d4b9      0x1f9 ..\obj\watchdog.o
 .debug_info    0x0000d6b2     0x12cc ..\obj\tasks.o
 .debug_info    0x0000e97e      0x380 ..\obj\usbd_desc.o
 .debug_info    0x0000ecfe      0x758 ..\obj\fram_i2c.o
 .debug_info    0x0000f456      0x640 ..\obj\stm32f4xx_gpio.o
 .debug_info    0x0000fa96      0xed3 ..\obj\porttimer.o
 .debug_info    0x00010969      0x37e ..\obj\usbd_cdc_vcp.o
 .debug_info    0x00010ce7      0x7fe ..\obj\mbrtu.o
 .debug_info    0x000114e5      0x2c1 ..\obj\list.o
 .debug_info    0x000117a6      0x5f5 ..\obj\system_stm32f4xx.o
 .debug_info    0x00011d9b      0x7af ..\obj\stm32f4xx_dma.o
 .debug_info    0x0001254a     0x112e ..\obj\usb_bsp.o
 .debug_info    0x00013678     0x10fb ..\obj\usbd_req.o
 .debug_info    0x00014773      0x346 ..\obj\port.o
 .debug_info    0x00014ab9      0xa05 ..\obj\queue.o
 .debug_info    0x000154be     0x2020 ..\obj\usb_dcd_int.o
 .debug_info    0x000174de     0x1e0c ..\obj\portserial.o
 .debug_info    0x000192ea     0x1083 ..\obj\usbd_cdc_core.o
 .debug_info    0x0001a36d      0xbde ..\obj\stm32f4xx_spi.o
 .debug_info    0x0001af4b      0x31a ..\obj\mbfunccoils.o
 .debug_info    0x0001b265      0x8ad ..\obj\ADS1220.o
 .debug_info    0x0001bb12      0xbab ..\obj\stm32f4xx_i2c.o
 .debug_info    0x0001c6bd      0xd08 ..\obj\frequency.o
 .debug_info    0x0001d3c5      0x373 ..\obj\stm32f4xx_exti.o
 .debug_info    0x0001d738      0x592 ..\obj\misc.o
 .debug_info    0x0001dcca     0x118a ..\obj\usb_dcd.o
 .debug_info    0x0001ee54     0x1255 ..\obj\stm32f4xx_rtc.o
 .debug_info    0x000200a9      0xde4 ..\obj\usbd_ioreq.o
 .debug_info    0x00020e8d      0x2ef ..\obj\heap_2.o
 .debug_info    0x0002117c      0x5aa ..\obj\controller.o
 .debug_info    0x00021726     0x1e7d ..\obj\stm32f4xx_tim.o
 .debug_info    0x000235a3      0x654 ..\obj\power_detector.o

.debug_abbrev   0x00000000     0x565e
 .debug_abbrev  0x00000000      0x2bc ..\obj\usb_core.o
 .debug_abbrev  0x000002bc      0x1be ..\obj\mbport.o
 .debug_abbrev  0x0000047a      0x179 ..\obj\stm32f4xx_sdio.o
 .debug_abbrev  0x000005f3      0x19f ..\obj\mb.o
 .debug_abbrev  0x00000792      0x145 ..\obj\protocol.o
 .debug_abbrev  0x000008d7       0xa8 ..\obj\mbfuncdisc.o
 .debug_abbrev  0x0000097f       0xdf ..\obj\usbd_usr.o
 .debug_abbrev  0x00000a5e      0x142 ..\obj\portevent.o
 .debug_abbrev  0x00000ba0       0xc1 ..\obj\mbfuncother.o
 .debug_abbrev  0x00000c61      0x157 ..\obj\stm32f4xx_usart.o
 .debug_abbrev  0x00000db8      0x181 ..\obj\stm32f4xx_pwr.o
 .debug_abbrev  0x00000f39      0x1eb ..\obj\sdio_sd.o
 .debug_abbrev  0x00001124       0xc9 ..\obj\rtc.o
 .debug_abbrev  0x000011ed       0xd8 ..\obj\mbutils.o
 .debug_abbrev  0x000012c5      0x1b6 ..\obj\diskio.o
 .debug_abbrev  0x0000147b       0xb2 ..\obj\startup_stm32f4xx.o
 .debug_abbrev  0x0000152d       0xa8 ..\obj\mbfuncholding.o
 .debug_abbrev  0x000015d5      0x1f2 ..\obj\usbd_core.o
 .debug_abbrev  0x000017c7       0xe3 ..\obj\main.o
 .debug_abbrev  0x000018aa       0x93 ..\obj\mbcrc.o
 .debug_abbrev  0x0000193d      0x226 ..\obj\wiznet.o
 .debug_abbrev  0x00001b63      0x1e5 ..\obj\stm32f4xx_rcc.o
 .debug_abbrev  0x00001d48       0xe5 ..\obj\mbfuncfile.o
 .debug_abbrev  0x00001e2d      0x167 ..\obj\log.o
 .debug_abbrev  0x00001f94       0xa8 ..\obj\mbfuncinput.o
 .debug_abbrev  0x0000203c      0x23b ..\obj\printf.o
 .debug_abbrev  0x00002277      0x12f ..\obj\watchdog.o
 .debug_abbrev  0x000023a6      0x253 ..\obj\tasks.o
 .debug_abbrev  0x000025f9      0x12e ..\obj\usbd_desc.o
 .debug_abbrev  0x00002727      0x1ed ..\obj\fram_i2c.o
 .debug_abbrev  0x00002914      0x1a5 ..\obj\stm32f4xx_gpio.o
 .debug_abbrev  0x00002ab9      0x1c2 ..\obj\porttimer.o
 .debug_abbrev  0x00002c7b      0x166 ..\obj\usbd_cdc_vcp.o
 .debug_abbrev  0x00002de1      0x189 ..\obj\mbrtu.o
 .debug_abbrev  0x00002f6a       0xbe ..\obj\list.o
 .debug_abbrev  0x00003028      0x138 ..\obj\system_stm32f4xx.o
 .debug_abbrev  0x00003160      0x157 ..\obj\stm32f4xx_dma.o
 .debug_abbrev  0x000032b7      0x1fe ..\obj\usb_bsp.o
 .debug_abbrev  0x000034b5      0x268 ..\obj\usbd_req.o
 .debug_abbrev  0x0000371d      0x1bc ..\obj\port.o
 .debug_abbrev  0x000038d9      0x141 ..\obj\queue.o
 .debug_abbrev  0x00003a1a      0x230 ..\obj\usb_dcd_int.o
 .debug_abbrev  0x00003c4a      0x2f0 ..\obj\portserial.o
 .debug_abbrev  0x00003f3a      0x204 ..\obj\usbd_cdc_core.o
 .debug_abbrev  0x0000413e      0x169 ..\obj\stm32f4xx_spi.o
 .debug_abbrev  0x000042a7       0xba ..\obj\mbfunccoils.o
 .debug_abbrev  0x00004361      0x1d0 ..\obj\ADS1220.o
 .debug_abbrev  0x00004531      0x166 ..\obj\stm32f4xx_i2c.o
 .debug_abbrev  0x00004697      0x1c2 ..\obj\frequency.o
 .debug_abbrev  0x00004859      0x1a7 ..\obj\stm32f4xx_exti.o
 .debug_abbrev  0x00004a00      0x129 ..\obj\misc.o
 .debug_abbrev  0x00004b29      0x22e ..\obj\usb_dcd.o
 .debug_abbrev  0x00004d57      0x1b0 ..\obj\stm32f4xx_rtc.o
 .debug_abbrev  0x00004f07      0x184 ..\obj\usbd_ioreq.o
 .debug_abbrev  0x0000508b      0x16e ..\obj\heap_2.o
 .debug_abbrev  0x000051f9      0x16e ..\obj\controller.o
 .debug_abbrev  0x00005367      0x189 ..\obj\stm32f4xx_tim.o
 .debug_abbrev  0x000054f0      0x16e ..\obj\power_detector.o

.debug_loc      0x00000000     0xa70d
 .debug_loc     0x00000000      0x7e0 ..\obj\usb_core.o
 .debug_loc     0x000007e0      0x174 ..\obj\mbport.o
 .debug_loc     0x00000954      0x648 ..\obj\stm32f4xx_sdio.o
 .debug_loc     0x00000f9c      0x150 ..\obj\mb.o
 .debug_loc     0x000010ec       0xe0 ..\obj\protocol.o
 .debug_loc     0x000011cc       0x38 ..\obj\mbfuncdisc.o
 .debug_loc     0x00001204       0xe8 ..\obj\usbd_usr.o
 .debug_loc     0x000012ec       0xa8 ..\obj\portevent.o
 .debug_loc     0x00001394       0x70 ..\obj\mbfuncother.o
 .debug_loc     0x00001404      0x658 ..\obj\stm32f4xx_usart.o
 .debug_loc     0x00001a5c      0x288 ..\obj\stm32f4xx_pwr.o
 .debug_loc     0x00001ce4      0x778 ..\obj\sdio_sd.o
 .debug_loc     0x0000245c       0x38 ..\obj\rtc.o
 .debug_loc     0x00002494       0xa8 ..\obj\mbutils.o
 .debug_loc     0x0000253c      0x20c ..\obj\diskio.o
 .debug_loc     0x00002748       0x64 ..\obj\startup_stm32f4xx.o
 .debug_loc     0x000027ac       0xe0 ..\obj\mbfuncholding.o
 .debug_loc     0x0000288c      0x2d8 ..\obj\usbd_core.o
 .debug_loc     0x00002b64      0x100 ..\obj\main.o
 .debug_loc     0x00002c64       0x38 ..\obj\mbcrc.o
 .debug_loc     0x00002c9c      0x238 ..\obj\wiznet.o
 .debug_loc     0x00002ed4      0x97c ..\obj\stm32f4xx_rcc.o
 .debug_loc     0x00003850       0x3a ..\obj\mbfuncfile.o
 .debug_loc     0x0000388a       0xe2 ..\obj\log.o
 .debug_loc     0x0000396c       0x38 ..\obj\mbfuncinput.o
 .debug_loc     0x000039a4      0x3ea ..\obj\printf.o
 .debug_loc     0x00003d8e       0xe0 ..\obj\watchdog.o
 .debug_loc     0x00003e6e      0x92c ..\obj\tasks.o
 .debug_loc     0x0000479a      0x188 ..\obj\usbd_desc.o
 .debug_loc     0x00004922      0x15e ..\obj\fram_i2c.o
 .debug_loc     0x00004a80      0x310 ..\obj\stm32f4xx_gpio.o
 .debug_loc     0x00004d90      0x2dc ..\obj\porttimer.o
 .debug_loc     0x0000506c      0x164 ..\obj\usbd_cdc_vcp.o
 .debug_loc     0x000051d0      0x1c0 ..\obj\mbrtu.o
 .debug_loc     0x00005390      0x118 ..\obj\list.o
 .debug_loc     0x000054a8       0x9c ..\obj\system_stm32f4xx.o
 .debug_loc     0x00005544      0x428 ..\obj\stm32f4xx_dma.o
 .debug_loc     0x0000596c      0x138 ..\obj\usb_bsp.o
 .debug_loc     0x00005aa4      0x310 ..\obj\usbd_req.o
 .debug_loc     0x00005db4      0x1dc ..\obj\port.o
 .debug_loc     0x00005f90      0x460 ..\obj\queue.o
 .debug_loc     0x000063f0      0x2d8 ..\obj\usb_dcd_int.o
 .debug_loc     0x000066c8      0x410 ..\obj\portserial.o
 .debug_loc     0x00006ad8      0x224 ..\obj\usbd_cdc_core.o
 .debug_loc     0x00006cfc      0x578 ..\obj\stm32f4xx_spi.o
 .debug_loc     0x00007274       0xa8 ..\obj\mbfunccoils.o
 .debug_loc     0x0000731c      0x224 ..\obj\ADS1220.o
 .debug_loc     0x00007540      0x738 ..\obj\stm32f4xx_i2c.o
 .debug_loc     0x00007c78      0x10d ..\obj\frequency.o
 .debug_loc     0x00007d85      0x1b4 ..\obj\stm32f4xx_exti.o
 .debug_loc     0x00007f39      0x118 ..\obj\misc.o
 .debug_loc     0x00008051      0x2d8 ..\obj\usb_dcd.o
 .debug_loc     0x00008329      0xc48 ..\obj\stm32f4xx_rtc.o
 .debug_loc     0x00008f71      0x188 ..\obj\usbd_ioreq.o
 .debug_loc     0x000090f9      0x100 ..\obj\heap_2.o
 .debug_loc     0x000091f9       0x64 ..\obj\controller.o
 .debug_loc     0x0000925d     0x1420 ..\obj\stm32f4xx_tim.o
 .debug_loc     0x0000a67d       0x90 ..\obj\power_detector.o

.debug_aranges  0x00000000     0x1de8
 .debug_aranges
                0x00000000      0x138 ..\obj\usb_core.o
 .debug_aranges
                0x00000138       0x50 ..\obj\mbport.o
 .debug_aranges
                0x00000188      0x108 ..\obj\stm32f4xx_sdio.o
 .debug_aranges
                0x00000290       0x48 ..\obj\mb.o
 .debug_aranges
                0x000002d8       0x38 ..\obj\protocol.o
 .debug_aranges
                0x00000310       0x20 ..\obj\mbfuncdisc.o
 .debug_aranges
                0x00000330       0x40 ..\obj\usbd_usr.o
 .debug_aranges
                0x00000370       0x30 ..\obj\portevent.o
 .debug_aranges
                0x000003a0       0x28 ..\obj\mbfuncother.o
 .debug_aranges
                0x000003c8      0x100 ..\obj\stm32f4xx_usart.o
 .debug_aranges
                0x000004c8       0x78 ..\obj\stm32f4xx_pwr.o
 .debug_aranges
                0x00000540      0x130 ..\obj\sdio_sd.o
 .debug_aranges
                0x00000670       0x20 ..\obj\rtc.o
 .debug_aranges
                0x00000690       0x30 ..\obj\mbutils.o
 .debug_aranges
                0x000006c0       0x68 ..\obj\diskio.o
 .debug_aranges
                0x00000728       0x28 ..\obj\startup_stm32f4xx.o
 .debug_aranges
                0x00000750       0x38 ..\obj\mbfuncholding.o
 .debug_aranges
                0x00000788       0x80 ..\obj\usbd_core.o
 .debug_aranges
                0x00000808       0x40 ..\obj\main.o
 .debug_aranges
                0x00000848       0x20 ..\obj\mbcrc.o
 .debug_aranges
                0x00000868       0x70 ..\obj\wiznet.o
 .debug_aranges
                0x000008d8      0x178 ..\obj\stm32f4xx_rcc.o
 .debug_aranges
                0x00000a50       0x20 ..\obj\mbfuncfile.o
 .debug_aranges
                0x00000a70       0x38 ..\obj\log.o
 .debug_aranges
                0x00000aa8       0x20 ..\obj\mbfuncinput.o
 .debug_aranges
                0x00000ac8       0xa0 ..\obj\printf.o
 .debug_aranges
                0x00000b68       0x38 ..\obj\watchdog.o
 .debug_aranges
                0x00000ba0      0x170 ..\obj\tasks.o
 .debug_aranges
                0x00000d10       0x50 ..\obj\usbd_desc.o
 .debug_aranges
                0x00000d60       0x48 ..\obj\fram_i2c.o
 .debug_aranges
                0x00000da8       0x88 ..\obj\stm32f4xx_gpio.o
 .debug_aranges
                0x00000e30       0x90 ..\obj\porttimer.o
 .debug_aranges
                0x00000ec0       0x50 ..\obj\usbd_cdc_vcp.o
 .debug_aranges
                0x00000f10       0x58 ..\obj\mbrtu.o
 .debug_aranges
                0x00000f68       0x40 ..\obj\list.o
 .debug_aranges
                0x00000fa8       0x30 ..\obj\system_stm32f4xx.o
 .debug_aranges
                0x00000fd8       0xb0 ..\obj\stm32f4xx_dma.o
 .debug_aranges
                0x00001088       0x48 ..\obj\usb_bsp.o
 .debug_aranges
                0x000010d0       0x88 ..\obj\usbd_req.o
 .debug_aranges
                0x00001158       0x90 ..\obj\port.o
 .debug_aranges
                0x000011e8       0xb8 ..\obj\queue.o
 .debug_aranges
                0x000012a0       0x80 ..\obj\usb_dcd_int.o
 .debug_aranges
                0x00001320       0xb0 ..\obj\portserial.o
 .debug_aranges
                0x000013d0       0x68 ..\obj\usbd_cdc_core.o
 .debug_aranges
                0x00001438       0xe0 ..\obj\stm32f4xx_spi.o
 .debug_aranges
                0x00001518       0x30 ..\obj\mbfunccoils.o
 .debug_aranges
                0x00001548       0x68 ..\obj\ADS1220.o
 .debug_aranges
                0x000015b0      0x120 ..\obj\stm32f4xx_i2c.o
 .debug_aranges
                0x000016d0       0x40 ..\obj\frequency.o
 .debug_aranges
                0x00001710       0x58 ..\obj\stm32f4xx_exti.o
 .debug_aranges
                0x00001768       0x40 ..\obj\misc.o
 .debug_aranges
                0x000017a8       0x80 ..\obj\usb_dcd.o
 .debug_aranges
                0x00001828      0x1e0 ..\obj\stm32f4xx_rtc.o
 .debug_aranges
                0x00001a08       0x50 ..\obj\usbd_ioreq.o
 .debug_aranges
                0x00001a58       0x40 ..\obj\heap_2.o
 .debug_aranges
                0x00001a98       0x28 ..\obj\controller.o
 .debug_aranges
                0x00001ac0      0x2f8 ..\obj\stm32f4xx_tim.o
 .debug_aranges
                0x00001db8       0x30 ..\obj\power_detector.o

.debug_ranges   0x00000000     0x1a48
 .debug_ranges  0x00000000      0x128 ..\obj\usb_core.o
 .debug_ranges  0x00000128       0x40 ..\obj\mbport.o
 .debug_ranges  0x00000168       0xf8 ..\obj\stm32f4xx_sdio.o
 .debug_ranges  0x00000260       0x38 ..\obj\mb.o
 .debug_ranges  0x00000298       0x28 ..\obj\protocol.o
 .debug_ranges  0x000002c0       0x10 ..\obj\mbfuncdisc.o
 .debug_ranges  0x000002d0       0x30 ..\obj\usbd_usr.o
 .debug_ranges  0x00000300       0x20 ..\obj\portevent.o
 .debug_ranges  0x00000320       0x18 ..\obj\mbfuncother.o
 .debug_ranges  0x00000338       0xf0 ..\obj\stm32f4xx_usart.o
 .debug_ranges  0x00000428       0x68 ..\obj\stm32f4xx_pwr.o
 .debug_ranges  0x00000490      0x120 ..\obj\sdio_sd.o
 .debug_ranges  0x000005b0       0x10 ..\obj\rtc.o
 .debug_ranges  0x000005c0       0x20 ..\obj\mbutils.o
 .debug_ranges  0x000005e0       0x58 ..\obj\diskio.o
 .debug_ranges  0x00000638       0x18 ..\obj\startup_stm32f4xx.o
 .debug_ranges  0x00000650       0x28 ..\obj\mbfuncholding.o
 .debug_ranges  0x00000678       0x70 ..\obj\usbd_core.o
 .debug_ranges  0x000006e8       0x30 ..\obj\main.o
 .debug_ranges  0x00000718       0x10 ..\obj\mbcrc.o
 .debug_ranges  0x00000728       0x60 ..\obj\wiznet.o
 .debug_ranges  0x00000788      0x168 ..\obj\stm32f4xx_rcc.o
 .debug_ranges  0x000008f0       0x10 ..\obj\mbfuncfile.o
 .debug_ranges  0x00000900       0x28 ..\obj\log.o
 .debug_ranges  0x00000928       0x10 ..\obj\mbfuncinput.o
 .debug_ranges  0x00000938       0x90 ..\obj\printf.o
 .debug_ranges  0x000009c8       0x28 ..\obj\watchdog.o
 .debug_ranges  0x000009f0      0x160 ..\obj\tasks.o
 .debug_ranges  0x00000b50       0x40 ..\obj\usbd_desc.o
 .debug_ranges  0x00000b90       0x38 ..\obj\fram_i2c.o
 .debug_ranges  0x00000bc8       0x78 ..\obj\stm32f4xx_gpio.o
 .debug_ranges  0x00000c40       0x80 ..\obj\porttimer.o
 .debug_ranges  0x00000cc0       0x40 ..\obj\usbd_cdc_vcp.o
 .debug_ranges  0x00000d00       0x48 ..\obj\mbrtu.o
 .debug_ranges  0x00000d48       0x30 ..\obj\list.o
 .debug_ranges  0x00000d78       0x20 ..\obj\system_stm32f4xx.o
 .debug_ranges  0x00000d98       0xa0 ..\obj\stm32f4xx_dma.o
 .debug_ranges  0x00000e38       0x38 ..\obj\usb_bsp.o
 .debug_ranges  0x00000e70       0x78 ..\obj\usbd_req.o
 .debug_ranges  0x00000ee8       0x80 ..\obj\port.o
 .debug_ranges  0x00000f68       0xa8 ..\obj\queue.o
 .debug_ranges  0x00001010       0x70 ..\obj\usb_dcd_int.o
 .debug_ranges  0x00001080       0xa0 ..\obj\portserial.o
 .debug_ranges  0x00001120       0x58 ..\obj\usbd_cdc_core.o
 .debug_ranges  0x00001178       0xd0 ..\obj\stm32f4xx_spi.o
 .debug_ranges  0x00001248       0x20 ..\obj\mbfunccoils.o
 .debug_ranges  0x00001268       0x58 ..\obj\ADS1220.o
 .debug_ranges  0x000012c0      0x110 ..\obj\stm32f4xx_i2c.o
 .debug_ranges  0x000013d0       0x30 ..\obj\frequency.o
 .debug_ranges  0x00001400       0x48 ..\obj\stm32f4xx_exti.o
 .debug_ranges  0x00001448       0x30 ..\obj\misc.o
 .debug_ranges  0x00001478       0x70 ..\obj\usb_dcd.o
 .debug_ranges  0x000014e8      0x1d0 ..\obj\stm32f4xx_rtc.o
 .debug_ranges  0x000016b8       0x40 ..\obj\usbd_ioreq.o
 .debug_ranges  0x000016f8       0x30 ..\obj\heap_2.o
 .debug_ranges  0x00001728       0x18 ..\obj\controller.o
 .debug_ranges  0x00001740      0x2e8 ..\obj\stm32f4xx_tim.o
 .debug_ranges  0x00001a28       0x20 ..\obj\power_detector.o

.debug_line     0x00000000     0xceb0
 .debug_line    0x00000000      0x67b ..\obj\usb_core.o
 .debug_line    0x0000067b      0x7b5 ..\obj\mbport.o
 .debug_line    0x00000e30      0x428 ..\obj\stm32f4xx_sdio.o
 .debug_line    0x00001258      0x312 ..\obj\mb.o
 .debug_line    0x0000156a      0x34c ..\obj\protocol.o
 .debug_line    0x000018b6      0x1d9 ..\obj\mbfuncdisc.o
 .debug_line    0x00001a8f      0x17a ..\obj\usbd_usr.o
 .debug_line    0x00001c09      0x238 ..\obj\portevent.o
 .debug_line    0x00001e41      0x22f ..\obj\mbfuncother.o
 .debug_line    0x00002070      0x485 ..\obj\stm32f4xx_usart.o
 .debug_line    0x000024f5      0x28b ..\obj\stm32f4xx_pwr.o
 .debug_line    0x00002780      0x93a ..\obj\sdio_sd.o
 .debug_line    0x000030ba      0x1ea ..\obj\rtc.o
 .debug_line    0x000032a4      0x239 ..\obj\mbutils.o
 .debug_line    0x000034dd      0x30c ..\obj\diskio.o
 .debug_line    0x000037e9       0xaf ..\obj\startup_stm32f4xx.o
 .debug_line    0x00003898      0x26f ..\obj\mbfuncholding.o
 .debug_line    0x00003b07      0x2ce ..\obj\usbd_core.o
 .debug_line    0x00003dd5      0x285 ..\obj\main.o
 .debug_line    0x0000405a      0x150 ..\obj\mbcrc.o
 .debug_line    0x000041aa      0x3d0 ..\obj\wiznet.o
 .debug_line    0x0000457a      0x57b ..\obj\stm32f4xx_rcc.o
 .debug_line    0x00004af5      0x211 ..\obj\mbfuncfile.o
 .debug_line    0x00004d06      0x33f ..\obj\log.o
 .debug_line    0x00005045      0x1cf ..\obj\mbfuncinput.o
 .debug_line    0x00005214      0x392 ..\obj\printf.o
 .debug_line    0x000055a6      0x221 ..\obj\watchdog.o
 .debug_line    0x000057c7      0xa6a ..\obj\tasks.o
 .debug_line    0x00006231      0x1c0 ..\obj\usbd_desc.o
 .debug_line    0x000063f1      0x4fb ..\obj\fram_i2c.o
 .debug_line    0x000068ec      0x323 ..\obj\stm32f4xx_gpio.o
 .debug_line    0x00006c0f      0x42d ..\obj\porttimer.o
 .debug_line    0x0000703c      0x1ea ..\obj\usbd_cdc_vcp.o
 .debug_line    0x00007226      0x27f ..\obj\mbrtu.o
 .debug_line    0x000074a5      0x22d ..\obj\list.o
 .debug_line    0x000076d2      0x1af ..\obj\system_stm32f4xx.o
 .debug_line    0x00007881      0x3c0 ..\obj\stm32f4xx_dma.o
 .debug_line    0x00007c41      0x279 ..\obj\usb_bsp.o
 .debug_line    0x00007eba      0x38d ..\obj\usbd_req.o
 .debug_line    0x00008247      0x2f6 ..\obj\port.o
 .debug_line    0x0000853d      0x6d3 ..\obj\queue.o
 .debug_line    0x00008c10      0x379 ..\obj\usb_dcd_int.o
 .debug_line    0x00008f89      0x5eb ..\obj\portserial.o
 .debug_line    0x00009574      0x265 ..\obj\usbd_cdc_core.o
 .debug_line    0x000097d9      0x437 ..\obj\stm32f4xx_spi.o
 .debug_line    0x00009c10      0x247 ..\obj\mbfunccoils.o
 .debug_line    0x00009e57      0x4e3 ..\obj\ADS1220.o
 .debug_line    0x0000a33a      0x4c0 ..\obj\stm32f4xx_i2c.o
 .debug_line    0x0000a7fa      0x3f9 ..\obj\frequency.o
 .debug_line    0x0000abf3      0x289 ..\obj\stm32f4xx_exti.o
 .debug_line    0x0000ae7c      0x229 ..\obj\misc.o
 .debug_line    0x0000b0a5      0x2ec ..\obj\usb_dcd.o
 .debug_line    0x0000b391      0x7f1 ..\obj\stm32f4xx_rtc.o
 .debug_line    0x0000bb82      0x1d6 ..\obj\usbd_ioreq.o
 .debug_line    0x0000bd58      0x263 ..\obj\heap_2.o
 .debug_line    0x0000bfbb      0x24b ..\obj\controller.o
 .debug_line    0x0000c206      0xa5d ..\obj\stm32f4xx_tim.o
 .debug_line    0x0000cc63      0x24d ..\obj\power_detector.o

.debug_str      0x00000000     0xa68f
 .debug_str     0x00000000     0x12c9 ..\obj\usb_core.o
                               0x15fa (size before relaxing)
 .debug_str     0x000012c9      0x476 ..\obj\mbport.o
                                0x5a5 (size before relaxing)
 .debug_str     0x0000173f      0x4d7 ..\obj\stm32f4xx_sdio.o
                                0x5bf (size before relaxing)
 .debug_str     0x00001c16      0x5cc ..\obj\mb.o
                                0x78e (size before relaxing)
 .debug_str     0x000021e2      0x1f6 ..\obj\protocol.o
                                0x84f (size before relaxing)
 .debug_str     0x000023d8       0xc3 ..\obj\mbfuncdisc.o
                                0x2ec (size before relaxing)
 .debug_str     0x0000249b       0xbc ..\obj\usbd_usr.o
                                0x1fe (size before relaxing)
 .debug_str     0x00002557       0x9a ..\obj\portevent.o
                                0x6ff (size before relaxing)
 .debug_str     0x000025f1       0xd8 ..\obj\mbfuncother.o
                                0x315 (size before relaxing)
 .debug_str     0x000026c9      0x4c9 ..\obj\stm32f4xx_usart.o
                                0x603 (size before relaxing)
 .debug_str     0x00002b92      0x1e9 ..\obj\stm32f4xx_pwr.o
                                0x305 (size before relaxing)
 .debug_str     0x00002d7b      0xb3f ..\obj\sdio_sd.o
                                0xe4b (size before relaxing)
 .debug_str     0x000038ba       0xa9 ..\obj\rtc.o
                                0x1aa (size before relaxing)
 .debug_str     0x00003963       0xee ..\obj\mbutils.o
                                0x329 (size before relaxing)
 .debug_str     0x00003a51      0x662 ..\obj\diskio.o
                                0xb23 (size before relaxing)
 .debug_str     0x000040b3       0xbe ..\obj\startup_stm32f4xx.o
                                 0xe5 (size before relaxing)
 .debug_str     0x00004171      0x155 ..\obj\mbfuncholding.o
                                0x3ca (size before relaxing)
 .debug_str     0x000042c6      0x196 ..\obj\usbd_core.o
                                0xa3f (size before relaxing)
 .debug_str     0x0000445c       0xd6 ..\obj\main.o
                                0x1ba (size before relaxing)
 .debug_str     0x00004532       0x77 ..\obj\mbcrc.o
                                0x14d (size before relaxing)
 .debug_str     0x000045a9      0x505 ..\obj\wiznet.o
                                0x6a7 (size before relaxing)
 .debug_str     0x00004aae      0x5eb ..\obj\stm32f4xx_rcc.o
                                0x7c4 (size before relaxing)
 .debug_str     0x00005099       0x93 ..\obj\mbfuncfile.o
                                0x323 (size before relaxing)
 .debug_str     0x0000512c       0xb8 ..\obj\log.o
                                0x3d6 (size before relaxing)
 .debug_str     0x000051e4       0x79 ..\obj\mbfuncinput.o
                                0x2e0 (size before relaxing)
 .debug_str     0x0000525d      0x4ac ..\obj\printf.o
                                0x605 (size before relaxing)
 .debug_str     0x00005709       0xd0 ..\obj\watchdog.o
                                0x1e0 (size before relaxing)
 .debug_str     0x000057d9      0xa41 ..\obj\tasks.o
                                0xb9c (size before relaxing)
 .debug_str     0x0000621a      0x16a ..\obj\usbd_desc.o
                                0x301 (size before relaxing)
 .debug_str     0x00006384      0x1b1 ..\obj\fram_i2c.o
                                0x58c (size before relaxing)
 .debug_str     0x00006535      0x19a ..\obj\stm32f4xx_gpio.o