Archive member included because of file (symbol)

c:/coocox/coide/gcc/sourcery g++ lite/bin/../lib/gcc/arm-none-eabi/4.5.1/thumb2\libgcc.a(_arm_addsubdf3.o)
                              ..\obj\ADS1220.o (__aeabi_dadd)
c:/coocox/coide/gcc/sourcery g++ lite/bin/../lib/gcc/arm-none-eabi/4.5.1/thumb2\libgcc.a(_arm_muldivdf3.o)
                              ..\obj\ADS1220.o (__aeabi_dmul)
c:/coocox/coide/gcc/sourcery g++ lite/bin/../lib/gcc/arm-none-eabi/4.5.1/thumb2\libgcc.a(_arm_truncdfsf2.o)
                              ..\obj\ADS1220.o (__aeabi_d2f)
c:/coocox/coide/gcc/sourcery g++ lite/bin/../lib/gcc/arm-none-eabi/4.5.1/thumb2\libgcc.a(_arm_addsubsf3.o)
                              ..\obj\frequency.o (__aeabi_ui2f)
c:/coocox/coide/gcc/sourcery g++ lite/bin/../lib/gcc/arm-none-eabi/4.5.1/thumb2\libgcc.a(_arm_muldivsf3.o)
                              ..\obj\frequency.o (__aeabi_fmul)
c:/coocox/coide/gcc/sourcery g++ lite/bin/../lib/gcc/arm-none-eabi/4.5.1/../../../../arm-none-eabi/lib/thumb2\libc.a(lib_a-memcmp.o)
                              ..\obj\tasks.o (memcmp)
c:/coocox/coide/gcc/sourcery g++ lite/bin/../lib/gcc/arm-none-eabi/4.5.1/../../../../arm-none-eabi/lib/thumb2\libc.a(lib_a-memcpy.o)
                              ..\obj\mbfuncother.o (memcpy)
c:/coocox/coide/gcc/sourcery g++ lite/bin/../lib/gcc/arm-none-eabi/4.5.1/../../../../arm-none-eabi/lib/thumb2\libc.a(lib_a-memset.o)
                              ..\obj\tasks.o (memset)

Allocating common symbols
Common symbol       size              file

log_buf             0x80              ..\obj\log.o
stContext_RS232     0x174             ..\obj\protocol.o
stContext_RS485     0x174             ..\obj\protocol.o
stSettings          0x4               ..\obj\controller.o
xMeasureDataMutex   0x4               ..\obj\controller.o
xI2CBusMutex        0x4               ..\obj\fram_i2c.o
xFrequencySemaphore
                    0x8               ..\obj\frequency.o
xADC_SPI_Mutex      0x4               ..\obj\ADS1220.o
stMeasureData       0x40              ..\obj\controller.o
xSettingsMutex      0x4               ..\obj\controller.o
task_watches        0x50              ..\obj\watchdog.o

Discarded input sections

 .text          0x00000000        0x0 ..\obj\stm32f4xx_syscfg.o
 .data          0x00000000        0x0 ..\obj\stm32f4xx_syscfg.o
 .bss           0x00000000        0x0 ..\obj\stm32f4xx_syscfg.o
 .text.SYSCFG_DeInit
                0x00000000       0x20 ..\obj\stm32f4xx_syscfg.o
 .text.SYSCFG_MemoryRemapConfig
                0x00000000       0x20 ..\obj\stm32f4xx_syscfg.o
 .text.SYSCFG_EXTILineConfig
                0x00000000       0xb4 ..\obj\stm32f4xx_syscfg.o
 .text.SYSCFG_ETH_MediaInterfaceConfig
                0x00000000       0x20 ..\obj\stm32f4xx_syscfg.o
 .text.SYSCFG_CompensationCellCmd
                0x00000000       0x20 ..\obj\stm32f4xx_syscfg.o
 .text.SYSCFG_GetCompensationCellStatus
                0x00000000       0x3c ..\obj\stm32f4xx_syscfg.o
 .text          0x00000000        0x0 ..\obj\mbport.o
 .bss           0x00000000        0x0 ..\obj\mbport.o
 .text          0x00000000        0x0 ..\obj\mb.o
 .bss           0x00000000        0x0 ..\obj\mb.o
 .text.eMBRegisterCB
                0x00000000      0x114 ..\obj\mb.o
 .text.eMBClose
                0x00000000       0x3c ..\obj\mb.o
 .text.eMBDisable
                0x00000000       0x60 ..\obj\mb.o
 .text          0x00000000        0x0 ..\obj\protocol.o
 .data          0x00000000        0x0 ..\obj\protocol.o
 .bss           0x00000000        0x0 ..\obj\protocol.o
 .text          0x00000000        0x0 ..\obj\mbfuncdisc.o
 .data          0x00000000        0x0 ..\obj\mbfuncdisc.o
 .bss           0x00000000        0x0 ..\obj\mbfuncdisc.o
 .text          0x00000000        0x0 ..\obj\core_cm3.o
 .data          0x00000000        0x0 ..\obj\core_cm3.o
 .bss           0x00000000        0x0 ..\obj\core_cm3.o
 .text.__get_PSP
                0x00000000       0x10 ..\obj\core_cm3.o
 .text.__set_PSP
                0x00000000        0x8 ..\obj\core_cm3.o
 .text.__get_MSP
                0x00000000       0x10 ..\obj\core_cm3.o
 .text.__set_MSP
                0x00000000        0x8 ..\obj\core_cm3.o
 .text.__get_BASEPRI
                0x00000000       0x20 ..\obj\core_cm3.o
 .text.__set_BASEPRI
                0x00000000       0x18 ..\obj\core_cm3.o
 .text.__get_PRIMASK
                0x00000000       0x20 ..\obj\core_cm3.o
 .text.__set_PRIMASK
                0x00000000       0x18 ..\obj\core_cm3.o
 .text.__get_FAULTMASK
                0x00000000       0x20 ..\obj\core_cm3.o
 .text.__set_FAULTMASK
                0x00000000       0x18 ..\obj\core_cm3.o
 .text.__get_CONTROL
                0x00000000       0x20 ..\obj\core_cm3.o
 .text.__set_CONTROL
                0x00000000       0x18 ..\obj\core_cm3.o
 .text.__REV    0x00000000       0x24 ..\obj\core_cm3.o
 .text.__REV16  0x00000000       0x24 ..\obj\core_cm3.o
 .text.__REVSH  0x00000000       0x24 ..\obj\core_cm3.o
[...]
Memory Configuration

Name             Origin             Length             Attributes
rom              0x08000000         0x00100000         xr
ram              0x20000000         0x00020000         xrw
ram1             0x10000000         0x00010000         xrw
*default*        0x00000000         0xffffffff

Linker script and memory map

                0x20020000                _eram = 0x20020000

.text           0x08000000     0xa2d4
 *(.isr_vector .isr_vector.*)
 .isr_vector    0x08000000      0x188 ..\obj\startup_stm32f4xx.o
                0x08000000                g_pfnVectors
 *(.text .text.* .gnu.linkonce.t.*)
 .text.ENTER_CRITICAL_SECTION
                0x08000188        0xc ..\obj\mbport.o
                0x08000188                ENTER_CRITICAL_SECTION
 .text.EXIT_CRITICAL_SECTION
                0x08000194        0xc ..\obj\mbport.o
                0x08000194                EXIT_CRITICAL_SECTION
 .text.eMBRegInputCB
                0x080001a0      0x1c8 ..\obj\mbport.o
                0x080001a0                eMBRegInputCB
 .text.eMBRegHoldingCB
                0x08000368      0x554 ..\obj\mbport.o
                0x08000368                eMBRegHoldingCB
 .text.eMBRegCoilsCB
                0x080008bc       0x20 ..\obj\mbport.o
                0x080008bc                eMBRegCoilsCB
 .text.eMBRegDiscreteCB
                0x080008dc       0x20 ..\obj\mbport.o
                0x080008dc                eMBRegDiscreteCB
 .text.eMBFileCB
                0x080008fc      0x16c ..\obj\mbport.o
                0x080008fc                eMBFileCB
 .text.eMBInit  0x08000a68      0x110 ..\obj\mb.o
                0x08000a68                eMBInit
 .text.eMBEnable
                0x08000b78       0x50 ..\obj\mb.o
                0x08000b78                eMBEnable
 .text.eMBPoll  0x08000bc8      0x1c0 ..\obj\mb.o
                0x08000bc8                eMBPoll
 .text.Protocol_Init
                0x08000d88       0xf8 ..\obj\protocol.o
                0x08000d88                Protocol_Init
 .text.Modbus_RS485_Task
                0x08000e80       0x50 ..\obj\protocol.o
 .text.Modbus_RS232_Task
                0x08000ed0       0x50 ..\obj\protocol.o
 .text.eMBFuncReadDiscreteInputs
                0x08000f20      0x130 ..\obj\mbfuncdisc.o
                0x08000f20                eMBFuncReadDiscreteInputs
 .text.xMBPortEventInit
                0x08001050       0x20 ..\obj\portevent.o
                0x08001050                xMBPortEventInit
 .text.xMBPortEventPost
                0x08001070       0x2c ..\obj\portevent.o
                0x08001070                xMBPortEventPost
 .text.xMBPortEventGet
                0x0800109c       0x3c ..\obj\portevent.o
                0x0800109c                xMBPortEventGet
 .text.eMBFuncReportSlaveID
                0x080010d8       0x4c ..\obj\mbfuncother.o
                0x080010d8                eMBFuncReportSlaveID
 .text.USART_Init
                0x08001124      0x1bc ..\obj\stm32f4xx_usart.o
                0x08001124                USART_Init
 .text.USART_Cmd
                0x080012e0       0x40 ..\obj\stm32f4xx_usart.o
                0x080012e0                USART_Cmd
 .text.USART_SendData
                0x08001320       0x28 ..\obj\stm32f4xx_usart.o
                0x08001320                USART_SendData
 .text.USART_ReceiveData
                0x08001348       0x24 ..\obj\stm32f4xx_usart.o
                0x08001348                USART_ReceiveData
 .text.USART_ITConfig
                0x0800136c       0xa8 ..\obj\stm32f4xx_usart.o
                0x0800136c                USART_ITConfig
 .text.USART_GetFlagStatus
                0x08001414       0x40 ..\obj\stm32f4xx_usart.o
                0x08001414                USART_GetFlagStatus
 .text.USART_ClearFlag
                0x08001454       0x24 ..\obj\stm32f4xx_usart.o
                0x08001454                USART_ClearFlag
 .text.USART_GetITStatus
                0x08001478       0xcc ..\obj\stm32f4xx_usart.o
                0x08001478                USART_GetITStatus
 .text.PWR_BackupAccessCmd
                0x08001544       0x20 ..\obj\stm32f4xx_pwr.o
                0x08001544                PWR_BackupAccessCmd
 .text.RTC_Clock_Init
                0x08001564       0x94 ..\obj\rtc.o
                0x08001564                RTC_Clock_Init
 .text.prveMBError2Exception
                0x080015f8       0x48 ..\obj\mbutils.o
                0x080015f8                prveMBError2Exception
 .text.Default_Reset_Handler
                0x08001640       0x68 ..\obj\startup_stm32f4xx.o
                0x08001640                Default_Reset_Handler
                0x08001640                Reset_Handler
 .text.Default_Handler
                0x080016a8        0x8 ..\obj\startup_stm32f4xx.o
                0x080016a8                RTC_Alarm_IRQHandler
                0x080016a8                HASH_RNG_IRQHandler
                0x080016a8                EXTI2_IRQHandler
                0x080016a8                TIM8_CC_IRQHandler
                0x080016a8                DebugMon_Handler
                0x080016a8                TIM1_CC_IRQHandler
                0x080016a8                DMA2_Stream5_IRQHandler
                0x080016a8                HardFault_Handler
                0x080016a8                DMA1_Stream5_IRQHandler
                0x080016a8                SDIO_IRQHandler
                0x080016a8                TAMP_STAMP_IRQHandler
                0x080016a8                NMI_Handler
                0x080016a8                CAN2_RX1_IRQHandler
                0x080016a8                EXTI3_IRQHandler
                0x080016a8                TIM8_TRG_COM_TIM14_IRQHandler
                0x080016a8                TIM1_UP_TIM10_IRQHandler
                0x080016a8                TIM8_UP_TIM13_IRQHandler
                0x080016a8                I2C3_ER_IRQHandler
                0x080016a8                EXTI0_IRQHandler
                0x080016a8                I2C2_EV_IRQHandler
                0x080016a8                DMA1_Stream2_IRQHandler
                0x080016a8                CAN1_RX0_IRQHandler
                0x080016a8                FPU_IRQHandler
                0x080016a8                OTG_HS_WKUP_IRQHandler
                0x080016a8                UsageFault_Handler
                0x080016a8                CAN2_SCE_IRQHandler
                0x080016a8                DMA2_Stream2_IRQHandler
                0x080016a8                SPI1_IRQHandler
                0x080016a8                TIM6_DAC_IRQHandler
                0x080016a8                TIM1_BRK_TIM9_IRQHandler
                0x080016a8                DCMI_IRQHandler
                0x080016a8                CAN2_RX0_IRQHandler
                0x080016a8                DMA2_Stream3_IRQHandler
                0x080016a8                USART6_IRQHandler
                0x080016a8                CRYP_IRQHandler
                0x080016a8                CAN1_RX1_IRQHandler
                0x080016a8                UART5_IRQHandler
                0x080016a8                DMA2_Stream0_IRQHandler
                0x080016a8                I2C1_EV_IRQHandler
                0x080016a8                DMA1_Stream6_IRQHandler
                0x080016a8                DMA1_Stream1_IRQHandler
                0x080016a8                TIM3_IRQHandler
                0x080016a8                RCC_IRQHandler
                0x080016a8                TIM8_BRK_TIM12_IRQHandler
                0x080016a8                EXTI15_10_IRQHandler
                0x080016a8                ADC_IRQHandler
                0x080016a8                DMA1_Stream7_IRQHandler
                0x080016a8                TIM7_IRQHandler
                0x080016a8                CAN2_TX_IRQHandler
                0x080016a8                DMA2_Stream7_IRQHandler
                0x080016a8                I2C3_EV_IRQHandler
                0x080016a8                EXTI9_5_IRQHandler
                0x080016a8                RTC_WKUP_IRQHandler
                0x080016a8                ETH_WKUP_IRQHandler
                0x080016a8                SPI2_IRQHandler
                0x080016a8                OTG_HS_EP1_IN_IRQHandler
                0x080016a8                MemManage_Handler
                0x080016a8                DMA1_Stream0_IRQHandler
                0x080016a8                CAN1_TX_IRQHandler
                0x080016a8                EXTI4_IRQHandler
                0x080016a8                FSMC_IRQHandler
                0x080016a8                ETH_IRQHandler
                0x080016a8                OTG_HS_EP1_OUT_IRQHandler
                0x080016a8                WWDG_IRQHandler
                0x080016a8                OTG_FS_WKUP_IRQHandler
                0x080016a8                TIM1_TRG_COM_TIM11_IRQHandler
                0x080016a8                OTG_HS_IRQHandler
                0x080016a8                EXTI1_IRQHandler
                0x080016a8                USART2_IRQHandler
                0x080016a8                I2C2_ER_IRQHandler
                0x080016a8                DMA2_Stream1_IRQHandler
                0x080016a8                CAN1_SCE_IRQHandler
                0x080016a8                FLASH_IRQHandler
                0x080016a8                DMA2_Stream4_IRQHandler
                0x080016a8                BusFault_Handler
                0x080016a8                USART1_IRQHandler
                0x080016a8                OTG_FS_IRQHandler
                0x080016a8                SPI3_IRQHandler
                0x080016a8                DMA1_Stream4_IRQHandler
                0x080016a8                I2C1_ER_IRQHandler
                0x080016a8                DMA2_Stream6_IRQHandler
                0x080016a8                DMA1_Stream3_IRQHandler
 .text.eMBFuncWriteHoldingRegister
                0x080016b0       0x84 ..\obj\mbfuncholding.o
                0x080016b0                eMBFuncWriteHoldingRegister
 .text.eMBFuncWriteMultipleHoldingRegister
                0x08001734       0xdc ..\obj\mbfuncholding.o
                0x08001734                eMBFuncWriteMultipleHoldingRegister
 .text.eMBFuncReadHoldingRegister
                0x08001810      0x10c ..\obj\mbfuncholding.o
                0x08001810                eMBFuncReadHoldingRegister
 .text.eMBFuncReadWriteMultipleHoldingRegister
                0x0800191c      0x1a0 ..\obj\mbfuncholding.o
                0x0800191c                eMBFuncReadWriteMultipleHoldingRegister
 .text.main     0x08001abc       0x14 ..\obj\main.o
                0x08001abc                main
 .text.vApplicationMallocFailedHook
                0x08001ad0        0x8 ..\obj\main.o
                0x08001ad0                vApplicationMallocFailedHook
 .text.vApplicationStackOverflowHook
                0x08001ad8        0xc ..\obj\main.o
                0x08001ad8                vApplicationStackOverflowHook
 .text.vApplicationIdleHook
                0x08001ae4       0x18 ..\obj\main.o
                0x08001ae4                vApplicationIdleHook
 .text.usMBCRC16
                0x08001afc       0x90 ..\obj\mbcrc.o
                0x08001afc                usMBCRC16
 .text.RCC_LSEConfig
                0x08001b8c       0x5c ..\obj\stm32f4xx_rcc.o
                0x08001b8c                RCC_LSEConfig
 .text.RCC_GetClocksFreq
                0x08001be8      0x1d4 ..\obj\stm32f4xx_rcc.o
                0x08001be8                RCC_GetClocksFreq
 .text.RCC_RTCCLKConfig
                0x08001dbc       0x7c ..\obj\stm32f4xx_rcc.o
                0x08001dbc                RCC_RTCCLKConfig
 .text.RCC_RTCCLKCmd
                0x08001e38       0x20 ..\obj\stm32f4xx_rcc.o
                0x08001e38                RCC_RTCCLKCmd
 .text.RCC_AHB1PeriphClockCmd
                0x08001e58       0x5c ..\obj\stm32f4xx_rcc.o
                0x08001e58                RCC_AHB1PeriphClockCmd
 .text.RCC_APB1PeriphClockCmd
                0x08001eb4       0x5c ..\obj\stm32f4xx_rcc.o
                0x08001eb4                RCC_APB1PeriphClockCmd
 .text.RCC_APB2PeriphClockCmd
                0x08001f10       0x5c ..\obj\stm32f4xx_rcc.o
                0x08001f10                RCC_APB2PeriphClockCmd
 .text.RCC_APB1PeriphResetCmd
                0x08001f6c       0x5c ..\obj\stm32f4xx_rcc.o
                0x08001f6c                RCC_APB1PeriphResetCmd
 .text.RCC_GetFlagStatus
                0x08001fc8       0x90 ..\obj\stm32f4xx_rcc.o
                0x08001fc8                RCC_GetFlagStatus
 .text.eMBFuncReadFile
                0x08002058      0x264 ..\obj\mbfuncfile.o
                0x08002058                eMBFuncReadFile
 .text.Log_Init
                0x080022bc       0x74 ..\obj\log.o
                0x080022bc                Log_Init
 .text.Log_Read_LogEntry
                0x08002330       0x58 ..\obj\log.o
                0x08002330                Log_Read_LogEntry
 .text.Log_Write_LogEntry
                0x08002388       0xb8 ..\obj\log.o
                0x08002388                Log_Write_LogEntry
 .text.Log_Task
                0x08002440      0x22c ..\obj\log.o
 .text.eMBFuncReadInputRegister
                0x0800266c      0x110 ..\obj\mbfuncinput.o
                0x0800266c                eMBFuncReadInputRegister
 .text.xTaskGenericCreate
                0x0800277c      0x1b8 ..\obj\tasks.o
                0x0800277c                xTaskGenericCreate
 .text.vTaskDelay
                0x08002934       0xa4 ..\obj\tasks.o
                0x08002934                vTaskDelay
 .text.vTaskStartScheduler
                0x080029d8       0x7c ..\obj\tasks.o
                0x080029d8                vTaskStartScheduler
 .text.vTaskSuspendAll
                0x08002a54       0x24 ..\obj\tasks.o
                0x08002a54                vTaskSuspendAll
 .text.xTaskResumeAll
                0x08002a78      0x178 ..\obj\tasks.o
                0x08002a78                xTaskResumeAll
 .text.xTaskIncrementTick
                0x08002bf0      0x204 ..\obj\tasks.o
                0x08002bf0                xTaskIncrementTick
 .text.vTaskSwitchContext
                0x08002df4      0x14c ..\obj\tasks.o
                0x08002df4                vTaskSwitchContext
 .text.vTaskPlaceOnEventList
                0x08002f40       0xb8 ..\obj\tasks.o
                0x08002f40                vTaskPlaceOnEventList
 .text.xTaskRemoveFromEventList
                0x08002ff8       0xe0 ..\obj\tasks.o
                0x08002ff8                xTaskRemoveFromEventList
 .text.vTaskSetTimeOutState
                0x080030d8       0x38 ..\obj\tasks.o
                0x080030d8                vTaskSetTimeOutState
 .text.xTaskCheckForTimeOut
                0x08003110       0xb0 ..\obj\tasks.o
                0x08003110                xTaskCheckForTimeOut
 .text.vTaskMissedYield
                0x080031c0       0x18 ..\obj\tasks.o
                0x080031c0                vTaskMissedYield
 .text.prvIdleTask
                0x080031d8       0x24 ..\obj\tasks.o
 .text.prvInitialiseTCBVariables
                0x080031fc       0xbc ..\obj\tasks.o
 .text.prvInitialiseTaskLists
                0x080032b8       0xa4 ..\obj\tasks.o
 .text.prvCheckTasksWaitingTermination
                0x0800335c       0x98 ..\obj\tasks.o
 .text.prvAddCurrentTaskToDelayedList
                0x080033f4       0x8c ..\obj\tasks.o
 .text.prvAllocateTCBAndStack
                0x08003480       0x7c ..\obj\tasks.o
 .text.prvDeleteTCB
                0x080034fc       0x20 ..\obj\tasks.o
 .text.prvResetNextTaskUnblockTime
                0x0800351c       0x5c ..\obj\tasks.o
 .text.vTaskPriorityInherit
                0x08003578      0x148 ..\obj\tasks.o
                0x08003578                vTaskPriorityInherit
 .text.xTaskPriorityDisinherit
                0x080036c0      0x114 ..\obj\tasks.o
                0x080036c0                xTaskPriorityDisinherit
 .text.pvTaskIncrementMutexHeldCount
                0x080037d4       0x38 ..\obj\tasks.o
                0x080037d4                pvTaskIncrementMutexHeldCount
 .text.FRAM_I2C_Init
                0x0800380c       0xe8 ..\obj\fram_i2c.o
                0x0800380c                FRAM_I2C_Init
 .text.FRAM_I2C_Read_Buffer
                0x080038f4      0x418 ..\obj\fram_i2c.o
                0x080038f4                FRAM_I2C_Read_Buffer
 .text.FRAM_I2C_Write_Buffer
                0x08003d0c      0x2ec ..\obj\fram_i2c.o
                0x08003d0c                FRAM_I2C_Write_Buffer
 .text.FRAM_Read_Settings
                0x08003ff8       0x8c ..\obj\fram_i2c.o
                0x08003ff8                FRAM_Read_Settings
 .text.FRAM_Write_Settings
                0x08004084       0x6c ..\obj\fram_i2c.o
                0x08004084                FRAM_Write_Settings
 .text.GPIO_Init
                0x080040f0      0x158 ..\obj\stm32f4xx_gpio.o
                0x080040f0                GPIO_Init
 .text.GPIO_ReadInputDataBit
                0x08004248       0x40 ..\obj\stm32f4xx_gpio.o
                0x08004248                GPIO_ReadInputDataBit
 .text.GPIO_PinAFConfig
                0x08004288       0xb0 ..\obj\stm32f4xx_gpio.o
                0x08004288                GPIO_PinAFConfig
 .text.RS485TimersInit
                0x08004338       0xe0 ..\obj\porttimer.o
                0x08004338                RS485TimersInit
 .text.RS485TimersEnable
                0x08004418       0x4c ..\obj\porttimer.o
                0x08004418                RS485TimersEnable
 .text.RS485TimersDisable
                0x08004464       0x4c ..\obj\porttimer.o
                0x08004464                RS485TimersDisable
 .text.TIM4_IRQHandler
                0x080044b0       0x54 ..\obj\porttimer.o
                0x080044b0                TIM4_IRQHandler
 .text.RS485TimerContextInit
                0x08004504       0x7c ..\obj\porttimer.o
                0x08004504                RS485TimerContextInit
 .text.RS232TimersInit
                0x08004580       0xe0 ..\obj\porttimer.o
                0x08004580                RS232TimersInit
 .text.RS232TimersEnable
                0x08004660       0x4c ..\obj\porttimer.o
                0x08004660                RS232TimersEnable
 .text.RS232TimersDisable
                0x080046ac       0x4c ..\obj\porttimer.o
                0x080046ac                RS232TimersDisable
 .text.TIM5_IRQHandler
                0x080046f8       0x54 ..\obj\porttimer.o
                0x080046f8                TIM5_IRQHandler
 .text.RS232TimerContextInit
                0x0800474c       0x7c ..\obj\porttimer.o
                0x0800474c                RS232TimerContextInit
 .text.eMBRTUInit
                0x080047c8       0x88 ..\obj\mbrtu.o
                0x080047c8                eMBRTUInit
 .text.eMBRTUStart
                0x08004850       0x38 ..\obj\mbrtu.o
                0x08004850                eMBRTUStart
 .text.eMBRTUStop
                0x08004888       0x30 ..\obj\mbrtu.o
                0x08004888                eMBRTUStop
 .text.eMBRTUReceive
                0x080048b8       0x90 ..\obj\mbrtu.o
                0x080048b8                eMBRTUReceive
 .text.eMBRTUSend
                0x08004948       0xe8 ..\obj\mbrtu.o
                0x08004948                eMBRTUSend
 .text.xMBRTUReceiveFSM
                0x08004a30       0xd0 ..\obj\mbrtu.o
                0x08004a30                xMBRTUReceiveFSM
 .text.xMBRTUTransmitFSM
                0x08004b00       0xb0 ..\obj\mbrtu.o
                0x08004b00                xMBRTUTransmitFSM
 .text.xMBRTUTimerT35Expired
                0x08004bb0       0x60 ..\obj\mbrtu.o
                0x08004bb0                xMBRTUTimerT35Expired
 .text.vListInitialise
                0x08004c10       0x48 ..\obj\list.o
                0x08004c10                vListInitialise
 .text.vListInitialiseItem
                0x08004c58       0x1c ..\obj\list.o
                0x08004c58                vListInitialiseItem
 .text.vListInsertEnd
                0x08004c74       0x48 ..\obj\list.o
                0x08004c74                vListInsertEnd
 .text.vListInsert
                0x08004cbc       0x74 ..\obj\list.o
                0x08004cbc                vListInsert
 .text.uxListRemove
                0x08004d30       0x58 ..\obj\list.o
                0x08004d30                uxListRemove
 .text.SystemInit
                0x08004d88       0x94 ..\obj\system_stm32f4xx.o
                0x08004d88                SystemInit
 .text.SetSysClock
                0x08004e1c      0x110 ..\obj\system_stm32f4xx.o
 .text.pxPortInitialiseStack
                0x08004f2c       0x64 ..\obj\port.o
                0x08004f2c                pxPortInitialiseStack
 .text.prvTaskExitError
                0x08004f90       0x20 ..\obj\port.o
 .text.SVC_Handler
                0x08004fb0       0x24 ..\obj\port.o
                0x08004fb0                SVC_Handler
 .text.prvPortStartFirstTask
                0x08004fd4       0x20 ..\obj\port.o
 .text.xPortStartScheduler
                0x08004ff4      0x10c ..\obj\port.o
                0x08004ff4                xPortStartScheduler
 .text.vPortYield
                0x08005100       0x20 ..\obj\port.o
                0x08005100                vPortYield
 .text.vPortEnterCritical
                0x08005120       0x50 ..\obj\port.o
                0x08005120                vPortEnterCritical
 .text.vPortExitCritical
                0x08005170       0x48 ..\obj\port.o
                0x08005170                vPortExitCritical
 .text.ulPortSetInterruptMask
                0x080051b8       0x14 ..\obj\port.o
                0x080051b8                ulPortSetInterruptMask
 .text.vPortClearInterruptMask
                0x080051cc        0x8 ..\obj\port.o
                0x080051cc                vPortClearInterruptMask
 .text.PendSV_Handler
                0x080051d4       0x44 ..\obj\port.o
                0x080051d4                PendSV_Handler
 .text.SysTick_Handler
                0x08005218       0x2c ..\obj\port.o
                0x08005218                SysTick_Handler
 .text.vPortSetupTimerInterrupt
                0x08005244       0x28 ..\obj\port.o
                0x08005244                vPortSetupTimerInterrupt
 .text.vPortValidateInterruptPriority
                0x0800526c       0x64 ..\obj\port.o
                0x0800526c                vPortValidateInterruptPriority
 .text.xQueueGenericReset
                0x080052d0       0xc0 ..\obj\queue.o
                0x080052d0                xQueueGenericReset
 .text.xQueueGenericCreate
                0x08005390       0xa0 ..\obj\queue.o
                0x08005390                xQueueGenericCreate
 .text.xQueueCreateMutex
                0x08005430       0xa8 ..\obj\queue.o
                0x08005430                xQueueCreateMutex
 .text.xQueueGenericSend
                0x080054d8      0x188 ..\obj\queue.o
                0x080054d8                xQueueGenericSend
 .text.xQueueGiveFromISR
                0x08005660       0xac ..\obj\queue.o
                0x08005660                xQueueGiveFromISR
 .text.xQueueGenericReceive
                0x0800570c      0x1b8 ..\obj\queue.o
                0x0800570c                xQueueGenericReceive
 .text.prvCopyDataToQueue
                0x080058c4       0xe8 ..\obj\queue.o
 .text.prvCopyDataFromQueue
                0x080059ac       0x50 ..\obj\queue.o
 .text.prvUnlockQueue
                0x080059fc       0xa0 ..\obj\queue.o
 .text.prvIsQueueEmpty
                0x08005a9c       0x34 ..\obj\queue.o
 .text.prvIsQueueFull
                0x08005ad0       0x38 ..\obj\queue.o
 .text.NVIC_EnableIRQ
                0x08005b08       0x38 ..\obj\portserial.o
 .text.RS485SerialEnable
                0x08005b40      0x194 ..\obj\portserial.o
                0x08005b40                RS485SerialEnable
 .text.RS485SerialInit
                0x08005cd4      0x178 ..\obj\portserial.o
                0x08005cd4                RS485SerialInit
 .text.RS485SerialPutByte
                0x08005e4c       0x44 ..\obj\portserial.o
                0x08005e4c                RS485SerialPutByte
 .text.RS485SerialGetByte
                0x08005e90       0x3c ..\obj\portserial.o
                0x08005e90                RS485SerialGetByte
 .text.USART3_IRQHandler
                0x08005ecc       0xdc ..\obj\portserial.o
                0x08005ecc                USART3_IRQHandler
 .text.RS485SerialContextInit
                0x08005fa8       0x90 ..\obj\portserial.o
                0x08005fa8                RS485SerialContextInit
 .text.RS232SerialEnable
                0x08006038       0xb4 ..\obj\portserial.o
                0x08006038                RS232SerialEnable
 .text.RS232SerialInit
                0x080060ec      0x140 ..\obj\portserial.o
                0x080060ec                RS232SerialInit
 .text.RS232SerialPutByte
                0x0800622c       0x44 ..\obj\portserial.o
                0x0800622c                RS232SerialPutByte
 .text.RS232SerialGetByte
                0x08006270       0x3c ..\obj\portserial.o
                0x08006270                RS232SerialGetByte
 .text.UART4_IRQHandler
                0x080062ac       0xdc ..\obj\portserial.o
                0x080062ac                UART4_IRQHandler
 .text.RS232SerialContextInit
                0x08006388       0x90 ..\obj\portserial.o
                0x08006388                RS232SerialContextInit
 .text.SPI_Init
                0x08006418       0x98 ..\obj\stm32f4xx_spi.o
                0x08006418                SPI_Init
 .text.SPI_Cmd  0x080064b0       0x40 ..\obj\stm32f4xx_spi.o
                0x080064b0                SPI_Cmd
 .text.SPI_CalculateCRC
                0x080064f0       0x40 ..\obj\stm32f4xx_spi.o
                0x080064f0                SPI_CalculateCRC
 .text.eMBFuncReadCoils
                0x08006530      0x134 ..\obj\mbfunccoils.o
                0x08006530                eMBFuncReadCoils
 .text.eMBFuncWriteCoil
                0x08006664       0xcc ..\obj\mbfunccoils.o
                0x08006664                eMBFuncWriteCoil
 .text.eMBFuncWriteMultipleCoils
                0x08006730       0xfc ..\obj\mbfunccoils.o
                0x08006730                eMBFuncWriteMultipleCoils
 .text.ADS1220_init
                0x0800682c       0xf8 ..\obj\ADS1220.o
                0x0800682c                ADS1220_init
 .text.ADC_SPI_config
                0x08006924      0x170 ..\obj\ADS1220.o
 .text.ADC_SPI_send
                0x08006a94       0x60 ..\obj\ADS1220.o
                0x08006a94                ADC_SPI_send
 .text.ADC_SPI_read
                0x08006af4       0x14 ..\obj\ADS1220.o
                0x08006af4                ADC_SPI_read
 .text.ADC_RTD1_Task
                0x08006b08      0x3d8 ..\obj\ADS1220.o
 .text.ADC_RTD2_Task
                0x08006ee0       0x84 ..\obj\ADS1220.o
 .text.ADC_Current1_Task
                0x08006f64       0x84 ..\obj\ADS1220.o
 .text.ADC_Current2_Task
                0x08006fe8       0x84 ..\obj\ADS1220.o
 .text.PT100_Code_To_Temperature
                0x0800706c       0xa0 ..\obj\ADS1220.o
                0x0800706c                PT100_Code_To_Temperature
 .text.I2C_DeInit
                0x0800710c       0x88 ..\obj\stm32f4xx_i2c.o
                0x0800710c                I2C_DeInit
 .text.I2C_Init
                0x08007194      0x1b8 ..\obj\stm32f4xx_i2c.o
                0x08007194                I2C_Init
 .text.I2C_Cmd  0x0800734c       0x40 ..\obj\stm32f4xx_i2c.o
                0x0800734c                I2C_Cmd
 .text.I2C_GenerateSTART
                0x0800738c       0x40 ..\obj\stm32f4xx_i2c.o
                0x0800738c                I2C_GenerateSTART
 .text.I2C_GenerateSTOP
                0x080073cc       0x40 ..\obj\stm32f4xx_i2c.o
                0x080073cc                I2C_GenerateSTOP
 .text.I2C_Send7bitAddress
                0x0800740c       0x3c ..\obj\stm32f4xx_i2c.o
                0x0800740c                I2C_Send7bitAddress
 .text.I2C_AcknowledgeConfig
                0x08007448       0x40 ..\obj\stm32f4xx_i2c.o
                0x08007448                I2C_AcknowledgeConfig
 .text.I2C_SendData
                0x08007488       0x20 ..\obj\stm32f4xx_i2c.o
                0x08007488                I2C_SendData
 .text.I2C_ReceiveData
                0x080074a8       0x1c ..\obj\stm32f4xx_i2c.o
                0x080074a8                I2C_ReceiveData
 .text.I2C_CheckEvent
                0x080074c4       0x70 ..\obj\stm32f4xx_i2c.o
                0x080074c4                I2C_CheckEvent
 .text.I2C_GetFlagStatus
                0x08007534       0x7c ..\obj\stm32f4xx_i2c.o
                0x08007534                I2C_GetFlagStatus
 .text.NVIC_EnableIRQ
                0x080075b0       0x38 ..\obj\frequency.o
 .text.FrequencyMeasureInit
                0x080075e8      0x3a4 ..\obj\frequency.o
                0x080075e8                FrequencyMeasureInit
 .text.TIM2_IRQHandler
                0x0800798c      0x160 ..\obj\frequency.o
                0x0800798c                TIM2_IRQHandler
 .text.FrequencyCH1Measure_Task
                0x08007aec      0x180 ..\obj\frequency.o
 .text.FrequencyCH2Measure_Task
                0x08007c6c      0x180 ..\obj\frequency.o
 .text.EXTI_GetITStatus
                0x08007dec       0x60 ..\obj\stm32f4xx_exti.o
                0x08007dec                EXTI_GetITStatus
 .text.EXTI_ClearITPendingBit
                0x08007e4c       0x20 ..\obj\stm32f4xx_exti.o
                0x08007e4c                EXTI_ClearITPendingBit
 .text.NVIC_PriorityGroupConfig
                0x08007e6c       0x28 ..\obj\misc.o
                0x08007e6c                NVIC_PriorityGroupConfig
 .text.NVIC_Init
                0x08007e94       0xe8 ..\obj\misc.o
                0x08007e94                NVIC_Init
 .text.RTC_Init
                0x08007f7c       0xc8 ..\obj\stm32f4xx_rtc.o
                0x08007f7c                RTC_Init
 .text.RTC_StructInit
                0x08008044       0x2c ..\obj\stm32f4xx_rtc.o
                0x08008044                RTC_StructInit
 .text.RTC_EnterInitMode
                0x08008070       0x94 ..\obj\stm32f4xx_rtc.o
                0x08008070                RTC_EnterInitMode
 .text.RTC_ExitInitMode
                0x08008104       0x24 ..\obj\stm32f4xx_rtc.o
                0x08008104                RTC_ExitInitMode
 .text.RTC_WaitForSynchro
                0x08008128       0xb0 ..\obj\stm32f4xx_rtc.o
                0x08008128                RTC_WaitForSynchro
 .text.RTC_SetTime
                0x080081d8      0x14c ..\obj\stm32f4xx_rtc.o
                0x080081d8                RTC_SetTime
 .text.RTC_GetTime
                0x08008324       0xac ..\obj\stm32f4xx_rtc.o
                0x08008324                RTC_GetTime
 .text.RTC_SetDate
                0x080083d0      0x144 ..\obj\stm32f4xx_rtc.o
                0x080083d0                RTC_SetDate
 .text.RTC_GetDate
                0x08008514       0xa8 ..\obj\stm32f4xx_rtc.o
                0x08008514                RTC_GetDate
 .text.RTC_WriteBackupRegister
                0x080085bc       0x38 ..\obj\stm32f4xx_rtc.o
                0x080085bc                RTC_WriteBackupRegister
 .text.RTC_ByteToBcd2
                0x080085f4       0x44 ..\obj\stm32f4xx_rtc.o
 .text.RTC_Bcd2ToByte
                0x08008638       0x40 ..\obj\stm32f4xx_rtc.o
 .text.pvPortMalloc
                0x08008678      0x164 ..\obj\heap_2.o
                0x08008678                pvPortMalloc
 .text.vPortFree
                0x080087dc       0x88 ..\obj\heap_2.o
                0x080087dc                vPortFree
 .text.xPortGetFreeHeapSize
                0x08008864       0x18 ..\obj\heap_2.o
                0x08008864                xPortGetFreeHeapSize
 .text.prvHeapInit
                0x0800887c       0x6c ..\obj\heap_2.o
 .text.ControllerInit
                0x080088e8       0x4c ..\obj\controller.o
                0x080088e8                ControllerInit
 .text.Controller_RestoreSettings
                0x08008934       0x58 ..\obj\controller.o
                0x08008934                Controller_RestoreSettings
 .text.TIM_TimeBaseInit
                0x0800898c       0xf8 ..\obj\stm32f4xx_tim.o
                0x0800898c                TIM_TimeBaseInit
 .text.TIM_TimeBaseStructInit
                0x08008a84       0x3c ..\obj\stm32f4xx_tim.o
                0x08008a84                TIM_TimeBaseStructInit
 .text.TIM_SetCounter
                0x08008ac0       0x1c ..\obj\stm32f4xx_tim.o
                0x08008ac0                TIM_SetCounter
 .text.TIM_ARRPreloadConfig
                0x08008adc       0x40 ..\obj\stm32f4xx_tim.o
                0x08008adc                TIM_ARRPreloadConfig
 .text.TIM_Cmd  0x08008b1c       0x40 ..\obj\stm32f4xx_tim.o
                0x08008b1c                TIM_Cmd
 .text.TIM_ICInit
                0x08008b5c       0xa8 ..\obj\stm32f4xx_tim.o
                0x08008b5c                TIM_ICInit
 .text.TIM_SetIC1Prescaler
                0x08008c04       0x38 ..\obj\stm32f4xx_tim.o
                0x08008c04                TIM_SetIC1Prescaler
 .text.TIM_SetIC2Prescaler
                0x08008c3c       0x40 ..\obj\stm32f4xx_tim.o
                0x08008c3c                TIM_SetIC2Prescaler
 .text.TIM_SetIC3Prescaler
                0x08008c7c       0x38 ..\obj\stm32f4xx_tim.o
                0x08008c7c                TIM_SetIC3Prescaler
 .text.TIM_SetIC4Prescaler
                0x08008cb4       0x40 ..\obj\stm32f4xx_tim.o
                0x08008cb4                TIM_SetIC4Prescaler
 .text.TIM_ITConfig
                0x08008cf4       0x4c ..\obj\stm32f4xx_tim.o
                0x08008cf4                TIM_ITConfig
 .text.TIM_ClearFlag
                0x08008d40       0x24 ..\obj\stm32f4xx_tim.o
                0x08008d40                TIM_ClearFlag
 .text.TIM_ClearITPendingBit
                0x08008d64       0x24 ..\obj\stm32f4xx_tim.o
                0x08008d64                TIM_ClearITPendingBit
 .text.TIM_ETRClockMode2Config
                0x08008d88       0x34 ..\obj\stm32f4xx_tim.o
                0x08008d88                TIM_ETRClockMode2Config
 .text.TIM_ETRConfig
                0x08008dbc       0x54 ..\obj\stm32f4xx_tim.o
                0x08008dbc                TIM_ETRConfig
 .text.TI1_Config
                0x08008e10       0x84 ..\obj\stm32f4xx_tim.o
 .text.TI2_Config
                0x08008e94       0xa4 ..\obj\stm32f4xx_tim.o
 .text.TI3_Config
                0x08008f38       0x94 ..\obj\stm32f4xx_tim.o
 .text.TI4_Config
                0x08008fcc       0xac ..\obj\stm32f4xx_tim.o
 .text.NVIC_SystemReset
                0x08009078       0x34 ..\obj\power_detector.o
 .text.PVD_IRQHandler
                0x080090ac       0x20 ..\obj\power_detector.o
                0x080090ac                PVD_IRQHandler
 .text          0x080090cc      0x370 c:/coocox/coide/gcc/sourcery g++ lite/bin/../lib/gcc/arm-none-eabi/4.5.1/thumb2\libgcc.a(_arm_addsubdf3.o)
                0x080090cc                __aeabi_drsub
                0x080090d4                __aeabi_dsub
                0x080090d4                __subdf3
                0x080090d8                __aeabi_dadd
                0x080090d8                __adddf3
                0x08009350                __floatunsidf
                0x08009350                __aeabi_ui2d
                0x08009370                __floatsidf
                0x08009370                __aeabi_i2d
                0x08009394                __aeabi_f2d
                0x08009394                __extendsfdf2
                0x080093d0                __floatundidf
                0x080093d0                __aeabi_ul2d
                0x080093e0                __floatdidf
                0x080093e0                __aeabi_l2d
 .text          0x0800943c      0x424 c:/coocox/coide/gcc/sourcery g++ lite/bin/../lib/gcc/arm-none-eabi/4.5.1/thumb2\libgcc.a(_arm_muldivdf3.o)
                0x0800943c                __aeabi_dmul
                0x0800943c                __muldf3
                0x08009690                __divdf3
                0x08009690                __aeabi_ddiv
 .text          0x08009860       0xa0 c:/coocox/coide/gcc/sourcery g++ lite/bin/../lib/gcc/arm-none-eabi/4.5.1/thumb2\libgcc.a(_arm_truncdfsf2.o)
                0x08009860                __truncdfsf2
                0x08009860                __aeabi_d2f
 .text          0x08009900      0x21c c:/coocox/coide/gcc/sourcery g++ lite/bin/../lib/gcc/arm-none-eabi/4.5.1/thumb2\libgcc.a(_arm_addsubsf3.o)
                0x08009900                __aeabi_frsub
                0x08009908                __subsf3
                0x08009908                __aeabi_fsub
                0x0800990c                __aeabi_fadd
                0x0800990c                __addsf3
                0x08009a6c                __aeabi_ui2f
                0x08009a6c                __floatunsisf
                0x08009a74                __aeabi_i2f
                0x08009a74                __floatsisf
                0x08009a90                __aeabi_ul2f
                0x08009a90                __floatundisf
                0x08009aa0                __aeabi_l2f
                0x08009aa0                __floatdisf
 .text          0x08009b1c      0x2a0 c:/coocox/coide/gcc/sourcery g++ lite/bin/../lib/gcc/arm-none-eabi/4.5.1/thumb2\libgcc.a(_arm_muldivsf3.o)
                0x08009b1c                __mulsf3
                0x08009b1c                __aeabi_fmul
                0x08009c84                __aeabi_fdiv
                0x08009c84                __divsf3
 .text          0x08009dbc       0x58 c:/coocox/coide/gcc/sourcery g++ lite/bin/../lib/gcc/arm-none-eabi/4.5.1/../../../../arm-none-eabi/lib/thumb2\libc.a(lib_a-memcmp.o)
                0x08009dbc                memcmp
 .text          0x08009e14      0x150 c:/coocox/coide/gcc/sourcery g++ lite/bin/../lib/gcc/arm-none-eabi/4.5.1/../../../../arm-none-eabi/lib/thumb2\libc.a(lib_a-memcpy.o)
                0x08009e14                memcpy
 .text          0x08009f64       0xb4 c:/coocox/coide/gcc/sourcery g++ lite/bin/../lib/gcc/arm-none-eabi/4.5.1/../../../../arm-none-eabi/lib/thumb2\libc.a(lib_a-memset.o)
                0x08009f64                memset
 *(.glue_7t)
 .glue_7t       0x00000000        0x0 linker stubs
 *(.glue_7)
 .glue_7        0x00000000        0x0 linker stubs
 *(.rodata .rodata* .gnu.linkonce.r.*)
 .rodata        0x0800a018       0x20 ..\obj\protocol.o
 .rodata        0x0800a038      0x200 ..\obj\mbcrc.o
 .rodata        0x0800a238        0x4 ..\obj\log.o
 .rodata        0x0800a23c       0x1c ..\obj\tasks.o
 .rodata        0x0800a258        0x4 ..\obj\port.o
 .rodata        0x0800a25c       0x58 ..\obj\ADS1220.o
 .rodata        0x0800a2b4       0x18 ..\obj\frequency.o
 .rodata        0x0800a2cc        0x2 ..\obj\heap_2.o
 *fill*         0x0800a2ce        0x2 00
 .rodata        0x0800a2d0        0x4 ..\obj\controller.o
                0x0800a2d0                stSettingsDefault

.vfp11_veneer   0x0800a2d4        0x0
 .vfp11_veneer  0x00000000        0x0 linker stubs

.v4_bx          0x0800a2d4        0x0
 .v4_bx         0x00000000        0x0 linker stubs

.ARM.extab
 *(.ARM.extab* .gnu.linkonce.armextab.*)

.ARM.exidx
 *(.ARM.exidx* .gnu.linkonce.armexidx.*)
                0x0800a2d4                . = ALIGN (0x4)
                0x0800a2d4                _etext = .
                0x0800a2d4                _sidata = .

.data           0x20000000       0xc0 load address 0x0800a2d4
                0x20000000                _sdata = .
 *(.data .data.*)
 .data          0x20000000        0x6 ..\obj\mbport.o
                0x20000000                REG_INPUT_START
                0x20000001                REG_HOLDING_START
                0x20000002                REG_INPUT_NREGS
                0x20000003                REG_HOLDING_NREGS
                0x20000004                usRegInputStart
                0x20000005                usRegHoldingStart
 *fill*         0x20000006        0x2 00
 .data          0x20000008       0x88 ..\obj\mb.o
 .data          0x20000090       0x10 ..\obj\stm32f4xx_rcc.o
 .data          0x200000a0        0x4 ..\obj\tasks.o
 .data          0x200000a4       0x14 ..\obj\system_stm32f4xx.o
                0x200000a4                SystemCoreClock
                0x200000a8                AHBPrescTable
 .data          0x200000b8        0x4 ..\obj\port.o
 .data          0x200000bc        0x4 ..\obj\heap_2.o
                0x200000c0                . = ALIGN (0x4)
                0x200000c0                _edata = .

.bss            0x200000c0     0x2d8c load address 0x0800a394
                0x200000c0                _sbss = .
 *(.bss .bss.*)
 .bss           0x200000c0       0x24 ..\obj\mbfuncother.o
 .bss           0x200000e4        0x2 ..\obj\log.o
                0x200000e4                current_entry_index
 *fill*         0x200000e6        0x2 00
 .bss           0x200000e8       0xfc ..\obj\tasks.o
                0x200000e8                pxCurrentTCB
 .bss           0x200001e4        0x8 ..\obj\porttimer.o
 .bss           0x200001ec        0x8 ..\obj\port.o
 .bss           0x200001f4       0x10 ..\obj\portserial.o
 .bss           0x20000204       0x1c ..\obj\frequency.o
                0x2000021c                xHigherPriorityTaskWoken
 .bss           0x20000220     0x2814 ..\obj\heap_2.o
 *(COMMON)
 COMMON         0x20002a34      0x2e8 ..\obj\protocol.o
                0x20002a34                stContext_RS232
                0x20002ba8                stContext_RS485
 COMMON         0x20002d1c       0x80 ..\obj\log.o
                0x20002d1c                log_buf
 COMMON         0x20002d9c       0x50 ..\obj\watchdog.o
                0x20002d9c                task_watches
 COMMON         0x20002dec        0x4 ..\obj\fram_i2c.o
                0x20002dec                xI2CBusMutex
 COMMON         0x20002df0        0x4 ..\obj\ADS1220.o
                0x20002df0                xADC_SPI_Mutex
 COMMON         0x20002df4        0x8 ..\obj\frequency.o
                0x20002df4                xFrequencySemaphore
 *fill*         0x20002dfc        0x4 00
 COMMON         0x20002e00       0x4c ..\obj\controller.o
                0x20002e00                stSettings
                0x20002e04                xMeasureDataMutex
                0x20002e08                stMeasureData
                0x20002e48                xSettingsMutex
                0x20002e4c                . = ALIGN (0x4)
                0x20002e4c                _ebss = .

.co_stack       0x20002e4c      0x804 load address 0x0800d120
                0x20002e50                . = ALIGN (0x8)
 *fill*         0x20002e4c        0x4 00
 *(.co_stack .co_stack.*)
 .co_stack      0x20002e50      0x800 ..\obj\startup_stm32f4xx.o
                0x20002e50                pulStack
                0x20003650                . = ALIGN (0x4)
                0x20003650                _end = .
LOAD ..\obj\stm32f4xx_syscfg.o
LOAD ..\obj\mbport.o
LOAD ..\obj\mb.o
LOAD ..\obj\protocol.o
LOAD ..\obj\mbfuncdisc.o
LOAD ..\obj\core_cm3.o
LOAD ..\obj\portevent.o
LOAD ..\obj\mbfuncother.o
LOAD ..\obj\stm32f4xx_usart.o
LOAD ..\obj\stm32f4xx_pwr.o
LOAD ..\obj\rtc.o
LOAD ..\obj\mbutils.o
LOAD ..\obj\startup_stm32f4xx.o
LOAD ..\obj\stm32f4xx_iwdg.o
LOAD ..\obj\mbfuncholding.o
LOAD ..\obj\main.o
LOAD ..\obj\mbcrc.o
LOAD ..\obj\stm32f4xx_rcc.o
LOAD ..\obj\mbfuncfile.o
LOAD ..\obj\timers.o
LOAD ..\obj\log.o
LOAD ..\obj\mbfuncinput.o
LOAD ..\obj\printf.o
LOAD ..\obj\watchdog.o
LOAD ..\obj\mbfuncdiag.o
LOAD ..\obj\tasks.o
LOAD ..\obj\fram_i2c.o
LOAD ..\obj\stm32f4xx_gpio.o
LOAD ..\obj\porttimer.o
LOAD ..\obj\mbrtu.o
LOAD ..\obj\list.o
LOAD ..\obj\system_stm32f4xx.o
LOAD ..\obj\syscalls.o
LOAD ..\obj\port.o
LOAD ..\obj\queue.o
LOAD ..\obj\portserial.o
LOAD ..\obj\croutine.o
LOAD ..\obj\stm32f4xx_spi.o
LOAD ..\obj\mbfunccoils.o
LOAD ..\obj\event_groups.o
LOAD ..\obj\ADS1220.o
LOAD ..\obj\stm32f4xx_i2c.o
LOAD ..\obj\frequency.o
LOAD ..\obj\stm32f4xx_exti.o
LOAD ..\obj\misc.o
LOAD ..\obj\stm32f4xx_rtc.o
LOAD ..\obj\mbascii.o
LOAD ..\obj\heap_2.o
LOAD ..\obj\controller.o
LOAD ..\obj\stm32f4xx_tim.o
LOAD ..\obj\power_detector.o
START GROUP
LOAD c:/coocox/coide/gcc/sourcery g++ lite/bin/../lib/gcc/arm-none-eabi/4.5.1/thumb2\libgcc.a
LOAD c:/coocox/coide/gcc/sourcery g++ lite/bin/../lib/gcc/arm-none-eabi/4.5.1/../../../../arm-none-eabi/lib/thumb2\libc.a
END GROUP
OUTPUT(IMS_CONTROLLER.elf elf32-littlearm)

.debug_abbrev   0x00000000     0x3bbf
 .debug_abbrev  0x00000000      0x12a ..\obj\stm32f4xx_syscfg.o
 .debug_abbrev  0x0000012a      0x190 ..\obj\mbport.o
 .debug_abbrev  0x000002ba      0x199 ..\obj\mb.o
 .debug_abbrev  0x00000453      0x164 ..\obj\protocol.o
 .debug_abbrev  0x000005b7       0xa5 ..\obj\mbfuncdisc.o
 .debug_abbrev  0x0000065c       0xd5 ..\obj\core_cm3.o
 .debug_abbrev  0x00000731       0xc1 ..\obj\portevent.o
 .debug_abbrev  0x000007f2       0xbe ..\obj\mbfuncother.o
 .debug_abbrev  0x000008b0      0x14e ..\obj\stm32f4xx_usart.o
 .debug_abbrev  0x000009fe      0x175 ..\obj\stm32f4xx_pwr.o
 .debug_abbrev  0x00000b73       0xc6 ..\obj\rtc.o
 .debug_abbrev  0x00000c39       0xd2 ..\obj\mbutils.o
 .debug_abbrev  0x00000d0b       0xac ..\obj\startup_stm32f4xx.o
 .debug_abbrev  0x00000db7       0xfa ..\obj\stm32f4xx_iwdg.o
 .debug_abbrev  0x00000eb1       0xa5 ..\obj\mbfuncholding.o
 .debug_abbrev  0x00000f56       0xc0 ..\obj\main.o
 .debug_abbrev  0x00001016       0x90 ..\obj\mbcrc.o
 .debug_abbrev  0x000010a6      0x1b7 ..\obj\stm32f4xx_rcc.o
 .debug_abbrev  0x0000125d       0xe2 ..\obj\mbfuncfile.o
 .debug_abbrev  0x0000133f       0x28 ..\obj\timers.o
 .debug_abbrev  0x00001367      0x15c ..\obj\log.o
 .debug_abbrev  0x000014c3       0xa5 ..\obj\mbfuncinput.o
 .debug_abbrev  0x00001568      0x238 ..\obj\printf.o
 .debug_abbrev  0x000017a0      0x120 ..\obj\watchdog.o
 .debug_abbrev  0x000018c0        0x1 ..\obj\mbfuncdiag.o
 .debug_abbrev  0x000018c1      0x206 ..\obj\tasks.o
 .debug_abbrev  0x00001ac7      0x1c6 ..\obj\fram_i2c.o
 .debug_abbrev  0x00001c8d      0x182 ..\obj\stm32f4xx_gpio.o
 .debug_abbrev  0x00001e0f      0x1b6 ..\obj\porttimer.o
 .debug_abbrev  0x00001fc5      0x180 ..\obj\mbrtu.o
 .debug_abbrev  0x00002145       0xb8 ..\obj\list.o
 .debug_abbrev  0x000021fd      0x140 ..\obj\system_stm32f4xx.o
 .debug_abbrev  0x0000233d       0xde ..\obj\syscalls.o
 .debug_abbrev  0x0000241b      0x186 ..\obj\port.o
 .debug_abbrev  0x000025a1      0x132 ..\obj\queue.o
 .debug_abbrev  0x000026d3      0x203 ..\obj\portserial.o
 .debug_abbrev  0x000028d6      0x17f ..\obj\croutine.o
 .debug_abbrev  0x00002a55      0x160 ..\obj\stm32f4xx_spi.o
 .debug_abbrev  0x00002bb5       0xb7 ..\obj\mbfunccoils.o
 .debug_abbrev  0x00002c6c      0x10f ..\obj\event_groups.o
 .debug_abbrev  0x00002d7b      0x1ac ..\obj\ADS1220.o
 .debug_abbrev  0x00002f27      0x15d ..\obj\stm32f4xx_i2c.o
 .debug_abbrev  0x00003084      0x1b6 ..\obj\frequency.o
 .debug_abbrev  0x0000323a      0x198 ..\obj\stm32f4xx_exti.o
 .debug_abbrev  0x000033d2      0x126 ..\obj\misc.o
 .debug_abbrev  0x000034f8      0x16b ..\obj\stm32f4xx_rtc.o
 .debug_abbrev  0x00003663       0x4d ..\obj\mbascii.o
 .debug_abbrev  0x000036b0      0x15f ..\obj\heap_2.o
 .debug_abbrev  0x0000380f       0xe8 ..\obj\controller.o
 .debug_abbrev  0x000038f7      0x163 ..\obj\stm32f4xx_tim.o
 .debug_abbrev  0x00003a5a      0x165 ..\obj\power_detector.o

.debug_info     0x00000000    0x14bf7
 .debug_info    0x00000000      0x27a ..\obj\stm32f4xx_syscfg.o
 .debug_info    0x0000027a      0x8a9 ..\obj\mbport.o
 .debug_info    0x00000b23      0x9a1 ..\obj\mb.o
 .debug_info    0x000014c4      0x884 ..\obj\protocol.o
 .debug_info    0x00001d48      0x1f9 ..\obj\mbfuncdisc.o
 .debug_info    0x00001f41      0x548 ..\obj\core_cm3.o
 .debug_info    0x00002489      0x1c4 ..\obj\portevent.o
 .debug_info    0x0000264d      0x25c ..\obj\mbfuncother.o
 .debug_info    0x000028a9      0xa4f ..\obj\stm32f4xx_usart.o
 .debug_info    0x000032f8      0x53e ..\obj\stm32f4xx_pwr.o
 .debug_info    0x00003836      0x16b ..\obj\rtc.o
 .debug_info    0x000039a1      0x2d1 ..\obj\mbutils.o
 .debug_info    0x00003c72      0x135 ..\obj\startup_stm32f4xx.o
 .debug_info    0x00003da7      0x20b ..\obj\stm32f4xx_iwdg.o
 .debug_info    0x00003fb2      0x38e ..\obj\mbfuncholding.o
 .debug_info    0x00004340      0x188 ..\obj\main.o
 .debug_info    0x000044c8      0x13e ..\obj\mbcrc.o
 .debug_info    0x00004606      0xd24 ..\obj\stm32f4xx_rcc.o
 .debug_info    0x0000532a      0x25d ..\obj\mbfuncfile.o
 .debug_info    0x00005587       0x6f ..\obj\timers.o
 .debug_info    0x000055f6      0x3f8 ..\obj\log.o
 .debug_info    0x000059ee      0x1eb ..\obj\mbfuncinput.o
 .debug_info    0x00005bd9      0xed2 ..\obj\printf.o
 .debug_info    0x00006aab      0x1ab ..\obj\watchdog.o
 .debug_info    0x00006c56        0x0 ..\obj\mbfuncdiag.o
 .debug_info    0x00006c56     0x12a7 ..\obj\tasks.o
 .debug_info    0x00007efd      0x69a ..\obj\fram_i2c.o
 .debug_info    0x00008597      0x639 ..\obj\stm32f4xx_gpio.o
 .debug_info    0x00008bd0      0xe0c ..\obj\porttimer.o
 .debug_info    0x000099dc      0x7fd ..\obj\mbrtu.o
 .debug_info    0x0000a1d9      0x2b5 ..\obj\list.o
 .debug_info    0x0000a48e      0x5ea ..\obj\system_stm32f4xx.o
 .debug_info    0x0000aa78      0x440 ..\obj\syscalls.o
 .debug_info    0x0000aeb8      0x330 ..\obj\port.o
 .debug_info    0x0000b1e8      0x9ea ..\obj\queue.o
 .debug_info    0x0000bbd2     0x1160 ..\obj\portserial.o
 .debug_info    0x0000cd32      0x4ec ..\obj\croutine.o
 .debug_info    0x0000d21e      0xbcc ..\obj\stm32f4xx_spi.o
 .debug_info    0x0000ddea      0x31e ..\obj\mbfunccoils.o
 .debug_info    0x0000e108      0x639 ..\obj\event_groups.o
 .debug_info    0x0000e741      0x747 ..\obj\ADS1220.o
 .debug_info    0x0000ee88      0xb91 ..\obj\stm32f4xx_i2c.o
 .debug_info    0x0000fa19      0xc86 ..\obj\frequency.o
 .debug_info    0x0001069f      0x372 ..\obj\stm32f4xx_exti.o
 .debug_info    0x00010a11      0x594 ..\obj\misc.o
 .debug_info    0x00010fa5     0x1223 ..\obj\stm32f4xx_rtc.o
 .debug_info    0x000121c8       0x9b ..\obj\mbascii.o
 .debug_info    0x00012263      0x2e3 ..\obj\heap_2.o
 .debug_info    0x00012546      0x231 ..\obj\controller.o
 .debug_info    0x00012777     0x1e28 ..\obj\stm32f4xx_tim.o
 .debug_info    0x0001459f      0x658 ..\obj\power_detector.o

.debug_line     0x00000000     0xa5fd
 .debug_line    0x00000000      0x202 ..\obj\stm32f4xx_syscfg.o
 .debug_line    0x00000202      0x500 ..\obj\mbport.o
 .debug_line    0x00000702      0x326 ..\obj\mb.o
 .debug_line    0x00000a28      0x333 ..\obj\protocol.o
 .debug_line    0x00000d5b      0x1ed ..\obj\mbfuncdisc.o
 .debug_line    0x00000f48      0x28e ..\obj\core_cm3.o
 .debug_line    0x000011d6      0x1d1 ..\obj\portevent.o
 .debug_line    0x000013a7      0x259 ..\obj\mbfuncother.o
 .debug_line    0x00001600      0x49c ..\obj\stm32f4xx_usart.o
 .debug_line    0x00001a9c      0x29f ..\obj\stm32f4xx_pwr.o
 .debug_line    0x00001d3b      0x1fe ..\obj\rtc.o
 .debug_line    0x00001f39      0x261 ..\obj\mbutils.o
 .debug_line    0x0000219a       0xaf ..\obj\startup_stm32f4xx.o
 .debug_line    0x00002249      0x1f9 ..\obj\stm32f4xx_iwdg.o
 .debug_line    0x00002442      0x283 ..\obj\mbfuncholding.o
 .debug_line    0x000026c5      0x2ad ..\obj\main.o
 .debug_line    0x00002972      0x164 ..\obj\mbcrc.o
 .debug_line    0x00002ad6      0x598 ..\obj\stm32f4xx_rcc.o
 .debug_line    0x0000306e      0x226 ..\obj\mbfuncfile.o
 .debug_line    0x00003294       0x1d ..\obj\timers.o
 .debug_line    0x000032b1      0x381 ..\obj\log.o
 .debug_line    0x00003632      0x1e3 ..\obj\mbfuncinput.o
 .debug_line    0x00003815      0x3cf ..\obj\printf.o
 .debug_line    0x00003be4      0x257 ..\obj\watchdog.o
 .debug_line    0x00003e3b        0x0 ..\obj\mbfuncdiag.o
 .debug_line    0x00003e3b      0xab6 ..\obj\tasks.o
 .debug_line    0x000048f1      0x48d ..\obj\fram_i2c.o
 .debug_line    0x00004d7e      0x337 ..\obj\stm32f4xx_gpio.o
 .debug_line    0x000050b5      0x3cd ..\obj\porttimer.o
 .debug_line    0x00005482      0x293 ..\obj\mbrtu.o
 .debug_line    0x00005715      0x241 ..\obj\list.o
 .debug_line    0x00005956      0x211 ..\obj\system_stm32f4xx.o
 .debug_line    0x00005b67      0x19d ..\obj\syscalls.o
 .debug_line    0x00005d04      0x30a ..\obj\port.o
 .debug_line    0x0000600e      0x6fb ..\obj\queue.o
 .debug_line    0x00006709      0x4e1 ..\obj\portserial.o
 .debug_line    0x00006bea      0x30d ..\obj\croutine.o
 .debug_line    0x00006ef7      0x44c ..\obj\stm32f4xx_spi.o
 .debug_line    0x00007343      0x25b ..\obj\mbfunccoils.o
 .debug_line    0x0000759e      0x395 ..\obj\event_groups.o
 .debug_line    0x00007933      0x47f ..\obj\ADS1220.o
 .debug_line    0x00007db2      0x4d4 ..\obj\stm32f4xx_i2c.o
 .debug_line    0x00008286      0x426 ..\obj\frequency.o
 .debug_line    0x000086ac      0x2a1 ..\obj\stm32f4xx_exti.o
 .debug_line    0x0000894d      0x23d ..\obj\misc.o
 .debug_line    0x00008b8a      0x80f ..\obj\stm32f4xx_rtc.o
 .debug_line    0x00009399       0xde ..\obj\mbascii.o
 .debug_line    0x00009477      0x28b ..\obj\heap_2.o
 .debug_line    0x00009702      0x229 ..\obj\controller.o
 .debug_line    0x0000992b      0xa71 ..\obj\stm32f4xx_tim.o
 .debug_line    0x0000a39c      0x261 ..\obj\power_detector.o

.debug_loc      0x00000000     0x7d4d
 .debug_loc     0x00000000      0x144 ..\obj\stm32f4xx_syscfg.o
 .debug_loc     0x00000144      0x176 ..\obj\mbport.o
 .debug_loc     0x000002ba      0x150 ..\obj\mb.o
 .debug_loc     0x0000040a       0xa8 ..\obj\protocol.o
 .debug_loc     0x000004b2       0x38 ..\obj\mbfuncdisc.o
 .debug_loc     0x000004ea      0x3f0 ..\obj\core_cm3.o
 .debug_loc     0x000008da       0xa8 ..\obj\portevent.o
 .debug_loc     0x00000982       0x70 ..\obj\mbfuncother.o
 .debug_loc     0x000009f2      0x658 ..\obj\stm32f4xx_usart.o
 .debug_loc     0x0000104a      0x288 ..\obj\stm32f4xx_pwr.o
 .debug_loc     0x000012d2       0x38 ..\obj\rtc.o
 .debug_loc     0x0000130a       0xa8 ..\obj\mbutils.o
 .debug_loc     0x000013b2       0x64 ..\obj\startup_stm32f4xx.o
 .debug_loc     0x00001416      0x138 ..\obj\stm32f4xx_iwdg.o
 .debug_loc     0x0000154e       0xe0 ..\obj\mbfuncholding.o
 .debug_loc     0x0000162e      0x100 ..\obj\main.o
 .debug_loc     0x0000172e       0x38 ..\obj\mbcrc.o
 .debug_loc     0x00001766      0x97c ..\obj\stm32f4xx_rcc.o
 .debug_loc     0x000020e2       0x3a ..\obj\mbfuncfile.o
 .debug_loc     0x0000211c       0xe2 ..\obj\log.o
 .debug_loc     0x000021fe       0x38 ..\obj\mbfuncinput.o
 .debug_loc     0x00002236      0x3ea ..\obj\printf.o
 .debug_loc     0x00002620       0x70 ..\obj\watchdog.o
 .debug_loc     0x00002690      0x92c ..\obj\tasks.o
 .debug_loc     0x00002fbc      0x118 ..\obj\fram_i2c.o
 .debug_loc     0x000030d4      0x310 ..\obj\stm32f4xx_gpio.o
 .debug_loc     0x000033e4      0x1e8 ..\obj\porttimer.o
 .debug_loc     0x000035cc      0x1c0 ..\obj\mbrtu.o
 .debug_loc     0x0000378c      0x118 ..\obj\list.o
 .debug_loc     0x000038a4       0x9c ..\obj\system_stm32f4xx.o
 .debug_loc     0x00003940      0x1ec ..\obj\syscalls.o
 .debug_loc     0x00003b2c      0x1dc ..\obj\port.o
 .debug_loc     0x00003d08      0x460 ..\obj\queue.o
 .debug_loc     0x00004168      0x2c0 ..\obj\portserial.o
 .debug_loc     0x00004428      0x188 ..\obj\croutine.o
 .debug_loc     0x000045b0      0x578 ..\obj\stm32f4xx_spi.o
 .debug_loc     0x00004b28       0xa8 ..\obj\mbfunccoils.o
 .debug_loc     0x00004bd0      0x230 ..\obj\event_groups.o
 .debug_loc     0x00004e00      0x1ec ..\obj\ADS1220.o
 .debug_loc     0x00004fec      0x738 ..\obj\stm32f4xx_i2c.o
 .debug_loc     0x00005724      0x10d ..\obj\frequency.o
 .debug_loc     0x00005831      0x1b4 ..\obj\stm32f4xx_exti.o
 .debug_loc     0x000059e5      0x118 ..\obj\misc.o
 .debug_loc     0x00005afd      0xc48 ..\obj\stm32f4xx_rtc.o
 .debug_loc     0x00006745      0x100 ..\obj\heap_2.o
 .debug_loc     0x00006845       0x58 ..\obj\controller.o
 .debug_loc     0x0000689d     0x1420 ..\obj\stm32f4xx_tim.o
 .debug_loc     0x00007cbd       0x90 ..\obj\power_detector.o

.debug_pubnames
                0x00000000     0x3418
 .debug_pubnames
                0x00000000       0xc3 ..\obj\stm32f4xx_syscfg.o
 .debug_pubnames
                0x000000c3      0x120 ..\obj\mbport.o
 .debug_pubnames
                0x000001e3       0x66 ..\obj\mb.o
 .debug_pubnames
                0x00000249       0x4c ..\obj\protocol.o
 .debug_pubnames
                0x00000295       0x30 ..\obj\mbfuncdisc.o
 .debug_pubnames
                0x000002c5      0x159 ..\obj\core_cm3.o
 .debug_pubnames
                0x0000041e       0x50 ..\obj\portevent.o
 .debug_pubnames
                0x0000046e       0x3d ..\obj\mbfuncother.o
 .debug_pubnames
                0x000004ab      0x294 ..\obj\stm32f4xx_usart.o
 .debug_pubnames
                0x0000073f      0x120 ..\obj\stm32f4xx_pwr.o
 .debug_pubnames
                0x0000085f       0x25 ..\obj\rtc.o
 .debug_pubnames
                0x00000884       0x52 ..\obj\mbutils.o
 .debug_pubnames
                0x000008d6       0x4a ..\obj\startup_stm32f4xx.o
 .debug_pubnames
                0x00000920       0x91 ..\obj\stm32f4xx_iwdg.o
 .debug_pubnames
                0x000009b1       0xa5 ..\obj\mbfuncholding.o
 .debug_pubnames
                0x00000a56       0x90 ..\obj\main.o
 .debug_pubnames
                0x00000ae6       0x20 ..\obj\mbcrc.o
 .debug_pubnames
                0x00000b06      0x417 ..\obj\stm32f4xx_rcc.o
 .debug_pubnames
                0x00000f1d       0x26 ..\obj\mbfuncfile.o
 .debug_pubnames
                0x00000f43       0x70 ..\obj\log.o
 .debug_pubnames
                0x00000fb3       0x2f ..\obj\mbfuncinput.o
 .debug_pubnames
                0x00000fe2      0x101 ..\obj\printf.o
 .debug_pubnames
                0x000010e3       0x35 ..\obj\watchdog.o
 .debug_pubnames
                0x00001118      0x350 ..\obj\tasks.o
 .debug_pubnames
                0x00001468       0x97 ..\obj\fram_i2c.o
 .debug_pubnames
                0x000014ff      0x12d ..\obj\stm32f4xx_gpio.o
 .debug_pubnames
                0x0000162c       0xf0 ..\obj\porttimer.o
 .debug_pubnames
                0x0000171c       0xa6 ..\obj\mbrtu.o
 .debug_pubnames
                0x000017c2       0x72 ..\obj\list.o
 .debug_pubnames
                0x00001834       0x61 ..\obj\system_stm32f4xx.o
 .debug_pubnames
                0x00001895       0x71 ..\obj\syscalls.o
 .debug_pubnames
                0x00001906      0x144 ..\obj\port.o
 .debug_pubnames
                0x00001a4a      0x18c ..\obj\queue.o
 .debug_pubnames
                0x00001bd6      0x123 ..\obj\portserial.o
 .debug_pubnames
                0x00001cf9       0x96 ..\obj\croutine.o
 .debug_pubnames
                0x00001d8f      0x221 ..\obj\stm32f4xx_spi.o
 .debug_pubnames
                0x00001fb0       0x5a ..\obj\mbfunccoils.o
 .debug_pubnames
                0x0000200a       0xf8 ..\obj\event_groups.o
 .debug_pubnames
                0x00002102       0x76 ..\obj\ADS1220.o
 .debug_pubnames
                0x00002178      0x2cb ..\obj\stm32f4xx_i2c.o
 .debug_pubnames
                0x00002443       0x74 ..\obj\frequency.o
 .debug_pubnames
                0x000024b7       0xbb ..\obj\stm32f4xx_exti.o
 .debug_pubnames
                0x00002572       0x89 ..\obj\misc.o
 .debug_pubnames
                0x000025fb      0x514 ..\obj\stm32f4xx_rtc.o
 .debug_pubnames
                0x00002b0f       0x64 ..\obj\heap_2.o
 .debug_pubnames
                0x00002b73       0xa4 ..\obj\controller.o
 .debug_pubnames
                0x00002c17      0x7c4 ..\obj\stm32f4xx_tim.o
 .debug_pubnames
                0x000033db       0x3d ..\obj\power_detector.o

.debug_pubtypes
                0x00000000     0x2654
 .debug_pubtypes
                0x00000000       0x6d ..\obj\stm32f4xx_syscfg.o
 .debug_pubtypes
                0x0000006d      0x163 ..\obj\mbport.o
 .debug_pubtypes
                0x000001d0      0x17e ..\obj\mb.o
 .debug_pubtypes
                0x0000034e      0x16e ..\obj\protocol.o
 .debug_pubtypes
                0x000004bc       0x6e ..\obj\mbfuncdisc.o
 .debug_pubtypes
                0x0000052a       0x50 ..\obj\core_cm3.o
 .debug_pubtypes
                0x0000057a       0x52 ..\obj\portevent.o
 .debug_pubtypes
                0x000005cc       0x82 ..\obj\mbfuncother.o
 .debug_pubtypes
                0x0000064e       0xcd ..\obj\stm32f4xx_usart.o
 .debug_pubtypes
                0x0000071b       0x84 ..\obj\stm32f4xx_pwr.o
 .debug_pubtypes
                0x0000079f       0x4b ..\obj\rtc.o
 .debug_pubtypes
                0x000007ea       0x79 ..\obj\mbutils.o
 .debug_pubtypes
                0x00000863       0x64 ..\obj\stm32f4xx_iwdg.o
 .debug_pubtypes
                0x000008c7       0x6e ..\obj\mbfuncholding.o
 .debug_pubtypes
                0x00000935       0x49 ..\obj\main.o
 .debug_pubtypes
                0x0000097e       0x40 ..\obj\mbcrc.o
 .debug_pubtypes
                0x000009be       0xaa ..\obj\stm32f4xx_rcc.o
 .debug_pubtypes
                0x00000a68       0x85 ..\obj\mbfuncfile.o
 .debug_pubtypes
                0x00000aed       0x12 ..\obj\timers.o
 .debug_pubtypes
                0x00000aff       0xfa ..\obj\log.o
 .debug_pubtypes
                0x00000bf9       0x6e ..\obj\mbfuncinput.o
 .debug_pubtypes
                0x00000c67      0x139 ..\obj\printf.o
 .debug_pubtypes
                0x00000da0       0x63 ..\obj\watchdog.o
 .debug_pubtypes
                0x00000e03      0x191 ..\obj\tasks.o
 .debug_pubtypes
                0x00000f94      0x152 ..\obj\fram_i2c.o
 .debug_pubtypes
                0x000010e6       0xce ..\obj\stm32f4xx_gpio.o
 .debug_pubtypes
                0x000011b4      0x1ad ..\obj\porttimer.o
 .debug_pubtypes
                0x00001361      0x115 ..\obj\mbrtu.o
 .debug_pubtypes
                0x00001476       0x98 ..\obj\list.o
 .debug_pubtypes
                0x0000150e       0x73 ..\obj\system_stm32f4xx.o
 .debug_pubtypes
                0x00001581       0xaa ..\obj\syscalls.o
 .debug_pubtypes
                0x0000162b       0x7c ..\obj\port.o
 .debug_pubtypes
                0x000016a7      0x122 ..\obj\queue.o
 .debug_pubtypes
                0x000017c9      0x257 ..\obj\portserial.o
 .debug_pubtypes
                0x00001a20      0x107 ..\obj\croutine.o
 .debug_pubtypes
                0x00001b27       0xbc ..\obj\stm32f4xx_spi.o
 .debug_pubtypes
                0x00001be3       0x6e ..\obj\mbfunccoils.o
 .debug_pubtypes
                0x00001c51       0xf9 ..\obj\event_groups.o
 .debug_pubtypes
                0x00001d4a      0x163 ..\obj\ADS1220.o
 .debug_pubtypes
                0x00001ead       0xbe ..\obj\stm32f4xx_i2c.o
 .debug_pubtypes
                0x00001f6b      0x1fc ..\obj\frequency.o
 .debug_pubtypes
                0x00002167       0xae ..\obj\stm32f4xx_exti.o
 .debug_pubtypes
                0x00002215       0x8c ..\obj\misc.o
 .debug_pubtypes
                0x000022a1       0xd8 ..\obj\stm32f4xx_rtc.o
 .debug_pubtypes
                0x00002379       0x1e ..\obj\mbascii.o
 .debug_pubtypes
                0x00002397       0x73 ..\obj\heap_2.o
 .debug_pubtypes
                0x0000240a       0xa1 ..\obj\controller.o
 .debug_pubtypes
                0x000024ab       0xe4 ..\obj\stm32f4xx_tim.o
 .debug_pubtypes
                0x0000258f       0xc5 ..\obj\power_detector.o

.debug_aranges  0x00000000     0x16f8
 .debug_aranges
                0x00000000       0x48 ..\obj\stm32f4xx_syscfg.o
 .debug_aranges
                0x00000048       0x50 ..\obj\mbport.o
 .debug_aranges
                0x00000098       0x48 ..\obj\mb.o
 .debug_aranges
                0x000000e0       0x30 ..\obj\protocol.o
 .debug_aranges
                0x00000110       0x20 ..\obj\mbfuncdisc.o
 .debug_aranges
                0x00000130       0xc8 ..\obj\core_cm3.o
 .debug_aranges
                0x000001f8       0x30 ..\obj\portevent.o
 .debug_aranges
                0x00000228       0x28 ..\obj\mbfuncother.o
 .debug_aranges
                0x00000250      0x100 ..\obj\stm32f4xx_usart.o
 .debug_aranges
                0x00000350       0x78 ..\obj\stm32f4xx_pwr.o
 .debug_aranges
                0x000003c8       0x20 ..\obj\rtc.o
 .debug_aranges
                0x000003e8       0x30 ..\obj\mbutils.o
 .debug_aranges
                0x00000418       0x28 ..\obj\startup_stm32f4xx.o
 .debug_aranges
                0x00000440       0x48 ..\obj\stm32f4xx_iwdg.o
 .debug_aranges
                0x00000488       0x38 ..\obj\mbfuncholding.o
 .debug_aranges
                0x000004c0       0x40 ..\obj\main.o
 .debug_aranges
                0x00000500       0x20 ..\obj\mbcrc.o
 .debug_aranges
                0x00000520      0x178 ..\obj\stm32f4xx_rcc.o
 .debug_aranges
                0x00000698       0x20 ..\obj\mbfuncfile.o
 .debug_aranges
                0x000006b8       0x38 ..\obj\log.o
 .debug_aranges
                0x000006f0       0x20 ..\obj\mbfuncinput.o
 .debug_aranges
                0x00000710       0xa0 ..\obj\printf.o
 .debug_aranges
                0x000007b0       0x28 ..\obj\watchdog.o
 .debug_aranges
                0x000007d8      0x170 ..\obj\tasks.o
 .debug_aranges
                0x00000948       0x40 ..\obj\fram_i2c.o
 .debug_aranges
                0x00000988       0x88 ..\obj\stm32f4xx_gpio.o
 .debug_aranges
                0x00000a10       0x68 ..\obj\porttimer.o
 .debug_aranges
                0x00000a78       0x58 ..\obj\mbrtu.o
 .debug_aranges
                0x00000ad0       0x40 ..\obj\list.o
 .debug_aranges
                0x00000b10       0x30 ..\obj\system_stm32f4xx.o
 .debug_aranges
                0x00000b40       0x60 ..\obj\syscalls.o
 .debug_aranges
                0x00000ba0       0x90 ..\obj\port.o
 .debug_aranges
                0x00000c30       0xb8 ..\obj\queue.o
 .debug_aranges
                0x00000ce8       0x80 ..\obj\portserial.o
 .debug_aranges
                0x00000d68       0x50 ..\obj\croutine.o
 .debug_aranges
                0x00000db8       0xe0 ..\obj\stm32f4xx_spi.o
 .debug_aranges
                0x00000e98       0x30 ..\obj\mbfunccoils.o
 .debug_aranges
                0x00000ec8       0x68 ..\obj\event_groups.o
 .debug_aranges
                0x00000f30       0x60 ..\obj\ADS1220.o
 .debug_aranges
                0x00000f90      0x120 ..\obj\stm32f4xx_i2c.o
 .debug_aranges
                0x000010b0       0x40 ..\obj\frequency.o
 .debug_aranges
                0x000010f0       0x58 ..\obj\stm32f4xx_exti.o
 .debug_aranges
                0x00001148       0x40 ..\obj\misc.o
 .debug_aranges
                0x00001188      0x1e0 ..\obj\stm32f4xx_rtc.o
 .debug_aranges
                0x00001368       0x40 ..\obj\heap_2.o
 .debug_aranges
                0x000013a8       0x28 ..\obj\controller.o
 .debug_aranges
                0x000013d0      0x2f8 ..\obj\stm32f4xx_tim.o
 .debug_aranges
                0x000016c8       0x30 ..\obj\power_detector.o

.debug_ranges   0x00000000     0x13f8
 .debug_ranges  0x00000000       0x38 ..\obj\stm32f4xx_syscfg.o
 .debug_ranges  0x00000038       0x40 ..\obj\mbport.o
 .debug_ranges  0x00000078       0x38 ..\obj\mb.o
 .debug_ranges  0x000000b0       0x20 ..\obj\protocol.o
 .debug_ranges  0x000000d0       0x10 ..\obj\mbfuncdisc.o
 .debug_ranges  0x000000e0       0xb8 ..\obj\core_cm3.o
 .debug_ranges  0x00000198       0x20 ..\obj\portevent.o
 .debug_ranges  0x000001b8       0x18 ..\obj\mbfuncother.o
 .debug_ranges  0x000001d0       0xf0 ..\obj\stm32f4xx_usart.o
 .debug_ranges  0x000002c0       0x68 ..\obj\stm32f4xx_pwr.o
 .debug_ranges  0x00000328       0x10 ..\obj\rtc.o
 .debug_ranges  0x00000338       0x20 ..\obj\mbutils.o
 .debug_ranges  0x00000358       0x18 ..\obj\startup_stm32f4xx.o
 .debug_ranges  0x00000370       0x38 ..\obj\stm32f4xx_iwdg.o
 .debug_ranges  0x000003a8       0x28 ..\obj\mbfuncholding.o
 .debug_ranges  0x000003d0       0x30 ..\obj\main.o
 .debug_ranges  0x00000400       0x10 ..\obj\mbcrc.o
 .debug_ranges  0x00000410      0x168 ..\obj\stm32f4xx_rcc.o
 .debug_ranges  0x00000578       0x10 ..\obj\mbfuncfile.o
 .debug_ranges  0x00000588       0x28 ..\obj\log.o
 .debug_ranges  0x000005b0       0x10 ..\obj\mbfuncinput.o
 .debug_ranges  0x000005c0       0x90 ..\obj\printf.o
 .debug_ranges  0x00000650       0x18 ..\obj\watchdog.o
 .debug_ranges  0x00000668      0x160 ..\obj\tasks.o
 .debug_ranges  0x000007c8       0x30 ..\obj\fram_i2c.o
 .debug_ranges  0x000007f8       0x78 ..\obj\stm32f4xx_gpio.o
 .debug_ranges  0x00000870       0x58 ..\obj\porttimer.o
 .debug_ranges  0x000008c8       0x48 ..\obj\mbrtu.o
 .debug_ranges  0x00000910       0x30 ..\obj\list.o
 .debug_ranges  0x00000940       0x20 ..\obj\system_stm32f4xx.o
 .debug_ranges  0x00000960       0x50 ..\obj\syscalls.o
 .debug_ranges  0x000009b0       0x80 ..\obj\port.o
 .debug_ranges  0x00000a30       0xa8 ..\obj\queue.o
 .debug_ranges  0x00000ad8       0x70 ..\obj\portserial.o
 .debug_ranges  0x00000b48       0x40 ..\obj\croutine.o
 .debug_ranges  0x00000b88       0xd0 ..\obj\stm32f4xx_spi.o
 .debug_ranges  0x00000c58       0x20 ..\obj\mbfunccoils.o
 .debug_ranges  0x00000c78       0x58 ..\obj\event_groups.o
 .debug_ranges  0x00000cd0       0x50 ..\obj\ADS1220.o
 .debug_ranges  0x00000d20      0x110 ..\obj\stm32f4xx_i2c.o
 .debug_ranges  0x00000e30       0x30 ..\obj\frequency.o
 .debug_ranges  0x00000e60       0x48 ..\obj\stm32f4xx_exti.o
 .debug_ranges  0x00000ea8       0x30 ..\obj\misc.o
 .debug_ranges  0x00000ed8      0x1d0 ..\obj\stm32f4xx_rtc.o
 .debug_ranges  0x000010a8       0x30 ..\obj\heap_2.o
 .debug_ranges  0x000010d8       0x18 ..\obj\controller.o
 .debug_ranges  0x000010f0      0x2e8 ..\obj\stm32f4xx_tim.o
 .debug_ranges  0x000013d8       0x20 ..\obj\power_detector.o

.debug_str      0x00000000     0x76ed
 .debug_str     0x00000000      0x21d ..\obj\stm32f4xx_syscfg.o
                                0x26a (size before relaxing)
 .debug_str     0x0000021d      0x429 ..\obj\mbport.o
                                0x532 (size before relaxing)
 .debug_str     0x00000646      0x5cc ..\obj\mb.o
                                0x785 (size before relaxing)
 .debug_str     0x00000c12      0x1c9 ..\obj\protocol.o
                                0x821 (size before relaxing)
 .debug_str     0x00000ddb       0xc3 ..\obj\mbfuncdisc.o
                                0x2e3 (size before relaxing)
 .debug_str     0x00000e9e      0x173 ..\obj\core_cm3.o
                                0x23a (size before relaxing)
 .debug_str     0x00001011       0x9a ..\obj\portevent.o
                                0x1c1 (size before relaxing)
 .debug_str     0x000010ab       0xd8 ..\obj\mbfuncother.o
                                0x30c (size before relaxing)
 .debug_str     0x00001183      0x4e4 ..\obj\stm32f4xx_usart.o
                                0x5fa (size before relaxing)
 .debug_str     0x00001667      0x1e9 ..\obj\stm32f4xx_pwr.o
                                0x2fc (size before relaxing)
 .debug_str     0x00001850       0xa9 ..\obj\rtc.o
                                0x1a1 (size before relaxing)
 .debug_str     0x000018f9       0xee ..\obj\mbutils.o
                                0x320 (size before relaxing)
 .debug_str     0x000019e7       0xbe ..\obj\startup_stm32f4xx.o
                                 0xe9 (size before relaxing)
 .debug_str     0x00001aa5       0xf6 ..\obj\stm32f4xx_iwdg.o
                                0x1d7 (size before relaxing)
 .debug_str     0x00001b9b      0x155 ..\obj\mbfuncholding.o
                                0x3c1 (size before relaxing)
 .debug_str     0x00001cf0       0xd6 ..\obj\main.o
                                0x1b1 (size before relaxing)
 .debug_str     0x00001dc6       0x77 ..\obj\mbcrc.o
                                0x144 (size before relaxing)
 .debug_str     0x00001e3d      0x5eb ..\obj\stm32f4xx_rcc.o
                                0x7bb (size before relaxing)
 .debug_str     0x00002428       0x93 ..\obj\mbfuncfile.o
                                0x31a (size before relaxing)
 .debug_str     0x000024bb       0x56 ..\obj\timers.o
                                 0xeb (size before relaxing)
 .debug_str     0x00002511       0xb8 ..\obj\log.o
                                0x30d (size before relaxing)
 .debug_str     0x000025c9       0x79 ..\obj\mbfuncinput.o
                                0x2d7 (size before relaxing)
 .debug_str     0x00002642      0x4a4 ..\obj\printf.o
                                0x5fc (size before relaxing)
 .debug_str     0x00002ae6       0x7c ..\obj\watchdog.o
                                0x19b (size before relaxing)
 .debug_str     0x00002b62      0xa38 ..\obj\tasks.o
                                0xb93 (size before relaxing)
 .debug_str     0x0000359a      0x340 ..\obj\fram_i2c.o
                                0x502 (size before relaxing)
 .debug_str     0x000038da      0x1a6 ..\obj\stm32f4xx_gpio.o
                                0x40e (size before relaxing)
 .debug_str     0x00003a80      0x7e5 ..\obj\porttimer.o
                                0xeb5 (size before relaxing)
 .debug_str     0x00004265      0x121 ..\obj\mbrtu.o
                                0x557 (size before relaxing)
 .debug_str     0x00004386       0xe8 ..\obj\list.o
                                0x231 (size before relaxing)
 .debug_str     0x0000446e       0xb6 ..\obj\system_stm32f4xx.o
                                0x309 (size before relaxing)
 .debug_str     0x00004524      0x158 ..\obj\syscalls.o
                                0x27c (size before relaxing)
 .debug_str     0x0000467c      0x263 ..\obj\port.o
                                0x360 (size before relaxing)
 .debug_str     0x000048df      0x353 ..\obj\queue.o
                                0x576 (size before relaxing)
 .debug_str     0x00004c32      0x1b3 ..\obj\portserial.o
                               0x1078 (size before relaxing)
 .debug_str     0x00004de5      0x28c ..\obj\croutine.o
                                0x455 (size before relaxing)
 .debug_str     0x00005071      0x3b4 ..\obj\stm32f4xx_spi.o
                                0x5f5 (size before relaxing)
 .debug_str     0x00005425       0xd6 ..\obj\mbfunccoils.o
                                0x34b (size before relaxing)
 .debug_str     0x000054fb      0x2a5 ..\obj\event_groups.o
                                0x452 (size before relaxing)
 .debug_str     0x000057a0      0x17a ..\obj\ADS1220.o
                                0x60c (size before relaxing)
 .debug_str     0x0000591a      0x345 ..\obj\stm32f4xx_i2c.o
                                0x5d0 (size before relaxing)
 .debug_str     0x00005c5f      0x17f ..\obj\frequency.o
                                0xc2e (size before relaxing)
 .debug_str     0x00005dde      0x1db ..\obj\stm32f4xx_exti.o
                                0x2d9 (size before relaxing)
 .debug_str     0x00005fb9      0x137 ..\obj\misc.o
                                0x344 (size before relaxing)
 .debug_str     0x000060f0      0x8b1 ..\obj\stm32f4xx_rtc.o
                                0xabe (size before relaxing)
 .debug_str     0x000069a1       0x58 ..\obj\mbascii.o
                                0x102 (size before relaxing)
 .debug_str     0x000069f9      0x19b ..\obj\heap_2.o
                                0x284 (size before relaxing)
 .debug_str     0x00006b94       0x7c ..\obj\controller.o
                                0x20e (size before relaxing)
 .debug_str     0x00006c10      0xa3a ..\obj\stm32f4xx_tim.o
                                0xd3b (size before relaxing)
 .debug_str     0x0000764a       0xa3 ..\obj\power_detector.o
                                0x838 (size before relaxing)

.comment        0x00000000       0x2a
 .comment       0x00000000       0x2a ..\obj\stm32f4xx_syscfg.o
                                 0x2b (size before relaxing)
 .comment       0x00000000       0x2b ..\obj\mbport.o
 .comment       0x00000000       0x2b ..\obj\mb.o
 .comment       0x00000000       0x2b ..\obj\protocol.o
 .comment       0x00000000       0x2b ..\obj\mbfuncdisc.o
 .comment       0x00000000       0x2b ..\obj\core_cm3.o
 .comment       0x00000000       0x2b ..\obj\portevent.o
 .comment       0x00000000       0x2b ..\obj\mbfuncother.o
 .comment       0x00000000       0x2b ..\obj\stm32f4xx_usart.o
 .comment       0x00000000       0x2b ..\obj\stm32f4xx_pwr.o
 .comment       0x00000000       0x2b ..\obj\rtc.o
 .comment       0x00000000       0x2b ..\obj\mbutils.o
 .comment       0x00000000       0x2b ..\obj\startup_stm32f4xx.o
 .comment       0x00000000       0x2b ..\obj\stm32f4xx_iwdg.o
 .comment       0x00000000       0x2b ..\obj\mbfuncholding.o
 .comment       0x00000000       0x2b ..\obj\main.o
 .comment       0x00000000       0x2b ..\obj\mbcrc.o
 .comment       0x00000000       0x2b ..\obj\stm32f4xx_rcc.o
 .comment       0x00000000       0x2b ..\obj\mbfuncfile.o
 .comment       0x00000000       0x2b ..\obj\timers.o
 .comment       0x00000000       0x2b ..\obj\log.o
 .comment       0x00000000       0x2b ..\obj\mbfuncinput.o
 .comment       0x00000000       0x2b ..\obj\printf.o
 .comment       0x00000000       0x2b ..\obj\watchdog.o
 .comment       0x00000000       0x2b ..\obj\mbfuncdiag.o
 .comment       0x00000000       0x2b ..\obj\tasks.o
 .comment       0x00000000       0x2b ..\obj\fram_i2c.o
 .comment       0x00000000       0x2b ..\obj\stm32f4xx_gpio.o
 .comment       0x00000000       0x2b ..\obj\porttimer.o
 .comment       0x00000000       0x2b ..\obj\mbrtu.o
 .comment       0x00000000       0x2b ..\obj\list.o
 .comment       0x00000000       0x2b ..\obj\system_stm32f4xx.o
 .comment       0x00000000       0x2b ..\obj\syscalls.o
 .comment       0x00000000       0x2b ..\obj\port.o
 .comment       0x00000000       0x2b ..\obj\queue.o
 .comment       0x00000000       0x2b ..\obj\portserial.o
 .comment       0x00000000       0x2b ..\obj\croutine.o
 .comment       0x00000000       0x2b ..\obj\stm32f4xx_spi.o
 .comment       0x00000000       0x2b ..\obj\mbfunccoils.o
 .comment       0x00000000       0x2b ..\obj\event_groups.o
 .comment       0x00000000       0x2b ..\obj\ADS1220.o
 .comment       0x00000000       0x2b ..\obj\stm32f4xx_i2c.o
 .comment       0x00000000       0x2b ..\obj\frequency.o
 .comment       0x00000000       0x2b ..\obj\stm32f4xx_exti.o
 .comment       0x00000000       0x2b ..\obj\misc.o
 .comment       0x00000000       0x2b ..\obj\stm32f4xx_rtc.o
 .comment       0x00000000       0x2b ..\obj\mbascii.o
 .comment       0x00000000       0x2b ..\obj\heap_2.o
 .comment       0x00000000       0x2b ..\obj\controller.o
 .comment       0x00000000       0x2b ..\obj\stm32f4xx_tim.o
 .comment       0x00000000       0x2b ..\obj\power_detector.o

.ARM.attributes
                0x00000000       0x31
 .ARM.attributes
                0x00000000       0x31 ..\obj\stm32f4xx_syscfg.o
 .ARM.attributes
                0x00000031       0x31 ..\obj\mbport.o
 .ARM.attributes
                0x00000062       0x31 ..\obj\mb.o
 .ARM.attributes
                0x00000093       0x31 ..\obj\protocol.o
 .ARM.attributes
                0x000000c4       0x31 ..\obj\mbfuncdisc.o
 .ARM.attributes
                0x000000f5       0x31 ..\obj\core_cm3.o
 .ARM.attributes
                0x00000126       0x31 ..\obj\portevent.o
 .ARM.attributes
                0x00000157       0x31 ..\obj\mbfuncother.o
 .ARM.attributes
                0x00000188       0x31 ..\obj\stm32f4xx_usart.o
 .ARM.attributes
                0x000001b9       0x31 ..\obj\stm32f4xx_pwr.o
 .ARM.attributes
                0x000001ea       0x31 ..\obj\rtc.o
 .ARM.attributes
                0x0000021b       0x31 ..\obj\mbutils.o
 .ARM.attributes
                0x0000024c       0x31 ..\obj\startup_stm32f4xx.o
 .ARM.attributes
                0x0000027d       0x31 ..\obj\stm32f4xx_iwdg.o
 .ARM.attributes
                0x000002ae       0x31 ..\obj\mbfuncholding.o
 .ARM.attributes
                0x000002df       0x31 ..\obj\main.o
 .ARM.attributes
                0x00000310       0x31 ..\obj\mbcrc.o
 .ARM.attributes
                0x00000341       0x31 ..\obj\stm32f4xx_rcc.o
 .ARM.attributes
                0x00000372       0x31 ..\obj\mbfuncfile.o
 .ARM.attributes
                0x000003a3       0x31 ..\obj\timers.o
 .ARM.attributes
                0x000003d4       0x31 ..\obj\log.o
 .ARM.attributes
                0x00000405       0x31 ..\obj\mbfuncinput.o
 .ARM.attributes
                0x00000436       0x31 ..\obj\printf.o
 .ARM.attributes
                0x00000467       0x31 ..\obj\watchdog.o
 .ARM.attributes
                0x00000498       0x31 ..\obj\mbfuncdiag.o
 .ARM.attributes
                0x000004c9       0x31 ..\obj\tasks.o
 .ARM.attributes
                0x000004fa       0x31 ..\obj\fram_i2c.o
 .ARM.attributes
                0x0000052b       0x31 ..\obj\stm32f4xx_gpio.o
 .ARM.attributes
                0x0000055c       0x31 ..\obj\porttimer.o
 .ARM.attributes
                0x0000058d       0x31 ..\obj\mbrtu.o
 .ARM.attributes
                0x000005be       0x31 ..\obj\list.o
 .ARM.attributes
                0x000005ef       0x31 ..\obj\system_stm32f4xx.o
 .ARM.attributes
                0x00000620       0x31 ..\obj\syscalls.o
 .ARM.attributes
                0x00000651       0x31 ..\obj\port.o
 .ARM.attributes
                0x00000682       0x31 ..\obj\queue.o
 .ARM.attributes
                0x000006b3       0x31 ..\obj\portserial.o
 .ARM.attributes
                0x000006e4       0x31 ..\obj\croutine.o
 .ARM.attributes
                0x00000715       0x31 ..\obj\stm32f4xx_spi.o
 .ARM.attributes
                0x00000746       0x31 ..\obj\mbfunccoils.o
 .ARM.attributes
                0x00000777       0x31 ..\obj\event_groups.o
 .ARM.attributes
                0x000007a8       0x31 ..\obj\ADS1220.o
 .ARM.attributes
                0x000007d9       0x31 ..\obj\stm32f4xx_i2c.o
 .ARM.attributes
                0x0000080a       0x31 ..\obj\frequency.o
 .ARM.attributes
                0x0000083b       0x31 ..\obj\stm32f4xx_exti.o
 .ARM.attributes
                0x0000086c       0x31 ..\obj\misc.o
 .ARM.attributes
                0x0000089d       0x31 ..\obj\stm32f4xx_rtc.o
 .ARM.attributes
                0x000008ce       0x31 ..\obj\mbascii.o
 .ARM.attributes
                0x000008ff       0x31 ..\obj\heap_2.o
 .ARM.attributes
                0x00000930       0x31 ..\obj\controller.o
 .ARM.attributes
                0x00000961       0x31 ..\obj\stm32f4xx_tim.o
 .ARM.attributes
                0x00000992       0x31 ..\obj\power_detector.o
 .ARM.attributes
                0x000009c3       0x1b c:/coocox/coide/gcc/sourcery g++ lite/bin/../lib/gcc/arm-none-eabi/4.5.1/thumb2\libgcc.a(_arm_addsubdf3.o)
 .ARM.attributes
                0x000009de       0x1b c:/coocox/coide/gcc/sourcery g++ lite/bin/../lib/gcc/arm-none-eabi/4.5.1/thumb2\libgcc.a(_arm_muldivdf3.o)
 .ARM.attributes
                0x000009f9       0x1b c:/coocox/coide/gcc/sourcery g++ lite/bin/../lib/gcc/arm-none-eabi/4.5.1/thumb2\libgcc.a(_arm_truncdfsf2.o)
 .ARM.attributes
                0x00000a14       0x1b c:/coocox/coide/gcc/sourcery g++ lite/bin/../lib/gcc/arm-none-eabi/4.5.1/thumb2\libgcc.a(_arm_addsubsf3.o)
 .ARM.attributes
                0x00000a2f       0x1b c:/coocox/coide/gcc/sourcery g++ lite/bin/../lib/gcc/arm-none-eabi/4.5.1/thumb2\libgcc.a(_arm_muldivsf3.o)
 .ARM.attributes
                0x00000a4a       0x29 c:/coocox/coide/gcc/sourcery g++ lite/bin/../lib/gcc/arm-none-eabi/4.5.1/../../../../arm-none-eabi/lib/thumb2\libc.a(lib_a-memcmp.o)
 .ARM.attributes
                0x00000a73       0x29 c:/coocox/coide/gcc/sourcery g++ lite/bin/../lib/gcc/arm-none-eabi/4.5.1/../../../../arm-none-eabi/lib/thumb2\libc.a(lib_a-memcpy.o)
 .ARM.attributes
                0x00000a9c       0x29 c:/coocox/coide/gcc/sourcery g++ lite/bin/../lib/gcc/arm-none-eabi/4.5.1/../../../../arm-none-eabi/lib/thumb2\libc.a(lib_a-memset.o)

.debug_frame    0x00000000     0x46b0
 .debug_frame   0x00000000       0xbc ..\obj\stm32f4xx_syscfg.o
 .debug_frame   0x000000bc       0xd8 ..\obj\mbport.o
 .debug_frame   0x00000194       0xd4 ..\obj\mb.o
 .debug_frame   0x00000268       0x70 ..\obj\protocol.o
 .debug_frame   0x000002d8       0x30 ..\obj\mbfuncdisc.o
 .debug_frame   0x00000308      0x280 ..\obj\core_cm3.o
 .debug_frame   0x00000588       0x64 ..\obj\portevent.o
 .debug_frame   0x000005ec       0x50 ..\obj\mbfuncother.o
 .debug_frame   0x0000063c      0x344 ..\obj\stm32f4xx_usart.o
 .debug_frame   0x00000980      0x15c ..\obj\stm32f4xx_pwr.o
 .debug_frame   0x00000adc       0x30 ..\obj\rtc.o
 .debug_frame   0x00000b0c       0x68 ..\obj\mbutils.o
 .debug_frame   0x00000b74       0x48 ..\obj\startup_stm32f4xx.o
 .debug_frame   0x00000bbc       0xb0 ..\obj\stm32f4xx_iwdg.o
 .debug_frame   0x00000c6c       0x90 ..\obj\mbfuncholding.o
 .debug_frame   0x00000cfc       0x9c ..\obj\main.o
 .debug_frame   0x00000d98       0x2c ..\obj\mbcrc.o
 .debug_frame   0x00000dc4      0x4d8 ..\obj\stm32f4xx_rcc.o
 .debug_frame   0x0000129c       0x30 ..\obj\mbfuncfile.o
 .debug_frame   0x000012cc       0x94 ..\obj\log.o
 .debug_frame   0x00001360       0x30 ..\obj\mbfuncinput.o
 .debug_frame   0x00001390      0x244 ..\obj\printf.o
 .debug_frame   0x000015d4       0x50 ..\obj\watchdog.o
 .debug_frame   0x00001624      0x53c ..\obj\tasks.o
 .debug_frame   0x00001b60       0xb0 ..\obj\fram_i2c.o
 .debug_frame   0x00001c10      0x19c ..\obj\stm32f4xx_gpio.o
 .debug_frame   0x00001dac      0x138 ..\obj\porttimer.o
 .debug_frame   0x00001ee4      0x110 ..\obj\mbrtu.o
 .debug_frame   0x00001ff4       0x9c ..\obj\list.o
 .debug_frame   0x00002090       0x64 ..\obj\system_stm32f4xx.o
 .debug_frame   0x000020f4      0x108 ..\obj\syscalls.o
 .debug_frame   0x000021fc      0x178 ..\obj\port.o
 .debug_frame   0x00002374      0x290 ..\obj\queue.o
 .debug_frame   0x00002604      0x1a4 ..\obj\portserial.o
 .debug_frame   0x000027a8       0xf0 ..\obj\croutine.o
 .debug_frame   0x00002898      0x2d0 ..\obj\stm32f4xx_spi.o
 .debug_frame   0x00002b68       0x70 ..\obj\mbfunccoils.o
 .debug_frame   0x00002bd8      0x14c ..\obj\event_groups.o
 .debug_frame   0x00002d24      0x12c ..\obj\ADS1220.o
 .debug_frame   0x00002e50      0x3b4 ..\obj\stm32f4xx_i2c.o
 .debug_frame   0x00003204       0xa8 ..\obj\frequency.o
 .debug_frame   0x000032ac       0xec ..\obj\stm32f4xx_exti.o
 .debug_frame   0x00003398       0x9c ..\obj\misc.o
 .debug_frame   0x00003434      0x670 ..\obj\stm32f4xx_rtc.o
 .debug_frame   0x00003aa4       0x9c ..\obj\heap_2.o
 .debug_frame   0x00003b40       0x48 ..\obj\controller.o
 .debug_frame   0x00003b88      0xa3c ..\obj\stm32f4xx_tim.o
 .debug_frame   0x000045c4       0x64 ..\obj\power_detector.o
 .debug_frame   0x00004628       0x2c c:/coocox/coide/gcc/sourcery g++ lite/bin/../lib/gcc/arm-none-eabi/4.5.1/../../../../arm-none-eabi/lib/thumb2\libc.a(lib_a-memcmp.o)
 .debug_frame   0x00004654       0x30 c:/coocox/coide/gcc/sourcery g++ lite/bin/../lib/gcc/arm-none-eabi/4.5.1/../../../../arm-none-eabi/lib/thumb2\libc.a(lib_a-memcpy.o)
 .debug_frame   0x00004684       0x2c c:/coocox/coide/gcc/sourcery g++ lite/bin/../lib/gcc/arm-none-eabi/4.5.1/../../../../arm-none-eabi/lib/thumb2\libc.a(lib_a-memset.o)
