Archive member included because of file (symbol)

c:/coocox/coide/gcc/sourcery g++ lite/bin/../lib/gcc/arm-none-eabi/4.5.1/thumb2\libgcc.a(_arm_addsubdf3.o)
                              ..\obj\ADS1120.o (__aeabi_dadd)
c:/coocox/coide/gcc/sourcery g++ lite/bin/../lib/gcc/arm-none-eabi/4.5.1/thumb2\libgcc.a(_arm_muldivdf3.o)
                              ..\obj\ADS1120.o (__aeabi_dmul)
c:/coocox/coide/gcc/sourcery g++ lite/bin/../lib/gcc/arm-none-eabi/4.5.1/thumb2\libgcc.a(_arm_truncdfsf2.o)
                              ..\obj\ADS1120.o (__aeabi_d2f)
c:/coocox/coide/gcc/sourcery g++ lite/bin/../lib/gcc/arm-none-eabi/4.5.1/thumb2\libgcc.a(_arm_addsubsf3.o)
                              ..\obj\ADS1120.o (__aeabi_i2f)
c:/coocox/coide/gcc/sourcery g++ lite/bin/../lib/gcc/arm-none-eabi/4.5.1/../../../../arm-none-eabi/lib/thumb2\libc.a(lib_a-memcmp.o)
                              ..\obj\tasks.o (memcmp)
c:/coocox/coide/gcc/sourcery g++ lite/bin/../lib/gcc/arm-none-eabi/4.5.1/../../../../arm-none-eabi/lib/thumb2\libc.a(lib_a-memcpy.o)
                              ..\obj\mbfuncother.o (memcpy)
c:/coocox/coide/gcc/sourcery g++ lite/bin/../lib/gcc/arm-none-eabi/4.5.1/../../../../arm-none-eabi/lib/thumb2\libc.a(lib_a-memset.o)
                              ..\obj\tasks.o (memset)

Allocating common symbols
Common symbol       size              file

pxMBFrameCBTransmitterEmpty
                    0x4               ..\obj\mb.o
pxMBPortCBTimerExpired
                    0x4               ..\obj\mb.o
ADC_result          0x4               ..\obj\ADS1120.o
adc_reg             0x1               ..\obj\ADS1120.o
ucRTUBuf            0x100             ..\obj\mbrtu.o
xSPI_Buf_Mutex      0x4               ..\obj\ADS1120.o
pxMBFrameCBByteReceived
                    0x4               ..\obj\mb.o
pxMBFrameCBTransmitFSMCur
                    0x4               ..\obj\mb.o
ADC_result_temp     0x4               ..\obj\ADS1120.o
pxMBFrameCBReceiveFSMCur
                    0x4               ..\obj\mb.o
task_watches        0x50              ..\obj\watchdog.o

Discarded input sections

 .text          0x00000000        0x0 ..\obj\stm32f4xx_syscfg.o
 .data          0x00000000        0x0 ..\obj\stm32f4xx_syscfg.o
 .bss           0x00000000        0x0 ..\obj\stm32f4xx_syscfg.o
 .text.SYSCFG_DeInit
                0x00000000       0x20 ..\obj\stm32f4xx_syscfg.o
 .text.SYSCFG_MemoryRemapConfig
                0x00000000       0x20 ..\obj\stm32f4xx_syscfg.o
 .text.SYSCFG_EXTILineConfig
                0x00000000       0xb4 ..\obj\stm32f4xx_syscfg.o
 .text.SYSCFG_ETH_MediaInterfaceConfig
                0x00000000       0x20 ..\obj\stm32f4xx_syscfg.o
 .text.SYSCFG_CompensationCellCmd
                0x00000000       0x20 ..\obj\stm32f4xx_syscfg.o
 .text.SYSCFG_GetCompensationCellStatus
                0x00000000       0x3c ..\obj\stm32f4xx_syscfg.o
 .text          0x00000000        0x0 ..\obj\mbport.o
 .text          0x00000000        0x0 ..\obj\mb.o
 .text.eMBRegisterCB
                0x00000000      0x114 ..\obj\mb.o
 .text.eMBClose
                0x00000000       0x48 ..\obj\mb.o
 .text.eMBDisable
                0x00000000       0x60 ..\obj\mb.o
 .text          0x00000000        0x0 ..\obj\protocol.o
 .data          0x00000000        0x0 ..\obj\protocol.o
 .bss           0x00000000        0x0 ..\obj\protocol.o
 .text          0x00000000        0x0 ..\obj\mbfuncdisc.o
 .data          0x00000000        0x0 ..\obj\mbfuncdisc.o
 .bss           0x00000000        0x0 ..\obj\mbfuncdisc.o
 .text          0x00000000        0x0 ..\obj\core_cm3.o
 .data          0x00000000        0x0 ..\obj\core_cm3.o
 .bss           0x00000000        0x0 ..\obj\core_cm3.o
 .text.__get_PSP
                0x00000000       0x10 ..\obj\core_cm3.o
 .text.__set_PSP
                0x00000000        0x8 ..\obj\core_cm3.o
 .text.__get_MSP
                0x00000000       0x10 ..\obj\core_cm3.o
 .text.__set_MSP
                0x00000000        0x8 ..\obj\core_cm3.o
 .text.__get_BASEPRI
                0x00000000       0x20 ..\obj\core_cm3.o
 .text.__set_BASEPRI
                0x00000000       0x18 ..\obj\core_cm3.o
 .text.__get_PRIMASK
                0x00000000       0x20 ..\obj\core_cm3.o
 .text.__set_PRIMASK
                0x00000000       0x18 ..\obj\core_cm3.o
 .text.__get_FAULTMASK
                0x00000000       0x20 ..\obj\core_cm3.o
 .text.__set_FAULTMASK
                0x00000000       0x18 ..\obj\core_cm3.o
 .text.__get_CONTROL
                0x00000000       0x20 ..\obj\core_cm3.o
 .text.__set_CONTROL
                0x00000000       0x18 ..\obj\core_cm3.o
 .text.__REV    0x00000000       0x24 ..\obj\core_cm3.o
 .text.__REV16  0x00000000       0x24 ..\obj\core_cm3.o
 .text.__REVSH  0x00000000       0x24 ..\obj\core_cm3.o
 .text.__RBIT   0x00000000       0x24 ..\obj\core_cm3.o
 .text.__LDREXB
                0x00000000       0x24 ..\obj\core_cm3.o
 .text.__LDREXH
                0x00000000       0x24 ..\obj\core_cm3.o
 .text.__LDREXW
[...]
Memory Configuration

Name             Origin             Length             Attributes
rom              0x08000000         0x00100000         xr
ram              0x20000000         0x00020000         xrw
ram1             0x10000000         0x00010000         xrw
*default*        0x00000000         0xffffffff

Linker script and memory map

                0x20020000                _eram = 0x20020000

.text           0x08000000     0x4352
 *(.isr_vector .isr_vector.*)
 .isr_vector    0x08000000      0x188 ..\obj\startup_stm32f4xx.o
                0x08000000                g_pfnVectors
 *(.text .text.* .gnu.linkonce.t.*)
 .text.ENTER_CRITICAL_SECTION
                0x08000188        0xc ..\obj\mbport.o
                0x08000188                ENTER_CRITICAL_SECTION
 .text.EXIT_CRITICAL_SECTION
                0x08000194        0xc ..\obj\mbport.o
                0x08000194                EXIT_CRITICAL_SECTION
 .text.eMBRegInputCB
                0x080001a0      0x114 ..\obj\mbport.o
                0x080001a0                eMBRegInputCB
 .text.eMBRegHoldingCB
                0x080002b4       0x24 ..\obj\mbport.o
                0x080002b4                eMBRegHoldingCB
 .text.eMBRegCoilsCB
                0x080002d8       0x20 ..\obj\mbport.o
                0x080002d8                eMBRegCoilsCB
 .text.eMBRegDiscreteCB
                0x080002f8       0x20 ..\obj\mbport.o
                0x080002f8                eMBRegDiscreteCB
 .text.eMBInit  0x08000318      0x134 ..\obj\mb.o
                0x08000318                eMBInit
 .text.eMBEnable
                0x0800044c       0x48 ..\obj\mb.o
                0x0800044c                eMBEnable
 .text.eMBPoll  0x08000494      0x23c ..\obj\mb.o
                0x08000494                eMBPoll
 .text.Protocol_Init
                0x080006d0       0x94 ..\obj\protocol.o
                0x080006d0                Protocol_Init
 .text.Modbus_RS485_Task
                0x08000764       0x40 ..\obj\protocol.o
 .text.Modbus_RS232_Task
                0x080007a4       0x14 ..\obj\protocol.o
 .text.eMBFuncReadDiscreteInputs
                0x080007b8      0x130 ..\obj\mbfuncdisc.o
                0x080007b8                eMBFuncReadDiscreteInputs
 .text.xMBPortEventInit
                0x080008e8       0x20 ..\obj\portevent.o
                0x080008e8                xMBPortEventInit
 .text.xMBPortEventPost
                0x08000908       0x34 ..\obj\portevent.o
                0x08000908                xMBPortEventPost
 .text.xMBPortEventGet
                0x0800093c       0x4c ..\obj\portevent.o
                0x0800093c                xMBPortEventGet
 .text.eMBFuncReportSlaveID
                0x08000988       0x4c ..\obj\mbfuncother.o
                0x08000988                eMBFuncReportSlaveID
 .text.USART_Init
                0x080009d4      0x1bc ..\obj\stm32f4xx_usart.o
                0x080009d4                USART_Init
 .text.USART_Cmd
                0x08000b90       0x40 ..\obj\stm32f4xx_usart.o
                0x08000b90                USART_Cmd
 .text.USART_SendData
                0x08000bd0       0x28 ..\obj\stm32f4xx_usart.o
                0x08000bd0                USART_SendData
 .text.USART_ReceiveData
                0x08000bf8       0x24 ..\obj\stm32f4xx_usart.o
                0x08000bf8                USART_ReceiveData
 .text.USART_ITConfig
                0x08000c1c       0xa8 ..\obj\stm32f4xx_usart.o
                0x08000c1c                USART_ITConfig
 .text.USART_GetFlagStatus
                0x08000cc4       0x40 ..\obj\stm32f4xx_usart.o
                0x08000cc4                USART_GetFlagStatus
 .text.USART_ClearFlag
                0x08000d04       0x24 ..\obj\stm32f4xx_usart.o
                0x08000d04                USART_ClearFlag
 .text.USART_GetITStatus
                0x08000d28       0xcc ..\obj\stm32f4xx_usart.o
                0x08000d28                USART_GetITStatus
 .text.prveMBError2Exception
                0x08000df4       0x48 ..\obj\mbutils.o
                0x08000df4                prveMBError2Exception
 .text.Default_Reset_Handler
                0x08000e3c       0x68 ..\obj\startup_stm32f4xx.o
                0x08000e3c                Default_Reset_Handler
                0x08000e3c                Reset_Handler
 .text.Default_Handler
                0x08000ea4        0x8 ..\obj\startup_stm32f4xx.o
                0x08000ea4                RTC_Alarm_IRQHandler
                0x08000ea4                HASH_RNG_IRQHandler
                0x08000ea4                EXTI2_IRQHandler
                0x08000ea4                TIM8_CC_IRQHandler
                0x08000ea4                DebugMon_Handler
                0x08000ea4                TIM1_CC_IRQHandler
                0x08000ea4                DMA2_Stream5_IRQHandler
                0x08000ea4                HardFault_Handler
                0x08000ea4                DMA1_Stream5_IRQHandler
                0x08000ea4                SDIO_IRQHandler
                0x08000ea4                TAMP_STAMP_IRQHandler
                0x08000ea4                NMI_Handler
                0x08000ea4                CAN2_RX1_IRQHandler
                0x08000ea4                EXTI3_IRQHandler
                0x08000ea4                TIM8_TRG_COM_TIM14_IRQHandler
                0x08000ea4                TIM1_UP_TIM10_IRQHandler
                0x08000ea4                TIM8_UP_TIM13_IRQHandler
                0x08000ea4                I2C3_ER_IRQHandler
                0x08000ea4                EXTI0_IRQHandler
                0x08000ea4                I2C2_EV_IRQHandler
                0x08000ea4                DMA1_Stream2_IRQHandler
                0x08000ea4                CAN1_RX0_IRQHandler
                0x08000ea4                FPU_IRQHandler
                0x08000ea4                OTG_HS_WKUP_IRQHandler
                0x08000ea4                UsageFault_Handler
                0x08000ea4                CAN2_SCE_IRQHandler
                0x08000ea4                DMA2_Stream2_IRQHandler
                0x08000ea4                SPI1_IRQHandler
                0x08000ea4                TIM6_DAC_IRQHandler
                0x08000ea4                TIM1_BRK_TIM9_IRQHandler
                0x08000ea4                DCMI_IRQHandler
                0x08000ea4                CAN2_RX0_IRQHandler
                0x08000ea4                DMA2_Stream3_IRQHandler
                0x08000ea4                USART6_IRQHandler
                0x08000ea4                CRYP_IRQHandler
                0x08000ea4                CAN1_RX1_IRQHandler
                0x08000ea4                UART5_IRQHandler
                0x08000ea4                DMA2_Stream0_IRQHandler
                0x08000ea4                I2C1_EV_IRQHandler
                0x08000ea4                DMA1_Stream6_IRQHandler
                0x08000ea4                DMA1_Stream1_IRQHandler
                0x08000ea4                UART4_IRQHandler
                0x08000ea4                TIM3_IRQHandler
                0x08000ea4                RCC_IRQHandler
                0x08000ea4                TIM8_BRK_TIM12_IRQHandler
                0x08000ea4                EXTI15_10_IRQHandler
                0x08000ea4                ADC_IRQHandler
                0x08000ea4                DMA1_Stream7_IRQHandler
                0x08000ea4                TIM7_IRQHandler
                0x08000ea4                CAN2_TX_IRQHandler
                0x08000ea4                TIM5_IRQHandler
                0x08000ea4                DMA2_Stream7_IRQHandler
                0x08000ea4                I2C3_EV_IRQHandler
                0x08000ea4                EXTI9_5_IRQHandler
                0x08000ea4                RTC_WKUP_IRQHandler
                0x08000ea4                ETH_WKUP_IRQHandler
                0x08000ea4                SPI2_IRQHandler
                0x08000ea4                OTG_HS_EP1_IN_IRQHandler
                0x08000ea4                MemManage_Handler
                0x08000ea4                DMA1_Stream0_IRQHandler
                0x08000ea4                CAN1_TX_IRQHandler
                0x08000ea4                EXTI4_IRQHandler
                0x08000ea4                FSMC_IRQHandler
                0x08000ea4                ETH_IRQHandler
                0x08000ea4                OTG_HS_EP1_OUT_IRQHandler
                0x08000ea4                WWDG_IRQHandler
                0x08000ea4                TIM2_IRQHandler
                0x08000ea4                OTG_FS_WKUP_IRQHandler
                0x08000ea4                TIM1_TRG_COM_TIM11_IRQHandler
                0x08000ea4                OTG_HS_IRQHandler
                0x08000ea4                EXTI1_IRQHandler
                0x08000ea4                USART2_IRQHandler
                0x08000ea4                I2C2_ER_IRQHandler
                0x08000ea4                DMA2_Stream1_IRQHandler
                0x08000ea4                CAN1_SCE_IRQHandler
                0x08000ea4                FLASH_IRQHandler
                0x08000ea4                DMA2_Stream4_IRQHandler
                0x08000ea4                BusFault_Handler
                0x08000ea4                USART1_IRQHandler
                0x08000ea4                OTG_FS_IRQHandler
                0x08000ea4                SPI3_IRQHandler
                0x08000ea4                DMA1_Stream4_IRQHandler
                0x08000ea4                I2C1_ER_IRQHandler
                0x08000ea4                DMA2_Stream6_IRQHandler
                0x08000ea4                DMA1_Stream3_IRQHandler
 .text.eMBFuncWriteHoldingRegister
                0x08000eac       0x84 ..\obj\mbfuncholding.o
                0x08000eac                eMBFuncWriteHoldingRegister
 .text.eMBFuncWriteMultipleHoldingRegister
                0x08000f30       0xdc ..\obj\mbfuncholding.o
                0x08000f30                eMBFuncWriteMultipleHoldingRegister
 .text.eMBFuncReadHoldingRegister
                0x0800100c      0x10c ..\obj\mbfuncholding.o
                0x0800100c                eMBFuncReadHoldingRegister
 .text.eMBFuncReadWriteMultipleHoldingRegister
                0x08001118      0x1a0 ..\obj\mbfuncholding.o
                0x08001118                eMBFuncReadWriteMultipleHoldingRegister
 .text.main     0x080012b8       0x14 ..\obj\main.o
                0x080012b8                main
 .text.vApplicationMallocFailedHook
                0x080012cc        0x8 ..\obj\main.o
                0x080012cc                vApplicationMallocFailedHook
 .text.vApplicationStackOverflowHook
                0x080012d4        0xc ..\obj\main.o
                0x080012d4                vApplicationStackOverflowHook
 .text.vApplicationIdleHook
                0x080012e0       0x18 ..\obj\main.o
                0x080012e0                vApplicationIdleHook
 .text.usMBCRC16
                0x080012f8       0x90 ..\obj\mbcrc.o
                0x080012f8                usMBCRC16
 .text.RCC_GetClocksFreq
                0x08001388      0x1d4 ..\obj\stm32f4xx_rcc.o
                0x08001388                RCC_GetClocksFreq
 .text.RCC_AHB1PeriphClockCmd
                0x0800155c       0x5c ..\obj\stm32f4xx_rcc.o
                0x0800155c                RCC_AHB1PeriphClockCmd
 .text.RCC_APB1PeriphClockCmd
                0x080015b8       0x5c ..\obj\stm32f4xx_rcc.o
                0x080015b8                RCC_APB1PeriphClockCmd
 .text.eMBFuncReadInputRegister
                0x08001614      0x110 ..\obj\mbfuncinput.o
                0x08001614                eMBFuncReadInputRegister
 .text.xTaskGenericCreate
                0x08001724      0x1b8 ..\obj\tasks.o
                0x08001724                xTaskGenericCreate
 .text.vTaskDelay
                0x080018dc       0xa4 ..\obj\tasks.o
                0x080018dc                vTaskDelay
 .text.vTaskStartScheduler
                0x08001980       0x7c ..\obj\tasks.o
                0x08001980                vTaskStartScheduler
 .text.vTaskSuspendAll
                0x080019fc       0x24 ..\obj\tasks.o
                0x080019fc                vTaskSuspendAll
 .text.xTaskResumeAll
                0x08001a20      0x178 ..\obj\tasks.o
                0x08001a20                xTaskResumeAll
 .text.xTaskIncrementTick
                0x08001b98      0x204 ..\obj\tasks.o
                0x08001b98                xTaskIncrementTick
 .text.vTaskSwitchContext
                0x08001d9c      0x14c ..\obj\tasks.o
                0x08001d9c                vTaskSwitchContext
 .text.prvIdleTask
                0x08001ee8       0x24 ..\obj\tasks.o
 .text.prvInitialiseTCBVariables
                0x08001f0c       0xbc ..\obj\tasks.o
 .text.prvInitialiseTaskLists
                0x08001fc8       0xa4 ..\obj\tasks.o
 .text.prvCheckTasksWaitingTermination
                0x0800206c       0x98 ..\obj\tasks.o
 .text.prvAddCurrentTaskToDelayedList
                0x08002104       0x8c ..\obj\tasks.o
 .text.prvAllocateTCBAndStack
                0x08002190       0x7c ..\obj\tasks.o
 .text.prvDeleteTCB
                0x0800220c       0x20 ..\obj\tasks.o
 .text.prvResetNextTaskUnblockTime
                0x0800222c       0x5c ..\obj\tasks.o
 .text.GPIO_Init
                0x08002288      0x158 ..\obj\stm32f4xx_gpio.o
                0x08002288                GPIO_Init
 .text.GPIO_PinAFConfig
                0x080023e0       0xb0 ..\obj\stm32f4xx_gpio.o
                0x080023e0                GPIO_PinAFConfig
 .text.xMBPortTimersInit
                0x08002490       0xe0 ..\obj\porttimer.o
                0x08002490                xMBPortTimersInit
 .text.vMBPortTimersEnable
                0x08002570       0x4c ..\obj\porttimer.o
                0x08002570                vMBPortTimersEnable
 .text.vMBPortTimersDisable
                0x080025bc       0x4c ..\obj\porttimer.o
                0x080025bc                vMBPortTimersDisable
 .text.TIM4_IRQHandler
                0x08002608       0x24 ..\obj\porttimer.o
                0x08002608                TIM4_IRQHandler
 .text.eMBRTUInit
                0x0800262c       0x84 ..\obj\mbrtu.o
                0x0800262c                eMBRTUInit
 .text.eMBRTUStart
                0x080026b0       0x2c ..\obj\mbrtu.o
                0x080026b0                eMBRTUStart
 .text.eMBRTUStop
                0x080026dc       0x20 ..\obj\mbrtu.o
                0x080026dc                eMBRTUStop
 .text.eMBRTUReceive
                0x080026fc       0x9c ..\obj\mbrtu.o
                0x080026fc                eMBRTUReceive
 .text.eMBRTUSend
                0x08002798      0x124 ..\obj\mbrtu.o
                0x08002798                eMBRTUSend
 .text.xMBRTUReceiveFSM
                0x080028bc       0xf0 ..\obj\mbrtu.o
                0x080028bc                xMBRTUReceiveFSM
 .text.xMBRTUTransmitFSM
                0x080029ac       0xc4 ..\obj\mbrtu.o
                0x080029ac                xMBRTUTransmitFSM
 .text.xMBRTUTimerT35Expired
                0x08002a70       0x60 ..\obj\mbrtu.o
                0x08002a70                xMBRTUTimerT35Expired
 .text.vListInitialise
                0x08002ad0       0x48 ..\obj\list.o
                0x08002ad0                vListInitialise
 .text.vListInitialiseItem
                0x08002b18       0x1c ..\obj\list.o
                0x08002b18                vListInitialiseItem
 .text.vListInsertEnd
                0x08002b34       0x48 ..\obj\list.o
                0x08002b34                vListInsertEnd
 .text.vListInsert
                0x08002b7c       0x74 ..\obj\list.o
                0x08002b7c                vListInsert
 .text.uxListRemove
                0x08002bf0       0x58 ..\obj\list.o
                0x08002bf0                uxListRemove
 .text.SystemInit
                0x08002c48       0x94 ..\obj\system_stm32f4xx.o
                0x08002c48                SystemInit
 .text.SetSysClock
                0x08002cdc      0x154 ..\obj\system_stm32f4xx.o
 .text.pxPortInitialiseStack
                0x08002e30       0x64 ..\obj\port.o
                0x08002e30                pxPortInitialiseStack
 .text.prvTaskExitError
                0x08002e94       0x20 ..\obj\port.o
 .text.SVC_Handler
                0x08002eb4       0x24 ..\obj\port.o
                0x08002eb4                SVC_Handler
 .text.prvPortStartFirstTask
                0x08002ed8       0x20 ..\obj\port.o
 .text.xPortStartScheduler
                0x08002ef8      0x10c ..\obj\port.o
                0x08002ef8                xPortStartScheduler
 .text.vPortYield
                0x08003004       0x20 ..\obj\port.o
                0x08003004                vPortYield
 .text.vPortEnterCritical
                0x08003024       0x50 ..\obj\port.o
                0x08003024                vPortEnterCritical
 .text.vPortExitCritical
                0x08003074       0x48 ..\obj\port.o
                0x08003074                vPortExitCritical
 .text.ulPortSetInterruptMask
                0x080030bc       0x14 ..\obj\port.o
                0x080030bc                ulPortSetInterruptMask
 .text.vPortClearInterruptMask
                0x080030d0        0x8 ..\obj\port.o
                0x080030d0                vPortClearInterruptMask
 .text.PendSV_Handler
                0x080030d8       0x44 ..\obj\port.o
                0x080030d8                PendSV_Handler
 .text.SysTick_Handler
                0x0800311c       0x2c ..\obj\port.o
                0x0800311c                SysTick_Handler
 .text.vPortSetupTimerInterrupt
                0x08003148       0x28 ..\obj\port.o
                0x08003148                vPortSetupTimerInterrupt
 .text.NVIC_EnableIRQ
                0x08003170       0x38 ..\obj\portserial.o
 .text.vMBPortSerialEnable
                0x080031a8      0x164 ..\obj\portserial.o
                0x080031a8                vMBPortSerialEnable
 .text.xMBPortSerialInit
                0x0800330c      0x160 ..\obj\portserial.o
                0x0800330c                xMBPortSerialInit
 .text.xMBPortSerialPutByte
                0x0800346c       0x44 ..\obj\portserial.o
                0x0800346c                xMBPortSerialPutByte
 .text.xMBPortSerialGetByte
                0x080034b0       0x3c ..\obj\portserial.o
                0x080034b0                xMBPortSerialGetByte
 .text.USART3_IRQHandler
                0x080034ec       0x78 ..\obj\portserial.o
                0x080034ec                USART3_IRQHandler
 .text.eMBFuncReadCoils
                0x08003564      0x134 ..\obj\mbfunccoils.o
                0x08003564                eMBFuncReadCoils
 .text.eMBFuncWriteCoil
                0x08003698       0xcc ..\obj\mbfunccoils.o
                0x08003698                eMBFuncWriteCoil
 .text.eMBFuncWriteMultipleCoils
                0x08003764       0xfc ..\obj\mbfunccoils.o
                0x08003764                eMBFuncWriteMultipleCoils
 .text.EXTI_GetITStatus
                0x08003860       0x60 ..\obj\stm32f4xx_exti.o
                0x08003860                EXTI_GetITStatus
 .text.EXTI_ClearITPendingBit
                0x080038c0       0x20 ..\obj\stm32f4xx_exti.o
                0x080038c0                EXTI_ClearITPendingBit
 .text.NVIC_PriorityGroupConfig
                0x080038e0       0x28 ..\obj\misc.o
                0x080038e0                NVIC_PriorityGroupConfig
 .text.NVIC_Init
                0x08003908       0xe8 ..\obj\misc.o
                0x08003908                NVIC_Init
 .text.pvPortMalloc
                0x080039f0      0x164 ..\obj\heap_2.o
                0x080039f0                pvPortMalloc
 .text.vPortFree
                0x08003b54       0x88 ..\obj\heap_2.o
                0x08003b54                vPortFree
 .text.xPortGetFreeHeapSize
                0x08003bdc       0x18 ..\obj\heap_2.o
                0x08003bdc                xPortGetFreeHeapSize
 .text.prvHeapInit
                0x08003bf4       0x6c ..\obj\heap_2.o
 .text.TIM_TimeBaseInit
                0x08003c60       0xf8 ..\obj\stm32f4xx_tim.o
                0x08003c60                TIM_TimeBaseInit
 .text.TIM_SetCounter
                0x08003d58       0x1c ..\obj\stm32f4xx_tim.o
                0x08003d58                TIM_SetCounter
 .text.TIM_ARRPreloadConfig
                0x08003d74       0x40 ..\obj\stm32f4xx_tim.o
                0x08003d74                TIM_ARRPreloadConfig
 .text.TIM_Cmd  0x08003db4       0x40 ..\obj\stm32f4xx_tim.o
                0x08003db4                TIM_Cmd
 .text.TIM_ITConfig
                0x08003df4       0x4c ..\obj\stm32f4xx_tim.o
                0x08003df4                TIM_ITConfig
 .text.TIM_ClearITPendingBit
                0x08003e40       0x24 ..\obj\stm32f4xx_tim.o
                0x08003e40                TIM_ClearITPendingBit
 .text.NVIC_SystemReset
                0x08003e64       0x34 ..\obj\power_detector.o
 .text.PVD_IRQHandler
                0x08003e98       0x20 ..\obj\power_detector.o
                0x08003e98                PVD_IRQHandler
 .text          0x08003eb8       0x58 c:/coocox/coide/gcc/sourcery g++ lite/bin/../lib/gcc/arm-none-eabi/4.5.1/../../../../arm-none-eabi/lib/thumb2\libc.a(lib_a-memcmp.o)
                0x08003eb8                memcmp
 .text          0x08003f10      0x150 c:/coocox/coide/gcc/sourcery g++ lite/bin/../lib/gcc/arm-none-eabi/4.5.1/../../../../arm-none-eabi/lib/thumb2\libc.a(lib_a-memcpy.o)
                0x08003f10                memcpy
 .text          0x08004060       0xb4 c:/coocox/coide/gcc/sourcery g++ lite/bin/../lib/gcc/arm-none-eabi/4.5.1/../../../../arm-none-eabi/lib/thumb2\libc.a(lib_a-memset.o)
                0x08004060                memset
 *(.glue_7t)
 .glue_7t       0x00000000        0x0 linker stubs
 *(.glue_7)
 .glue_7        0x00000000        0x0 linker stubs
 *(.rodata .rodata* .gnu.linkonce.r.*)
 .rodata        0x08004114       0x20 ..\obj\protocol.o
 .rodata        0x08004134      0x200 ..\obj\mbcrc.o
 .rodata        0x08004334       0x1c ..\obj\tasks.o
 .rodata        0x08004350        0x2 ..\obj\heap_2.o

.vfp11_veneer   0x08004354        0x0 load address 0x08004352
 .vfp11_veneer  0x00000000        0x0 linker stubs

.v4_bx          0x08004354        0x0 load address 0x08004352
 .v4_bx         0x00000000        0x0 linker stubs

.ARM.extab
 *(.ARM.extab* .gnu.linkonce.armextab.*)

.ARM.exidx
 *(.ARM.exidx* .gnu.linkonce.armexidx.*)
                0x08004354                . = ALIGN (0x4)
                0x08004354                _etext = .
                0x08004354                _sidata = .

.data           0x20000000       0xc0 load address 0x08004354
                0x20000000                _sdata = .
 *(.data .data.*)
 .data          0x20000000        0xc ..\obj\mbport.o
                0x20000000                usRegHoldingBuf
                0x20000004                REG_INPUT_START
                0x20000005                REG_HOLDING_START
                0x20000006                REG_INPUT_NREGS
                0x20000007                REG_HOLDING_NREGS
                0x20000008                usRegInputStart
                0x20000009                usRegHoldingStart
 .data          0x2000000c       0x84 ..\obj\mb.o
 .data          0x20000090       0x10 ..\obj\stm32f4xx_rcc.o
 .data          0x200000a0        0x4 ..\obj\tasks.o
 .data          0x200000a4       0x14 ..\obj\system_stm32f4xx.o
                0x200000a4                SystemCoreClock
                0x200000a8                AHBPrescTable
 .data          0x200000b8        0x4 ..\obj\port.o
 .data          0x200000bc        0x4 ..\obj\heap_2.o
                0x200000c0                . = ALIGN (0x4)
                0x200000c0                _edata = .

.bss            0x200000c0     0x27d8 load address 0x08004414
                0x200000c0                _sbss = .
 *(.bss .bss.*)
 .bss           0x200000c0      0x100 ..\obj\mbport.o
 .bss           0x200001c0       0x24 ..\obj\mb.o
 .bss           0x200001e4        0x2 ..\obj\portevent.o
 *fill*         0x200001e6        0x2 00
 .bss           0x200001e8       0x24 ..\obj\mbfuncother.o
 .bss           0x2000020c       0xfc ..\obj\tasks.o
                0x2000020c                pxCurrentTCB
 .bss           0x20000308        0xc ..\obj\mbrtu.o
 .bss           0x20000314        0x8 ..\obj\port.o
 .bss           0x2000031c        0x4 ..\obj\portserial.o
 .bss           0x20000320     0x2414 ..\obj\heap_2.o
 *(COMMON)
 COMMON         0x20002734       0x14 ..\obj\mb.o
                0x20002734                pxMBFrameCBTransmitterEmpty
                0x20002738                pxMBPortCBTimerExpired
                0x2000273c                pxMBFrameCBByteReceived
                0x20002740                pxMBFrameCBTransmitFSMCur
                0x20002744                pxMBFrameCBReceiveFSMCur
 COMMON         0x20002748       0x50 ..\obj\watchdog.o
                0x20002748                task_watches
 COMMON         0x20002798      0x100 ..\obj\mbrtu.o
                0x20002798                ucRTUBuf
                0x20002898                . = ALIGN (0x4)
                0x20002898                _ebss = .

.co_stack       0x20002898      0x800 load address 0x08006bec
                0x20002898                . = ALIGN (0x8)
 *(.co_stack .co_stack.*)
 .co_stack      0x20002898      0x800 ..\obj\startup_stm32f4xx.o
                0x20002898                pulStack
                0x20003098                . = ALIGN (0x4)
                0x20003098                _end = .
LOAD ..\obj\stm32f4xx_syscfg.o
LOAD ..\obj\mbport.o
LOAD ..\obj\mb.o
LOAD ..\obj\protocol.o
LOAD ..\obj\mbfuncdisc.o
LOAD ..\obj\core_cm3.o
LOAD ..\obj\portevent.o
LOAD ..\obj\mbfuncother.o
LOAD ..\obj\stm32f4xx_usart.o
LOAD ..\obj\stm32f4xx_pwr.o
LOAD ..\obj\rtc.o
LOAD ..\obj\mbutils.o
LOAD ..\obj\startup_stm32f4xx.o
LOAD ..\obj\backup_sram.o
LOAD ..\obj\stm32f4xx_iwdg.o
LOAD ..\obj\ADS1120.o
LOAD ..\obj\mbfuncholding.o
LOAD ..\obj\main.o
LOAD ..\obj\mbcrc.o
LOAD ..\obj\stm32f4xx_rcc.o
LOAD ..\obj\timers.o
LOAD ..\obj\mbfuncinput.o
LOAD ..\obj\printf.o
LOAD ..\obj\watchdog.o
LOAD ..\obj\mbfuncdiag.o
LOAD ..\obj\tasks.o
LOAD ..\obj\stm32f4xx_gpio.o
LOAD ..\obj\porttimer.o
LOAD ..\obj\mbrtu.o
LOAD ..\obj\list.o
LOAD ..\obj\system_stm32f4xx.o
LOAD ..\obj\syscalls.o
LOAD ..\obj\port.o
LOAD ..\obj\queue.o
LOAD ..\obj\portserial.o
LOAD ..\obj\croutine.o
LOAD ..\obj\mbfunccoils.o
LOAD ..\obj\event_groups.o
LOAD ..\obj\frequency.o
LOAD ..\obj\stm32f4xx_exti.o
LOAD ..\obj\misc.o
LOAD ..\obj\mbascii.o
LOAD ..\obj\heap_2.o
LOAD ..\obj\stm32f4xx_tim.o
LOAD ..\obj\power_detector.o
START GROUP
LOAD c:/coocox/coide/gcc/sourcery g++ lite/bin/../lib/gcc/arm-none-eabi/4.5.1/thumb2\libgcc.a
LOAD c:/coocox/coide/gcc/sourcery g++ lite/bin/../lib/gcc/arm-none-eabi/4.5.1/../../../../arm-none-eabi/lib/thumb2\libc.a
END GROUP
OUTPUT(IMS_CONTROLLER.elf elf32-littlearm)

.debug_abbrev   0x00000000     0x2fe7
 .debug_abbrev  0x00000000      0x12a ..\obj\stm32f4xx_syscfg.o
 .debug_abbrev  0x0000012a      0x132 ..\obj\mbport.o
 .debug_abbrev  0x0000025c      0x196 ..\obj\mb.o
 .debug_abbrev  0x000003f2      0x102 ..\obj\protocol.o
 .debug_abbrev  0x000004f4       0xa5 ..\obj\mbfuncdisc.o
 .debug_abbrev  0x00000599       0xd5 ..\obj\core_cm3.o
 .debug_abbrev  0x0000066e       0xbc ..\obj\portevent.o
 .debug_abbrev  0x0000072a       0xbe ..\obj\mbfuncother.o
 .debug_abbrev  0x000007e8      0x14e ..\obj\stm32f4xx_usart.o
 .debug_abbrev  0x00000936      0x175 ..\obj\stm32f4xx_pwr.o
 .debug_abbrev  0x00000aab      0x125 ..\obj\rtc.o
 .debug_abbrev  0x00000bd0       0xd2 ..\obj\mbutils.o
 .debug_abbrev  0x00000ca2       0xac ..\obj\startup_stm32f4xx.o
 .debug_abbrev  0x00000d4e       0xa7 ..\obj\backup_sram.o
 .debug_abbrev  0x00000df5       0xfa ..\obj\stm32f4xx_iwdg.o
 .debug_abbrev  0x00000eef      0x17a ..\obj\ADS1120.o
 .debug_abbrev  0x00001069       0xa5 ..\obj\mbfuncholding.o
 .debug_abbrev  0x0000110e       0xc0 ..\obj\main.o
 .debug_abbrev  0x000011ce       0x90 ..\obj\mbcrc.o
 .debug_abbrev  0x0000125e      0x1b7 ..\obj\stm32f4xx_rcc.o
 .debug_abbrev  0x00001415       0x28 ..\obj\timers.o
 .debug_abbrev  0x0000143d       0xa5 ..\obj\mbfuncinput.o
 .debug_abbrev  0x000014e2      0x238 ..\obj\printf.o
 .debug_abbrev  0x0000171a      0x120 ..\obj\watchdog.o
 .debug_abbrev  0x0000183a        0x1 ..\obj\mbfuncdiag.o
 .debug_abbrev  0x0000183b      0x206 ..\obj\tasks.o
 .debug_abbrev  0x00001a41      0x182 ..\obj\stm32f4xx_gpio.o
 .debug_abbrev  0x00001bc3      0x137 ..\obj\porttimer.o
 .debug_abbrev  0x00001cfa      0x148 ..\obj\mbrtu.o
 .debug_abbrev  0x00001e42       0xb8 ..\obj\list.o
 .debug_abbrev  0x00001efa      0x140 ..\obj\system_stm32f4xx.o
 .debug_abbrev  0x0000203a       0xde ..\obj\syscalls.o
 .debug_abbrev  0x00002118      0x186 ..\obj\port.o
 .debug_abbrev  0x0000229e      0x132 ..\obj\queue.o
 .debug_abbrev  0x000023d0      0x19f ..\obj\portserial.o
 .debug_abbrev  0x0000256f      0x17f ..\obj\croutine.o
 .debug_abbrev  0x000026ee       0xb7 ..\obj\mbfunccoils.o
 .debug_abbrev  0x000027a5      0x10f ..\obj\event_groups.o
 .debug_abbrev  0x000028b4        0x1 ..\obj\frequency.o
 .debug_abbrev  0x000028b5      0x198 ..\obj\stm32f4xx_exti.o
 .debug_abbrev  0x00002a4d      0x126 ..\obj\misc.o
 .debug_abbrev  0x00002b73       0x4d ..\obj\mbascii.o
 .debug_abbrev  0x00002bc0      0x15f ..\obj\heap_2.o
 .debug_abbrev  0x00002d1f      0x163 ..\obj\stm32f4xx_tim.o
 .debug_abbrev  0x00002e82      0x165 ..\obj\power_detector.o

.debug_info     0x00000000     0xe8c0
 .debug_info    0x00000000      0x27a ..\obj\stm32f4xx_syscfg.o
 .debug_info    0x0000027a      0x3bb ..\obj\mbport.o
 .debug_info    0x00000635      0x65c ..\obj\mb.o
 .debug_info    0x00000c91      0x259 ..\obj\protocol.o
 .debug_info    0x00000eea      0x1f9 ..\obj\mbfuncdisc.o
 .debug_info    0x000010e3      0x548 ..\obj\core_cm3.o
 .debug_info    0x0000162b      0x181 ..\obj\portevent.o
 .debug_info    0x000017ac      0x25c ..\obj\mbfuncother.o
 .debug_info    0x00001a08      0xa4f ..\obj\stm32f4xx_usart.o
 .debug_info    0x00002457      0x53e ..\obj\stm32f4xx_pwr.o
 .debug_info    0x00002995      0x2a8 ..\obj\rtc.o
 .debug_info    0x00002c3d      0x2d1 ..\obj\mbutils.o
 .debug_info    0x00002f0e      0x135 ..\obj\startup_stm32f4xx.o
 .debug_info    0x00003043      0x11f ..\obj\backup_sram.o
 .debug_info    0x00003162      0x20b ..\obj\stm32f4xx_iwdg.o
 .debug_info    0x0000336d      0x6cb ..\obj\ADS1120.o
 .debug_info    0x00003a38      0x38e ..\obj\mbfuncholding.o
 .debug_info    0x00003dc6      0x181 ..\obj\main.o
 .debug_info    0x00003f47      0x13e ..\obj\mbcrc.o
 .debug_info    0x00004085      0xd24 ..\obj\stm32f4xx_rcc.o
 .debug_info    0x00004da9       0x6f ..\obj\timers.o
 .debug_info    0x00004e18      0x1eb ..\obj\mbfuncinput.o
 .debug_info    0x00005003      0xed2 ..\obj\printf.o
 .debug_info    0x00005ed5      0x1ab ..\obj\watchdog.o
 .debug_info    0x00006080        0x0 ..\obj\mbfuncdiag.o
 .debug_info    0x00006080     0x12a7 ..\obj\tasks.o
 .debug_info    0x00007327      0x639 ..\obj\stm32f4xx_gpio.o
 .debug_info    0x00007960      0x6e1 ..\obj\porttimer.o
 .debug_info    0x00008041      0x54c ..\obj\mbrtu.o
 .debug_info    0x0000858d      0x2b5 ..\obj\list.o
 .debug_info    0x00008842      0x5ea ..\obj\system_stm32f4xx.o
 .debug_info    0x00008e2c      0x440 ..\obj\syscalls.o
 .debug_info    0x0000926c      0x330 ..\obj\port.o
 .debug_info    0x0000959c      0x9ea ..\obj\queue.o
 .debug_info    0x00009f86      0x9f3 ..\obj\portserial.o
 .debug_info    0x0000a979      0x4ec ..\obj\croutine.o
 .debug_info    0x0000ae65      0x31e ..\obj\mbfunccoils.o
 .debug_info    0x0000b183      0x639 ..\obj\event_groups.o
 .debug_info    0x0000b7bc        0x0 ..\obj\frequency.o
 .debug_info    0x0000b7bc      0x372 ..\obj\stm32f4xx_exti.o
 .debug_info    0x0000bb2e      0x594 ..\obj\misc.o
 .debug_info    0x0000c0c2       0x9b ..\obj\mbascii.o
 .debug_info    0x0000c15d      0x2e3 ..\obj\heap_2.o
 .debug_info    0x0000c440     0x1e28 ..\obj\stm32f4xx_tim.o
 .debug_info    0x0000e268      0x658 ..\obj\power_detector.o

.debug_line     0x00000000     0x8025
 .debug_line    0x00000000      0x202 ..\obj\stm32f4xx_syscfg.o
 .debug_line    0x00000202      0x285 ..\obj\mbport.o
 .debug_line    0x00000487      0x2cf ..\obj\mb.o
 .debug_line    0x00000756      0x2a3 ..\obj\protocol.o
 .debug_line    0x000009f9      0x1e8 ..\obj\mbfuncdisc.o
 .debug_line    0x00000be1      0x28e ..\obj\core_cm3.o
 .debug_line    0x00000e6f      0x1d1 ..\obj\portevent.o
 .debug_line    0x00001040      0x254 ..\obj\mbfuncother.o
 .debug_line    0x00001294      0x49c ..\obj\stm32f4xx_usart.o
 .debug_line    0x00001730      0x29f ..\obj\stm32f4xx_pwr.o
 .debug_line    0x000019cf      0x2b6 ..\obj\rtc.o
 .debug_line    0x00001c85      0x25c ..\obj\mbutils.o
 .debug_line    0x00001ee1       0xaf ..\obj\startup_stm32f4xx.o
 .debug_line    0x00001f90      0x1a8 ..\obj\backup_sram.o
 .debug_line    0x00002138      0x1f9 ..\obj\stm32f4xx_iwdg.o
 .debug_line    0x00002331      0x3e7 ..\obj\ADS1120.o
 .debug_line    0x00002718      0x276 ..\obj\mbfuncholding.o
 .debug_line    0x0000298e      0x2ad ..\obj\main.o
 .debug_line    0x00002c3b      0x164 ..\obj\mbcrc.o
 .debug_line    0x00002d9f      0x598 ..\obj\stm32f4xx_rcc.o
 .debug_line    0x00003337       0x1d ..\obj\timers.o
 .debug_line    0x00003354      0x1de ..\obj\mbfuncinput.o
 .debug_line    0x00003532      0x3cf ..\obj\printf.o
 .debug_line    0x00003901      0x257 ..\obj\watchdog.o
 .debug_line    0x00003b58        0x0 ..\obj\mbfuncdiag.o
 .debug_line    0x00003b58      0xab6 ..\obj\tasks.o
 .debug_line    0x0000460e      0x337 ..\obj\stm32f4xx_gpio.o
 .debug_line    0x00004945      0x2c2 ..\obj\porttimer.o
 .debug_line    0x00004c07      0x288 ..\obj\mbrtu.o
 .debug_line    0x00004e8f      0x241 ..\obj\list.o
 .debug_line    0x000050d0      0x21b ..\obj\system_stm32f4xx.o
 .debug_line    0x000052eb      0x19d ..\obj\syscalls.o
 .debug_line    0x00005488      0x30a ..\obj\port.o
 .debug_line    0x00005792      0x6fb ..\obj\queue.o
 .debug_line    0x00005e8d      0x38f ..\obj\portserial.o
 .debug_line    0x0000621c      0x30d ..\obj\croutine.o
 .debug_line    0x00006529      0x24e ..\obj\mbfunccoils.o
 .debug_line    0x00006777      0x395 ..\obj\event_groups.o
 .debug_line    0x00006b0c        0x0 ..\obj\frequency.o
 .debug_line    0x00006b0c      0x2a1 ..\obj\stm32f4xx_exti.o
 .debug_line    0x00006dad      0x23d ..\obj\misc.o
 .debug_line    0x00006fea       0xde ..\obj\mbascii.o
 .debug_line    0x000070c8      0x28b ..\obj\heap_2.o
 .debug_line    0x00007353      0xa71 ..\obj\stm32f4xx_tim.o
 .debug_line    0x00007dc4      0x261 ..\obj\power_detector.o

.debug_loc      0x00000000     0x5da6
 .debug_loc     0x00000000      0x144 ..\obj\stm32f4xx_syscfg.o
 .debug_loc     0x00000144      0x138 ..\obj\mbport.o
 .debug_loc     0x0000027c      0x150 ..\obj\mb.o
 .debug_loc     0x000003cc       0xa8 ..\obj\protocol.o
 .debug_loc     0x00000474       0x38 ..\obj\mbfuncdisc.o
 .debug_loc     0x000004ac      0x3f0 ..\obj\core_cm3.o
 .debug_loc     0x0000089c       0x9c ..\obj\portevent.o
 .debug_loc     0x00000938       0x70 ..\obj\mbfuncother.o
 .debug_loc     0x000009a8      0x658 ..\obj\stm32f4xx_usart.o
 .debug_loc     0x00001000      0x288 ..\obj\stm32f4xx_pwr.o
 .debug_loc     0x00001288       0x70 ..\obj\rtc.o
 .debug_loc     0x000012f8       0xa8 ..\obj\mbutils.o
 .debug_loc     0x000013a0       0x64 ..\obj\startup_stm32f4xx.o
 .debug_loc     0x00001404       0x64 ..\obj\backup_sram.o
 .debug_loc     0x00001468      0x138 ..\obj\stm32f4xx_iwdg.o
 .debug_loc     0x000015a0      0x144 ..\obj\ADS1120.o
 .debug_loc     0x000016e4       0xe0 ..\obj\mbfuncholding.o
 .debug_loc     0x000017c4      0x100 ..\obj\main.o
 .debug_loc     0x000018c4       0x38 ..\obj\mbcrc.o
 .debug_loc     0x000018fc      0x97c ..\obj\stm32f4xx_rcc.o
 .debug_loc     0x00002278       0x38 ..\obj\mbfuncinput.o
 .debug_loc     0x000022b0      0x3ea ..\obj\printf.o
 .debug_loc     0x0000269a       0x70 ..\obj\watchdog.o
 .debug_loc     0x0000270a      0x92c ..\obj\tasks.o
 .debug_loc     0x00003036      0x310 ..\obj\stm32f4xx_gpio.o
 .debug_loc     0x00003346       0xbc ..\obj\porttimer.o
 .debug_loc     0x00003402      0x1a8 ..\obj\mbrtu.o
 .debug_loc     0x000035aa      0x118 ..\obj\list.o
 .debug_loc     0x000036c2       0x9c ..\obj\system_stm32f4xx.o
 .debug_loc     0x0000375e      0x1ec ..\obj\syscalls.o
 .debug_loc     0x0000394a      0x1dc ..\obj\port.o
 .debug_loc     0x00003b26      0x460 ..\obj\queue.o
 .debug_loc     0x00003f86      0x144 ..\obj\portserial.o
 .debug_loc     0x000040ca      0x188 ..\obj\croutine.o
 .debug_loc     0x00004252       0xa8 ..\obj\mbfunccoils.o
 .debug_loc     0x000042fa      0x230 ..\obj\event_groups.o
 .debug_loc     0x0000452a      0x1b4 ..\obj\stm32f4xx_exti.o
 .debug_loc     0x000046de      0x118 ..\obj\misc.o
 .debug_loc     0x000047f6      0x100 ..\obj\heap_2.o
 .debug_loc     0x000048f6     0x1420 ..\obj\stm32f4xx_tim.o
 .debug_loc     0x00005d16       0x90 ..\obj\power_detector.o

.debug_pubnames
                0x00000000     0x27bd
 .debug_pubnames
                0x00000000       0xc3 ..\obj\stm32f4xx_syscfg.o
 .debug_pubnames
                0x000000c3      0x126 ..\obj\mbport.o
 .debug_pubnames
                0x000001e9       0xf8 ..\obj\mb.o
 .debug_pubnames
                0x000002e1       0x24 ..\obj\protocol.o
 .debug_pubnames
                0x00000305       0x30 ..\obj\mbfuncdisc.o
 .debug_pubnames
                0x00000335      0x159 ..\obj\core_cm3.o
 .debug_pubnames
                0x0000048e       0x50 ..\obj\portevent.o
 .debug_pubnames
                0x000004de       0x3d ..\obj\mbfuncother.o
 .debug_pubnames
                0x0000051b      0x294 ..\obj\stm32f4xx_usart.o
 .debug_pubnames
                0x000007af      0x120 ..\obj\stm32f4xx_pwr.o
 .debug_pubnames
                0x000008cf       0x46 ..\obj\rtc.o
 .debug_pubnames
                0x00000915       0x52 ..\obj\mbutils.o
 .debug_pubnames
                0x00000967       0x4a ..\obj\startup_stm32f4xx.o
 .debug_pubnames
                0x000009b1       0x41 ..\obj\backup_sram.o
 .debug_pubnames
                0x000009f2       0x91 ..\obj\stm32f4xx_iwdg.o
 .debug_pubnames
                0x00000a83       0x9f ..\obj\ADS1120.o
 .debug_pubnames
                0x00000b22       0xa5 ..\obj\mbfuncholding.o
 .debug_pubnames
                0x00000bc7       0x90 ..\obj\main.o
 .debug_pubnames
                0x00000c57       0x20 ..\obj\mbcrc.o
 .debug_pubnames
                0x00000c77      0x417 ..\obj\stm32f4xx_rcc.o
 .debug_pubnames
                0x0000108e       0x2f ..\obj\mbfuncinput.o
 .debug_pubnames
                0x000010bd      0x101 ..\obj\printf.o
 .debug_pubnames
                0x000011be       0x35 ..\obj\watchdog.o
 .debug_pubnames
                0x000011f3      0x350 ..\obj\tasks.o
 .debug_pubnames
                0x00001543      0x12d ..\obj\stm32f4xx_gpio.o
 .debug_pubnames
                0x00001670       0x6d ..\obj\porttimer.o
 .debug_pubnames
                0x000016dd       0xb3 ..\obj\mbrtu.o
 .debug_pubnames
                0x00001790       0x72 ..\obj\list.o
 .debug_pubnames
                0x00001802       0x61 ..\obj\system_stm32f4xx.o
 .debug_pubnames
                0x00001863       0x71 ..\obj\syscalls.o
 .debug_pubnames
                0x000018d4      0x144 ..\obj\port.o
 .debug_pubnames
                0x00001a18      0x18c ..\obj\queue.o
 .debug_pubnames
                0x00001ba4       0x88 ..\obj\portserial.o
 .debug_pubnames
                0x00001c2c       0x96 ..\obj\croutine.o
 .debug_pubnames
                0x00001cc2       0x5a ..\obj\mbfunccoils.o
 .debug_pubnames
                0x00001d1c       0xf8 ..\obj\event_groups.o
 .debug_pubnames
                0x00001e14       0xbb ..\obj\stm32f4xx_exti.o
 .debug_pubnames
                0x00001ecf       0x89 ..\obj\misc.o
 .debug_pubnames
                0x00001f58       0x64 ..\obj\heap_2.o
 .debug_pubnames
                0x00001fbc      0x7c4 ..\obj\stm32f4xx_tim.o
 .debug_pubnames
                0x00002780       0x3d ..\obj\power_detector.o

.debug_pubtypes
                0x00000000     0x1a92
 .debug_pubtypes
                0x00000000       0x6d ..\obj\stm32f4xx_syscfg.o
 .debug_pubtypes
                0x0000006d       0x80 ..\obj\mbport.o
 .debug_pubtypes
                0x000000ed      0x147 ..\obj\mb.o
 .debug_pubtypes
                0x00000234       0x76 ..\obj\protocol.o
 .debug_pubtypes
                0x000002aa       0x6e ..\obj\mbfuncdisc.o
 .debug_pubtypes
                0x00000318       0x50 ..\obj\core_cm3.o
 .debug_pubtypes
                0x00000368       0x44 ..\obj\portevent.o
 .debug_pubtypes
                0x000003ac       0x82 ..\obj\mbfuncother.o
 .debug_pubtypes
                0x0000042e       0xcd ..\obj\stm32f4xx_usart.o
 .debug_pubtypes
                0x000004fb       0x84 ..\obj\stm32f4xx_pwr.o
 .debug_pubtypes
                0x0000057f       0x83 ..\obj\rtc.o
 .debug_pubtypes
                0x00000602       0x79 ..\obj\mbutils.o
 .debug_pubtypes
                0x0000067b       0x37 ..\obj\backup_sram.o
 .debug_pubtypes
                0x000006b2       0x64 ..\obj\stm32f4xx_iwdg.o
 .debug_pubtypes
                0x00000716      0x12b ..\obj\ADS1120.o
 .debug_pubtypes
                0x00000841       0x6e ..\obj\mbfuncholding.o
 .debug_pubtypes
                0x000008af       0x49 ..\obj\main.o
 .debug_pubtypes
                0x000008f8       0x40 ..\obj\mbcrc.o
 .debug_pubtypes
                0x00000938       0xaa ..\obj\stm32f4xx_rcc.o
 .debug_pubtypes
                0x000009e2       0x12 ..\obj\timers.o
 .debug_pubtypes
                0x000009f4       0x6e ..\obj\mbfuncinput.o
 .debug_pubtypes
                0x00000a62      0x139 ..\obj\printf.o
 .debug_pubtypes
                0x00000b9b       0x63 ..\obj\watchdog.o
 .debug_pubtypes
                0x00000bfe      0x191 ..\obj\tasks.o
 .debug_pubtypes
                0x00000d8f       0xce ..\obj\stm32f4xx_gpio.o
 .debug_pubtypes
                0x00000e5d       0xb6 ..\obj\porttimer.o
 .debug_pubtypes
                0x00000f13       0xbf ..\obj\mbrtu.o
 .debug_pubtypes
                0x00000fd2       0x98 ..\obj\list.o
 .debug_pubtypes
                0x0000106a       0x73 ..\obj\system_stm32f4xx.o
 .debug_pubtypes
                0x000010dd       0xaa ..\obj\syscalls.o
 .debug_pubtypes
                0x00001187       0x7c ..\obj\port.o
 .debug_pubtypes
                0x00001203      0x122 ..\obj\queue.o
 .debug_pubtypes
                0x00001325      0x18b ..\obj\portserial.o
 .debug_pubtypes
                0x000014b0      0x107 ..\obj\croutine.o
 .debug_pubtypes
                0x000015b7       0x6e ..\obj\mbfunccoils.o
 .debug_pubtypes
                0x00001625       0xf9 ..\obj\event_groups.o
 .debug_pubtypes
                0x0000171e       0xae ..\obj\stm32f4xx_exti.o
 .debug_pubtypes
                0x000017cc       0x8c ..\obj\misc.o
 .debug_pubtypes
                0x00001858       0x1e ..\obj\mbascii.o
 .debug_pubtypes
                0x00001876       0x73 ..\obj\heap_2.o
 .debug_pubtypes
                0x000018e9       0xe4 ..\obj\stm32f4xx_tim.o
 .debug_pubtypes
                0x000019cd       0xc5 ..\obj\power_detector.o

.debug_aranges  0x00000000     0x11c0
 .debug_aranges
                0x00000000       0x48 ..\obj\stm32f4xx_syscfg.o
 .debug_aranges
                0x00000048       0x48 ..\obj\mbport.o
 .debug_aranges
                0x00000090       0x48 ..\obj\mb.o
 .debug_aranges
                0x000000d8       0x30 ..\obj\protocol.o
 .debug_aranges
                0x00000108       0x20 ..\obj\mbfuncdisc.o
 .debug_aranges
                0x00000128       0xc8 ..\obj\core_cm3.o
 .debug_aranges
                0x000001f0       0x30 ..\obj\portevent.o
 .debug_aranges
                0x00000220       0x28 ..\obj\mbfuncother.o
 .debug_aranges
                0x00000248      0x100 ..\obj\stm32f4xx_usart.o
 .debug_aranges
                0x00000348       0x78 ..\obj\stm32f4xx_pwr.o
 .debug_aranges
                0x000003c0       0x28 ..\obj\rtc.o
 .debug_aranges
                0x000003e8       0x30 ..\obj\mbutils.o
 .debug_aranges
                0x00000418       0x28 ..\obj\startup_stm32f4xx.o
 .debug_aranges
                0x00000440       0x28 ..\obj\backup_sram.o
 .debug_aranges
                0x00000468       0x48 ..\obj\stm32f4xx_iwdg.o
 .debug_aranges
                0x000004b0       0x48 ..\obj\ADS1120.o
 .debug_aranges
                0x000004f8       0x38 ..\obj\mbfuncholding.o
 .debug_aranges
                0x00000530       0x40 ..\obj\main.o
 .debug_aranges
                0x00000570       0x20 ..\obj\mbcrc.o
 .debug_aranges
                0x00000590      0x178 ..\obj\stm32f4xx_rcc.o
 .debug_aranges
                0x00000708       0x20 ..\obj\mbfuncinput.o
 .debug_aranges
                0x00000728       0xa0 ..\obj\printf.o
 .debug_aranges
                0x000007c8       0x28 ..\obj\watchdog.o
 .debug_aranges
                0x000007f0      0x170 ..\obj\tasks.o
 .debug_aranges
                0x00000960       0x88 ..\obj\stm32f4xx_gpio.o
 .debug_aranges
                0x000009e8       0x38 ..\obj\porttimer.o
 .debug_aranges
                0x00000a20       0x58 ..\obj\mbrtu.o
 .debug_aranges
                0x00000a78       0x40 ..\obj\list.o
 .debug_aranges
                0x00000ab8       0x30 ..\obj\system_stm32f4xx.o
 .debug_aranges
                0x00000ae8       0x60 ..\obj\syscalls.o
 .debug_aranges
                0x00000b48       0x90 ..\obj\port.o
 .debug_aranges
                0x00000bd8       0xb8 ..\obj\queue.o
 .debug_aranges
                0x00000c90       0x48 ..\obj\portserial.o
 .debug_aranges
                0x00000cd8       0x50 ..\obj\croutine.o
 .debug_aranges
                0x00000d28       0x30 ..\obj\mbfunccoils.o
 .debug_aranges
                0x00000d58       0x68 ..\obj\event_groups.o
 .debug_aranges
                0x00000dc0       0x58 ..\obj\stm32f4xx_exti.o
 .debug_aranges
                0x00000e18       0x40 ..\obj\misc.o
 .debug_aranges
                0x00000e58       0x40 ..\obj\heap_2.o
 .debug_aranges
                0x00000e98      0x2f8 ..\obj\stm32f4xx_tim.o
 .debug_aranges
                0x00001190       0x30 ..\obj\power_detector.o

.debug_ranges   0x00000000      0xf30
 .debug_ranges  0x00000000       0x38 ..\obj\stm32f4xx_syscfg.o
 .debug_ranges  0x00000038       0x38 ..\obj\mbport.o
 .debug_ranges  0x00000070       0x38 ..\obj\mb.o
 .debug_ranges  0x000000a8       0x20 ..\obj\protocol.o
 .debug_ranges  0x000000c8       0x10 ..\obj\mbfuncdisc.o
 .debug_ranges  0x000000d8       0xb8 ..\obj\core_cm3.o
 .debug_ranges  0x00000190       0x20 ..\obj\portevent.o
 .debug_ranges  0x000001b0       0x18 ..\obj\mbfuncother.o
 .debug_ranges  0x000001c8       0xf0 ..\obj\stm32f4xx_usart.o
 .debug_ranges  0x000002b8       0x68 ..\obj\stm32f4xx_pwr.o
 .debug_ranges  0x00000320       0x18 ..\obj\rtc.o
 .debug_ranges  0x00000338       0x20 ..\obj\mbutils.o
 .debug_ranges  0x00000358       0x18 ..\obj\startup_stm32f4xx.o
 .debug_ranges  0x00000370       0x18 ..\obj\backup_sram.o
 .debug_ranges  0x00000388       0x38 ..\obj\stm32f4xx_iwdg.o
 .debug_ranges  0x000003c0       0x38 ..\obj\ADS1120.o
 .debug_ranges  0x000003f8       0x28 ..\obj\mbfuncholding.o
 .debug_ranges  0x00000420       0x30 ..\obj\main.o
 .debug_ranges  0x00000450       0x10 ..\obj\mbcrc.o
 .debug_ranges  0x00000460      0x168 ..\obj\stm32f4xx_rcc.o
 .debug_ranges  0x000005c8       0x10 ..\obj\mbfuncinput.o
 .debug_ranges  0x000005d8       0x90 ..\obj\printf.o
 .debug_ranges  0x00000668       0x18 ..\obj\watchdog.o
 .debug_ranges  0x00000680      0x160 ..\obj\tasks.o
 .debug_ranges  0x000007e0       0x78 ..\obj\stm32f4xx_gpio.o
 .debug_ranges  0x00000858       0x28 ..\obj\porttimer.o
 .debug_ranges  0x00000880       0x48 ..\obj\mbrtu.o
 .debug_ranges  0x000008c8       0x30 ..\obj\list.o
 .debug_ranges  0x000008f8       0x20 ..\obj\system_stm32f4xx.o
 .debug_ranges  0x00000918       0x50 ..\obj\syscalls.o
 .debug_ranges  0x00000968       0x80 ..\obj\port.o
 .debug_ranges  0x000009e8       0xa8 ..\obj\queue.o
 .debug_ranges  0x00000a90       0x38 ..\obj\portserial.o
 .debug_ranges  0x00000ac8       0x40 ..\obj\croutine.o
 .debug_ranges  0x00000b08       0x20 ..\obj\mbfunccoils.o
 .debug_ranges  0x00000b28       0x58 ..\obj\event_groups.o
 .debug_ranges  0x00000b80       0x48 ..\obj\stm32f4xx_exti.o
 .debug_ranges  0x00000bc8       0x30 ..\obj\misc.o
 .debug_ranges  0x00000bf8       0x30 ..\obj\heap_2.o
 .debug_ranges  0x00000c28      0x2e8 ..\obj\stm32f4xx_tim.o
 .debug_ranges  0x00000f10       0x20 ..\obj\power_detector.o

.debug_str      0x00000000     0x60aa
 .debug_str     0x00000000      0x21d ..\obj\stm32f4xx_syscfg.o
                                0x26a (size before relaxing)
 .debug_str     0x0000021d      0x22b ..\obj\mbport.o
                                0x2de (size before relaxing)
 .debug_str     0x00000448      0x402 ..\obj\mb.o
                                0x5a0 (size before relaxing)
 .debug_str     0x0000084a      0x1c2 ..\obj\protocol.o
                                0x306 (size before relaxing)
 .debug_str     0x00000a0c       0xc3 ..\obj\mbfuncdisc.o
                                0x2e3 (size before relaxing)
 .debug_str     0x00000acf      0x173 ..\obj\core_cm3.o
                                0x23a (size before relaxing)
 .debug_str     0x00000c42       0xb5 ..\obj\portevent.o
                                0x1af (size before relaxing)
 .debug_str     0x00000cf7       0xd8 ..\obj\mbfuncother.o
                                0x30c (size before relaxing)
 .debug_str     0x00000dcf      0x4e4 ..\obj\stm32f4xx_usart.o
                                0x5fa (size before relaxing)
 .debug_str     0x000012b3      0x1e9 ..\obj\stm32f4xx_pwr.o
                                0x2fc (size before relaxing)
 .debug_str     0x0000149c      0x15c ..\obj\rtc.o
                                0x272 (size before relaxing)
 .debug_str     0x000015f8       0xf9 ..\obj\mbutils.o
                                0x320 (size before relaxing)
 .debug_str     0x000016f1       0xbe ..\obj\startup_stm32f4xx.o
                                 0xe9 (size before relaxing)
 .debug_str     0x000017af       0x99 ..\obj\backup_sram.o
                                0x15e (size before relaxing)
 .debug_str     0x00001848       0xf6 ..\obj\stm32f4xx_iwdg.o
                                0x1d7 (size before relaxing)
 .debug_str     0x0000193e      0x3bf ..\obj\ADS1120.o
                                0x61d (size before relaxing)
 .debug_str     0x00001cfd      0x155 ..\obj\mbfuncholding.o
                                0x3c1 (size before relaxing)
 .debug_str     0x00001e52       0xd6 ..\obj\main.o
                                0x1ab (size before relaxing)
 .debug_str     0x00001f28       0x77 ..\obj\mbcrc.o
                                0x144 (size before relaxing)
 .debug_str     0x00001f9f      0x5eb ..\obj\stm32f4xx_rcc.o
                                0x7bb (size before relaxing)
 .debug_str     0x0000258a       0x56 ..\obj\timers.o
                                 0xeb (size before relaxing)
 .debug_str     0x000025e0       0x79 ..\obj\mbfuncinput.o
                                0x2d7 (size before relaxing)
 .debug_str     0x00002659      0x4a3 ..\obj\printf.o
                                0x5fc (size before relaxing)
 .debug_str     0x00002afc       0x7c ..\obj\watchdog.o
                                0x19b (size before relaxing)
 .debug_str     0x00002b78      0xa38 ..\obj\tasks.o
                                0xb93 (size before relaxing)
 .debug_str     0x000035b0      0x194 ..\obj\stm32f4xx_gpio.o
                                0x40e (size before relaxing)
 .debug_str     0x00003744      0x75c ..\obj\porttimer.o
                                0x8bc (size before relaxing)
 .debug_str     0x00003ea0      0x1da ..\obj\mbrtu.o
                                0x3fc (size before relaxing)
 .debug_str     0x0000407a       0xe8 ..\obj\list.o
                                0x231 (size before relaxing)
 .debug_str     0x00004162       0xb6 ..\obj\system_stm32f4xx.o
                                0x309 (size before relaxing)
 .debug_str     0x00004218      0x158 ..\obj\syscalls.o
                                0x27c (size before relaxing)
 .debug_str     0x00004370      0x263 ..\obj\port.o
                                0x360 (size before relaxing)
 .debug_str     0x000045d3      0x353 ..\obj\queue.o
                                0x576 (size before relaxing)
 .debug_str     0x00004926      0x134 ..\obj\portserial.o
                                0xacb (size before relaxing)
 .debug_str     0x00004a5a      0x28c ..\obj\croutine.o
                                0x455 (size before relaxing)
 .debug_str     0x00004ce6       0xd6 ..\obj\mbfunccoils.o
                                0x34b (size before relaxing)
 .debug_str     0x00004dbc      0x2a5 ..\obj\event_groups.o
                                0x452 (size before relaxing)
 .debug_str     0x00005061      0x1e8 ..\obj\stm32f4xx_exti.o
                                0x2d9 (size before relaxing)
 .debug_str     0x00005249      0x137 ..\obj\misc.o
                                0x344 (size before relaxing)
 .debug_str     0x00005380       0x58 ..\obj\mbascii.o
                                0x102 (size before relaxing)
 .debug_str     0x000053d8      0x19b ..\obj\heap_2.o
                                0x284 (size before relaxing)
 .debug_str     0x00005573      0xa94 ..\obj\stm32f4xx_tim.o
                                0xd3b (size before relaxing)
 .debug_str     0x00006007       0xa3 ..\obj\power_detector.o
                                0x838 (size before relaxing)

.comment        0x00000000       0x2a
 .comment       0x00000000       0x2a ..\obj\stm32f4xx_syscfg.o
                                 0x2b (size before relaxing)
 .comment       0x00000000       0x2b ..\obj\mbport.o
 .comment       0x00000000       0x2b ..\obj\mb.o
 .comment       0x00000000       0x2b ..\obj\protocol.o
 .comment       0x00000000       0x2b ..\obj\mbfuncdisc.o
 .comment       0x00000000       0x2b ..\obj\core_cm3.o
 .comment       0x00000000       0x2b ..\obj\portevent.o
 .comment       0x00000000       0x2b ..\obj\mbfuncother.o
 .comment       0x00000000       0x2b ..\obj\stm32f4xx_usart.o
 .comment       0x00000000       0x2b ..\obj\stm32f4xx_pwr.o
 .comment       0x00000000       0x2b ..\obj\rtc.o
 .comment       0x00000000       0x2b ..\obj\mbutils.o
 .comment       0x00000000       0x2b ..\obj\startup_stm32f4xx.o
 .comment       0x00000000       0x2b ..\obj\backup_sram.o
 .comment       0x00000000       0x2b ..\obj\stm32f4xx_iwdg.o
 .comment       0x00000000       0x2b ..\obj\ADS1120.o
 .comment       0x00000000       0x2b ..\obj\mbfuncholding.o
 .comment       0x00000000       0x2b ..\obj\main.o
 .comment       0x00000000       0x2b ..\obj\mbcrc.o
 .comment       0x00000000       0x2b ..\obj\stm32f4xx_rcc.o
 .comment       0x00000000       0x2b ..\obj\timers.o
 .comment       0x00000000       0x2b ..\obj\mbfuncinput.o
 .comment       0x00000000       0x2b ..\obj\printf.o
 .comment       0x00000000       0x2b ..\obj\watchdog.o
 .comment       0x00000000       0x2b ..\obj\mbfuncdiag.o
 .comment       0x00000000       0x2b ..\obj\tasks.o
 .comment       0x00000000       0x2b ..\obj\stm32f4xx_gpio.o
 .comment       0x00000000       0x2b ..\obj\porttimer.o
 .comment       0x00000000       0x2b ..\obj\mbrtu.o
 .comment       0x00000000       0x2b ..\obj\list.o
 .comment       0x00000000       0x2b ..\obj\system_stm32f4xx.o
 .comment       0x00000000       0x2b ..\obj\syscalls.o
 .comment       0x00000000       0x2b ..\obj\port.o
 .comment       0x00000000       0x2b ..\obj\queue.o
 .comment       0x00000000       0x2b ..\obj\portserial.o
 .comment       0x00000000       0x2b ..\obj\croutine.o
 .comment       0x00000000       0x2b ..\obj\mbfunccoils.o
 .comment       0x00000000       0x2b ..\obj\event_groups.o
 .comment       0x00000000       0x2b ..\obj\frequency.o
 .comment       0x00000000       0x2b ..\obj\stm32f4xx_exti.o
 .comment       0x00000000       0x2b ..\obj\misc.o
 .comment       0x00000000       0x2b ..\obj\mbascii.o
 .comment       0x00000000       0x2b ..\obj\heap_2.o
 .comment       0x00000000       0x2b ..\obj\stm32f4xx_tim.o
 .comment       0x00000000       0x2b ..\obj\power_detector.o

.ARM.attributes
                0x00000000       0x31
 .ARM.attributes
                0x00000000       0x31 ..\obj\stm32f4xx_syscfg.o
 .ARM.attributes
                0x00000031       0x31 ..\obj\mbport.o
 .ARM.attributes
                0x00000062       0x31 ..\obj\mb.o
 .ARM.attributes
                0x00000093       0x31 ..\obj\protocol.o
 .ARM.attributes
                0x000000c4       0x31 ..\obj\mbfuncdisc.o
 .ARM.attributes
                0x000000f5       0x31 ..\obj\core_cm3.o
 .ARM.attributes
                0x00000126       0x31 ..\obj\portevent.o
 .ARM.attributes
                0x00000157       0x31 ..\obj\mbfuncother.o
 .ARM.attributes
                0x00000188       0x31 ..\obj\stm32f4xx_usart.o
 .ARM.attributes
                0x000001b9       0x31 ..\obj\stm32f4xx_pwr.o
 .ARM.attributes
                0x000001ea       0x31 ..\obj\rtc.o
 .ARM.attributes
                0x0000021b       0x31 ..\obj\mbutils.o
 .ARM.attributes
                0x0000024c       0x31 ..\obj\startup_stm32f4xx.o
 .ARM.attributes
                0x0000027d       0x31 ..\obj\backup_sram.o
 .ARM.attributes
                0x000002ae       0x31 ..\obj\stm32f4xx_iwdg.o
 .ARM.attributes
                0x000002df       0x31 ..\obj\ADS1120.o
 .ARM.attributes
                0x00000310       0x31 ..\obj\mbfuncholding.o
 .ARM.attributes
                0x00000341       0x31 ..\obj\main.o
 .ARM.attributes
                0x00000372       0x31 ..\obj\mbcrc.o
 .ARM.attributes
                0x000003a3       0x31 ..\obj\stm32f4xx_rcc.o
 .ARM.attributes
                0x000003d4       0x31 ..\obj\timers.o
 .ARM.attributes
                0x00000405       0x31 ..\obj\mbfuncinput.o
 .ARM.attributes
                0x00000436       0x31 ..\obj\printf.o
 .ARM.attributes
                0x00000467       0x31 ..\obj\watchdog.o
 .ARM.attributes
                0x00000498       0x31 ..\obj\mbfuncdiag.o
 .ARM.attributes
                0x000004c9       0x31 ..\obj\tasks.o
 .ARM.attributes
                0x000004fa       0x31 ..\obj\stm32f4xx_gpio.o
 .ARM.attributes
                0x0000052b       0x31 ..\obj\porttimer.o
 .ARM.attributes
                0x0000055c       0x31 ..\obj\mbrtu.o
 .ARM.attributes
                0x0000058d       0x31 ..\obj\list.o
 .ARM.attributes
                0x000005be       0x31 ..\obj\system_stm32f4xx.o
 .ARM.attributes
                0x000005ef       0x31 ..\obj\syscalls.o
 .ARM.attributes
                0x00000620       0x31 ..\obj\port.o
 .ARM.attributes
                0x00000651       0x31 ..\obj\queue.o
 .ARM.attributes
                0x00000682       0x31 ..\obj\portserial.o
 .ARM.attributes
                0x000006b3       0x31 ..\obj\croutine.o
 .ARM.attributes
                0x000006e4       0x31 ..\obj\mbfunccoils.o
 .ARM.attributes
                0x00000715       0x31 ..\obj\event_groups.o
 .ARM.attributes
                0x00000746       0x31 ..\obj\frequency.o
 .ARM.attributes
                0x00000777       0x31 ..\obj\stm32f4xx_exti.o
 .ARM.attributes
                0x000007a8       0x31 ..\obj\misc.o
 .ARM.attributes
                0x000007d9       0x31 ..\obj\mbascii.o
 .ARM.attributes
                0x0000080a       0x31 ..\obj\heap_2.o
 .ARM.attributes
                0x0000083b       0x31 ..\obj\stm32f4xx_tim.o
 .ARM.attributes
                0x0000086c       0x31 ..\obj\power_detector.o
 .ARM.attributes
                0x0000089d       0x1b c:/coocox/coide/gcc/sourcery g++ lite/bin/../lib/gcc/arm-none-eabi/4.5.1/thumb2\libgcc.a(_arm_addsubdf3.o)
 .ARM.attributes
                0x000008b8       0x1b c:/coocox/coide/gcc/sourcery g++ lite/bin/../lib/gcc/arm-none-eabi/4.5.1/thumb2\libgcc.a(_arm_muldivdf3.o)
 .ARM.attributes
                0x000008d3       0x1b c:/coocox/coide/gcc/sourcery g++ lite/bin/../lib/gcc/arm-none-eabi/4.5.1/thumb2\libgcc.a(_arm_truncdfsf2.o)
 .ARM.attributes
                0x000008ee       0x1b c:/coocox/coide/gcc/sourcery g++ lite/bin/../lib/gcc/arm-none-eabi/4.5.1/thumb2\libgcc.a(_arm_addsubsf3.o)
 .ARM.attributes
                0x00000909       0x29 c:/coocox/coide/gcc/sourcery g++ lite/bin/../lib/gcc/arm-none-eabi/4.5.1/../../../../arm-none-eabi/lib/thumb2\libc.a(lib_a-memcmp.o)
 .ARM.attributes
                0x00000932       0x29 c:/coocox/coide/gcc/sourcery g++ lite/bin/../lib/gcc/arm-none-eabi/4.5.1/../../../../arm-none-eabi/lib/thumb2\libc.a(lib_a-memcpy.o)
 .ARM.attributes
                0x0000095b       0x29 c:/coocox/coide/gcc/sourcery g++ lite/bin/../lib/gcc/arm-none-eabi/4.5.1/../../../../arm-none-eabi/lib/thumb2\libc.a(lib_a-memset.o)

.debug_frame    0x00000000     0x3598
 .debug_frame   0x00000000       0xbc ..\obj\stm32f4xx_syscfg.o
 .debug_frame   0x000000bc       0xb0 ..\obj\mbport.o
 .debug_frame   0x0000016c       0xd0 ..\obj\mb.o
 .debug_frame   0x0000023c       0x70 ..\obj\protocol.o
 .debug_frame   0x000002ac       0x30 ..\obj\mbfuncdisc.o
 .debug_frame   0x000002dc      0x280 ..\obj\core_cm3.o
 .debug_frame   0x0000055c       0x60 ..\obj\portevent.o
 .debug_frame   0x000005bc       0x50 ..\obj\mbfuncother.o
 .debug_frame   0x0000060c      0x344 ..\obj\stm32f4xx_usart.o
 .debug_frame   0x00000950      0x15c ..\obj\stm32f4xx_pwr.o
 .debug_frame   0x00000aac       0x50 ..\obj\rtc.o
 .debug_frame   0x00000afc       0x68 ..\obj\mbutils.o
 .debug_frame   0x00000b64       0x48 ..\obj\startup_stm32f4xx.o
 .debug_frame   0x00000bac       0x48 ..\obj\backup_sram.o
 .debug_frame   0x00000bf4       0xb0 ..\obj\stm32f4xx_iwdg.o
 .debug_frame   0x00000ca4       0xcc ..\obj\ADS1120.o
 .debug_frame   0x00000d70       0x90 ..\obj\mbfuncholding.o
 .debug_frame   0x00000e00       0x9c ..\obj\main.o
 .debug_frame   0x00000e9c       0x2c ..\obj\mbcrc.o
 .debug_frame   0x00000ec8      0x4d8 ..\obj\stm32f4xx_rcc.o
 .debug_frame   0x000013a0       0x30 ..\obj\mbfuncinput.o
 .debug_frame   0x000013d0      0x244 ..\obj\printf.o
 .debug_frame   0x00001614       0x50 ..\obj\watchdog.o
 .debug_frame   0x00001664      0x53c ..\obj\tasks.o
 .debug_frame   0x00001ba0      0x19c ..\obj\stm32f4xx_gpio.o
 .debug_frame   0x00001d3c       0x84 ..\obj\porttimer.o
 .debug_frame   0x00001dc0      0x108 ..\obj\mbrtu.o
 .debug_frame   0x00001ec8       0x9c ..\obj\list.o
 .debug_frame   0x00001f64       0x64 ..\obj\system_stm32f4xx.o
 .debug_frame   0x00001fc8      0x108 ..\obj\syscalls.o
 .debug_frame   0x000020d0      0x178 ..\obj\port.o
 .debug_frame   0x00002248      0x290 ..\obj\queue.o
 .debug_frame   0x000024d8       0xc8 ..\obj\portserial.o
 .debug_frame   0x000025a0       0xf0 ..\obj\croutine.o
 .debug_frame   0x00002690       0x70 ..\obj\mbfunccoils.o
 .debug_frame   0x00002700      0x14c ..\obj\event_groups.o
 .debug_frame   0x0000284c       0xec ..\obj\stm32f4xx_exti.o
 .debug_frame   0x00002938       0x9c ..\obj\misc.o
 .debug_frame   0x000029d4       0x9c ..\obj\heap_2.o
 .debug_frame   0x00002a70      0xa3c ..\obj\stm32f4xx_tim.o
 .debug_frame   0x000034ac       0x64 ..\obj\power_detector.o
 .debug_frame   0x00003510       0x2c c:/coocox/coide/gcc/sourcery g++ lite/bin/../lib/gcc/arm-none-eabi/4.5.1/../../../../arm-none-eabi/lib/thumb2\libc.a(lib_a-memcmp.o)
 .debug_frame   0x0000353c       0x30 c:/coocox/coide/gcc/sourcery g++ lite/bin/../lib/gcc/arm-none-eabi/4.5.1/../../../../arm-none-eabi/lib/thumb2\libc.a(lib_a-memcpy.o)
 .debug_frame   0x0000356c       0x2c c:/coocox/coide/gcc/sourcery g++ lite/bin/../lib/gcc/arm-none-eabi/4.5.1/../../../../arm-none-eabi/lib/thumb2\libc.a(lib_a-memset.o)
