Archive member included because of file (symbol)

C:\Program Files\GNU Tools ARM Embedded\4.9 2015q2\arm-none-eabi\lib\armv7e-m\fpu\libc.a(lib_a-memcpy.o)
                              ..\obj\mbport.o (memcpy)
C:\Program Files\GNU Tools ARM Embedded\4.9 2015q2\arm-none-eabi\lib\armv7e-m\fpu\libc.a(lib_a-memset.o)
                              ..\obj\arm_pid_init_q31.o (memset)
C:\Program Files\GNU Tools ARM Embedded\4.9 2015q2\arm-none-eabi\lib\armv7e-m\fpu\libm.a(lib_a-wf_sqrt.o)
                              ..\obj\arm_rms_f32.o (sqrtf)
C:\Program Files\GNU Tools ARM Embedded\4.9 2015q2\arm-none-eabi\lib\armv7e-m\fpu\libm.a(lib_a-ef_sqrt.o)
                              C:\Program Files\GNU Tools ARM Embedded\4.9 2015q2\arm-none-eabi\lib\armv7e-m\fpu\libm.a(lib_a-wf_sqrt.o) (__ieee754_sqrtf)
C:\Program Files\GNU Tools ARM Embedded\4.9 2015q2\arm-none-eabi\lib\armv7e-m\fpu\libm.a(lib_a-s_lib_ver.o)
                              C:\Program Files\GNU Tools ARM Embedded\4.9 2015q2\arm-none-eabi\lib\armv7e-m\fpu\libm.a(lib_a-wf_sqrt.o) (__fdlib_version)
C:\Program Files\GNU Tools ARM Embedded\4.9 2015q2\arm-none-eabi\lib\armv7e-m\fpu\libm.a(lib_a-s_matherr.o)
                              C:\Program Files\GNU Tools ARM Embedded\4.9 2015q2\arm-none-eabi\lib\armv7e-m\fpu\libm.a(lib_a-wf_sqrt.o) (matherr)
C:\Program Files\GNU Tools ARM Embedded\4.9 2015q2\arm-none-eabi\lib\armv7e-m\fpu\libm.a(lib_a-sf_fpclassify.o)
                              C:\Program Files\GNU Tools ARM Embedded\4.9 2015q2\arm-none-eabi\lib\armv7e-m\fpu\libm.a(lib_a-wf_sqrt.o) (__fpclassifyf)
C:\Program Files\GNU Tools ARM Embedded\4.9 2015q2\arm-none-eabi\lib\armv7e-m\fpu\libg.a(lib_a-errno.o)
                              C:\Program Files\GNU Tools ARM Embedded\4.9 2015q2\arm-none-eabi\lib\armv7e-m\fpu\libm.a(lib_a-wf_sqrt.o) (__errno)
c:/program files/gnu tools arm embedded/4.9 2015q2/bin/../lib/gcc/arm-none-eabi/4.9.3/armv7e-m/fpu\libgcc.a(_arm_addsubdf3.o)
                              ..\obj\arm_mat_inverse_f64.o (__aeabi_dsub)
c:/program files/gnu tools arm embedded/4.9 2015q2/bin/../lib/gcc/arm-none-eabi/4.9.3/armv7e-m/fpu\libgcc.a(_arm_muldivdf3.o)
                              ..\obj\arm_biquad_cascade_df2T_f64.o (__aeabi_dmul)
c:/program files/gnu tools arm embedded/4.9 2015q2/bin/../lib/gcc/arm-none-eabi/4.9.3/armv7e-m/fpu\libgcc.a(_arm_cmpdf2.o)
                              ..\obj\arm_mat_inverse_f64.o (__aeabi_dcmpeq)
c:/program files/gnu tools arm embedded/4.9 2015q2/bin/../lib/gcc/arm-none-eabi/4.9.3/armv7e-m/fpu\libgcc.a(_arm_truncdfsf2.o)
                              ..\obj\calc.o (__aeabi_d2f)
c:/program files/gnu tools arm embedded/4.9 2015q2/bin/../lib/gcc/arm-none-eabi/4.9.3/armv7e-m/fpu\libgcc.a(_arm_addsubsf3.o)
                              ..\obj\calc.o (__aeabi_ul2f)
c:/program files/gnu tools arm embedded/4.9 2015q2/bin/../lib/gcc/arm-none-eabi/4.9.3/armv7e-m/fpu\libgcc.a(_aeabi_ldivmod.o)
                              ..\obj\arm_rms_q15.o (__aeabi_ldivmod)
c:/program files/gnu tools arm embedded/4.9 2015q2/bin/../lib/gcc/arm-none-eabi/4.9.3/armv7e-m/fpu\libgcc.a(_fixsfdi.o)
                              ..\obj\arm_float_to_q31.o (__aeabi_f2lz)
c:/program files/gnu tools arm embedded/4.9 2015q2/bin/../lib/gcc/arm-none-eabi/4.9.3/armv7e-m/fpu\libgcc.a(_fixunssfdi.o)
                              c:/program files/gnu tools arm embedded/4.9 2015q2/bin/../lib/gcc/arm-none-eabi/4.9.3/armv7e-m/fpu\libgcc.a(_fixsfdi.o) (__aeabi_f2ulz)
c:/program files/gnu tools arm embedded/4.9 2015q2/bin/../lib/gcc/arm-none-eabi/4.9.3/armv7e-m/fpu\libgcc.a(bpabi.o)
                              c:/program files/gnu tools arm embedded/4.9 2015q2/bin/../lib/gcc/arm-none-eabi/4.9.3/armv7e-m/fpu\libgcc.a(_aeabi_ldivmod.o) (__gnu_ldivmod_helper)
c:/program files/gnu tools arm embedded/4.9 2015q2/bin/../lib/gcc/arm-none-eabi/4.9.3/armv7e-m/fpu\libgcc.a(_dvmd_tls.o)
                              c:/program files/gnu tools arm embedded/4.9 2015q2/bin/../lib/gcc/arm-none-eabi/4.9.3/armv7e-m/fpu\libgcc.a(_aeabi_ldivmod.o) (__aeabi_ldiv0)
c:/program files/gnu tools arm embedded/4.9 2015q2/bin/../lib/gcc/arm-none-eabi/4.9.3/armv7e-m/fpu\libgcc.a(_arm_fixunsdfsi.o)
                              c:/program files/gnu tools arm embedded/4.9 2015q2/bin/../lib/gcc/arm-none-eabi/4.9.3/armv7e-m/fpu\libgcc.a(_fixunssfdi.o) (__aeabi_d2uiz)
c:/program files/gnu tools arm embedded/4.9 2015q2/bin/../lib/gcc/arm-none-eabi/4.9.3/armv7e-m/fpu\libgcc.a(_divdi3.o)
                              c:/program files/gnu tools arm embedded/4.9 2015q2/bin/../lib/gcc/arm-none-eabi/4.9.3/armv7e-m/fpu\libgcc.a(bpabi.o) (__divdi3)
c:/program files/gnu tools arm embedded/4.9 2015q2/bin/../lib/gcc/arm-none-eabi/4.9.3/armv7e-m/fpu\libgcc.a(_udivdi3.o)
                              c:/program files/gnu tools arm embedded/4.9 2015q2/bin/../lib/gcc/arm-none-eabi/4.9.3/armv7e-m/fpu\libgcc.a(bpabi.o) (__udivdi3)

Allocating common symbols
Common symbol       size              file

[...]
Memory Configuration

Name             Origin             Length             Attributes
rom              0x08000000         0x00100000         xr
ram              0x20000000         0x00020000         xrw
ram1             0x10000000         0x00010000         xrw
*default*        0x00000000         0xffffffff

Linker script and memory map

                0x20020000                _eram = 0x20020000

.text           0x08000000    0x10bf4
 *(.isr_vector)
 .isr_vector    0x08000000      0x188 ..\obj\startup_stm32f4xx.o
                0x08000000                g_pfnVectors
 *(.text*)
 .text.SYSCFG_EXTILineConfig
                0x08000188       0x84 ..\obj\stm32f4xx_syscfg.o
                0x08000188                SYSCFG_EXTILineConfig
 .text.USB_OTG_EnableCommonInt
                0x0800020c       0x44 ..\obj\usb_core.o
 .text.USB_OTG_CoreReset
                0x08000250       0x8c ..\obj\usb_core.o
 .text.USB_OTG_WritePacket
                0x080002dc       0x78 ..\obj\usb_core.o
                0x080002dc                USB_OTG_WritePacket
 .text.USB_OTG_ReadPacket
                0x08000354       0x58 ..\obj\usb_core.o
                0x08000354                USB_OTG_ReadPacket
 .text.USB_OTG_SelectCore
                0x080003ac      0x174 ..\obj\usb_core.o
                0x080003ac                USB_OTG_SelectCore
 .text.USB_OTG_CoreInit
                0x08000520      0x1dc ..\obj\usb_core.o
                0x08000520                USB_OTG_CoreInit
 .text.USB_OTG_EnableGlobalInt
                0x080006fc       0x38 ..\obj\usb_core.o
                0x080006fc                USB_OTG_EnableGlobalInt
 .text.USB_OTG_DisableGlobalInt
                0x08000734       0x38 ..\obj\usb_core.o
                0x08000734                USB_OTG_DisableGlobalInt
 .text.USB_OTG_FlushTxFifo
                0x0800076c       0x7c ..\obj\usb_core.o
                0x0800076c                USB_OTG_FlushTxFifo
 .text.USB_OTG_FlushRxFifo
                0x080007e8       0x60 ..\obj\usb_core.o
                0x080007e8                USB_OTG_FlushRxFifo
 .text.USB_OTG_SetCurrentMode
                0x08000848       0x60 ..\obj\usb_core.o
                0x08000848                USB_OTG_SetCurrentMode
 .text.USB_OTG_GetMode
                0x080008a8       0x20 ..\obj\usb_core.o
                0x080008a8                USB_OTG_GetMode
 .text.USB_OTG_IsDeviceMode
                0x080008c8       0x24 ..\obj\usb_core.o
                0x080008c8                USB_OTG_IsDeviceMode
 .text.USB_OTG_ReadCoreItr
                0x080008ec       0x30 ..\obj\usb_core.o
                0x080008ec                USB_OTG_ReadCoreItr
 .text.USB_OTG_InitDevSpeed
                0x0800091c       0x38 ..\obj\usb_core.o
                0x0800091c                USB_OTG_InitDevSpeed
 .text.USB_OTG_CoreInitDev
                0x08000954      0x264 ..\obj\usb_core.o
                0x08000954                USB_OTG_CoreInitDev
 .text.USB_OTG_EnableDevInt
                0x08000bb8       0x98 ..\obj\usb_core.o
                0x08000bb8                USB_OTG_EnableDevInt
 .text.USB_OTG_GetDeviceSpeed
                0x08000c50       0x48 ..\obj\usb_core.o
                0x08000c50                USB_OTG_GetDeviceSpeed
 .text.USB_OTG_EP0Activate
                0x08000c98       0x78 ..\obj\usb_core.o
                0x08000c98                USB_OTG_EP0Activate
 .text.USB_OTG_EPActivate
                0x08000d10       0xdc ..\obj\usb_core.o
                0x08000d10                USB_OTG_EPActivate
 .text.USB_OTG_EPDeactivate
                0x08000dec       0x8c ..\obj\usb_core.o
                0x08000dec                USB_OTG_EPDeactivate
 .text.USB_OTG_EPStartXfer
                0x08000e78      0x280 ..\obj\usb_core.o
                0x08000e78                USB_OTG_EPStartXfer
 .text.USB_OTG_EP0StartXfer
                0x080010f8      0x1d4 ..\obj\usb_core.o
                0x080010f8                USB_OTG_EP0StartXfer
 .text.USB_OTG_EPSetStall
                0x080012cc       0x88 ..\obj\usb_core.o
                0x080012cc                USB_OTG_EPSetStall
 .text.USB_OTG_EPClearStall
                0x08001354       0x78 ..\obj\usb_core.o
                0x08001354                USB_OTG_EPClearStall
 .text.USB_OTG_ReadDevAllOutEp_itr
                0x080013cc       0x2c ..\obj\usb_core.o
                0x080013cc                USB_OTG_ReadDevAllOutEp_itr
 .text.USB_OTG_ReadDevOutEP_itr
                0x080013f8       0x38 ..\obj\usb_core.o
                0x080013f8                USB_OTG_ReadDevOutEP_itr
 .text.USB_OTG_ReadDevAllInEPItr
                0x08001430       0x2c ..\obj\usb_core.o
                0x08001430                USB_OTG_ReadDevAllInEPItr
 .text.USB_OTG_EP0_OutStart
                0x0800145c       0x70 ..\obj\usb_core.o
                0x0800145c                USB_OTG_EP0_OutStart
 .text.USB_OTG_UngateClock
                0x080014cc       0x54 ..\obj\usb_core.o
                0x080014cc                USB_OTG_UngateClock
 .text.ENTER_CRITICAL_SECTION
                0x08001520        0xc ..\obj\mbport.o
                0x08001520                ENTER_CRITICAL_SECTION
 .text.EXIT_CRITICAL_SECTION
                0x0800152c        0xc ..\obj\mbport.o
                0x0800152c                EXIT_CRITICAL_SECTION
 .text.eMBRegInputCB
                0x08001538      0x294 ..\obj\mbport.o
                0x08001538                eMBRegInputCB
 .text.eMBRegHoldingCB
                0x080017cc     0x273c ..\obj\mbport.o
                0x080017cc                eMBRegHoldingCB
 .text.eMBRegCoilsCB
                0x08003f08       0x28 ..\obj\mbport.o
                0x08003f08                eMBRegCoilsCB
 .text.eMBRegDiscreteCB
                0x08003f30       0x20 ..\obj\mbport.o
                0x08003f30                eMBRegDiscreteCB
 .text.eMBFileCB
                0x08003f50      0x138 ..\obj\mbport.o
                0x08003f50                eMBFileCB
 .text.Calc_Init
                0x08004088       0x5c ..\obj\calc.o
                0x08004088                Calc_Init
 *fill*         0x080040e4        0x4 
 .text.Calc_Task
                0x080040e8      0x1a8 ..\obj\calc.o
 .text.eMBInit  0x08004290       0xfc ..\obj\mb.o
                0x08004290                eMBInit
 .text.eMBEnable
                0x0800438c       0x44 ..\obj\mb.o
                0x0800438c                eMBEnable
 .text.eMBPoll  0x080043d0      0x184 ..\obj\mb.o
                0x080043d0                eMBPoll
 .text.SDIO_ITConfig
                0x08004554       0x3c ..\obj\stm32f4xx_sdio.o
                0x08004554                SDIO_ITConfig
 .text.SDIO_GetITStatus
                0x08004590       0x34 ..\obj\stm32f4xx_sdio.o
                0x08004590                SDIO_GetITStatus
 .text.SDIO_ClearITPendingBit
                0x080045c4       0x1c ..\obj\stm32f4xx_sdio.o
                0x080045c4                SDIO_ClearITPendingBit
 .text.Protocol_Init
                0x080045e0       0xfc ..\obj\protocol.o
                0x080045e0                Protocol_Init
 .text.Modbus_RS485_Task
                0x080046dc       0x30 ..\obj\protocol.o
 .text.Modbus_RS232_Task
                0x0800470c       0x30 ..\obj\protocol.o
 .text.Modbus_USB_CDC_Task
                0x0800473c       0x30 ..\obj\protocol.o
 .text.eMBFuncReadDiscreteInputs
                0x0800476c      0x104 ..\obj\mbfuncdisc.o
                0x0800476c                eMBFuncReadDiscreteInputs
 .text.USBD_USR_Init
                0x08004870        0xc ..\obj\usbd_usr.o
                0x08004870                USBD_USR_Init
 .text.USBD_USR_DeviceReset
                0x0800487c       0x14 ..\obj\usbd_usr.o
                0x0800487c                USBD_USR_DeviceReset
 .text.USBD_USR_DeviceConfigured
                0x08004890        0xc ..\obj\usbd_usr.o
                0x08004890                USBD_USR_DeviceConfigured
 .text.USBD_USR_DeviceSuspended
                0x0800489c        0xc ..\obj\usbd_usr.o
                0x0800489c                USBD_USR_DeviceSuspended
 .text.USBD_USR_DeviceResumed
                0x080048a8        0xc ..\obj\usbd_usr.o
                0x080048a8                USBD_USR_DeviceResumed
 .text.xMBPortEventInit
                0x080048b4       0x1c ..\obj\portevent.o
                0x080048b4                xMBPortEventInit
 .text.xMBPortEventPost
                0x080048d0       0x28 ..\obj\portevent.o
                0x080048d0                xMBPortEventPost
 .text.xMBPortEventGet
                0x080048f8       0x58 ..\obj\portevent.o
                0x080048f8                xMBPortEventGet
 .text.eMBFuncReportSlaveID
                0x08004950       0x3c ..\obj\mbfuncother.o
                0x08004950                eMBFuncReportSlaveID
 .text.USART_Init
                0x0800498c      0x178 ..\obj\stm32f4xx_usart.o
                0x0800498c                USART_Init
 .text.USART_Cmd
                0x08004b04       0x40 ..\obj\stm32f4xx_usart.o
                0x08004b04                USART_Cmd
 .text.USART_SendData
                0x08004b44       0x24 ..\obj\stm32f4xx_usart.o
                0x08004b44                USART_SendData
 .text.USART_ReceiveData
                0x08004b68       0x20 ..\obj\stm32f4xx_usart.o
                0x08004b68                USART_ReceiveData
 .text.USART_ITConfig
                0x08004b88       0x90 ..\obj\stm32f4xx_usart.o
                0x08004b88                USART_ITConfig
 .text.USART_GetFlagStatus
                0x08004c18       0x38 ..\obj\stm32f4xx_usart.o
                0x08004c18                USART_GetFlagStatus
 .text.USART_ClearFlag
                0x08004c50       0x20 ..\obj\stm32f4xx_usart.o
                0x08004c50                USART_ClearFlag
 .text.USART_GetITStatus
                0x08004c70       0xb8 ..\obj\stm32f4xx_usart.o
                0x08004c70                USART_GetITStatus
 .text.SD_ProcessIRQSrc
                0x08004d28       0xc8 ..\obj\sdio_sd.o
                0x08004d28                SD_ProcessIRQSrc
 .text.SD_ProcessDMAIRQ
                0x08004df0       0x30 ..\obj\sdio_sd.o
                0x08004df0                SD_ProcessDMAIRQ
 .text.prveMBError2Exception
                0x08004e20       0x40 ..\obj\mbutils.o
                0x08004e20                prveMBError2Exception
 .text.SDIO_IRQHandler
                0x08004e60        0xc ..\obj\diskio.o
                0x08004e60                SDIO_IRQHandler
 .text.DMA2_Stream3_IRQHandler
                0x08004e6c        0xc ..\obj\diskio.o
                0x08004e6c                DMA2_Stream3_IRQHandler
 .text.Default_Reset_Handler
                0x08004e78       0x68 ..\obj\startup_stm32f4xx.o
                0x08004e78                Default_Reset_Handler
                0x08004e78                Reset_Handler
 .text.Default_Handler
                0x08004ee0        0x8 ..\obj\startup_stm32f4xx.o
                0x08004ee0                RTC_Alarm_IRQHandler
                0x08004ee0                HASH_RNG_IRQHandler
                0x08004ee0                EXTI2_IRQHandler
                0x08004ee0                TIM8_CC_IRQHandler
                0x08004ee0                DebugMon_Handler
                0x08004ee0                TIM1_CC_IRQHandler
                0x08004ee0                DMA2_Stream5_IRQHandler
                0x08004ee0                HardFault_Handler
                0x08004ee0                DMA1_Stream5_IRQHandler
                0x08004ee0                TAMP_STAMP_IRQHandler
                0x08004ee0                NMI_Handler
                0x08004ee0                CAN2_RX1_IRQHandler
                0x08004ee0                EXTI3_IRQHandler
                0x08004ee0                I2C3_ER_IRQHandler
                0x08004ee0                EXTI0_IRQHandler
                0x08004ee0                I2C2_EV_IRQHandler
                0x08004ee0                DMA1_Stream2_IRQHandler
                0x08004ee0                CAN1_RX0_IRQHandler
                0x08004ee0                FPU_IRQHandler
                0x08004ee0                OTG_HS_WKUP_IRQHandler
                0x08004ee0                UsageFault_Handler
                0x08004ee0                CAN2_SCE_IRQHandler
                0x08004ee0                DMA2_Stream2_IRQHandler
                0x08004ee0                SPI1_IRQHandler
                0x08004ee0                TIM6_DAC_IRQHandler
                0x08004ee0                TIM1_BRK_TIM9_IRQHandler
                0x08004ee0                DCMI_IRQHandler
                0x08004ee0                CAN2_RX0_IRQHandler
                0x08004ee0                CRYP_IRQHandler
                0x08004ee0                CAN1_RX1_IRQHandler
                0x08004ee0                UART5_IRQHandler
                0x08004ee0                DMA2_Stream0_IRQHandler
                0x08004ee0                I2C1_EV_IRQHandler
                0x08004ee0                DMA1_Stream6_IRQHandler
                0x08004ee0                DMA1_Stream1_IRQHandler
                0x08004ee0                UART4_IRQHandler
                0x08004ee0                TIM3_IRQHandler
                0x08004ee0                RCC_IRQHandler
                0x08004ee0                TIM8_BRK_TIM12_IRQHandler
                0x08004ee0                EXTI15_10_IRQHandler
                0x08004ee0                ADC_IRQHandler
                0x08004ee0                DMA1_Stream7_IRQHandler
                0x08004ee0                TIM7_IRQHandler
                0x08004ee0                CAN2_TX_IRQHandler
                0x08004ee0                DMA2_Stream7_IRQHandler
                0x08004ee0                I2C3_EV_IRQHandler
                0x08004ee0                RTC_WKUP_IRQHandler
                0x08004ee0                ETH_WKUP_IRQHandler
                0x08004ee0                SPI2_IRQHandler
                0x08004ee0                OTG_HS_EP1_IN_IRQHandler
                0x08004ee0                MemManage_Handler
                0x08004ee0                DMA1_Stream0_IRQHandler
                0x08004ee0                CAN1_TX_IRQHandler
                0x08004ee0                FSMC_IRQHandler
                0x08004ee0                ETH_IRQHandler
                0x08004ee0                OTG_HS_EP1_OUT_IRQHandler
                0x08004ee0                WWDG_IRQHandler
                0x08004ee0                OTG_HS_IRQHandler
                0x08004ee0                EXTI1_IRQHandler
                0x08004ee0                USART2_IRQHandler
                0x08004ee0                I2C2_ER_IRQHandler
                0x08004ee0                DMA2_Stream1_IRQHandler
                0x08004ee0                CAN1_SCE_IRQHandler
                0x08004ee0                FLASH_IRQHandler
                0x08004ee0                DMA2_Stream4_IRQHandler
                0x08004ee0                BusFault_Handler
                0x08004ee0                USART1_IRQHandler
                0x08004ee0                SPI3_IRQHandler
                0x08004ee0                DMA1_Stream4_IRQHandler
                0x08004ee0                I2C1_ER_IRQHandler
                0x08004ee0                DMA2_Stream6_IRQHandler
                0x08004ee0                DMA1_Stream3_IRQHandler
 .text.eMBFuncWriteHoldingRegister
                0x08004ee8       0x70 ..\obj\mbfuncholding.o
                0x08004ee8                eMBFuncWriteHoldingRegister
 .text.eMBFuncWriteMultipleHoldingRegister
                0x08004f58       0xbc ..\obj\mbfuncholding.o
                0x08004f58                eMBFuncWriteMultipleHoldingRegister
 .text.eMBFuncReadHoldingRegister
                0x08005014       0xe4 ..\obj\mbfuncholding.o
                0x08005014                eMBFuncReadHoldingRegister
 .text.eMBFuncReadWriteMultipleHoldingRegister
                0x080050f8      0x160 ..\obj\mbfuncholding.o
                0x080050f8                eMBFuncReadWriteMultipleHoldingRegister
 .text.USBD_Init
                0x08005258       0x54 ..\obj\usbd_core.o
                0x08005258                USBD_Init
 .text.USBD_DeInit
                0x080052ac       0x18 ..\obj\usbd_core.o
                0x080052ac                USBD_DeInit
 .text.USBD_SetupStage
                0x080052c4       0x6c ..\obj\usbd_core.o
 .text.USBD_DataOutStage
                0x08005330       0xcc ..\obj\usbd_core.o
 .text.USBD_DataInStage
                0x080053fc      0x104 ..\obj\usbd_core.o
 .text.USBD_Reset
                0x08005500       0x44 ..\obj\usbd_core.o
 .text.USBD_Resume
                0x08005544       0x24 ..\obj\usbd_core.o
 .text.USBD_Suspend
                0x08005568       0x24 ..\obj\usbd_core.o
 .text.USBD_SOF
                0x0800558c       0x2c ..\obj\usbd_core.o
 .text.USBD_SetCfg
                0x080055b8       0x30 ..\obj\usbd_core.o
                0x080055b8                USBD_SetCfg
 .text.USBD_ClrCfg
                0x080055e8       0x28 ..\obj\usbd_core.o
                0x080055e8                USBD_ClrCfg
 .text.USBD_IsoINIncomplete
                0x08005610       0x20 ..\obj\usbd_core.o
 .text.USBD_IsoOUTIncomplete
                0x08005630       0x20 ..\obj\usbd_core.o
 .text.main     0x08005650       0x14 ..\obj\main.o
                0x08005650                main
 .text.vApplicationTickHook
                0x08005664       0x24 ..\obj\main.o
                0x08005664                vApplicationTickHook
 .text.vApplicationMallocFailedHook
                0x08005688        0x8 ..\obj\main.o
                0x08005688                vApplicationMallocFailedHook
 .text.vApplicationStackOverflowHook
                0x08005690        0xc ..\obj\main.o
                0x08005690                vApplicationStackOverflowHook
 .text.vApplicationIdleHook
                0x0800569c       0x18 ..\obj\main.o
                0x0800569c                vApplicationIdleHook
 .text.usMBCRC16
                0x080056b4       0x6c ..\obj\mbcrc.o
                0x080056b4                usMBCRC16
 .text.RCC_GetClocksFreq
                0x08005720      0x154 ..\obj\stm32f4xx_rcc.o
                0x08005720                RCC_GetClocksFreq
 .text.RCC_AHB1PeriphClockCmd
                0x08005874       0x3c ..\obj\stm32f4xx_rcc.o
                0x08005874                RCC_AHB1PeriphClockCmd
 .text.RCC_AHB2PeriphClockCmd
                0x080058b0       0x3c ..\obj\stm32f4xx_rcc.o
                0x080058b0                RCC_AHB2PeriphClockCmd
 .text.RCC_APB1PeriphClockCmd
                0x080058ec       0x3c ..\obj\stm32f4xx_rcc.o
                0x080058ec                RCC_APB1PeriphClockCmd
 .text.RCC_APB2PeriphClockCmd
                0x08005928       0x3c ..\obj\stm32f4xx_rcc.o
                0x08005928                RCC_APB2PeriphClockCmd
 .text.RCC_APB1PeriphResetCmd
                0x08005964       0x3c ..\obj\stm32f4xx_rcc.o
                0x08005964                RCC_APB1PeriphResetCmd
 .text.eMBFuncReadFile
                0x080059a0      0x204 ..\obj\mbfuncfile.o
                0x080059a0                eMBFuncReadFile
 .text.xTimerCreateTimerTask
                0x08005ba4       0x68 ..\obj\timers.o
                0x08005ba4                xTimerCreateTimerTask
 .text.xTimerGenericCommand
                0x08005c0c       0xa4 ..\obj\timers.o
                0x08005c0c                xTimerGenericCommand
 .text.prvProcessExpiredTimer
                0x08005cb0       0x80 ..\obj\timers.o
 .text.prvTimerTask
                0x08005d30       0x24 ..\obj\timers.o
 .text.prvProcessTimerOrBlockTask
                0x08005d54       0x9c ..\obj\timers.o
 .text.prvGetNextExpireTime
                0x08005df0       0x48 ..\obj\timers.o
 .text.prvSampleTimeNow
                0x08005e38       0x40 ..\obj\timers.o
 .text.prvInsertTimerInActiveList
                0x08005e78       0x84 ..\obj\timers.o
 .text.prvProcessReceivedCommands
                0x08005efc      0x12c ..\obj\timers.o
 .text.prvSwitchTimerLists
                0x08006028       0xc0 ..\obj\timers.o
 .text.prvCheckForValidListAndQueue
                0x080060e8       0x8c ..\obj\timers.o
 .text.Log_Read_LogEntry
                0x08006174       0x48 ..\obj\log.o
                0x08006174                Log_Read_LogEntry
 .text.eMBFuncReadInputRegister
                0x080061bc       0xe8 ..\obj\mbfuncinput.o
                0x080061bc                eMBFuncReadInputRegister
 .text.Watchdog_SetTaskStatus
                0x080062a4       0x30 ..\obj\watchdog.o
                0x080062a4                Watchdog_SetTaskStatus
 .text.Watchdog_IncrementCouter
                0x080062d4       0x30 ..\obj\watchdog.o
                0x080062d4                Watchdog_IncrementCouter
 .text.xTaskGenericCreate
                0x08006304      0x1a4 ..\obj\tasks.o
                0x08006304                xTaskGenericCreate
 .text.vTaskDelayUntil
                0x080064a8      0x11c ..\obj\tasks.o
                0x080064a8                vTaskDelayUntil
 .text.vTaskDelay
                0x080065c4       0xa4 ..\obj\tasks.o
                0x080065c4                vTaskDelay
 .text.vTaskStartScheduler
                0x08006668       0x98 ..\obj\tasks.o
                0x08006668                vTaskStartScheduler
 .text.vTaskSuspendAll
                0x08006700       0x1c ..\obj\tasks.o
                0x08006700                vTaskSuspendAll
 .text.xTaskResumeAll
                0x0800671c      0x12c ..\obj\tasks.o
                0x0800671c                xTaskResumeAll
 .text.xTaskGetTickCount
                0x08006848       0x20 ..\obj\tasks.o
                0x08006848                xTaskGetTickCount
 .text.xTaskIncrementTick
                0x08006868      0x190 ..\obj\tasks.o
                0x08006868                xTaskIncrementTick
 .text.vTaskSwitchContext
                0x080069f8       0xfc ..\obj\tasks.o
                0x080069f8                vTaskSwitchContext
 .text.vTaskPlaceOnEventList
                0x08006af4       0x9c ..\obj\tasks.o
                0x08006af4                vTaskPlaceOnEventList
 .text.vTaskPlaceOnEventListRestricted
                0x08006b90       0x9c ..\obj\tasks.o
                0x08006b90                vTaskPlaceOnEventListRestricted
 .text.xTaskRemoveFromEventList
                0x08006c2c       0xc8 ..\obj\tasks.o
                0x08006c2c                xTaskRemoveFromEventList
 .text.vTaskSetTimeOutState
                0x08006cf4       0x44 ..\obj\tasks.o
                0x08006cf4                vTaskSetTimeOutState
 .text.xTaskCheckForTimeOut
                0x08006d38       0xbc ..\obj\tasks.o
                0x08006d38                xTaskCheckForTimeOut
 .text.vTaskMissedYield
                0x08006df4       0x18 ..\obj\tasks.o
                0x08006df4                vTaskMissedYield
 .text.prvIdleTask
                0x08006e0c       0x34 ..\obj\tasks.o
 .text.prvInitialiseTCBVariables
                0x08006e40       0xa4 ..\obj\tasks.o
 .text.prvInitialiseTaskLists
                0x08006ee4       0x7c ..\obj\tasks.o
 .text.prvCheckTasksWaitingTermination
                0x08006f60       0x74 ..\obj\tasks.o
 .text.prvAddCurrentTaskToDelayedList
                0x08006fd4       0x6c ..\obj\tasks.o
 .text.prvAllocateTCBAndStack
                0x08007040       0x70 ..\obj\tasks.o
 .text.prvDeleteTCB
                0x080070b0       0x20 ..\obj\tasks.o
 .text.prvResetNextTaskUnblockTime
                0x080070d0       0x48 ..\obj\tasks.o
 .text.xTaskGetSchedulerState
                0x08007118       0x3c ..\obj\tasks.o
                0x08007118                xTaskGetSchedulerState
 .text.vTaskPriorityInherit
                0x08007154       0xf0 ..\obj\tasks.o
                0x08007154                vTaskPriorityInherit
 .text.xTaskPriorityDisinherit
                0x08007244      0x10c ..\obj\tasks.o
                0x08007244                xTaskPriorityDisinherit
 .text.pvTaskIncrementMutexHeldCount
                0x08007350       0x28 ..\obj\tasks.o
                0x08007350                pvTaskIncrementMutexHeldCount
 .text.USBD_USR_DeviceDescriptor
                0x08007378       0x24 ..\obj\usbd_desc.o
                0x08007378                USBD_USR_DeviceDescriptor
 .text.USBD_USR_LangIDStrDescriptor
                0x0800739c       0x24 ..\obj\usbd_desc.o
                0x0800739c                USBD_USR_LangIDStrDescriptor
 .text.USBD_USR_ProductStrDescriptor
                0x080073c0       0x40 ..\obj\usbd_desc.o
                0x080073c0                USBD_USR_ProductStrDescriptor
 .text.USBD_USR_ManufacturerStrDescriptor
                0x08007400       0x28 ..\obj\usbd_desc.o
                0x08007400                USBD_USR_ManufacturerStrDescriptor
 .text.USBD_USR_SerialStrDescriptor
                0x08007428       0x40 ..\obj\usbd_desc.o
                0x08007428                USBD_USR_SerialStrDescriptor
 .text.USBD_USR_ConfigStrDescriptor
                0x08007468       0x3c ..\obj\usbd_desc.o
                0x08007468                USBD_USR_ConfigStrDescriptor
 .text.USBD_USR_InterfaceStrDescriptor
                0x080074a4       0x3c ..\obj\usbd_desc.o
                0x080074a4                USBD_USR_InterfaceStrDescriptor
 .text.FRAM_I2C_Init
                0x080074e0       0xa8 ..\obj\fram_i2c.o
                0x080074e0                FRAM_I2C_Init
 .text.FRAM_I2C_Reset
                0x08007588      0x144 ..\obj\fram_i2c.o
                0x08007588                FRAM_I2C_Reset
 .text.FRAM_I2C_Read_Buffer
                0x080076cc      0x508 ..\obj\fram_i2c.o
                0x080076cc                FRAM_I2C_Read_Buffer
 .text.FRAM_I2C_Write_Buffer
                0x08007bd4      0x1f4 ..\obj\fram_i2c.o
                0x08007bd4                FRAM_I2C_Write_Buffer
 .text.FRAM_Read_Settings
                0x08007dc8       0x8c ..\obj\fram_i2c.o
                0x08007dc8                FRAM_Read_Settings
 .text.FRAM_Write_Settings
                0x08007e54       0x60 ..\obj\fram_i2c.o
                0x08007e54                FRAM_Write_Settings
 .text.GPIO_Init
                0x08007eb4      0x11c ..\obj\stm32f4xx_gpio.o
                0x08007eb4                GPIO_Init
 .text.GPIO_ReadInputDataBit
                0x08007fd0       0x34 ..\obj\stm32f4xx_gpio.o
                0x08007fd0                GPIO_ReadInputDataBit
 .text.GPIO_PinAFConfig
                0x08008004       0x90 ..\obj\stm32f4xx_gpio.o
                0x08008004                GPIO_PinAFConfig
 .text.RS485TimersInit
                0x08008094       0xa0 ..\obj\porttimer.o
                0x08008094                RS485TimersInit
 .text.RS485TimersEnable
                0x08008134       0x2c ..\obj\porttimer.o
                0x08008134                RS485TimersEnable
 .text.RS485TimersDisable
                0x08008160       0x2c ..\obj\porttimer.o
                0x08008160                RS485TimersDisable
 .text.TIM4_IRQHandler
                0x0800818c       0x34 ..\obj\porttimer.o
                0x0800818c                TIM4_IRQHandler
 .text.RS485TimerContextInit
                0x080081c0       0x50 ..\obj\porttimer.o
                0x080081c0                RS485TimerContextInit
 .text.RS232TimersInit
                0x08008210       0xa0 ..\obj\porttimer.o
                0x08008210                RS232TimersInit
 .text.RS232TimersEnable
                0x080082b0       0x2c ..\obj\porttimer.o
                0x080082b0                RS232TimersEnable
 .text.RS232TimersDisable
                0x080082dc       0x2c ..\obj\porttimer.o
                0x080082dc                RS232TimersDisable
 .text.TIM5_IRQHandler
                0x08008308       0x34 ..\obj\porttimer.o
                0x08008308                TIM5_IRQHandler
 .text.RS232TimerContextInit
                0x0800833c       0x50 ..\obj\porttimer.o
                0x0800833c                RS232TimerContextInit
 .text.USB_CDC_TimersInit
                0x0800838c       0xa0 ..\obj\porttimer.o
                0x0800838c                USB_CDC_TimersInit
 .text.USB_CDC_TimersEnable
                0x0800842c       0x2c ..\obj\porttimer.o
                0x0800842c                USB_CDC_TimersEnable
 .text.USB_CDC_TimersDisable
                0x08008458       0x2c ..\obj\porttimer.o
                0x08008458                USB_CDC_TimersDisable
 .text.TIM1_UP_TIM10_IRQHandler
                0x08008484       0x34 ..\obj\porttimer.o
                0x08008484                TIM1_UP_TIM10_IRQHandler
 .text.USB_CDC_TimerContextInit
                0x080084b8       0x50 ..\obj\porttimer.o
                0x080084b8                USB_CDC_TimerContextInit
 .text.VCP_Init
                0x08008508       0x10 ..\obj\usbd_cdc_vcp.o
 .text.VCP_DeInit
                0x08008518       0x10 ..\obj\usbd_cdc_vcp.o
 .text.VCP_Ctrl
                0x08008528       0xb8 ..\obj\usbd_cdc_vcp.o
 .text.VCP_DataTx
                0x080085e0       0x60 ..\obj\usbd_cdc_vcp.o
                0x080085e0                VCP_DataTx
 .text.VCP_DataRx
                0x08008640       0x70 ..\obj\usbd_cdc_vcp.o
                0x08008640                VCP_DataRx
 .text.VCP_get_char
                0x080086b0       0x58 ..\obj\usbd_cdc_vcp.o
                0x080086b0                VCP_get_char
 .text.vListInitialise
                0x08008708       0x40 ..\obj\list.o
                0x08008708                vListInitialise
 .text.vListInitialiseItem
                0x08008748       0x18 ..\obj\list.o
                0x08008748                vListInitialiseItem
 .text.vListInsertEnd
                0x08008760       0x48 ..\obj\list.o
                0x08008760                vListInsertEnd
 .text.vListInsert
                0x080087a8       0x70 ..\obj\list.o
                0x080087a8                vListInsert
 .text.uxListRemove
                0x08008818       0x54 ..\obj\list.o
                0x08008818                uxListRemove
 .text.eMBRTUInit
                0x0800886c       0x80 ..\obj\mbrtu.o
                0x0800886c                eMBRTUInit
 .text.eMBRTUStart
                0x080088ec       0x30 ..\obj\mbrtu.o
                0x080088ec                eMBRTUStart
 .text.eMBRTUStop
                0x0800891c       0x28 ..\obj\mbrtu.o
                0x0800891c                eMBRTUStop
 .text.eMBRTUReceive
                0x08008944       0x7c ..\obj\mbrtu.o
                0x08008944                eMBRTUReceive
 .text.eMBRTUSend
                0x080089c0       0xd0 ..\obj\mbrtu.o
                0x080089c0                eMBRTUSend
 .text.xMBRTUReceiveFSM
                0x08008a90       0xc0 ..\obj\mbrtu.o
                0x08008a90                xMBRTUReceiveFSM
 .text.xMBRTUTransmitFSM
                0x08008b50       0x9c ..\obj\mbrtu.o
                0x08008b50                xMBRTUTransmitFSM
 .text.xMBRTUTimerT35Expired
                0x08008bec       0x58 ..\obj\mbrtu.o
                0x08008bec                xMBRTUTimerT35Expired
 .text.SystemInit
                0x08008c44       0x68 ..\obj\system_stm32f4xx.o
                0x08008c44                SystemInit
 .text.SetSysClock
                0x08008cac       0xf4 ..\obj\system_stm32f4xx.o
 .text.DMA_ClearFlag
                0x08008da0       0x5c ..\obj\stm32f4xx_dma.o
                0x08008da0                DMA_ClearFlag
 .text.USB_OTG_BSP_Init
                0x08008dfc       0xa0 ..\obj\usb_bsp.o
                0x08008dfc                USB_OTG_BSP_Init
 .text.USB_OTG_BSP_EnableInterrupt
                0x08008e9c       0x30 ..\obj\usb_bsp.o
                0x08008e9c                USB_OTG_BSP_EnableInterrupt
 .text.USB_OTG_BSP_uDelay
                0x08008ecc       0x48 ..\obj\usb_bsp.o
                0x08008ecc                USB_OTG_BSP_uDelay
 .text.USB_OTG_BSP_mDelay
                0x08008f14       0x20 ..\obj\usb_bsp.o
                0x08008f14                USB_OTG_BSP_mDelay
 .text.OTG_FS_WKUP_IRQHandler
                0x08008f34       0x34 ..\obj\usb_bsp.o
                0x08008f34                OTG_FS_WKUP_IRQHandler
 .text.OTG_FS_IRQHandler
                0x08008f68       0x10 ..\obj\usb_bsp.o
                0x08008f68                OTG_FS_IRQHandler
 .text.USBD_StdDevReq
                0x08008f78       0xa0 ..\obj\usbd_req.o
                0x08008f78                USBD_StdDevReq
 .text.USBD_StdItfReq
                0x08009018       0x68 ..\obj\usbd_req.o
                0x08009018                USBD_StdItfReq
 .text.USBD_StdEPReq
                0x08009080      0x1b0 ..\obj\usbd_req.o
                0x08009080                USBD_StdEPReq
 .text.USBD_GetDescriptor
                0x08009230      0x1b8 ..\obj\usbd_req.o
 .text.USBD_SetAddress
                0x080093e8       0x7c ..\obj\usbd_req.o
 .text.USBD_SetConfig
                0x08009464       0xf4 ..\obj\usbd_req.o
 .text.USBD_GetConfig
                0x08009558       0x60 ..\obj\usbd_req.o
 .text.USBD_GetStatus
                0x080095b8       0x50 ..\obj\usbd_req.o
 .text.USBD_SetFeature
                0x08009608       0xcc ..\obj\usbd_req.o
 .text.USBD_ClrFeature
                0x080096d4       0x50 ..\obj\usbd_req.o
 .text.USBD_ParseSetupRequest
                0x08009724       0x90 ..\obj\usbd_req.o
                0x08009724                USBD_ParseSetupRequest
 .text.USBD_CtlError
                0x080097b4       0x48 ..\obj\usbd_req.o
                0x080097b4                USBD_CtlError
 .text.USBD_GetString
                0x080097fc       0x84 ..\obj\usbd_req.o
                0x080097fc                USBD_GetString
 .text.USBD_GetLen
                0x08009880       0x30 ..\obj\usbd_req.o
 .text.pxPortInitialiseStack
                0x080098b0       0x64 ..\obj\port.o
                0x080098b0                pxPortInitialiseStack
 .text.prvTaskExitError
                0x08009914       0x3c ..\obj\port.o
 .text.SVC_Handler
                0x08009950       0x20 ..\obj\port.o
                0x08009950                SVC_Handler
 .text.prvPortStartFirstTask
                0x08009970       0x20 ..\obj\port.o
 .text.xPortStartScheduler
                0x08009990      0x118 ..\obj\port.o
                0x08009990                xPortStartScheduler
 .text.vPortEnterCritical
                0x08009aa8       0x5c ..\obj\port.o
                0x08009aa8                vPortEnterCritical
 .text.vPortExitCritical
                0x08009b04       0x4c ..\obj\port.o
                0x08009b04                vPortExitCritical
 .text.PendSV_Handler
                0x08009b50       0x60 ..\obj\port.o
                0x08009b50                PendSV_Handler
 .text.SysTick_Handler
                0x08009bb0       0x44 ..\obj\port.o
                0x08009bb0                SysTick_Handler
 .text.vPortSetupTimerInterrupt
                0x08009bf4       0x24 ..\obj\port.o
                0x08009bf4                vPortSetupTimerInterrupt
 .text.vPortEnableVFP
                0x08009c18       0x14 ..\obj\port.o
 .text.vPortValidateInterruptPriority
                0x08009c2c       0x78 ..\obj\port.o
                0x08009c2c                vPortValidateInterruptPriority
 .text.xQueueGenericReset
                0x08009ca4       0xd0 ..\obj\queue.o
                0x08009ca4                xQueueGenericReset
 .text.xQueueGenericCreate
                0x08009d74       0xb4 ..\obj\queue.o
                0x08009d74                xQueueGenericCreate
 .text.xQueueCreateMutex
                0x08009e28       0x84 ..\obj\queue.o
                0x08009e28                xQueueCreateMutex
 .text.xQueueGenericSend
                0x08009eac      0x1ec ..\obj\queue.o
                0x08009eac                xQueueGenericSend
 .text.xQueueGenericSendFromISR
                0x0800a098      0x118 ..\obj\queue.o
                0x0800a098                xQueueGenericSendFromISR
 .text.xQueueGenericReceive
                0x0800a1b0      0x20c ..\obj\queue.o
                0x0800a1b0                xQueueGenericReceive
 .text.prvCopyDataToQueue
                0x0800a3bc       0xdc ..\obj\queue.o
 .text.prvCopyDataFromQueue
                0x0800a498       0x4c ..\obj\queue.o
 .text.prvUnlockQueue
                0x0800a4e4       0x98 ..\obj\queue.o
 .text.prvIsQueueEmpty
                0x0800a57c       0x2c ..\obj\queue.o
 .text.prvIsQueueFull
                0x0800a5a8       0x30 ..\obj\queue.o
 .text.vQueueAddToRegistry
                0x0800a5d8       0x50 ..\obj\queue.o
                0x0800a5d8                vQueueAddToRegistry
 .text.vQueueWaitForMessageRestricted
                0x0800a628       0x5c ..\obj\queue.o
                0x0800a628                vQueueWaitForMessageRestricted
 .text.USBD_OTG_ISR_Handler
                0x0800a684      0x15c ..\obj\usb_dcd_int.o
                0x0800a684                USBD_OTG_ISR_Handler
 .text.DCD_HandleResume_ISR
                0x0800a7e0       0x80 ..\obj\usb_dcd_int.o
 .text.DCD_HandleUSBSuspend_ISR
                0x0800a860       0x9c ..\obj\usb_dcd_int.o
 .text.DCD_HandleInEP_ISR
                0x0800a8fc      0x1ec ..\obj\usb_dcd_int.o
 .text.DCD_HandleOutEP_ISR
                0x0800aae8      0x178 ..\obj\usb_dcd_int.o
 .text.DCD_HandleSof_ISR
                0x0800ac60       0x34 ..\obj\usb_dcd_int.o
 .text.DCD_HandleRxStatusQueueLevel_ISR
                0x0800ac94      0x104 ..\obj\usb_dcd_int.o
 .text.DCD_WriteEmptyTxFifo
                0x0800ad98      0x110 ..\obj\usb_dcd_int.o
 .text.DCD_HandleUsbReset_ISR
                0x0800aea8      0x138 ..\obj\usb_dcd_int.o
 .text.DCD_HandleEnumDone_ISR
                0x0800afe0       0x78 ..\obj\usb_dcd_int.o
 .text.DCD_IsoINIncomplete_ISR
                0x0800b058       0x34 ..\obj\usb_dcd_int.o
 .text.DCD_IsoOUTIncomplete_ISR
                0x0800b08c       0x34 ..\obj\usb_dcd_int.o
 .text.DCD_ReadDevInEP
                0x0800b0c0       0x50 ..\obj\usb_dcd_int.o
 .text.NVIC_EnableIRQ
                0x0800b110       0x30 ..\obj\portserial.o
 .text.RS485SerialEnable
                0x0800b140      0x100 ..\obj\portserial.o
                0x0800b140                RS485SerialEnable
 .text.RS485SerialInit
                0x0800b240      0x110 ..\obj\portserial.o
                0x0800b240                RS485SerialInit
 .text.RS485SerialPutByte
                0x0800b350       0x38 ..\obj\portserial.o
                0x0800b350                RS485SerialPutByte
 .text.RS485SerialGetByte
                0x0800b388       0x30 ..\obj\portserial.o
                0x0800b388                RS485SerialGetByte
 .text.USART3_IRQHandler
                0x0800b3b8       0x94 ..\obj\portserial.o
                0x0800b3b8                USART3_IRQHandler
 .text.RS485SerialContextInit
                0x0800b44c       0x5c ..\obj\portserial.o
                0x0800b44c                RS485SerialContextInit
 .text.RS232SerialEnable
                0x0800b4a8       0x7c ..\obj\portserial.o
                0x0800b4a8                RS232SerialEnable
 .text.RS232SerialInit
                0x0800b524       0xe4 ..\obj\portserial.o
                0x0800b524                RS232SerialInit
 .text.RS232SerialPutByte
                0x0800b608       0x38 ..\obj\portserial.o
                0x0800b608                RS232SerialPutByte
 .text.RS232SerialGetByte
                0x0800b640       0x30 ..\obj\portserial.o
                0x0800b640                RS232SerialGetByte
 .text.USART6_IRQHandler
                0x0800b670       0x94 ..\obj\portserial.o
                0x0800b670                USART6_IRQHandler
 .text.RS232SerialContextInit
                0x0800b704       0x5c ..\obj\portserial.o
                0x0800b704                RS232SerialContextInit
 .text.USB_CDC_SerialPutByte
                0x0800b760       0x30 ..\obj\portserial.o
                0x0800b760                USB_CDC_SerialPutByte
 .text.USB_CDC_SerialGetByte
                0x0800b790       0x24 ..\obj\portserial.o
                0x0800b790                USB_CDC_SerialGetByte
 .text.USB_CDC_SerialInit
                0x0800b7b4       0x78 ..\obj\portserial.o
                0x0800b7b4                USB_CDC_SerialInit
 .text.USB_CDC_SerialEnable
                0x0800b82c       0x40 ..\obj\portserial.o
                0x0800b82c                USB_CDC_SerialEnable
 .text.USB_CDC_SerialContextInit
                0x0800b86c       0x5c ..\obj\portserial.o
                0x0800b86c                USB_CDC_SerialContextInit
 .text.USB_CDC_Task
                0x0800b8c8       0x3c ..\obj\portserial.o
 .text.usbd_cdc_Init
                0x0800b904       0x9c ..\obj\usbd_cdc_core.o
 .text.usbd_cdc_DeInit
                0x0800b9a0       0x38 ..\obj\usbd_cdc_core.o
 .text.usbd_cdc_Setup
                0x0800b9d8      0x124 ..\obj\usbd_cdc_core.o
 .text.usbd_cdc_EP0_RxReady
                0x0800bafc       0x44 ..\obj\usbd_cdc_core.o
 .text.usbd_cdc_DataIn
                0x0800bb40       0xc4 ..\obj\usbd_cdc_core.o
 .text.usbd_cdc_DataOut
                0x0800bc04       0x54 ..\obj\usbd_cdc_core.o
 .text.usbd_cdc_SOF
                0x0800bc58       0x30 ..\obj\usbd_cdc_core.o
 .text.Handle_USBAsynchXfer
                0x0800bc88      0x100 ..\obj\usbd_cdc_core.o
 .text.USBD_cdc_GetCfgDesc
                0x0800bd88       0x24 ..\obj\usbd_cdc_core.o
 .text.SPI_Init
                0x0800bdac       0x88 ..\obj\stm32f4xx_spi.o
                0x0800bdac                SPI_Init
 .text.SPI_Cmd  0x0800be34       0x40 ..\obj\stm32f4xx_spi.o
                0x0800be34                SPI_Cmd
 .text.SPI_CalculateCRC
                0x0800be74       0x40 ..\obj\stm32f4xx_spi.o
                0x0800be74                SPI_CalculateCRC
 .text.eMBFuncReadCoils
                0x0800beb4      0x104 ..\obj\mbfunccoils.o
                0x0800beb4                eMBFuncReadCoils
 .text.eMBFuncWriteCoil
                0x0800bfb8       0xb0 ..\obj\mbfunccoils.o
                0x0800bfb8                eMBFuncWriteCoil
 .text.eMBFuncWriteMultipleCoils
                0x0800c068       0xd8 ..\obj\mbfunccoils.o
                0x0800c068                eMBFuncWriteMultipleCoils
 .text.ADS1220_Init
                0x0800c140       0xb4 ..\obj\ADS1220.o
                0x0800c140                ADS1220_Init
 .text.ADC_SPI_config
                0x0800c1f4       0xf8 ..\obj\ADS1220.o
 .text.ADC_SPI_send
                0x0800c2ec       0x4c ..\obj\ADS1220.o
                0x0800c2ec                ADC_SPI_send
 .text.ADC_SPI_read
                0x0800c338       0x10 ..\obj\ADS1220.o
                0x0800c338                ADC_SPI_read
 .text.ADC_RTD1_Task
                0x0800c348      0x2ac ..\obj\ADS1220.o
 .text.ADC_RTD2_Task
                0x0800c5f4      0x2ac ..\obj\ADS1220.o
 .text.ADC_Current1_Task
                0x0800c8a0      0x394 ..\obj\ADS1220.o
 .text.ADC_Current2_Task
                0x0800cc34      0x3a4 ..\obj\ADS1220.o
 .text.PT100_Code_To_Temperature
                0x0800cfd8      0x13c ..\obj\ADS1220.o
                0x0800cfd8                PT100_Code_To_Temperature
 .text.Code_To_Current
                0x0800d114      0x10c ..\obj\ADS1220.o
                0x0800d114                Code_To_Current
 .text.Current_to_Value
                0x0800d220       0xf0 ..\obj\ADS1220.o
                0x0800d220                Current_to_Value
 .text.FrequencyMeasureInit
                0x0800d310      0x3d8 ..\obj\frequency.o
                0x0800d310                FrequencyMeasureInit
 .text.ImpulseLine1_StartMeasure
                0x0800d6e8       0x54 ..\obj\frequency.o
                0x0800d6e8                ImpulseLine1_StartMeasure
 .text.Impulse_SetAntiBounceDelay
                0x0800d73c       0x44 ..\obj\frequency.o
                0x0800d73c                Impulse_SetAntiBounceDelay
 .text.EXTI4_IRQHandler
                0x0800d780       0x4c ..\obj\frequency.o
                0x0800d780                EXTI4_IRQHandler
 .text.EXTI9_5_IRQHandler
                0x0800d7cc       0xcc ..\obj\frequency.o
                0x0800d7cc                EXTI9_5_IRQHandler
 .text.TIM8_UP_TIM13_IRQHandler
                0x0800d898       0x38 ..\obj\frequency.o
                0x0800d898                TIM8_UP_TIM13_IRQHandler
 .text.TIM1_TRG_COM_TIM11_IRQHandler
                0x0800d8d0      0x1d8 ..\obj\frequency.o
                0x0800d8d0                TIM1_TRG_COM_TIM11_IRQHandler
 .text.TIM8_TRG_COM_TIM14_IRQHandler
                0x0800daa8      0x1d8 ..\obj\frequency.o
                0x0800daa8                TIM8_TRG_COM_TIM14_IRQHandler
 .text.TIM2_IRQHandler
                0x0800dc80      0x18c ..\obj\frequency.o
                0x0800dc80                TIM2_IRQHandler
 .text.I2C_DeInit
                0x0800de0c       0x74 ..\obj\stm32f4xx_i2c.o
                0x0800de0c                I2C_DeInit
 .text.I2C_Init
                0x0800de80      0x184 ..\obj\stm32f4xx_i2c.o
                0x0800de80                I2C_Init
 .text.I2C_Cmd  0x0800e004       0x40 ..\obj\stm32f4xx_i2c.o
                0x0800e004                I2C_Cmd
 .text.I2C_GenerateSTART
                0x0800e044       0x40 ..\obj\stm32f4xx_i2c.o
                0x0800e044                I2C_GenerateSTART
 .text.I2C_GenerateSTOP
                0x0800e084       0x40 ..\obj\stm32f4xx_i2c.o
                0x0800e084                I2C_GenerateSTOP
 .text.I2C_Send7bitAddress
                0x0800e0c4       0x3c ..\obj\stm32f4xx_i2c.o
                0x0800e0c4                I2C_Send7bitAddress
 .text.I2C_AcknowledgeConfig
                0x0800e100       0x40 ..\obj\stm32f4xx_i2c.o
                0x0800e100                I2C_AcknowledgeConfig
 .text.I2C_NACKPositionConfig
                0x0800e140       0x40 ..\obj\stm32f4xx_i2c.o
                0x0800e140                I2C_NACKPositionConfig
 .text.I2C_SendData
                0x0800e180       0x20 ..\obj\stm32f4xx_i2c.o
                0x0800e180                I2C_SendData
 .text.I2C_ReceiveData
                0x0800e1a0       0x1c ..\obj\stm32f4xx_i2c.o
                0x0800e1a0                I2C_ReceiveData
 .text.I2C_CheckEvent
                0x0800e1bc       0x60 ..\obj\stm32f4xx_i2c.o
                0x0800e1bc                I2C_CheckEvent
 .text.I2C_GetFlagStatus
                0x0800e21c       0x68 ..\obj\stm32f4xx_i2c.o
                0x0800e21c                I2C_GetFlagStatus
 .text.EXTI_Init
                0x0800e284       0xe4 ..\obj\stm32f4xx_exti.o
                0x0800e284                EXTI_Init
 .text.EXTI_GetITStatus
                0x0800e368       0x48 ..\obj\stm32f4xx_exti.o
                0x0800e368                EXTI_GetITStatus
 .text.EXTI_ClearITPendingBit
                0x0800e3b0       0x1c ..\obj\stm32f4xx_exti.o
                0x0800e3b0                EXTI_ClearITPendingBit
 .text.NVIC_PriorityGroupConfig
                0x0800e3cc       0x24 ..\obj\misc.o
                0x0800e3cc                NVIC_PriorityGroupConfig
 .text.NVIC_Init
                0x0800e3f0       0xc0 ..\obj\misc.o
                0x0800e3f0                NVIC_Init
 .text.DCD_Init
                0x0800e4b0      0x100 ..\obj\usb_dcd.o
                0x0800e4b0                DCD_Init
 .text.DCD_EP_Open
                0x0800e5b0       0xa8 ..\obj\usb_dcd.o
                0x0800e5b0                DCD_EP_Open
 .text.DCD_EP_Close
                0x0800e658       0x70 ..\obj\usb_dcd.o
                0x0800e658                DCD_EP_Close
 .text.DCD_EP_PrepareRx
                0x0800e6c8       0x84 ..\obj\usb_dcd.o
                0x0800e6c8                DCD_EP_PrepareRx
 .text.DCD_EP_Tx
                0x0800e74c       0x78 ..\obj\usb_dcd.o
                0x0800e74c                DCD_EP_Tx
 .text.DCD_EP_Stall
                0x0800e7c4       0x74 ..\obj\usb_dcd.o
                0x0800e7c4                DCD_EP_Stall
 .text.DCD_EP_ClrStall
                0x0800e838       0x74 ..\obj\usb_dcd.o
                0x0800e838                DCD_EP_ClrStall
 .text.DCD_EP_SetAddress
                0x0800e8ac       0x3c ..\obj\usb_dcd.o
                0x0800e8ac                DCD_EP_SetAddress
 .text.RTC_EnterInitMode
                0x0800e8e8       0x74 ..\obj\stm32f4xx_rtc.o
                0x0800e8e8                RTC_EnterInitMode
 .text.RTC_ExitInitMode
                0x0800e95c       0x1c ..\obj\stm32f4xx_rtc.o
                0x0800e95c                RTC_ExitInitMode
 .text.RTC_WaitForSynchro
                0x0800e978       0x78 ..\obj\stm32f4xx_rtc.o
                0x0800e978                RTC_WaitForSynchro
 .text.RTC_SetTime
                0x0800e9f0      0x104 ..\obj\stm32f4xx_rtc.o
                0x0800e9f0                RTC_SetTime
 .text.RTC_GetTime
                0x0800eaf4       0x9c ..\obj\stm32f4xx_rtc.o
                0x0800eaf4                RTC_GetTime
 .text.RTC_SetDate
                0x0800eb90      0x10c ..\obj\stm32f4xx_rtc.o
                0x0800eb90                RTC_SetDate
 .text.RTC_GetDate
                0x0800ec9c       0x9c ..\obj\stm32f4xx_rtc.o
                0x0800ec9c                RTC_GetDate
 .text.RTC_ByteToBcd2
                0x0800ed38       0x3c ..\obj\stm32f4xx_rtc.o
 .text.RTC_Bcd2ToByte
                0x0800ed74       0x38 ..\obj\stm32f4xx_rtc.o
 .text.USBD_CtlSendData
                0x0800edac       0x40 ..\obj\usbd_ioreq.o
                0x0800edac                USBD_CtlSendData
 .text.USBD_CtlContinueSendData
                0x0800edec       0x28 ..\obj\usbd_ioreq.o
                0x0800edec                USBD_CtlContinueSendData
 .text.USBD_CtlPrepareRx
                0x0800ee14       0x40 ..\obj\usbd_ioreq.o
                0x0800ee14                USBD_CtlPrepareRx
 .text.USBD_CtlContinueRx
                0x0800ee54       0x28 ..\obj\usbd_ioreq.o
                0x0800ee54                USBD_CtlContinueRx
 .text.USBD_CtlSendStatus
                0x0800ee7c       0x30 ..\obj\usbd_ioreq.o
                0x0800ee7c                USBD_CtlSendStatus
 .text.USBD_CtlReceiveStatus
                0x0800eeac       0x30 ..\obj\usbd_ioreq.o
                0x0800eeac                USBD_CtlReceiveStatus
 .text.pvPortMalloc
                0x0800eedc      0x124 ..\obj\heap_2.o
                0x0800eedc                pvPortMalloc
 .text.vPortFree
                0x0800f000       0x70 ..\obj\heap_2.o
                0x0800f000                vPortFree
 .text.xPortGetFreeHeapSize
                0x0800f070       0x18 ..\obj\heap_2.o
                0x0800f070                xPortGetFreeHeapSize
 .text.prvHeapInit
                0x0800f088       0x50 ..\obj\heap_2.o
 .text.ControllerInit
                0x0800f0d8       0x54 ..\obj\controller.o
                0x0800f0d8                ControllerInit
 .text.Controller_RestoreSettings
                0x0800f12c      0x180 ..\obj\controller.o
                0x0800f12c                Controller_RestoreSettings
 .text.TIM_TimeBaseInit
                0x0800f2ac       0xd4 ..\obj\stm32f4xx_tim.o
                0x0800f2ac                TIM_TimeBaseInit
 .text.TIM_TimeBaseStructInit
                0x0800f380       0x34 ..\obj\stm32f4xx_tim.o
                0x0800f380                TIM_TimeBaseStructInit
 .text.TIM_SetCounter
                0x0800f3b4       0x1c ..\obj\stm32f4xx_tim.o
                0x0800f3b4                TIM_SetCounter
 .text.TIM_SetAutoreload
                0x0800f3d0       0x1c ..\obj\stm32f4xx_tim.o
                0x0800f3d0                TIM_SetAutoreload
 .text.TIM_ARRPreloadConfig
                0x0800f3ec       0x40 ..\obj\stm32f4xx_tim.o
                0x0800f3ec                TIM_ARRPreloadConfig
 .text.TIM_Cmd  0x0800f42c       0x40 ..\obj\stm32f4xx_tim.o
                0x0800f42c                TIM_Cmd
 .text.TIM_ICInit
                0x0800f46c       0xa8 ..\obj\stm32f4xx_tim.o
                0x0800f46c                TIM_ICInit
 .text.TIM_SetIC1Prescaler
                0x0800f514       0x38 ..\obj\stm32f4xx_tim.o
                0x0800f514                TIM_SetIC1Prescaler
 .text.TIM_SetIC2Prescaler
                0x0800f54c       0x3c ..\obj\stm32f4xx_tim.o
                0x0800f54c                TIM_SetIC2Prescaler
 .text.TIM_SetIC3Prescaler
                0x0800f588       0x38 ..\obj\stm32f4xx_tim.o
                0x0800f588                TIM_SetIC3Prescaler
 .text.TIM_SetIC4Prescaler
                0x0800f5c0       0x3c ..\obj\stm32f4xx_tim.o
                0x0800f5c0                TIM_SetIC4Prescaler
 .text.TIM_ITConfig
                0x0800f5fc       0x48 ..\obj\stm32f4xx_tim.o
                0x0800f5fc                TIM_ITConfig
 .text.TIM_ClearFlag
                0x0800f644       0x20 ..\obj\stm32f4xx_tim.o
                0x0800f644                TIM_ClearFlag
 .text.TIM_GetITStatus
                0x0800f664       0x54 ..\obj\stm32f4xx_tim.o
                0x0800f664                TIM_GetITStatus
 .text.TIM_ClearITPendingBit
                0x0800f6b8       0x20 ..\obj\stm32f4xx_tim.o
                0x0800f6b8                TIM_ClearITPendingBit
 .text.TIM_ETRClockMode2Config
                0x0800f6d8       0x3c ..\obj\stm32f4xx_tim.o
                0x0800f6d8                TIM_ETRClockMode2Config
 .text.TIM_ETRConfig
                0x0800f714       0x54 ..\obj\stm32f4xx_tim.o
                0x0800f714                TIM_ETRConfig
 .text.TI1_Config
                0x0800f768       0x84 ..\obj\stm32f4xx_tim.o
 .text.TI2_Config
                0x0800f7ec       0x98 ..\obj\stm32f4xx_tim.o
 .text.TI3_Config
                0x0800f884       0x90 ..\obj\stm32f4xx_tim.o
 .text.TI4_Config
                0x0800f914       0x9c ..\obj\stm32f4xx_tim.o
 .text.NVIC_SystemReset
                0x0800f9b0       0x28 ..\obj\power_detector.o
 .text.PVD_IRQHandler
                0x0800f9d8       0x20 ..\obj\power_detector.o
                0x0800f9d8                PVD_IRQHandler
 .text          0x0800f9f8      0x134 C:\Program Files\GNU Tools ARM Embedded\4.9 2015q2\arm-none-eabi\lib\armv7e-m\fpu\libc.a(lib_a-memcpy.o)
                0x0800f9f8                memcpy
 .text.memset   0x0800fb2c       0x9c C:\Program Files\GNU Tools ARM Embedded\4.9 2015q2\arm-none-eabi\lib\armv7e-m\fpu\libc.a(lib_a-memset.o)
                0x0800fb2c                memset
 .text.sqrtf    0x0800fbc8       0xb8 C:\Program Files\GNU Tools ARM Embedded\4.9 2015q2\arm-none-eabi\lib\armv7e-m\fpu\libm.a(lib_a-wf_sqrt.o)
                0x0800fbc8                sqrtf
 .text.__ieee754_sqrtf
                0x0800fc80       0xa4 C:\Program Files\GNU Tools ARM Embedded\4.9 2015q2\arm-none-eabi\lib\armv7e-m\fpu\libm.a(lib_a-ef_sqrt.o)
                0x0800fc80                __ieee754_sqrtf
 .text.matherr  0x0800fd24        0x4 C:\Program Files\GNU Tools ARM Embedded\4.9 2015q2\arm-none-eabi\lib\armv7e-m\fpu\libm.a(lib_a-s_matherr.o)
                0x0800fd24                matherr
 .text.__fpclassifyf
                0x0800fd28       0x38 C:\Program Files\GNU Tools ARM Embedded\4.9 2015q2\arm-none-eabi\lib\armv7e-m\fpu\libm.a(lib_a-sf_fpclassify.o)
                0x0800fd28                __fpclassifyf
 .text.__errno  0x0800fd60        0xc C:\Program Files\GNU Tools ARM Embedded\4.9 2015q2\arm-none-eabi\lib\armv7e-m\fpu\libg.a(lib_a-errno.o)
                0x0800fd60                __errno
 .text          0x0800fd6c      0x370 c:/program files/gnu tools arm embedded/4.9 2015q2/bin/../lib/gcc/arm-none-eabi/4.9.3/armv7e-m/fpu\libgcc.a(_arm_addsubdf3.o)
                0x0800fd6c                __aeabi_drsub
                0x0800fd74                __aeabi_dsub
                0x0800fd74                __subdf3
                0x0800fd78                __aeabi_dadd
                0x0800fd78                __adddf3
                0x0800fff0                __floatunsidf
                0x0800fff0                __aeabi_ui2d
                0x08010010                __floatsidf
                0x08010010                __aeabi_i2d
                0x08010034                __aeabi_f2d
                0x08010034                __extendsfdf2
                0x08010070                __floatundidf
                0x08010070                __aeabi_ul2d
                0x08010080                __floatdidf
                0x08010080                __aeabi_l2d
 .text          0x080100dc      0x424 c:/program files/gnu tools arm embedded/4.9 2015q2/bin/../lib/gcc/arm-none-eabi/4.9.3/armv7e-m/fpu\libgcc.a(_arm_muldivdf3.o)
                0x080100dc                __aeabi_dmul
                0x080100dc                __muldf3
                0x08010330                __divdf3
                0x08010330                __aeabi_ddiv
 .text          0x08010500       0xa0 c:/program files/gnu tools arm embedded/4.9 2015q2/bin/../lib/gcc/arm-none-eabi/4.9.3/armv7e-m/fpu\libgcc.a(_arm_truncdfsf2.o)
                0x08010500                __truncdfsf2
                0x08010500                __aeabi_d2f
 .text          0x080105a0      0x21c c:/program files/gnu tools arm embedded/4.9 2015q2/bin/../lib/gcc/arm-none-eabi/4.9.3/armv7e-m/fpu\libgcc.a(_arm_addsubsf3.o)
                0x080105a0                __aeabi_frsub
                0x080105a8                __subsf3
                0x080105a8                __aeabi_fsub
                0x080105ac                __aeabi_fadd
                0x080105ac                __addsf3
                0x0801070c                __aeabi_ui2f
                0x0801070c                __floatunsisf
                0x08010714                __aeabi_i2f
                0x08010714                __floatsisf
                0x08010730                __aeabi_ul2f
                0x08010730                __floatundisf
                0x08010740                __aeabi_l2f
                0x08010740                __floatdisf
 *(.init)
 *(.fini)
 *crtbegin.o(.ctors)
 *crtbegin?.o(.ctors)
 *(EXCLUDE_FILE(*crtend.o *crtend?.o) .ctors)
 *(SORT(.ctors.*))
 *(.ctors)
 *crtbegin.o(.dtors)
 *crtbegin?.o(.dtors)
 *(EXCLUDE_FILE(*crtend.o *crtend?.o) .dtors)
 *(SORT(.dtors.*))
 *(.dtors)
 *(.rodata*)
 .rodata        0x080107bc        0xa ..\obj\calc.o
 *fill*         0x080107c6        0x2 
 .rodata        0x080107c8       0x2b ..\obj\protocol.o
 *fill*         0x080107f3        0x1 
 .rodata        0x080107f4      0x200 ..\obj\mbcrc.o
 .rodata        0x080109f4        0xd ..\obj\timers.o
 *fill*         0x08010a01        0x3 
 .rodata        0x08010a04        0x5 ..\obj\tasks.o
 *fill*         0x08010a09        0x3 
 .rodata        0x08010a0c       0x96 ..\obj\usbd_desc.o
 *fill*         0x08010aa2        0x2 
 .rodata        0x08010aa4        0xb ..\obj\portserial.o
 *fill*         0x08010aaf        0x1 
 .rodata        0x08010ab0       0x56 ..\obj\ADS1220.o
 *fill*         0x08010b06        0x2 
 .rodata        0x08010b08       0xe4 ..\obj\controller.o
                0x08010b08                stSettingsDefault
 .rodata.str1.4
                0x08010bec        0x8 C:\Program Files\GNU Tools ARM Embedded\4.9 2015q2\arm-none-eabi\lib\armv7e-m\fpu\libm.a(lib_a-wf_sqrt.o)
                                  0x6 (size before relaxing)
 *(.eh_fram e*)

.glue_7         0x08010bf4        0x0
 .glue_7        0x00000000        0x0 linker stubs

.glue_7t        0x08010bf4        0x0
 .glue_7t       0x00000000        0x0 linker stubs

.vfp11_veneer   0x08010bf4        0x0
 .vfp11_veneer  0x00000000        0x0 linker stubs

.v4_bx          0x08010bf4        0x0
 .v4_bx         0x00000000        0x0 linker stubs

.iplt           0x08010bf4        0x0
 .iplt          0x00000000        0x0 ..\obj\arm_mat_inverse_f32.o

.rel.dyn        0x08010bf4        0x0
 .rel.iplt      0x00000000        0x0 ..\obj\arm_mat_inverse_f32.o

.ARM.extab
 *(.ARM.extab* .gnu.linkonce.armextab.*)
                0x08010bf4                __exidx_start = .

.ARM.exidx
 *(.ARM.exidx* .gnu.linkonce.armexidx.*)
                0x08010bf4                __exidx_end = .
                0x08010bf4                __etext = .
                0x08010bf4                _sidata = __etext

.data           0x20000000      0x608 load address 0x08010bf4
                0x20000000                __data_start__ = .
                0x20000000                _sdata = __data_start__
 *(vtable)
 *(.data*)
 .data          0x20000000        0x6 ..\obj\mbport.o
                0x20000000                REG_INPUT_START
                0x20000001                REG_HOLDING_START
                0x20000002                REG_INPUT_NREGS
                0x20000003                REG_HOLDING_NREGS
                0x20000004                usRegInputStart
                0x20000005                usRegHoldingStart
 *fill*         0x20000006        0x2 
 .data          0x20000008       0x88 ..\obj\mb.o
 .data          0x20000090       0x1c ..\obj\usbd_usr.o
                0x20000090                USR_cb
 .data          0x200000ac       0x30 ..\obj\usbd_core.o
                0x200000ac                USBD_DCD_INT_cb
                0x200000d8                USBD_DCD_INT_fops
 .data          0x200000dc       0x10 ..\obj\stm32f4xx_rcc.o
 *fill*         0x200000ec        0x4 
 .data          0x200000f0      0x42c ..\obj\printf.o
                0x200000f0                r
                0x20000518                _impure_ptr
 .data          0x2000051c       0x40 ..\obj\usbd_desc.o
                0x2000051c                USR_desc
                0x20000538                USBD_DeviceDesc
                0x2000054c                USBD_DeviceQualifierDesc
                0x20000558                USBD_LangIDDesc
 .data          0x2000055c       0x14 ..\obj\usbd_cdc_vcp.o
                0x2000055c                VCP_fops
 .data          0x20000570       0x14 ..\obj\system_stm32f4xx.o
                0x20000570                SystemCoreClock
                0x20000574                AHBPrescTable
 .data          0x20000584        0x4 ..\obj\port.o
 .data          0x20000588       0x74 ..\obj\usbd_cdc_core.o
                0x20000588                usbd_cdc_CfgDesc
                0x200005d0                USBD_CDC_cb
 .data          0x200005fc        0x4 ..\obj\frequency.o
                0x200005fc                exti_base_addr
 .data          0x20000600        0x4 ..\obj\heap_2.o
 .data.__fdlib_version
                0x20000604        0x1 C:\Program Files\GNU Tools ARM Embedded\4.9 2015q2\arm-none-eabi\lib\armv7e-m\fpu\libm.a(lib_a-s_lib_ver.o)
                0x20000604                __fdlib_version
                0x20000608                . = ALIGN (0x4)
 *fill*         0x20000605        0x3 
                0x20000608                PROVIDE (__preinit_array_start, .)
 *(.preinit_array)
                0x20000608                PROVIDE (__preinit_array_end, .)
                0x20000608                . = ALIGN (0x4)
                0x20000608                PROVIDE (__init_array_start, .)
 *(SORT(.init_array.*))
 *(.init_array)
                0x20000608                PROVIDE (__init_array_end, .)
                0x20000608                . = ALIGN (0x4)
                0x20000608                PROVIDE (__fini_array_start, .)
 *(SORT(.fini_array.*))
 *(.fini_array)
                0x20000608                PROVIDE (__fini_array_end, .)
 *(.jcr*)
                0x20000608                . = ALIGN (0x4)
                0x20000608                __data_end__ = .
                0x20000608                _edata = __data_end__

.igot.plt       0x20000608        0x0 load address 0x080111fc
 .igot.plt      0x00000000        0x0 ..\obj\arm_mat_inverse_f32.o

.bss            0x20000608     0x585c load address 0x08011200
                0x20000608                . = ALIGN (0x4)
                0x20000608                __bss_start__ = .
                0x20000608                _sbss = __bss_start__
 *(.bss*)
 .bss           0x20000608       0x22 ..\obj\mbfuncother.o
 *fill*         0x2000062a        0x2 
 .bss           0x2000062c       0x48 ..\obj\sdio_sd.o
                0x20000664                StopCondition
                0x20000668                TransferError
                0x2000066c                TransferEnd
                0x20000670                DMAEndOfTransfer
 .bss           0x20000674       0x38 ..\obj\timers.o
 .bss           0x200006ac      0x100 ..\obj\tasks.o
                0x200006ac                pxCurrentTCB
 .bss           0x200007ac        0xc ..\obj\porttimer.o
 .bss           0x200007b8        0xd ..\obj\usbd_req.o
                0x200007b8                USBD_ep_status
                0x200007bc                USBD_default_cfg
                0x200007c0                USBD_cfg_status
 *fill*         0x200007c5        0x3 
 .bss           0x200007c8        0x8 ..\obj\port.o
 .bss           0x200007d0       0x14 ..\obj\portserial.o
 .bss           0x200007e4       0x20 ..\obj\usbd_cdc_core.o
                0x200007e8                APP_Rx_ptr_in
                0x200007ec                APP_Rx_ptr_out
                0x200007f0                APP_Rx_length
                0x200007f4                USB_Tx_State
 *fill*         0x20000804        0x4 
 .bss           0x20000808       0x10 ..\obj\frequency.o
                0x20000808                reload_counter
                0x20000810                reload_fast_tim
 .bss           0x20000818     0x4014 ..\obj\heap_2.o
 *(COMMON)
 COMMON         0x2000482c        0x6 ..\obj\mbport.o
                0x2000482c                my_counter
                0x20004830                fl_led
 *fill*         0x20004832        0x2 
 COMMON         0x20004834      0x45c ..\obj\protocol.o
                0x20004834                stContext_RS232
                0x200049a8                stContext_RS485
                0x20004b1c                stContext_USB_CDC
 COMMON         0x20004c90       0x58 ..\obj\watchdog.o
                0x20004c90                task_watches
 COMMON         0x20004ce8        0x4 ..\obj\fram_i2c.o
                0x20004ce8                xI2CBusMutex
 COMMON         0x20004cec       0x88 ..\obj\usbd_cdc_vcp.o
                0x20004cec                APP_Tx_Buffer
                0x20004d6c                APP_tx_ptr_tail
                0x20004d70                APP_tx_ptr_head
 COMMON         0x20004d74       0x32 ..\obj\usbd_req.o
                0x20004d74                USBD_StrDesc
 *fill*         0x20004da6        0x2 
 COMMON         0x20004da8       0x40 ..\obj\queue.o
                0x20004da8                xQueueRegistry
 COMMON         0x20004de8      0x5f4 ..\obj\portserial.o
                0x20004de8                temp_char
                0x20004dec                USB_OTG_dev
 COMMON         0x200053dc      0x88c ..\obj\usbd_cdc_core.o
                0x200053dc                usbd_cdc_OtherCfgDesc
                0x20005420                USB_Rx_Buffer
                0x20005460                CmdBuff
                0x20005468                APP_Rx_Buffer
 COMMON         0x20005c68        0x4 ..\obj\ADS1220.o
                0x20005c68                xADC_SPI_Mutex
 *fill*         0x20005c6c        0x4 
 COMMON         0x20005c70       0x70 ..\obj\frequency.o
                0x20005c70                line_1_event
                0x20005c78                Line2_SensorTimer
                0x20005c88                Line2_ImpulseTimer
                0x20005c98                Line1_SensorTimer
                0x20005ca8                Line2_ImpulseCounter
                0x20005cb8                line_2_event
                0x20005cc0                Line1_ImpulseCounter
                0x20005cd0                Line1_ImpulseTimer
 COMMON         0x20005ce0      0x184 ..\obj\controller.o
                0x20005ce0                stSettings
                0x20005dc4                xMeasureDataMutex
                0x20005dc8                stMeasureData
                0x20005e60                xSettingsMutex
                0x20005e64                . = ALIGN (0x4)
                0x20005e64                __bss_end__ = .
                0x20005e64                _ebss = __bss_end__

.heap           0x20005e64        0x0
                0x20005e64                __end__ = .
                0x20005e64                _end = __end__
                0x20005e64                end = __end__
 *(.heap*)
                0x20005e64                __HeapLimit = .

.co_stack       0x20005e64      0x804 load address 0x08016a5c
                0x20005e68                . = ALIGN (0x8)
 *fill*         0x20005e64        0x4 
 *(.co_stack .co_stack.*)
 .co_stack      0x20005e68      0x800 ..\obj\startup_stm32f4xx.o
                0x20005e68                pulStack
                0x20020000                __StackTop = (ORIGIN (ram) + 0x20000)
                0x2001f7fc                __StackLimit = (__StackTop - SIZEOF (.co_stack))
                0x20020000                PROVIDE (__stack, __StackTop)
                0x00000001                ASSERT ((__StackLimit >= __HeapLimit), region ram  overflowed with stack)
LOAD C:\Program Files\GNU Tools ARM Embedded\4.9 2015q2\arm-none-eabi\lib\armv7e-m\fpu\libc.a
LOAD ..\obj\arm_mat_inverse_f32.o
LOAD ..\obj\arm_bitreversal2.o
LOAD ..\obj\arm_cfft_radix2_q31.o
LOAD ..\obj\arm_add_q7.o
LOAD ..\obj\arm_scale_q7.o
LOAD ..\obj\arm_mat_add_f32.o
LOAD ..\obj\stm32f4xx_syscfg.o
LOAD ..\obj\usb_core.o
LOAD ..\obj\low_level_sdio.o
LOAD ..\obj\arm_q31_to_float.o
LOAD ..\obj\arm_cfft_radix4_q15.o
LOAD ..\obj\arm_pid_init_q31.o
LOAD ..\obj\arm_float_to_q7.o
LOAD ..\obj\arm_q31_to_q7.o
LOAD ..\obj\mbport.o
LOAD ..\obj\calc.o
LOAD ..\obj\arm_conv_partial_opt_q15.o
LOAD ..\obj\mb.o
LOAD ..\obj\stm32f4xx_sdio.o
LOAD ..\obj\arm_mat_cmplx_mult_q15.o
LOAD ..\obj\arm_biquad_cascade_df1_q15.o
LOAD ..\obj\arm_cmplx_dot_prod_q15.o
LOAD ..\obj\arm_fir_decimate_fast_q15.o
LOAD ..\obj\arm_cfft_radix4_f32.o
LOAD ..\obj\arm_sin_cos_q31.o
LOAD ..\obj\protocol.o
LOAD ..\obj\arm_scale_q31.o
LOAD ..\obj\mbfuncdisc.o
LOAD ..\obj\arm_fir_sparse_init_q31.o
LOAD ..\obj\arm_rfft_q15.o
LOAD ..\obj\arm_correlate_q7.o
LOAD ..\obj\arm_mat_cmplx_mult_f32.o
LOAD ..\obj\arm_biquad_cascade_df1_f32.o
LOAD ..\obj\arm_cmplx_dot_prod_f32.o
LOAD ..\obj\arm_conv_partial_opt_q7.o
LOAD ..\obj\arm_cmplx_mult_real_q31.o
LOAD ..\obj\arm_q15_to_q31.o
LOAD ..\obj\arm_abs_q7.o
LOAD ..\obj\usbd_usr.o
LOAD ..\obj\portevent.o
LOAD ..\obj\arm_common_tables.o
LOAD ..\obj\arm_fill_q31.o
LOAD ..\obj\arm_rfft_f32.o
LOAD ..\obj\arm_q7_to_q15.o
LOAD ..\obj\arm_conv_q7.o
LOAD ..\obj\mbfuncother.o
LOAD ..\obj\arm_sin_q31.o
LOAD ..\obj\arm_fir_sparse_q15.o
LOAD ..\obj\arm_dot_prod_q15.o
LOAD ..\obj\arm_q15_to_float.o
LOAD ..\obj\stm32f4xx_usart.o
LOAD ..\obj\arm_correlate_fast_q15.o
LOAD ..\obj\arm_cfft_q15.o
LOAD ..\obj\arm_biquad_cascade_df2T_init_f32.o
LOAD ..\obj\arm_lms_init_q15.o
LOAD ..\obj\stm32f4xx_pwr.o
LOAD ..\obj\arm_correlate_q31.o
LOAD ..\obj\rtc.o
LOAD ..\obj\sdio_sd.o
LOAD ..\obj\arm_fir_sparse_f32.o
LOAD ..\obj\arm_max_q31.o
LOAD ..\obj\arm_conv_partial_q15.o
LOAD ..\obj\arm_biquad_cascade_df1_32x64_q31.o
LOAD ..\obj\arm_conv_fast_opt_q15.o
LOAD ..\obj\arm_dot_prod_f32.o
LOAD ..\obj\arm_dct4_init_q15.o
LOAD ..\obj\arm_cfft_radix4_init_q31.o
LOAD ..\obj\arm_cfft_f32.o
LOAD ..\obj\arm_lms_init_f32.o
LOAD ..\obj\arm_rms_q15.o
LOAD ..\obj\arm_conv_partial_f32.o
LOAD ..\obj\arm_dct4_init_f32.o
LOAD ..\obj\arm_mat_mult_q31.o
LOAD ..\obj\arm_fir_interpolate_init_q31.o
LOAD ..\obj\arm_iir_lattice_init_q15.o
LOAD ..\obj\arm_fill_q7.o
LOAD ..\obj\arm_shift_q31.o
LOAD ..\obj\mbfuncinput_m.o
LOAD ..\obj\arm_mult_q31.o
LOAD ..\obj\arm_fir_lattice_q15.o
LOAD ..\obj\mbutils.o
LOAD ..\obj\arm_rms_f32.o
LOAD ..\obj\arm_biquad_cascade_df1_init_q15.o
LOAD ..\obj\arm_std_q15.o
LOAD ..\obj\arm_iir_lattice_init_f32.o
LOAD ..\obj\arm_mat_add_q31.o
LOAD ..\obj\arm_abs_q15.o
LOAD ..\obj\arm_fir_sparse_q7.o
LOAD ..\obj\arm_fir_lattice_f32.o
LOAD ..\obj\arm_negate_q7.o
LOAD ..\obj\arm_sub_q15.o
LOAD ..\obj\diskio.o
LOAD ..\obj\arm_biquad_cascade_df1_init_f32.o
LOAD ..\obj\arm_std_f32.o
LOAD ..\obj\startup_stm32f4xx.o
LOAD ..\obj\arm_mat_init_q15.o
LOAD ..\obj\arm_abs_f32.o
LOAD ..\obj\arm_conv_q15.o
LOAD ..\obj\arm_fir_lattice_init_q15.o
LOAD ..\obj\arm_sub_f32.o
LOAD ..\obj\arm_cfft_radix4_q31.o
LOAD ..\obj\arm_q15_to_q7.o
LOAD ..\obj\arm_mat_init_f32.o
LOAD ..\obj\stm32f4xx_iwdg.o
LOAD ..\obj\arm_conv_f32.o
LOAD ..\obj\arm_fir_lattice_init_f32.o
LOAD ..\obj\arm_mat_cmplx_mult_q31.o
LOAD ..\obj\arm_biquad_cascade_df1_q31.o
LOAD ..\obj\arm_cmplx_dot_prod_q31.o
LOAD ..\obj\arm_fir_decimate_fast_q31.o
LOAD ..\obj\arm_conv_partial_fast_q15.o
LOAD ..\obj\arm_rfft_init_q15.o
LOAD ..\obj\arm_min_q15.o
LOAD ..\obj\mbfuncholding.o
LOAD ..\obj\arm_q7_to_float.o
LOAD ..\obj\usbd_core.o
LOAD ..\obj\arm_correlate_fast_opt_q15.o
LOAD ..\obj\main.o
LOAD ..\obj\arm_conv_opt_q15.o
LOAD ..\obj\mbcrc.o
LOAD ..\obj\arm_rfft_q31.o
LOAD ..\obj\arm_fir_q7.o
LOAD ..\obj\stm32f4xx_rcc.o
LOAD ..\obj\arm_cfft_radix2_init_q15.o
LOAD ..\obj\arm_rfft_init_f32.o
LOAD ..\obj\arm_min_f32.o
LOAD ..\obj\arm_fir_sparse_init_q7.o
LOAD ..\obj\arm_q7_to_q31.o
LOAD ..\obj\mbfuncfile.o
LOAD ..\obj\arm_cfft_radix2_init_f32.o
LOAD ..\obj\arm_dct4_q15.o
LOAD ..\obj\timers.o
LOAD ..\obj\arm_fir_sparse_q31.o
LOAD ..\obj\arm_fir_init_q15.o
LOAD ..\obj\arm_dot_prod_q31.o
LOAD ..\obj\log.o
LOAD ..\obj\arm_correlate_fast_q31.o
LOAD ..\obj\arm_cmplx_conj_q15.o
LOAD ..\obj\mbrtu_m.o
LOAD ..\obj\arm_cfft_q31.o
LOAD ..\obj\arm_dct4_f32.o
LOAD ..\obj\arm_lms_init_q31.o
LOAD ..\obj\arm_iir_lattice_q15.o
LOAD ..\obj\mbfuncinput.o
LOAD ..\obj\printf.o
LOAD ..\obj\arm_fir_init_f32.o
LOAD ..\obj\arm_conv_partial_q31.o
LOAD ..\obj\arm_dct4_init_q31.o
LOAD ..\obj\arm_rfft_fast_f32.o
LOAD ..\obj\arm_cmplx_conj_f32.o
LOAD ..\obj\arm_power_q15.o
LOAD ..\obj\arm_rms_q31.o
LOAD ..\obj\watchdog.o
LOAD ..\obj\arm_iir_lattice_f32.o
LOAD ..\obj\arm_shift_q7.o
LOAD ..\obj\mbfuncdiag.o
LOAD ..\obj\arm_iir_lattice_init_q31.o
LOAD ..\obj\arm_fir_fast_q15.o
LOAD ..\obj\arm_fir_lattice_q31.o
LOAD ..\obj\arm_power_f32.o
LOAD ..\obj\arm_lms_norm_q15.o
LOAD ..\obj\arm_biquad_cascade_df1_init_q31.o
LOAD ..\obj\arm_cmplx_mag_q15.o
LOAD ..\obj\arm_std_q31.o
LOAD ..\obj\tasks.o
LOAD ..\obj\arm_fir_decimate_q15.o
LOAD ..\obj\arm_biquad_cascade_stereo_df2T_init_f32.o
LOAD ..\obj\arm_abs_q31.o
LOAD ..\obj\arm_copy_q15.o
LOAD ..\obj\arm_pid_reset_q15.o
LOAD ..\obj\arm_sub_q31.o
LOAD ..\obj\arm_lms_norm_f32.o
LOAD ..\obj\arm_cmplx_mag_f32.o
LOAD ..\obj\usbd_desc.o
LOAD ..\obj\arm_fir_decimate_f32.o
LOAD ..\obj\arm_mat_init_q31.o
LOAD ..\obj\arm_cmplx_mag_squared_q15.o
LOAD ..\obj\arm_conv_q31.o
LOAD ..\obj\arm_pid_reset_f32.o
LOAD ..\obj\arm_copy_f32.o
LOAD ..\obj\arm_conv_partial_fast_opt_q15.o
LOAD ..\obj\arm_fir_lattice_init_q31.o
LOAD ..\obj\arm_fir_q15.o
LOAD ..\obj\arm_rfft_fast_init_f32.o
LOAD ..\obj\arm_add_q15.o
LOAD ..\obj\arm_fir_interpolate_q15.o
LOAD ..\obj\arm_cmplx_mag_squared_f32.o
LOAD ..\obj\arm_biquad_cascade_df2T_f64.o
LOAD ..\obj\arm_fir_f32.o
LOAD ..\obj\arm_add_f32.o
LOAD ..\obj\arm_conv_partial_fast_q31.o
LOAD ..\obj\arm_rfft_init_q31.o
LOAD ..\obj\arm_min_q31.o
LOAD ..\obj\fram_i2c.o
LOAD ..\obj\arm_fir_interpolate_f32.o
LOAD ..\obj\arm_conv_partial_q7.o
LOAD ..\obj\arm_fir_init_q7.o
LOAD ..\obj\arm_lms_norm_init_q15.o
LOAD ..\obj\arm_mean_q15.o
LOAD ..\obj\arm_cfft_radix2_init_q31.o
LOAD ..\obj\stm32f4xx_gpio.o
LOAD ..\obj\porttimer.o
LOAD ..\obj\arm_biquad_cascade_df1_32x64_init_q31.o
LOAD ..\obj\usbd_cdc_vcp.o
LOAD ..\obj\arm_fir_decimate_init_q15.o
LOAD ..\obj\arm_cfft_radix8_f32.o
LOAD ..\obj\arm_float_to_q15.o
LOAD ..\obj\arm_lms_norm_init_f32.o
LOAD ..\obj\list.o
LOAD ..\obj\mbrtu.o
LOAD ..\obj\arm_mean_f32.o
LOAD ..\obj\arm_dct4_q31.o
LOAD ..\obj\arm_cos_q15.o
LOAD ..\obj\system_stm32f4xx.o
LOAD ..\obj\syscalls.o
LOAD ..\obj\arm_lms_q15.o
LOAD ..\obj\arm_biquad_cascade_df1_fast_q15.o
LOAD ..\obj\arm_negate_q15.o
LOAD ..\obj\arm_fir_init_q31.o
LOAD ..\obj\stm32f4xx_dma.o
LOAD ..\obj\arm_sqrt_q15.o
LOAD ..\obj\arm_fir_decimate_init_f32.o
LOAD ..\obj\arm_var_q15.o
LOAD ..\obj\arm_cmplx_conj_q31.o
LOAD ..\obj\arm_mat_sub_q15.o
LOAD ..\obj\arm_offset_q15.o
LOAD ..\obj\arm_mat_trans_q15.o
LOAD ..\obj\arm_cos_f32.o
LOAD ..\obj\arm_iir_lattice_q31.o
LOAD ..\obj\arm_lms_f32.o
LOAD ..\obj\usb_bsp.o
LOAD ..\obj\arm_negate_f32.o
LOAD ..\obj\arm_mat_inverse_f64.o
LOAD ..\obj\arm_cmplx_mult_cmplx_q15.o
LOAD ..\obj\usbd_req.o
LOAD ..\obj\arm_mat_mult_fast_q15.o
LOAD ..\obj\arm_conv_fast_q15.o
LOAD ..\obj\arm_var_f32.o
LOAD ..\obj\port.o
LOAD ..\obj\queue.o
LOAD ..\obj\arm_mat_scale_q15.o
LOAD ..\obj\arm_mat_sub_f32.o
LOAD ..\obj\arm_offset_f32.o
LOAD ..\obj\arm_mat_trans_f32.o
LOAD ..\obj\usb_dcd_int.o
LOAD ..\obj\arm_power_q31.o
LOAD ..\obj\arm_power_q7.o
LOAD ..\obj\arm_biquad_cascade_stereo_df2T_f32.o
LOAD ..\obj\portserial.o
LOAD ..\obj\arm_cmplx_mult_cmplx_f32.o
LOAD ..\obj\arm_fir_fast_q31.o
LOAD ..\obj\arm_cfft_radix2_q15.o
LOAD ..\obj\arm_mat_scale_f32.o
LOAD ..\obj\usbd_cdc_core.o
LOAD ..\obj\ff.o
LOAD ..\obj\arm_lms_norm_q31.o
LOAD ..\obj\arm_cmplx_mag_q31.o
LOAD ..\obj\croutine.o
LOAD ..\obj\arm_offset_q7.o
LOAD ..\obj\arm_fir_decimate_q31.o
LOAD ..\obj\arm_pid_init_q15.o
LOAD ..\obj\arm_pid_reset_q31.o
LOAD ..\obj\arm_copy_q31.o
LOAD ..\obj\arm_cfft_radix2_f32.o
LOAD ..\obj\arm_correlate_opt_q15.o
LOAD ..\obj\stm32f4xx_spi.o
LOAD ..\obj\arm_conv_opt_q7.o
LOAD ..\obj\mbfunccoils.o
LOAD ..\obj\event_groups.o
LOAD ..\obj\ADS1220.o
LOAD ..\obj\arm_pid_init_f32.o
LOAD ..\obj\frequency.o
LOAD ..\obj\stm32f4xx_i2c.o
LOAD ..\obj\arm_cmplx_mag_squared_q31.o
LOAD ..\obj\arm_scale_q15.o
LOAD ..\obj\arm_fir_q31.o
LOAD ..\obj\arm_mult_q7.o
LOAD ..\obj\arm_add_q31.o
LOAD ..\obj\stm32f4xx_exti.o
LOAD ..\obj\arm_fir_sparse_init_q15.o
LOAD ..\obj\arm_fir_interpolate_q31.o
LOAD ..\obj\misc.o
LOAD ..\obj\arm_cmplx_mult_real_q15.o
LOAD ..\obj\arm_sin_cos_f32.o
LOAD ..\obj\usb_dcd.o
LOAD ..\obj\arm_scale_f32.o
LOAD ..\obj\arm_max_q7.o
LOAD ..\obj\arm_min_q7.o
LOAD ..\obj\arm_fill_q15.o
LOAD ..\obj\arm_fir_sparse_init_f32.o
LOAD ..\obj\arm_biquad_cascade_df2T_init_f64.o
LOAD ..\obj\arm_sin_q15.o
LOAD ..\obj\arm_cmplx_mult_real_f32.o
LOAD ..\obj\arm_lms_norm_init_q31.o
LOAD ..\obj\arm_biquad_cascade_df2T_f32.o
LOAD ..\obj\arm_mean_q31.o
LOAD ..\obj\arm_fill_f32.o
LOAD ..\obj\arm_const_structs.o
LOAD ..\obj\arm_q31_to_q15.o
LOAD ..\obj\arm_fir_decimate_init_q31.o
LOAD ..\obj\arm_sin_f32.o
LOAD ..\obj\arm_correlate_q15.o
LOAD ..\obj\arm_float_to_q31.o
LOAD ..\obj\arm_max_q15.o
LOAD ..\obj\arm_mean_q7.o
LOAD ..\obj\stm32f4xx_rtc.o
LOAD ..\obj\usbd_ioreq.o
LOAD ..\obj\arm_cos_q31.o
LOAD ..\obj\arm_cfft_radix4_init_q15.o
LOAD ..\obj\arm_lms_q31.o
LOAD ..\obj\arm_biquad_cascade_df1_fast_q31.o
LOAD ..\obj\arm_negate_q31.o
LOAD ..\obj\arm_sqrt_q31.o
LOAD ..\obj\arm_bitreversal.o
LOAD ..\obj\arm_dot_prod_q7.o
LOAD ..\obj\arm_correlate_f32.o
LOAD ..\obj\arm_max_f32.o
LOAD ..\obj\heap_2.o
LOAD ..\obj\controller.o
LOAD ..\obj\arm_var_q31.o
LOAD ..\obj\arm_mat_mult_q15.o
LOAD ..\obj\arm_fir_interpolate_init_q15.o
LOAD ..\obj\arm_mat_sub_q31.o
LOAD ..\obj\arm_offset_q31.o
LOAD ..\obj\arm_mat_trans_q31.o
LOAD ..\obj\arm_shift_q15.o
LOAD ..\obj\arm_cfft_radix4_init_f32.o
LOAD ..\obj\arm_copy_q7.o
LOAD ..\obj\stm32f4xx_tim.o
LOAD ..\obj\arm_mult_q15.o
LOAD ..\obj\arm_sub_q7.o
LOAD ..\obj\arm_correlate_opt_q7.o
LOAD ..\obj\arm_cmplx_mult_cmplx_q31.o
LOAD ..\obj\arm_mat_mult_fast_q31.o
LOAD ..\obj\arm_conv_fast_q31.o
LOAD ..\obj\power_detector.o
LOAD ..\obj\arm_mat_scale_q31.o
LOAD ..\obj\arm_mat_mult_f32.o
LOAD ..\obj\arm_fir_interpolate_init_f32.o
LOAD ..\obj\arm_mat_add_q15.o
LOAD ..\obj\arm_mult_f32.o
LOAD C:\Program Files\GNU Tools ARM Embedded\4.9 2015q2\arm-none-eabi\lib\armv7e-m\fpu\libc.a
LOAD C:\Program Files\GNU Tools ARM Embedded\4.9 2015q2\arm-none-eabi\lib\armv7e-m\fpu\libm.a
LOAD C:\Program Files\GNU Tools ARM Embedded\4.9 2015q2\arm-none-eabi\lib\armv7e-m\fpu\libg.a
START GROUP
LOAD c:/program files/gnu tools arm embedded/4.9 2015q2/bin/../lib/gcc/arm-none-eabi/4.9.3/armv7e-m/fpu\libgcc.a
LOAD C:\Program Files\GNU Tools ARM Embedded\4.9 2015q2\arm-none-eabi\lib\armv7e-m\fpu\libg.a
LOAD C:\Program Files\GNU Tools ARM Embedded\4.9 2015q2\arm-none-eabi\lib\armv7e-m\fpu\libc.a
END GROUP
OUTPUT(IMS_CONTROLLER.elf elf32-littlearm)

.debug_info     0x00000000    0x23490
 .debug_info    0x00000000      0x26c ..\obj\stm32f4xx_syscfg.o
 .debug_info    0x0000026c     0x251b ..\obj\usb_core.o
 .debug_info    0x00002787      0xede ..\obj\mbport.o
 .debug_info    0x00003665      0x5a1 ..\obj\calc.o
 .debug_info    0x00003c06      0x949 ..\obj\mb.o
 .debug_info    0x0000454f      0x7f5 ..\obj\stm32f4xx_sdio.o
 .debug_info    0x00004d44      0x82b ..\obj\protocol.o
 .debug_info    0x0000556f      0x209 ..\obj\mbfuncdisc.o
 .debug_info    0x00005778      0x1a9 ..\obj\usbd_usr.o
 .debug_info    0x00005921      0x78c ..\obj\portevent.o
 .debug_info    0x000060ad      0x268 ..\obj\mbfuncother.o
 .debug_info    0x00006315      0x9c2 ..\obj\stm32f4xx_usart.o
 .debug_info    0x00006cd7     0x12d8 ..\obj\sdio_sd.o
 .debug_info    0x00007faf      0x2d7 ..\obj\mbutils.o
 .debug_info    0x00008286      0x971 ..\obj\diskio.o
 .debug_info    0x00008bf7       0xed ..\obj\startup_stm32f4xx.o
 .debug_info    0x00008ce4      0x392 ..\obj\mbfuncholding.o
 .debug_info    0x00009076      0xe95 ..\obj\usbd_core.o
 .debug_info    0x00009f0b      0x1aa ..\obj\main.o
 .debug_info    0x0000a0b5      0x153 ..\obj\mbcrc.o
 .debug_info    0x0000a208      0xc4d ..\obj\stm32f4xx_rcc.o
 .debug_info    0x0000ae55      0x29f ..\obj\mbfuncfile.o
 .debug_info    0x0000b0f4      0xa05 ..\obj\timers.o
 .debug_info    0x0000baf9      0x4a9 ..\obj\log.o
 .debug_info    0x0000bfa2      0x1fb ..\obj\mbfuncinput.o
 .debug_info    0x0000c19d      0xe38 ..\obj\printf.o
 .debug_info    0x0000cfd5      0x207 ..\obj\watchdog.o
 .debug_info    0x0000d1dc     0x1d05 ..\obj\tasks.o
 .debug_info    0x0000eee1      0x363 ..\obj\usbd_desc.o
 .debug_info    0x0000f244      0x749 ..\obj\fram_i2c.o
 .debug_info    0x0000f98d      0x602 ..\obj\stm32f4xx_gpio.o
 .debug_info    0x0000ff8f      0xe02 ..\obj\porttimer.o
 .debug_info    0x00010d91      0x36c ..\obj\usbd_cdc_vcp.o
 .debug_info    0x000110fd      0x299 ..\obj\list.o
 .debug_info    0x00011396      0x7c6 ..\obj\mbrtu.o
 .debug_info    0x00011b5c      0x592 ..\obj\system_stm32f4xx.o
 .debug_info    0x000120ee      0x739 ..\obj\stm32f4xx_dma.o
 .debug_info    0x00012827      0xfde ..\obj\usb_bsp.o
 .debug_info    0x00013805      0xf9b ..\obj\usbd_req.o
 .debug_info    0x000147a0      0x520 ..\obj\port.o
 .debug_info    0x00014cc0     0x1264 ..\obj\queue.o
 .debug_info    0x00015f24     0x1d86 ..\obj\usb_dcd_int.o
 .debug_info    0x00017caa     0x1bde ..\obj\portserial.o
 .debug_info    0x00019888      0xf34 ..\obj\usbd_cdc_core.o
 .debug_info    0x0001a7bc      0xb07 ..\obj\stm32f4xx_spi.o
 .debug_info    0x0001b2c3      0x326 ..\obj\mbfunccoils.o
 .debug_info    0x0001b5e9      0x911 ..\obj\ADS1220.o
 .debug_info    0x0001befa      0xbc8 ..\obj\frequency.o
 .debug_info    0x0001cac2      0xaf4 ..\obj\stm32f4xx_i2c.o
 .debug_info    0x0001d5b6      0x347 ..\obj\stm32f4xx_exti.o
 .debug_info    0x0001d8fd      0x53d ..\obj\misc.o
 .debug_info    0x0001de3a     0x101d ..\obj\usb_dcd.o
 .debug_info    0x0001ee57     0x10df ..\obj\stm32f4xx_rtc.o
 .debug_info    0x0001ff36      0xcb7 ..\obj\usbd_ioreq.o
 .debug_info    0x00020bed      0x2ed ..\obj\heap_2.o
 .debug_info    0x00020eda      0x325 ..\obj\controller.o
 .debug_info    0x000211ff     0x1c61 ..\obj\stm32f4xx_tim.o
 .debug_info    0x00022e60      0x630 ..\obj\power_detector.o

.debug_abbrev   0x00000000     0x591d
 .debug_abbrev  0x00000000      0x131 ..\obj\stm32f4xx_syscfg.o
 .debug_abbrev  0x00000131      0x2e7 ..\obj\usb_core.o
 .debug_abbrev  0x00000418      0x1cb ..\obj\mbport.o
 .debug_abbrev  0x000005e3      0x17d ..\obj\calc.o
 .debug_abbrev  0x00000760      0x1ac ..\obj\mb.o
 .debug_abbrev  0x0000090c      0x177 ..\obj\stm32f4xx_sdio.o
 .debug_abbrev  0x00000a83      0x152 ..\obj\protocol.o
 .debug_abbrev  0x00000bd5       0xa6 ..\obj\mbfuncdisc.o
 .debug_abbrev  0x00000c7b       0xdd ..\obj\usbd_usr.o
 .debug_abbrev  0x00000d58      0x14f ..\obj\portevent.o
 .debug_abbrev  0x00000ea7       0xbf ..\obj\mbfuncother.o
 .debug_abbrev  0x00000f66      0x155 ..\obj\stm32f4xx_usart.o
 .debug_abbrev  0x000010bb      0x1e9 ..\obj\sdio_sd.o
 .debug_abbrev  0x000012a4       0xd6 ..\obj\mbutils.o
 .debug_abbrev  0x0000137a      0x1d2 ..\obj\diskio.o
 .debug_abbrev  0x0000154c       0xb0 ..\obj\startup_stm32f4xx.o
 .debug_abbrev  0x000015fc       0xa6 ..\obj\mbfuncholding.o
 .debug_abbrev  0x000016a2      0x21d ..\obj\usbd_core.o
 .debug_abbrev  0x000018bf       0xf2 ..\obj\main.o
 .debug_abbrev  0x000019b1       0x91 ..\obj\mbcrc.o
 .debug_abbrev  0x00001a42      0x1e3 ..\obj\stm32f4xx_rcc.o
 .debug_abbrev  0x00001c25       0xf4 ..\obj\mbfuncfile.o
 .debug_abbrev  0x00001d19      0x1da ..\obj\timers.o
 .debug_abbrev  0x00001ef3      0x165 ..\obj\log.o
 .debug_abbrev  0x00002058       0xa6 ..\obj\mbfuncinput.o
 .debug_abbrev  0x000020fe      0x27e ..\obj\printf.o
 .debug_abbrev  0x0000237c      0x12d ..\obj\watchdog.o
 .debug_abbrev  0x000024a9      0x28d ..\obj\tasks.o
 .debug_abbrev  0x00002736      0x12c ..\obj\usbd_desc.o
 .debug_abbrev  0x00002862      0x1eb ..\obj\fram_i2c.o
 .debug_abbrev  0x00002a4d      0x1a3 ..\obj\stm32f4xx_gpio.o
 .debug_abbrev  0x00002bf0      0x1cf ..\obj\porttimer.o
 .debug_abbrev  0x00002dbf      0x164 ..\obj\usbd_cdc_vcp.o
 .debug_abbrev  0x00002f23       0xbc ..\obj\list.o
 .debug_abbrev  0x00002fdf      0x196 ..\obj\mbrtu.o
 .debug_abbrev  0x00003175      0x136 ..\obj\system_stm32f4xx.o
 .debug_abbrev  0x000032ab      0x155 ..\obj\stm32f4xx_dma.o
 .debug_abbrev  0x00003400      0x229 ..\obj\usb_bsp.o
 .debug_abbrev  0x00003629      0x293 ..\obj\usbd_req.o
 .debug_abbrev  0x000038bc      0x1bb ..\obj\port.o
 .debug_abbrev  0x00003a77      0x206 ..\obj\queue.o
 .debug_abbrev  0x00003c7d      0x25b ..\obj\usb_dcd_int.o
 .debug_abbrev  0x00003ed8      0x31b ..\obj\portserial.o
 .debug_abbrev  0x000041f3      0x22f ..\obj\usbd_cdc_core.o
 .debug_abbrev  0x00004422      0x167 ..\obj\stm32f4xx_spi.o
 .debug_abbrev  0x00004589       0xb8 ..\obj\mbfunccoils.o
 .debug_abbrev  0x00004641      0x1ea ..\obj\ADS1220.o
 .debug_abbrev  0x0000482b      0x1a1 ..\obj\frequency.o
 .debug_abbrev  0x000049cc      0x164 ..\obj\stm32f4xx_i2c.o
 .debug_abbrev  0x00004b30      0x1a5 ..\obj\stm32f4xx_exti.o
 .debug_abbrev  0x00004cd5      0x145 ..\obj\misc.o
 .debug_abbrev  0x00004e1a      0x259 ..\obj\usb_dcd.o
 .debug_abbrev  0x00005073      0x1ae ..\obj\stm32f4xx_rtc.o
 .debug_abbrev  0x00005221      0x1af ..\obj\usbd_ioreq.o
 .debug_abbrev  0x000053d0      0x16c ..\obj\heap_2.o
 .debug_abbrev  0x0000553c       0xee ..\obj\controller.o
 .debug_abbrev  0x0000562a      0x187 ..\obj\stm32f4xx_tim.o
 .debug_abbrev  0x000057b1      0x16c ..\obj\power_detector.o

.debug_aranges  0x00000000     0x1eb0
 .debug_aranges
                0x00000000       0x48 ..\obj\stm32f4xx_syscfg.o
 .debug_aranges
                0x00000048      0x138 ..\obj\usb_core.o
 .debug_aranges
                0x00000180       0x50 ..\obj\mbport.o
 .debug_aranges
                0x000001d0       0x28 ..\obj\calc.o
 .debug_aranges
                0x000001f8       0x48 ..\obj\mb.o
 .debug_aranges
                0x00000240      0x108 ..\obj\stm32f4xx_sdio.o
 .debug_aranges
                0x00000348       0x38 ..\obj\protocol.o
 .debug_aranges
                0x00000380       0x20 ..\obj\mbfuncdisc.o
 .debug_aranges
                0x000003a0       0x40 ..\obj\usbd_usr.o
 .debug_aranges
                0x000003e0       0x30 ..\obj\portevent.o
 .debug_aranges
                0x00000410       0x28 ..\obj\mbfuncother.o
 .debug_aranges
                0x00000438      0x100 ..\obj\stm32f4xx_usart.o
 .debug_aranges
                0x00000538      0x130 ..\obj\sdio_sd.o
 .debug_aranges
                0x00000668       0x30 ..\obj\mbutils.o
 .debug_aranges
                0x00000698       0x68 ..\obj\diskio.o
 .debug_aranges
                0x00000700       0x28 ..\obj\startup_stm32f4xx.o
 .debug_aranges
                0x00000728       0x38 ..\obj\mbfuncholding.o
 .debug_aranges
                0x00000760       0x80 ..\obj\usbd_core.o
 .debug_aranges
                0x000007e0       0x40 ..\obj\main.o
 .debug_aranges
                0x00000820       0x20 ..\obj\mbcrc.o
 .debug_aranges
                0x00000840      0x178 ..\obj\stm32f4xx_rcc.o
 .debug_aranges
                0x000009b8       0x20 ..\obj\mbfuncfile.o
 .debug_aranges
                0x000009d8       0x98 ..\obj\timers.o
 .debug_aranges
                0x00000a70       0x38 ..\obj\log.o
 .debug_aranges
                0x00000aa8       0x20 ..\obj\mbfuncinput.o
 .debug_aranges
                0x00000ac8       0xa0 ..\obj\printf.o
 .debug_aranges
                0x00000b68       0x38 ..\obj\watchdog.o
 .debug_aranges
                0x00000ba0      0x1c0 ..\obj\tasks.o
 .debug_aranges
                0x00000d60       0x50 ..\obj\usbd_desc.o
 .debug_aranges
                0x00000db0       0x48 ..\obj\fram_i2c.o
 .debug_aranges
                0x00000df8       0x88 ..\obj\stm32f4xx_gpio.o
 .debug_aranges
                0x00000e80       0x90 ..\obj\porttimer.o
 .debug_aranges
                0x00000f10       0x50 ..\obj\usbd_cdc_vcp.o
 .debug_aranges
                0x00000f60       0x40 ..\obj\list.o
 .debug_aranges
                0x00000fa0       0x58 ..\obj\mbrtu.o
 .debug_aranges
                0x00000ff8       0x30 ..\obj\system_stm32f4xx.o
 .debug_aranges
                0x00001028       0xb0 ..\obj\stm32f4xx_dma.o
 .debug_aranges
                0x000010d8       0x48 ..\obj\usb_bsp.o
 .debug_aranges
                0x00001120       0x88 ..\obj\usbd_req.o
 .debug_aranges
                0x000011a8       0x80 ..\obj\port.o
 .debug_aranges
                0x00001228      0x100 ..\obj\queue.o
 .debug_aranges
                0x00001328       0x80 ..\obj\usb_dcd_int.o
 .debug_aranges
                0x000013a8       0xb0 ..\obj\portserial.o
 .debug_aranges
                0x00001458       0x68 ..\obj\usbd_cdc_core.o
 .debug_aranges
                0x000014c0       0xe0 ..\obj\stm32f4xx_spi.o
 .debug_aranges
                0x000015a0       0x30 ..\obj\mbfunccoils.o
 .debug_aranges
                0x000015d0       0x70 ..\obj\ADS1220.o
 .debug_aranges
                0x00001640       0x78 ..\obj\frequency.o
 .debug_aranges
                0x000016b8      0x120 ..\obj\stm32f4xx_i2c.o
 .debug_aranges
                0x000017d8       0x58 ..\obj\stm32f4xx_exti.o
 .debug_aranges
                0x00001830       0x40 ..\obj\misc.o
 .debug_aranges
                0x00001870       0x80 ..\obj\usb_dcd.o
 .debug_aranges
                0x000018f0      0x1e0 ..\obj\stm32f4xx_rtc.o
 .debug_aranges
                0x00001ad0       0x50 ..\obj\usbd_ioreq.o
 .debug_aranges
                0x00001b20       0x40 ..\obj\heap_2.o
 .debug_aranges
                0x00001b60       0x28 ..\obj\controller.o
 .debug_aranges
                0x00001b88      0x2f8 ..\obj\stm32f4xx_tim.o
 .debug_aranges
                0x00001e80       0x30 ..\obj\power_detector.o

.debug_ranges   0x00000000     0x1b10
 .debug_ranges  0x00000000       0x38 ..\obj\stm32f4xx_syscfg.o
 .debug_ranges  0x00000038      0x128 ..\obj\usb_core.o
 .debug_ranges  0x00000160       0x40 ..\obj\mbport.o
 .debug_ranges  0x000001a0       0x18 ..\obj\calc.o
 .debug_ranges  0x000001b8       0x38 ..\obj\mb.o
 .debug_ranges  0x000001f0       0xf8 ..\obj\stm32f4xx_sdio.o
 .debug_ranges  0x000002e8       0x28 ..\obj\protocol.o
 .debug_ranges  0x00000310       0x10 ..\obj\mbfuncdisc.o
 .debug_ranges  0x00000320       0x30 ..\obj\usbd_usr.o
 .debug_ranges  0x00000350       0x20 ..\obj\portevent.o
 .debug_ranges  0x00000370       0x18 ..\obj\mbfuncother.o
 .debug_ranges  0x00000388       0xf0 ..\obj\stm32f4xx_usart.o
 .debug_ranges  0x00000478      0x120 ..\obj\sdio_sd.o
 .debug_ranges  0x00000598       0x20 ..\obj\mbutils.o
 .debug_ranges  0x000005b8       0x58 ..\obj\diskio.o
 .debug_ranges  0x00000610       0x18 ..\obj\startup_stm32f4xx.o
 .debug_ranges  0x00000628       0x28 ..\obj\mbfuncholding.o
 .debug_ranges  0x00000650       0x70 ..\obj\usbd_core.o
 .debug_ranges  0x000006c0       0x30 ..\obj\main.o
 .debug_ranges  0x000006f0       0x10 ..\obj\mbcrc.o
 .debug_ranges  0x00000700      0x168 ..\obj\stm32f4xx_rcc.o
 .debug_ranges  0x00000868       0x10 ..\obj\mbfuncfile.o
 .debug_ranges  0x00000878       0x88 ..\obj\timers.o
 .debug_ranges  0x00000900       0x28 ..\obj\log.o
 .debug_ranges  0x00000928       0x10 ..\obj\mbfuncinput.o
 .debug_ranges  0x00000938       0x90 ..\obj\printf.o
 .debug_ranges  0x000009c8       0x28 ..\obj\watchdog.o
 .debug_ranges  0x000009f0      0x1b0 ..\obj\tasks.o
 .debug_ranges  0x00000ba0       0x40 ..\obj\usbd_desc.o
 .debug_ranges  0x00000be0       0x38 ..\obj\fram_i2c.o
 .debug_ranges  0x00000c18       0x78 ..\obj\stm32f4xx_gpio.o
 .debug_ranges  0x00000c90       0x80 ..\obj\porttimer.o
 .debug_ranges  0x00000d10       0x40 ..\obj\usbd_cdc_vcp.o
 .debug_ranges  0x00000d50       0x30 ..\obj\list.o
 .debug_ranges  0x00000d80       0x48 ..\obj\mbrtu.o
 .debug_ranges  0x00000dc8       0x20 ..\obj\system_stm32f4xx.o
 .debug_ranges  0x00000de8       0xa0 ..\obj\stm32f4xx_dma.o
 .debug_ranges  0x00000e88       0x38 ..\obj\usb_bsp.o
 .debug_ranges  0x00000ec0       0x78 ..\obj\usbd_req.o
 .debug_ranges  0x00000f38       0x70 ..\obj\port.o
 .debug_ranges  0x00000fa8       0xf0 ..\obj\queue.o
 .debug_ranges  0x00001098       0x70 ..\obj\usb_dcd_int.o
 .debug_ranges  0x00001108       0xa0 ..\obj\portserial.o
 .debug_ranges  0x000011a8       0x58 ..\obj\usbd_cdc_core.o
 .debug_ranges  0x00001200       0xd0 ..\obj\stm32f4xx_spi.o
 .debug_ranges  0x000012d0       0x20 ..\obj\mbfunccoils.o
 .debug_ranges  0x000012f0       0x60 ..\obj\ADS1220.o
 .debug_ranges  0x00001350       0x68 ..\obj\frequency.o
 .debug_ranges  0x000013b8      0x110 ..\obj\stm32f4xx_i2c.o
 .debug_ranges  0x000014c8       0x48 ..\obj\stm32f4xx_exti.o
 .debug_ranges  0x00001510       0x30 ..\obj\misc.o
 .debug_ranges  0x00001540       0x70 ..\obj\usb_dcd.o
 .debug_ranges  0x000015b0      0x1d0 ..\obj\stm32f4xx_rtc.o
 .debug_ranges  0x00001780       0x40 ..\obj\usbd_ioreq.o
 .debug_ranges  0x000017c0       0x30 ..\obj\heap_2.o
 .debug_ranges  0x000017f0       0x18 ..\obj\controller.o
 .debug_ranges  0x00001808      0x2e8 ..\obj\stm32f4xx_tim.o
 .debug_ranges  0x00001af0       0x20 ..\obj\power_detector.o

.debug_line     0x00000000     0xeb9d