Archive member included because of file (symbol)

C:\Program Files\GNU Tools ARM Embedded\4.9 2015q2\arm-none-eabi\lib\armv7e-m\fpu\libc.a(lib_a-memcpy.o)
                              ..\obj\mbport.o (memcpy)
C:\Program Files\GNU Tools ARM Embedded\4.9 2015q2\arm-none-eabi\lib\armv7e-m\fpu\libc.a(lib_a-memset.o)
                              ..\obj\arm_pid_init_q31.o (memset)
C:\Program Files\GNU Tools ARM Embedded\4.9 2015q2\arm-none-eabi\lib\armv7e-m\fpu\libc.a(lib_a-strlen.o)
                              ..\obj\wiznet.o (strlen)
C:\Program Files\GNU Tools ARM Embedded\4.9 2015q2\arm-none-eabi\lib\armv7e-m\fpu\libm.a(lib_a-wf_sqrt.o)
                              ..\obj\arm_rms_f32.o (sqrtf)
C:\Program Files\GNU Tools ARM Embedded\4.9 2015q2\arm-none-eabi\lib\armv7e-m\fpu\libm.a(lib_a-ef_sqrt.o)
                              C:\Program Files\GNU Tools ARM Embedded\4.9 2015q2\arm-none-eabi\lib\armv7e-m\fpu\libm.a(lib_a-wf_sqrt.o) (__ieee754_sqrtf)
C:\Program Files\GNU Tools ARM Embedded\4.9 2015q2\arm-none-eabi\lib\armv7e-m\fpu\libm.a(lib_a-s_lib_ver.o)
                              C:\Program Files\GNU Tools ARM Embedded\4.9 2015q2\arm-none-eabi\lib\armv7e-m\fpu\libm.a(lib_a-wf_sqrt.o) (__fdlib_version)
C:\Program Files\GNU Tools ARM Embedded\4.9 2015q2\arm-none-eabi\lib\armv7e-m\fpu\libm.a(lib_a-s_matherr.o)
                              C:\Program Files\GNU Tools ARM Embedded\4.9 2015q2\arm-none-eabi\lib\armv7e-m\fpu\libm.a(lib_a-wf_sqrt.o) (matherr)
C:\Program Files\GNU Tools ARM Embedded\4.9 2015q2\arm-none-eabi\lib\armv7e-m\fpu\libm.a(lib_a-sf_fpclassify.o)
                              C:\Program Files\GNU Tools ARM Embedded\4.9 2015q2\arm-none-eabi\lib\armv7e-m\fpu\libm.a(lib_a-wf_sqrt.o) (__fpclassifyf)
C:\Program Files\GNU Tools ARM Embedded\4.9 2015q2\arm-none-eabi\lib\armv7e-m\fpu\libg.a(lib_a-errno.o)
                              C:\Program Files\GNU Tools ARM Embedded\4.9 2015q2\arm-none-eabi\lib\armv7e-m\fpu\libm.a(lib_a-wf_sqrt.o) (__errno)
c:/program files/gnu tools arm embedded/4.9 2015q2/bin/../lib/gcc/arm-none-eabi/4.9.3/armv7e-m/fpu\libgcc.a(_arm_addsubdf3.o)
                              ..\obj\arm_mat_inverse_f64.o (__aeabi_dsub)
c:/program files/gnu tools arm embedded/4.9 2015q2/bin/../lib/gcc/arm-none-eabi/4.9.3/armv7e-m/fpu\libgcc.a(_arm_muldivdf3.o)
                              ..\obj\arm_biquad_cascade_df2T_f64.o (__aeabi_dmul)
c:/program files/gnu tools arm embedded/4.9 2015q2/bin/../lib/gcc/arm-none-eabi/4.9.3/armv7e-m/fpu\libgcc.a(_arm_cmpdf2.o)
                              ..\obj\arm_mat_inverse_f64.o (__aeabi_dcmpeq)
c:/program files/gnu tools arm embedded/4.9 2015q2/bin/../lib/gcc/arm-none-eabi/4.9.3/armv7e-m/fpu\libgcc.a(_arm_truncdfsf2.o)
                              ..\obj\calc.o (__aeabi_d2f)
c:/program files/gnu tools arm embedded/4.9 2015q2/bin/../lib/gcc/arm-none-eabi/4.9.3/armv7e-m/fpu\libgcc.a(_arm_addsubsf3.o)
                              ..\obj\calc.o (__aeabi_ul2f)
c:/program files/gnu tools arm embedded/4.9 2015q2/bin/../lib/gcc/arm-none-eabi/4.9.3/armv7e-m/fpu\libgcc.a(_aeabi_ldivmod.o)
                              ..\obj\arm_rms_q15.o (__aeabi_ldivmod)
c:/program files/gnu tools arm embedded/4.9 2015q2/bin/../lib/gcc/arm-none-eabi/4.9.3/armv7e-m/fpu\libgcc.a(_fixsfdi.o)
                              ..\obj\arm_float_to_q31.o (__aeabi_f2lz)
c:/program files/gnu tools arm embedded/4.9 2015q2/bin/../lib/gcc/arm-none-eabi/4.9.3/armv7e-m/fpu\libgcc.a(_fixunssfdi.o)
                              c:/program files/gnu tools arm embedded/4.9 2015q2/bin/../lib/gcc/arm-none-eabi/4.9.3/armv7e-m/fpu\libgcc.a(_fixsfdi.o) (__aeabi_f2ulz)
c:/program files/gnu tools arm embedded/4.9 2015q2/bin/../lib/gcc/arm-none-eabi/4.9.3/armv7e-m/fpu\libgcc.a(bpabi.o)
                              c:/program files/gnu tools arm embedded/4.9 2015q2/bin/../lib/gcc/arm-none-eabi/4.9.3/armv7e-m/fpu\libgcc.a(_aeabi_ldivmod.o) (__gnu_ldivmod_helper)
c:/program files/gnu tools arm embedded/4.9 2015q2/bin/../lib/gcc/arm-none-eabi/4.9.3/armv7e-m/fpu\libgcc.a(_dvmd_tls.o)
                              c:/program files/gnu tools arm embedded/4.9 2015q2/bin/../lib/gcc/arm-none-eabi/4.9.3/armv7e-m/fpu\libgcc.a(_aeabi_ldivmod.o) (__aeabi_ldiv0)
c:/program files/gnu tools arm embedded/4.9 2015q2/bin/../lib/gcc/arm-none-eabi/4.9.3/armv7e-m/fpu\libgcc.a(_arm_fixunsdfsi.o)
                              c:/program files/gnu tools arm embedded/4.9 2015q2/bin/../lib/gcc/arm-none-eabi/4.9.3/armv7e-m/fpu\libgcc.a(_fixunssfdi.o) (__aeabi_d2uiz)
c:/program files/gnu tools arm embedded/4.9 2015q2/bin/../lib/gcc/arm-none-eabi/4.9.3/armv7e-m/fpu\libgcc.a(_divdi3.o)
                              c:/program files/gnu tools arm embedded/4.9 2015q2/bin/../lib/gcc/arm-none-eabi/4.9.3/armv7e-m/fpu\libgcc.a(bpabi.o) (__divdi3)
c:/program files/gnu tools arm embedded/4.9 2015q2/bin/../lib/gcc/arm-none-eabi/4.9.3/armv7e-m/fpu\libgcc.a(_udivdi3.o)
[...]
Memory Configuration

Name             Origin             Length             Attributes
rom              0x08000000         0x00100000         xr
ram              0x20000000         0x00020000         xrw
ram1             0x10000000         0x00010000         xrw
*default*        0x00000000         0xffffffff

Linker script and memory map

                0x20020000                _eram = 0x20020000

.text           0x08000000    0x10d5c
 *(.isr_vector)
 .isr_vector    0x08000000      0x188 ..\obj\startup_stm32f4xx.o
                0x08000000                g_pfnVectors
 *(.text*)
 .text.USB_OTG_EnableCommonInt
                0x08000188       0x44 ..\obj\usb_core.o
 .text.USB_OTG_CoreReset
                0x080001cc       0x8c ..\obj\usb_core.o
 .text.USB_OTG_WritePacket
                0x08000258       0x78 ..\obj\usb_core.o
                0x08000258                USB_OTG_WritePacket
 .text.USB_OTG_ReadPacket
                0x080002d0       0x58 ..\obj\usb_core.o
                0x080002d0                USB_OTG_ReadPacket
 .text.USB_OTG_SelectCore
                0x08000328      0x174 ..\obj\usb_core.o
                0x08000328                USB_OTG_SelectCore
 .text.USB_OTG_CoreInit
                0x0800049c      0x1dc ..\obj\usb_core.o
                0x0800049c                USB_OTG_CoreInit
 .text.USB_OTG_EnableGlobalInt
                0x08000678       0x38 ..\obj\usb_core.o
                0x08000678                USB_OTG_EnableGlobalInt
 .text.USB_OTG_DisableGlobalInt
                0x080006b0       0x38 ..\obj\usb_core.o
                0x080006b0                USB_OTG_DisableGlobalInt
 .text.USB_OTG_FlushTxFifo
                0x080006e8       0x7c ..\obj\usb_core.o
                0x080006e8                USB_OTG_FlushTxFifo
 .text.USB_OTG_FlushRxFifo
                0x08000764       0x60 ..\obj\usb_core.o
                0x08000764                USB_OTG_FlushRxFifo
 .text.USB_OTG_SetCurrentMode
                0x080007c4       0x60 ..\obj\usb_core.o
                0x080007c4                USB_OTG_SetCurrentMode
 .text.USB_OTG_GetMode
                0x08000824       0x20 ..\obj\usb_core.o
                0x08000824                USB_OTG_GetMode
 .text.USB_OTG_IsDeviceMode
                0x08000844       0x24 ..\obj\usb_core.o
                0x08000844                USB_OTG_IsDeviceMode
 .text.USB_OTG_ReadCoreItr
                0x08000868       0x30 ..\obj\usb_core.o
                0x08000868                USB_OTG_ReadCoreItr
 .text.USB_OTG_InitDevSpeed
                0x08000898       0x38 ..\obj\usb_core.o
                0x08000898                USB_OTG_InitDevSpeed
 .text.USB_OTG_CoreInitDev
                0x080008d0      0x264 ..\obj\usb_core.o
                0x080008d0                USB_OTG_CoreInitDev
 .text.USB_OTG_EnableDevInt
                0x08000b34       0x98 ..\obj\usb_core.o
                0x08000b34                USB_OTG_EnableDevInt
 .text.USB_OTG_GetDeviceSpeed
                0x08000bcc       0x48 ..\obj\usb_core.o
                0x08000bcc                USB_OTG_GetDeviceSpeed
 .text.USB_OTG_EP0Activate
                0x08000c14       0x78 ..\obj\usb_core.o
                0x08000c14                USB_OTG_EP0Activate
 .text.USB_OTG_EPActivate
                0x08000c8c       0xdc ..\obj\usb_core.o
                0x08000c8c                USB_OTG_EPActivate
 .text.USB_OTG_EPDeactivate
                0x08000d68       0x8c ..\obj\usb_core.o
                0x08000d68                USB_OTG_EPDeactivate
 .text.USB_OTG_EPStartXfer
                0x08000df4      0x280 ..\obj\usb_core.o
                0x08000df4                USB_OTG_EPStartXfer
 .text.USB_OTG_EP0StartXfer
                0x08001074      0x1d4 ..\obj\usb_core.o
                0x08001074                USB_OTG_EP0StartXfer
 .text.USB_OTG_EPSetStall
                0x08001248       0x88 ..\obj\usb_core.o
                0x08001248                USB_OTG_EPSetStall
 .text.USB_OTG_EPClearStall
                0x080012d0       0x78 ..\obj\usb_core.o
                0x080012d0                USB_OTG_EPClearStall
 .text.USB_OTG_ReadDevAllOutEp_itr
                0x08001348       0x2c ..\obj\usb_core.o
                0x08001348                USB_OTG_ReadDevAllOutEp_itr
 .text.USB_OTG_ReadDevOutEP_itr
                0x08001374       0x38 ..\obj\usb_core.o
                0x08001374                USB_OTG_ReadDevOutEP_itr
 .text.USB_OTG_ReadDevAllInEPItr
                0x080013ac       0x2c ..\obj\usb_core.o
                0x080013ac                USB_OTG_ReadDevAllInEPItr
 .text.USB_OTG_EP0_OutStart
                0x080013d8       0x70 ..\obj\usb_core.o
                0x080013d8                USB_OTG_EP0_OutStart
 .text.USB_OTG_UngateClock
                0x08001448       0x54 ..\obj\usb_core.o
                0x08001448                USB_OTG_UngateClock
 .text.ENTER_CRITICAL_SECTION
                0x0800149c        0xc ..\obj\mbport.o
                0x0800149c                ENTER_CRITICAL_SECTION
 .text.EXIT_CRITICAL_SECTION
                0x080014a8        0xc ..\obj\mbport.o
                0x080014a8                EXIT_CRITICAL_SECTION
 .text.eMBRegInputCB
                0x080014b4      0x288 ..\obj\mbport.o
                0x080014b4                eMBRegInputCB
 .text.eMBRegHoldingCB
                0x0800173c     0x273c ..\obj\mbport.o
                0x0800173c                eMBRegHoldingCB
 .text.eMBRegCoilsCB
                0x08003e78       0x28 ..\obj\mbport.o
                0x08003e78                eMBRegCoilsCB
 .text.eMBRegDiscreteCB
                0x08003ea0       0x20 ..\obj\mbport.o
                0x08003ea0                eMBRegDiscreteCB
 .text.eMBFileCB
                0x08003ec0      0x138 ..\obj\mbport.o
                0x08003ec0                eMBFileCB
 .text.Calc_Init
                0x08003ff8       0x5c ..\obj\calc.o
                0x08003ff8                Calc_Init
 *fill*         0x08004054        0x4 
 .text.Calc_Task
                0x08004058      0x1a8 ..\obj\calc.o
 .text.eMBInit  0x08004200       0xfc ..\obj\mb.o
                0x08004200                eMBInit
 .text.eMBEnable
                0x080042fc       0x44 ..\obj\mb.o
                0x080042fc                eMBEnable
 .text.eMBPoll  0x08004340      0x184 ..\obj\mb.o
                0x08004340                eMBPoll
 .text.SDIO_ITConfig
                0x080044c4       0x3c ..\obj\stm32f4xx_sdio.o
                0x080044c4                SDIO_ITConfig
 .text.SDIO_GetITStatus
                0x08004500       0x34 ..\obj\stm32f4xx_sdio.o
                0x08004500                SDIO_GetITStatus
 .text.SDIO_ClearITPendingBit
                0x08004534       0x1c ..\obj\stm32f4xx_sdio.o
                0x08004534                SDIO_ClearITPendingBit
 .text.Protocol_Init
                0x08004550       0xfc ..\obj\protocol.o
                0x08004550                Protocol_Init
 .text.Modbus_RS485_Task
                0x0800464c       0x30 ..\obj\protocol.o
 .text.Modbus_RS232_Task
                0x0800467c       0x30 ..\obj\protocol.o
 .text.Modbus_USB_CDC_Task
                0x080046ac       0x30 ..\obj\protocol.o
 .text.eMBFuncReadDiscreteInputs
                0x080046dc      0x104 ..\obj\mbfuncdisc.o
                0x080046dc                eMBFuncReadDiscreteInputs
 .text.USBD_USR_Init
                0x080047e0        0xc ..\obj\usbd_usr.o
                0x080047e0                USBD_USR_Init
 .text.USBD_USR_DeviceReset
                0x080047ec       0x14 ..\obj\usbd_usr.o
                0x080047ec                USBD_USR_DeviceReset
 .text.USBD_USR_DeviceConfigured
                0x08004800        0xc ..\obj\usbd_usr.o
                0x08004800                USBD_USR_DeviceConfigured
 .text.USBD_USR_DeviceSuspended
                0x0800480c        0xc ..\obj\usbd_usr.o
                0x0800480c                USBD_USR_DeviceSuspended
 .text.USBD_USR_DeviceResumed
                0x08004818        0xc ..\obj\usbd_usr.o
                0x08004818                USBD_USR_DeviceResumed
 .text.xMBPortEventInit
                0x08004824       0x1c ..\obj\portevent.o
                0x08004824                xMBPortEventInit
 .text.xMBPortEventPost
                0x08004840       0x28 ..\obj\portevent.o
                0x08004840                xMBPortEventPost
 .text.xMBPortEventGet
                0x08004868       0x58 ..\obj\portevent.o
                0x08004868                xMBPortEventGet
 .text.eMBFuncReportSlaveID
                0x080048c0       0x3c ..\obj\mbfuncother.o
                0x080048c0                eMBFuncReportSlaveID
 .text.USART_Init
                0x080048fc      0x178 ..\obj\stm32f4xx_usart.o
                0x080048fc                USART_Init
 .text.USART_Cmd
                0x08004a74       0x40 ..\obj\stm32f4xx_usart.o
                0x08004a74                USART_Cmd
 .text.USART_SendData
                0x08004ab4       0x24 ..\obj\stm32f4xx_usart.o
                0x08004ab4                USART_SendData
 .text.USART_ReceiveData
                0x08004ad8       0x20 ..\obj\stm32f4xx_usart.o
                0x08004ad8                USART_ReceiveData
 .text.USART_ITConfig
                0x08004af8       0x90 ..\obj\stm32f4xx_usart.o
                0x08004af8                USART_ITConfig
 .text.USART_GetFlagStatus
                0x08004b88       0x38 ..\obj\stm32f4xx_usart.o
                0x08004b88                USART_GetFlagStatus
 .text.USART_ClearFlag
                0x08004bc0       0x20 ..\obj\stm32f4xx_usart.o
                0x08004bc0                USART_ClearFlag
 .text.USART_GetITStatus
                0x08004be0       0xb8 ..\obj\stm32f4xx_usart.o
                0x08004be0                USART_GetITStatus
 .text.PWR_BackupAccessCmd
                0x08004c98       0x20 ..\obj\stm32f4xx_pwr.o
                0x08004c98                PWR_BackupAccessCmd
 .text.PWR_PVDLevelConfig
                0x08004cb8       0x38 ..\obj\stm32f4xx_pwr.o
                0x08004cb8                PWR_PVDLevelConfig
 .text.PWR_PVDCmd
                0x08004cf0       0x20 ..\obj\stm32f4xx_pwr.o
                0x08004cf0                PWR_PVDCmd
 .text.RTC_Clock_Init
                0x08004d10       0x78 ..\obj\rtc.o
                0x08004d10                RTC_Clock_Init
 .text.SD_ProcessIRQSrc
                0x08004d88       0xc8 ..\obj\sdio_sd.o
                0x08004d88                SD_ProcessIRQSrc
 .text.SD_ProcessDMAIRQ
                0x08004e50       0x30 ..\obj\sdio_sd.o
                0x08004e50                SD_ProcessDMAIRQ
 .text.prveMBError2Exception
                0x08004e80       0x40 ..\obj\mbutils.o
                0x08004e80                prveMBError2Exception
 .text.SDIO_IRQHandler
                0x08004ec0        0xc ..\obj\diskio.o
                0x08004ec0                SDIO_IRQHandler
 .text.DMA2_Stream3_IRQHandler
                0x08004ecc        0xc ..\obj\diskio.o
                0x08004ecc                DMA2_Stream3_IRQHandler
 .text.Default_Reset_Handler
                0x08004ed8       0x68 ..\obj\startup_stm32f4xx.o
                0x08004ed8                Default_Reset_Handler
                0x08004ed8                Reset_Handler
 .text.Default_Handler
                0x08004f40        0x8 ..\obj\startup_stm32f4xx.o
                0x08004f40                RTC_Alarm_IRQHandler
                0x08004f40                HASH_RNG_IRQHandler
                0x08004f40                EXTI2_IRQHandler
                0x08004f40                TIM8_CC_IRQHandler
                0x08004f40                DebugMon_Handler
                0x08004f40                TIM1_CC_IRQHandler
                0x08004f40                DMA2_Stream5_IRQHandler
                0x08004f40                HardFault_Handler
                0x08004f40                DMA1_Stream5_IRQHandler
                0x08004f40                TAMP_STAMP_IRQHandler
                0x08004f40                NMI_Handler
                0x08004f40                CAN2_RX1_IRQHandler
                0x08004f40                EXTI3_IRQHandler
                0x08004f40                TIM8_TRG_COM_TIM14_IRQHandler
                0x08004f40                TIM8_UP_TIM13_IRQHandler
                0x08004f40                I2C3_ER_IRQHandler
                0x08004f40                EXTI0_IRQHandler
                0x08004f40                I2C2_EV_IRQHandler
                0x08004f40                DMA1_Stream2_IRQHandler
                0x08004f40                CAN1_RX0_IRQHandler
                0x08004f40                FPU_IRQHandler
                0x08004f40                OTG_HS_WKUP_IRQHandler
                0x08004f40                UsageFault_Handler
                0x08004f40                CAN2_SCE_IRQHandler
                0x08004f40                DMA2_Stream2_IRQHandler
                0x08004f40                SPI1_IRQHandler
                0x08004f40                TIM6_DAC_IRQHandler
                0x08004f40                TIM1_BRK_TIM9_IRQHandler
                0x08004f40                DCMI_IRQHandler
                0x08004f40                CAN2_RX0_IRQHandler
                0x08004f40                CRYP_IRQHandler
                0x08004f40                CAN1_RX1_IRQHandler
                0x08004f40                UART5_IRQHandler
                0x08004f40                DMA2_Stream0_IRQHandler
                0x08004f40                I2C1_EV_IRQHandler
                0x08004f40                DMA1_Stream6_IRQHandler
                0x08004f40                DMA1_Stream1_IRQHandler
                0x08004f40                UART4_IRQHandler
                0x08004f40                TIM3_IRQHandler
                0x08004f40                RCC_IRQHandler
                0x08004f40                TIM8_BRK_TIM12_IRQHandler
                0x08004f40                EXTI15_10_IRQHandler
                0x08004f40                ADC_IRQHandler
                0x08004f40                DMA1_Stream7_IRQHandler
                0x08004f40                TIM7_IRQHandler
                0x08004f40                CAN2_TX_IRQHandler
                0x08004f40                DMA2_Stream7_IRQHandler
                0x08004f40                I2C3_EV_IRQHandler
                0x08004f40                EXTI9_5_IRQHandler
                0x08004f40                RTC_WKUP_IRQHandler
                0x08004f40                ETH_WKUP_IRQHandler
                0x08004f40                SPI2_IRQHandler
                0x08004f40                OTG_HS_EP1_IN_IRQHandler
                0x08004f40                MemManage_Handler
                0x08004f40                DMA1_Stream0_IRQHandler
                0x08004f40                CAN1_TX_IRQHandler
                0x08004f40                EXTI4_IRQHandler
                0x08004f40                FSMC_IRQHandler
                0x08004f40                ETH_IRQHandler
                0x08004f40                OTG_HS_EP1_OUT_IRQHandler
                0x08004f40                WWDG_IRQHandler
                0x08004f40                TIM1_TRG_COM_TIM11_IRQHandler
                0x08004f40                OTG_HS_IRQHandler
                0x08004f40                EXTI1_IRQHandler
                0x08004f40                USART2_IRQHandler
                0x08004f40                I2C2_ER_IRQHandler
                0x08004f40                DMA2_Stream1_IRQHandler
                0x08004f40                CAN1_SCE_IRQHandler
                0x08004f40                FLASH_IRQHandler
                0x08004f40                DMA2_Stream4_IRQHandler
                0x08004f40                BusFault_Handler
                0x08004f40                USART1_IRQHandler
                0x08004f40                SPI3_IRQHandler
                0x08004f40                DMA1_Stream4_IRQHandler
                0x08004f40                I2C1_ER_IRQHandler
                0x08004f40                DMA2_Stream6_IRQHandler
                0x08004f40                DMA1_Stream3_IRQHandler
 .text.IWDG_WriteAccessCmd
                0x08004f48       0x20 ..\obj\stm32f4xx_iwdg.o
                0x08004f48                IWDG_WriteAccessCmd
 .text.IWDG_SetPrescaler
                0x08004f68       0x20 ..\obj\stm32f4xx_iwdg.o
                0x08004f68                IWDG_SetPrescaler
 .text.IWDG_SetReload
                0x08004f88       0x20 ..\obj\stm32f4xx_iwdg.o
                0x08004f88                IWDG_SetReload
 .text.IWDG_ReloadCounter
                0x08004fa8       0x18 ..\obj\stm32f4xx_iwdg.o
                0x08004fa8                IWDG_ReloadCounter
 .text.IWDG_Enable
                0x08004fc0       0x18 ..\obj\stm32f4xx_iwdg.o
                0x08004fc0                IWDG_Enable
 .text.eMBFuncWriteHoldingRegister
                0x08004fd8       0x70 ..\obj\mbfuncholding.o
                0x08004fd8                eMBFuncWriteHoldingRegister
 .text.eMBFuncWriteMultipleHoldingRegister
                0x08005048       0xbc ..\obj\mbfuncholding.o
                0x08005048                eMBFuncWriteMultipleHoldingRegister
 .text.eMBFuncReadHoldingRegister
                0x08005104       0xe4 ..\obj\mbfuncholding.o
                0x08005104                eMBFuncReadHoldingRegister
 .text.eMBFuncReadWriteMultipleHoldingRegister
                0x080051e8      0x160 ..\obj\mbfuncholding.o
                0x080051e8                eMBFuncReadWriteMultipleHoldingRegister
 .text.USBD_Init
                0x08005348       0x54 ..\obj\usbd_core.o
                0x08005348                USBD_Init
 .text.USBD_DeInit
                0x0800539c       0x18 ..\obj\usbd_core.o
                0x0800539c                USBD_DeInit
 .text.USBD_SetupStage
                0x080053b4       0x6c ..\obj\usbd_core.o
 .text.USBD_DataOutStage
                0x08005420       0xcc ..\obj\usbd_core.o
 .text.USBD_DataInStage
                0x080054ec      0x104 ..\obj\usbd_core.o
 .text.USBD_Reset
                0x080055f0       0x44 ..\obj\usbd_core.o
 .text.USBD_Resume
                0x08005634       0x24 ..\obj\usbd_core.o
 .text.USBD_Suspend
                0x08005658       0x24 ..\obj\usbd_core.o
 .text.USBD_SOF
                0x0800567c       0x2c ..\obj\usbd_core.o
 .text.USBD_SetCfg
                0x080056a8       0x30 ..\obj\usbd_core.o
                0x080056a8                USBD_SetCfg
 .text.USBD_ClrCfg
                0x080056d8       0x28 ..\obj\usbd_core.o
                0x080056d8                USBD_ClrCfg
 .text.USBD_IsoINIncomplete
                0x08005700       0x20 ..\obj\usbd_core.o
 .text.USBD_IsoOUTIncomplete
                0x08005720       0x20 ..\obj\usbd_core.o
 .text.main     0x08005740       0x14 ..\obj\main.o
                0x08005740                main
 .text.vApplicationTickHook
                0x08005754       0x24 ..\obj\main.o
                0x08005754                vApplicationTickHook
 .text.vApplicationMallocFailedHook
                0x08005778        0x8 ..\obj\main.o
                0x08005778                vApplicationMallocFailedHook
 .text.vApplicationStackOverflowHook
                0x08005780        0xc ..\obj\main.o
                0x08005780                vApplicationStackOverflowHook
 .text.vApplicationIdleHook
                0x0800578c       0x18 ..\obj\main.o
                0x0800578c                vApplicationIdleHook
 .text.usMBCRC16
                0x080057a4       0x6c ..\obj\mbcrc.o
                0x080057a4                usMBCRC16
 .text.RCC_LSEConfig
                0x08005810       0x40 ..\obj\stm32f4xx_rcc.o
                0x08005810                RCC_LSEConfig
 .text.RCC_GetClocksFreq
                0x08005850      0x154 ..\obj\stm32f4xx_rcc.o
                0x08005850                RCC_GetClocksFreq
 .text.RCC_RTCCLKConfig
                0x080059a4       0x5c ..\obj\stm32f4xx_rcc.o
                0x080059a4                RCC_RTCCLKConfig
 .text.RCC_RTCCLKCmd
                0x08005a00       0x20 ..\obj\stm32f4xx_rcc.o
                0x08005a00                RCC_RTCCLKCmd
 .text.RCC_AHB1PeriphClockCmd
                0x08005a20       0x3c ..\obj\stm32f4xx_rcc.o
                0x08005a20                RCC_AHB1PeriphClockCmd
 .text.RCC_AHB2PeriphClockCmd
                0x08005a5c       0x3c ..\obj\stm32f4xx_rcc.o
                0x08005a5c                RCC_AHB2PeriphClockCmd
 .text.RCC_APB1PeriphClockCmd
                0x08005a98       0x3c ..\obj\stm32f4xx_rcc.o
                0x08005a98                RCC_APB1PeriphClockCmd
 .text.RCC_APB2PeriphClockCmd
                0x08005ad4       0x3c ..\obj\stm32f4xx_rcc.o
                0x08005ad4                RCC_APB2PeriphClockCmd
 .text.RCC_APB1PeriphResetCmd
                0x08005b10       0x3c ..\obj\stm32f4xx_rcc.o
                0x08005b10                RCC_APB1PeriphResetCmd
 .text.RCC_GetFlagStatus
                0x08005b4c       0x74 ..\obj\stm32f4xx_rcc.o
                0x08005b4c                RCC_GetFlagStatus
 .text.eMBFuncReadFile
                0x08005bc0      0x204 ..\obj\mbfuncfile.o
                0x08005bc0                eMBFuncReadFile
 .text.xTimerCreateTimerTask
                0x08005dc4       0x68 ..\obj\timers.o
                0x08005dc4                xTimerCreateTimerTask
 .text.xTimerGenericCommand
                0x08005e2c       0xa4 ..\obj\timers.o
                0x08005e2c                xTimerGenericCommand
 .text.prvProcessExpiredTimer
                0x08005ed0       0x80 ..\obj\timers.o
 .text.prvTimerTask
                0x08005f50       0x24 ..\obj\timers.o
 .text.prvProcessTimerOrBlockTask
                0x08005f74       0x9c ..\obj\timers.o
 .text.prvGetNextExpireTime
                0x08006010       0x48 ..\obj\timers.o
 .text.prvSampleTimeNow
                0x08006058       0x40 ..\obj\timers.o
 .text.prvInsertTimerInActiveList
                0x08006098       0x84 ..\obj\timers.o
 .text.prvProcessReceivedCommands
                0x0800611c      0x12c ..\obj\timers.o
 .text.prvSwitchTimerLists
                0x08006248       0xc0 ..\obj\timers.o
 .text.prvCheckForValidListAndQueue
                0x08006308       0x8c ..\obj\timers.o
 .text.Log_Read_LogEntry
                0x08006394       0x48 ..\obj\log.o
                0x08006394                Log_Read_LogEntry
 .text.eMBFuncReadInputRegister
                0x080063dc       0xe8 ..\obj\mbfuncinput.o
                0x080063dc                eMBFuncReadInputRegister
 .text.Watchdog_Init
                0x080064c4       0x70 ..\obj\watchdog.o
                0x080064c4                Watchdog_Init
 .text.Watchdog_SetTaskStatus
                0x08006534       0x30 ..\obj\watchdog.o
                0x08006534                Watchdog_SetTaskStatus
 .text.Watchdog_IncrementCouter
                0x08006564       0x30 ..\obj\watchdog.o
                0x08006564                Watchdog_IncrementCouter
 .text.Watchdog_Task
                0x08006594       0x74 ..\obj\watchdog.o
 .text.xTaskGenericCreate
                0x08006608      0x1a4 ..\obj\tasks.o
                0x08006608                xTaskGenericCreate
 .text.vTaskDelayUntil
                0x080067ac      0x11c ..\obj\tasks.o
                0x080067ac                vTaskDelayUntil
 .text.vTaskDelay
                0x080068c8       0xa4 ..\obj\tasks.o
                0x080068c8                vTaskDelay
 .text.vTaskStartScheduler
                0x0800696c       0x98 ..\obj\tasks.o
                0x0800696c                vTaskStartScheduler
 .text.vTaskSuspendAll
                0x08006a04       0x1c ..\obj\tasks.o
                0x08006a04                vTaskSuspendAll
 .text.xTaskResumeAll
                0x08006a20      0x12c ..\obj\tasks.o
                0x08006a20                xTaskResumeAll
 .text.xTaskGetTickCount
                0x08006b4c       0x20 ..\obj\tasks.o
                0x08006b4c                xTaskGetTickCount
 .text.xTaskIncrementTick
                0x08006b6c      0x190 ..\obj\tasks.o
                0x08006b6c                xTaskIncrementTick
 .text.vTaskSwitchContext
                0x08006cfc       0xfc ..\obj\tasks.o
                0x08006cfc                vTaskSwitchContext
 .text.vTaskPlaceOnEventList
                0x08006df8       0x9c ..\obj\tasks.o
                0x08006df8                vTaskPlaceOnEventList
 .text.vTaskPlaceOnEventListRestricted
                0x08006e94       0x9c ..\obj\tasks.o
                0x08006e94                vTaskPlaceOnEventListRestricted
 .text.xTaskRemoveFromEventList
                0x08006f30       0xc8 ..\obj\tasks.o
                0x08006f30                xTaskRemoveFromEventList
 .text.vTaskSetTimeOutState
                0x08006ff8       0x44 ..\obj\tasks.o
                0x08006ff8                vTaskSetTimeOutState
 .text.xTaskCheckForTimeOut
                0x0800703c       0xbc ..\obj\tasks.o
                0x0800703c                xTaskCheckForTimeOut
 .text.vTaskMissedYield
                0x080070f8       0x18 ..\obj\tasks.o
                0x080070f8                vTaskMissedYield
 .text.prvIdleTask
                0x08007110       0x34 ..\obj\tasks.o
 .text.prvInitialiseTCBVariables
                0x08007144       0xa4 ..\obj\tasks.o
 .text.prvInitialiseTaskLists
                0x080071e8       0x7c ..\obj\tasks.o
 .text.prvCheckTasksWaitingTermination
                0x08007264       0x74 ..\obj\tasks.o
 .text.prvAddCurrentTaskToDelayedList
                0x080072d8       0x6c ..\obj\tasks.o
 .text.prvAllocateTCBAndStack
                0x08007344       0x70 ..\obj\tasks.o
 .text.prvDeleteTCB
                0x080073b4       0x20 ..\obj\tasks.o
 .text.prvResetNextTaskUnblockTime
                0x080073d4       0x48 ..\obj\tasks.o
 .text.xTaskGetSchedulerState
                0x0800741c       0x3c ..\obj\tasks.o
                0x0800741c                xTaskGetSchedulerState
 .text.vTaskPriorityInherit
                0x08007458       0xf0 ..\obj\tasks.o
                0x08007458                vTaskPriorityInherit
 .text.xTaskPriorityDisinherit
                0x08007548      0x10c ..\obj\tasks.o
                0x08007548                xTaskPriorityDisinherit
 .text.pvTaskIncrementMutexHeldCount
                0x08007654       0x28 ..\obj\tasks.o
                0x08007654                pvTaskIncrementMutexHeldCount
 .text.USBD_USR_DeviceDescriptor
                0x0800767c       0x24 ..\obj\usbd_desc.o
                0x0800767c                USBD_USR_DeviceDescriptor
 .text.USBD_USR_LangIDStrDescriptor
                0x080076a0       0x24 ..\obj\usbd_desc.o
                0x080076a0                USBD_USR_LangIDStrDescriptor
 .text.USBD_USR_ProductStrDescriptor
                0x080076c4       0x40 ..\obj\usbd_desc.o
                0x080076c4                USBD_USR_ProductStrDescriptor
 .text.USBD_USR_ManufacturerStrDescriptor
                0x08007704       0x28 ..\obj\usbd_desc.o
                0x08007704                USBD_USR_ManufacturerStrDescriptor
 .text.USBD_USR_SerialStrDescriptor
                0x0800772c       0x40 ..\obj\usbd_desc.o
                0x0800772c                USBD_USR_SerialStrDescriptor
 .text.USBD_USR_ConfigStrDescriptor
                0x0800776c       0x3c ..\obj\usbd_desc.o
                0x0800776c                USBD_USR_ConfigStrDescriptor
 .text.USBD_USR_InterfaceStrDescriptor
                0x080077a8       0x3c ..\obj\usbd_desc.o
                0x080077a8                USBD_USR_InterfaceStrDescriptor
 .text.FRAM_I2C_Init
                0x080077e4       0xa8 ..\obj\fram_i2c.o
                0x080077e4                FRAM_I2C_Init
 .text.FRAM_I2C_Reset
                0x0800788c      0x144 ..\obj\fram_i2c.o
                0x0800788c                FRAM_I2C_Reset
 .text.FRAM_I2C_Read_Buffer
                0x080079d0      0x508 ..\obj\fram_i2c.o
                0x080079d0                FRAM_I2C_Read_Buffer
 .text.FRAM_I2C_Write_Buffer
                0x08007ed8      0x1f4 ..\obj\fram_i2c.o
                0x08007ed8                FRAM_I2C_Write_Buffer
 .text.FRAM_Read_Settings
                0x080080cc       0x8c ..\obj\fram_i2c.o
                0x080080cc                FRAM_Read_Settings
 .text.FRAM_Write_Settings
                0x08008158       0x60 ..\obj\fram_i2c.o
                0x08008158                FRAM_Write_Settings
 .text.GPIO_Init
                0x080081b8      0x11c ..\obj\stm32f4xx_gpio.o
                0x080081b8                GPIO_Init
 .text.GPIO_ReadInputDataBit
                0x080082d4       0x34 ..\obj\stm32f4xx_gpio.o
                0x080082d4                GPIO_ReadInputDataBit
 .text.GPIO_PinAFConfig
                0x08008308       0x90 ..\obj\stm32f4xx_gpio.o
                0x08008308                GPIO_PinAFConfig
 .text.RS485TimersInit
                0x08008398       0xa0 ..\obj\porttimer.o
                0x08008398                RS485TimersInit
 .text.RS485TimersEnable
                0x08008438       0x2c ..\obj\porttimer.o
                0x08008438                RS485TimersEnable
 .text.RS485TimersDisable
                0x08008464       0x2c ..\obj\porttimer.o
                0x08008464                RS485TimersDisable
 .text.TIM4_IRQHandler
                0x08008490       0x34 ..\obj\porttimer.o
                0x08008490                TIM4_IRQHandler
 .text.RS485TimerContextInit
                0x080084c4       0x50 ..\obj\porttimer.o
                0x080084c4                RS485TimerContextInit
 .text.RS232TimersInit
                0x08008514       0xa0 ..\obj\porttimer.o
                0x08008514                RS232TimersInit
 .text.RS232TimersEnable
                0x080085b4       0x2c ..\obj\porttimer.o
                0x080085b4                RS232TimersEnable
 .text.RS232TimersDisable
                0x080085e0       0x2c ..\obj\porttimer.o
                0x080085e0                RS232TimersDisable
 .text.TIM5_IRQHandler
                0x0800860c       0x34 ..\obj\porttimer.o
                0x0800860c                TIM5_IRQHandler
 .text.RS232TimerContextInit
                0x08008640       0x50 ..\obj\porttimer.o
                0x08008640                RS232TimerContextInit
 .text.USB_CDC_TimersInit
                0x08008690       0xa0 ..\obj\porttimer.o
                0x08008690                USB_CDC_TimersInit
 .text.USB_CDC_TimersEnable
                0x08008730       0x2c ..\obj\porttimer.o
                0x08008730                USB_CDC_TimersEnable
 .text.USB_CDC_TimersDisable
                0x0800875c       0x2c ..\obj\porttimer.o
                0x0800875c                USB_CDC_TimersDisable
 .text.TIM1_UP_TIM10_IRQHandler
                0x08008788       0x34 ..\obj\porttimer.o
                0x08008788                TIM1_UP_TIM10_IRQHandler
 .text.USB_CDC_TimerContextInit
                0x080087bc       0x50 ..\obj\porttimer.o
                0x080087bc                USB_CDC_TimerContextInit
 .text.VCP_Init
                0x0800880c       0x10 ..\obj\usbd_cdc_vcp.o
 .text.VCP_DeInit
                0x0800881c       0x10 ..\obj\usbd_cdc_vcp.o
 .text.VCP_Ctrl
                0x0800882c       0xb8 ..\obj\usbd_cdc_vcp.o
 .text.VCP_DataTx
                0x080088e4       0x60 ..\obj\usbd_cdc_vcp.o
                0x080088e4                VCP_DataTx
 .text.VCP_DataRx
                0x08008944       0x70 ..\obj\usbd_cdc_vcp.o
                0x08008944                VCP_DataRx
 .text.VCP_get_char
                0x080089b4       0x58 ..\obj\usbd_cdc_vcp.o
                0x080089b4                VCP_get_char
 .text.vListInitialise
                0x08008a0c       0x40 ..\obj\list.o
                0x08008a0c                vListInitialise
 .text.vListInitialiseItem
                0x08008a4c       0x18 ..\obj\list.o
                0x08008a4c                vListInitialiseItem
 .text.vListInsertEnd
                0x08008a64       0x48 ..\obj\list.o
                0x08008a64                vListInsertEnd
 .text.vListInsert
                0x08008aac       0x70 ..\obj\list.o
                0x08008aac                vListInsert
 .text.uxListRemove
                0x08008b1c       0x54 ..\obj\list.o
                0x08008b1c                uxListRemove
 .text.eMBRTUInit
                0x08008b70       0x80 ..\obj\mbrtu.o
                0x08008b70                eMBRTUInit
 .text.eMBRTUStart
                0x08008bf0       0x30 ..\obj\mbrtu.o
                0x08008bf0                eMBRTUStart
 .text.eMBRTUStop
                0x08008c20       0x28 ..\obj\mbrtu.o
                0x08008c20                eMBRTUStop
 .text.eMBRTUReceive
                0x08008c48       0x7c ..\obj\mbrtu.o
                0x08008c48                eMBRTUReceive
 .text.eMBRTUSend
                0x08008cc4       0xd0 ..\obj\mbrtu.o
                0x08008cc4                eMBRTUSend
 .text.xMBRTUReceiveFSM
                0x08008d94       0xc0 ..\obj\mbrtu.o
                0x08008d94                xMBRTUReceiveFSM
 .text.xMBRTUTransmitFSM
                0x08008e54       0x9c ..\obj\mbrtu.o
                0x08008e54                xMBRTUTransmitFSM
 .text.xMBRTUTimerT35Expired
                0x08008ef0       0x58 ..\obj\mbrtu.o
                0x08008ef0                xMBRTUTimerT35Expired
 .text.SystemInit
                0x08008f48       0x68 ..\obj\system_stm32f4xx.o
                0x08008f48                SystemInit
 .text.SetSysClock
                0x08008fb0       0xf4 ..\obj\system_stm32f4xx.o
 .text.DMA_ClearFlag
                0x080090a4       0x5c ..\obj\stm32f4xx_dma.o
                0x080090a4                DMA_ClearFlag
 .text.USB_OTG_BSP_Init
                0x08009100       0xa0 ..\obj\usb_bsp.o
                0x08009100                USB_OTG_BSP_Init
 .text.USB_OTG_BSP_EnableInterrupt
                0x080091a0       0x30 ..\obj\usb_bsp.o
                0x080091a0                USB_OTG_BSP_EnableInterrupt
 .text.USB_OTG_BSP_uDelay
                0x080091d0       0x48 ..\obj\usb_bsp.o
                0x080091d0                USB_OTG_BSP_uDelay
 .text.USB_OTG_BSP_mDelay
                0x08009218       0x20 ..\obj\usb_bsp.o
                0x08009218                USB_OTG_BSP_mDelay
 .text.OTG_FS_WKUP_IRQHandler
                0x08009238       0x34 ..\obj\usb_bsp.o
                0x08009238                OTG_FS_WKUP_IRQHandler
 .text.OTG_FS_IRQHandler
                0x0800926c       0x10 ..\obj\usb_bsp.o
                0x0800926c                OTG_FS_IRQHandler
 .text.USBD_StdDevReq
                0x0800927c       0xa0 ..\obj\usbd_req.o
                0x0800927c                USBD_StdDevReq
 .text.USBD_StdItfReq
                0x0800931c       0x68 ..\obj\usbd_req.o
                0x0800931c                USBD_StdItfReq
 .text.USBD_StdEPReq
                0x08009384      0x1b0 ..\obj\usbd_req.o
                0x08009384                USBD_StdEPReq
 .text.USBD_GetDescriptor
                0x08009534      0x1b8 ..\obj\usbd_req.o
 .text.USBD_SetAddress
                0x080096ec       0x7c ..\obj\usbd_req.o
 .text.USBD_SetConfig
                0x08009768       0xf4 ..\obj\usbd_req.o
 .text.USBD_GetConfig
                0x0800985c       0x60 ..\obj\usbd_req.o
 .text.USBD_GetStatus
                0x080098bc       0x50 ..\obj\usbd_req.o
 .text.USBD_SetFeature
                0x0800990c       0xcc ..\obj\usbd_req.o
 .text.USBD_ClrFeature
                0x080099d8       0x50 ..\obj\usbd_req.o
 .text.USBD_ParseSetupRequest
                0x08009a28       0x90 ..\obj\usbd_req.o
                0x08009a28                USBD_ParseSetupRequest
 .text.USBD_CtlError
                0x08009ab8       0x48 ..\obj\usbd_req.o
                0x08009ab8                USBD_CtlError
 .text.USBD_GetString
                0x08009b00       0x84 ..\obj\usbd_req.o
                0x08009b00                USBD_GetString
 .text.USBD_GetLen
                0x08009b84       0x30 ..\obj\usbd_req.o
 .text.pxPortInitialiseStack
                0x08009bb4       0x64 ..\obj\port.o
                0x08009bb4                pxPortInitialiseStack
 .text.prvTaskExitError
                0x08009c18       0x3c ..\obj\port.o
 .text.SVC_Handler
                0x08009c54       0x20 ..\obj\port.o
                0x08009c54                SVC_Handler
 .text.prvPortStartFirstTask
                0x08009c74       0x20 ..\obj\port.o
 .text.xPortStartScheduler
                0x08009c94      0x118 ..\obj\port.o
                0x08009c94                xPortStartScheduler
 .text.vPortEnterCritical
                0x08009dac       0x5c ..\obj\port.o
                0x08009dac                vPortEnterCritical
 .text.vPortExitCritical
                0x08009e08       0x4c ..\obj\port.o
                0x08009e08                vPortExitCritical
 .text.PendSV_Handler
                0x08009e54       0x60 ..\obj\port.o
                0x08009e54                PendSV_Handler
 .text.SysTick_Handler
                0x08009eb4       0x44 ..\obj\port.o
                0x08009eb4                SysTick_Handler
 .text.vPortSetupTimerInterrupt
                0x08009ef8       0x24 ..\obj\port.o
                0x08009ef8                vPortSetupTimerInterrupt
 .text.vPortEnableVFP
                0x08009f1c       0x14 ..\obj\port.o
 .text.vPortValidateInterruptPriority
                0x08009f30       0x78 ..\obj\port.o
                0x08009f30                vPortValidateInterruptPriority
 .text.xQueueGenericReset
                0x08009fa8       0xd0 ..\obj\queue.o
                0x08009fa8                xQueueGenericReset
 .text.xQueueGenericCreate
                0x0800a078       0xb4 ..\obj\queue.o
                0x0800a078                xQueueGenericCreate
 .text.xQueueCreateMutex
                0x0800a12c       0x84 ..\obj\queue.o
                0x0800a12c                xQueueCreateMutex
 .text.xQueueGenericSend
                0x0800a1b0      0x1ec ..\obj\queue.o
                0x0800a1b0                xQueueGenericSend
 .text.xQueueGenericSendFromISR
                0x0800a39c      0x118 ..\obj\queue.o
                0x0800a39c                xQueueGenericSendFromISR
 .text.xQueueGiveFromISR
                0x0800a4b4      0x100 ..\obj\queue.o
                0x0800a4b4                xQueueGiveFromISR
 .text.xQueueGenericReceive
                0x0800a5b4      0x20c ..\obj\queue.o
                0x0800a5b4                xQueueGenericReceive
 .text.prvCopyDataToQueue
                0x0800a7c0       0xdc ..\obj\queue.o
 .text.prvCopyDataFromQueue
                0x0800a89c       0x4c ..\obj\queue.o
 .text.prvUnlockQueue
                0x0800a8e8       0x98 ..\obj\queue.o
 .text.prvIsQueueEmpty
                0x0800a980       0x2c ..\obj\queue.o
 .text.prvIsQueueFull
                0x0800a9ac       0x30 ..\obj\queue.o
 .text.vQueueAddToRegistry
                0x0800a9dc       0x50 ..\obj\queue.o
                0x0800a9dc                vQueueAddToRegistry
 .text.vQueueWaitForMessageRestricted
                0x0800aa2c       0x5c ..\obj\queue.o
                0x0800aa2c                vQueueWaitForMessageRestricted
 .text.USBD_OTG_ISR_Handler
                0x0800aa88      0x15c ..\obj\usb_dcd_int.o
                0x0800aa88                USBD_OTG_ISR_Handler
 .text.DCD_HandleResume_ISR
                0x0800abe4       0x80 ..\obj\usb_dcd_int.o
 .text.DCD_HandleUSBSuspend_ISR
                0x0800ac64       0x9c ..\obj\usb_dcd_int.o
 .text.DCD_HandleInEP_ISR
                0x0800ad00      0x1ec ..\obj\usb_dcd_int.o
 .text.DCD_HandleOutEP_ISR
                0x0800aeec      0x178 ..\obj\usb_dcd_int.o
 .text.DCD_HandleSof_ISR
                0x0800b064       0x34 ..\obj\usb_dcd_int.o
 .text.DCD_HandleRxStatusQueueLevel_ISR
                0x0800b098      0x104 ..\obj\usb_dcd_int.o
 .text.DCD_WriteEmptyTxFifo
                0x0800b19c      0x110 ..\obj\usb_dcd_int.o
 .text.DCD_HandleUsbReset_ISR
                0x0800b2ac      0x138 ..\obj\usb_dcd_int.o
 .text.DCD_HandleEnumDone_ISR
                0x0800b3e4       0x78 ..\obj\usb_dcd_int.o
 .text.DCD_IsoINIncomplete_ISR
                0x0800b45c       0x34 ..\obj\usb_dcd_int.o
 .text.DCD_IsoOUTIncomplete_ISR
                0x0800b490       0x34 ..\obj\usb_dcd_int.o
 .text.DCD_ReadDevInEP
                0x0800b4c4       0x50 ..\obj\usb_dcd_int.o
 .text.NVIC_EnableIRQ
                0x0800b514       0x30 ..\obj\portserial.o
 .text.RS485SerialEnable
                0x0800b544      0x100 ..\obj\portserial.o
                0x0800b544                RS485SerialEnable
 .text.RS485SerialInit
                0x0800b644      0x118 ..\obj\portserial.o
                0x0800b644                RS485SerialInit
 .text.RS485SerialPutByte
                0x0800b75c       0x38 ..\obj\portserial.o
                0x0800b75c                RS485SerialPutByte
 .text.RS485SerialGetByte
                0x0800b794       0x30 ..\obj\portserial.o
                0x0800b794                RS485SerialGetByte
 .text.USART3_IRQHandler
                0x0800b7c4       0x94 ..\obj\portserial.o
                0x0800b7c4                USART3_IRQHandler
 .text.RS485SerialContextInit
                0x0800b858       0x5c ..\obj\portserial.o
                0x0800b858                RS485SerialContextInit
 .text.RS232SerialEnable
                0x0800b8b4       0x7c ..\obj\portserial.o
                0x0800b8b4                RS232SerialEnable
 .text.RS232SerialInit
                0x0800b930       0xec ..\obj\portserial.o
                0x0800b930                RS232SerialInit
 .text.RS232SerialPutByte
                0x0800ba1c       0x38 ..\obj\portserial.o
                0x0800ba1c                RS232SerialPutByte
 .text.RS232SerialGetByte
                0x0800ba54       0x30 ..\obj\portserial.o
                0x0800ba54                RS232SerialGetByte
 .text.USART6_IRQHandler
                0x0800ba84       0x94 ..\obj\portserial.o
                0x0800ba84                USART6_IRQHandler
 .text.RS232SerialContextInit
                0x0800bb18       0x5c ..\obj\portserial.o
                0x0800bb18                RS232SerialContextInit
 .text.USB_CDC_SerialPutByte
                0x0800bb74       0x30 ..\obj\portserial.o
                0x0800bb74                USB_CDC_SerialPutByte
 .text.USB_CDC_SerialGetByte
                0x0800bba4       0x24 ..\obj\portserial.o
                0x0800bba4                USB_CDC_SerialGetByte
 .text.USB_CDC_SerialInit
                0x0800bbc8       0x78 ..\obj\portserial.o
                0x0800bbc8                USB_CDC_SerialInit
 .text.USB_CDC_SerialEnable
                0x0800bc40       0x40 ..\obj\portserial.o
                0x0800bc40                USB_CDC_SerialEnable
 .text.USB_CDC_SerialContextInit
                0x0800bc80       0x5c ..\obj\portserial.o
                0x0800bc80                USB_CDC_SerialContextInit
 .text.USB_CDC_Task
                0x0800bcdc       0x3c ..\obj\portserial.o
 .text.usbd_cdc_Init
                0x0800bd18       0x9c ..\obj\usbd_cdc_core.o
 .text.usbd_cdc_DeInit
                0x0800bdb4       0x38 ..\obj\usbd_cdc_core.o
 .text.usbd_cdc_Setup
                0x0800bdec      0x124 ..\obj\usbd_cdc_core.o
 .text.usbd_cdc_EP0_RxReady
                0x0800bf10       0x44 ..\obj\usbd_cdc_core.o
 .text.usbd_cdc_DataIn
                0x0800bf54       0xc4 ..\obj\usbd_cdc_core.o
 .text.usbd_cdc_DataOut
                0x0800c018       0x54 ..\obj\usbd_cdc_core.o
 .text.usbd_cdc_SOF
                0x0800c06c       0x30 ..\obj\usbd_cdc_core.o
 .text.Handle_USBAsynchXfer
                0x0800c09c      0x100 ..\obj\usbd_cdc_core.o
 .text.USBD_cdc_GetCfgDesc
                0x0800c19c       0x24 ..\obj\usbd_cdc_core.o
 .text.SPI_Init
                0x0800c1c0       0x88 ..\obj\stm32f4xx_spi.o
                0x0800c1c0                SPI_Init
 .text.SPI_Cmd  0x0800c248       0x40 ..\obj\stm32f4xx_spi.o
                0x0800c248                SPI_Cmd
 .text.SPI_CalculateCRC
                0x0800c288       0x40 ..\obj\stm32f4xx_spi.o
                0x0800c288                SPI_CalculateCRC
 .text.eMBFuncReadCoils
                0x0800c2c8      0x104 ..\obj\mbfunccoils.o
                0x0800c2c8                eMBFuncReadCoils
 .text.eMBFuncWriteCoil
                0x0800c3cc       0xb0 ..\obj\mbfunccoils.o
                0x0800c3cc                eMBFuncWriteCoil
 .text.eMBFuncWriteMultipleCoils
                0x0800c47c       0xd8 ..\obj\mbfunccoils.o
                0x0800c47c                eMBFuncWriteMultipleCoils
 .text.ADS1220_Init
                0x0800c554       0xb4 ..\obj\ADS1220.o
                0x0800c554                ADS1220_Init
 .text.ADC_SPI_config
                0x0800c608       0xf8 ..\obj\ADS1220.o
 .text.ADC_SPI_send
                0x0800c700       0x4c ..\obj\ADS1220.o
                0x0800c700                ADC_SPI_send
 .text.ADC_SPI_read
                0x0800c74c       0x10 ..\obj\ADS1220.o
                0x0800c74c                ADC_SPI_read
 .text.ADC_RTD1_Task
                0x0800c75c      0x2ac ..\obj\ADS1220.o
 .text.ADC_RTD2_Task
                0x0800ca08      0x2ac ..\obj\ADS1220.o
 .text.ADC_Current1_Task
                0x0800ccb4      0x394 ..\obj\ADS1220.o
 .text.ADC_Current2_Task
                0x0800d048      0x3a4 ..\obj\ADS1220.o
 *fill*         0x0800d3ec        0x4 
 .text.PT100_Code_To_Temperature
                0x0800d3f0      0x13c ..\obj\ADS1220.o
                0x0800d3f0                PT100_Code_To_Temperature
 .text.Code_To_Current
                0x0800d52c      0x10c ..\obj\ADS1220.o
                0x0800d52c                Code_To_Current
 .text.Current_to_Value
                0x0800d638       0xf0 ..\obj\ADS1220.o
                0x0800d638                Current_to_Value
 .text.NVIC_EnableIRQ
                0x0800d728       0x30 ..\obj\frequency.o
 .text.FrequencyMeasureInit
                0x0800d758      0x2cc ..\obj\frequency.o
                0x0800d758                FrequencyMeasureInit
 .text.TIM2_IRQHandler
                0x0800da24      0x148 ..\obj\frequency.o
                0x0800da24                TIM2_IRQHandler
 .text.FrequencyCH1Measure_Task
                0x0800db6c      0x188 ..\obj\frequency.o
 .text.FrequencyCH2Measure_Task
                0x0800dcf4      0x188 ..\obj\frequency.o
 .text.I2C_DeInit
                0x0800de7c       0x74 ..\obj\stm32f4xx_i2c.o
                0x0800de7c                I2C_DeInit
 .text.I2C_Init
                0x0800def0      0x184 ..\obj\stm32f4xx_i2c.o
                0x0800def0                I2C_Init
 .text.I2C_Cmd  0x0800e074       0x40 ..\obj\stm32f4xx_i2c.o
                0x0800e074                I2C_Cmd
 .text.I2C_GenerateSTART
                0x0800e0b4       0x40 ..\obj\stm32f4xx_i2c.o
                0x0800e0b4                I2C_GenerateSTART
 .text.I2C_GenerateSTOP
                0x0800e0f4       0x40 ..\obj\stm32f4xx_i2c.o
                0x0800e0f4                I2C_GenerateSTOP
 .text.I2C_Send7bitAddress
                0x0800e134       0x3c ..\obj\stm32f4xx_i2c.o
                0x0800e134                I2C_Send7bitAddress
 .text.I2C_AcknowledgeConfig
                0x0800e170       0x40 ..\obj\stm32f4xx_i2c.o
                0x0800e170                I2C_AcknowledgeConfig
 .text.I2C_NACKPositionConfig
                0x0800e1b0       0x40 ..\obj\stm32f4xx_i2c.o
                0x0800e1b0                I2C_NACKPositionConfig
 .text.I2C_SendData
                0x0800e1f0       0x20 ..\obj\stm32f4xx_i2c.o
                0x0800e1f0                I2C_SendData
 .text.I2C_ReceiveData
                0x0800e210       0x1c ..\obj\stm32f4xx_i2c.o
                0x0800e210                I2C_ReceiveData
 .text.I2C_CheckEvent
                0x0800e22c       0x60 ..\obj\stm32f4xx_i2c.o
                0x0800e22c                I2C_CheckEvent
 .text.I2C_GetFlagStatus
                0x0800e28c       0x68 ..\obj\stm32f4xx_i2c.o
                0x0800e28c                I2C_GetFlagStatus
 .text.EXTI_Init
                0x0800e2f4       0xe4 ..\obj\stm32f4xx_exti.o
                0x0800e2f4                EXTI_Init
 .text.EXTI_GetITStatus
                0x0800e3d8       0x48 ..\obj\stm32f4xx_exti.o
                0x0800e3d8                EXTI_GetITStatus
 .text.EXTI_ClearITPendingBit
                0x0800e420       0x1c ..\obj\stm32f4xx_exti.o
                0x0800e420                EXTI_ClearITPendingBit
 .text.NVIC_PriorityGroupConfig
                0x0800e43c       0x24 ..\obj\misc.o
                0x0800e43c                NVIC_PriorityGroupConfig
 .text.NVIC_Init
                0x0800e460       0xc0 ..\obj\misc.o
                0x0800e460                NVIC_Init
 .text.DCD_Init
                0x0800e520      0x100 ..\obj\usb_dcd.o
                0x0800e520                DCD_Init
 .text.DCD_EP_Open
                0x0800e620       0xa8 ..\obj\usb_dcd.o
                0x0800e620                DCD_EP_Open
 .text.DCD_EP_Close
                0x0800e6c8       0x70 ..\obj\usb_dcd.o
                0x0800e6c8                DCD_EP_Close
 .text.DCD_EP_PrepareRx
                0x0800e738       0x84 ..\obj\usb_dcd.o
                0x0800e738                DCD_EP_PrepareRx
 .text.DCD_EP_Tx
                0x0800e7bc       0x78 ..\obj\usb_dcd.o
                0x0800e7bc                DCD_EP_Tx
 .text.DCD_EP_Stall
                0x0800e834       0x74 ..\obj\usb_dcd.o
                0x0800e834                DCD_EP_Stall
 .text.DCD_EP_ClrStall
                0x0800e8a8       0x74 ..\obj\usb_dcd.o
                0x0800e8a8                DCD_EP_ClrStall
 .text.DCD_EP_SetAddress
                0x0800e91c       0x3c ..\obj\usb_dcd.o
                0x0800e91c                DCD_EP_SetAddress
 .text.RTC_Init
                0x0800e958       0x78 ..\obj\stm32f4xx_rtc.o
                0x0800e958                RTC_Init
 .text.RTC_StructInit
                0x0800e9d0       0x24 ..\obj\stm32f4xx_rtc.o
                0x0800e9d0                RTC_StructInit
 .text.RTC_EnterInitMode
                0x0800e9f4       0x74 ..\obj\stm32f4xx_rtc.o
                0x0800e9f4                RTC_EnterInitMode
 .text.RTC_ExitInitMode
                0x0800ea68       0x1c ..\obj\stm32f4xx_rtc.o
                0x0800ea68                RTC_ExitInitMode
 .text.RTC_WaitForSynchro
                0x0800ea84       0x78 ..\obj\stm32f4xx_rtc.o
                0x0800ea84                RTC_WaitForSynchro
 .text.RTC_SetTime
                0x0800eafc      0x104 ..\obj\stm32f4xx_rtc.o
                0x0800eafc                RTC_SetTime
 .text.RTC_GetTime
                0x0800ec00       0x9c ..\obj\stm32f4xx_rtc.o
                0x0800ec00                RTC_GetTime
 .text.RTC_SetDate
                0x0800ec9c      0x10c ..\obj\stm32f4xx_rtc.o
                0x0800ec9c                RTC_SetDate
 .text.RTC_GetDate
                0x0800eda8       0x9c ..\obj\stm32f4xx_rtc.o
                0x0800eda8                RTC_GetDate
 .text.RTC_WriteBackupRegister
                0x0800ee44       0x34 ..\obj\stm32f4xx_rtc.o
                0x0800ee44                RTC_WriteBackupRegister
 .text.RTC_ByteToBcd2
                0x0800ee78       0x3c ..\obj\stm32f4xx_rtc.o
 .text.RTC_Bcd2ToByte
                0x0800eeb4       0x38 ..\obj\stm32f4xx_rtc.o
 .text.USBD_CtlSendData
                0x0800eeec       0x40 ..\obj\usbd_ioreq.o
                0x0800eeec                USBD_CtlSendData
 .text.USBD_CtlContinueSendData
                0x0800ef2c       0x28 ..\obj\usbd_ioreq.o
                0x0800ef2c                USBD_CtlContinueSendData
 .text.USBD_CtlPrepareRx
                0x0800ef54       0x40 ..\obj\usbd_ioreq.o
                0x0800ef54                USBD_CtlPrepareRx
 .text.USBD_CtlContinueRx
                0x0800ef94       0x28 ..\obj\usbd_ioreq.o
                0x0800ef94                USBD_CtlContinueRx
 .text.USBD_CtlSendStatus
                0x0800efbc       0x30 ..\obj\usbd_ioreq.o
                0x0800efbc                USBD_CtlSendStatus
 .text.USBD_CtlReceiveStatus
                0x0800efec       0x30 ..\obj\usbd_ioreq.o
                0x0800efec                USBD_CtlReceiveStatus
 .text.pvPortMalloc
                0x0800f01c      0x128 ..\obj\heap_2.o
                0x0800f01c                pvPortMalloc
 .text.vPortFree
                0x0800f144       0x70 ..\obj\heap_2.o
                0x0800f144                vPortFree
 .text.xPortGetFreeHeapSize
                0x0800f1b4       0x18 ..\obj\heap_2.o
                0x0800f1b4                xPortGetFreeHeapSize
 .text.prvHeapInit
                0x0800f1cc       0x50 ..\obj\heap_2.o
 .text.ControllerInit
                0x0800f21c       0x60 ..\obj\controller.o
                0x0800f21c                ControllerInit
 .text.Controller_RestoreSettings
                0x0800f27c      0x180 ..\obj\controller.o
                0x0800f27c                Controller_RestoreSettings
 .text.TIM_TimeBaseInit
                0x0800f3fc       0xd4 ..\obj\stm32f4xx_tim.o
                0x0800f3fc                TIM_TimeBaseInit
 .text.TIM_TimeBaseStructInit
                0x0800f4d0       0x34 ..\obj\stm32f4xx_tim.o
                0x0800f4d0                TIM_TimeBaseStructInit
 .text.TIM_SetCounter
                0x0800f504       0x1c ..\obj\stm32f4xx_tim.o
                0x0800f504                TIM_SetCounter
 .text.TIM_ARRPreloadConfig
                0x0800f520       0x40 ..\obj\stm32f4xx_tim.o
                0x0800f520                TIM_ARRPreloadConfig
 .text.TIM_Cmd  0x0800f560       0x40 ..\obj\stm32f4xx_tim.o
                0x0800f560                TIM_Cmd
 .text.TIM_ICInit
                0x0800f5a0       0xa8 ..\obj\stm32f4xx_tim.o
                0x0800f5a0                TIM_ICInit
 .text.TIM_SetIC1Prescaler
                0x0800f648       0x38 ..\obj\stm32f4xx_tim.o
                0x0800f648                TIM_SetIC1Prescaler
 .text.TIM_SetIC2Prescaler
                0x0800f680       0x3c ..\obj\stm32f4xx_tim.o
                0x0800f680                TIM_SetIC2Prescaler
 .text.TIM_SetIC3Prescaler
                0x0800f6bc       0x38 ..\obj\stm32f4xx_tim.o
                0x0800f6bc                TIM_SetIC3Prescaler
 .text.TIM_SetIC4Prescaler
                0x0800f6f4       0x3c ..\obj\stm32f4xx_tim.o
                0x0800f6f4                TIM_SetIC4Prescaler
 .text.TIM_ITConfig
                0x0800f730       0x48 ..\obj\stm32f4xx_tim.o
                0x0800f730                TIM_ITConfig
 .text.TIM_ClearFlag
                0x0800f778       0x20 ..\obj\stm32f4xx_tim.o
                0x0800f778                TIM_ClearFlag
 .text.TIM_ClearITPendingBit
                0x0800f798       0x20 ..\obj\stm32f4xx_tim.o
                0x0800f798                TIM_ClearITPendingBit
 .text.TIM_ETRClockMode2Config
                0x0800f7b8       0x3c ..\obj\stm32f4xx_tim.o
                0x0800f7b8                TIM_ETRClockMode2Config
 .text.TIM_ETRConfig
                0x0800f7f4       0x54 ..\obj\stm32f4xx_tim.o
                0x0800f7f4                TIM_ETRConfig
 .text.TI1_Config
                0x0800f848       0x84 ..\obj\stm32f4xx_tim.o
 .text.TI2_Config
                0x0800f8cc       0x98 ..\obj\stm32f4xx_tim.o
 .text.TI3_Config
                0x0800f964       0x90 ..\obj\stm32f4xx_tim.o
 .text.TI4_Config
                0x0800f9f4       0x9c ..\obj\stm32f4xx_tim.o
 .text.NVIC_SystemReset
                0x0800fa90       0x28 ..\obj\power_detector.o
 .text.Power_Detector_Init
                0x0800fab8       0x68 ..\obj\power_detector.o
                0x0800fab8                Power_Detector_Init
 .text.PVD_IRQHandler
                0x0800fb20       0x20 ..\obj\power_detector.o
                0x0800fb20                PVD_IRQHandler
 .text          0x0800fb40      0x134 C:\Program Files\GNU Tools ARM Embedded\4.9 2015q2\arm-none-eabi\lib\armv7e-m\fpu\libc.a(lib_a-memcpy.o)
                0x0800fb40                memcpy
 .text.memset   0x0800fc74       0x9c C:\Program Files\GNU Tools ARM Embedded\4.9 2015q2\arm-none-eabi\lib\armv7e-m\fpu\libc.a(lib_a-memset.o)
                0x0800fc74                memset
 .text.sqrtf    0x0800fd10       0xb8 C:\Program Files\GNU Tools ARM Embedded\4.9 2015q2\arm-none-eabi\lib\armv7e-m\fpu\libm.a(lib_a-wf_sqrt.o)
                0x0800fd10                sqrtf
 .text.__ieee754_sqrtf
                0x0800fdc8       0xa4 C:\Program Files\GNU Tools ARM Embedded\4.9 2015q2\arm-none-eabi\lib\armv7e-m\fpu\libm.a(lib_a-ef_sqrt.o)
                0x0800fdc8                __ieee754_sqrtf
 .text.matherr  0x0800fe6c        0x4 C:\Program Files\GNU Tools ARM Embedded\4.9 2015q2\arm-none-eabi\lib\armv7e-m\fpu\libm.a(lib_a-s_matherr.o)
                0x0800fe6c                matherr
 .text.__fpclassifyf
                0x0800fe70       0x38 C:\Program Files\GNU Tools ARM Embedded\4.9 2015q2\arm-none-eabi\lib\armv7e-m\fpu\libm.a(lib_a-sf_fpclassify.o)
                0x0800fe70                __fpclassifyf
 .text.__errno  0x0800fea8        0xc C:\Program Files\GNU Tools ARM Embedded\4.9 2015q2\arm-none-eabi\lib\armv7e-m\fpu\libg.a(lib_a-errno.o)
                0x0800fea8                __errno
 .text          0x0800feb4      0x370 c:/program files/gnu tools arm embedded/4.9 2015q2/bin/../lib/gcc/arm-none-eabi/4.9.3/armv7e-m/fpu\libgcc.a(_arm_addsubdf3.o)
                0x0800feb4                __aeabi_drsub
                0x0800febc                __aeabi_dsub
                0x0800febc                __subdf3
                0x0800fec0                __aeabi_dadd
                0x0800fec0                __adddf3
                0x08010138                __floatunsidf
                0x08010138                __aeabi_ui2d
                0x08010158                __floatsidf
                0x08010158                __aeabi_i2d
                0x0801017c                __aeabi_f2d
                0x0801017c                __extendsfdf2
                0x080101b8                __floatundidf
                0x080101b8                __aeabi_ul2d
                0x080101c8                __floatdidf
                0x080101c8                __aeabi_l2d
 .text          0x08010224      0x424 c:/program files/gnu tools arm embedded/4.9 2015q2/bin/../lib/gcc/arm-none-eabi/4.9.3/armv7e-m/fpu\libgcc.a(_arm_muldivdf3.o)
                0x08010224                __aeabi_dmul
                0x08010224                __muldf3
                0x08010478                __divdf3
                0x08010478                __aeabi_ddiv
 .text          0x08010648       0xa0 c:/program files/gnu tools arm embedded/4.9 2015q2/bin/../lib/gcc/arm-none-eabi/4.9.3/armv7e-m/fpu\libgcc.a(_arm_truncdfsf2.o)
                0x08010648                __truncdfsf2
                0x08010648                __aeabi_d2f
 .text          0x080106e8      0x21c c:/program files/gnu tools arm embedded/4.9 2015q2/bin/../lib/gcc/arm-none-eabi/4.9.3/armv7e-m/fpu\libgcc.a(_arm_addsubsf3.o)
                0x080106e8                __aeabi_frsub
                0x080106f0                __subsf3
                0x080106f0                __aeabi_fsub
                0x080106f4                __aeabi_fadd
                0x080106f4                __addsf3
                0x08010854                __aeabi_ui2f
                0x08010854                __floatunsisf
                0x0801085c                __aeabi_i2f
                0x0801085c                __floatsisf
                0x08010878                __aeabi_ul2f
                0x08010878                __floatundisf
                0x08010888                __aeabi_l2f
                0x08010888                __floatdisf
 *(.init)
 *(.fini)
 *crtbegin.o(.ctors)
 *crtbegin?.o(.ctors)
 *(EXCLUDE_FILE(*crtend.o *crtend?.o) .ctors)
 *(SORT(.ctors.*))
 *(.ctors)
 *crtbegin.o(.dtors)
 *crtbegin?.o(.dtors)
 *(EXCLUDE_FILE(*crtend.o *crtend?.o) .dtors)
 *(SORT(.dtors.*))
 *(.dtors)
 *(.rodata*)
 .rodata        0x08010904        0xa ..\obj\calc.o
 *fill*         0x0801090e        0x2 
 .rodata        0x08010910       0x2b ..\obj\protocol.o
 *fill*         0x0801093b        0x1 
 .rodata        0x0801093c      0x200 ..\obj\mbcrc.o
 .rodata        0x08010b3c        0xd ..\obj\timers.o
 *fill*         0x08010b49        0x3 
 .rodata        0x08010b4c        0x5 ..\obj\watchdog.o
 *fill*         0x08010b51        0x3 
 .rodata        0x08010b54        0x5 ..\obj\tasks.o
 *fill*         0x08010b59        0x3 
 .rodata        0x08010b5c       0x96 ..\obj\usbd_desc.o
 *fill*         0x08010bf2        0x2 
 .rodata        0x08010bf4        0xb ..\obj\portserial.o
 *fill*         0x08010bff        0x1 
 .rodata        0x08010c00       0x56 ..\obj\ADS1220.o
 *fill*         0x08010c56        0x2 
 .rodata        0x08010c58       0x15 ..\obj\frequency.o
 *fill*         0x08010c6d        0x3 
 .rodata        0x08010c70       0xe4 ..\obj\controller.o
                0x08010c70                stSettingsDefault
 .rodata.str1.4
                0x08010d54        0x8 C:\Program Files\GNU Tools ARM Embedded\4.9 2015q2\arm-none-eabi\lib\armv7e-m\fpu\libm.a(lib_a-wf_sqrt.o)
                                  0x6 (size before relaxing)
 *(.eh_fram e*)

.glue_7         0x08010d5c        0x0
 .glue_7        0x00000000        0x0 linker stubs

.glue_7t        0x08010d5c        0x0
 .glue_7t       0x00000000        0x0 linker stubs

.vfp11_veneer   0x08010d5c        0x0
 .vfp11_veneer  0x00000000        0x0 linker stubs

.v4_bx          0x08010d5c        0x0
 .v4_bx         0x00000000        0x0 linker stubs

.iplt           0x08010d5c        0x0
 .iplt          0x00000000        0x0 ..\obj\arm_mat_inverse_f32.o

.rel.dyn        0x08010d5c        0x0
 .rel.iplt      0x00000000        0x0 ..\obj\arm_mat_inverse_f32.o

.ARM.extab
 *(.ARM.extab* .gnu.linkonce.armextab.*)
                0x08010d5c                __exidx_start = .

.ARM.exidx
 *(.ARM.exidx* .gnu.linkonce.armexidx.*)
                0x08010d5c                __exidx_end = .
                0x08010d5c                __etext = .
                0x08010d5c                _sidata = __etext

.data           0x20000000      0x604 load address 0x08010d5c
                0x20000000                __data_start__ = .
                0x20000000                _sdata = __data_start__
 *(vtable)
 *(.data*)
 .data          0x20000000        0x6 ..\obj\mbport.o
                0x20000000                REG_INPUT_START
                0x20000001                REG_HOLDING_START
                0x20000002                REG_INPUT_NREGS
                0x20000003                REG_HOLDING_NREGS
                0x20000004                usRegInputStart
                0x20000005                usRegHoldingStart
 *fill*         0x20000006        0x2 
 .data          0x20000008       0x88 ..\obj\mb.o
 .data          0x20000090       0x1c ..\obj\usbd_usr.o
                0x20000090                USR_cb
 .data          0x200000ac       0x30 ..\obj\usbd_core.o
                0x200000ac                USBD_DCD_INT_cb
                0x200000d8                USBD_DCD_INT_fops
 .data          0x200000dc       0x10 ..\obj\stm32f4xx_rcc.o
 *fill*         0x200000ec        0x4 
 .data          0x200000f0      0x42c ..\obj\printf.o
                0x200000f0                r
                0x20000518                _impure_ptr
 .data          0x2000051c       0x40 ..\obj\usbd_desc.o
                0x2000051c                USR_desc
                0x20000538                USBD_DeviceDesc
                0x2000054c                USBD_DeviceQualifierDesc
                0x20000558                USBD_LangIDDesc
 .data          0x2000055c       0x14 ..\obj\usbd_cdc_vcp.o
                0x2000055c                VCP_fops
 .data          0x20000570       0x14 ..\obj\system_stm32f4xx.o
                0x20000570                SystemCoreClock
                0x20000574                AHBPrescTable
 .data          0x20000584        0x4 ..\obj\port.o
 .data          0x20000588       0x74 ..\obj\usbd_cdc_core.o
                0x20000588                usbd_cdc_CfgDesc
                0x200005d0                USBD_CDC_cb
 .data          0x200005fc        0x4 ..\obj\heap_2.o
 .data.__fdlib_version
                0x20000600        0x1 C:\Program Files\GNU Tools ARM Embedded\4.9 2015q2\arm-none-eabi\lib\armv7e-m\fpu\libm.a(lib_a-s_lib_ver.o)
                0x20000600                __fdlib_version
                0x20000604                . = ALIGN (0x4)
 *fill*         0x20000601        0x3 
                0x20000604                PROVIDE (__preinit_array_start, .)
 *(.preinit_array)
                0x20000604                PROVIDE (__preinit_array_end, .)
                0x20000604                . = ALIGN (0x4)
                0x20000604                PROVIDE (__init_array_start, .)
 *(SORT(.init_array.*))
 *(.init_array)
                0x20000604                PROVIDE (__init_array_end, .)
                0x20000604                . = ALIGN (0x4)
                0x20000604                PROVIDE (__fini_array_start, .)
 *(SORT(.fini_array.*))
 *(.fini_array)
                0x20000604                PROVIDE (__fini_array_end, .)
 *(.jcr*)
                0x20000604                . = ALIGN (0x4)
                0x20000604                __data_end__ = .
                0x20000604                _edata = __data_end__

.igot.plt       0x20000604        0x0 load address 0x08011360
 .igot.plt      0x00000000        0x0 ..\obj\arm_mat_inverse_f32.o

.bss            0x20000608    0x143dc load address 0x08011368
                0x20000608                . = ALIGN (0x4)
                0x20000608                __bss_start__ = .
                0x20000608                _sbss = __bss_start__
 *(.bss*)
 .bss           0x20000608       0x22 ..\obj\mbfuncother.o
 *fill*         0x2000062a        0x2 
 .bss           0x2000062c       0x48 ..\obj\sdio_sd.o
                0x20000664                StopCondition
                0x20000668                TransferError
                0x2000066c                TransferEnd
                0x20000670                DMAEndOfTransfer
 .bss           0x20000674       0x38 ..\obj\timers.o
 .bss           0x200006ac      0x100 ..\obj\tasks.o
                0x200006ac                pxCurrentTCB
 .bss           0x200007ac        0xc ..\obj\porttimer.o
 .bss           0x200007b8        0xd ..\obj\usbd_req.o
                0x200007b8                USBD_ep_status
                0x200007bc                USBD_default_cfg
                0x200007c0                USBD_cfg_status
 *fill*         0x200007c5        0x3 
 .bss           0x200007c8        0x8 ..\obj\port.o
 .bss           0x200007d0       0x14 ..\obj\portserial.o
 .bss           0x200007e4       0x20 ..\obj\usbd_cdc_core.o
                0x200007e8                APP_Rx_ptr_in
                0x200007ec                APP_Rx_ptr_out
                0x200007f0                APP_Rx_length
                0x200007f4                USB_Tx_State
 .bss           0x20000804       0x1c ..\obj\frequency.o
                0x2000081c                xHigherPriorityTaskWoken
 .bss           0x20000820    0x12c14 ..\obj\heap_2.o
 *(COMMON)
 COMMON         0x20013434        0x6 ..\obj\mbport.o
                0x20013434                my_counter
                0x20013438                fl_led
 *fill*         0x2001343a        0x2 
 COMMON         0x2001343c      0x45c ..\obj\protocol.o
                0x2001343c                stContext_RS232
                0x200135b0                stContext_RS485
                0x20013724                stContext_USB_CDC
 COMMON         0x20013898       0x58 ..\obj\watchdog.o
                0x20013898                task_watches
 COMMON         0x200138f0        0x4 ..\obj\fram_i2c.o
                0x200138f0                xI2CBusMutex
 COMMON         0x200138f4       0x88 ..\obj\usbd_cdc_vcp.o
                0x200138f4                APP_Tx_Buffer
                0x20013974                APP_tx_ptr_tail
                0x20013978                APP_tx_ptr_head
 COMMON         0x2001397c       0x32 ..\obj\usbd_req.o
                0x2001397c                USBD_StrDesc
 *fill*         0x200139ae        0x2 
 COMMON         0x200139b0       0x40 ..\obj\queue.o
                0x200139b0                xQueueRegistry
 COMMON         0x200139f0      0x5f4 ..\obj\portserial.o
                0x200139f0                temp_char
                0x200139f4                USB_OTG_dev
 COMMON         0x20013fe4      0x88c ..\obj\usbd_cdc_core.o
                0x20013fe4                usbd_cdc_OtherCfgDesc
                0x20014028                USB_Rx_Buffer
                0x20014068                CmdBuff
                0x20014070                APP_Rx_Buffer
 COMMON         0x20014870        0x4 ..\obj\ADS1220.o
                0x20014870                xADC_SPI_Mutex
 COMMON         0x20014874        0x8 ..\obj\frequency.o
                0x20014874                xFrequencySemaphore
 *fill*         0x2001487c        0x4 
 COMMON         0x20014880      0x164 ..\obj\controller.o
                0x20014880                stSettings
                0x20014964                xMeasureDataMutex
                0x20014968                stMeasureData
                0x200149e0                xSettingsMutex
                0x200149e4                . = ALIGN (0x4)
                0x200149e4                __bss_end__ = .
                0x200149e4                _ebss = __bss_end__

.heap           0x200149e4        0x0
                0x200149e4                __end__ = .
                0x200149e4                _end = __end__
                0x200149e4                end = __end__
 *(.heap*)
                0x200149e4                __HeapLimit = .

.co_stack       0x200149e4      0x804 load address 0x08025744
                0x200149e8                . = ALIGN (0x8)
 *fill*         0x200149e4        0x4 
 *(.co_stack .co_stack.*)
 .co_stack      0x200149e8      0x800 ..\obj\startup_stm32f4xx.o
                0x200149e8                pulStack
                0x20020000                __StackTop = (ORIGIN (ram) + 0x20000)
                0x2001f7fc                __StackLimit = (__StackTop - SIZEOF (.co_stack))
                0x20020000                PROVIDE (__stack, __StackTop)
                0x00000001                ASSERT ((__StackLimit >= __HeapLimit), region ram  overflowed with stack)
LOAD C:\Program Files\GNU Tools ARM Embedded\4.9 2015q2\arm-none-eabi\lib\armv7e-m\fpu\libc.a
LOAD ..\obj\arm_mat_inverse_f32.o
LOAD ..\obj\socket.o
LOAD ..\obj\arm_bitreversal2.o
LOAD ..\obj\arm_cfft_radix2_q31.o
LOAD ..\obj\arm_add_q7.o
LOAD ..\obj\arm_scale_q7.o
LOAD ..\obj\arm_mat_add_f32.o
LOAD ..\obj\stm32f4xx_syscfg.o
LOAD ..\obj\usb_core.o
LOAD ..\obj\low_level_sdio.o
LOAD ..\obj\arm_q31_to_float.o
LOAD ..\obj\arm_cfft_radix4_q15.o
LOAD ..\obj\arm_pid_init_q31.o
LOAD ..\obj\arm_float_to_q7.o
LOAD ..\obj\arm_q31_to_q7.o
LOAD ..\obj\mbport.o
LOAD ..\obj\calc.o
LOAD ..\obj\arm_conv_partial_opt_q15.o
LOAD ..\obj\mb.o
LOAD ..\obj\stm32f4xx_sdio.o
LOAD ..\obj\arm_mat_cmplx_mult_q15.o
LOAD ..\obj\arm_biquad_cascade_df1_q15.o
LOAD ..\obj\arm_cmplx_dot_prod_q15.o
LOAD ..\obj\arm_fir_decimate_fast_q15.o
LOAD ..\obj\arm_cfft_radix4_f32.o
LOAD ..\obj\arm_sin_cos_q31.o
LOAD ..\obj\protocol.o
LOAD ..\obj\arm_scale_q31.o
LOAD ..\obj\mbfuncdisc.o
LOAD ..\obj\arm_fir_sparse_init_q31.o
LOAD ..\obj\arm_rfft_q15.o
LOAD ..\obj\arm_correlate_q7.o
LOAD ..\obj\arm_mat_cmplx_mult_f32.o
LOAD ..\obj\arm_biquad_cascade_df1_f32.o
LOAD ..\obj\arm_cmplx_dot_prod_f32.o
LOAD ..\obj\arm_conv_partial_opt_q7.o
LOAD ..\obj\arm_cmplx_mult_real_q31.o
LOAD ..\obj\arm_q15_to_q31.o
LOAD ..\obj\arm_abs_q7.o
LOAD ..\obj\usbd_usr.o
LOAD ..\obj\portevent.o
LOAD ..\obj\arm_common_tables.o
LOAD ..\obj\arm_fill_q31.o
LOAD ..\obj\arm_rfft_f32.o
LOAD ..\obj\arm_q7_to_q15.o
LOAD ..\obj\arm_conv_q7.o
LOAD ..\obj\mbfuncother.o
LOAD ..\obj\arm_sin_q31.o
LOAD ..\obj\arm_fir_sparse_q15.o
LOAD ..\obj\arm_dot_prod_q15.o
LOAD ..\obj\arm_q15_to_float.o
LOAD ..\obj\stm32f4xx_usart.o
LOAD ..\obj\arm_correlate_fast_q15.o
LOAD ..\obj\arm_cfft_q15.o
LOAD ..\obj\arm_biquad_cascade_df2T_init_f32.o
LOAD ..\obj\arm_lms_init_q15.o
LOAD ..\obj\stm32f4xx_pwr.o
LOAD ..\obj\arm_correlate_q31.o
LOAD ..\obj\rtc.o
LOAD ..\obj\sdio_sd.o
LOAD ..\obj\arm_fir_sparse_f32.o
LOAD ..\obj\arm_max_q31.o
LOAD ..\obj\arm_conv_partial_q15.o
LOAD ..\obj\arm_biquad_cascade_df1_32x64_q31.o
LOAD ..\obj\arm_conv_fast_opt_q15.o
LOAD ..\obj\arm_dot_prod_f32.o
LOAD ..\obj\arm_dct4_init_q15.o
LOAD ..\obj\arm_cfft_radix4_init_q31.o
LOAD ..\obj\arm_cfft_f32.o
LOAD ..\obj\arm_lms_init_f32.o
LOAD ..\obj\arm_rms_q15.o
LOAD ..\obj\arm_conv_partial_f32.o
LOAD ..\obj\arm_dct4_init_f32.o
LOAD ..\obj\arm_mat_mult_q31.o
LOAD ..\obj\arm_fir_interpolate_init_q31.o
LOAD ..\obj\arm_iir_lattice_init_q15.o
LOAD ..\obj\arm_fill_q7.o
LOAD ..\obj\arm_shift_q31.o
LOAD ..\obj\arm_mult_q31.o
LOAD ..\obj\arm_fir_lattice_q15.o
LOAD ..\obj\mbutils.o
LOAD ..\obj\arm_rms_f32.o
LOAD ..\obj\arm_biquad_cascade_df1_init_q15.o
LOAD ..\obj\arm_std_q15.o
LOAD ..\obj\arm_iir_lattice_init_f32.o
LOAD ..\obj\arm_mat_add_q31.o
LOAD ..\obj\arm_abs_q15.o
LOAD ..\obj\arm_fir_sparse_q7.o
LOAD ..\obj\arm_fir_lattice_f32.o
LOAD ..\obj\arm_negate_q7.o
LOAD ..\obj\arm_sub_q15.o
LOAD ..\obj\diskio.o
LOAD ..\obj\arm_biquad_cascade_df1_init_f32.o
LOAD ..\obj\arm_std_f32.o
LOAD ..\obj\startup_stm32f4xx.o
LOAD ..\obj\arm_mat_init_q15.o
LOAD ..\obj\arm_abs_f32.o
LOAD ..\obj\arm_conv_q15.o
LOAD ..\obj\arm_fir_lattice_init_q15.o
LOAD ..\obj\arm_sub_f32.o
LOAD ..\obj\arm_cfft_radix4_q31.o
LOAD ..\obj\arm_q15_to_q7.o
LOAD ..\obj\arm_mat_init_f32.o
LOAD ..\obj\stm32f4xx_iwdg.o
LOAD ..\obj\arm_conv_f32.o
LOAD ..\obj\arm_fir_lattice_init_f32.o
LOAD ..\obj\arm_mat_cmplx_mult_q31.o
LOAD ..\obj\arm_biquad_cascade_df1_q31.o
LOAD ..\obj\arm_cmplx_dot_prod_q31.o
LOAD ..\obj\arm_fir_decimate_fast_q31.o
LOAD ..\obj\arm_conv_partial_fast_q15.o
LOAD ..\obj\arm_rfft_init_q15.o
LOAD ..\obj\arm_min_q15.o
LOAD ..\obj\mbfuncholding.o
LOAD ..\obj\arm_q7_to_float.o
LOAD ..\obj\usbd_core.o
LOAD ..\obj\arm_correlate_fast_opt_q15.o
LOAD ..\obj\main.o
LOAD ..\obj\arm_conv_opt_q15.o
LOAD ..\obj\mbcrc.o
LOAD ..\obj\arm_rfft_q31.o
LOAD ..\obj\arm_fir_q7.o
LOAD ..\obj\wiznet.o
LOAD ..\obj\stm32f4xx_rcc.o
LOAD ..\obj\arm_cfft_radix2_init_q15.o
LOAD ..\obj\arm_rfft_init_f32.o
LOAD ..\obj\arm_min_f32.o
LOAD ..\obj\arm_fir_sparse_init_q7.o
LOAD ..\obj\arm_q7_to_q31.o
LOAD ..\obj\mbfuncfile.o
LOAD ..\obj\arm_cfft_radix2_init_f32.o
LOAD ..\obj\arm_dct4_q15.o
LOAD ..\obj\timers.o
LOAD ..\obj\arm_fir_sparse_q31.o
LOAD ..\obj\arm_fir_init_q15.o
LOAD ..\obj\arm_dot_prod_q31.o
LOAD ..\obj\log.o
LOAD ..\obj\arm_correlate_fast_q31.o
LOAD ..\obj\wizchip_conf.o
LOAD ..\obj\arm_cmplx_conj_q15.o
LOAD ..\obj\arm_cfft_q31.o
LOAD ..\obj\arm_dct4_f32.o
LOAD ..\obj\arm_lms_init_q31.o
LOAD ..\obj\arm_iir_lattice_q15.o
LOAD ..\obj\mbfuncinput.o
LOAD ..\obj\printf.o
LOAD ..\obj\arm_fir_init_f32.o
LOAD ..\obj\arm_conv_partial_q31.o
LOAD ..\obj\arm_dct4_init_q31.o
LOAD ..\obj\arm_rfft_fast_f32.o
LOAD ..\obj\arm_cmplx_conj_f32.o
LOAD ..\obj\arm_power_q15.o
LOAD ..\obj\w5500.o
LOAD ..\obj\arm_rms_q31.o
LOAD ..\obj\watchdog.o
LOAD ..\obj\arm_iir_lattice_f32.o
LOAD ..\obj\arm_shift_q7.o
LOAD ..\obj\mbfuncdiag.o
LOAD ..\obj\arm_iir_lattice_init_q31.o
LOAD ..\obj\arm_fir_fast_q15.o
LOAD ..\obj\arm_fir_lattice_q31.o
LOAD ..\obj\arm_power_f32.o
LOAD ..\obj\arm_lms_norm_q15.o
LOAD ..\obj\arm_biquad_cascade_df1_init_q31.o
LOAD ..\obj\arm_cmplx_mag_q15.o
LOAD ..\obj\arm_std_q31.o
LOAD ..\obj\tasks.o
LOAD ..\obj\arm_fir_decimate_q15.o
LOAD ..\obj\arm_biquad_cascade_stereo_df2T_init_f32.o
LOAD ..\obj\arm_abs_q31.o
LOAD ..\obj\arm_copy_q15.o
LOAD ..\obj\arm_pid_reset_q15.o
LOAD ..\obj\arm_sub_q31.o
LOAD ..\obj\arm_lms_norm_f32.o
LOAD ..\obj\arm_cmplx_mag_f32.o
LOAD ..\obj\usbd_desc.o
LOAD ..\obj\arm_fir_decimate_f32.o
LOAD ..\obj\arm_mat_init_q31.o
LOAD ..\obj\arm_cmplx_mag_squared_q15.o
LOAD ..\obj\arm_conv_q31.o
LOAD ..\obj\arm_pid_reset_f32.o
LOAD ..\obj\arm_copy_f32.o
LOAD ..\obj\arm_conv_partial_fast_opt_q15.o
LOAD ..\obj\arm_fir_lattice_init_q31.o
LOAD ..\obj\arm_fir_q15.o
LOAD ..\obj\arm_rfft_fast_init_f32.o
LOAD ..\obj\arm_add_q15.o
LOAD ..\obj\arm_fir_interpolate_q15.o
LOAD ..\obj\arm_cmplx_mag_squared_f32.o
LOAD ..\obj\arm_biquad_cascade_df2T_f64.o
LOAD ..\obj\arm_fir_f32.o
LOAD ..\obj\arm_add_f32.o
LOAD ..\obj\arm_conv_partial_fast_q31.o
LOAD ..\obj\arm_rfft_init_q31.o
LOAD ..\obj\arm_min_q31.o
LOAD ..\obj\fram_i2c.o
LOAD ..\obj\arm_fir_interpolate_f32.o
LOAD ..\obj\arm_conv_partial_q7.o
LOAD ..\obj\arm_fir_init_q7.o
LOAD ..\obj\arm_lms_norm_init_q15.o
LOAD ..\obj\arm_mean_q15.o
LOAD ..\obj\arm_cfft_radix2_init_q31.o
LOAD ..\obj\stm32f4xx_gpio.o
LOAD ..\obj\porttimer.o
LOAD ..\obj\arm_biquad_cascade_df1_32x64_init_q31.o
LOAD ..\obj\usbd_cdc_vcp.o
LOAD ..\obj\arm_fir_decimate_init_q15.o
LOAD ..\obj\arm_cfft_radix8_f32.o
LOAD ..\obj\arm_float_to_q15.o
LOAD ..\obj\arm_lms_norm_init_f32.o
LOAD ..\obj\list.o
LOAD ..\obj\mbrtu.o
LOAD ..\obj\arm_mean_f32.o
LOAD ..\obj\arm_dct4_q31.o
LOAD ..\obj\arm_cos_q15.o
LOAD ..\obj\system_stm32f4xx.o
LOAD ..\obj\syscalls.o
LOAD ..\obj\arm_lms_q15.o
LOAD ..\obj\arm_biquad_cascade_df1_fast_q15.o
LOAD ..\obj\arm_negate_q15.o
LOAD ..\obj\arm_fir_init_q31.o
LOAD ..\obj\stm32f4xx_dma.o
LOAD ..\obj\arm_sqrt_q15.o
LOAD ..\obj\arm_fir_decimate_init_f32.o
LOAD ..\obj\arm_var_q15.o
LOAD ..\obj\arm_cmplx_conj_q31.o
LOAD ..\obj\arm_mat_sub_q15.o
LOAD ..\obj\arm_offset_q15.o
LOAD ..\obj\arm_mat_trans_q15.o
LOAD ..\obj\arm_cos_f32.o
LOAD ..\obj\arm_iir_lattice_q31.o
LOAD ..\obj\arm_lms_f32.o
LOAD ..\obj\usb_bsp.o
LOAD ..\obj\arm_negate_f32.o
LOAD ..\obj\arm_mat_inverse_f64.o
LOAD ..\obj\arm_cmplx_mult_cmplx_q15.o
LOAD ..\obj\usbd_req.o
LOAD ..\obj\arm_mat_mult_fast_q15.o
LOAD ..\obj\arm_conv_fast_q15.o
LOAD ..\obj\arm_var_f32.o
LOAD ..\obj\port.o
LOAD ..\obj\queue.o
LOAD ..\obj\arm_mat_scale_q15.o
LOAD ..\obj\arm_mat_sub_f32.o
LOAD ..\obj\arm_offset_f32.o
LOAD ..\obj\arm_mat_trans_f32.o
LOAD ..\obj\usb_dcd_int.o
LOAD ..\obj\arm_power_q31.o
LOAD ..\obj\arm_power_q7.o
LOAD ..\obj\arm_biquad_cascade_stereo_df2T_f32.o
LOAD ..\obj\portserial.o
LOAD ..\obj\arm_cmplx_mult_cmplx_f32.o
LOAD ..\obj\arm_fir_fast_q31.o
LOAD ..\obj\arm_cfft_radix2_q15.o
LOAD ..\obj\arm_mat_scale_f32.o
LOAD ..\obj\usbd_cdc_core.o
LOAD ..\obj\ff.o
LOAD ..\obj\arm_lms_norm_q31.o
LOAD ..\obj\arm_cmplx_mag_q31.o
LOAD ..\obj\croutine.o
LOAD ..\obj\arm_offset_q7.o
LOAD ..\obj\arm_fir_decimate_q31.o
LOAD ..\obj\arm_pid_init_q15.o
LOAD ..\obj\arm_pid_reset_q31.o
LOAD ..\obj\arm_copy_q31.o
LOAD ..\obj\arm_cfft_radix2_f32.o
LOAD ..\obj\arm_correlate_opt_q15.o
LOAD ..\obj\stm32f4xx_spi.o
LOAD ..\obj\arm_conv_opt_q7.o
LOAD ..\obj\mbfunccoils.o
LOAD ..\obj\event_groups.o
LOAD ..\obj\ADS1220.o
LOAD ..\obj\arm_pid_init_f32.o
LOAD ..\obj\frequency.o
LOAD ..\obj\stm32f4xx_i2c.o
LOAD ..\obj\arm_cmplx_mag_squared_q31.o
LOAD ..\obj\arm_scale_q15.o
LOAD ..\obj\arm_fir_q31.o
LOAD ..\obj\arm_mult_q7.o
LOAD ..\obj\arm_add_q31.o
LOAD ..\obj\stm32f4xx_exti.o
LOAD ..\obj\arm_fir_sparse_init_q15.o
LOAD ..\obj\arm_fir_interpolate_q31.o
LOAD ..\obj\misc.o
LOAD ..\obj\arm_cmplx_mult_real_q15.o
LOAD ..\obj\arm_sin_cos_f32.o
LOAD ..\obj\usb_dcd.o
LOAD ..\obj\arm_scale_f32.o
LOAD ..\obj\arm_max_q7.o
LOAD ..\obj\arm_min_q7.o
LOAD ..\obj\arm_fill_q15.o
LOAD ..\obj\arm_fir_sparse_init_f32.o
LOAD ..\obj\arm_biquad_cascade_df2T_init_f64.o
LOAD ..\obj\arm_sin_q15.o
LOAD ..\obj\arm_cmplx_mult_real_f32.o
LOAD ..\obj\arm_lms_norm_init_q31.o
LOAD ..\obj\arm_biquad_cascade_df2T_f32.o
LOAD ..\obj\arm_mean_q31.o
LOAD ..\obj\arm_fill_f32.o
LOAD ..\obj\arm_const_structs.o
LOAD ..\obj\arm_q31_to_q15.o
LOAD ..\obj\arm_fir_decimate_init_q31.o
LOAD ..\obj\arm_sin_f32.o
LOAD ..\obj\arm_correlate_q15.o
LOAD ..\obj\arm_float_to_q31.o
LOAD ..\obj\arm_max_q15.o
LOAD ..\obj\arm_mean_q7.o
LOAD ..\obj\stm32f4xx_rtc.o
LOAD ..\obj\usbd_ioreq.o
LOAD ..\obj\arm_cos_q31.o
LOAD ..\obj\arm_cfft_radix4_init_q15.o
LOAD ..\obj\arm_lms_q31.o
LOAD ..\obj\arm_biquad_cascade_df1_fast_q31.o
LOAD ..\obj\arm_negate_q31.o
LOAD ..\obj\mbascii.o
LOAD ..\obj\arm_sqrt_q31.o
LOAD ..\obj\arm_bitreversal.o
LOAD ..\obj\arm_dot_prod_q7.o
LOAD ..\obj\arm_correlate_f32.o
LOAD ..\obj\arm_max_f32.o
LOAD ..\obj\heap_2.o
LOAD ..\obj\controller.o
LOAD ..\obj\arm_var_q31.o
LOAD ..\obj\arm_mat_mult_q15.o
LOAD ..\obj\arm_fir_interpolate_init_q15.o
LOAD ..\obj\arm_mat_sub_q31.o
LOAD ..\obj\arm_offset_q31.o
LOAD ..\obj\arm_mat_trans_q31.o
LOAD ..\obj\arm_shift_q15.o
LOAD ..\obj\arm_cfft_radix4_init_f32.o
LOAD ..\obj\arm_copy_q7.o
LOAD ..\obj\stm32f4xx_tim.o
LOAD ..\obj\arm_mult_q15.o
LOAD ..\obj\arm_sub_q7.o
LOAD ..\obj\arm_correlate_opt_q7.o
LOAD ..\obj\arm_cmplx_mult_cmplx_q31.o
LOAD ..\obj\arm_mat_mult_fast_q31.o
LOAD ..\obj\arm_conv_fast_q31.o
LOAD ..\obj\power_detector.o
LOAD ..\obj\arm_mat_scale_q31.o
LOAD ..\obj\arm_mat_mult_f32.o
LOAD ..\obj\arm_fir_interpolate_init_f32.o
LOAD ..\obj\arm_mat_add_q15.o
LOAD ..\obj\arm_mult_f32.o
LOAD C:\Program Files\GNU Tools ARM Embedded\4.9 2015q2\arm-none-eabi\lib\armv7e-m\fpu\libc.a
LOAD C:\Program Files\GNU Tools ARM Embedded\4.9 2015q2\arm-none-eabi\lib\armv7e-m\fpu\libm.a
LOAD C:\Program Files\GNU Tools ARM Embedded\4.9 2015q2\arm-none-eabi\lib\armv7e-m\fpu\libg.a
START GROUP
LOAD c:/program files/gnu tools arm embedded/4.9 2015q2/bin/../lib/gcc/arm-none-eabi/4.9.3/armv7e-m/fpu\libgcc.a
LOAD C:\Program Files\GNU Tools ARM Embedded\4.9 2015q2\arm-none-eabi\lib\armv7e-m\fpu\libg.a
LOAD C:\Program Files\GNU Tools ARM Embedded\4.9 2015q2\arm-none-eabi\lib\armv7e-m\fpu\libc.a
END GROUP
OUTPUT(IMS_CONTROLLER.elf elf32-littlearm)

.debug_info     0x00000000    0x23aa2
 .debug_info    0x00000000     0x251b ..\obj\usb_core.o
 .debug_info    0x0000251b      0xeaa ..\obj\mbport.o
 .debug_info    0x000033c5      0x56d ..\obj\calc.o
 .debug_info    0x00003932      0x949 ..\obj\mb.o
 .debug_info    0x0000427b      0x7f5 ..\obj\stm32f4xx_sdio.o
 .debug_info    0x00004a70      0x82b ..\obj\protocol.o
 .debug_info    0x0000529b      0x209 ..\obj\mbfuncdisc.o
 .debug_info    0x000054a4      0x1a9 ..\obj\usbd_usr.o
 .debug_info    0x0000564d      0x78c ..\obj\portevent.o
 .debug_info    0x00005dd9      0x268 ..\obj\mbfuncother.o
 .debug_info    0x00006041      0x9c2 ..\obj\stm32f4xx_usart.o
 .debug_info    0x00006a03      0x4fc ..\obj\stm32f4xx_pwr.o
 .debug_info    0x00006eff      0x173 ..\obj\rtc.o
 .debug_info    0x00007072     0x12d8 ..\obj\sdio_sd.o
 .debug_info    0x0000834a      0x2d7 ..\obj\mbutils.o
 .debug_info    0x00008621      0x978 ..\obj\diskio.o
 .debug_info    0x00008f99       0xed ..\obj\startup_stm32f4xx.o
 .debug_info    0x00009086      0x20a ..\obj\stm32f4xx_iwdg.o
 .debug_info    0x00009290      0x392 ..\obj\mbfuncholding.o
 .debug_info    0x00009622      0xe95 ..\obj\usbd_core.o
 .debug_info    0x0000a4b7      0x1aa ..\obj\main.o
 .debug_info    0x0000a661      0x153 ..\obj\mbcrc.o
 .debug_info    0x0000a7b4      0xc4d ..\obj\stm32f4xx_rcc.o
 .debug_info    0x0000b401      0x29f ..\obj\mbfuncfile.o
 .debug_info    0x0000b6a0      0xa05 ..\obj\timers.o
 .debug_info    0x0000c0a5      0x475 ..\obj\log.o
 .debug_info    0x0000c51a      0x1fb ..\obj\mbfuncinput.o
 .debug_info    0x0000c715      0xe38 ..\obj\printf.o
 .debug_info    0x0000d54d      0x207 ..\obj\watchdog.o
 .debug_info    0x0000d754     0x1d05 ..\obj\tasks.o
 .debug_info    0x0000f459      0x363 ..\obj\usbd_desc.o
 .debug_info    0x0000f7bc      0x749 ..\obj\fram_i2c.o
 .debug_info    0x0000ff05      0x602 ..\obj\stm32f4xx_gpio.o
 .debug_info    0x00010507      0xe02 ..\obj\porttimer.o
 .debug_info    0x00011309      0x36c ..\obj\usbd_cdc_vcp.o
 .debug_info    0x00011675      0x299 ..\obj\list.o
 .debug_info    0x0001190e      0x7c6 ..\obj\mbrtu.o
 .debug_info    0x000120d4      0x592 ..\obj\system_stm32f4xx.o
 .debug_info    0x00012666      0x739 ..\obj\stm32f4xx_dma.o
 .debug_info    0x00012d9f      0xfde ..\obj\usb_bsp.o
 .debug_info    0x00013d7d      0xf9b ..\obj\usbd_req.o
 .debug_info    0x00014d18      0x520 ..\obj\port.o
 .debug_info    0x00015238     0x1264 ..\obj\queue.o
 .debug_info    0x0001649c     0x1d86 ..\obj\usb_dcd_int.o
 .debug_info    0x00018222     0x1bde ..\obj\portserial.o
 .debug_info    0x00019e00      0xf34 ..\obj\usbd_cdc_core.o
 .debug_info    0x0001ad34      0xb07 ..\obj\stm32f4xx_spi.o
 .debug_info    0x0001b83b      0x326 ..\obj\mbfunccoils.o
 .debug_info    0x0001bb61      0x8dd ..\obj\ADS1220.o
 .debug_info    0x0001c43e      0xcc8 ..\obj\frequency.o
 .debug_info    0x0001d106      0xaf4 ..\obj\stm32f4xx_i2c.o
 .debug_info    0x0001dbfa      0x347 ..\obj\stm32f4xx_exti.o
 .debug_info    0x0001df41      0x53d ..\obj\misc.o
 .debug_info    0x0001e47e     0x101d ..\obj\usb_dcd.o
 .debug_info    0x0001f49b     0x10df ..\obj\stm32f4xx_rtc.o
 .debug_info    0x0002057a      0xcb7 ..\obj\usbd_ioreq.o
 .debug_info    0x00021231      0x2ef ..\obj\heap_2.o
 .debug_info    0x00021520      0x2f1 ..\obj\controller.o
 .debug_info    0x00021811     0x1c61 ..\obj\stm32f4xx_tim.o
 .debug_info    0x00023472      0x630 ..\obj\power_detector.o

.debug_abbrev   0x00000000     0x5b97
 .debug_abbrev  0x00000000      0x2e7 ..\obj\usb_core.o
 .debug_abbrev  0x000002e7      0x1cb ..\obj\mbport.o
 .debug_abbrev  0x000004b2      0x17d ..\obj\calc.o
 .debug_abbrev  0x0000062f      0x1ac ..\obj\mb.o
 .debug_abbrev  0x000007db      0x177 ..\obj\stm32f4xx_sdio.o
 .debug_abbrev  0x00000952      0x152 ..\obj\protocol.o
 .debug_abbrev  0x00000aa4       0xa6 ..\obj\mbfuncdisc.o
 .debug_abbrev  0x00000b4a       0xdd ..\obj\usbd_usr.o
 .debug_abbrev  0x00000c27      0x14f ..\obj\portevent.o
 .debug_abbrev  0x00000d76       0xbf ..\obj\mbfuncother.o
 .debug_abbrev  0x00000e35      0x155 ..\obj\stm32f4xx_usart.o
 .debug_abbrev  0x00000f8a      0x17f ..\obj\stm32f4xx_pwr.o
 .debug_abbrev  0x00001109       0xc7 ..\obj\rtc.o
 .debug_abbrev  0x000011d0      0x1e9 ..\obj\sdio_sd.o
 .debug_abbrev  0x000013b9       0xd6 ..\obj\mbutils.o
 .debug_abbrev  0x0000148f      0x1d2 ..\obj\diskio.o
 .debug_abbrev  0x00001661       0xb0 ..\obj\startup_stm32f4xx.o
 .debug_abbrev  0x00001711      0x101 ..\obj\stm32f4xx_iwdg.o
 .debug_abbrev  0x00001812       0xa6 ..\obj\mbfuncholding.o
 .debug_abbrev  0x000018b8      0x21d ..\obj\usbd_core.o
 .debug_abbrev  0x00001ad5       0xf2 ..\obj\main.o
 .debug_abbrev  0x00001bc7       0x91 ..\obj\mbcrc.o
 .debug_abbrev  0x00001c58      0x1e3 ..\obj\stm32f4xx_rcc.o
 .debug_abbrev  0x00001e3b       0xf4 ..\obj\mbfuncfile.o
 .debug_abbrev  0x00001f2f      0x1da ..\obj\timers.o
 .debug_abbrev  0x00002109      0x165 ..\obj\log.o
 .debug_abbrev  0x0000226e       0xa6 ..\obj\mbfuncinput.o
 .debug_abbrev  0x00002314      0x27e ..\obj\printf.o
 .debug_abbrev  0x00002592      0x12d ..\obj\watchdog.o
 .debug_abbrev  0x000026bf      0x28d ..\obj\tasks.o
 .debug_abbrev  0x0000294c      0x12c ..\obj\usbd_desc.o
 .debug_abbrev  0x00002a78      0x1eb ..\obj\fram_i2c.o
 .debug_abbrev  0x00002c63      0x1a3 ..\obj\stm32f4xx_gpio.o
 .debug_abbrev  0x00002e06      0x1cf ..\obj\porttimer.o
 .debug_abbrev  0x00002fd5      0x164 ..\obj\usbd_cdc_vcp.o
 .debug_abbrev  0x00003139       0xbc ..\obj\list.o
 .debug_abbrev  0x000031f5      0x196 ..\obj\mbrtu.o
 .debug_abbrev  0x0000338b      0x136 ..\obj\system_stm32f4xx.o
 .debug_abbrev  0x000034c1      0x155 ..\obj\stm32f4xx_dma.o
 .debug_abbrev  0x00003616      0x229 ..\obj\usb_bsp.o
 .debug_abbrev  0x0000383f      0x293 ..\obj\usbd_req.o
 .debug_abbrev  0x00003ad2      0x1bb ..\obj\port.o
 .debug_abbrev  0x00003c8d      0x206 ..\obj\queue.o
 .debug_abbrev  0x00003e93      0x25b ..\obj\usb_dcd_int.o
 .debug_abbrev  0x000040ee      0x31b ..\obj\portserial.o
 .debug_abbrev  0x00004409      0x22f ..\obj\usbd_cdc_core.o
 .debug_abbrev  0x00004638      0x167 ..\obj\stm32f4xx_spi.o
 .debug_abbrev  0x0000479f       0xb8 ..\obj\mbfunccoils.o
 .debug_abbrev  0x00004857      0x1ea ..\obj\ADS1220.o
 .debug_abbrev  0x00004a41      0x205 ..\obj\frequency.o
 .debug_abbrev  0x00004c46      0x164 ..\obj\stm32f4xx_i2c.o
 .debug_abbrev  0x00004daa      0x1a5 ..\obj\stm32f4xx_exti.o
 .debug_abbrev  0x00004f4f      0x145 ..\obj\misc.o
 .debug_abbrev  0x00005094      0x259 ..\obj\usb_dcd.o
 .debug_abbrev  0x000052ed      0x1ae ..\obj\stm32f4xx_rtc.o
 .debug_abbrev  0x0000549b      0x1af ..\obj\usbd_ioreq.o
 .debug_abbrev  0x0000564a      0x16c ..\obj\heap_2.o
 .debug_abbrev  0x000057b6       0xee ..\obj\controller.o
 .debug_abbrev  0x000058a4      0x187 ..\obj\stm32f4xx_tim.o
 .debug_abbrev  0x00005a2b      0x16c ..\obj\power_detector.o

.debug_aranges  0x00000000     0x1f10
 .debug_aranges
                0x00000000      0x138 ..\obj\usb_core.o
 .debug_aranges
                0x00000138       0x50 ..\obj\mbport.o
 .debug_aranges
                0x00000188       0x28 ..\obj\calc.o
 .debug_aranges
                0x000001b0       0x48 ..\obj\mb.o
 .debug_aranges
                0x000001f8      0x108 ..\obj\stm32f4xx_sdio.o
 .debug_aranges
                0x00000300       0x38 ..\obj\protocol.o
 .debug_aranges
                0x00000338       0x20 ..\obj\mbfuncdisc.o
 .debug_aranges
                0x00000358       0x40 ..\obj\usbd_usr.o
 .debug_aranges
                0x00000398       0x30 ..\obj\portevent.o
 .debug_aranges
                0x000003c8       0x28 ..\obj\mbfuncother.o
 .debug_aranges
                0x000003f0      0x100 ..\obj\stm32f4xx_usart.o
 .debug_aranges
                0x000004f0       0x78 ..\obj\stm32f4xx_pwr.o
 .debug_aranges
                0x00000568       0x20 ..\obj\rtc.o
 .debug_aranges
                0x00000588      0x130 ..\obj\sdio_sd.o
 .debug_aranges
                0x000006b8       0x30 ..\obj\mbutils.o
 .debug_aranges
                0x000006e8       0x68 ..\obj\diskio.o
 .debug_aranges
                0x00000750       0x28 ..\obj\startup_stm32f4xx.o
 .debug_aranges
                0x00000778       0x48 ..\obj\stm32f4xx_iwdg.o
 .debug_aranges
                0x000007c0       0x38 ..\obj\mbfuncholding.o
 .debug_aranges
                0x000007f8       0x80 ..\obj\usbd_core.o
 .debug_aranges
                0x00000878       0x40 ..\obj\main.o
 .debug_aranges
                0x000008b8       0x20 ..\obj\mbcrc.o
 .debug_aranges
                0x000008d8      0x178 ..\obj\stm32f4xx_rcc.o
 .debug_aranges
                0x00000a50       0x20 ..\obj\mbfuncfile.o
 .debug_aranges
                0x00000a70       0x98 ..\obj\timers.o
 .debug_aranges
                0x00000b08       0x38 ..\obj\log.o
 .debug_aranges
                0x00000b40       0x20 ..\obj\mbfuncinput.o
 .debug_aranges
                0x00000b60       0xa0 ..\obj\printf.o
 .debug_aranges
                0x00000c00       0x38 ..\obj\watchdog.o
 .debug_aranges
                0x00000c38      0x1c0 ..\obj\tasks.o
 .debug_aranges
                0x00000df8       0x50 ..\obj\usbd_desc.o
 .debug_aranges
                0x00000e48       0x48 ..\obj\fram_i2c.o
 .debug_aranges
                0x00000e90       0x88 ..\obj\stm32f4xx_gpio.o
 .debug_aranges
                0x00000f18       0x90 ..\obj\porttimer.o
 .debug_aranges
                0x00000fa8       0x50 ..\obj\usbd_cdc_vcp.o
 .debug_aranges
                0x00000ff8       0x40 ..\obj\list.o
 .debug_aranges
                0x00001038       0x58 ..\obj\mbrtu.o
 .debug_aranges
                0x00001090       0x30 ..\obj\system_stm32f4xx.o
 .debug_aranges
                0x000010c0       0xb0 ..\obj\stm32f4xx_dma.o
 .debug_aranges
                0x00001170       0x48 ..\obj\usb_bsp.o
 .debug_aranges
                0x000011b8       0x88 ..\obj\usbd_req.o
 .debug_aranges
                0x00001240       0x80 ..\obj\port.o
 .debug_aranges
                0x000012c0      0x100 ..\obj\queue.o
 .debug_aranges
                0x000013c0       0x80 ..\obj\usb_dcd_int.o
 .debug_aranges
                0x00001440       0xb0 ..\obj\portserial.o
 .debug_aranges
                0x000014f0       0x68 ..\obj\usbd_cdc_core.o
 .debug_aranges
                0x00001558       0xe0 ..\obj\stm32f4xx_spi.o
 .debug_aranges
                0x00001638       0x30 ..\obj\mbfunccoils.o
 .debug_aranges
                0x00001668       0x70 ..\obj\ADS1220.o
 .debug_aranges
                0x000016d8       0x40 ..\obj\frequency.o
 .debug_aranges
                0x00001718      0x120 ..\obj\stm32f4xx_i2c.o
 .debug_aranges
                0x00001838       0x58 ..\obj\stm32f4xx_exti.o
 .debug_aranges
                0x00001890       0x40 ..\obj\misc.o
 .debug_aranges
                0x000018d0       0x80 ..\obj\usb_dcd.o
 .debug_aranges
                0x00001950      0x1e0 ..\obj\stm32f4xx_rtc.o
 .debug_aranges
                0x00001b30       0x50 ..\obj\usbd_ioreq.o
 .debug_aranges
                0x00001b80       0x40 ..\obj\heap_2.o
 .debug_aranges
                0x00001bc0       0x28 ..\obj\controller.o
 .debug_aranges
                0x00001be8      0x2f8 ..\obj\stm32f4xx_tim.o
 .debug_aranges
                0x00001ee0       0x30 ..\obj\power_detector.o

.debug_ranges   0x00000000     0x1b50
 .debug_ranges  0x00000000      0x128 ..\obj\usb_core.o
 .debug_ranges  0x00000128       0x40 ..\obj\mbport.o
 .debug_ranges  0x00000168       0x18 ..\obj\calc.o
 .debug_ranges  0x00000180       0x38 ..\obj\mb.o
 .debug_ranges  0x000001b8       0xf8 ..\obj\stm32f4xx_sdio.o
 .debug_ranges  0x000002b0       0x28 ..\obj\protocol.o
 .debug_ranges  0x000002d8       0x10 ..\obj\mbfuncdisc.o
 .debug_ranges  0x000002e8       0x30 ..\obj\usbd_usr.o
 .debug_ranges  0x00000318       0x20 ..\obj\portevent.o
 .debug_ranges  0x00000338       0x18 ..\obj\mbfuncother.o
 .debug_ranges  0x00000350       0xf0 ..\obj\stm32f4xx_usart.o
 .debug_ranges  0x00000440       0x68 ..\obj\stm32f4xx_pwr.o
 .debug_ranges  0x000004a8       0x10 ..\obj\rtc.o
 .debug_ranges  0x000004b8      0x120 ..\obj\sdio_sd.o
 .debug_ranges  0x000005d8       0x20 ..\obj\mbutils.o
 .debug_ranges  0x000005f8       0x58 ..\obj\diskio.o
 .debug_ranges  0x00000650       0x18 ..\obj\startup_stm32f4xx.o
 .debug_ranges  0x00000668       0x38 ..\obj\stm32f4xx_iwdg.o
 .debug_ranges  0x000006a0       0x28 ..\obj\mbfuncholding.o
 .debug_ranges  0x000006c8       0x70 ..\obj\usbd_core.o
 .debug_ranges  0x00000738       0x30 ..\obj\main.o
 .debug_ranges  0x00000768       0x10 ..\obj\mbcrc.o
 .debug_ranges  0x00000778      0x168 ..\obj\stm32f4xx_rcc.o
 .debug_ranges  0x000008e0       0x10 ..\obj\mbfuncfile.o
 .debug_ranges  0x000008f0       0x88 ..\obj\timers.o
 .debug_ranges  0x00000978       0x28 ..\obj\log.o
 .debug_ranges  0x000009a0       0x10 ..\obj\mbfuncinput.o