Archive member included because of file (symbol)

c:/coocox/coide/gcc/sourcery g++ lite/bin/../lib/gcc/arm-none-eabi/4.5.1/thumb2\libgcc.a(_arm_addsubdf3.o)
                              ..\obj\ADS1220.o (__aeabi_dadd)
c:/coocox/coide/gcc/sourcery g++ lite/bin/../lib/gcc/arm-none-eabi/4.5.1/thumb2\libgcc.a(_arm_muldivdf3.o)
                              ..\obj\ADS1220.o (__aeabi_dmul)
c:/coocox/coide/gcc/sourcery g++ lite/bin/../lib/gcc/arm-none-eabi/4.5.1/thumb2\libgcc.a(_arm_truncdfsf2.o)
                              ..\obj\ADS1220.o (__aeabi_d2f)
c:/coocox/coide/gcc/sourcery g++ lite/bin/../lib/gcc/arm-none-eabi/4.5.1/thumb2\libgcc.a(_arm_addsubsf3.o)
                              ..\obj\frequency.o (__aeabi_ui2f)
c:/coocox/coide/gcc/sourcery g++ lite/bin/../lib/gcc/arm-none-eabi/4.5.1/thumb2\libgcc.a(_arm_muldivsf3.o)
                              ..\obj\frequency.o (__aeabi_fmul)
c:/coocox/coide/gcc/sourcery g++ lite/bin/../lib/gcc/arm-none-eabi/4.5.1/../../../../arm-none-eabi/lib/thumb2\libc.a(lib_a-memcmp.o)
                              ..\obj\tasks.o (memcmp)
c:/coocox/coide/gcc/sourcery g++ lite/bin/../lib/gcc/arm-none-eabi/4.5.1/../../../../arm-none-eabi/lib/thumb2\libc.a(lib_a-memcpy.o)
                              ..\obj\mbfuncother.o (memcpy)
c:/coocox/coide/gcc/sourcery g++ lite/bin/../lib/gcc/arm-none-eabi/4.5.1/../../../../arm-none-eabi/lib/thumb2\libc.a(lib_a-memset.o)
                              ..\obj\tasks.o (memset)

Allocating common symbols
Common symbol       size              file

stContext_RS232     0x174             ..\obj\protocol.o
stContext_RS485     0x174             ..\obj\protocol.o
stSettings          0x4               ..\obj\controller.o
xMeasureDataMutex   0x4               ..\obj\controller.o
xI2CBusMutex        0x4               ..\obj\fram_i2c.o
xFrequencySemaphore
                    0x8               ..\obj\frequency.o
xADC_SPI_Mutex      0x4               ..\obj\ADS1220.o
stMeasureData       0x38              ..\obj\controller.o
xSettingsMutex      0x4               ..\obj\controller.o
task_watches        0x50              ..\obj\watchdog.o

Discarded input sections

 .text          0x00000000        0x0 ..\obj\stm32f4xx_syscfg.o
 .data          0x00000000        0x0 ..\obj\stm32f4xx_syscfg.o
 .bss           0x00000000        0x0 ..\obj\stm32f4xx_syscfg.o
 .text.SYSCFG_DeInit
                0x00000000       0x20 ..\obj\stm32f4xx_syscfg.o
 .text.SYSCFG_MemoryRemapConfig
                0x00000000       0x20 ..\obj\stm32f4xx_syscfg.o
 .text.SYSCFG_EXTILineConfig
                0x00000000       0xb4 ..\obj\stm32f4xx_syscfg.o
 .text.SYSCFG_ETH_MediaInterfaceConfig
                0x00000000       0x20 ..\obj\stm32f4xx_syscfg.o
 .text.SYSCFG_CompensationCellCmd
                0x00000000       0x20 ..\obj\stm32f4xx_syscfg.o
 .text.SYSCFG_GetCompensationCellStatus
                0x00000000       0x3c ..\obj\stm32f4xx_syscfg.o
 .text          0x00000000        0x0 ..\obj\mbport.o
 .bss           0x00000000        0x0 ..\obj\mbport.o
 .text          0x00000000        0x0 ..\obj\mb.o
 .bss           0x00000000        0x0 ..\obj\mb.o
 .text.eMBRegisterCB
                0x00000000      0x114 ..\obj\mb.o
 .text.eMBClose
                0x00000000       0x3c ..\obj\mb.o
 .text.eMBDisable
                0x00000000       0x60 ..\obj\mb.o
 .text          0x00000000        0x0 ..\obj\protocol.o
 .data          0x00000000        0x0 ..\obj\protocol.o
 .bss           0x00000000        0x0 ..\obj\protocol.o
 .text          0x00000000        0x0 ..\obj\mbfuncdisc.o
 .data          0x00000000        0x0 ..\obj\mbfuncdisc.o
 .bss           0x00000000        0x0 ..\obj\mbfuncdisc.o
 .text          0x00000000        0x0 ..\obj\core_cm3.o
 .data          0x00000000        0x0 ..\obj\core_cm3.o
 .bss           0x00000000        0x0 ..\obj\core_cm3.o
 .text.__get_PSP
                0x00000000       0x10 ..\obj\core_cm3.o
 .text.__set_PSP
                0x00000000        0x8 ..\obj\core_cm3.o
 .text.__get_MSP
                0x00000000       0x10 ..\obj\core_cm3.o
 .text.__set_MSP
                0x00000000        0x8 ..\obj\core_cm3.o
 .text.__get_BASEPRI
                0x00000000       0x20 ..\obj\core_cm3.o
 .text.__set_BASEPRI
                0x00000000       0x18 ..\obj\core_cm3.o
 .text.__get_PRIMASK
                0x00000000       0x20 ..\obj\core_cm3.o
 .text.__set_PRIMASK
                0x00000000       0x18 ..\obj\core_cm3.o
 .text.__get_FAULTMASK
                0x00000000       0x20 ..\obj\core_cm3.o
 .text.__set_FAULTMASK
                0x00000000       0x18 ..\obj\core_cm3.o
 .text.__get_CONTROL
                0x00000000       0x20 ..\obj\core_cm3.o
 .text.__set_CONTROL
                0x00000000       0x18 ..\obj\core_cm3.o
 .text.__REV    0x00000000       0x24 ..\obj\core_cm3.o
 .text.__REV16  0x00000000       0x24 ..\obj\core_cm3.o
 .text.__REVSH  0x00000000       0x24 ..\obj\core_cm3.o
 .text.__RBIT   0x00000000       0x24 ..\obj\core_cm3.o
 .text.__LDREXB
[...]
Memory Configuration

Name             Origin             Length             Attributes
rom              0x08000000         0x00100000         xr
ram              0x20000000         0x00020000         xrw
ram1             0x10000000         0x00010000         xrw
*default*        0x00000000         0xffffffff

Linker script and memory map

                0x20020000                _eram = 0x20020000

.text           0x08000000     0x993c
 *(.isr_vector .isr_vector.*)
 .isr_vector    0x08000000      0x188 ..\obj\startup_stm32f4xx.o
                0x08000000                g_pfnVectors
 *(.text .text.* .gnu.linkonce.t.*)
 .text.ENTER_CRITICAL_SECTION
                0x08000188        0xc ..\obj\mbport.o
                0x08000188                ENTER_CRITICAL_SECTION
 .text.EXIT_CRITICAL_SECTION
                0x08000194        0xc ..\obj\mbport.o
                0x08000194                EXIT_CRITICAL_SECTION
 .text.eMBRegInputCB
                0x080001a0      0x1c8 ..\obj\mbport.o
                0x080001a0                eMBRegInputCB
 .text.eMBRegHoldingCB
                0x08000368      0x554 ..\obj\mbport.o
                0x08000368                eMBRegHoldingCB
 .text.eMBRegCoilsCB
                0x080008bc       0x20 ..\obj\mbport.o
                0x080008bc                eMBRegCoilsCB
 .text.eMBRegDiscreteCB
                0x080008dc       0x20 ..\obj\mbport.o
                0x080008dc                eMBRegDiscreteCB
 .text.eMBInit  0x080008fc      0x110 ..\obj\mb.o
                0x080008fc                eMBInit
 .text.eMBEnable
                0x08000a0c       0x50 ..\obj\mb.o
                0x08000a0c                eMBEnable
 .text.eMBPoll  0x08000a5c      0x1c0 ..\obj\mb.o
                0x08000a5c                eMBPoll
 .text.Protocol_Init
                0x08000c1c       0xf8 ..\obj\protocol.o
                0x08000c1c                Protocol_Init
 .text.Modbus_RS485_Task
                0x08000d14       0x50 ..\obj\protocol.o
 .text.Modbus_RS232_Task
                0x08000d64       0x50 ..\obj\protocol.o
 .text.eMBFuncReadDiscreteInputs
                0x08000db4      0x130 ..\obj\mbfuncdisc.o
                0x08000db4                eMBFuncReadDiscreteInputs
 .text.xMBPortEventInit
                0x08000ee4       0x20 ..\obj\portevent.o
                0x08000ee4                xMBPortEventInit
 .text.xMBPortEventPost
                0x08000f04       0x2c ..\obj\portevent.o
                0x08000f04                xMBPortEventPost
 .text.xMBPortEventGet
                0x08000f30       0x3c ..\obj\portevent.o
                0x08000f30                xMBPortEventGet
 .text.eMBFuncReportSlaveID
                0x08000f6c       0x4c ..\obj\mbfuncother.o
                0x08000f6c                eMBFuncReportSlaveID
 .text.USART_Init
                0x08000fb8      0x1bc ..\obj\stm32f4xx_usart.o
                0x08000fb8                USART_Init
 .text.USART_Cmd
                0x08001174       0x40 ..\obj\stm32f4xx_usart.o
                0x08001174                USART_Cmd
 .text.USART_SendData
                0x080011b4       0x28 ..\obj\stm32f4xx_usart.o
                0x080011b4                USART_SendData
 .text.USART_ReceiveData
                0x080011dc       0x24 ..\obj\stm32f4xx_usart.o
                0x080011dc                USART_ReceiveData
 .text.USART_ITConfig
                0x08001200       0xa8 ..\obj\stm32f4xx_usart.o
                0x08001200                USART_ITConfig
 .text.USART_GetFlagStatus
                0x080012a8       0x40 ..\obj\stm32f4xx_usart.o
                0x080012a8                USART_GetFlagStatus
 .text.USART_ClearFlag
                0x080012e8       0x24 ..\obj\stm32f4xx_usart.o
                0x080012e8                USART_ClearFlag
 .text.USART_GetITStatus
                0x0800130c       0xcc ..\obj\stm32f4xx_usart.o
                0x0800130c                USART_GetITStatus
 .text.PWR_BackupAccessCmd
                0x080013d8       0x20 ..\obj\stm32f4xx_pwr.o
                0x080013d8                PWR_BackupAccessCmd
 .text.RTC_Clock_Init
                0x080013f8       0x94 ..\obj\rtc.o
                0x080013f8                RTC_Clock_Init
 .text.prveMBError2Exception
                0x0800148c       0x48 ..\obj\mbutils.o
                0x0800148c                prveMBError2Exception
 .text.Default_Reset_Handler
                0x080014d4       0x68 ..\obj\startup_stm32f4xx.o
                0x080014d4                Default_Reset_Handler
                0x080014d4                Reset_Handler
 .text.Default_Handler
                0x0800153c        0x8 ..\obj\startup_stm32f4xx.o
                0x0800153c                RTC_Alarm_IRQHandler
                0x0800153c                HASH_RNG_IRQHandler
                0x0800153c                EXTI2_IRQHandler
                0x0800153c                TIM8_CC_IRQHandler
                0x0800153c                DebugMon_Handler
                0x0800153c                TIM1_CC_IRQHandler
                0x0800153c                DMA2_Stream5_IRQHandler
                0x0800153c                HardFault_Handler
                0x0800153c                DMA1_Stream5_IRQHandler
                0x0800153c                SDIO_IRQHandler
                0x0800153c                TAMP_STAMP_IRQHandler
                0x0800153c                NMI_Handler
                0x0800153c                CAN2_RX1_IRQHandler
                0x0800153c                EXTI3_IRQHandler
                0x0800153c                TIM8_TRG_COM_TIM14_IRQHandler
                0x0800153c                TIM1_UP_TIM10_IRQHandler
                0x0800153c                TIM8_UP_TIM13_IRQHandler
                0x0800153c                I2C3_ER_IRQHandler
                0x0800153c                EXTI0_IRQHandler
                0x0800153c                I2C2_EV_IRQHandler
                0x0800153c                DMA1_Stream2_IRQHandler
                0x0800153c                CAN1_RX0_IRQHandler
                0x0800153c                FPU_IRQHandler
                0x0800153c                OTG_HS_WKUP_IRQHandler
                0x0800153c                UsageFault_Handler
                0x0800153c                CAN2_SCE_IRQHandler
                0x0800153c                DMA2_Stream2_IRQHandler
                0x0800153c                SPI1_IRQHandler
                0x0800153c                TIM6_DAC_IRQHandler
                0x0800153c                TIM1_BRK_TIM9_IRQHandler
                0x0800153c                DCMI_IRQHandler
                0x0800153c                CAN2_RX0_IRQHandler
                0x0800153c                DMA2_Stream3_IRQHandler
                0x0800153c                USART6_IRQHandler
                0x0800153c                CRYP_IRQHandler
                0x0800153c                CAN1_RX1_IRQHandler
                0x0800153c                UART5_IRQHandler
                0x0800153c                DMA2_Stream0_IRQHandler
                0x0800153c                I2C1_EV_IRQHandler
                0x0800153c                DMA1_Stream6_IRQHandler
                0x0800153c                DMA1_Stream1_IRQHandler
                0x0800153c                TIM3_IRQHandler
                0x0800153c                RCC_IRQHandler
                0x0800153c                TIM8_BRK_TIM12_IRQHandler
                0x0800153c                EXTI15_10_IRQHandler
                0x0800153c                ADC_IRQHandler
                0x0800153c                DMA1_Stream7_IRQHandler
                0x0800153c                TIM7_IRQHandler
                0x0800153c                CAN2_TX_IRQHandler
                0x0800153c                DMA2_Stream7_IRQHandler
                0x0800153c                I2C3_EV_IRQHandler
                0x0800153c                EXTI9_5_IRQHandler
                0x0800153c                RTC_WKUP_IRQHandler
                0x0800153c                ETH_WKUP_IRQHandler
                0x0800153c                SPI2_IRQHandler
                0x0800153c                OTG_HS_EP1_IN_IRQHandler
                0x0800153c                MemManage_Handler
                0x0800153c                DMA1_Stream0_IRQHandler
                0x0800153c                CAN1_TX_IRQHandler
                0x0800153c                EXTI4_IRQHandler
                0x0800153c                FSMC_IRQHandler
                0x0800153c                ETH_IRQHandler
                0x0800153c                OTG_HS_EP1_OUT_IRQHandler
                0x0800153c                WWDG_IRQHandler
                0x0800153c                OTG_FS_WKUP_IRQHandler
                0x0800153c                TIM1_TRG_COM_TIM11_IRQHandler
                0x0800153c                OTG_HS_IRQHandler
                0x0800153c                EXTI1_IRQHandler
                0x0800153c                USART2_IRQHandler
                0x0800153c                I2C2_ER_IRQHandler
                0x0800153c                DMA2_Stream1_IRQHandler
                0x0800153c                CAN1_SCE_IRQHandler
                0x0800153c                FLASH_IRQHandler
                0x0800153c                DMA2_Stream4_IRQHandler
                0x0800153c                BusFault_Handler
                0x0800153c                USART1_IRQHandler
                0x0800153c                OTG_FS_IRQHandler
                0x0800153c                SPI3_IRQHandler
                0x0800153c                DMA1_Stream4_IRQHandler
                0x0800153c                I2C1_ER_IRQHandler
                0x0800153c                DMA2_Stream6_IRQHandler
                0x0800153c                DMA1_Stream3_IRQHandler
 .text.eMBFuncWriteHoldingRegister
                0x08001544       0x84 ..\obj\mbfuncholding.o
                0x08001544                eMBFuncWriteHoldingRegister
 .text.eMBFuncWriteMultipleHoldingRegister
                0x080015c8       0xdc ..\obj\mbfuncholding.o
                0x080015c8                eMBFuncWriteMultipleHoldingRegister
 .text.eMBFuncReadHoldingRegister
                0x080016a4      0x10c ..\obj\mbfuncholding.o
                0x080016a4                eMBFuncReadHoldingRegister
 .text.eMBFuncReadWriteMultipleHoldingRegister
                0x080017b0      0x1a0 ..\obj\mbfuncholding.o
                0x080017b0                eMBFuncReadWriteMultipleHoldingRegister
 .text.main     0x08001950       0x14 ..\obj\main.o
                0x08001950                main
 .text.vApplicationMallocFailedHook
                0x08001964        0x8 ..\obj\main.o
                0x08001964                vApplicationMallocFailedHook
 .text.vApplicationStackOverflowHook
                0x0800196c        0xc ..\obj\main.o
                0x0800196c                vApplicationStackOverflowHook
 .text.vApplicationIdleHook
                0x08001978       0x18 ..\obj\main.o
                0x08001978                vApplicationIdleHook
 .text.usMBCRC16
                0x08001990       0x90 ..\obj\mbcrc.o
                0x08001990                usMBCRC16
 .text.RCC_LSEConfig
                0x08001a20       0x5c ..\obj\stm32f4xx_rcc.o
                0x08001a20                RCC_LSEConfig
 .text.RCC_GetClocksFreq
                0x08001a7c      0x1d4 ..\obj\stm32f4xx_rcc.o
                0x08001a7c                RCC_GetClocksFreq
 .text.RCC_RTCCLKConfig
                0x08001c50       0x7c ..\obj\stm32f4xx_rcc.o
                0x08001c50                RCC_RTCCLKConfig
 .text.RCC_RTCCLKCmd
                0x08001ccc       0x20 ..\obj\stm32f4xx_rcc.o
                0x08001ccc                RCC_RTCCLKCmd
 .text.RCC_AHB1PeriphClockCmd
                0x08001cec       0x5c ..\obj\stm32f4xx_rcc.o
                0x08001cec                RCC_AHB1PeriphClockCmd
 .text.RCC_APB1PeriphClockCmd
                0x08001d48       0x5c ..\obj\stm32f4xx_rcc.o
                0x08001d48                RCC_APB1PeriphClockCmd
 .text.RCC_APB2PeriphClockCmd
                0x08001da4       0x5c ..\obj\stm32f4xx_rcc.o
                0x08001da4                RCC_APB2PeriphClockCmd
 .text.RCC_APB1PeriphResetCmd
                0x08001e00       0x5c ..\obj\stm32f4xx_rcc.o
                0x08001e00                RCC_APB1PeriphResetCmd
 .text.RCC_GetFlagStatus
                0x08001e5c       0x90 ..\obj\stm32f4xx_rcc.o
                0x08001e5c                RCC_GetFlagStatus
 .text.eMBFuncReadInputRegister
                0x08001eec      0x110 ..\obj\mbfuncinput.o
                0x08001eec                eMBFuncReadInputRegister
 .text.xTaskGenericCreate
                0x08001ffc      0x1b8 ..\obj\tasks.o
                0x08001ffc                xTaskGenericCreate
 .text.vTaskDelay
                0x080021b4       0xa4 ..\obj\tasks.o
                0x080021b4                vTaskDelay
 .text.vTaskStartScheduler
                0x08002258       0x7c ..\obj\tasks.o
                0x08002258                vTaskStartScheduler
 .text.vTaskSuspendAll
                0x080022d4       0x24 ..\obj\tasks.o
                0x080022d4                vTaskSuspendAll
 .text.xTaskResumeAll
                0x080022f8      0x178 ..\obj\tasks.o
                0x080022f8                xTaskResumeAll
 .text.xTaskIncrementTick
                0x08002470      0x204 ..\obj\tasks.o
                0x08002470                xTaskIncrementTick
 .text.vTaskSwitchContext
                0x08002674      0x14c ..\obj\tasks.o
                0x08002674                vTaskSwitchContext
 .text.vTaskPlaceOnEventList
                0x080027c0       0xb8 ..\obj\tasks.o
                0x080027c0                vTaskPlaceOnEventList
 .text.xTaskRemoveFromEventList
                0x08002878       0xe0 ..\obj\tasks.o
                0x08002878                xTaskRemoveFromEventList
 .text.vTaskSetTimeOutState
                0x08002958       0x38 ..\obj\tasks.o
                0x08002958                vTaskSetTimeOutState
 .text.xTaskCheckForTimeOut
                0x08002990       0xb0 ..\obj\tasks.o
                0x08002990                xTaskCheckForTimeOut
 .text.vTaskMissedYield
                0x08002a40       0x18 ..\obj\tasks.o
                0x08002a40                vTaskMissedYield
 .text.prvIdleTask
                0x08002a58       0x24 ..\obj\tasks.o
 .text.prvInitialiseTCBVariables
                0x08002a7c       0xbc ..\obj\tasks.o
 .text.prvInitialiseTaskLists
                0x08002b38       0xa4 ..\obj\tasks.o
 .text.prvCheckTasksWaitingTermination
                0x08002bdc       0x98 ..\obj\tasks.o
 .text.prvAddCurrentTaskToDelayedList
                0x08002c74       0x8c ..\obj\tasks.o
 .text.prvAllocateTCBAndStack
                0x08002d00       0x7c ..\obj\tasks.o
 .text.prvDeleteTCB
                0x08002d7c       0x20 ..\obj\tasks.o
 .text.prvResetNextTaskUnblockTime
                0x08002d9c       0x5c ..\obj\tasks.o
 .text.vTaskPriorityInherit
                0x08002df8      0x148 ..\obj\tasks.o
                0x08002df8                vTaskPriorityInherit
 .text.xTaskPriorityDisinherit
                0x08002f40      0x114 ..\obj\tasks.o
                0x08002f40                xTaskPriorityDisinherit
 .text.pvTaskIncrementMutexHeldCount
                0x08003054       0x38 ..\obj\tasks.o
                0x08003054                pvTaskIncrementMutexHeldCount
 .text.FRAM_I2C_Init
                0x0800308c       0xe8 ..\obj\fram_i2c.o
                0x0800308c                FRAM_I2C_Init
 .text.FRAM_I2C_Read_Buffer
                0x08003174      0x2e4 ..\obj\fram_i2c.o
                0x08003174                FRAM_I2C_Read_Buffer
 .text.FRAM_I2C_Write_Buffer
                0x08003458      0x210 ..\obj\fram_i2c.o
                0x08003458                FRAM_I2C_Write_Buffer
 .text.FRAM_Read_Settings
                0x08003668       0x8c ..\obj\fram_i2c.o
                0x08003668                FRAM_Read_Settings
 .text.FRAM_Write_Settings
                0x080036f4       0x6c ..\obj\fram_i2c.o
                0x080036f4                FRAM_Write_Settings
 .text.GPIO_Init
                0x08003760      0x158 ..\obj\stm32f4xx_gpio.o
                0x08003760                GPIO_Init
 .text.GPIO_ReadInputDataBit
                0x080038b8       0x40 ..\obj\stm32f4xx_gpio.o
                0x080038b8                GPIO_ReadInputDataBit
 .text.GPIO_PinAFConfig
                0x080038f8       0xb0 ..\obj\stm32f4xx_gpio.o
                0x080038f8                GPIO_PinAFConfig
 .text.RS485TimersInit
                0x080039a8       0xe0 ..\obj\porttimer.o
                0x080039a8                RS485TimersInit
 .text.RS485TimersEnable
                0x08003a88       0x4c ..\obj\porttimer.o
                0x08003a88                RS485TimersEnable
 .text.RS485TimersDisable
                0x08003ad4       0x4c ..\obj\porttimer.o
                0x08003ad4                RS485TimersDisable
 .text.TIM4_IRQHandler
                0x08003b20       0x54 ..\obj\porttimer.o
                0x08003b20                TIM4_IRQHandler
 .text.RS485TimerContextInit
                0x08003b74       0x7c ..\obj\porttimer.o
                0x08003b74                RS485TimerContextInit
 .text.RS232TimersInit
                0x08003bf0       0xe0 ..\obj\porttimer.o
                0x08003bf0                RS232TimersInit
 .text.RS232TimersEnable
                0x08003cd0       0x4c ..\obj\porttimer.o
                0x08003cd0                RS232TimersEnable
 .text.RS232TimersDisable
                0x08003d1c       0x4c ..\obj\porttimer.o
                0x08003d1c                RS232TimersDisable
 .text.TIM5_IRQHandler
                0x08003d68       0x54 ..\obj\porttimer.o
                0x08003d68                TIM5_IRQHandler
 .text.RS232TimerContextInit
                0x08003dbc       0x7c ..\obj\porttimer.o
                0x08003dbc                RS232TimerContextInit
 .text.eMBRTUInit
                0x08003e38       0x88 ..\obj\mbrtu.o
                0x08003e38                eMBRTUInit
 .text.eMBRTUStart
                0x08003ec0       0x38 ..\obj\mbrtu.o
                0x08003ec0                eMBRTUStart
 .text.eMBRTUStop
                0x08003ef8       0x30 ..\obj\mbrtu.o
                0x08003ef8                eMBRTUStop
 .text.eMBRTUReceive
                0x08003f28       0x90 ..\obj\mbrtu.o
                0x08003f28                eMBRTUReceive
 .text.eMBRTUSend
                0x08003fb8       0xe8 ..\obj\mbrtu.o
                0x08003fb8                eMBRTUSend
 .text.xMBRTUReceiveFSM
                0x080040a0       0xd0 ..\obj\mbrtu.o
                0x080040a0                xMBRTUReceiveFSM
 .text.xMBRTUTransmitFSM
                0x08004170       0xb0 ..\obj\mbrtu.o
                0x08004170                xMBRTUTransmitFSM
 .text.xMBRTUTimerT35Expired
                0x08004220       0x60 ..\obj\mbrtu.o
                0x08004220                xMBRTUTimerT35Expired
 .text.vListInitialise
                0x08004280       0x48 ..\obj\list.o
                0x08004280                vListInitialise
 .text.vListInitialiseItem
                0x080042c8       0x1c ..\obj\list.o
                0x080042c8                vListInitialiseItem
 .text.vListInsertEnd
                0x080042e4       0x48 ..\obj\list.o
                0x080042e4                vListInsertEnd
 .text.vListInsert
                0x0800432c       0x74 ..\obj\list.o
                0x0800432c                vListInsert
 .text.uxListRemove
                0x080043a0       0x58 ..\obj\list.o
                0x080043a0                uxListRemove
 .text.SystemInit
                0x080043f8       0x94 ..\obj\system_stm32f4xx.o
                0x080043f8                SystemInit
 .text.SetSysClock
                0x0800448c      0x110 ..\obj\system_stm32f4xx.o
 .text.pxPortInitialiseStack
                0x0800459c       0x64 ..\obj\port.o
                0x0800459c                pxPortInitialiseStack
 .text.prvTaskExitError
                0x08004600       0x20 ..\obj\port.o
 .text.SVC_Handler
                0x08004620       0x24 ..\obj\port.o
                0x08004620                SVC_Handler
 .text.prvPortStartFirstTask
                0x08004644       0x20 ..\obj\port.o
 .text.xPortStartScheduler
                0x08004664      0x10c ..\obj\port.o
                0x08004664                xPortStartScheduler
 .text.vPortYield
                0x08004770       0x20 ..\obj\port.o
                0x08004770                vPortYield
 .text.vPortEnterCritical
                0x08004790       0x50 ..\obj\port.o
                0x08004790                vPortEnterCritical
 .text.vPortExitCritical
                0x080047e0       0x48 ..\obj\port.o
                0x080047e0                vPortExitCritical
 .text.ulPortSetInterruptMask
                0x08004828       0x14 ..\obj\port.o
                0x08004828                ulPortSetInterruptMask
 .text.vPortClearInterruptMask
                0x0800483c        0x8 ..\obj\port.o
                0x0800483c                vPortClearInterruptMask
 .text.PendSV_Handler
                0x08004844       0x44 ..\obj\port.o
                0x08004844                PendSV_Handler
 .text.SysTick_Handler
                0x08004888       0x2c ..\obj\port.o
                0x08004888                SysTick_Handler
 .text.vPortSetupTimerInterrupt
                0x080048b4       0x28 ..\obj\port.o
                0x080048b4                vPortSetupTimerInterrupt
 .text.vPortValidateInterruptPriority
                0x080048dc       0x64 ..\obj\port.o
                0x080048dc                vPortValidateInterruptPriority
 .text.xQueueGenericReset
                0x08004940       0xc0 ..\obj\queue.o
                0x08004940                xQueueGenericReset
 .text.xQueueGenericCreate
                0x08004a00       0xa0 ..\obj\queue.o
                0x08004a00                xQueueGenericCreate
 .text.xQueueCreateMutex
                0x08004aa0       0xa8 ..\obj\queue.o
                0x08004aa0                xQueueCreateMutex
 .text.xQueueGenericSend
                0x08004b48      0x188 ..\obj\queue.o
                0x08004b48                xQueueGenericSend
 .text.xQueueGiveFromISR
                0x08004cd0       0xac ..\obj\queue.o
                0x08004cd0                xQueueGiveFromISR
 .text.xQueueGenericReceive
                0x08004d7c      0x1b8 ..\obj\queue.o
                0x08004d7c                xQueueGenericReceive
 .text.prvCopyDataToQueue
                0x08004f34       0xe8 ..\obj\queue.o
 .text.prvCopyDataFromQueue
                0x0800501c       0x50 ..\obj\queue.o
 .text.prvUnlockQueue
                0x0800506c       0xa0 ..\obj\queue.o
 .text.prvIsQueueEmpty
                0x0800510c       0x34 ..\obj\queue.o
 .text.prvIsQueueFull
                0x08005140       0x38 ..\obj\queue.o
 .text.NVIC_EnableIRQ
                0x08005178       0x38 ..\obj\portserial.o
 .text.RS485SerialEnable
                0x080051b0      0x194 ..\obj\portserial.o
                0x080051b0                RS485SerialEnable
 .text.RS485SerialInit
                0x08005344      0x178 ..\obj\portserial.o
                0x08005344                RS485SerialInit
 .text.RS485SerialPutByte
                0x080054bc       0x44 ..\obj\portserial.o
                0x080054bc                RS485SerialPutByte
 .text.RS485SerialGetByte
                0x08005500       0x3c ..\obj\portserial.o
                0x08005500                RS485SerialGetByte
 .text.USART3_IRQHandler
                0x0800553c       0xdc ..\obj\portserial.o
                0x0800553c                USART3_IRQHandler
 .text.RS485SerialContextInit
                0x08005618       0x90 ..\obj\portserial.o
                0x08005618                RS485SerialContextInit
 .text.RS232SerialEnable
                0x080056a8       0xb4 ..\obj\portserial.o
                0x080056a8                RS232SerialEnable
 .text.RS232SerialInit
                0x0800575c      0x140 ..\obj\portserial.o
                0x0800575c                RS232SerialInit
 .text.RS232SerialPutByte
                0x0800589c       0x44 ..\obj\portserial.o
                0x0800589c                RS232SerialPutByte
 .text.RS232SerialGetByte
                0x080058e0       0x3c ..\obj\portserial.o
                0x080058e0                RS232SerialGetByte
 .text.UART4_IRQHandler
                0x0800591c       0xdc ..\obj\portserial.o
                0x0800591c                UART4_IRQHandler
 .text.RS232SerialContextInit
                0x080059f8       0x90 ..\obj\portserial.o
                0x080059f8                RS232SerialContextInit
 .text.SPI_Init
                0x08005a88       0x98 ..\obj\stm32f4xx_spi.o
                0x08005a88                SPI_Init
 .text.SPI_Cmd  0x08005b20       0x40 ..\obj\stm32f4xx_spi.o
                0x08005b20                SPI_Cmd
 .text.SPI_CalculateCRC
                0x08005b60       0x40 ..\obj\stm32f4xx_spi.o
                0x08005b60                SPI_CalculateCRC
 .text.eMBFuncReadCoils
                0x08005ba0      0x134 ..\obj\mbfunccoils.o
                0x08005ba0                eMBFuncReadCoils
 .text.eMBFuncWriteCoil
                0x08005cd4       0xcc ..\obj\mbfunccoils.o
                0x08005cd4                eMBFuncWriteCoil
 .text.eMBFuncWriteMultipleCoils
                0x08005da0       0xfc ..\obj\mbfunccoils.o
                0x08005da0                eMBFuncWriteMultipleCoils
 .text.ADS1220_init
                0x08005e9c       0xf8 ..\obj\ADS1220.o
                0x08005e9c                ADS1220_init
 .text.ADC_SPI_config
                0x08005f94      0x170 ..\obj\ADS1220.o
 .text.ADC_SPI_send
                0x08006104       0x60 ..\obj\ADS1220.o
                0x08006104                ADC_SPI_send
 .text.ADC_SPI_read
                0x08006164       0x14 ..\obj\ADS1220.o
                0x08006164                ADC_SPI_read
 .text.ADC_RTD1_Task
                0x08006178      0x3d8 ..\obj\ADS1220.o
 .text.ADC_RTD2_Task
                0x08006550       0x84 ..\obj\ADS1220.o
 .text.ADC_Current1_Task
                0x080065d4       0x84 ..\obj\ADS1220.o
 .text.ADC_Current2_Task
                0x08006658       0x84 ..\obj\ADS1220.o
 .text.PT100_Code_To_Temperature
                0x080066dc       0xa0 ..\obj\ADS1220.o
                0x080066dc                PT100_Code_To_Temperature
 .text.I2C_DeInit
                0x0800677c       0x88 ..\obj\stm32f4xx_i2c.o
                0x0800677c                I2C_DeInit
 .text.I2C_Init
                0x08006804      0x1b8 ..\obj\stm32f4xx_i2c.o
                0x08006804                I2C_Init
 .text.I2C_Cmd  0x080069bc       0x40 ..\obj\stm32f4xx_i2c.o
                0x080069bc                I2C_Cmd
 .text.I2C_GenerateSTART
                0x080069fc       0x40 ..\obj\stm32f4xx_i2c.o
                0x080069fc                I2C_GenerateSTART
 .text.I2C_GenerateSTOP
                0x08006a3c       0x40 ..\obj\stm32f4xx_i2c.o
                0x08006a3c                I2C_GenerateSTOP
 .text.I2C_Send7bitAddress
                0x08006a7c       0x3c ..\obj\stm32f4xx_i2c.o
                0x08006a7c                I2C_Send7bitAddress
 .text.I2C_AcknowledgeConfig
                0x08006ab8       0x40 ..\obj\stm32f4xx_i2c.o
                0x08006ab8                I2C_AcknowledgeConfig
 .text.I2C_SendData
                0x08006af8       0x20 ..\obj\stm32f4xx_i2c.o
                0x08006af8                I2C_SendData
 .text.I2C_ReceiveData
                0x08006b18       0x1c ..\obj\stm32f4xx_i2c.o
                0x08006b18                I2C_ReceiveData
 .text.I2C_CheckEvent
                0x08006b34       0x70 ..\obj\stm32f4xx_i2c.o
                0x08006b34                I2C_CheckEvent
 .text.I2C_GetFlagStatus
                0x08006ba4       0x7c ..\obj\stm32f4xx_i2c.o
                0x08006ba4                I2C_GetFlagStatus
 .text.NVIC_EnableIRQ
                0x08006c20       0x38 ..\obj\frequency.o
 .text.FrequencyMeasureInit
                0x08006c58      0x3a4 ..\obj\frequency.o
                0x08006c58                FrequencyMeasureInit
 .text.TIM2_IRQHandler
                0x08006ffc      0x160 ..\obj\frequency.o
                0x08006ffc                TIM2_IRQHandler
 .text.FrequencyCH1Measure_Task
                0x0800715c      0x180 ..\obj\frequency.o
 .text.FrequencyCH2Measure_Task
                0x080072dc      0x180 ..\obj\frequency.o
 .text.EXTI_GetITStatus
                0x0800745c       0x60 ..\obj\stm32f4xx_exti.o
                0x0800745c                EXTI_GetITStatus
 .text.EXTI_ClearITPendingBit
                0x080074bc       0x20 ..\obj\stm32f4xx_exti.o
                0x080074bc                EXTI_ClearITPendingBit
 .text.NVIC_PriorityGroupConfig
                0x080074dc       0x28 ..\obj\misc.o
                0x080074dc                NVIC_PriorityGroupConfig
 .text.NVIC_Init
                0x08007504       0xe8 ..\obj\misc.o
                0x08007504                NVIC_Init
 .text.RTC_Init
                0x080075ec       0xc8 ..\obj\stm32f4xx_rtc.o
                0x080075ec                RTC_Init
 .text.RTC_StructInit
                0x080076b4       0x2c ..\obj\stm32f4xx_rtc.o
                0x080076b4                RTC_StructInit
 .text.RTC_EnterInitMode
                0x080076e0       0x94 ..\obj\stm32f4xx_rtc.o
                0x080076e0                RTC_EnterInitMode
 .text.RTC_ExitInitMode
                0x08007774       0x24 ..\obj\stm32f4xx_rtc.o
                0x08007774                RTC_ExitInitMode
 .text.RTC_WaitForSynchro
                0x08007798       0xb0 ..\obj\stm32f4xx_rtc.o
                0x08007798                RTC_WaitForSynchro
 .text.RTC_SetTime
                0x08007848      0x14c ..\obj\stm32f4xx_rtc.o
                0x08007848                RTC_SetTime
 .text.RTC_GetTime
                0x08007994       0xac ..\obj\stm32f4xx_rtc.o
                0x08007994                RTC_GetTime
 .text.RTC_SetDate
                0x08007a40      0x144 ..\obj\stm32f4xx_rtc.o
                0x08007a40                RTC_SetDate
 .text.RTC_GetDate
                0x08007b84       0xa8 ..\obj\stm32f4xx_rtc.o
                0x08007b84                RTC_GetDate
 .text.RTC_WriteBackupRegister
                0x08007c2c       0x38 ..\obj\stm32f4xx_rtc.o
                0x08007c2c                RTC_WriteBackupRegister
 .text.RTC_ByteToBcd2
                0x08007c64       0x44 ..\obj\stm32f4xx_rtc.o
 .text.RTC_Bcd2ToByte
                0x08007ca8       0x40 ..\obj\stm32f4xx_rtc.o
 .text.pvPortMalloc
                0x08007ce8      0x164 ..\obj\heap_2.o
                0x08007ce8                pvPortMalloc
 .text.vPortFree
                0x08007e4c       0x88 ..\obj\heap_2.o
                0x08007e4c                vPortFree
 .text.xPortGetFreeHeapSize
                0x08007ed4       0x18 ..\obj\heap_2.o
                0x08007ed4                xPortGetFreeHeapSize
 .text.prvHeapInit
                0x08007eec       0x6c ..\obj\heap_2.o
 .text.ControllerInit
                0x08007f58       0x48 ..\obj\controller.o
                0x08007f58                ControllerInit
 .text.Controller_RestoreSettings
                0x08007fa0       0x58 ..\obj\controller.o
                0x08007fa0                Controller_RestoreSettings
 .text.TIM_TimeBaseInit
                0x08007ff8       0xf8 ..\obj\stm32f4xx_tim.o
                0x08007ff8                TIM_TimeBaseInit
 .text.TIM_TimeBaseStructInit
                0x080080f0       0x3c ..\obj\stm32f4xx_tim.o
                0x080080f0                TIM_TimeBaseStructInit
 .text.TIM_SetCounter
                0x0800812c       0x1c ..\obj\stm32f4xx_tim.o
                0x0800812c                TIM_SetCounter
 .text.TIM_ARRPreloadConfig
                0x08008148       0x40 ..\obj\stm32f4xx_tim.o
                0x08008148                TIM_ARRPreloadConfig
 .text.TIM_Cmd  0x08008188       0x40 ..\obj\stm32f4xx_tim.o
                0x08008188                TIM_Cmd
 .text.TIM_ICInit
                0x080081c8       0xa8 ..\obj\stm32f4xx_tim.o
                0x080081c8                TIM_ICInit
 .text.TIM_SetIC1Prescaler
                0x08008270       0x38 ..\obj\stm32f4xx_tim.o
                0x08008270                TIM_SetIC1Prescaler
 .text.TIM_SetIC2Prescaler
                0x080082a8       0x40 ..\obj\stm32f4xx_tim.o
                0x080082a8                TIM_SetIC2Prescaler
 .text.TIM_SetIC3Prescaler
                0x080082e8       0x38 ..\obj\stm32f4xx_tim.o
                0x080082e8                TIM_SetIC3Prescaler
 .text.TIM_SetIC4Prescaler
                0x08008320       0x40 ..\obj\stm32f4xx_tim.o
                0x08008320                TIM_SetIC4Prescaler
 .text.TIM_ITConfig
                0x08008360       0x4c ..\obj\stm32f4xx_tim.o
                0x08008360                TIM_ITConfig
 .text.TIM_ClearFlag
                0x080083ac       0x24 ..\obj\stm32f4xx_tim.o
                0x080083ac                TIM_ClearFlag
 .text.TIM_ClearITPendingBit
                0x080083d0       0x24 ..\obj\stm32f4xx_tim.o
                0x080083d0                TIM_ClearITPendingBit
 .text.TIM_ETRClockMode2Config
                0x080083f4       0x34 ..\obj\stm32f4xx_tim.o
                0x080083f4                TIM_ETRClockMode2Config
 .text.TIM_ETRConfig
                0x08008428       0x54 ..\obj\stm32f4xx_tim.o
                0x08008428                TIM_ETRConfig
 .text.TI1_Config
                0x0800847c       0x84 ..\obj\stm32f4xx_tim.o
 .text.TI2_Config
                0x08008500       0xa4 ..\obj\stm32f4xx_tim.o
 .text.TI3_Config
                0x080085a4       0x94 ..\obj\stm32f4xx_tim.o
 .text.TI4_Config
                0x08008638       0xac ..\obj\stm32f4xx_tim.o
 .text.NVIC_SystemReset
                0x080086e4       0x34 ..\obj\power_detector.o
 .text.PVD_IRQHandler
                0x08008718       0x20 ..\obj\power_detector.o
                0x08008718                PVD_IRQHandler
 .text          0x08008738      0x370 c:/coocox/coide/gcc/sourcery g++ lite/bin/../lib/gcc/arm-none-eabi/4.5.1/thumb2\libgcc.a(_arm_addsubdf3.o)
                0x08008738                __aeabi_drsub
                0x08008740                __aeabi_dsub
                0x08008740                __subdf3
                0x08008744                __aeabi_dadd
                0x08008744                __adddf3
                0x080089bc                __floatunsidf
                0x080089bc                __aeabi_ui2d
                0x080089dc                __floatsidf
                0x080089dc                __aeabi_i2d
                0x08008a00                __aeabi_f2d
                0x08008a00                __extendsfdf2
                0x08008a3c                __floatundidf
                0x08008a3c                __aeabi_ul2d
                0x08008a4c                __floatdidf
                0x08008a4c                __aeabi_l2d
 .text          0x08008aa8      0x424 c:/coocox/coide/gcc/sourcery g++ lite/bin/../lib/gcc/arm-none-eabi/4.5.1/thumb2\libgcc.a(_arm_muldivdf3.o)
                0x08008aa8                __aeabi_dmul
                0x08008aa8                __muldf3
                0x08008cfc                __divdf3
                0x08008cfc                __aeabi_ddiv
 .text          0x08008ecc       0xa0 c:/coocox/coide/gcc/sourcery g++ lite/bin/../lib/gcc/arm-none-eabi/4.5.1/thumb2\libgcc.a(_arm_truncdfsf2.o)
                0x08008ecc                __truncdfsf2
                0x08008ecc                __aeabi_d2f
 .text          0x08008f6c      0x21c c:/coocox/coide/gcc/sourcery g++ lite/bin/../lib/gcc/arm-none-eabi/4.5.1/thumb2\libgcc.a(_arm_addsubsf3.o)
                0x08008f6c                __aeabi_frsub
                0x08008f74                __subsf3
                0x08008f74                __aeabi_fsub
                0x08008f78                __aeabi_fadd
                0x08008f78                __addsf3
                0x080090d8                __aeabi_ui2f
                0x080090d8                __floatunsisf
                0x080090e0                __aeabi_i2f
                0x080090e0                __floatsisf
                0x080090fc                __aeabi_ul2f
                0x080090fc                __floatundisf
                0x0800910c                __aeabi_l2f
                0x0800910c                __floatdisf
 .text          0x08009188      0x2a0 c:/coocox/coide/gcc/sourcery g++ lite/bin/../lib/gcc/arm-none-eabi/4.5.1/thumb2\libgcc.a(_arm_muldivsf3.o)
                0x08009188                __mulsf3
                0x08009188                __aeabi_fmul
                0x080092f0                __aeabi_fdiv
                0x080092f0                __divsf3
 .text          0x08009428       0x58 c:/coocox/coide/gcc/sourcery g++ lite/bin/../lib/gcc/arm-none-eabi/4.5.1/../../../../arm-none-eabi/lib/thumb2\libc.a(lib_a-memcmp.o)
                0x08009428                memcmp
 .text          0x08009480      0x150 c:/coocox/coide/gcc/sourcery g++ lite/bin/../lib/gcc/arm-none-eabi/4.5.1/../../../../arm-none-eabi/lib/thumb2\libc.a(lib_a-memcpy.o)
                0x08009480                memcpy
 .text          0x080095d0       0xb4 c:/coocox/coide/gcc/sourcery g++ lite/bin/../lib/gcc/arm-none-eabi/4.5.1/../../../../arm-none-eabi/lib/thumb2\libc.a(lib_a-memset.o)
                0x080095d0                memset
 *(.glue_7t)
 .glue_7t       0x00000000        0x0 linker stubs
 *(.glue_7)
 .glue_7        0x00000000        0x0 linker stubs
 *(.rodata .rodata* .gnu.linkonce.r.*)
 .rodata        0x08009684       0x20 ..\obj\protocol.o
 .rodata        0x080096a4      0x200 ..\obj\mbcrc.o
 .rodata        0x080098a4       0x1c ..\obj\tasks.o
 .rodata        0x080098c0        0x4 ..\obj\port.o
 .rodata        0x080098c4       0x58 ..\obj\ADS1220.o
 .rodata        0x0800991c       0x18 ..\obj\frequency.o
 .rodata        0x08009934        0x2 ..\obj\heap_2.o
 *fill*         0x08009936        0x2 00
 .rodata        0x08009938        0x4 ..\obj\controller.o
                0x08009938                stSettingsDefault

.vfp11_veneer   0x0800993c        0x0
 .vfp11_veneer  0x00000000        0x0 linker stubs

.v4_bx          0x0800993c        0x0
 .v4_bx         0x00000000        0x0 linker stubs

.ARM.extab
 *(.ARM.extab* .gnu.linkonce.armextab.*)

.ARM.exidx
 *(.ARM.exidx* .gnu.linkonce.armexidx.*)
                0x0800993c                . = ALIGN (0x4)
                0x0800993c                _etext = .
                0x0800993c                _sidata = .

.data           0x20000000       0xb8 load address 0x0800993c
                0x20000000                _sdata = .
 *(.data .data.*)
 .data          0x20000000        0x6 ..\obj\mbport.o
                0x20000000                REG_INPUT_START
                0x20000001                REG_HOLDING_START
                0x20000002                REG_INPUT_NREGS
                0x20000003                REG_HOLDING_NREGS
                0x20000004                usRegInputStart
                0x20000005                usRegHoldingStart
 *fill*         0x20000006        0x2 00
 .data          0x20000008       0x80 ..\obj\mb.o
 .data          0x20000088       0x10 ..\obj\stm32f4xx_rcc.o
 .data          0x20000098        0x4 ..\obj\tasks.o
 .data          0x2000009c       0x14 ..\obj\system_stm32f4xx.o
                0x2000009c                SystemCoreClock
                0x200000a0                AHBPrescTable
 .data          0x200000b0        0x4 ..\obj\port.o
 .data          0x200000b4        0x4 ..\obj\heap_2.o
                0x200000b8                . = ALIGN (0x4)
                0x200000b8                _edata = .

.bss            0x200000b8     0x24fc load address 0x080099f4
                0x200000b8                _sbss = .
 *(.bss .bss.*)
 .bss           0x200000b8       0x24 ..\obj\mbfuncother.o
 .bss           0x200000dc       0xfc ..\obj\tasks.o
                0x200000dc                pxCurrentTCB
 .bss           0x200001d8        0x8 ..\obj\porttimer.o
 .bss           0x200001e0        0x8 ..\obj\port.o
 .bss           0x200001e8       0x10 ..\obj\portserial.o
 .bss           0x200001f8       0x1c ..\obj\frequency.o
                0x20000210                xHigherPriorityTaskWoken
 .bss           0x20000214     0x2014 ..\obj\heap_2.o
 *(COMMON)
 COMMON         0x20002228      0x2e8 ..\obj\protocol.o
                0x20002228                stContext_RS232
                0x2000239c                stContext_RS485
 COMMON         0x20002510       0x50 ..\obj\watchdog.o
                0x20002510                task_watches
 COMMON         0x20002560        0x4 ..\obj\fram_i2c.o
                0x20002560                xI2CBusMutex
 COMMON         0x20002564        0x4 ..\obj\ADS1220.o
                0x20002564                xADC_SPI_Mutex
 COMMON         0x20002568        0x8 ..\obj\frequency.o
                0x20002568                xFrequencySemaphore
 COMMON         0x20002570       0x44 ..\obj\controller.o
                0x20002570                stSettings
                0x20002574                xMeasureDataMutex
                0x20002578                stMeasureData
                0x200025b0                xSettingsMutex
                0x200025b4                . = ALIGN (0x4)
                0x200025b4                _ebss = .

.co_stack       0x200025b4      0x804 load address 0x0800bef0
                0x200025b8                . = ALIGN (0x8)
 *fill*         0x200025b4        0x4 00
 *(.co_stack .co_stack.*)
 .co_stack      0x200025b8      0x800 ..\obj\startup_stm32f4xx.o
                0x200025b8                pulStack
                0x20002db8                . = ALIGN (0x4)
                0x20002db8                _end = .
LOAD ..\obj\stm32f4xx_syscfg.o
LOAD ..\obj\mbport.o
LOAD ..\obj\mb.o
LOAD ..\obj\protocol.o
LOAD ..\obj\mbfuncdisc.o
LOAD ..\obj\core_cm3.o
LOAD ..\obj\portevent.o
LOAD ..\obj\mbfuncother.o
LOAD ..\obj\stm32f4xx_usart.o
LOAD ..\obj\stm32f4xx_pwr.o
LOAD ..\obj\rtc.o
LOAD ..\obj\mbutils.o
LOAD ..\obj\startup_stm32f4xx.o
LOAD ..\obj\stm32f4xx_iwdg.o
LOAD ..\obj\mbfuncholding.o
LOAD ..\obj\main.o
LOAD ..\obj\mbcrc.o
LOAD ..\obj\stm32f4xx_rcc.o
LOAD ..\obj\mbfuncfile.o
LOAD ..\obj\timers.o
LOAD ..\obj\mbfuncinput.o
LOAD ..\obj\printf.o
LOAD ..\obj\watchdog.o
LOAD ..\obj\mbfuncdiag.o
LOAD ..\obj\tasks.o
LOAD ..\obj\fram_i2c.o
LOAD ..\obj\stm32f4xx_gpio.o
LOAD ..\obj\porttimer.o
LOAD ..\obj\mbrtu.o
LOAD ..\obj\list.o
LOAD ..\obj\system_stm32f4xx.o
LOAD ..\obj\syscalls.o
LOAD ..\obj\port.o
LOAD ..\obj\queue.o
LOAD ..\obj\portserial.o
LOAD ..\obj\croutine.o
LOAD ..\obj\stm32f4xx_spi.o
LOAD ..\obj\mbfunccoils.o
LOAD ..\obj\event_groups.o
LOAD ..\obj\ADS1220.o
LOAD ..\obj\stm32f4xx_i2c.o
LOAD ..\obj\frequency.o
LOAD ..\obj\stm32f4xx_exti.o
LOAD ..\obj\misc.o
LOAD ..\obj\stm32f4xx_rtc.o
LOAD ..\obj\mbascii.o
LOAD ..\obj\heap_2.o
LOAD ..\obj\controller.o
LOAD ..\obj\stm32f4xx_tim.o
LOAD ..\obj\power_detector.o
START GROUP
LOAD c:/coocox/coide/gcc/sourcery g++ lite/bin/../lib/gcc/arm-none-eabi/4.5.1/thumb2\libgcc.a
LOAD c:/coocox/coide/gcc/sourcery g++ lite/bin/../lib/gcc/arm-none-eabi/4.5.1/../../../../arm-none-eabi/lib/thumb2\libc.a
END GROUP
OUTPUT(IMS_CONTROLLER.elf elf32-littlearm)

.debug_abbrev   0x00000000     0x396a
 .debug_abbrev  0x00000000      0x12a ..\obj\stm32f4xx_syscfg.o
 .debug_abbrev  0x0000012a      0x178 ..\obj\mbport.o
 .debug_abbrev  0x000002a2      0x199 ..\obj\mb.o
 .debug_abbrev  0x0000043b      0x164 ..\obj\protocol.o
 .debug_abbrev  0x0000059f       0xa5 ..\obj\mbfuncdisc.o
 .debug_abbrev  0x00000644       0xd5 ..\obj\core_cm3.o
 .debug_abbrev  0x00000719       0xc1 ..\obj\portevent.o
 .debug_abbrev  0x000007da       0xbe ..\obj\mbfuncother.o
 .debug_abbrev  0x00000898      0x14e ..\obj\stm32f4xx_usart.o
 .debug_abbrev  0x000009e6      0x175 ..\obj\stm32f4xx_pwr.o
 .debug_abbrev  0x00000b5b       0xc6 ..\obj\rtc.o
 .debug_abbrev  0x00000c21       0xd2 ..\obj\mbutils.o
 .debug_abbrev  0x00000cf3       0xac ..\obj\startup_stm32f4xx.o
 .debug_abbrev  0x00000d9f       0xfa ..\obj\stm32f4xx_iwdg.o
 .debug_abbrev  0x00000e99       0xa5 ..\obj\mbfuncholding.o
 .debug_abbrev  0x00000f3e       0xc0 ..\obj\main.o
 .debug_abbrev  0x00000ffe       0x90 ..\obj\mbcrc.o
 .debug_abbrev  0x0000108e      0x1b7 ..\obj\stm32f4xx_rcc.o
 .debug_abbrev  0x00001245        0x1 ..\obj\mbfuncfile.o
 .debug_abbrev  0x00001246       0x28 ..\obj\timers.o
 .debug_abbrev  0x0000126e       0xa5 ..\obj\mbfuncinput.o
 .debug_abbrev  0x00001313      0x238 ..\obj\printf.o
 .debug_abbrev  0x0000154b      0x120 ..\obj\watchdog.o
 .debug_abbrev  0x0000166b        0x1 ..\obj\mbfuncdiag.o
 .debug_abbrev  0x0000166c      0x206 ..\obj\tasks.o
 .debug_abbrev  0x00001872      0x1c6 ..\obj\fram_i2c.o
 .debug_abbrev  0x00001a38      0x182 ..\obj\stm32f4xx_gpio.o
 .debug_abbrev  0x00001bba      0x1b6 ..\obj\porttimer.o
 .debug_abbrev  0x00001d70      0x180 ..\obj\mbrtu.o
 .debug_abbrev  0x00001ef0       0xb8 ..\obj\list.o
 .debug_abbrev  0x00001fa8      0x140 ..\obj\system_stm32f4xx.o
 .debug_abbrev  0x000020e8       0xde ..\obj\syscalls.o
 .debug_abbrev  0x000021c6      0x186 ..\obj\port.o
 .debug_abbrev  0x0000234c      0x132 ..\obj\queue.o
 .debug_abbrev  0x0000247e      0x203 ..\obj\portserial.o
 .debug_abbrev  0x00002681      0x17f ..\obj\croutine.o
 .debug_abbrev  0x00002800      0x160 ..\obj\stm32f4xx_spi.o
 .debug_abbrev  0x00002960       0xb7 ..\obj\mbfunccoils.o
 .debug_abbrev  0x00002a17      0x10f ..\obj\event_groups.o
 .debug_abbrev  0x00002b26      0x1ac ..\obj\ADS1220.o
 .debug_abbrev  0x00002cd2      0x15d ..\obj\stm32f4xx_i2c.o
 .debug_abbrev  0x00002e2f      0x1b6 ..\obj\frequency.o
 .debug_abbrev  0x00002fe5      0x198 ..\obj\stm32f4xx_exti.o
 .debug_abbrev  0x0000317d      0x126 ..\obj\misc.o
 .debug_abbrev  0x000032a3      0x16b ..\obj\stm32f4xx_rtc.o
 .debug_abbrev  0x0000340e       0x4d ..\obj\mbascii.o
 .debug_abbrev  0x0000345b      0x15f ..\obj\heap_2.o
 .debug_abbrev  0x000035ba       0xe8 ..\obj\controller.o
 .debug_abbrev  0x000036a2      0x163 ..\obj\stm32f4xx_tim.o
 .debug_abbrev  0x00003805      0x165 ..\obj\power_detector.o

.debug_info     0x00000000    0x1445c
 .debug_info    0x00000000      0x27a ..\obj\stm32f4xx_syscfg.o
 .debug_info    0x0000027a      0x767 ..\obj\mbport.o
 .debug_info    0x000009e1      0x9a1 ..\obj\mb.o
 .debug_info    0x00001382      0x884 ..\obj\protocol.o
 .debug_info    0x00001c06      0x1f9 ..\obj\mbfuncdisc.o
 .debug_info    0x00001dff      0x548 ..\obj\core_cm3.o
 .debug_info    0x00002347      0x1c4 ..\obj\portevent.o
 .debug_info    0x0000250b      0x25c ..\obj\mbfuncother.o
 .debug_info    0x00002767      0xa4f ..\obj\stm32f4xx_usart.o
 .debug_info    0x000031b6      0x53e ..\obj\stm32f4xx_pwr.o
 .debug_info    0x000036f4      0x16b ..\obj\rtc.o
 .debug_info    0x0000385f      0x2d1 ..\obj\mbutils.o
 .debug_info    0x00003b30      0x135 ..\obj\startup_stm32f4xx.o
 .debug_info    0x00003c65      0x20b ..\obj\stm32f4xx_iwdg.o
 .debug_info    0x00003e70      0x38e ..\obj\mbfuncholding.o
 .debug_info    0x000041fe      0x188 ..\obj\main.o
 .debug_info    0x00004386      0x13e ..\obj\mbcrc.o
 .debug_info    0x000044c4      0xd24 ..\obj\stm32f4xx_rcc.o
 .debug_info    0x000051e8        0x0 ..\obj\mbfuncfile.o
 .debug_info    0x000051e8       0x6f ..\obj\timers.o
 .debug_info    0x00005257      0x1eb ..\obj\mbfuncinput.o
 .debug_info    0x00005442      0xed2 ..\obj\printf.o
 .debug_info    0x00006314      0x1ab ..\obj\watchdog.o
 .debug_info    0x000064bf        0x0 ..\obj\mbfuncdiag.o
 .debug_info    0x000064bf     0x12a7 ..\obj\tasks.o
 .debug_info    0x00007766      0x696 ..\obj\fram_i2c.o
 .debug_info    0x00007dfc      0x639 ..\obj\stm32f4xx_gpio.o
 .debug_info    0x00008435      0xe0c ..\obj\porttimer.o
 .debug_info    0x00009241      0x7fd ..\obj\mbrtu.o
 .debug_info    0x00009a3e      0x2b5 ..\obj\list.o
 .debug_info    0x00009cf3      0x5ea ..\obj\system_stm32f4xx.o
 .debug_info    0x0000a2dd      0x440 ..\obj\syscalls.o
 .debug_info    0x0000a71d      0x330 ..\obj\port.o
 .debug_info    0x0000aa4d      0x9ea ..\obj\queue.o
 .debug_info    0x0000b437     0x1160 ..\obj\portserial.o
 .debug_info    0x0000c597      0x4ec ..\obj\croutine.o
 .debug_info    0x0000ca83      0xbcc ..\obj\stm32f4xx_spi.o
 .debug_info    0x0000d64f      0x31e ..\obj\mbfunccoils.o
 .debug_info    0x0000d96d      0x639 ..\obj\event_groups.o
 .debug_info    0x0000dfa6      0x747 ..\obj\ADS1220.o
 .debug_info    0x0000e6ed      0xb91 ..\obj\stm32f4xx_i2c.o
 .debug_info    0x0000f27e      0xc86 ..\obj\frequency.o
 .debug_info    0x0000ff04      0x372 ..\obj\stm32f4xx_exti.o
 .debug_info    0x00010276      0x594 ..\obj\misc.o
 .debug_info    0x0001080a     0x1223 ..\obj\stm32f4xx_rtc.o
 .debug_info    0x00011a2d       0x9b ..\obj\mbascii.o
 .debug_info    0x00011ac8      0x2e3 ..\obj\heap_2.o
 .debug_info    0x00011dab      0x231 ..\obj\controller.o
 .debug_info    0x00011fdc     0x1e28 ..\obj\stm32f4xx_tim.o
 .debug_info    0x00013e04      0x658 ..\obj\power_detector.o

.debug_line     0x00000000     0x9fcb
 .debug_line    0x00000000      0x202 ..\obj\stm32f4xx_syscfg.o
 .debug_line    0x00000202      0x4a6 ..\obj\mbport.o
 .debug_line    0x000006a8      0x326 ..\obj\mb.o
 .debug_line    0x000009ce      0x333 ..\obj\protocol.o
 .debug_line    0x00000d01      0x1ed ..\obj\mbfuncdisc.o
 .debug_line    0x00000eee      0x28e ..\obj\core_cm3.o
 .debug_line    0x0000117c      0x1d1 ..\obj\portevent.o
 .debug_line    0x0000134d      0x259 ..\obj\mbfuncother.o
 .debug_line    0x000015a6      0x49c ..\obj\stm32f4xx_usart.o
 .debug_line    0x00001a42      0x29f ..\obj\stm32f4xx_pwr.o
 .debug_line    0x00001ce1      0x1fe ..\obj\rtc.o
 .debug_line    0x00001edf      0x261 ..\obj\mbutils.o
 .debug_line    0x00002140       0xaf ..\obj\startup_stm32f4xx.o
 .debug_line    0x000021ef      0x1f9 ..\obj\stm32f4xx_iwdg.o
 .debug_line    0x000023e8      0x283 ..\obj\mbfuncholding.o
 .debug_line    0x0000266b      0x2ad ..\obj\main.o
 .debug_line    0x00002918      0x164 ..\obj\mbcrc.o
 .debug_line    0x00002a7c      0x598 ..\obj\stm32f4xx_rcc.o
 .debug_line    0x00003014        0x0 ..\obj\mbfuncfile.o
 .debug_line    0x00003014       0x1d ..\obj\timers.o
 .debug_line    0x00003031      0x1e3 ..\obj\mbfuncinput.o
 .debug_line    0x00003214      0x3cf ..\obj\printf.o
 .debug_line    0x000035e3      0x257 ..\obj\watchdog.o
 .debug_line    0x0000383a        0x0 ..\obj\mbfuncdiag.o
 .debug_line    0x0000383a      0xab6 ..\obj\tasks.o
 .debug_line    0x000042f0      0x45d ..\obj\fram_i2c.o
 .debug_line    0x0000474d      0x337 ..\obj\stm32f4xx_gpio.o
 .debug_line    0x00004a84      0x3cd ..\obj\porttimer.o
 .debug_line    0x00004e51      0x293 ..\obj\mbrtu.o
 .debug_line    0x000050e4      0x241 ..\obj\list.o
 .debug_line    0x00005325      0x211 ..\obj\system_stm32f4xx.o
 .debug_line    0x00005536      0x19d ..\obj\syscalls.o
 .debug_line    0x000056d3      0x30a ..\obj\port.o
 .debug_line    0x000059dd      0x6fb ..\obj\queue.o
 .debug_line    0x000060d8      0x4e1 ..\obj\portserial.o
 .debug_line    0x000065b9      0x30d ..\obj\croutine.o
 .debug_line    0x000068c6      0x44c ..\obj\stm32f4xx_spi.o
 .debug_line    0x00006d12      0x25b ..\obj\mbfunccoils.o
 .debug_line    0x00006f6d      0x395 ..\obj\event_groups.o
 .debug_line    0x00007302      0x47f ..\obj\ADS1220.o
 .debug_line    0x00007781      0x4d4 ..\obj\stm32f4xx_i2c.o
 .debug_line    0x00007c55      0x426 ..\obj\frequency.o
 .debug_line    0x0000807b      0x2a1 ..\obj\stm32f4xx_exti.o
 .debug_line    0x0000831c      0x23d ..\obj\misc.o
 .debug_line    0x00008559      0x80f ..\obj\stm32f4xx_rtc.o
 .debug_line    0x00008d68       0xde ..\obj\mbascii.o
 .debug_line    0x00008e46      0x28b ..\obj\heap_2.o
 .debug_line    0x000090d1      0x228 ..\obj\controller.o
 .debug_line    0x000092f9      0xa71 ..\obj\stm32f4xx_tim.o
 .debug_line    0x00009d6a      0x261 ..\obj\power_detector.o

.debug_loc      0x00000000     0x7bf7
 .debug_loc     0x00000000      0x144 ..\obj\stm32f4xx_syscfg.o
 .debug_loc     0x00000144      0x13c ..\obj\mbport.o
 .debug_loc     0x00000280      0x150 ..\obj\mb.o
 .debug_loc     0x000003d0       0xa8 ..\obj\protocol.o
 .debug_loc     0x00000478       0x38 ..\obj\mbfuncdisc.o
 .debug_loc     0x000004b0      0x3f0 ..\obj\core_cm3.o
 .debug_loc     0x000008a0       0xa8 ..\obj\portevent.o
 .debug_loc     0x00000948       0x70 ..\obj\mbfuncother.o
 .debug_loc     0x000009b8      0x658 ..\obj\stm32f4xx_usart.o
 .debug_loc     0x00001010      0x288 ..\obj\stm32f4xx_pwr.o
 .debug_loc     0x00001298       0x38 ..\obj\rtc.o
 .debug_loc     0x000012d0       0xa8 ..\obj\mbutils.o
 .debug_loc     0x00001378       0x64 ..\obj\startup_stm32f4xx.o
 .debug_loc     0x000013dc      0x138 ..\obj\stm32f4xx_iwdg.o
 .debug_loc     0x00001514       0xe0 ..\obj\mbfuncholding.o
 .debug_loc     0x000015f4      0x100 ..\obj\main.o
 .debug_loc     0x000016f4       0x38 ..\obj\mbcrc.o
 .debug_loc     0x0000172c      0x97c ..\obj\stm32f4xx_rcc.o
 .debug_loc     0x000020a8       0x38 ..\obj\mbfuncinput.o
 .debug_loc     0x000020e0      0x3ea ..\obj\printf.o
 .debug_loc     0x000024ca       0x70 ..\obj\watchdog.o
 .debug_loc     0x0000253a      0x92c ..\obj\tasks.o
 .debug_loc     0x00002e66      0x118 ..\obj\fram_i2c.o
 .debug_loc     0x00002f7e      0x310 ..\obj\stm32f4xx_gpio.o
 .debug_loc     0x0000328e      0x1e8 ..\obj\porttimer.o
 .debug_loc     0x00003476      0x1c0 ..\obj\mbrtu.o
 .debug_loc     0x00003636      0x118 ..\obj\list.o
 .debug_loc     0x0000374e       0x9c ..\obj\system_stm32f4xx.o
 .debug_loc     0x000037ea      0x1ec ..\obj\syscalls.o
 .debug_loc     0x000039d6      0x1dc ..\obj\port.o
 .debug_loc     0x00003bb2      0x460 ..\obj\queue.o
 .debug_loc     0x00004012      0x2c0 ..\obj\portserial.o
 .debug_loc     0x000042d2      0x188 ..\obj\croutine.o
 .debug_loc     0x0000445a      0x578 ..\obj\stm32f4xx_spi.o
 .debug_loc     0x000049d2       0xa8 ..\obj\mbfunccoils.o
 .debug_loc     0x00004a7a      0x230 ..\obj\event_groups.o
 .debug_loc     0x00004caa      0x1ec ..\obj\ADS1220.o
 .debug_loc     0x00004e96      0x738 ..\obj\stm32f4xx_i2c.o
 .debug_loc     0x000055ce      0x10d ..\obj\frequency.o
 .debug_loc     0x000056db      0x1b4 ..\obj\stm32f4xx_exti.o
 .debug_loc     0x0000588f      0x118 ..\obj\misc.o
 .debug_loc     0x000059a7      0xc48 ..\obj\stm32f4xx_rtc.o
 .debug_loc     0x000065ef      0x100 ..\obj\heap_2.o
 .debug_loc     0x000066ef       0x58 ..\obj\controller.o
 .debug_loc     0x00006747     0x1420 ..\obj\stm32f4xx_tim.o
 .debug_loc     0x00007b67       0x90 ..\obj\power_detector.o

.debug_pubnames
                0x00000000     0x3374
 .debug_pubnames
                0x00000000       0xc3 ..\obj\stm32f4xx_syscfg.o
 .debug_pubnames
                0x000000c3      0x112 ..\obj\mbport.o
 .debug_pubnames
                0x000001d5       0x66 ..\obj\mb.o
 .debug_pubnames
                0x0000023b       0x4c ..\obj\protocol.o
 .debug_pubnames
                0x00000287       0x30 ..\obj\mbfuncdisc.o
 .debug_pubnames
                0x000002b7      0x159 ..\obj\core_cm3.o
 .debug_pubnames
                0x00000410       0x50 ..\obj\portevent.o
 .debug_pubnames
                0x00000460       0x3d ..\obj\mbfuncother.o
 .debug_pubnames
                0x0000049d      0x294 ..\obj\stm32f4xx_usart.o
 .debug_pubnames
                0x00000731      0x120 ..\obj\stm32f4xx_pwr.o
 .debug_pubnames
                0x00000851       0x25 ..\obj\rtc.o
 .debug_pubnames
                0x00000876       0x52 ..\obj\mbutils.o
 .debug_pubnames
                0x000008c8       0x4a ..\obj\startup_stm32f4xx.o
 .debug_pubnames
                0x00000912       0x91 ..\obj\stm32f4xx_iwdg.o
 .debug_pubnames
                0x000009a3       0xa5 ..\obj\mbfuncholding.o
 .debug_pubnames
                0x00000a48       0x90 ..\obj\main.o
 .debug_pubnames
                0x00000ad8       0x20 ..\obj\mbcrc.o
 .debug_pubnames
                0x00000af8      0x417 ..\obj\stm32f4xx_rcc.o
 .debug_pubnames
                0x00000f0f       0x2f ..\obj\mbfuncinput.o
 .debug_pubnames
                0x00000f3e      0x101 ..\obj\printf.o
 .debug_pubnames
                0x0000103f       0x35 ..\obj\watchdog.o
 .debug_pubnames
                0x00001074      0x350 ..\obj\tasks.o
 .debug_pubnames
                0x000013c4       0x97 ..\obj\fram_i2c.o
 .debug_pubnames
                0x0000145b      0x12d ..\obj\stm32f4xx_gpio.o
 .debug_pubnames
                0x00001588       0xf0 ..\obj\porttimer.o
 .debug_pubnames
                0x00001678       0xa6 ..\obj\mbrtu.o
 .debug_pubnames
                0x0000171e       0x72 ..\obj\list.o
 .debug_pubnames
                0x00001790       0x61 ..\obj\system_stm32f4xx.o
 .debug_pubnames
                0x000017f1       0x71 ..\obj\syscalls.o
 .debug_pubnames
                0x00001862      0x144 ..\obj\port.o
 .debug_pubnames
                0x000019a6      0x18c ..\obj\queue.o
 .debug_pubnames
                0x00001b32      0x123 ..\obj\portserial.o
 .debug_pubnames
                0x00001c55       0x96 ..\obj\croutine.o
 .debug_pubnames
                0x00001ceb      0x221 ..\obj\stm32f4xx_spi.o
 .debug_pubnames
                0x00001f0c       0x5a ..\obj\mbfunccoils.o
 .debug_pubnames
                0x00001f66       0xf8 ..\obj\event_groups.o
 .debug_pubnames
                0x0000205e       0x76 ..\obj\ADS1220.o
 .debug_pubnames
                0x000020d4      0x2cb ..\obj\stm32f4xx_i2c.o
 .debug_pubnames
                0x0000239f       0x74 ..\obj\frequency.o
 .debug_pubnames
                0x00002413       0xbb ..\obj\stm32f4xx_exti.o
 .debug_pubnames
                0x000024ce       0x89 ..\obj\misc.o
 .debug_pubnames
                0x00002557      0x514 ..\obj\stm32f4xx_rtc.o
 .debug_pubnames
                0x00002a6b       0x64 ..\obj\heap_2.o
 .debug_pubnames
                0x00002acf       0xa4 ..\obj\controller.o
 .debug_pubnames
                0x00002b73      0x7c4 ..\obj\stm32f4xx_tim.o
 .debug_pubnames
                0x00003337       0x3d ..\obj\power_detector.o

.debug_pubtypes
                0x00000000     0x24af
 .debug_pubtypes
                0x00000000       0x6d ..\obj\stm32f4xx_syscfg.o
 .debug_pubtypes
                0x0000006d      0x13d ..\obj\mbport.o
 .debug_pubtypes
                0x000001aa      0x17e ..\obj\mb.o
 .debug_pubtypes
                0x00000328      0x16e ..\obj\protocol.o
 .debug_pubtypes
                0x00000496       0x6e ..\obj\mbfuncdisc.o
 .debug_pubtypes
                0x00000504       0x50 ..\obj\core_cm3.o
 .debug_pubtypes
                0x00000554       0x52 ..\obj\portevent.o
 .debug_pubtypes
                0x000005a6       0x82 ..\obj\mbfuncother.o
 .debug_pubtypes
                0x00000628       0xcd ..\obj\stm32f4xx_usart.o
 .debug_pubtypes
                0x000006f5       0x84 ..\obj\stm32f4xx_pwr.o
 .debug_pubtypes
                0x00000779       0x4b ..\obj\rtc.o
 .debug_pubtypes
                0x000007c4       0x79 ..\obj\mbutils.o
 .debug_pubtypes
                0x0000083d       0x64 ..\obj\stm32f4xx_iwdg.o
 .debug_pubtypes
                0x000008a1       0x6e ..\obj\mbfuncholding.o
 .debug_pubtypes
                0x0000090f       0x49 ..\obj\main.o
 .debug_pubtypes
                0x00000958       0x40 ..\obj\mbcrc.o
 .debug_pubtypes
                0x00000998       0xaa ..\obj\stm32f4xx_rcc.o
 .debug_pubtypes
                0x00000a42       0x12 ..\obj\timers.o
 .debug_pubtypes
                0x00000a54       0x6e ..\obj\mbfuncinput.o
 .debug_pubtypes
                0x00000ac2      0x139 ..\obj\printf.o
 .debug_pubtypes
                0x00000bfb       0x63 ..\obj\watchdog.o
 .debug_pubtypes
                0x00000c5e      0x191 ..\obj\tasks.o
 .debug_pubtypes
                0x00000def      0x152 ..\obj\fram_i2c.o
 .debug_pubtypes
                0x00000f41       0xce ..\obj\stm32f4xx_gpio.o
 .debug_pubtypes
                0x0000100f      0x1ad ..\obj\porttimer.o
 .debug_pubtypes
                0x000011bc      0x115 ..\obj\mbrtu.o
 .debug_pubtypes
                0x000012d1       0x98 ..\obj\list.o
 .debug_pubtypes
                0x00001369       0x73 ..\obj\system_stm32f4xx.o
 .debug_pubtypes
                0x000013dc       0xaa ..\obj\syscalls.o
 .debug_pubtypes
                0x00001486       0x7c ..\obj\port.o
 .debug_pubtypes
                0x00001502      0x122 ..\obj\queue.o
 .debug_pubtypes
                0x00001624      0x257 ..\obj\portserial.o
 .debug_pubtypes
                0x0000187b      0x107 ..\obj\croutine.o
 .debug_pubtypes
                0x00001982       0xbc ..\obj\stm32f4xx_spi.o
 .debug_pubtypes
                0x00001a3e       0x6e ..\obj\mbfunccoils.o
 .debug_pubtypes
                0x00001aac       0xf9 ..\obj\event_groups.o
 .debug_pubtypes
                0x00001ba5      0x163 ..\obj\ADS1220.o
 .debug_pubtypes
                0x00001d08       0xbe ..\obj\stm32f4xx_i2c.o
 .debug_pubtypes
                0x00001dc6      0x1fc ..\obj\frequency.o
 .debug_pubtypes
                0x00001fc2       0xae ..\obj\stm32f4xx_exti.o
 .debug_pubtypes
                0x00002070       0x8c ..\obj\misc.o
 .debug_pubtypes
                0x000020fc       0xd8 ..\obj\stm32f4xx_rtc.o
 .debug_pubtypes
                0x000021d4       0x1e ..\obj\mbascii.o
 .debug_pubtypes
                0x000021f2       0x73 ..\obj\heap_2.o
 .debug_pubtypes
                0x00002265       0xa1 ..\obj\controller.o
 .debug_pubtypes
                0x00002306       0xe4 ..\obj\stm32f4xx_tim.o
 .debug_pubtypes
                0x000023ea       0xc5 ..\obj\power_detector.o

.debug_aranges  0x00000000     0x1698
 .debug_aranges
                0x00000000       0x48 ..\obj\stm32f4xx_syscfg.o
 .debug_aranges
                0x00000048       0x48 ..\obj\mbport.o
 .debug_aranges
                0x00000090       0x48 ..\obj\mb.o
 .debug_aranges
                0x000000d8       0x30 ..\obj\protocol.o
 .debug_aranges
                0x00000108       0x20 ..\obj\mbfuncdisc.o
 .debug_aranges
                0x00000128       0xc8 ..\obj\core_cm3.o
 .debug_aranges
                0x000001f0       0x30 ..\obj\portevent.o
 .debug_aranges
                0x00000220       0x28 ..\obj\mbfuncother.o
 .debug_aranges
                0x00000248      0x100 ..\obj\stm32f4xx_usart.o
 .debug_aranges
                0x00000348       0x78 ..\obj\stm32f4xx_pwr.o
 .debug_aranges
                0x000003c0       0x20 ..\obj\rtc.o
 .debug_aranges
                0x000003e0       0x30 ..\obj\mbutils.o
 .debug_aranges
                0x00000410       0x28 ..\obj\startup_stm32f4xx.o
 .debug_aranges
                0x00000438       0x48 ..\obj\stm32f4xx_iwdg.o
 .debug_aranges
                0x00000480       0x38 ..\obj\mbfuncholding.o
 .debug_aranges
                0x000004b8       0x40 ..\obj\main.o
 .debug_aranges
                0x000004f8       0x20 ..\obj\mbcrc.o
 .debug_aranges
                0x00000518      0x178 ..\obj\stm32f4xx_rcc.o
 .debug_aranges
                0x00000690       0x20 ..\obj\mbfuncinput.o
 .debug_aranges
                0x000006b0       0xa0 ..\obj\printf.o
 .debug_aranges
                0x00000750       0x28 ..\obj\watchdog.o
 .debug_aranges
                0x00000778      0x170 ..\obj\tasks.o
 .debug_aranges
                0x000008e8       0x40 ..\obj\fram_i2c.o
 .debug_aranges
                0x00000928       0x88 ..\obj\stm32f4xx_gpio.o
 .debug_aranges
                0x000009b0       0x68 ..\obj\porttimer.o
 .debug_aranges
                0x00000a18       0x58 ..\obj\mbrtu.o
 .debug_aranges
                0x00000a70       0x40 ..\obj\list.o
 .debug_aranges
                0x00000ab0       0x30 ..\obj\system_stm32f4xx.o
 .debug_aranges
                0x00000ae0       0x60 ..\obj\syscalls.o
 .debug_aranges
                0x00000b40       0x90 ..\obj\port.o
 .debug_aranges
                0x00000bd0       0xb8 ..\obj\queue.o
 .debug_aranges
                0x00000c88       0x80 ..\obj\portserial.o
 .debug_aranges
                0x00000d08       0x50 ..\obj\croutine.o
 .debug_aranges
                0x00000d58       0xe0 ..\obj\stm32f4xx_spi.o
 .debug_aranges
                0x00000e38       0x30 ..\obj\mbfunccoils.o
 .debug_aranges
                0x00000e68       0x68 ..\obj\event_groups.o
 .debug_aranges
                0x00000ed0       0x60 ..\obj\ADS1220.o
 .debug_aranges
                0x00000f30      0x120 ..\obj\stm32f4xx_i2c.o
 .debug_aranges
                0x00001050       0x40 ..\obj\frequency.o
 .debug_aranges
                0x00001090       0x58 ..\obj\stm32f4xx_exti.o
 .debug_aranges
                0x000010e8       0x40 ..\obj\misc.o
 .debug_aranges
                0x00001128      0x1e0 ..\obj\stm32f4xx_rtc.o
 .debug_aranges
                0x00001308       0x40 ..\obj\heap_2.o
 .debug_aranges
                0x00001348       0x28 ..\obj\controller.o
 .debug_aranges
                0x00001370      0x2f8 ..\obj\stm32f4xx_tim.o
 .debug_aranges
                0x00001668       0x30 ..\obj\power_detector.o

.debug_ranges   0x00000000     0x13b8
 .debug_ranges  0x00000000       0x38 ..\obj\stm32f4xx_syscfg.o
 .debug_ranges  0x00000038       0x38 ..\obj\mbport.o
 .debug_ranges  0x00000070       0x38 ..\obj\mb.o
 .debug_ranges  0x000000a8       0x20 ..\obj\protocol.o
 .debug_ranges  0x000000c8       0x10 ..\obj\mbfuncdisc.o
 .debug_ranges  0x000000d8       0xb8 ..\obj\core_cm3.o
 .debug_ranges  0x00000190       0x20 ..\obj\portevent.o
 .debug_ranges  0x000001b0       0x18 ..\obj\mbfuncother.o
 .debug_ranges  0x000001c8       0xf0 ..\obj\stm32f4xx_usart.o
 .debug_ranges  0x000002b8       0x68 ..\obj\stm32f4xx_pwr.o
 .debug_ranges  0x00000320       0x10 ..\obj\rtc.o
 .debug_ranges  0x00000330       0x20 ..\obj\mbutils.o
 .debug_ranges  0x00000350       0x18 ..\obj\startup_stm32f4xx.o
 .debug_ranges  0x00000368       0x38 ..\obj\stm32f4xx_iwdg.o
 .debug_ranges  0x000003a0       0x28 ..\obj\mbfuncholding.o
 .debug_ranges  0x000003c8       0x30 ..\obj\main.o
 .debug_ranges  0x000003f8       0x10 ..\obj\mbcrc.o
 .debug_ranges  0x00000408      0x168 ..\obj\stm32f4xx_rcc.o
 .debug_ranges  0x00000570       0x10 ..\obj\mbfuncinput.o
 .debug_ranges  0x00000580       0x90 ..\obj\printf.o
 .debug_ranges  0x00000610       0x18 ..\obj\watchdog.o
 .debug_ranges  0x00000628      0x160 ..\obj\tasks.o
 .debug_ranges  0x00000788       0x30 ..\obj\fram_i2c.o
 .debug_ranges  0x000007b8       0x78 ..\obj\stm32f4xx_gpio.o
 .debug_ranges  0x00000830       0x58 ..\obj\porttimer.o
 .debug_ranges  0x00000888       0x48 ..\obj\mbrtu.o
 .debug_ranges  0x000008d0       0x30 ..\obj\list.o
 .debug_ranges  0x00000900       0x20 ..\obj\system_stm32f4xx.o
 .debug_ranges  0x00000920       0x50 ..\obj\syscalls.o
 .debug_ranges  0x00000970       0x80 ..\obj\port.o
 .debug_ranges  0x000009f0       0xa8 ..\obj\queue.o
 .debug_ranges  0x00000a98       0x70 ..\obj\portserial.o
 .debug_ranges  0x00000b08       0x40 ..\obj\croutine.o
 .debug_ranges  0x00000b48       0xd0 ..\obj\stm32f4xx_spi.o
 .debug_ranges  0x00000c18       0x20 ..\obj\mbfunccoils.o
 .debug_ranges  0x00000c38       0x58 ..\obj\event_groups.o
 .debug_ranges  0x00000c90       0x50 ..\obj\ADS1220.o
 .debug_ranges  0x00000ce0      0x110 ..\obj\stm32f4xx_i2c.o
 .debug_ranges  0x00000df0       0x30 ..\obj\frequency.o
 .debug_ranges  0x00000e20       0x48 ..\obj\stm32f4xx_exti.o
 .debug_ranges  0x00000e68       0x30 ..\obj\misc.o
 .debug_ranges  0x00000e98      0x1d0 ..\obj\stm32f4xx_rtc.o
 .debug_ranges  0x00001068       0x30 ..\obj\heap_2.o
 .debug_ranges  0x00001098       0x18 ..\obj\controller.o
 .debug_ranges  0x000010b0      0x2e8 ..\obj\stm32f4xx_tim.o
 .debug_ranges  0x00001398       0x20 ..\obj\power_detector.o

.debug_str      0x00000000     0x7522
 .debug_str     0x00000000      0x21d ..\obj\stm32f4xx_syscfg.o
                                0x26a (size before relaxing)
 .debug_str     0x0000021d      0x396 ..\obj\mbport.o
                                0x471 (size before relaxing)
 .debug_str     0x000005b3      0x5cc ..\obj\mb.o
                                0x785 (size before relaxing)
 .debug_str     0x00000b7f      0x1c9 ..\obj\protocol.o
                                0x821 (size before relaxing)
 .debug_str     0x00000d48       0xc3 ..\obj\mbfuncdisc.o
                                0x2e3 (size before relaxing)
 .debug_str     0x00000e0b      0x173 ..\obj\core_cm3.o
                                0x23a (size before relaxing)
 .debug_str     0x00000f7e       0x9a ..\obj\portevent.o
                                0x1c1 (size before relaxing)
 .debug_str     0x00001018       0xd8 ..\obj\mbfuncother.o
                                0x30c (size before relaxing)
 .debug_str     0x000010f0      0x4e4 ..\obj\stm32f4xx_usart.o
                                0x5fa (size before relaxing)
 .debug_str     0x000015d4      0x1e9 ..\obj\stm32f4xx_pwr.o
                                0x2fc (size before relaxing)
 .debug_str     0x000017bd       0xa9 ..\obj\rtc.o
                                0x1a1 (size before relaxing)
 .debug_str     0x00001866       0xf9 ..\obj\mbutils.o
                                0x320 (size before relaxing)
 .debug_str     0x0000195f       0xbe ..\obj\startup_stm32f4xx.o
                                 0xe9 (size before relaxing)
 .debug_str     0x00001a1d       0xf6 ..\obj\stm32f4xx_iwdg.o
                                0x1d7 (size before relaxing)
 .debug_str     0x00001b13      0x155 ..\obj\mbfuncholding.o
                                0x3c1 (size before relaxing)
 .debug_str     0x00001c68       0xd6 ..\obj\main.o
                                0x1b1 (size before relaxing)
 .debug_str     0x00001d3e       0x77 ..\obj\mbcrc.o
                                0x144 (size before relaxing)
 .debug_str     0x00001db5      0x5eb ..\obj\stm32f4xx_rcc.o
                                0x7bb (size before relaxing)
 .debug_str     0x000023a0       0x56 ..\obj\timers.o
                                 0xeb (size before relaxing)
 .debug_str     0x000023f6       0x79 ..\obj\mbfuncinput.o
                                0x2d7 (size before relaxing)
 .debug_str     0x0000246f      0x4a4 ..\obj\printf.o
                                0x5fc (size before relaxing)
 .debug_str     0x00002913       0x7c ..\obj\watchdog.o
                                0x19b (size before relaxing)
 .debug_str     0x0000298f      0xa38 ..\obj\tasks.o
                                0xb93 (size before relaxing)
 .debug_str     0x000033c7      0x348 ..\obj\fram_i2c.o
                                0x502 (size before relaxing)
 .debug_str     0x0000370f      0x1a6 ..\obj\stm32f4xx_gpio.o
                                0x40e (size before relaxing)
 .debug_str     0x000038b5      0x7e5 ..\obj\porttimer.o
                                0xeb5 (size before relaxing)
 .debug_str     0x0000409a      0x121 ..\obj\mbrtu.o
                                0x557 (size before relaxing)
 .debug_str     0x000041bb       0xe8 ..\obj\list.o
                                0x231 (size before relaxing)
 .debug_str     0x000042a3       0xb6 ..\obj\system_stm32f4xx.o
                                0x309 (size before relaxing)
 .debug_str     0x00004359      0x158 ..\obj\syscalls.o
                                0x27c (size before relaxing)
 .debug_str     0x000044b1      0x263 ..\obj\port.o
                                0x360 (size before relaxing)
 .debug_str     0x00004714      0x353 ..\obj\queue.o
                                0x576 (size before relaxing)
 .debug_str     0x00004a67      0x1b3 ..\obj\portserial.o
                               0x1078 (size before relaxing)
 .debug_str     0x00004c1a      0x28c ..\obj\croutine.o
                                0x455 (size before relaxing)
 .debug_str     0x00004ea6      0x3b4 ..\obj\stm32f4xx_spi.o
                                0x5f5 (size before relaxing)
 .debug_str     0x0000525a       0xd6 ..\obj\mbfunccoils.o
                                0x34b (size before relaxing)
 .debug_str     0x00005330      0x2a5 ..\obj\event_groups.o
                                0x452 (size before relaxing)
 .debug_str     0x000055d5      0x17a ..\obj\ADS1220.o
                                0x60c (size before relaxing)
 .debug_str     0x0000574f      0x345 ..\obj\stm32f4xx_i2c.o
                                0x5d0 (size before relaxing)
 .debug_str     0x00005a94      0x17f ..\obj\frequency.o
                                0xc2e (size before relaxing)
 .debug_str     0x00005c13      0x1db ..\obj\stm32f4xx_exti.o
                                0x2d9 (size before relaxing)
 .debug_str     0x00005dee      0x137 ..\obj\misc.o
                                0x344 (size before relaxing)
 .debug_str     0x00005f25      0x8b1 ..\obj\stm32f4xx_rtc.o
                                0xabe (size before relaxing)
 .debug_str     0x000067d6       0x58 ..\obj\mbascii.o
                                0x102 (size before relaxing)
 .debug_str     0x0000682e      0x19b ..\obj\heap_2.o
                                0x284 (size before relaxing)
 .debug_str     0x000069c9       0x7c ..\obj\controller.o
                                0x20e (size before relaxing)
 .debug_str     0x00006a45      0xa3a ..\obj\stm32f4xx_tim.o
                                0xd3b (size before relaxing)
 .debug_str     0x0000747f       0xa3 ..\obj\power_detector.o
                                0x838 (size before relaxing)

.comment        0x00000000       0x2a
 .comment       0x00000000       0x2a ..\obj\stm32f4xx_syscfg.o
                                 0x2b (size before relaxing)
 .comment       0x00000000       0x2b ..\obj\mbport.o
 .comment       0x00000000       0x2b ..\obj\mb.o
 .comment       0x00000000       0x2b ..\obj\protocol.o
 .comment       0x00000000       0x2b ..\obj\mbfuncdisc.o
 .comment       0x00000000       0x2b ..\obj\core_cm3.o
 .comment       0x00000000       0x2b ..\obj\portevent.o
 .comment       0x00000000       0x2b ..\obj\mbfuncother.o
 .comment       0x00000000       0x2b ..\obj\stm32f4xx_usart.o
 .comment       0x00000000       0x2b ..\obj\stm32f4xx_pwr.o
 .comment       0x00000000       0x2b ..\obj\rtc.o
 .comment       0x00000000       0x2b ..\obj\mbutils.o
 .comment       0x00000000       0x2b ..\obj\startup_stm32f4xx.o
 .comment       0x00000000       0x2b ..\obj\stm32f4xx_iwdg.o
 .comment       0x00000000       0x2b ..\obj\mbfuncholding.o
 .comment       0x00000000       0x2b ..\obj\main.o
 .comment       0x00000000       0x2b ..\obj\mbcrc.o
 .comment       0x00000000       0x2b ..\obj\stm32f4xx_rcc.o
 .comment       0x00000000       0x2b ..\obj\mbfuncfile.o
 .comment       0x00000000       0x2b ..\obj\timers.o
 .comment       0x00000000       0x2b ..\obj\mbfuncinput.o
 .comment       0x00000000       0x2b ..\obj\printf.o
 .comment       0x00000000       0x2b ..\obj\watchdog.o
 .comment       0x00000000       0x2b ..\obj\mbfuncdiag.o
 .comment       0x00000000       0x2b ..\obj\tasks.o
 .comment       0x00000000       0x2b ..\obj\fram_i2c.o
 .comment       0x00000000       0x2b ..\obj\stm32f4xx_gpio.o
 .comment       0x00000000       0x2b ..\obj\porttimer.o
 .comment       0x00000000       0x2b ..\obj\mbrtu.o
 .comment       0x00000000       0x2b ..\obj\list.o
 .comment       0x00000000       0x2b ..\obj\system_stm32f4xx.o
 .comment       0x00000000       0x2b ..\obj\syscalls.o
 .comment       0x00000000       0x2b ..\obj\port.o
 .comment       0x00000000       0x2b ..\obj\queue.o
 .comment       0x00000000       0x2b ..\obj\portserial.o
 .comment       0x00000000       0x2b ..\obj\croutine.o
 .comment       0x00000000       0x2b ..\obj\stm32f4xx_spi.o
 .comment       0x00000000       0x2b ..\obj\mbfunccoils.o
 .comment       0x00000000       0x2b ..\obj\event_groups.o
 .comment       0x00000000       0x2b ..\obj\ADS1220.o
 .comment       0x00000000       0x2b ..\obj\stm32f4xx_i2c.o
 .comment       0x00000000       0x2b ..\obj\frequency.o
 .comment       0x00000000       0x2b ..\obj\stm32f4xx_exti.o
 .comment       0x00000000       0x2b ..\obj\misc.o
 .comment       0x00000000       0x2b ..\obj\stm32f4xx_rtc.o
 .comment       0x00000000       0x2b ..\obj\mbascii.o
 .comment       0x00000000       0x2b ..\obj\heap_2.o
 .comment       0x00000000       0x2b ..\obj\controller.o
 .comment       0x00000000       0x2b ..\obj\stm32f4xx_tim.o
 .comment       0x00000000       0x2b ..\obj\power_detector.o

.ARM.attributes
                0x00000000       0x31
 .ARM.attributes
                0x00000000       0x31 ..\obj\stm32f4xx_syscfg.o
 .ARM.attributes
                0x00000031       0x31 ..\obj\mbport.o
 .ARM.attributes
                0x00000062       0x31 ..\obj\mb.o
 .ARM.attributes
                0x00000093       0x31 ..\obj\protocol.o
 .ARM.attributes
                0x000000c4       0x31 ..\obj\mbfuncdisc.o
 .ARM.attributes
                0x000000f5       0x31 ..\obj\core_cm3.o
 .ARM.attributes
                0x00000126       0x31 ..\obj\portevent.o
 .ARM.attributes
                0x00000157       0x31 ..\obj\mbfuncother.o
 .ARM.attributes
                0x00000188       0x31 ..\obj\stm32f4xx_usart.o
 .ARM.attributes
                0x000001b9       0x31 ..\obj\stm32f4xx_pwr.o
 .ARM.attributes
                0x000001ea       0x31 ..\obj\rtc.o
 .ARM.attributes
                0x0000021b       0x31 ..\obj\mbutils.o
 .ARM.attributes
                0x0000024c       0x31 ..\obj\startup_stm32f4xx.o
 .ARM.attributes
                0x0000027d       0x31 ..\obj\stm32f4xx_iwdg.o
 .ARM.attributes
                0x000002ae       0x31 ..\obj\mbfuncholding.o
 .ARM.attributes
                0x000002df       0x31 ..\obj\main.o
 .ARM.attributes
                0x00000310       0x31 ..\obj\mbcrc.o
 .ARM.attributes
                0x00000341       0x31 ..\obj\stm32f4xx_rcc.o
 .ARM.attributes
                0x00000372       0x31 ..\obj\mbfuncfile.o
 .ARM.attributes
                0x000003a3       0x31 ..\obj\timers.o
 .ARM.attributes
                0x000003d4       0x31 ..\obj\mbfuncinput.o
 .ARM.attributes
                0x00000405       0x31 ..\obj\printf.o
 .ARM.attributes
                0x00000436       0x31 ..\obj\watchdog.o
 .ARM.attributes
                0x00000467       0x31 ..\obj\mbfuncdiag.o
 .ARM.attributes
                0x00000498       0x31 ..\obj\tasks.o
 .ARM.attributes
                0x000004c9       0x31 ..\obj\fram_i2c.o
 .ARM.attributes
                0x000004fa       0x31 ..\obj\stm32f4xx_gpio.o
 .ARM.attributes
                0x0000052b       0x31 ..\obj\porttimer.o
 .ARM.attributes
                0x0000055c       0x31 ..\obj\mbrtu.o
 .ARM.attributes
                0x0000058d       0x31 ..\obj\list.o
 .ARM.attributes
                0x000005be       0x31 ..\obj\system_stm32f4xx.o
 .ARM.attributes
                0x000005ef       0x31 ..\obj\syscalls.o
 .ARM.attributes
                0x00000620       0x31 ..\obj\port.o
 .ARM.attributes
                0x00000651       0x31 ..\obj\queue.o
 .ARM.attributes
                0x00000682       0x31 ..\obj\portserial.o
 .ARM.attributes
                0x000006b3       0x31 ..\obj\croutine.o
 .ARM.attributes
                0x000006e4       0x31 ..\obj\stm32f4xx_spi.o
 .ARM.attributes
                0x00000715       0x31 ..\obj\mbfunccoils.o
 .ARM.attributes
                0x00000746       0x31 ..\obj\event_groups.o
 .ARM.attributes
                0x00000777       0x31 ..\obj\ADS1220.o
 .ARM.attributes
                0x000007a8       0x31 ..\obj\stm32f4xx_i2c.o
 .ARM.attributes
                0x000007d9       0x31 ..\obj\frequency.o
 .ARM.attributes
                0x0000080a       0x31 ..\obj\stm32f4xx_exti.o
 .ARM.attributes
                0x0000083b       0x31 ..\obj\misc.o
 .ARM.attributes
                0x0000086c       0x31 ..\obj\stm32f4xx_rtc.o
 .ARM.attributes
                0x0000089d       0x31 ..\obj\mbascii.o
 .ARM.attributes
                0x000008ce       0x31 ..\obj\heap_2.o
 .ARM.attributes
                0x000008ff       0x31 ..\obj\controller.o
 .ARM.attributes
                0x00000930       0x31 ..\obj\stm32f4xx_tim.o
 .ARM.attributes
                0x00000961       0x31 ..\obj\power_detector.o
 .ARM.attributes
                0x00000992       0x1b c:/coocox/coide/gcc/sourcery g++ lite/bin/../lib/gcc/arm-none-eabi/4.5.1/thumb2\libgcc.a(_arm_addsubdf3.o)
 .ARM.attributes
                0x000009ad       0x1b c:/coocox/coide/gcc/sourcery g++ lite/bin/../lib/gcc/arm-none-eabi/4.5.1/thumb2\libgcc.a(_arm_muldivdf3.o)
 .ARM.attributes
                0x000009c8       0x1b c:/coocox/coide/gcc/sourcery g++ lite/bin/../lib/gcc/arm-none-eabi/4.5.1/thumb2\libgcc.a(_arm_truncdfsf2.o)
 .ARM.attributes
                0x000009e3       0x1b c:/coocox/coide/gcc/sourcery g++ lite/bin/../lib/gcc/arm-none-eabi/4.5.1/thumb2\libgcc.a(_arm_addsubsf3.o)
 .ARM.attributes
                0x000009fe       0x1b c:/coocox/coide/gcc/sourcery g++ lite/bin/../lib/gcc/arm-none-eabi/4.5.1/thumb2\libgcc.a(_arm_muldivsf3.o)
 .ARM.attributes
                0x00000a19       0x29 c:/coocox/coide/gcc/sourcery g++ lite/bin/../lib/gcc/arm-none-eabi/4.5.1/../../../../arm-none-eabi/lib/thumb2\libc.a(lib_a-memcmp.o)
 .ARM.attributes
                0x00000a42       0x29 c:/coocox/coide/gcc/sourcery g++ lite/bin/../lib/gcc/arm-none-eabi/4.5.1/../../../../arm-none-eabi/lib/thumb2\libc.a(lib_a-memcpy.o)
 .ARM.attributes
                0x00000a6b       0x29 c:/coocox/coide/gcc/sourcery g++ lite/bin/../lib/gcc/arm-none-eabi/4.5.1/../../../../arm-none-eabi/lib/thumb2\libc.a(lib_a-memset.o)

.debug_frame    0x00000000     0x45cc
 .debug_frame   0x00000000       0xbc ..\obj\stm32f4xx_syscfg.o
 .debug_frame   0x000000bc       0xb8 ..\obj\mbport.o
 .debug_frame   0x00000174       0xd4 ..\obj\mb.o
 .debug_frame   0x00000248       0x70 ..\obj\protocol.o
 .debug_frame   0x000002b8       0x30 ..\obj\mbfuncdisc.o
 .debug_frame   0x000002e8      0x280 ..\obj\core_cm3.o
 .debug_frame   0x00000568       0x64 ..\obj\portevent.o
 .debug_frame   0x000005cc       0x50 ..\obj\mbfuncother.o
 .debug_frame   0x0000061c      0x344 ..\obj\stm32f4xx_usart.o
 .debug_frame   0x00000960      0x15c ..\obj\stm32f4xx_pwr.o
 .debug_frame   0x00000abc       0x30 ..\obj\rtc.o
 .debug_frame   0x00000aec       0x68 ..\obj\mbutils.o
 .debug_frame   0x00000b54       0x48 ..\obj\startup_stm32f4xx.o
 .debug_frame   0x00000b9c       0xb0 ..\obj\stm32f4xx_iwdg.o
 .debug_frame   0x00000c4c       0x90 ..\obj\mbfuncholding.o
 .debug_frame   0x00000cdc       0x9c ..\obj\main.o
 .debug_frame   0x00000d78       0x2c ..\obj\mbcrc.o
 .debug_frame   0x00000da4      0x4d8 ..\obj\stm32f4xx_rcc.o
 .debug_frame   0x0000127c       0x30 ..\obj\mbfuncinput.o
 .debug_frame   0x000012ac      0x244 ..\obj\printf.o
 .debug_frame   0x000014f0       0x50 ..\obj\watchdog.o
 .debug_frame   0x00001540      0x53c ..\obj\tasks.o
 .debug_frame   0x00001a7c       0xb0 ..\obj\fram_i2c.o
 .debug_frame   0x00001b2c      0x19c ..\obj\stm32f4xx_gpio.o
 .debug_frame   0x00001cc8      0x138 ..\obj\porttimer.o
 .debug_frame   0x00001e00      0x110 ..\obj\mbrtu.o
 .debug_frame   0x00001f10       0x9c ..\obj\list.o
 .debug_frame   0x00001fac       0x64 ..\obj\system_stm32f4xx.o
 .debug_frame   0x00002010      0x108 ..\obj\syscalls.o
 .debug_frame   0x00002118      0x178 ..\obj\port.o
 .debug_frame   0x00002290      0x290 ..\obj\queue.o
 .debug_frame   0x00002520      0x1a4 ..\obj\portserial.o
 .debug_frame   0x000026c4       0xf0 ..\obj\croutine.o
 .debug_frame   0x000027b4      0x2d0 ..\obj\stm32f4xx_spi.o
 .debug_frame   0x00002a84       0x70 ..\obj\mbfunccoils.o
 .debug_frame   0x00002af4      0x14c ..\obj\event_groups.o
 .debug_frame   0x00002c40      0x12c ..\obj\ADS1220.o
 .debug_frame   0x00002d6c      0x3b4 ..\obj\stm32f4xx_i2c.o
 .debug_frame   0x00003120       0xa8 ..\obj\frequency.o
 .debug_frame   0x000031c8       0xec ..\obj\stm32f4xx_exti.o
 .debug_frame   0x000032b4       0x9c ..\obj\misc.o
 .debug_frame   0x00003350      0x670 ..\obj\stm32f4xx_rtc.o
 .debug_frame   0x000039c0       0x9c ..\obj\heap_2.o
 .debug_frame   0x00003a5c       0x48 ..\obj\controller.o
 .debug_frame   0x00003aa4      0xa3c ..\obj\stm32f4xx_tim.o
 .debug_frame   0x000044e0       0x64 ..\obj\power_detector.o
 .debug_frame   0x00004544       0x2c c:/coocox/coide/gcc/sourcery g++ lite/bin/../lib/gcc/arm-none-eabi/4.5.1/../../../../arm-none-eabi/lib/thumb2\libc.a(lib_a-memcmp.o)
 .debug_frame   0x00004570       0x30 c:/coocox/coide/gcc/sourcery g++ lite/bin/../lib/gcc/arm-none-eabi/4.5.1/../../../../arm-none-eabi/lib/thumb2\libc.a(lib_a-memcpy.o)
 .debug_frame   0x000045a0       0x2c c:/coocox/coide/gcc/sourcery g++ lite/bin/../lib/gcc/arm-none-eabi/4.5.1/../../../../arm-none-eabi/lib/thumb2\libc.a(lib_a-memset.o)
