Archive member included because of file (symbol)

c:/stm32/arm_eabi/bin/../lib/gcc/arm-none-eabi/4.7.2/thumb2\libgcc.a(_arm_addsubdf3.o)
                              ..\obj\ADS1220.o (__aeabi_dadd)
c:/stm32/arm_eabi/bin/../lib/gcc/arm-none-eabi/4.7.2/thumb2\libgcc.a(_arm_muldivdf3.o)
                              ..\obj\ADS1220.o (__aeabi_dmul)
c:/stm32/arm_eabi/bin/../lib/gcc/arm-none-eabi/4.7.2/thumb2\libgcc.a(_arm_truncdfsf2.o)
                              ..\obj\ADS1220.o (__aeabi_d2f)
c:/stm32/arm_eabi/bin/../lib/gcc/arm-none-eabi/4.7.2/thumb2\libgcc.a(_arm_addsubsf3.o)
                              ..\obj\ADS1220.o (__aeabi_ui2f)
c:/stm32/arm_eabi/bin/../lib/gcc/arm-none-eabi/4.7.2/thumb2\libgcc.a(_arm_muldivsf3.o)
                              ..\obj\ADS1220.o (__aeabi_fmul)
c:/stm32/arm_eabi/bin/../lib/gcc/arm-none-eabi/4.7.2/../../../../arm-none-eabi/lib/thumb2\libc.a(lib_a-memcmp.o)
                              ..\obj\tasks.o (memcmp)
c:/stm32/arm_eabi/bin/../lib/gcc/arm-none-eabi/4.7.2/../../../../arm-none-eabi/lib/thumb2\libc.a(lib_a-memcpy.o)
                              ..\obj\mbport.o (memcpy)
c:/stm32/arm_eabi/bin/../lib/gcc/arm-none-eabi/4.7.2/../../../../arm-none-eabi/lib/thumb2\libc.a(lib_a-memset.o)
                              ..\obj\tasks.o (memset)

Allocating common symbols
Common symbol       size              file

APP_Tx_Buffer       0x80              ..\obj\usbd_cdc_vcp.o
log_buf             0x80              ..\obj\log.o
stContext_RS232     0x174             ..\obj\protocol.o
stContext_RS485     0x174             ..\obj\protocol.o
stSettings          0x84              ..\obj\controller.o
usbd_cdc_OtherCfgDesc
                    0x43              ..\obj\usbd_cdc_core.o
APP_tx_ptr_tail     0x4               ..\obj\usbd_cdc_vcp.o
USB_Rx_Buffer       0x40              ..\obj\usbd_cdc_core.o
xMeasureDataMutex   0x4               ..\obj\controller.o
temp_char           0x1               ..\obj\portserial.o
stContext_USB_CDC   0x174             ..\obj\protocol.o
CmdBuff             0x8               ..\obj\usbd_cdc_core.o
xI2CBusMutex        0x4               ..\obj\fram_i2c.o
USB_OTG_dev         0x5f0             ..\obj\controller.o
xFrequencySemaphore
                    0x8               ..\obj\frequency.o
xADC_SPI_Mutex      0x4               ..\obj\ADS1220.o
APP_Rx_Buffer       0x800             ..\obj\usbd_cdc_core.o
stMeasureData       0x40              ..\obj\controller.o
xSettingsMutex      0x4               ..\obj\controller.o
task_watches        0x50              ..\obj\watchdog.o
USBD_StrDesc        0x32              ..\obj\usbd_req.o
APP_tx_ptr_head     0x4               ..\obj\usbd_cdc_vcp.o

Discarded input sections

 .text          0x00000000        0x0 ..\obj\stm32f4xx_syscfg.o
 .data          0x00000000        0x0 ..\obj\stm32f4xx_syscfg.o
 .bss           0x00000000        0x0 ..\obj\stm32f4xx_syscfg.o
 .text.SYSCFG_DeInit
                0x00000000       0x20 ..\obj\stm32f4xx_syscfg.o
 .text.SYSCFG_MemoryRemapConfig
                0x00000000       0x20 ..\obj\stm32f4xx_syscfg.o
 .text.SYSCFG_EXTILineConfig
                0x00000000       0x98 ..\obj\stm32f4xx_syscfg.o
 .text.SYSCFG_ETH_MediaInterfaceConfig
                0x00000000       0x1c ..\obj\stm32f4xx_syscfg.o
 .text.SYSCFG_CompensationCellCmd
                0x00000000       0x20 ..\obj\stm32f4xx_syscfg.o
 .text.SYSCFG_GetCompensationCellStatus
                0x00000000       0x38 ..\obj\stm32f4xx_syscfg.o
 .debug_info    0x00000000      0x279 ..\obj\stm32f4xx_syscfg.o
 .debug_abbrev  0x00000000      0x133 ..\obj\stm32f4xx_syscfg.o
 .debug_loc     0x00000000      0x144 ..\obj\stm32f4xx_syscfg.o
 .debug_aranges
                0x00000000       0x48 ..\obj\stm32f4xx_syscfg.o
 .debug_ranges  0x00000000       0x38 ..\obj\stm32f4xx_syscfg.o
 .debug_line    0x00000000      0x1ed ..\obj\stm32f4xx_syscfg.o
 .debug_str     0x00000000      0x273 ..\obj\stm32f4xx_syscfg.o
 .comment       0x00000000       0x31 ..\obj\stm32f4xx_syscfg.o
 .ARM.attributes
                0x00000000       0x33 ..\obj\stm32f4xx_syscfg.o
 .debug_frame   0x00000000       0xbc ..\obj\stm32f4xx_syscfg.o
 .text          0x00000000        0x0 ..\obj\usb_core.o
 .data          0x00000000        0x0 ..\obj\usb_core.o
 .bss           0x00000000        0x0 ..\obj\usb_core.o
 .text.USB_OTG_IsHostMode
                0x00000000       0x24 ..\obj\usb_core.o
 .text.USB_OTG_ReadOtgItr
                0x00000000       0x1c ..\obj\usb_core.o
 .text.USB_OTG_ActiveRemoteWakeup
                0x00000000       0x94 ..\obj\usb_core.o
 .text.USB_OTG_StopDevice
                0x00000000       0x9c ..\obj\usb_core.o
 .text.USB_OTG_GetEPStatus
                0x00000000       0xc0 ..\obj\usb_core.o
 .text.USB_OTG_SetEPStatus
                0x00000000      0x13c ..\obj\usb_core.o
 .text          0x00000000        0x0 ..\obj\mbport.o
 .bss           0x00000000        0x0 ..\obj\mbport.o
 .text          0x00000000        0x0 ..\obj\mb.o
[...]
Memory Configuration

Name             Origin             Length             Attributes
rom              0x08000000         0x00100000         xr
ram              0x20000000         0x00020000         xrw
ram1             0x10000000         0x00010000         xrw
*default*        0x00000000         0xffffffff

Linker script and memory map

                0x20020000                _eram = 0x20020000

.text           0x08000000     0xe89c
 *(.isr_vector)
 .isr_vector    0x08000000      0x188 ..\obj\startup_stm32f4xx.o
                0x08000000                g_pfnVectors
 *(.text*)
 .text.USB_OTG_EnableCommonInt
                0x08000188       0x44 ..\obj\usb_core.o
 .text.USB_OTG_CoreReset
                0x080001cc       0xa4 ..\obj\usb_core.o
 .text.USB_OTG_WritePacket
                0x08000270       0x84 ..\obj\usb_core.o
                0x08000270                USB_OTG_WritePacket
 .text.USB_OTG_ReadPacket
                0x080002f4       0x68 ..\obj\usb_core.o
                0x080002f4                USB_OTG_ReadPacket
 .text.USB_OTG_SelectCore
                0x0800035c      0x1b0 ..\obj\usb_core.o
                0x0800035c                USB_OTG_SelectCore
 .text.USB_OTG_CoreInit
                0x0800050c      0x1f8 ..\obj\usb_core.o
                0x0800050c                USB_OTG_CoreInit
 .text.USB_OTG_EnableGlobalInt
                0x08000704       0x3c ..\obj\usb_core.o
                0x08000704                USB_OTG_EnableGlobalInt
 .text.USB_OTG_DisableGlobalInt
                0x08000740       0x40 ..\obj\usb_core.o
                0x08000740                USB_OTG_DisableGlobalInt
 .text.USB_OTG_FlushTxFifo
                0x08000780       0x80 ..\obj\usb_core.o
                0x08000780                USB_OTG_FlushTxFifo
 .text.USB_OTG_FlushRxFifo
                0x08000800       0x6c ..\obj\usb_core.o
                0x08000800                USB_OTG_FlushRxFifo
 .text.USB_OTG_SetCurrentMode
                0x0800086c       0x64 ..\obj\usb_core.o
                0x0800086c                USB_OTG_SetCurrentMode
 .text.USB_OTG_GetMode
                0x080008d0       0x20 ..\obj\usb_core.o
                0x080008d0                USB_OTG_GetMode
 .text.USB_OTG_IsDeviceMode
                0x080008f0       0x24 ..\obj\usb_core.o
                0x080008f0                USB_OTG_IsDeviceMode
 .text.USB_OTG_ReadCoreItr
                0x08000914       0x30 ..\obj\usb_core.o
                0x08000914                USB_OTG_ReadCoreItr
 .text.USB_OTG_InitDevSpeed
                0x08000944       0x38 ..\obj\usb_core.o
                0x08000944                USB_OTG_InitDevSpeed
 .text.USB_OTG_CoreInitDev
                0x0800097c      0x2d8 ..\obj\usb_core.o
                0x0800097c                USB_OTG_CoreInitDev
 .text.USB_OTG_EnableDevInt
                0x08000c54       0xa4 ..\obj\usb_core.o
                0x08000c54                USB_OTG_EnableDevInt
 .text.USB_OTG_GetDeviceSpeed
                0x08000cf8       0x50 ..\obj\usb_core.o
                0x08000cf8                USB_OTG_GetDeviceSpeed
 .text.USB_OTG_EP0Activate
                0x08000d48       0x80 ..\obj\usb_core.o
                0x08000d48                USB_OTG_EP0Activate
 .text.USB_OTG_EPActivate
                0x08000dc8       0xf8 ..\obj\usb_core.o
                0x08000dc8                USB_OTG_EPActivate
 .text.USB_OTG_EPDeactivate
                0x08000ec0       0xa4 ..\obj\usb_core.o
                0x08000ec0                USB_OTG_EPDeactivate
 .text.USB_OTG_EPStartXfer
                0x08000f64      0x2d0 ..\obj\usb_core.o
                0x08000f64                USB_OTG_EPStartXfer
 .text.USB_OTG_EP0StartXfer
                0x08001234      0x200 ..\obj\usb_core.o
                0x08001234                USB_OTG_EP0StartXfer
 .text.USB_OTG_EPSetStall
                0x08001434       0x94 ..\obj\usb_core.o
                0x08001434                USB_OTG_EPSetStall
 .text.USB_OTG_EPClearStall
                0x080014c8       0x84 ..\obj\usb_core.o
                0x080014c8                USB_OTG_EPClearStall
 .text.USB_OTG_ReadDevAllOutEp_itr
                0x0800154c       0x30 ..\obj\usb_core.o
                0x0800154c                USB_OTG_ReadDevAllOutEp_itr
 .text.USB_OTG_ReadDevOutEP_itr
                0x0800157c       0x3c ..\obj\usb_core.o
                0x0800157c                USB_OTG_ReadDevOutEP_itr
 .text.USB_OTG_ReadDevAllInEPItr
                0x080015b8       0x34 ..\obj\usb_core.o
                0x080015b8                USB_OTG_ReadDevAllInEPItr
 .text.USB_OTG_EP0_OutStart
                0x080015ec       0x78 ..\obj\usb_core.o
                0x080015ec                USB_OTG_EP0_OutStart
 .text.USB_OTG_UngateClock
                0x08001664       0x54 ..\obj\usb_core.o
                0x08001664                USB_OTG_UngateClock
 .text.ENTER_CRITICAL_SECTION
                0x080016b8        0xc ..\obj\mbport.o
                0x080016b8                ENTER_CRITICAL_SECTION
 .text.EXIT_CRITICAL_SECTION
                0x080016c4        0xc ..\obj\mbport.o
                0x080016c4                EXIT_CRITICAL_SECTION
 .text.eMBRegInputCB
                0x080016d0      0x1bc ..\obj\mbport.o
                0x080016d0                eMBRegInputCB
 .text.eMBRegHoldingCB
                0x0800188c      0x6fc ..\obj\mbport.o
                0x0800188c                eMBRegHoldingCB
 .text.eMBRegCoilsCB
                0x08001f88       0x20 ..\obj\mbport.o
                0x08001f88                eMBRegCoilsCB
 .text.eMBRegDiscreteCB
                0x08001fa8       0x20 ..\obj\mbport.o
                0x08001fa8                eMBRegDiscreteCB
 .text.eMBFileCB
                0x08001fc8      0x16c ..\obj\mbport.o
                0x08001fc8                eMBFileCB
 .text.eMBInit  0x08002134      0x100 ..\obj\mb.o
                0x08002134                eMBInit
 .text.eMBEnable
                0x08002234       0x50 ..\obj\mb.o
                0x08002234                eMBEnable
 .text.eMBPoll  0x08002284      0x1ac ..\obj\mb.o
                0x08002284                eMBPoll
 .text.Protocol_Init
                0x08002430      0x134 ..\obj\protocol.o
                0x08002430                Protocol_Init
 .text.Modbus_RS485_Task
                0x08002564       0x38 ..\obj\protocol.o
 .text.Modbus_RS232_Task
                0x0800259c       0x38 ..\obj\protocol.o
 .text.Modbus_USB_CDC_Task
                0x080025d4       0x38 ..\obj\protocol.o
 .text.eMBFuncReadDiscreteInputs
                0x0800260c      0x130 ..\obj\mbfuncdisc.o
                0x0800260c                eMBFuncReadDiscreteInputs
 .text.USBD_USR_Init
                0x0800273c        0xc ..\obj\usbd_usr.o
                0x0800273c                USBD_USR_Init
 .text.USBD_USR_DeviceReset
                0x08002748       0x14 ..\obj\usbd_usr.o
                0x08002748                USBD_USR_DeviceReset
 .text.USBD_USR_DeviceConfigured
                0x0800275c        0xc ..\obj\usbd_usr.o
                0x0800275c                USBD_USR_DeviceConfigured
 .text.USBD_USR_DeviceSuspended
                0x08002768        0xc ..\obj\usbd_usr.o
                0x08002768                USBD_USR_DeviceSuspended
 .text.USBD_USR_DeviceResumed
                0x08002774        0xc ..\obj\usbd_usr.o
                0x08002774                USBD_USR_DeviceResumed
 .text.xMBPortEventInit
                0x08002780       0x20 ..\obj\portevent.o
                0x08002780                xMBPortEventInit
 .text.xMBPortEventPost
                0x080027a0       0x2c ..\obj\portevent.o
                0x080027a0                xMBPortEventPost
 .text.xMBPortEventGet
                0x080027cc       0x3c ..\obj\portevent.o
                0x080027cc                xMBPortEventGet
 .text.eMBFuncReportSlaveID
                0x08002808       0x44 ..\obj\mbfuncother.o
                0x08002808                eMBFuncReportSlaveID
 .text.USART_Init
                0x0800284c      0x19c ..\obj\stm32f4xx_usart.o
                0x0800284c                USART_Init
 .text.USART_Cmd
                0x080029e8       0x40 ..\obj\stm32f4xx_usart.o
                0x080029e8                USART_Cmd
 .text.USART_SendData
                0x08002a28       0x28 ..\obj\stm32f4xx_usart.o
                0x08002a28                USART_SendData
 .text.USART_ReceiveData
                0x08002a50       0x24 ..\obj\stm32f4xx_usart.o
                0x08002a50                USART_ReceiveData
 .text.USART_ITConfig
                0x08002a74       0xa4 ..\obj\stm32f4xx_usart.o
                0x08002a74                USART_ITConfig
 .text.USART_GetFlagStatus
                0x08002b18       0x40 ..\obj\stm32f4xx_usart.o
                0x08002b18                USART_GetFlagStatus
 .text.USART_ClearFlag
                0x08002b58       0x24 ..\obj\stm32f4xx_usart.o
                0x08002b58                USART_ClearFlag
 .text.USART_GetITStatus
                0x08002b7c       0xc4 ..\obj\stm32f4xx_usart.o
                0x08002b7c                USART_GetITStatus
 .text.PWR_BackupAccessCmd
                0x08002c40       0x20 ..\obj\stm32f4xx_pwr.o
                0x08002c40                PWR_BackupAccessCmd
 .text.RTC_Clock_Init
                0x08002c60       0x94 ..\obj\rtc.o
                0x08002c60                RTC_Clock_Init
 .text.prveMBError2Exception
                0x08002cf4       0x48 ..\obj\mbutils.o
                0x08002cf4                prveMBError2Exception
 .text.Default_Reset_Handler
                0x08002d3c       0x64 ..\obj\startup_stm32f4xx.o
                0x08002d3c                Default_Reset_Handler
                0x08002d3c                Reset_Handler
 .text.Default_Handler
                0x08002da0        0x8 ..\obj\startup_stm32f4xx.o
                0x08002da0                RTC_Alarm_IRQHandler
                0x08002da0                HASH_RNG_IRQHandler
                0x08002da0                EXTI2_IRQHandler
                0x08002da0                TIM8_CC_IRQHandler
                0x08002da0                DebugMon_Handler
                0x08002da0                TIM1_CC_IRQHandler
                0x08002da0                DMA2_Stream5_IRQHandler
                0x08002da0                HardFault_Handler
                0x08002da0                DMA1_Stream5_IRQHandler
                0x08002da0                SDIO_IRQHandler
                0x08002da0                TAMP_STAMP_IRQHandler
                0x08002da0                NMI_Handler
                0x08002da0                CAN2_RX1_IRQHandler
                0x08002da0                EXTI3_IRQHandler
                0x08002da0                TIM8_TRG_COM_TIM14_IRQHandler
                0x08002da0                TIM8_UP_TIM13_IRQHandler
                0x08002da0                I2C3_ER_IRQHandler
                0x08002da0                EXTI0_IRQHandler
                0x08002da0                I2C2_EV_IRQHandler
                0x08002da0                DMA1_Stream2_IRQHandler
                0x08002da0                CAN1_RX0_IRQHandler
                0x08002da0                FPU_IRQHandler
                0x08002da0                OTG_HS_WKUP_IRQHandler
                0x08002da0                UsageFault_Handler
                0x08002da0                CAN2_SCE_IRQHandler
                0x08002da0                DMA2_Stream2_IRQHandler
                0x08002da0                SPI1_IRQHandler
                0x08002da0                TIM6_DAC_IRQHandler
                0x08002da0                TIM1_BRK_TIM9_IRQHandler
                0x08002da0                DCMI_IRQHandler
                0x08002da0                CAN2_RX0_IRQHandler
                0x08002da0                DMA2_Stream3_IRQHandler
                0x08002da0                CRYP_IRQHandler
                0x08002da0                CAN1_RX1_IRQHandler
                0x08002da0                UART5_IRQHandler
                0x08002da0                DMA2_Stream0_IRQHandler
                0x08002da0                I2C1_EV_IRQHandler
                0x08002da0                DMA1_Stream6_IRQHandler
                0x08002da0                DMA1_Stream1_IRQHandler
                0x08002da0                UART4_IRQHandler
                0x08002da0                TIM3_IRQHandler
                0x08002da0                RCC_IRQHandler
                0x08002da0                TIM8_BRK_TIM12_IRQHandler
                0x08002da0                EXTI15_10_IRQHandler
                0x08002da0                ADC_IRQHandler
                0x08002da0                DMA1_Stream7_IRQHandler
                0x08002da0                TIM7_IRQHandler
                0x08002da0                CAN2_TX_IRQHandler
                0x08002da0                DMA2_Stream7_IRQHandler
                0x08002da0                I2C3_EV_IRQHandler
                0x08002da0                EXTI9_5_IRQHandler
                0x08002da0                RTC_WKUP_IRQHandler
                0x08002da0                ETH_WKUP_IRQHandler
                0x08002da0                SPI2_IRQHandler
                0x08002da0                OTG_HS_EP1_IN_IRQHandler
                0x08002da0                MemManage_Handler
                0x08002da0                DMA1_Stream0_IRQHandler
                0x08002da0                CAN1_TX_IRQHandler
                0x08002da0                EXTI4_IRQHandler
                0x08002da0                FSMC_IRQHandler
                0x08002da0                ETH_IRQHandler
                0x08002da0                OTG_HS_EP1_OUT_IRQHandler
                0x08002da0                WWDG_IRQHandler
                0x08002da0                TIM1_TRG_COM_TIM11_IRQHandler
                0x08002da0                OTG_HS_IRQHandler
                0x08002da0                EXTI1_IRQHandler
                0x08002da0                USART2_IRQHandler
                0x08002da0                I2C2_ER_IRQHandler
                0x08002da0                DMA2_Stream1_IRQHandler
                0x08002da0                CAN1_SCE_IRQHandler
                0x08002da0                FLASH_IRQHandler
                0x08002da0                DMA2_Stream4_IRQHandler
                0x08002da0                BusFault_Handler
                0x08002da0                USART1_IRQHandler
                0x08002da0                SPI3_IRQHandler
                0x08002da0                DMA1_Stream4_IRQHandler
                0x08002da0                I2C1_ER_IRQHandler
                0x08002da0                DMA2_Stream6_IRQHandler
                0x08002da0                DMA1_Stream3_IRQHandler
 .text.eMBFuncWriteHoldingRegister
                0x08002da8       0x80 ..\obj\mbfuncholding.o
                0x08002da8                eMBFuncWriteHoldingRegister
 .text.eMBFuncWriteMultipleHoldingRegister
                0x08002e28       0xd4 ..\obj\mbfuncholding.o
                0x08002e28                eMBFuncWriteMultipleHoldingRegister
 .text.eMBFuncReadHoldingRegister
                0x08002efc      0x10c ..\obj\mbfuncholding.o
                0x08002efc                eMBFuncReadHoldingRegister
 .text.eMBFuncReadWriteMultipleHoldingRegister
                0x08003008      0x194 ..\obj\mbfuncholding.o
                0x08003008                eMBFuncReadWriteMultipleHoldingRegister
 .text.USBD_Init
                0x0800319c       0x58 ..\obj\usbd_core.o
                0x0800319c                USBD_Init
 .text.USBD_DeInit
                0x080031f4       0x18 ..\obj\usbd_core.o
                0x080031f4                USBD_DeInit
 .text.USBD_SetupStage
                0x0800320c       0x70 ..\obj\usbd_core.o
 .text.USBD_DataOutStage
                0x0800327c       0xd4 ..\obj\usbd_core.o
 .text.USBD_DataInStage
                0x08003350      0x114 ..\obj\usbd_core.o
 .text.USBD_Reset
                0x08003464       0x54 ..\obj\usbd_core.o
 .text.USBD_Resume
                0x080034b8       0x2c ..\obj\usbd_core.o
 .text.USBD_Suspend
                0x080034e4       0x2c ..\obj\usbd_core.o
 .text.USBD_SOF
                0x08003510       0x30 ..\obj\usbd_core.o
 .text.USBD_SetCfg
                0x08003540       0x34 ..\obj\usbd_core.o
                0x08003540                USBD_SetCfg
 .text.USBD_ClrCfg
                0x08003574       0x2c ..\obj\usbd_core.o
                0x08003574                USBD_ClrCfg
 .text.USBD_IsoINIncomplete
                0x080035a0       0x24 ..\obj\usbd_core.o
 .text.USBD_IsoOUTIncomplete
                0x080035c4       0x24 ..\obj\usbd_core.o
 .text.main     0x080035e8       0x14 ..\obj\main.o
                0x080035e8                main
 .text.vApplicationMallocFailedHook
                0x080035fc        0x8 ..\obj\main.o
                0x080035fc                vApplicationMallocFailedHook
 .text.vApplicationStackOverflowHook
                0x08003604        0xc ..\obj\main.o
                0x08003604                vApplicationStackOverflowHook
 .text.vApplicationIdleHook
                0x08003610       0x18 ..\obj\main.o
                0x08003610                vApplicationIdleHook
 .text.usMBCRC16
                0x08003628       0x84 ..\obj\mbcrc.o
                0x08003628                usMBCRC16
 .text.RCC_LSEConfig
                0x080036ac       0x4c ..\obj\stm32f4xx_rcc.o
                0x080036ac                RCC_LSEConfig
 .text.RCC_GetClocksFreq
                0x080036f8      0x178 ..\obj\stm32f4xx_rcc.o
                0x080036f8                RCC_GetClocksFreq
 .text.RCC_RTCCLKConfig
                0x08003870       0x60 ..\obj\stm32f4xx_rcc.o
                0x08003870                RCC_RTCCLKConfig
 .text.RCC_RTCCLKCmd
                0x080038d0       0x20 ..\obj\stm32f4xx_rcc.o
                0x080038d0                RCC_RTCCLKCmd
 .text.RCC_AHB1PeriphClockCmd
                0x080038f0       0x40 ..\obj\stm32f4xx_rcc.o
                0x080038f0                RCC_AHB1PeriphClockCmd
 .text.RCC_AHB2PeriphClockCmd
                0x08003930       0x40 ..\obj\stm32f4xx_rcc.o
                0x08003930                RCC_AHB2PeriphClockCmd
 .text.RCC_APB1PeriphClockCmd
                0x08003970       0x40 ..\obj\stm32f4xx_rcc.o
                0x08003970                RCC_APB1PeriphClockCmd
 .text.RCC_APB2PeriphClockCmd
                0x080039b0       0x40 ..\obj\stm32f4xx_rcc.o
                0x080039b0                RCC_APB2PeriphClockCmd
 .text.RCC_APB1PeriphResetCmd
                0x080039f0       0x40 ..\obj\stm32f4xx_rcc.o
                0x080039f0                RCC_APB1PeriphResetCmd
 .text.RCC_GetFlagStatus
                0x08003a30       0x80 ..\obj\stm32f4xx_rcc.o
                0x08003a30                RCC_GetFlagStatus
 .text.eMBFuncReadFile
                0x08003ab0      0x260 ..\obj\mbfuncfile.o
                0x08003ab0                eMBFuncReadFile
 .text.Log_Read_LogEntry
                0x08003d10       0x58 ..\obj\log.o
                0x08003d10                Log_Read_LogEntry
 .text.eMBFuncReadInputRegister
                0x08003d68      0x110 ..\obj\mbfuncinput.o
                0x08003d68                eMBFuncReadInputRegister
 .text.Watchdog_SetTaskStatus
                0x08003e78       0x30 ..\obj\watchdog.o
                0x08003e78                Watchdog_SetTaskStatus
 .text.Watchdog_IncrementCouter
                0x08003ea8       0x30 ..\obj\watchdog.o
                0x08003ea8                Watchdog_IncrementCouter
 .text.xTaskGenericCreate
                0x08003ed8      0x170 ..\obj\tasks.o
                0x08003ed8                xTaskGenericCreate
 .text.vTaskDelay
                0x08004048       0x90 ..\obj\tasks.o
                0x08004048                vTaskDelay
 .text.vTaskStartScheduler
                0x080040d8       0x74 ..\obj\tasks.o
                0x080040d8                vTaskStartScheduler
 .text.vTaskSuspendAll
                0x0800414c       0x1c ..\obj\tasks.o
                0x0800414c                vTaskSuspendAll
 .text.xTaskResumeAll
                0x08004168      0x124 ..\obj\tasks.o
                0x08004168                xTaskResumeAll
 .text.xTaskIncrementTick
                0x0800428c      0x198 ..\obj\tasks.o
                0x0800428c                xTaskIncrementTick
 .text.vTaskSwitchContext
                0x08004424      0x104 ..\obj\tasks.o
                0x08004424                vTaskSwitchContext
 .text.vTaskPlaceOnEventList
                0x08004528       0x98 ..\obj\tasks.o
                0x08004528                vTaskPlaceOnEventList
 .text.xTaskRemoveFromEventList
                0x080045c0       0xcc ..\obj\tasks.o
                0x080045c0                xTaskRemoveFromEventList
 .text.vTaskSetTimeOutState
                0x0800468c       0x34 ..\obj\tasks.o
                0x0800468c                vTaskSetTimeOutState
 .text.xTaskCheckForTimeOut
                0x080046c0       0xac ..\obj\tasks.o
                0x080046c0                xTaskCheckForTimeOut
 .text.vTaskMissedYield
                0x0800476c       0x18 ..\obj\tasks.o
                0x0800476c                vTaskMissedYield
 .text.prvIdleTask
                0x08004784       0x24 ..\obj\tasks.o
 .text.prvInitialiseTCBVariables
                0x080047a8       0xbc ..\obj\tasks.o
 .text.prvInitialiseTaskLists
                0x08004864       0x88 ..\obj\tasks.o
 .text.prvCheckTasksWaitingTermination
                0x080048ec       0x7c ..\obj\tasks.o
 .text.prvAddCurrentTaskToDelayedList
                0x08004968       0x70 ..\obj\tasks.o
 .text.prvAllocateTCBAndStack
                0x080049d8       0x7c ..\obj\tasks.o
 .text.prvDeleteTCB
                0x08004a54       0x20 ..\obj\tasks.o
 .text.prvResetNextTaskUnblockTime
                0x08004a74       0x4c ..\obj\tasks.o
 .text.vTaskPriorityInherit
                0x08004ac0      0x108 ..\obj\tasks.o
                0x08004ac0                vTaskPriorityInherit
 .text.xTaskPriorityDisinherit
                0x08004bc8       0xf4 ..\obj\tasks.o
                0x08004bc8                xTaskPriorityDisinherit
 .text.pvTaskIncrementMutexHeldCount
                0x08004cbc       0x28 ..\obj\tasks.o
                0x08004cbc                pvTaskIncrementMutexHeldCount
 .text.USBD_USR_DeviceDescriptor
                0x08004ce4       0x28 ..\obj\usbd_desc.o
                0x08004ce4                USBD_USR_DeviceDescriptor
 .text.USBD_USR_LangIDStrDescriptor
                0x08004d0c       0x28 ..\obj\usbd_desc.o
                0x08004d0c                USBD_USR_LangIDStrDescriptor
 .text.USBD_USR_ProductStrDescriptor
                0x08004d34       0x40 ..\obj\usbd_desc.o
                0x08004d34                USBD_USR_ProductStrDescriptor
 .text.USBD_USR_ManufacturerStrDescriptor
                0x08004d74       0x2c ..\obj\usbd_desc.o
                0x08004d74                USBD_USR_ManufacturerStrDescriptor
 .text.USBD_USR_SerialStrDescriptor
                0x08004da0       0x40 ..\obj\usbd_desc.o
                0x08004da0                USBD_USR_SerialStrDescriptor
 .text.USBD_USR_ConfigStrDescriptor
                0x08004de0       0x3c ..\obj\usbd_desc.o
                0x08004de0                USBD_USR_ConfigStrDescriptor
 .text.USBD_USR_InterfaceStrDescriptor
                0x08004e1c       0x3c ..\obj\usbd_desc.o
                0x08004e1c                USBD_USR_InterfaceStrDescriptor
 .text.FRAM_I2C_Init
                0x08004e58       0xc8 ..\obj\fram_i2c.o
                0x08004e58                FRAM_I2C_Init
 .text.FRAM_I2C_Reset
                0x08004f20      0x198 ..\obj\fram_i2c.o
                0x08004f20                FRAM_I2C_Reset
 .text.FRAM_I2C_Read_Buffer
                0x080050b8      0x6bc ..\obj\fram_i2c.o
                0x080050b8                FRAM_I2C_Read_Buffer
 .text.FRAM_I2C_Write_Buffer
                0x08005774      0x28c ..\obj\fram_i2c.o
                0x08005774                FRAM_I2C_Write_Buffer
 .text.FRAM_Read_Settings
                0x08005a00       0xa8 ..\obj\fram_i2c.o
                0x08005a00                FRAM_Read_Settings
 .text.FRAM_Write_Settings
                0x08005aa8       0x74 ..\obj\fram_i2c.o
                0x08005aa8                FRAM_Write_Settings
 .text.GPIO_Init
                0x08005b1c      0x144 ..\obj\stm32f4xx_gpio.o
                0x08005b1c                GPIO_Init
 .text.GPIO_ReadInputDataBit
                0x08005c60       0x3c ..\obj\stm32f4xx_gpio.o
                0x08005c60                GPIO_ReadInputDataBit
 .text.GPIO_PinAFConfig
                0x08005c9c       0xa8 ..\obj\stm32f4xx_gpio.o
                0x08005c9c                GPIO_PinAFConfig
 .text.RS485TimersInit
                0x08005d44       0xc4 ..\obj\porttimer.o
                0x08005d44                RS485TimersInit
 .text.RS485TimersEnable
                0x08005e08       0x38 ..\obj\porttimer.o
                0x08005e08                RS485TimersEnable
 .text.RS485TimersDisable
                0x08005e40       0x38 ..\obj\porttimer.o
                0x08005e40                RS485TimersDisable
 .text.TIM4_IRQHandler
                0x08005e78       0x38 ..\obj\porttimer.o
                0x08005e78                TIM4_IRQHandler
 .text.RS485TimerContextInit
                0x08005eb0       0x54 ..\obj\porttimer.o
                0x08005eb0                RS485TimerContextInit
 .text.RS232TimersInit
                0x08005f04       0xc4 ..\obj\porttimer.o
                0x08005f04                RS232TimersInit
 .text.RS232TimersEnable
                0x08005fc8       0x38 ..\obj\porttimer.o
                0x08005fc8                RS232TimersEnable
 .text.RS232TimersDisable
                0x08006000       0x38 ..\obj\porttimer.o
                0x08006000                RS232TimersDisable
 .text.TIM5_IRQHandler
                0x08006038       0x38 ..\obj\porttimer.o
                0x08006038                TIM5_IRQHandler
 .text.RS232TimerContextInit
                0x08006070       0x54 ..\obj\porttimer.o
                0x08006070                RS232TimerContextInit
 .text.USB_CDC_TimersInit
                0x080060c4       0xc4 ..\obj\porttimer.o
                0x080060c4                USB_CDC_TimersInit
 .text.USB_CDC_TimersEnable
                0x08006188       0x38 ..\obj\porttimer.o
                0x08006188                USB_CDC_TimersEnable
 .text.USB_CDC_TimersDisable
                0x080061c0       0x38 ..\obj\porttimer.o
                0x080061c0                USB_CDC_TimersDisable
 .text.TIM1_UP_TIM10_IRQHandler
                0x080061f8       0x38 ..\obj\porttimer.o
                0x080061f8                TIM1_UP_TIM10_IRQHandler
 .text.USB_CDC_TimerContextInit
                0x08006230       0x54 ..\obj\porttimer.o
                0x08006230                USB_CDC_TimerContextInit
 .text.VCP_Init
                0x08006284       0x10 ..\obj\usbd_cdc_vcp.o
 .text.VCP_DeInit
                0x08006294       0x10 ..\obj\usbd_cdc_vcp.o
 .text.VCP_Ctrl
                0x080062a4       0xbc ..\obj\usbd_cdc_vcp.o
 .text.VCP_DataTx
                0x08006360       0x68 ..\obj\usbd_cdc_vcp.o
                0x08006360                VCP_DataTx
 .text.VCP_DataRx
                0x080063c8       0x7c ..\obj\usbd_cdc_vcp.o
                0x080063c8                VCP_DataRx
 .text.VCP_get_char
                0x08006444       0x60 ..\obj\usbd_cdc_vcp.o
                0x08006444                VCP_get_char
 .text.eMBRTUInit
                0x080064a4       0x84 ..\obj\mbrtu.o
                0x080064a4                eMBRTUInit
 .text.eMBRTUStart
                0x08006528       0x38 ..\obj\mbrtu.o
                0x08006528                eMBRTUStart
 .text.eMBRTUStop
                0x08006560       0x30 ..\obj\mbrtu.o
                0x08006560                eMBRTUStop
 .text.eMBRTUReceive
                0x08006590       0x8c ..\obj\mbrtu.o
                0x08006590                eMBRTUReceive
 .text.eMBRTUSend
                0x0800661c       0xe8 ..\obj\mbrtu.o
                0x0800661c                eMBRTUSend
 .text.xMBRTUReceiveFSM
                0x08006704       0xd0 ..\obj\mbrtu.o
                0x08006704                xMBRTUReceiveFSM
 .text.xMBRTUTransmitFSM
                0x080067d4       0xb0 ..\obj\mbrtu.o
                0x080067d4                xMBRTUTransmitFSM
 .text.xMBRTUTimerT35Expired
                0x08006884       0x60 ..\obj\mbrtu.o
                0x08006884                xMBRTUTimerT35Expired
 .text.vListInitialise
                0x080068e4       0x40 ..\obj\list.o
                0x080068e4                vListInitialise
 .text.vListInitialiseItem
                0x08006924       0x1c ..\obj\list.o
                0x08006924                vListInitialiseItem
 .text.vListInsertEnd
                0x08006940       0x48 ..\obj\list.o
                0x08006940                vListInsertEnd
 .text.vListInsert
                0x08006988       0x74 ..\obj\list.o
                0x08006988                vListInsert
 .text.uxListRemove
                0x080069fc       0x58 ..\obj\list.o
                0x080069fc                uxListRemove
 .text.SystemInit
                0x08006a54       0x5c ..\obj\system_stm32f4xx.o
                0x08006a54                SystemInit
 .text.SetSysClock
                0x08006ab0      0x100 ..\obj\system_stm32f4xx.o
 .text.USB_OTG_BSP_Init
                0x08006bb0       0xcc ..\obj\usb_bsp.o
                0x08006bb0                USB_OTG_BSP_Init
 .text.USB_OTG_BSP_EnableInterrupt
                0x08006c7c       0x3c ..\obj\usb_bsp.o
                0x08006c7c                USB_OTG_BSP_EnableInterrupt
 .text.USB_OTG_BSP_uDelay
                0x08006cb8       0x58 ..\obj\usb_bsp.o
                0x08006cb8                USB_OTG_BSP_uDelay
 .text.USB_OTG_BSP_mDelay
                0x08006d10       0x20 ..\obj\usb_bsp.o
                0x08006d10                USB_OTG_BSP_mDelay
 .text.OTG_FS_WKUP_IRQHandler
                0x08006d30       0x34 ..\obj\usb_bsp.o
                0x08006d30                OTG_FS_WKUP_IRQHandler
 .text.OTG_FS_IRQHandler
                0x08006d64       0x10 ..\obj\usb_bsp.o
                0x08006d64                OTG_FS_IRQHandler
 .text.USBD_StdDevReq
                0x08006d74       0xa4 ..\obj\usbd_req.o
                0x08006d74                USBD_StdDevReq
 .text.USBD_StdItfReq
                0x08006e18       0x6c ..\obj\usbd_req.o
                0x08006e18                USBD_StdItfReq
 .text.USBD_StdEPReq
                0x08006e84      0x1c8 ..\obj\usbd_req.o
                0x08006e84                USBD_StdEPReq
 .text.USBD_GetDescriptor
                0x0800704c      0x1c8 ..\obj\usbd_req.o
 .text.USBD_SetAddress
                0x08007214       0x80 ..\obj\usbd_req.o
 .text.USBD_SetConfig
                0x08007294       0xf8 ..\obj\usbd_req.o
 .text.USBD_GetConfig
                0x0800738c       0x64 ..\obj\usbd_req.o
 .text.USBD_GetStatus
                0x080073f0       0x58 ..\obj\usbd_req.o
 .text.USBD_SetFeature
                0x08007448       0xe0 ..\obj\usbd_req.o
 .text.USBD_ClrFeature
                0x08007528       0x58 ..\obj\usbd_req.o
 .text.USBD_ParseSetupRequest
                0x08007580       0x94 ..\obj\usbd_req.o
                0x08007580                USBD_ParseSetupRequest
 .text.USBD_CtlError
                0x08007614       0x50 ..\obj\usbd_req.o
                0x08007614                USBD_CtlError
 .text.USBD_GetString
                0x08007664       0x9c ..\obj\usbd_req.o
                0x08007664                USBD_GetString
 .text.USBD_GetLen
                0x08007700       0x38 ..\obj\usbd_req.o
 .text.pxPortInitialiseStack
                0x08007738       0x60 ..\obj\port.o
                0x08007738                pxPortInitialiseStack
 .text.prvTaskExitError
                0x08007798       0x20 ..\obj\port.o
 .text.SVC_Handler
                0x080077b8       0x24 ..\obj\port.o
                0x080077b8                SVC_Handler
 .text.prvPortStartFirstTask
                0x080077dc       0x20 ..\obj\port.o
 .text.xPortStartScheduler
                0x080077fc       0xcc ..\obj\port.o
                0x080077fc                xPortStartScheduler
 .text.vPortYield
                0x080078c8       0x20 ..\obj\port.o
                0x080078c8                vPortYield
 .text.vPortEnterCritical
                0x080078e8       0x40 ..\obj\port.o
                0x080078e8                vPortEnterCritical
 .text.vPortExitCritical
                0x08007928       0x34 ..\obj\port.o
                0x08007928                vPortExitCritical
 .text.ulPortSetInterruptMask
                0x0800795c       0x14 ..\obj\port.o
                0x0800795c                ulPortSetInterruptMask
 .text.vPortClearInterruptMask
                0x08007970        0x8 ..\obj\port.o
                0x08007970                vPortClearInterruptMask
 .text.PendSV_Handler
                0x08007978       0x44 ..\obj\port.o
                0x08007978                PendSV_Handler
 .text.SysTick_Handler
                0x080079bc       0x28 ..\obj\port.o
                0x080079bc                SysTick_Handler
 .text.vPortSetupTimerInterrupt
                0x080079e4       0x24 ..\obj\port.o
                0x080079e4                vPortSetupTimerInterrupt
 .text.vPortValidateInterruptPriority
                0x08007a08       0x5c ..\obj\port.o
                0x08007a08                vPortValidateInterruptPriority
 .text.xQueueGenericReset
                0x08007a64       0xc0 ..\obj\queue.o
                0x08007a64                xQueueGenericReset
 .text.xQueueGenericCreate
                0x08007b24       0xa0 ..\obj\queue.o
                0x08007b24                xQueueGenericCreate
 .text.xQueueCreateMutex
                0x08007bc4       0xa4 ..\obj\queue.o
                0x08007bc4                xQueueCreateMutex
 .text.xQueueGenericSend
                0x08007c68      0x188 ..\obj\queue.o
                0x08007c68                xQueueGenericSend
 .text.xQueueGiveFromISR
                0x08007df0       0xac ..\obj\queue.o
                0x08007df0                xQueueGiveFromISR
 .text.xQueueGenericReceive
                0x08007e9c      0x1b8 ..\obj\queue.o
                0x08007e9c                xQueueGenericReceive
 .text.prvCopyDataToQueue
                0x08008054       0xe8 ..\obj\queue.o
 .text.prvCopyDataFromQueue
                0x0800813c       0x50 ..\obj\queue.o
 .text.prvUnlockQueue
                0x0800818c       0xa0 ..\obj\queue.o
 .text.prvIsQueueEmpty
                0x0800822c       0x34 ..\obj\queue.o
 .text.prvIsQueueFull
                0x08008260       0x38 ..\obj\queue.o
 .text.USBD_OTG_ISR_Handler
                0x08008298      0x164 ..\obj\usb_dcd_int.o
                0x08008298                USBD_OTG_ISR_Handler
 .text.DCD_HandleResume_ISR
                0x080083fc       0x88 ..\obj\usb_dcd_int.o
 .text.DCD_HandleUSBSuspend_ISR
                0x08008484       0xa4 ..\obj\usb_dcd_int.o
 .text.DCD_HandleInEP_ISR
                0x08008528      0x22c ..\obj\usb_dcd_int.o
 .text.DCD_HandleOutEP_ISR
                0x08008754      0x1a8 ..\obj\usb_dcd_int.o
 .text.DCD_HandleSof_ISR
                0x080088fc       0x3c ..\obj\usb_dcd_int.o
 .text.DCD_HandleRxStatusQueueLevel_ISR
                0x08008938      0x114 ..\obj\usb_dcd_int.o
 .text.DCD_WriteEmptyTxFifo
                0x08008a4c      0x130 ..\obj\usb_dcd_int.o
 .text.DCD_HandleUsbReset_ISR
                0x08008b7c      0x16c ..\obj\usb_dcd_int.o
 .text.DCD_HandleEnumDone_ISR
                0x08008ce8       0x88 ..\obj\usb_dcd_int.o
 .text.DCD_IsoINIncomplete_ISR
                0x08008d70       0x3c ..\obj\usb_dcd_int.o
 .text.DCD_IsoOUTIncomplete_ISR
                0x08008dac       0x3c ..\obj\usb_dcd_int.o
 .text.DCD_ReadDevInEP
                0x08008de8       0x58 ..\obj\usb_dcd_int.o
 .text.NVIC_EnableIRQ
                0x08008e40       0x34 ..\obj\portserial.o
 .text.RS485SerialEnable
                0x08008e74      0x10c ..\obj\portserial.o
                0x08008e74                RS485SerialEnable
 .text.RS485SerialInit
                0x08008f80      0x150 ..\obj\portserial.o
                0x08008f80                RS485SerialInit
 .text.RS485SerialPutByte
                0x080090d0       0x3c ..\obj\portserial.o
                0x080090d0                RS485SerialPutByte
 .text.RS485SerialGetByte
                0x0800910c       0x34 ..\obj\portserial.o
                0x0800910c                RS485SerialGetByte
 .text.USART3_IRQHandler
                0x08009140       0x90 ..\obj\portserial.o
                0x08009140                USART3_IRQHandler
 .text.RS485SerialContextInit
                0x080091d0       0x60 ..\obj\portserial.o
                0x080091d0                RS485SerialContextInit
 .text.RS232SerialEnable
                0x08009230       0x88 ..\obj\portserial.o
                0x08009230                RS232SerialEnable
 .text.RS232SerialInit
                0x080092b8      0x11c ..\obj\portserial.o
                0x080092b8                RS232SerialInit
 .text.RS232SerialPutByte
                0x080093d4       0x3c ..\obj\portserial.o
                0x080093d4                RS232SerialPutByte
 .text.RS232SerialGetByte
                0x08009410       0x34 ..\obj\portserial.o
                0x08009410                RS232SerialGetByte
 .text.USART6_IRQHandler
                0x08009444       0x90 ..\obj\portserial.o
                0x08009444                USART6_IRQHandler
 .text.RS232SerialContextInit
                0x080094d4       0x60 ..\obj\portserial.o
                0x080094d4                RS232SerialContextInit
 .text.USB_CDC_SerialPutByte
                0x08009534       0x28 ..\obj\portserial.o
                0x08009534                USB_CDC_SerialPutByte
 .text.USB_CDC_SerialGetByte
                0x0800955c       0x28 ..\obj\portserial.o
                0x0800955c                USB_CDC_SerialGetByte
 .text.USB_CDC_SerialInit
                0x08009584       0x4c ..\obj\portserial.o
                0x08009584                USB_CDC_SerialInit
 .text.USB_CDC_SerialEnable
                0x080095d0       0x1c ..\obj\portserial.o
                0x080095d0                USB_CDC_SerialEnable
 .text.USB_CDC_SerialContextInit
                0x080095ec       0x60 ..\obj\portserial.o
                0x080095ec                USB_CDC_SerialContextInit
 .text.USB_CDC_Task
                0x0800964c       0x44 ..\obj\portserial.o
 .text.usbd_cdc_Init
                0x08009690       0xc0 ..\obj\usbd_cdc_core.o
 .text.usbd_cdc_DeInit
                0x08009750       0x44 ..\obj\usbd_cdc_core.o
 .text.usbd_cdc_Setup
                0x08009794      0x138 ..\obj\usbd_cdc_core.o
 .text.usbd_cdc_EP0_RxReady
                0x080098cc       0x48 ..\obj\usbd_cdc_core.o
 .text.usbd_cdc_DataIn
                0x08009914       0xd4 ..\obj\usbd_cdc_core.o
 .text.usbd_cdc_DataOut
                0x080099e8       0x60 ..\obj\usbd_cdc_core.o
 .text.usbd_cdc_SOF
                0x08009a48       0x44 ..\obj\usbd_cdc_core.o
 .text.Handle_USBAsynchXfer
                0x08009a8c      0x114 ..\obj\usbd_cdc_core.o
 .text.USBD_cdc_GetCfgDesc
                0x08009ba0       0x28 ..\obj\usbd_cdc_core.o
 .text.SPI_Init
                0x08009bc8       0x88 ..\obj\stm32f4xx_spi.o
                0x08009bc8                SPI_Init
 .text.SPI_Cmd  0x08009c50       0x40 ..\obj\stm32f4xx_spi.o
                0x08009c50                SPI_Cmd
 .text.SPI_CalculateCRC
                0x08009c90       0x40 ..\obj\stm32f4xx_spi.o
                0x08009c90                SPI_CalculateCRC
 .text.eMBFuncReadCoils
                0x08009cd0      0x134 ..\obj\mbfunccoils.o
                0x08009cd0                eMBFuncReadCoils
 .text.eMBFuncWriteCoil
                0x08009e04       0xcc ..\obj\mbfunccoils.o
                0x08009e04                eMBFuncWriteCoil
 .text.eMBFuncWriteMultipleCoils
                0x08009ed0       0xf4 ..\obj\mbfunccoils.o
                0x08009ed0                eMBFuncWriteMultipleCoils
 .text.ADS1220_init
                0x08009fc4       0xe8 ..\obj\ADS1220.o
                0x08009fc4                ADS1220_init
 .text.ADC_SPI_config
                0x0800a0ac      0x13c ..\obj\ADS1220.o
 .text.ADC_SPI_send
                0x0800a1e8       0x4c ..\obj\ADS1220.o
                0x0800a1e8                ADC_SPI_send
 .text.ADC_SPI_read
                0x0800a234       0x14 ..\obj\ADS1220.o
                0x0800a234                ADC_SPI_read
 .text.ADC_RTD1_Task
                0x0800a248      0x308 ..\obj\ADS1220.o
 .text.ADC_RTD2_Task
                0x0800a550      0x308 ..\obj\ADS1220.o
 .text.ADC_Current1_Task
                0x0800a858      0x3ac ..\obj\ADS1220.o
 .text.ADC_Current2_Task
                0x0800ac04      0x3b0 ..\obj\ADS1220.o
 .text.PT100_Code_To_Temperature
                0x0800afb4       0x9c ..\obj\ADS1220.o
                0x0800afb4                PT100_Code_To_Temperature
 .text.Code_To_Current
                0x0800b050       0x98 ..\obj\ADS1220.o
                0x0800b050                Code_To_Current
 .text.I2C_DeInit
                0x0800b0e8       0x80 ..\obj\stm32f4xx_i2c.o
                0x0800b0e8                I2C_DeInit
 .text.I2C_Init
                0x0800b168      0x1a4 ..\obj\stm32f4xx_i2c.o
                0x0800b168                I2C_Init
 .text.I2C_Cmd  0x0800b30c       0x40 ..\obj\stm32f4xx_i2c.o
                0x0800b30c                I2C_Cmd
 .text.I2C_GenerateSTART
                0x0800b34c       0x40 ..\obj\stm32f4xx_i2c.o
                0x0800b34c                I2C_GenerateSTART
 .text.I2C_GenerateSTOP
                0x0800b38c       0x40 ..\obj\stm32f4xx_i2c.o
                0x0800b38c                I2C_GenerateSTOP
 .text.I2C_Send7bitAddress
                0x0800b3cc       0x3c ..\obj\stm32f4xx_i2c.o
                0x0800b3cc                I2C_Send7bitAddress
 .text.I2C_AcknowledgeConfig
                0x0800b408       0x40 ..\obj\stm32f4xx_i2c.o
                0x0800b408                I2C_AcknowledgeConfig
 .text.I2C_NACKPositionConfig
                0x0800b448       0x40 ..\obj\stm32f4xx_i2c.o
                0x0800b448                I2C_NACKPositionConfig
 .text.I2C_SendData
                0x0800b488       0x20 ..\obj\stm32f4xx_i2c.o
                0x0800b488                I2C_SendData
 .text.I2C_ReceiveData
                0x0800b4a8       0x1c ..\obj\stm32f4xx_i2c.o
                0x0800b4a8                I2C_ReceiveData
 .text.I2C_CheckEvent
                0x0800b4c4       0x70 ..\obj\stm32f4xx_i2c.o
                0x0800b4c4                I2C_CheckEvent
 .text.I2C_GetFlagStatus
                0x0800b534       0x78 ..\obj\stm32f4xx_i2c.o
                0x0800b534                I2C_GetFlagStatus
 .text.NVIC_EnableIRQ
                0x0800b5ac       0x34 ..\obj\frequency.o
 .text.FrequencyMeasureInit
                0x0800b5e0      0x340 ..\obj\frequency.o
                0x0800b5e0                FrequencyMeasureInit
 .text.TIM2_IRQHandler
                0x0800b920      0x13c ..\obj\frequency.o
                0x0800b920                TIM2_IRQHandler
 .text.FrequencyCH1Measure_Task
                0x0800ba5c      0x1c0 ..\obj\frequency.o
 .text.FrequencyCH2Measure_Task
                0x0800bc1c      0x1c0 ..\obj\frequency.o
 .text.EXTI_GetITStatus
                0x0800bddc       0x50 ..\obj\stm32f4xx_exti.o
                0x0800bddc                EXTI_GetITStatus
 .text.EXTI_ClearITPendingBit
                0x0800be2c       0x1c ..\obj\stm32f4xx_exti.o
                0x0800be2c                EXTI_ClearITPendingBit
 .text.NVIC_PriorityGroupConfig
                0x0800be48       0x24 ..\obj\misc.o
                0x0800be48                NVIC_PriorityGroupConfig
 .text.NVIC_Init
                0x0800be6c       0xd4 ..\obj\misc.o
                0x0800be6c                NVIC_Init
 .text.DCD_Init
                0x0800bf40      0x12c ..\obj\usb_dcd.o
                0x0800bf40                DCD_Init
 .text.DCD_EP_Open
                0x0800c06c       0xac ..\obj\usb_dcd.o
                0x0800c06c                DCD_EP_Open
 .text.DCD_EP_Close
                0x0800c118       0x80 ..\obj\usb_dcd.o
                0x0800c118                DCD_EP_Close
 .text.DCD_EP_PrepareRx
                0x0800c198       0x8c ..\obj\usb_dcd.o
                0x0800c198                DCD_EP_PrepareRx
 .text.DCD_EP_Tx
                0x0800c224       0x84 ..\obj\usb_dcd.o
                0x0800c224                DCD_EP_Tx
 .text.DCD_EP_Stall
                0x0800c2a8       0x84 ..\obj\usb_dcd.o
                0x0800c2a8                DCD_EP_Stall
 .text.DCD_EP_ClrStall
                0x0800c32c       0x84 ..\obj\usb_dcd.o
                0x0800c32c                DCD_EP_ClrStall
 .text.DCD_EP_SetAddress
                0x0800c3b0       0x3c ..\obj\usb_dcd.o
                0x0800c3b0                DCD_EP_SetAddress
 .text.RTC_Init
                0x0800c3ec       0x88 ..\obj\stm32f4xx_rtc.o
                0x0800c3ec                RTC_Init
 .text.RTC_StructInit
                0x0800c474       0x2c ..\obj\stm32f4xx_rtc.o
                0x0800c474                RTC_StructInit
 .text.RTC_EnterInitMode
                0x0800c4a0       0x80 ..\obj\stm32f4xx_rtc.o
                0x0800c4a0                RTC_EnterInitMode
 .text.RTC_ExitInitMode
                0x0800c520       0x1c ..\obj\stm32f4xx_rtc.o
                0x0800c520                RTC_ExitInitMode
 .text.RTC_WaitForSynchro
                0x0800c53c       0x88 ..\obj\stm32f4xx_rtc.o
                0x0800c53c                RTC_WaitForSynchro
 .text.RTC_SetTime
                0x0800c5c4      0x124 ..\obj\stm32f4xx_rtc.o
                0x0800c5c4                RTC_SetTime
 .text.RTC_GetTime
                0x0800c6e8       0xa4 ..\obj\stm32f4xx_rtc.o
                0x0800c6e8                RTC_GetTime
 .text.RTC_SetDate
                0x0800c78c      0x12c ..\obj\stm32f4xx_rtc.o
                0x0800c78c                RTC_SetDate
 .text.RTC_GetDate
                0x0800c8b8       0xa4 ..\obj\stm32f4xx_rtc.o
                0x0800c8b8                RTC_GetDate
 .text.RTC_WriteBackupRegister
                0x0800c95c       0x34 ..\obj\stm32f4xx_rtc.o
                0x0800c95c                RTC_WriteBackupRegister
 .text.RTC_ByteToBcd2
                0x0800c990       0x44 ..\obj\stm32f4xx_rtc.o
 .text.RTC_Bcd2ToByte
                0x0800c9d4       0x40 ..\obj\stm32f4xx_rtc.o
 .text.USBD_CtlSendData
                0x0800ca14       0x48 ..\obj\usbd_ioreq.o
                0x0800ca14                USBD_CtlSendData
 .text.USBD_CtlContinueSendData
                0x0800ca5c       0x30 ..\obj\usbd_ioreq.o
                0x0800ca5c                USBD_CtlContinueSendData
 .text.USBD_CtlPrepareRx
                0x0800ca8c       0x48 ..\obj\usbd_ioreq.o
                0x0800ca8c                USBD_CtlPrepareRx
 .text.USBD_CtlContinueRx
                0x0800cad4       0x30 ..\obj\usbd_ioreq.o
                0x0800cad4                USBD_CtlContinueRx
 .text.USBD_CtlSendStatus
                0x0800cb04       0x3c ..\obj\usbd_ioreq.o
                0x0800cb04                USBD_CtlSendStatus
 .text.USBD_CtlReceiveStatus
                0x0800cb40       0x3c ..\obj\usbd_ioreq.o
                0x0800cb40                USBD_CtlReceiveStatus
 .text.pvPortMalloc
                0x0800cb7c      0x138 ..\obj\heap_2.o
                0x0800cb7c                pvPortMalloc
 .text.vPortFree
                0x0800ccb4       0x7c ..\obj\heap_2.o
                0x0800ccb4                vPortFree
 .text.xPortGetFreeHeapSize
                0x0800cd30       0x14 ..\obj\heap_2.o
                0x0800cd30                xPortGetFreeHeapSize
 .text.prvHeapInit
                0x0800cd44       0x54 ..\obj\heap_2.o
 .text.ControllerInit
                0x0800cd98       0x68 ..\obj\controller.o
                0x0800cd98                ControllerInit
 .text.Controller_RestoreSettings
                0x0800ce00       0x3c ..\obj\controller.o
                0x0800ce00                Controller_RestoreSettings
 .text.TIM_TimeBaseInit
                0x0800ce3c       0xd8 ..\obj\stm32f4xx_tim.o
                0x0800ce3c                TIM_TimeBaseInit
 .text.TIM_TimeBaseStructInit
                0x0800cf14       0x3c ..\obj\stm32f4xx_tim.o
                0x0800cf14                TIM_TimeBaseStructInit
 .text.TIM_SetCounter
                0x0800cf50       0x1c ..\obj\stm32f4xx_tim.o
                0x0800cf50                TIM_SetCounter
 .text.TIM_ARRPreloadConfig
                0x0800cf6c       0x40 ..\obj\stm32f4xx_tim.o
                0x0800cf6c                TIM_ARRPreloadConfig
 .text.TIM_Cmd  0x0800cfac       0x40 ..\obj\stm32f4xx_tim.o
                0x0800cfac                TIM_Cmd
 .text.TIM_ICInit
                0x0800cfec       0xa8 ..\obj\stm32f4xx_tim.o
                0x0800cfec                TIM_ICInit
 .text.TIM_SetIC1Prescaler
                0x0800d094       0x38 ..\obj\stm32f4xx_tim.o
                0x0800d094                TIM_SetIC1Prescaler
 .text.TIM_SetIC2Prescaler
                0x0800d0cc       0x3c ..\obj\stm32f4xx_tim.o
                0x0800d0cc                TIM_SetIC2Prescaler
 .text.TIM_SetIC3Prescaler
                0x0800d108       0x38 ..\obj\stm32f4xx_tim.o
                0x0800d108                TIM_SetIC3Prescaler
 .text.TIM_SetIC4Prescaler
                0x0800d140       0x3c ..\obj\stm32f4xx_tim.o
                0x0800d140                TIM_SetIC4Prescaler
 .text.TIM_ITConfig
                0x0800d17c       0x48 ..\obj\stm32f4xx_tim.o
                0x0800d17c                TIM_ITConfig
 .text.TIM_ClearFlag
                0x0800d1c4       0x24 ..\obj\stm32f4xx_tim.o
                0x0800d1c4                TIM_ClearFlag
 .text.TIM_ClearITPendingBit
                0x0800d1e8       0x24 ..\obj\stm32f4xx_tim.o
                0x0800d1e8                TIM_ClearITPendingBit
 .text.TIM_ETRClockMode2Config
                0x0800d20c       0x34 ..\obj\stm32f4xx_tim.o
                0x0800d20c                TIM_ETRClockMode2Config
 .text.TIM_ETRConfig
                0x0800d240       0x4c ..\obj\stm32f4xx_tim.o
                0x0800d240                TIM_ETRConfig
 .text.TI1_Config
                0x0800d28c       0x80 ..\obj\stm32f4xx_tim.o
 .text.TI2_Config
                0x0800d30c       0x9c ..\obj\stm32f4xx_tim.o
 .text.TI3_Config
                0x0800d3a8       0x8c ..\obj\stm32f4xx_tim.o
 .text.TI4_Config
                0x0800d434       0xa4 ..\obj\stm32f4xx_tim.o
 .text.NVIC_SystemReset
                0x0800d4d8       0x28 ..\obj\power_detector.o
 .text.PVD_IRQHandler
                0x0800d500       0x20 ..\obj\power_detector.o
                0x0800d500                PVD_IRQHandler
 .text          0x0800d520      0x370 c:/stm32/arm_eabi/bin/../lib/gcc/arm-none-eabi/4.7.2/thumb2\libgcc.a(_arm_addsubdf3.o)
                0x0800d520                __aeabi_drsub
                0x0800d528                __aeabi_dsub
                0x0800d528                __subdf3
                0x0800d52c                __aeabi_dadd
                0x0800d52c                __adddf3
                0x0800d7a4                __floatunsidf
                0x0800d7a4                __aeabi_ui2d
                0x0800d7c4                __floatsidf
                0x0800d7c4                __aeabi_i2d
                0x0800d7e8                __aeabi_f2d
                0x0800d7e8                __extendsfdf2
                0x0800d824                __floatundidf
                0x0800d824                __aeabi_ul2d
                0x0800d834                __floatdidf
                0x0800d834                __aeabi_l2d
 .text          0x0800d890      0x424 c:/stm32/arm_eabi/bin/../lib/gcc/arm-none-eabi/4.7.2/thumb2\libgcc.a(_arm_muldivdf3.o)
                0x0800d890                __aeabi_dmul
                0x0800d890                __muldf3
                0x0800dae4                __divdf3
                0x0800dae4                __aeabi_ddiv
 .text          0x0800dcb4       0xa0 c:/stm32/arm_eabi/bin/../lib/gcc/arm-none-eabi/4.7.2/thumb2\libgcc.a(_arm_truncdfsf2.o)
                0x0800dcb4                __truncdfsf2
                0x0800dcb4                __aeabi_d2f
 .text          0x0800dd54      0x21c c:/stm32/arm_eabi/bin/../lib/gcc/arm-none-eabi/4.7.2/thumb2\libgcc.a(_arm_addsubsf3.o)
                0x0800dd54                __aeabi_frsub
                0x0800dd5c                __subsf3
                0x0800dd5c                __aeabi_fsub
                0x0800dd60                __aeabi_fadd
                0x0800dd60                __addsf3
                0x0800dec0                __aeabi_ui2f
                0x0800dec0                __floatunsisf
                0x0800dec8                __aeabi_i2f
                0x0800dec8                __floatsisf
                0x0800dee4                __aeabi_ul2f
                0x0800dee4                __floatundisf
                0x0800def4                __aeabi_l2f
                0x0800def4                __floatdisf
 .text          0x0800df70      0x2a0 c:/stm32/arm_eabi/bin/../lib/gcc/arm-none-eabi/4.7.2/thumb2\libgcc.a(_arm_muldivsf3.o)
                0x0800df70                __mulsf3
                0x0800df70                __aeabi_fmul
                0x0800e0d8                __aeabi_fdiv
                0x0800e0d8                __divsf3
 .text          0x0800e210       0x64 c:/stm32/arm_eabi/bin/../lib/gcc/arm-none-eabi/4.7.2/../../../../arm-none-eabi/lib/thumb2\libc.a(lib_a-memcmp.o)
                0x0800e210                memcmp
 .text          0x0800e274      0x174 c:/stm32/arm_eabi/bin/../lib/gcc/arm-none-eabi/4.7.2/../../../../arm-none-eabi/lib/thumb2\libc.a(lib_a-memcpy.o)
                0x0800e274                memcpy
 .text          0x0800e3e8       0xcc c:/stm32/arm_eabi/bin/../lib/gcc/arm-none-eabi/4.7.2/../../../../arm-none-eabi/lib/thumb2\libc.a(lib_a-memset.o)
                0x0800e3e8                memset
 *(.init)
 *(.fini)
 *crtbegin.o(.ctors)
 *crtbegin?.o(.ctors)
 *(EXCLUDE_FILE(*crtend.o *crtend?.o) .ctors)
 *(SORT(.ctors.*))
 *(.ctors)
 *crtbegin.o(.dtors)
 *crtbegin?.o(.dtors)
 *(EXCLUDE_FILE(*crtend.o *crtend?.o) .dtors)
 *(SORT(.dtors.*))
 *(.dtors)
 *(.rodata*)
 .rodata        0x0800e4b4       0x2c ..\obj\protocol.o
 .rodata        0x0800e4e0      0x200 ..\obj\mbcrc.o
 .rodata        0x0800e6e0       0x1c ..\obj\tasks.o
 .rodata        0x0800e6fc       0x98 ..\obj\usbd_desc.o
 .rodata        0x0800e794        0x4 ..\obj\port.o
 .rodata        0x0800e798        0xc ..\obj\portserial.o
 .rodata        0x0800e7a4       0x58 ..\obj\ADS1220.o
 .rodata        0x0800e7fc       0x18 ..\obj\frequency.o
 .rodata        0x0800e814        0x2 ..\obj\heap_2.o
 *fill*         0x0800e816        0x2 
 .rodata        0x0800e818       0x84 ..\obj\controller.o
                0x0800e818                stSettingsDefault
 *(.eh_fram e*)

.glue_7         0x0800e89c        0x0
 .glue_7        0x00000000        0x0 linker stubs

.glue_7t        0x0800e89c        0x0
 .glue_7t       0x00000000        0x0 linker stubs

.vfp11_veneer   0x0800e89c        0x0
 .vfp11_veneer  0x00000000        0x0 linker stubs

.v4_bx          0x0800e89c        0x0
 .v4_bx         0x00000000        0x0 linker stubs

.iplt           0x0800e89c        0x0
 .iplt          0x00000000        0x0 ..\obj\stm32f4xx_syscfg.o

.rel.dyn        0x0800e89c        0x0
 .rel.iplt      0x00000000        0x0 ..\obj\stm32f4xx_syscfg.o

.ARM.extab
 *(.ARM.extab* .gnu.linkonce.armextab.*)
                0x0800e89c                __exidx_start = .

.ARM.exidx
 *(.ARM.exidx* .gnu.linkonce.armexidx.*)
                0x0800e89c                __exidx_end = .
                0x0800e89c                __etext = .
                0x0800e89c                _sidata = __etext

.data           0x20000000      0x1d4 load address 0x0800e89c
                0x20000000                __data_start__ = .
                0x20000000                _sdata = __data_start__
 *(vtable)
 *(.data*)
 .data          0x20000000        0x6 ..\obj\mbport.o
                0x20000000                REG_INPUT_START
                0x20000001                REG_HOLDING_START
                0x20000002                REG_INPUT_NREGS
                0x20000003                REG_HOLDING_NREGS
                0x20000004                usRegInputStart
                0x20000005                usRegHoldingStart
 *fill*         0x20000006        0x2 
 .data          0x20000008       0x88 ..\obj\mb.o
 .data          0x20000090       0x1c ..\obj\usbd_usr.o
                0x20000090                USR_cb
 .data          0x200000ac       0x30 ..\obj\usbd_core.o
                0x200000ac                USBD_DCD_INT_cb
                0x200000d8                USBD_DCD_INT_fops
 .data          0x200000dc       0x10 ..\obj\stm32f4xx_rcc.o
 .data          0x200000ec        0x4 ..\obj\tasks.o
 .data          0x200000f0       0x40 ..\obj\usbd_desc.o
                0x200000f0                USR_desc
                0x2000010c                USBD_DeviceDesc
                0x20000120                USBD_DeviceQualifierDesc
                0x2000012c                USBD_LangIDDesc
 .data          0x20000130       0x14 ..\obj\usbd_cdc_vcp.o
                0x20000130                VCP_fops
 .data          0x20000144       0x14 ..\obj\system_stm32f4xx.o
                0x20000144                SystemCoreClock
                0x20000148                AHBPrescTable
 .data          0x20000158        0x4 ..\obj\port.o
 .data          0x2000015c       0x74 ..\obj\usbd_cdc_core.o
                0x2000015c                usbd_cdc_CfgDesc
                0x200001a4                USBD_CDC_cb
 .data          0x200001d0        0x4 ..\obj\heap_2.o
                0x200001d4                . = ALIGN (0x4)
                0x200001d4                PROVIDE (__preinit_array_start, .)
 *(.preinit_array)
                0x200001d4                PROVIDE (__preinit_array_end, .)
                0x200001d4                . = ALIGN (0x4)
                0x200001d4                PROVIDE (__init_array_start, .)
 *(SORT(.init_array.*))
 *(.init_array)
                0x200001d4                PROVIDE (__init_array_end, .)
                0x200001d4                . = ALIGN (0x4)
                0x200001d4                PROVIDE (__fini_array_start, .)
 *(SORT(.fini_array.*))
 *(.fini_array)
                0x200001d4                PROVIDE (__fini_array_end, .)
 *(.jcr*)
                0x200001d4                . = ALIGN (0x4)
                0x200001d4                __data_end__ = .
                0x200001d4                _edata = __data_end__

.igot.plt       0x200001d4        0x0 load address 0x0800ea70
 .igot.plt      0x00000000        0x0 ..\obj\stm32f4xx_syscfg.o

.bss            0x200001d8     0x466c load address 0x0800ea78
                0x200001d8                . = ALIGN (0x4)
                0x200001d8                __bss_start__ = .
                0x200001d8                _sbss = __bss_start__
 *(.bss*)
 .bss           0x200001d8       0x24 ..\obj\mbfuncother.o
 .bss           0x200001fc       0xfc ..\obj\tasks.o
                0x200001fc                pxCurrentTCB
 .bss           0x200002f8        0xc ..\obj\porttimer.o
 .bss           0x20000304       0x10 ..\obj\usbd_req.o
                0x20000304                USBD_ep_status
                0x20000308                USBD_default_cfg
                0x2000030c                USBD_cfg_status
 .bss           0x20000314        0x8 ..\obj\port.o
 .bss           0x2000031c       0x14 ..\obj\portserial.o
 .bss           0x20000330       0x20 ..\obj\usbd_cdc_core.o
                0x20000334                APP_Rx_ptr_in
                0x20000338                APP_Rx_ptr_out
                0x2000033c                APP_Rx_length
                0x20000340                USB_Tx_State
 .bss           0x20000350       0x1c ..\obj\frequency.o
                0x20000368                xHigherPriorityTaskWoken
 .bss           0x2000036c     0x3014 ..\obj\heap_2.o
 *(COMMON)
 COMMON         0x20003380      0x45c ..\obj\protocol.o
                0x20003380                stContext_RS232
                0x200034f4                stContext_RS485
                0x20003668                stContext_USB_CDC
 COMMON         0x200037dc       0x50 ..\obj\watchdog.o
                0x200037dc                task_watches
 COMMON         0x2000382c        0x4 ..\obj\fram_i2c.o
                0x2000382c                xI2CBusMutex
 COMMON         0x20003830       0x88 ..\obj\usbd_cdc_vcp.o
                0x20003830                APP_Tx_Buffer
                0x200038b0                APP_tx_ptr_tail
                0x200038b4                APP_tx_ptr_head
 COMMON         0x200038b8       0x32 ..\obj\usbd_req.o
                0x200038b8                USBD_StrDesc
 COMMON         0x200038ea        0x1 ..\obj\portserial.o
                0x200038ea                temp_char
 *fill*         0x200038eb        0x1 
 COMMON         0x200038ec      0x88c ..\obj\usbd_cdc_core.o
                0x200038ec                usbd_cdc_OtherCfgDesc
                0x20003930                USB_Rx_Buffer
                0x20003970                CmdBuff
                0x20003978                APP_Rx_Buffer
 COMMON         0x20004178        0x4 ..\obj\ADS1220.o
                0x20004178                xADC_SPI_Mutex
 COMMON         0x2000417c        0x8 ..\obj\frequency.o
                0x2000417c                xFrequencySemaphore
 *fill*         0x20004184        0x4 
 COMMON         0x20004188      0x6bc ..\obj\controller.o
                0x20004188                stSettings
                0x2000420c                xMeasureDataMutex
                0x20004210                USB_OTG_dev
                0x20004800                stMeasureData
                0x20004840                xSettingsMutex
                0x20004844                . = ALIGN (0x4)
                0x20004844                __bss_end__ = .
                0x20004844                _ebss = __bss_end__

.heap           0x20004844        0x0
                0x20004844                __end__ = .
                0x20004844                _end = __end__
                0x20004844                end = __end__
 *(.heap*)
                0x20004844                __HeapLimit = .

.co_stack       0x20004844      0x804 load address 0x080130e4
                0x20004848                . = ALIGN (0x8)
 *fill*         0x20004844        0x4 
 *(.co_stack .co_stack.*)
 .co_stack      0x20004848      0x800 ..\obj\startup_stm32f4xx.o
                0x20004848                pulStack
                0x20020000                __StackTop = (ORIGIN (ram) + 0x20000)
                0x2001f7fc                __StackLimit = (__StackTop - SIZEOF (.co_stack))
                0x20020000                PROVIDE (__stack, __StackTop)
                0x00000001                ASSERT ((__StackLimit >= __HeapLimit), region ram  overflowed with stack)
LOAD ..\obj\stm32f4xx_syscfg.o
LOAD ..\obj\usb_core.o
LOAD ..\obj\mbport.o
LOAD ..\obj\mb.o
LOAD ..\obj\protocol.o
LOAD ..\obj\mbfuncdisc.o
LOAD ..\obj\core_cm3.o
LOAD ..\obj\usbd_usr.o
LOAD ..\obj\portevent.o
LOAD ..\obj\mbfuncother.o
LOAD ..\obj\stm32f4xx_usart.o
LOAD ..\obj\stm32f4xx_pwr.o
LOAD ..\obj\rtc.o
LOAD ..\obj\mbutils.o
LOAD ..\obj\startup_stm32f4xx.o
LOAD ..\obj\stm32f4xx_iwdg.o
LOAD ..\obj\mbfuncholding.o
LOAD ..\obj\usbd_core.o
LOAD ..\obj\main.o
LOAD ..\obj\mbcrc.o
LOAD ..\obj\stm32f4xx_rcc.o
LOAD ..\obj\mbfuncfile.o
LOAD ..\obj\timers.o
LOAD ..\obj\log.o
LOAD ..\obj\mbfuncinput.o
LOAD ..\obj\printf.o
LOAD ..\obj\watchdog.o
LOAD ..\obj\mbfuncdiag.o
LOAD ..\obj\tasks.o
LOAD ..\obj\usbd_desc.o
LOAD ..\obj\fram_i2c.o
LOAD ..\obj\stm32f4xx_gpio.o
LOAD ..\obj\porttimer.o
LOAD ..\obj\usbd_cdc_vcp.o
LOAD ..\obj\mbrtu.o
LOAD ..\obj\list.o
LOAD ..\obj\system_stm32f4xx.o
LOAD ..\obj\syscalls.o
LOAD ..\obj\usb_bsp.o
LOAD ..\obj\usbd_req.o
LOAD ..\obj\port.o
LOAD ..\obj\queue.o
LOAD ..\obj\usb_dcd_int.o
LOAD ..\obj\portserial.o
LOAD ..\obj\usbd_cdc_core.o
LOAD ..\obj\croutine.o
LOAD ..\obj\stm32f4xx_spi.o
LOAD ..\obj\mbfunccoils.o
LOAD ..\obj\event_groups.o
LOAD ..\obj\ADS1220.o
LOAD ..\obj\stm32f4xx_i2c.o
LOAD ..\obj\frequency.o
LOAD ..\obj\stm32f4xx_exti.o
LOAD ..\obj\misc.o
LOAD ..\obj\usb_dcd.o
LOAD ..\obj\stm32f4xx_rtc.o
LOAD ..\obj\usbd_ioreq.o
LOAD ..\obj\mbascii.o
LOAD ..\obj\heap_2.o
LOAD ..\obj\controller.o
LOAD ..\obj\stm32f4xx_tim.o
LOAD ..\obj\power_detector.o
START GROUP
LOAD c:/stm32/arm_eabi/bin/../lib/gcc/arm-none-eabi/4.7.2/thumb2\libgcc.a
LOAD c:/stm32/arm_eabi/bin/../lib/gcc/arm-none-eabi/4.7.2/../../../../arm-none-eabi/lib/thumb2\libc.a
END GROUP
OUTPUT(IMS_CONTROLLER.elf elf32-littlearm)

.debug_info     0x00000000    0x1e712
 .debug_info    0x00000000     0x2819 ..\obj\usb_core.o
 .debug_info    0x00002819      0x895 ..\obj\mbport.o
 .debug_info    0x000030ae      0x9a0 ..\obj\mb.o
 .debug_info    0x00003a4e      0x869 ..\obj\protocol.o
 .debug_info    0x000042b7      0x1f3 ..\obj\mbfuncdisc.o
 .debug_info    0x000044aa      0x1c3 ..\obj\usbd_usr.o
 .debug_info    0x0000466d      0x1c0 ..\obj\portevent.o
 .debug_info    0x0000482d      0x257 ..\obj\mbfuncother.o
 .debug_info    0x00004a84      0xa65 ..\obj\stm32f4xx_usart.o
 .debug_info    0x000054e9      0x543 ..\obj\stm32f4xx_pwr.o
 .debug_info    0x00005a2c      0x165 ..\obj\rtc.o
 .debug_info    0x00005b91      0x2cd ..\obj\mbutils.o
 .debug_info    0x00005e5e      0x103 ..\obj\startup_stm32f4xx.o
 .debug_info    0x00005f61      0x38b ..\obj\mbfuncholding.o
 .debug_info    0x000062ec      0xff1 ..\obj\usbd_core.o
 .debug_info    0x000072dd      0x186 ..\obj\main.o
 .debug_info    0x00007463      0x146 ..\obj\mbcrc.o
 .debug_info    0x000075a9      0xd49 ..\obj\stm32f4xx_rcc.o
 .debug_info    0x000082f2      0x257 ..\obj\mbfuncfile.o
 .debug_info    0x00008549      0x429 ..\obj\log.o
 .debug_info    0x00008972      0x1e5 ..\obj\mbfuncinput.o
 .debug_info    0x00008b57      0x1f9 ..\obj\watchdog.o
 .debug_info    0x00008d50     0x12cc ..\obj\tasks.o
 .debug_info    0x0000a01c      0x380 ..\obj\usbd_desc.o
 .debug_info    0x0000a39c      0x758 ..\obj\fram_i2c.o
 .debug_info    0x0000aaf4      0x640 ..\obj\stm32f4xx_gpio.o
 .debug_info    0x0000b134      0xed3 ..\obj\porttimer.o
 .debug_info    0x0000c007      0x364 ..\obj\usbd_cdc_vcp.o
 .debug_info    0x0000c36b      0x7fe ..\obj\mbrtu.o
 .debug_info    0x0000cb69      0x2c1 ..\obj\list.o
 .debug_info    0x0000ce2a      0x5f5 ..\obj\system_stm32f4xx.o
 .debug_info    0x0000d41f     0x112e ..\obj\usb_bsp.o
 .debug_info    0x0000e54d     0x10fb ..\obj\usbd_req.o
 .debug_info    0x0000f648      0x346 ..\obj\port.o
 .debug_info    0x0000f98e      0xa05 ..\obj\queue.o
 .debug_info    0x00010393     0x2020 ..\obj\usb_dcd_int.o
 .debug_info    0x000123b3     0x12e2 ..\obj\portserial.o
 .debug_info    0x00013695     0x1083 ..\obj\usbd_cdc_core.o
 .debug_info    0x00014718      0xbde ..\obj\stm32f4xx_spi.o
 .debug_info    0x000152f6      0x31a ..\obj\mbfunccoils.o
 .debug_info    0x00015610      0x816 ..\obj\ADS1220.o
 .debug_info    0x00015e26      0xbab ..\obj\stm32f4xx_i2c.o
 .debug_info    0x000169d1      0xcfa ..\obj\frequency.o
 .debug_info    0x000176cb      0x373 ..\obj\stm32f4xx_exti.o
 .debug_info    0x00017a3e      0x592 ..\obj\misc.o
 .debug_info    0x00017fd0     0x118a ..\obj\usb_dcd.o
 .debug_info    0x0001915a     0x1255 ..\obj\stm32f4xx_rtc.o
 .debug_info    0x0001a3af      0xde4 ..\obj\usbd_ioreq.o
 .debug_info    0x0001b193      0x2ef ..\obj\heap_2.o
 .debug_info    0x0001b482      0xdbf ..\obj\controller.o
 .debug_info    0x0001c241     0x1e7d ..\obj\stm32f4xx_tim.o
 .debug_info    0x0001e0be      0x654 ..\obj\power_detector.o

.debug_abbrev   0x00000000     0x4aa6
 .debug_abbrev  0x00000000      0x2bc ..\obj\usb_core.o
 .debug_abbrev  0x000002bc      0x1b5 ..\obj\mbport.o
 .debug_abbrev  0x00000471      0x19f ..\obj\mb.o
 .debug_abbrev  0x00000610      0x145 ..\obj\protocol.o
 .debug_abbrev  0x00000755       0xa8 ..\obj\mbfuncdisc.o
 .debug_abbrev  0x000007fd       0xdf ..\obj\usbd_usr.o
 .debug_abbrev  0x000008dc       0xc4 ..\obj\portevent.o
 .debug_abbrev  0x000009a0       0xc1 ..\obj\mbfuncother.o
 .debug_abbrev  0x00000a61      0x157 ..\obj\stm32f4xx_usart.o
 .debug_abbrev  0x00000bb8      0x181 ..\obj\stm32f4xx_pwr.o
 .debug_abbrev  0x00000d39       0xc9 ..\obj\rtc.o
 .debug_abbrev  0x00000e02       0xd8 ..\obj\mbutils.o
 .debug_abbrev  0x00000eda       0xb2 ..\obj\startup_stm32f4xx.o
 .debug_abbrev  0x00000f8c       0xa8 ..\obj\mbfuncholding.o
 .debug_abbrev  0x00001034      0x1f2 ..\obj\usbd_core.o
 .debug_abbrev  0x00001226       0xe3 ..\obj\main.o
 .debug_abbrev  0x00001309       0x93 ..\obj\mbcrc.o
 .debug_abbrev  0x0000139c      0x1e5 ..\obj\stm32f4xx_rcc.o
 .debug_abbrev  0x00001581       0xe5 ..\obj\mbfuncfile.o
 .debug_abbrev  0x00001666      0x167 ..\obj\log.o
 .debug_abbrev  0x000017cd       0xa8 ..\obj\mbfuncinput.o
 .debug_abbrev  0x00001875      0x12f ..\obj\watchdog.o
 .debug_abbrev  0x000019a4      0x253 ..\obj\tasks.o
 .debug_abbrev  0x00001bf7      0x12e ..\obj\usbd_desc.o
 .debug_abbrev  0x00001d25      0x1ed ..\obj\fram_i2c.o
 .debug_abbrev  0x00001f12      0x1a5 ..\obj\stm32f4xx_gpio.o
 .debug_abbrev  0x000020b7      0x1c2 ..\obj\porttimer.o
 .debug_abbrev  0x00002279      0x14c ..\obj\usbd_cdc_vcp.o
 .debug_abbrev  0x000023c5      0x189 ..\obj\mbrtu.o
 .debug_abbrev  0x0000254e       0xbe ..\obj\list.o
 .debug_abbrev  0x0000260c      0x138 ..\obj\system_stm32f4xx.o
 .debug_abbrev  0x00002744      0x1fe ..\obj\usb_bsp.o
 .debug_abbrev  0x00002942      0x268 ..\obj\usbd_req.o
 .debug_abbrev  0x00002baa      0x1bc ..\obj\port.o
 .debug_abbrev  0x00002d66      0x141 ..\obj\queue.o
 .debug_abbrev  0x00002ea7      0x230 ..\obj\usb_dcd_int.o
 .debug_abbrev  0x000030d7      0x292 ..\obj\portserial.o
 .debug_abbrev  0x00003369      0x204 ..\obj\usbd_cdc_core.o
 .debug_abbrev  0x0000356d      0x169 ..\obj\stm32f4xx_spi.o
 .debug_abbrev  0x000036d6       0xba ..\obj\mbfunccoils.o
 .debug_abbrev  0x00003790      0x1d0 ..\obj\ADS1220.o
 .debug_abbrev  0x00003960      0x166 ..\obj\stm32f4xx_i2c.o
 .debug_abbrev  0x00003ac6      0x1c2 ..\obj\frequency.o
 .debug_abbrev  0x00003c88      0x1a7 ..\obj\stm32f4xx_exti.o
 .debug_abbrev  0x00003e2f      0x129 ..\obj\misc.o
 .debug_abbrev  0x00003f58      0x22e ..\obj\usb_dcd.o
 .debug_abbrev  0x00004186      0x1b0 ..\obj\stm32f4xx_rtc.o
 .debug_abbrev  0x00004336      0x184 ..\obj\usbd_ioreq.o
 .debug_abbrev  0x000044ba      0x16e ..\obj\heap_2.o
 .debug_abbrev  0x00004628      0x187 ..\obj\controller.o
 .debug_abbrev  0x000047af      0x189 ..\obj\stm32f4xx_tim.o
 .debug_abbrev  0x00004938      0x16e ..\obj\power_detector.o

.debug_loc      0x00000000     0x8ccd
 .debug_loc     0x00000000      0x7e0 ..\obj\usb_core.o
 .debug_loc     0x000007e0      0x176 ..\obj\mbport.o
 .debug_loc     0x00000956      0x150 ..\obj\mb.o
 .debug_loc     0x00000aa6       0xe0 ..\obj\protocol.o
 .debug_loc     0x00000b86       0x38 ..\obj\mbfuncdisc.o
 .debug_loc     0x00000bbe       0xe8 ..\obj\usbd_usr.o
 .debug_loc     0x00000ca6       0xa8 ..\obj\portevent.o
 .debug_loc     0x00000d4e       0x70 ..\obj\mbfuncother.o
 .debug_loc     0x00000dbe      0x658 ..\obj\stm32f4xx_usart.o
 .debug_loc     0x00001416      0x288 ..\obj\stm32f4xx_pwr.o
 .debug_loc     0x0000169e       0x38 ..\obj\rtc.o
 .debug_loc     0x000016d6       0xa8 ..\obj\mbutils.o
 .debug_loc     0x0000177e       0x64 ..\obj\startup_stm32f4xx.o
 .debug_loc     0x000017e2       0xe0 ..\obj\mbfuncholding.o
 .debug_loc     0x000018c2      0x2d8 ..\obj\usbd_core.o
 .debug_loc     0x00001b9a      0x100 ..\obj\main.o
 .debug_loc     0x00001c9a       0x38 ..\obj\mbcrc.o
 .debug_loc     0x00001cd2      0x97c ..\obj\stm32f4xx_rcc.o
 .debug_loc     0x0000264e       0x3a ..\obj\mbfuncfile.o
 .debug_loc     0x00002688       0xe2 ..\obj\log.o
 .debug_loc     0x0000276a       0x38 ..\obj\mbfuncinput.o
 .debug_loc     0x000027a2       0xe0 ..\obj\watchdog.o
 .debug_loc     0x00002882      0x92c ..\obj\tasks.o
 .debug_loc     0x000031ae      0x188 ..\obj\usbd_desc.o
 .debug_loc     0x00003336      0x15e ..\obj\fram_i2c.o
 .debug_loc     0x00003494      0x310 ..\obj\stm32f4xx_gpio.o
 .debug_loc     0x000037a4      0x2dc ..\obj\porttimer.o
 .debug_loc     0x00003a80      0x138 ..\obj\usbd_cdc_vcp.o
 .debug_loc     0x00003bb8      0x1c0 ..\obj\mbrtu.o
 .debug_loc     0x00003d78      0x118 ..\obj\list.o
 .debug_loc     0x00003e90       0x9c ..\obj\system_stm32f4xx.o
 .debug_loc     0x00003f2c      0x138 ..\obj\usb_bsp.o
 .debug_loc     0x00004064      0x310 ..\obj\usbd_req.o
 .debug_loc     0x00004374      0x1dc ..\obj\port.o
 .debug_loc     0x00004550      0x460 ..\obj\queue.o
 .debug_loc     0x000049b0      0x2d8 ..\obj\usb_dcd_int.o
 .debug_loc     0x00004c88      0x410 ..\obj\portserial.o
 .debug_loc     0x00005098      0x224 ..\obj\usbd_cdc_core.o
 .debug_loc     0x000052bc      0x578 ..\obj\stm32f4xx_spi.o
 .debug_loc     0x00005834       0xa8 ..\obj\mbfunccoils.o
 .debug_loc     0x000058dc      0x224 ..\obj\ADS1220.o
 .debug_loc     0x00005b00      0x738 ..\obj\stm32f4xx_i2c.o
 .debug_loc     0x00006238      0x10d ..\obj\frequency.o
 .debug_loc     0x00006345      0x1b4 ..\obj\stm32f4xx_exti.o
 .debug_loc     0x000064f9      0x118 ..\obj\misc.o
 .debug_loc     0x00006611      0x2d8 ..\obj\usb_dcd.o
 .debug_loc     0x000068e9      0xc48 ..\obj\stm32f4xx_rtc.o
 .debug_loc     0x00007531      0x188 ..\obj\usbd_ioreq.o
 .debug_loc     0x000076b9      0x100 ..\obj\heap_2.o
 .debug_loc     0x000077b9       0x64 ..\obj\controller.o
 .debug_loc     0x0000781d     0x1420 ..\obj\stm32f4xx_tim.o
 .debug_loc     0x00008c3d       0x90 ..\obj\power_detector.o

.debug_aranges  0x00000000     0x1980
 .debug_aranges
                0x00000000      0x138 ..\obj\usb_core.o
 .debug_aranges
                0x00000138       0x50 ..\obj\mbport.o
 .debug_aranges
                0x00000188       0x48 ..\obj\mb.o
 .debug_aranges
                0x000001d0       0x38 ..\obj\protocol.o
 .debug_aranges
                0x00000208       0x20 ..\obj\mbfuncdisc.o
 .debug_aranges
                0x00000228       0x40 ..\obj\usbd_usr.o
 .debug_aranges
                0x00000268       0x30 ..\obj\portevent.o
 .debug_aranges
                0x00000298       0x28 ..\obj\mbfuncother.o
 .debug_aranges
                0x000002c0      0x100 ..\obj\stm32f4xx_usart.o
 .debug_aranges
                0x000003c0       0x78 ..\obj\stm32f4xx_pwr.o
 .debug_aranges
                0x00000438       0x20 ..\obj\rtc.o
 .debug_aranges
                0x00000458       0x30 ..\obj\mbutils.o
 .debug_aranges
                0x00000488       0x28 ..\obj\startup_stm32f4xx.o
 .debug_aranges
                0x000004b0       0x38 ..\obj\mbfuncholding.o
 .debug_aranges
                0x000004e8       0x80 ..\obj\usbd_core.o
 .debug_aranges
                0x00000568       0x40 ..\obj\main.o
 .debug_aranges
                0x000005a8       0x20 ..\obj\mbcrc.o
 .debug_aranges
                0x000005c8      0x178 ..\obj\stm32f4xx_rcc.o
 .debug_aranges
                0x00000740       0x20 ..\obj\mbfuncfile.o
 .debug_aranges
                0x00000760       0x38 ..\obj\log.o
 .debug_aranges
                0x00000798       0x20 ..\obj\mbfuncinput.o
 .debug_aranges
                0x000007b8       0x38 ..\obj\watchdog.o
 .debug_aranges
                0x000007f0      0x170 ..\obj\tasks.o
 .debug_aranges
                0x00000960       0x50 ..\obj\usbd_desc.o
 .debug_aranges
                0x000009b0       0x48 ..\obj\fram_i2c.o
 .debug_aranges
                0x000009f8       0x88 ..\obj\stm32f4xx_gpio.o
 .debug_aranges
                0x00000a80       0x90 ..\obj\porttimer.o
 .debug_aranges
                0x00000b10       0x48 ..\obj\usbd_cdc_vcp.o
 .debug_aranges
                0x00000b58       0x58 ..\obj\mbrtu.o
 .debug_aranges
                0x00000bb0       0x40 ..\obj\list.o
 .debug_aranges
                0x00000bf0       0x30 ..\obj\system_stm32f4xx.o
 .debug_aranges
                0x00000c20       0x48 ..\obj\usb_bsp.o
 .debug_aranges
                0x00000c68       0x88 ..\obj\usbd_req.o
 .debug_aranges
                0x00000cf0       0x90 ..\obj\port.o
 .debug_aranges
                0x00000d80       0xb8 ..\obj\queue.o
 .debug_aranges
                0x00000e38       0x80 ..\obj\usb_dcd_int.o
 .debug_aranges
                0x00000eb8       0xb0 ..\obj\portserial.o
 .debug_aranges
                0x00000f68       0x68 ..\obj\usbd_cdc_core.o
 .debug_aranges
                0x00000fd0       0xe0 ..\obj\stm32f4xx_spi.o
 .debug_aranges
                0x000010b0       0x30 ..\obj\mbfunccoils.o
 .debug_aranges
                0x000010e0       0x68 ..\obj\ADS1220.o
 .debug_aranges
                0x00001148      0x120 ..\obj\stm32f4xx_i2c.o
 .debug_aranges
                0x00001268       0x40 ..\obj\frequency.o
 .debug_aranges
                0x000012a8       0x58 ..\obj\stm32f4xx_exti.o
 .debug_aranges
                0x00001300       0x40 ..\obj\misc.o
 .debug_aranges
                0x00001340       0x80 ..\obj\usb_dcd.o
 .debug_aranges
                0x000013c0      0x1e0 ..\obj\stm32f4xx_rtc.o
 .debug_aranges
                0x000015a0       0x50 ..\obj\usbd_ioreq.o
 .debug_aranges
                0x000015f0       0x40 ..\obj\heap_2.o
 .debug_aranges
                0x00001630       0x28 ..\obj\controller.o
 .debug_aranges
                0x00001658      0x2f8 ..\obj\stm32f4xx_tim.o
 .debug_aranges
                0x00001950       0x30 ..\obj\power_detector.o

.debug_ranges   0x00000000     0x1640
 .debug_ranges  0x00000000      0x128 ..\obj\usb_core.o
 .debug_ranges  0x00000128       0x40 ..\obj\mbport.o
 .debug_ranges  0x00000168       0x38 ..\obj\mb.o
 .debug_ranges  0x000001a0       0x28 ..\obj\protocol.o
 .debug_ranges  0x000001c8       0x10 ..\obj\mbfuncdisc.o
 .debug_ranges  0x000001d8       0x30 ..\obj\usbd_usr.o
 .debug_ranges  0x00000208       0x20 ..\obj\portevent.o
 .debug_ranges  0x00000228       0x18 ..\obj\mbfuncother.o
 .debug_ranges  0x00000240       0xf0 ..\obj\stm32f4xx_usart.o
 .debug_ranges  0x00000330       0x68 ..\obj\stm32f4xx_pwr.o
 .debug_ranges  0x00000398       0x10 ..\obj\rtc.o
 .debug_ranges  0x000003a8       0x20 ..\obj\mbutils.o
 .debug_ranges  0x000003c8       0x18 ..\obj\startup_stm32f4xx.o
 .debug_ranges  0x000003e0       0x28 ..\obj\mbfuncholding.o
 .debug_ranges  0x00000408       0x70 ..\obj\usbd_core.o
 .debug_ranges  0x00000478       0x30 ..\obj\main.o
 .debug_ranges  0x000004a8       0x10 ..\obj\mbcrc.o
 .debug_ranges  0x000004b8      0x168 ..\obj\stm32f4xx_rcc.o
 .debug_ranges  0x00000620       0x10 ..\obj\mbfuncfile.o
 .debug_ranges  0x00000630       0x28 ..\obj\log.o
 .debug_ranges  0x00000658       0x10 ..\obj\mbfuncinput.o
 .debug_ranges  0x00000668       0x28 ..\obj\watchdog.o
 .debug_ranges  0x00000690      0x160 ..\obj\tasks.o
 .debug_ranges  0x000007f0       0x40 ..\obj\usbd_desc.o
 .debug_ranges  0x00000830       0x38 ..\obj\fram_i2c.o
 .debug_ranges  0x00000868       0x78 ..\obj\stm32f4xx_gpio.o
 .debug_ranges  0x000008e0       0x80 ..\obj\porttimer.o
 .debug_ranges  0x00000960       0x38 ..\obj\usbd_cdc_vcp.o
 .debug_ranges  0x00000998       0x48 ..\obj\mbrtu.o
 .debug_ranges  0x000009e0       0x30 ..\obj\list.o
 .debug_ranges  0x00000a10       0x20 ..\obj\system_stm32f4xx.o
 .debug_ranges  0x00000a30       0x38 ..\obj\usb_bsp.o
 .debug_ranges  0x00000a68       0x78 ..\obj\usbd_req.o
 .debug_ranges  0x00000ae0       0x80 ..\obj\port.o
 .debug_ranges  0x00000b60       0xa8 ..\obj\queue.o
 .debug_ranges  0x00000c08       0x70 ..\obj\usb_dcd_int.o
 .debug_ranges  0x00000c78       0xa0 ..\obj\portserial.o
 .debug_ranges  0x00000d18       0x58 ..\obj\usbd_cdc_core.o
 .debug_ranges  0x00000d70       0xd0 ..\obj\stm32f4xx_spi.o
 .debug_ranges  0x00000e40       0x20 ..\obj\mbfunccoils.o
 .debug_ranges  0x00000e60       0x58 ..\obj\ADS1220.o
 .debug_ranges  0x00000eb8      0x110 ..\obj\stm32f4xx_i2c.o
 .debug_ranges  0x00000fc8       0x30 ..\obj\frequency.o
 .debug_ranges  0x00000ff8       0x48 ..\obj\stm32f4xx_exti.o
 .debug_ranges  0x00001040       0x30 ..\obj\misc.o
 .debug_ranges  0x00001070       0x70 ..\obj\usb_dcd.o
 .debug_ranges  0x000010e0      0x1d0 ..\obj\stm32f4xx_rtc.o
 .debug_ranges  0x000012b0       0x40 ..\obj\usbd_ioreq.o
 .debug_ranges  0x000012f0       0x30 ..\obj\heap_2.o
 .debug_ranges  0x00001320       0x18 ..\obj\controller.o
 .debug_ranges  0x00001338      0x2e8 ..\obj\stm32f4xx_tim.o
 .debug_ranges  0x00001620       0x20 ..\obj\power_detector.o

.debug_line     0x00000000     0xaf50
 .debug_line    0x00000000      0x67b ..\obj\usb_core.o
 .debug_line    0x0000067b      0x4f3 ..\obj\mbport.o
 .debug_line    0x00000b6e      0x312 ..\obj\mb.o
 .debug_line    0x00000e80      0x34c ..\obj\protocol.o
 .debug_line    0x000011cc      0x1d9 ..\obj\mbfuncdisc.o
 .debug_line    0x000013a5      0x17a ..\obj\usbd_usr.o
 .debug_line    0x0000151f      0x1bd ..\obj\portevent.o
 .debug_line    0x000016dc      0x22f ..\obj\mbfuncother.o
 .debug_line    0x0000190b      0x485 ..\obj\stm32f4xx_usart.o
 .debug_line    0x00001d90      0x28b ..\obj\stm32f4xx_pwr.o
 .debug_line    0x0000201b      0x1ea ..\obj\rtc.o
 .debug_line    0x00002205      0x239 ..\obj\mbutils.o
 .debug_line    0x0000243e       0xaf ..\obj\startup_stm32f4xx.o
 .debug_line    0x000024ed      0x26f ..\obj\mbfuncholding.o
 .debug_line    0x0000275c      0x2ce ..\obj\usbd_core.o
 .debug_line    0x00002a2a      0x285 ..\obj\main.o
 .debug_line    0x00002caf      0x150 ..\obj\mbcrc.o
 .debug_line    0x00002dff      0x57b ..\obj\stm32f4xx_rcc.o
 .debug_line    0x0000337a      0x211 ..\obj\mbfuncfile.o
 .debug_line    0x0000358b      0x33f ..\obj\log.o
 .debug_line    0x000038ca      0x1cf ..\obj\mbfuncinput.o
 .debug_line    0x00003a99      0x221 ..\obj\watchdog.o
 .debug_line    0x00003cba      0xa6a ..\obj\tasks.o
 .debug_line    0x00004724      0x1c0 ..\obj\usbd_desc.o
 .debug_line    0x000048e4      0x4fb ..\obj\fram_i2c.o
 .debug_line    0x00004ddf      0x323 ..\obj\stm32f4xx_gpio.o
 .debug_line    0x00005102      0x42d ..\obj\porttimer.o
 .debug_line    0x0000552f      0x1d6 ..\obj\usbd_cdc_vcp.o
 .debug_line    0x00005705      0x27f ..\obj\mbrtu.o
 .debug_line    0x00005984      0x22d ..\obj\list.o
 .debug_line    0x00005bb1      0x1af ..\obj\system_stm32f4xx.o
 .debug_line    0x00005d60      0x279 ..\obj\usb_bsp.o
 .debug_line    0x00005fd9      0x38d ..\obj\usbd_req.o
 .debug_line    0x00006366      0x2f6 ..\obj\port.o
 .debug_line    0x0000665c      0x6d3 ..\obj\queue.o
 .debug_line    0x00006d2f      0x379 ..\obj\usb_dcd_int.o
 .debug_line    0x000070a8      0x54a ..\obj\portserial.o
 .debug_line    0x000075f2      0x265 ..\obj\usbd_cdc_core.o
 .debug_line    0x00007857      0x437 ..\obj\stm32f4xx_spi.o
 .debug_line    0x00007c8e      0x247 ..\obj\mbfunccoils.o
 .debug_line    0x00007ed5      0x4e7 ..\obj\ADS1220.o
 .debug_line    0x000083bc      0x4c0 ..\obj\stm32f4xx_i2c.o
 .debug_line    0x0000887c      0x3f9 ..\obj\frequency.o
 .debug_line    0x00008c75      0x289 ..\obj\stm32f4xx_exti.o
 .debug_line    0x00008efe      0x229 ..\obj\misc.o
 .debug_line    0x00009127      0x2ec ..\obj\usb_dcd.o
 .debug_line    0x00009413      0x7f1 ..\obj\stm32f4xx_rtc.o
 .debug_line    0x00009c04      0x1d6 ..\obj\usbd_ioreq.o
 .debug_line    0x00009dda      0x263 ..\obj\heap_2.o
 .debug_line    0x0000a03d      0x269 ..\obj\controller.o
 .debug_line    0x0000a2a6      0xa5d ..\obj\stm32f4xx_tim.o
 .debug_line    0x0000ad03      0x24d ..\obj\power_detector.o

.debug_str      0x00000000     0x8947
 .debug_str     0x00000000     0x12c9 ..\obj\usb_core.o
                               0x15fa (size before relaxing)
 .debug_str     0x000012c9      0x45a ..\obj\mbport.o
                                0x589 (size before relaxing)
 .debug_str     0x00001723      0x5cc ..\obj\mb.o
                                0x78e (size before relaxing)
 .debug_str     0x00001cef      0x1f6 ..\obj\protocol.o
                                0x84f (size before relaxing)
 .debug_str     0x00001ee5       0xc3 ..\obj\mbfuncdisc.o
                                0x2ec (size before relaxing)
 .debug_str     0x00001fa8       0xbc ..\obj\usbd_usr.o
                                0x1fe (size before relaxing)
 .debug_str     0x00002064       0x9a ..\obj\portevent.o
                                0x1ca (size before relaxing)
 .debug_str     0x000020fe       0xd8 ..\obj\mbfuncother.o
                                0x315 (size before relaxing)
 .debug_str     0x000021d6      0x516 ..\obj\stm32f4xx_usart.o
                                0x603 (size before relaxing)
 .debug_str     0x000026ec      0x1e9 ..\obj\stm32f4xx_pwr.o
                                0x305 (size before relaxing)
 .debug_str     0x000028d5       0xa9 ..\obj\rtc.o
                                0x1aa (size before relaxing)
 .debug_str     0x0000297e       0xee ..\obj\mbutils.o
                                0x329 (size before relaxing)
 .debug_str     0x00002a6c       0xbe ..\obj\startup_stm32f4xx.o
                                 0xe5 (size before relaxing)
 .debug_str     0x00002b2a      0x155 ..\obj\mbfuncholding.o
                                0x3ca (size before relaxing)
 .debug_str     0x00002c7f      0x196 ..\obj\usbd_core.o
                                0xa3f (size before relaxing)
 .debug_str     0x00002e15       0xd6 ..\obj\main.o
                                0x1ba (size before relaxing)
 .debug_str     0x00002eeb       0x77 ..\obj\mbcrc.o
                                0x14d (size before relaxing)
 .debug_str     0x00002f62      0x5eb ..\obj\stm32f4xx_rcc.o
                                0x7c4 (size before relaxing)
 .debug_str     0x0000354d       0x93 ..\obj\mbfuncfile.o
                                0x323 (size before relaxing)
 .debug_str     0x000035e0       0xb8 ..\obj\log.o
                                0x3ca (size before relaxing)
 .debug_str     0x00003698       0x79 ..\obj\mbfuncinput.o
                                0x2e0 (size before relaxing)
 .debug_str     0x00003711       0xd5 ..\obj\watchdog.o
                                0x1e0 (size before relaxing)
 .debug_str     0x000037e6      0xa41 ..\obj\tasks.o
                                0xb9c (size before relaxing)
 .debug_str     0x00004227      0x16a ..\obj\usbd_desc.o
                                0x301 (size before relaxing)
 .debug_str     0x00004391      0x35d ..\obj\fram_i2c.o
                                0x57c (size before relaxing)
 .debug_str     0x000046ee      0x1ac ..\obj\stm32f4xx_gpio.o
                                0x417 (size before relaxing)
 .debug_str     0x0000489a      0x858 ..\obj\porttimer.o
                                0xf40 (size before relaxing)
 .debug_str     0x000050f2      0x13c ..\obj\usbd_cdc_vcp.o
                                0x228 (size before relaxing)
 .debug_str     0x0000522e      0x121 ..\obj\mbrtu.o
                                0x560 (size before relaxing)
 .debug_str     0x0000534f       0xe8 ..\obj\list.o
                                0x23a (size before relaxing)
 .debug_str     0x00005437       0xb6 ..\obj\system_stm32f4xx.o
                                0x31e (size before relaxing)
 .debug_str     0x000054ed       0xdf ..\obj\usb_bsp.o
                               0x1046 (size before relaxing)
 .debug_str     0x000055cc      0x17c ..\obj\usbd_req.o
                                0xa6a (size before relaxing)
 .debug_str     0x00005748      0x263 ..\obj\port.o
                                0x369 (size before relaxing)
 .debug_str     0x000059ab      0x353 ..\obj\queue.o
                                0x57f (size before relaxing)
 .debug_str     0x00005cfe      0x292 ..\obj\usb_dcd_int.o
                               0x11f8 (size before relaxing)
 .debug_str     0x00005f90      0x22c ..\obj\portserial.o
                               0x1132 (size before relaxing)
 .debug_str     0x000061bc      0x1be ..\obj\usbd_cdc_core.o
                                0xab5 (size before relaxing)
 .debug_str     0x0000637a      0x3b4 ..\obj\stm32f4xx_spi.o
                                0x5fe (size before relaxing)
 .debug_str     0x0000672e       0xd6 ..\obj\mbfunccoils.o
                                0x354 (size before relaxing)
 .debug_str     0x00006804      0x1df ..\obj\ADS1220.o
                                0x72e (size before relaxing)
 .debug_str     0x000069e3      0x34c ..\obj\stm32f4xx_i2c.o
                                0x5d9 (size before relaxing)
 .debug_str     0x00006d2f      0x17f ..\obj\frequency.o
                                0xd39 (size before relaxing)
 .debug_str     0x00006eae      0x1db ..\obj\stm32f4xx_exti.o
                                0x2e2 (size before relaxing)
 .debug_str     0x00007089      0x137 ..\obj\misc.o
                                0x34d (size before relaxing)
 .debug_str     0x000071c0      0x110 ..\obj\usb_dcd.o
                                0xa9a (size before relaxing)
 .debug_str     0x000072d0      0x8b1 ..\obj\stm32f4xx_rtc.o
                                0xac7 (size before relaxing)
 .debug_str     0x00007b81       0xd2 ..\obj\usbd_ioreq.o
                                0x929 (size before relaxing)
 .debug_str     0x00007c53      0x19b ..\obj\heap_2.o
                                0x28d (size before relaxing)
 .debug_str     0x00007dee       0x7c ..\obj\controller.o
                                0xa13 (size before relaxing)
 .debug_str     0x00007e6a      0xa3a ..\obj\stm32f4xx_tim.o
                                0xd44 (size before relaxing)
 .debug_str     0x000088a4       0xa3 ..\obj\power_detector.o
                                0x841 (size before relaxing)

.comment        0x00000000       0x30
 .comment       0x00000000       0x30 ..\obj\usb_core.o
                                 0x31 (size before relaxing)
 .comment       0x00000000       0x31 ..\obj\mbport.o
 .comment       0x00000000       0x31 ..\obj\mb.o
 .comment       0x00000000       0x31 ..\obj\protocol.o
 .comment       0x00000000       0x31 ..\obj\mbfuncdisc.o
 .comment       0x00000000       0x31 ..\obj\usbd_usr.o
 .comment       0x00000000       0x31 ..\obj\portevent.o
 .comment       0x00000000       0x31 ..\obj\mbfuncother.o
 .comment       0x00000000       0x31 ..\obj\stm32f4xx_usart.o
 .comment       0x00000000       0x31 ..\obj\stm32f4xx_pwr.o
 .comment       0x00000000       0x31 ..\obj\rtc.o
 .comment       0x00000000       0x31 ..\obj\mbutils.o
 .comment       0x00000000       0x31 ..\obj\startup_stm32f4xx.o
 .comment       0x00000000       0x31 ..\obj\mbfuncholding.o
 .comment       0x00000000       0x31 ..\obj\usbd_core.o
 .comment       0x00000000       0x31 ..\obj\main.o
 .comment       0x00000000       0x31 ..\obj\mbcrc.o
 .comment       0x00000000       0x31 ..\obj\stm32f4xx_rcc.o
 .comment       0x00000000       0x31 ..\obj\mbfuncfile.o
 .comment       0x00000000       0x31 ..\obj\log.o
 .comment       0x00000000       0x31 ..\obj\mbfuncinput.o
 .comment       0x00000000       0x31 ..\obj\watchdog.o
 .comment       0x00000000       0x31 ..\obj\tasks.o
 .comment       0x00000000       0x31 ..\obj\usbd_desc.o
 .comment       0x00000000       0x31 ..\obj\fram_i2c.o
 .comment       0x00000000       0x31 ..\obj\stm32f4xx_gpio.o
 .comment       0x00000000       0x31 ..\obj\porttimer.o
 .comment       0x00000000       0x31 ..\obj\usbd_cdc_vcp.o
 .comment       0x00000000       0x31 ..\obj\mbrtu.o
 .comment       0x00000000       0x31 ..\obj\list.o
 .comment       0x00000000       0x31 ..\obj\system_stm32f4xx.o
 .comment       0x00000000       0x31 ..\obj\usb_bsp.o
 .comment       0x00000000       0x31 ..\obj\usbd_req.o
 .comment       0x00000000       0x31 ..\obj\port.o
 .comment       0x00000000       0x31 ..\obj\queue.o
 .comment       0x00000000       0x31 ..\obj\usb_dcd_int.o
 .comment       0x00000000       0x31 ..\obj\portserial.o
 .comment       0x00000000       0x31 ..\obj\usbd_cdc_core.o
 .comment       0x00000000       0x31 ..\obj\stm32f4xx_spi.o
 .comment       0x00000000       0x31 ..\obj\mbfunccoils.o
 .comment       0x00000000       0x31 ..\obj\ADS1220.o
 .comment       0x00000000       0x31 ..\obj\stm32f4xx_i2c.o
 .comment       0x00000000       0x31 ..\obj\frequency.o
 .comment       0x00000000       0x31 ..\obj\stm32f4xx_exti.o
 .comment       0x00000000       0x31 ..\obj\misc.o
 .comment       0x00000000       0x31 ..\obj\usb_dcd.o
 .comment       0x00000000       0x31 ..\obj\stm32f4xx_rtc.o
 .comment       0x00000000       0x31 ..\obj\usbd_ioreq.o
 .comment       0x00000000       0x31 ..\obj\heap_2.o
 .comment       0x00000000       0x31 ..\obj\controller.o
 .comment       0x00000000       0x31 ..\obj\stm32f4xx_tim.o
 .comment       0x00000000       0x31 ..\obj\power_detector.o

.ARM.attributes
                0x00000000       0x33
 .ARM.attributes
                0x00000000       0x33 ..\obj\usb_core.o
 .ARM.attributes
                0x00000033       0x33 ..\obj\mbport.o
 .ARM.attributes
                0x00000066       0x33 ..\obj\mb.o
 .ARM.attributes
                0x00000099       0x33 ..\obj\protocol.o
 .ARM.attributes
                0x000000cc       0x33 ..\obj\mbfuncdisc.o
 .ARM.attributes
                0x000000ff       0x33 ..\obj\usbd_usr.o
 .ARM.attributes
                0x00000132       0x33 ..\obj\portevent.o
 .ARM.attributes
                0x00000165       0x33 ..\obj\mbfuncother.o
 .ARM.attributes
                0x00000198       0x33 ..\obj\stm32f4xx_usart.o
 .ARM.attributes
                0x000001cb       0x33 ..\obj\stm32f4xx_pwr.o
 .ARM.attributes
                0x000001fe       0x33 ..\obj\rtc.o
 .ARM.attributes
                0x00000231       0x33 ..\obj\mbutils.o
 .ARM.attributes
                0x00000264       0x33 ..\obj\startup_stm32f4xx.o
 .ARM.attributes
                0x00000297       0x33 ..\obj\mbfuncholding.o
 .ARM.attributes
                0x000002ca       0x33 ..\obj\usbd_core.o
 .ARM.attributes
                0x000002fd       0x33 ..\obj\main.o
 .ARM.attributes
                0x00000330       0x33 ..\obj\mbcrc.o
 .ARM.attributes
                0x00000363       0x33 ..\obj\stm32f4xx_rcc.o
 .ARM.attributes
                0x00000396       0x33 ..\obj\mbfuncfile.o