Archive member included because of file (symbol)

c:/stm32/arm_eabi/bin/../lib/gcc/arm-none-eabi/4.7.2/thumb2\libgcc.a(_arm_addsubdf3.o)
                              ..\obj\ADS1220.o (__aeabi_dadd)
c:/stm32/arm_eabi/bin/../lib/gcc/arm-none-eabi/4.7.2/thumb2\libgcc.a(_arm_muldivdf3.o)
                              ..\obj\ADS1220.o (__aeabi_dmul)
c:/stm32/arm_eabi/bin/../lib/gcc/arm-none-eabi/4.7.2/thumb2\libgcc.a(_arm_truncdfsf2.o)
                              ..\obj\ADS1220.o (__aeabi_d2f)
c:/stm32/arm_eabi/bin/../lib/gcc/arm-none-eabi/4.7.2/thumb2\libgcc.a(_arm_addsubsf3.o)
                              ..\obj\frequency.o (__aeabi_ui2f)
c:/stm32/arm_eabi/bin/../lib/gcc/arm-none-eabi/4.7.2/thumb2\libgcc.a(_arm_muldivsf3.o)
                              ..\obj\frequency.o (__aeabi_fmul)
c:/stm32/arm_eabi/bin/../lib/gcc/arm-none-eabi/4.7.2/../../../../arm-none-eabi/lib/thumb2\libc.a(lib_a-memcmp.o)
                              ..\obj\tasks.o (memcmp)
c:/stm32/arm_eabi/bin/../lib/gcc/arm-none-eabi/4.7.2/../../../../arm-none-eabi/lib/thumb2\libc.a(lib_a-memcpy.o)
                              ..\obj\mbfuncother.o (memcpy)
c:/stm32/arm_eabi/bin/../lib/gcc/arm-none-eabi/4.7.2/../../../../arm-none-eabi/lib/thumb2\libc.a(lib_a-memset.o)
                              ..\obj\tasks.o (memset)

Allocating common symbols
Common symbol       size              file

log_buf             0x80              ..\obj\log.o
stContext_RS232     0x174             ..\obj\protocol.o
stContext_RS485     0x174             ..\obj\protocol.o
stSettings          0x4               ..\obj\controller.o
xMeasureDataMutex   0x4               ..\obj\controller.o
xI2CBusMutex        0x4               ..\obj\fram_i2c.o
xFrequencySemaphore
                    0x8               ..\obj\frequency.o
xADC_SPI_Mutex      0x4               ..\obj\ADS1220.o
stMeasureData       0x40              ..\obj\controller.o
xSettingsMutex      0x4               ..\obj\controller.o
task_watches        0x50              ..\obj\watchdog.o

Discarded input sections

 .text          0x00000000        0x0 ..\obj\stm32f4xx_syscfg.o
 .data          0x00000000        0x0 ..\obj\stm32f4xx_syscfg.o
 .bss           0x00000000        0x0 ..\obj\stm32f4xx_syscfg.o
 .debug_abbrev  0x00000000      0x12a ..\obj\stm32f4xx_syscfg.o
 .debug_info    0x00000000      0x27a ..\obj\stm32f4xx_syscfg.o
 .debug_line    0x00000000      0x202 ..\obj\stm32f4xx_syscfg.o
 .text.SYSCFG_DeInit
                0x00000000       0x20 ..\obj\stm32f4xx_syscfg.o
 .text.SYSCFG_MemoryRemapConfig
                0x00000000       0x20 ..\obj\stm32f4xx_syscfg.o
 .text.SYSCFG_EXTILineConfig
                0x00000000       0xb4 ..\obj\stm32f4xx_syscfg.o
 .text.SYSCFG_ETH_MediaInterfaceConfig
                0x00000000       0x20 ..\obj\stm32f4xx_syscfg.o
 .text.SYSCFG_CompensationCellCmd
                0x00000000       0x20 ..\obj\stm32f4xx_syscfg.o
 .text.SYSCFG_GetCompensationCellStatus
                0x00000000       0x3c ..\obj\stm32f4xx_syscfg.o
 .debug_loc     0x00000000      0x144 ..\obj\stm32f4xx_syscfg.o
 .debug_pubnames
                0x00000000       0xc3 ..\obj\stm32f4xx_syscfg.o
 .debug_pubtypes
                0x00000000       0x6d ..\obj\stm32f4xx_syscfg.o
 .debug_aranges
                0x00000000       0x48 ..\obj\stm32f4xx_syscfg.o
 .debug_ranges  0x00000000       0x38 ..\obj\stm32f4xx_syscfg.o
 .debug_str     0x00000000      0x26a ..\obj\stm32f4xx_syscfg.o
 .comment       0x00000000       0x2b ..\obj\stm32f4xx_syscfg.o
 .ARM.attributes
                0x00000000       0x31 ..\obj\stm32f4xx_syscfg.o
 .debug_frame   0x00000000       0xbc ..\obj\stm32f4xx_syscfg.o
 .text          0x00000000        0x0 ..\obj\mbport.o
 .bss           0x00000000        0x0 ..\obj\mbport.o
 .text          0x00000000        0x0 ..\obj\mb.o
 .bss           0x00000000        0x0 ..\obj\mb.o
 .text.eMBRegisterCB
                0x00000000      0x114 ..\obj\mb.o
 .text.eMBClose
                0x00000000       0x3c ..\obj\mb.o
 .text.eMBDisable
                0x00000000       0x60 ..\obj\mb.o
 .text          0x00000000        0x0 ..\obj\protocol.o
 .data          0x00000000        0x0 ..\obj\protocol.o
 .bss           0x00000000        0x4 ..\obj\protocol.o
 .text          0x00000000        0x0 ..\obj\mbfuncdisc.o
 .data          0x00000000        0x0 ..\obj\mbfuncdisc.o
 .bss           0x00000000        0x0 ..\obj\mbfuncdisc.o
 .text          0x00000000        0x0 ..\obj\core_cm3.o
 .data          0x00000000        0x0 ..\obj\core_cm3.o
 .bss           0x00000000        0x0 ..\obj\core_cm3.o
 .debug_abbrev  0x00000000       0xd5 ..\obj\core_cm3.o
 .debug_info    0x00000000      0x548 ..\obj\core_cm3.o
 .debug_line    0x00000000      0x28e ..\obj\core_cm3.o
 .text.__get_PSP
                0x00000000       0x10 ..\obj\core_cm3.o
 .text.__set_PSP
                0x00000000        0x8 ..\obj\core_cm3.o
 .text.__get_MSP
                0x00000000       0x10 ..\obj\core_cm3.o
 .text.__set_MSP
[...]
Memory Configuration

Name             Origin             Length             Attributes
rom              0x08000000         0x00100000         xr
ram              0x20000000         0x00020000         xrw
ram1             0x10000000         0x00010000         xrw
*default*        0x00000000         0xffffffff

Linker script and memory map

                0x20020000                _eram = 0x20020000

.text           0x08000000     0x9f54
 *(.isr_vector)
 .isr_vector    0x08000000      0x188 ..\obj\startup_stm32f4xx.o
                0x08000000                g_pfnVectors
 *(.text*)
 .text.ENTER_CRITICAL_SECTION
                0x08000188        0xc ..\obj\mbport.o
                0x08000188                ENTER_CRITICAL_SECTION
 .text.EXIT_CRITICAL_SECTION
                0x08000194        0xc ..\obj\mbport.o
                0x08000194                EXIT_CRITICAL_SECTION
 .text.eMBRegInputCB
                0x080001a0      0x1a0 ..\obj\mbport.o
                0x080001a0                eMBRegInputCB
 .text.eMBRegHoldingCB
                0x08000340      0x534 ..\obj\mbport.o
                0x08000340                eMBRegHoldingCB
 .text.eMBRegCoilsCB
                0x08000874       0x20 ..\obj\mbport.o
                0x08000874                eMBRegCoilsCB
 .text.eMBRegDiscreteCB
                0x08000894       0x20 ..\obj\mbport.o
                0x08000894                eMBRegDiscreteCB
 .text.eMBFileCB
                0x080008b4      0x16c ..\obj\mbport.o
                0x080008b4                eMBFileCB
 .text.eMBInit  0x08000a20      0x110 ..\obj\mb.o
                0x08000a20                eMBInit
 .text.eMBEnable
                0x08000b30       0x50 ..\obj\mb.o
                0x08000b30                eMBEnable
 .text.eMBPoll  0x08000b80      0x1c0 ..\obj\mb.o
                0x08000b80                eMBPoll
 .text.Protocol_Init
                0x08000d40       0xd4 ..\obj\protocol.o
                0x08000d40                Protocol_Init
 .text.Modbus_RS485_Task
                0x08000e14       0x38 ..\obj\protocol.o
 .text.Modbus_RS232_Task
                0x08000e4c       0x38 ..\obj\protocol.o
 .text.eMBFuncReadDiscreteInputs
                0x08000e84      0x130 ..\obj\mbfuncdisc.o
                0x08000e84                eMBFuncReadDiscreteInputs
 .text.xMBPortEventInit
                0x08000fb4       0x20 ..\obj\portevent.o
                0x08000fb4                xMBPortEventInit
 .text.xMBPortEventPost
                0x08000fd4       0x2c ..\obj\portevent.o
                0x08000fd4                xMBPortEventPost
 .text.xMBPortEventGet
                0x08001000       0x3c ..\obj\portevent.o
                0x08001000                xMBPortEventGet
 .text.eMBFuncReportSlaveID
                0x0800103c       0x4c ..\obj\mbfuncother.o
                0x0800103c                eMBFuncReportSlaveID
 .text.USART_Init
                0x08001088      0x1bc ..\obj\stm32f4xx_usart.o
                0x08001088                USART_Init
 .text.USART_Cmd
                0x08001244       0x40 ..\obj\stm32f4xx_usart.o
                0x08001244                USART_Cmd
 .text.USART_SendData
                0x08001284       0x28 ..\obj\stm32f4xx_usart.o
                0x08001284                USART_SendData
 .text.USART_ReceiveData
                0x080012ac       0x24 ..\obj\stm32f4xx_usart.o
                0x080012ac                USART_ReceiveData
 .text.USART_ITConfig
                0x080012d0       0xa8 ..\obj\stm32f4xx_usart.o
                0x080012d0                USART_ITConfig
 .text.USART_GetFlagStatus
                0x08001378       0x40 ..\obj\stm32f4xx_usart.o
                0x08001378                USART_GetFlagStatus
 .text.USART_ClearFlag
                0x080013b8       0x24 ..\obj\stm32f4xx_usart.o
                0x080013b8                USART_ClearFlag
 .text.USART_GetITStatus
                0x080013dc       0xcc ..\obj\stm32f4xx_usart.o
                0x080013dc                USART_GetITStatus
 .text.PWR_BackupAccessCmd
                0x080014a8       0x20 ..\obj\stm32f4xx_pwr.o
                0x080014a8                PWR_BackupAccessCmd
 .text.RTC_Clock_Init
                0x080014c8       0x94 ..\obj\rtc.o
                0x080014c8                RTC_Clock_Init
 .text.prveMBError2Exception
                0x0800155c       0x48 ..\obj\mbutils.o
                0x0800155c                prveMBError2Exception
 .text.Default_Reset_Handler
                0x080015a4       0x68 ..\obj\startup_stm32f4xx.o
                0x080015a4                Default_Reset_Handler
                0x080015a4                Reset_Handler
 .text.Default_Handler
                0x0800160c        0x8 ..\obj\startup_stm32f4xx.o
                0x0800160c                RTC_Alarm_IRQHandler
                0x0800160c                HASH_RNG_IRQHandler
                0x0800160c                EXTI2_IRQHandler
                0x0800160c                TIM8_CC_IRQHandler
                0x0800160c                DebugMon_Handler
                0x0800160c                TIM1_CC_IRQHandler
                0x0800160c                DMA2_Stream5_IRQHandler
                0x0800160c                HardFault_Handler
                0x0800160c                DMA1_Stream5_IRQHandler
                0x0800160c                SDIO_IRQHandler
                0x0800160c                TAMP_STAMP_IRQHandler
                0x0800160c                NMI_Handler
                0x0800160c                CAN2_RX1_IRQHandler
                0x0800160c                EXTI3_IRQHandler
                0x0800160c                TIM8_TRG_COM_TIM14_IRQHandler
                0x0800160c                TIM1_UP_TIM10_IRQHandler
                0x0800160c                TIM8_UP_TIM13_IRQHandler
                0x0800160c                I2C3_ER_IRQHandler
                0x0800160c                EXTI0_IRQHandler
                0x0800160c                I2C2_EV_IRQHandler
                0x0800160c                DMA1_Stream2_IRQHandler
                0x0800160c                CAN1_RX0_IRQHandler
                0x0800160c                FPU_IRQHandler
                0x0800160c                OTG_HS_WKUP_IRQHandler
                0x0800160c                UsageFault_Handler
                0x0800160c                CAN2_SCE_IRQHandler
                0x0800160c                DMA2_Stream2_IRQHandler
                0x0800160c                SPI1_IRQHandler
                0x0800160c                TIM6_DAC_IRQHandler
                0x0800160c                TIM1_BRK_TIM9_IRQHandler
                0x0800160c                DCMI_IRQHandler
                0x0800160c                CAN2_RX0_IRQHandler
                0x0800160c                DMA2_Stream3_IRQHandler
                0x0800160c                CRYP_IRQHandler
                0x0800160c                CAN1_RX1_IRQHandler
                0x0800160c                UART5_IRQHandler
                0x0800160c                DMA2_Stream0_IRQHandler
                0x0800160c                I2C1_EV_IRQHandler
                0x0800160c                DMA1_Stream6_IRQHandler
                0x0800160c                DMA1_Stream1_IRQHandler
                0x0800160c                UART4_IRQHandler
                0x0800160c                TIM3_IRQHandler
                0x0800160c                RCC_IRQHandler
                0x0800160c                TIM8_BRK_TIM12_IRQHandler
                0x0800160c                EXTI15_10_IRQHandler
                0x0800160c                ADC_IRQHandler
                0x0800160c                DMA1_Stream7_IRQHandler
                0x0800160c                TIM7_IRQHandler
                0x0800160c                CAN2_TX_IRQHandler
                0x0800160c                DMA2_Stream7_IRQHandler
                0x0800160c                I2C3_EV_IRQHandler
                0x0800160c                EXTI9_5_IRQHandler
                0x0800160c                RTC_WKUP_IRQHandler
                0x0800160c                ETH_WKUP_IRQHandler
                0x0800160c                SPI2_IRQHandler
                0x0800160c                OTG_HS_EP1_IN_IRQHandler
                0x0800160c                MemManage_Handler
                0x0800160c                DMA1_Stream0_IRQHandler
                0x0800160c                CAN1_TX_IRQHandler
                0x0800160c                EXTI4_IRQHandler
                0x0800160c                FSMC_IRQHandler
                0x0800160c                ETH_IRQHandler
                0x0800160c                OTG_HS_EP1_OUT_IRQHandler
                0x0800160c                WWDG_IRQHandler
                0x0800160c                OTG_FS_WKUP_IRQHandler
                0x0800160c                TIM1_TRG_COM_TIM11_IRQHandler
                0x0800160c                OTG_HS_IRQHandler
                0x0800160c                EXTI1_IRQHandler
                0x0800160c                USART2_IRQHandler
                0x0800160c                I2C2_ER_IRQHandler
                0x0800160c                DMA2_Stream1_IRQHandler
                0x0800160c                CAN1_SCE_IRQHandler
                0x0800160c                FLASH_IRQHandler
                0x0800160c                DMA2_Stream4_IRQHandler
                0x0800160c                BusFault_Handler
                0x0800160c                USART1_IRQHandler
                0x0800160c                OTG_FS_IRQHandler
                0x0800160c                SPI3_IRQHandler
                0x0800160c                DMA1_Stream4_IRQHandler
                0x0800160c                I2C1_ER_IRQHandler
                0x0800160c                DMA2_Stream6_IRQHandler
                0x0800160c                DMA1_Stream3_IRQHandler
 .text.eMBFuncWriteHoldingRegister
                0x08001614       0x84 ..\obj\mbfuncholding.o
                0x08001614                eMBFuncWriteHoldingRegister
 .text.eMBFuncWriteMultipleHoldingRegister
                0x08001698       0xdc ..\obj\mbfuncholding.o
                0x08001698                eMBFuncWriteMultipleHoldingRegister
 .text.eMBFuncReadHoldingRegister
                0x08001774      0x10c ..\obj\mbfuncholding.o
                0x08001774                eMBFuncReadHoldingRegister
 .text.eMBFuncReadWriteMultipleHoldingRegister
                0x08001880      0x1a0 ..\obj\mbfuncholding.o
                0x08001880                eMBFuncReadWriteMultipleHoldingRegister
 .text.main     0x08001a20       0x14 ..\obj\main.o
                0x08001a20                main
 .text.vApplicationMallocFailedHook
                0x08001a34        0x8 ..\obj\main.o
                0x08001a34                vApplicationMallocFailedHook
 .text.vApplicationStackOverflowHook
                0x08001a3c        0xc ..\obj\main.o
                0x08001a3c                vApplicationStackOverflowHook
 .text.vApplicationIdleHook
                0x08001a48       0x18 ..\obj\main.o
                0x08001a48                vApplicationIdleHook
 .text.usMBCRC16
                0x08001a60       0x90 ..\obj\mbcrc.o
                0x08001a60                usMBCRC16
 .text.RCC_LSEConfig
                0x08001af0       0x5c ..\obj\stm32f4xx_rcc.o
                0x08001af0                RCC_LSEConfig
 .text.RCC_GetClocksFreq
                0x08001b4c      0x1d4 ..\obj\stm32f4xx_rcc.o
                0x08001b4c                RCC_GetClocksFreq
 .text.RCC_RTCCLKConfig
                0x08001d20       0x7c ..\obj\stm32f4xx_rcc.o
                0x08001d20                RCC_RTCCLKConfig
 .text.RCC_RTCCLKCmd
                0x08001d9c       0x20 ..\obj\stm32f4xx_rcc.o
                0x08001d9c                RCC_RTCCLKCmd
 .text.RCC_AHB1PeriphClockCmd
                0x08001dbc       0x5c ..\obj\stm32f4xx_rcc.o
                0x08001dbc                RCC_AHB1PeriphClockCmd
 .text.RCC_APB1PeriphClockCmd
                0x08001e18       0x5c ..\obj\stm32f4xx_rcc.o
                0x08001e18                RCC_APB1PeriphClockCmd
 .text.RCC_APB2PeriphClockCmd
                0x08001e74       0x5c ..\obj\stm32f4xx_rcc.o
                0x08001e74                RCC_APB2PeriphClockCmd
 .text.RCC_APB1PeriphResetCmd
                0x08001ed0       0x5c ..\obj\stm32f4xx_rcc.o
                0x08001ed0                RCC_APB1PeriphResetCmd
 .text.RCC_GetFlagStatus
                0x08001f2c       0x90 ..\obj\stm32f4xx_rcc.o
                0x08001f2c                RCC_GetFlagStatus
 .text.eMBFuncReadFile
                0x08001fbc      0x260 ..\obj\mbfuncfile.o
                0x08001fbc                eMBFuncReadFile
 .text.Log_Read_LogEntry
                0x0800221c       0x58 ..\obj\log.o
                0x0800221c                Log_Read_LogEntry
 .text.eMBFuncReadInputRegister
                0x08002274      0x110 ..\obj\mbfuncinput.o
                0x08002274                eMBFuncReadInputRegister
 .text.Watchdog_SetTaskStatus
                0x08002384       0x30 ..\obj\watchdog.o
                0x08002384                Watchdog_SetTaskStatus
 .text.Watchdog_IncrementCouter
                0x080023b4       0x30 ..\obj\watchdog.o
                0x080023b4                Watchdog_IncrementCouter
 .text.xTaskGenericCreate
                0x080023e4      0x1b8 ..\obj\tasks.o
                0x080023e4                xTaskGenericCreate
 .text.vTaskDelay
                0x0800259c       0xa4 ..\obj\tasks.o
                0x0800259c                vTaskDelay
 .text.vTaskStartScheduler
                0x08002640       0x7c ..\obj\tasks.o
                0x08002640                vTaskStartScheduler
 .text.vTaskSuspendAll
                0x080026bc       0x24 ..\obj\tasks.o
                0x080026bc                vTaskSuspendAll
 .text.xTaskResumeAll
                0x080026e0      0x178 ..\obj\tasks.o
                0x080026e0                xTaskResumeAll
 .text.xTaskIncrementTick
                0x08002858      0x204 ..\obj\tasks.o
                0x08002858                xTaskIncrementTick
 .text.vTaskSwitchContext
                0x08002a5c      0x14c ..\obj\tasks.o
                0x08002a5c                vTaskSwitchContext
 .text.vTaskPlaceOnEventList
                0x08002ba8       0xb8 ..\obj\tasks.o
                0x08002ba8                vTaskPlaceOnEventList
 .text.xTaskRemoveFromEventList
                0x08002c60       0xe0 ..\obj\tasks.o
                0x08002c60                xTaskRemoveFromEventList
 .text.vTaskSetTimeOutState
                0x08002d40       0x38 ..\obj\tasks.o
                0x08002d40                vTaskSetTimeOutState
 .text.xTaskCheckForTimeOut
                0x08002d78       0xb0 ..\obj\tasks.o
                0x08002d78                xTaskCheckForTimeOut
 .text.vTaskMissedYield
                0x08002e28       0x18 ..\obj\tasks.o
                0x08002e28                vTaskMissedYield
 .text.prvIdleTask
                0x08002e40       0x24 ..\obj\tasks.o
 .text.prvInitialiseTCBVariables
                0x08002e64       0xbc ..\obj\tasks.o
 .text.prvInitialiseTaskLists
                0x08002f20       0xa4 ..\obj\tasks.o
 .text.prvCheckTasksWaitingTermination
                0x08002fc4       0x98 ..\obj\tasks.o
 .text.prvAddCurrentTaskToDelayedList
                0x0800305c       0x8c ..\obj\tasks.o
 .text.prvAllocateTCBAndStack
                0x080030e8       0x7c ..\obj\tasks.o
 .text.prvDeleteTCB
                0x08003164       0x20 ..\obj\tasks.o
 .text.prvResetNextTaskUnblockTime
                0x08003184       0x5c ..\obj\tasks.o
 .text.vTaskPriorityInherit
                0x080031e0      0x148 ..\obj\tasks.o
                0x080031e0                vTaskPriorityInherit
 .text.xTaskPriorityDisinherit
                0x08003328      0x114 ..\obj\tasks.o
                0x08003328                xTaskPriorityDisinherit
 .text.pvTaskIncrementMutexHeldCount
                0x0800343c       0x38 ..\obj\tasks.o
                0x0800343c                pvTaskIncrementMutexHeldCount
 .text.FRAM_I2C_Init
                0x08003474       0xc8 ..\obj\fram_i2c.o
                0x08003474                FRAM_I2C_Init
 .text.FRAM_I2C_Reset
                0x0800353c      0x198 ..\obj\fram_i2c.o
                0x0800353c                FRAM_I2C_Reset
 .text.FRAM_I2C_Read_Buffer
                0x080036d4      0x6bc ..\obj\fram_i2c.o
                0x080036d4                FRAM_I2C_Read_Buffer
 .text.FRAM_I2C_Write_Buffer
                0x08003d90      0x28c ..\obj\fram_i2c.o
                0x08003d90                FRAM_I2C_Write_Buffer
 .text.FRAM_Read_Settings
                0x0800401c       0x88 ..\obj\fram_i2c.o
                0x0800401c                FRAM_Read_Settings
 .text.FRAM_Write_Settings
                0x080040a4       0x6c ..\obj\fram_i2c.o
                0x080040a4                FRAM_Write_Settings
 .text.GPIO_Init
                0x08004110      0x158 ..\obj\stm32f4xx_gpio.o
                0x08004110                GPIO_Init
 .text.GPIO_ReadInputDataBit
                0x08004268       0x40 ..\obj\stm32f4xx_gpio.o
                0x08004268                GPIO_ReadInputDataBit
 .text.GPIO_PinAFConfig
                0x080042a8       0xb0 ..\obj\stm32f4xx_gpio.o
                0x080042a8                GPIO_PinAFConfig
 .text.RS485TimersInit
                0x08004358       0xe0 ..\obj\porttimer.o
                0x08004358                RS485TimersInit
 .text.RS485TimersEnable
                0x08004438       0x4c ..\obj\porttimer.o
                0x08004438                RS485TimersEnable
 .text.RS485TimersDisable
                0x08004484       0x4c ..\obj\porttimer.o
                0x08004484                RS485TimersDisable
 .text.TIM4_IRQHandler
                0x080044d0       0x54 ..\obj\porttimer.o
                0x080044d0                TIM4_IRQHandler
 .text.RS485TimerContextInit
                0x08004524       0x7c ..\obj\porttimer.o
                0x08004524                RS485TimerContextInit
 .text.RS232TimersInit
                0x080045a0       0xe0 ..\obj\porttimer.o
                0x080045a0                RS232TimersInit
 .text.RS232TimersEnable
                0x08004680       0x4c ..\obj\porttimer.o
                0x08004680                RS232TimersEnable
 .text.RS232TimersDisable
                0x080046cc       0x4c ..\obj\porttimer.o
                0x080046cc                RS232TimersDisable
 .text.TIM5_IRQHandler
                0x08004718       0x54 ..\obj\porttimer.o
                0x08004718                TIM5_IRQHandler
 .text.RS232TimerContextInit
                0x0800476c       0x7c ..\obj\porttimer.o
                0x0800476c                RS232TimerContextInit
 .text.eMBRTUInit
                0x080047e8       0x88 ..\obj\mbrtu.o
                0x080047e8                eMBRTUInit
 .text.eMBRTUStart
                0x08004870       0x38 ..\obj\mbrtu.o
                0x08004870                eMBRTUStart
 .text.eMBRTUStop
                0x080048a8       0x30 ..\obj\mbrtu.o
                0x080048a8                eMBRTUStop
 .text.eMBRTUReceive
                0x080048d8       0x90 ..\obj\mbrtu.o
                0x080048d8                eMBRTUReceive
 .text.eMBRTUSend
                0x08004968       0xe8 ..\obj\mbrtu.o
                0x08004968                eMBRTUSend
 .text.xMBRTUReceiveFSM
                0x08004a50       0xd0 ..\obj\mbrtu.o
                0x08004a50                xMBRTUReceiveFSM
 .text.xMBRTUTransmitFSM
                0x08004b20       0xb0 ..\obj\mbrtu.o
                0x08004b20                xMBRTUTransmitFSM
 .text.xMBRTUTimerT35Expired
                0x08004bd0       0x60 ..\obj\mbrtu.o
                0x08004bd0                xMBRTUTimerT35Expired
 .text.vListInitialise
                0x08004c30       0x48 ..\obj\list.o
                0x08004c30                vListInitialise
 .text.vListInitialiseItem
                0x08004c78       0x1c ..\obj\list.o
                0x08004c78                vListInitialiseItem
 .text.vListInsertEnd
                0x08004c94       0x48 ..\obj\list.o
                0x08004c94                vListInsertEnd
 .text.vListInsert
                0x08004cdc       0x74 ..\obj\list.o
                0x08004cdc                vListInsert
 .text.uxListRemove
                0x08004d50       0x58 ..\obj\list.o
                0x08004d50                uxListRemove
 .text.SystemInit
                0x08004da8       0x5c ..\obj\system_stm32f4xx.o
                0x08004da8                SystemInit
 .text.SetSysClock
                0x08004e04       0xb8 ..\obj\system_stm32f4xx.o
 .text.pxPortInitialiseStack
                0x08004ebc       0x64 ..\obj\port.o
                0x08004ebc                pxPortInitialiseStack
 .text.prvTaskExitError
                0x08004f20       0x20 ..\obj\port.o
 .text.SVC_Handler
                0x08004f40       0x24 ..\obj\port.o
                0x08004f40                SVC_Handler
 .text.prvPortStartFirstTask
                0x08004f64       0x20 ..\obj\port.o
 .text.xPortStartScheduler
                0x08004f84      0x10c ..\obj\port.o
                0x08004f84                xPortStartScheduler
 .text.vPortYield
                0x08005090       0x20 ..\obj\port.o
                0x08005090                vPortYield
 .text.vPortEnterCritical
                0x080050b0       0x50 ..\obj\port.o
                0x080050b0                vPortEnterCritical
 .text.vPortExitCritical
                0x08005100       0x48 ..\obj\port.o
                0x08005100                vPortExitCritical
 .text.ulPortSetInterruptMask
                0x08005148       0x14 ..\obj\port.o
                0x08005148                ulPortSetInterruptMask
 .text.vPortClearInterruptMask
                0x0800515c        0x8 ..\obj\port.o
                0x0800515c                vPortClearInterruptMask
 .text.PendSV_Handler
                0x08005164       0x44 ..\obj\port.o
                0x08005164                PendSV_Handler
 .text.SysTick_Handler
                0x080051a8       0x2c ..\obj\port.o
                0x080051a8                SysTick_Handler
 .text.vPortSetupTimerInterrupt
                0x080051d4       0x28 ..\obj\port.o
                0x080051d4                vPortSetupTimerInterrupt
 .text.vPortValidateInterruptPriority
                0x080051fc       0x64 ..\obj\port.o
                0x080051fc                vPortValidateInterruptPriority
 .text.xQueueGenericReset
                0x08005260       0xc0 ..\obj\queue.o
                0x08005260                xQueueGenericReset
 .text.xQueueGenericCreate
                0x08005320       0xa0 ..\obj\queue.o
                0x08005320                xQueueGenericCreate
 .text.xQueueCreateMutex
                0x080053c0       0xa8 ..\obj\queue.o
                0x080053c0                xQueueCreateMutex
 .text.xQueueGenericSend
                0x08005468      0x188 ..\obj\queue.o
                0x08005468                xQueueGenericSend
 .text.xQueueGiveFromISR
                0x080055f0       0xac ..\obj\queue.o
                0x080055f0                xQueueGiveFromISR
 .text.xQueueGenericReceive
                0x0800569c      0x1b8 ..\obj\queue.o
                0x0800569c                xQueueGenericReceive
 .text.prvCopyDataToQueue
                0x08005854       0xe8 ..\obj\queue.o
 .text.prvCopyDataFromQueue
                0x0800593c       0x50 ..\obj\queue.o
 .text.prvUnlockQueue
                0x0800598c       0xa0 ..\obj\queue.o
 .text.prvIsQueueEmpty
                0x08005a2c       0x34 ..\obj\queue.o
 .text.prvIsQueueFull
                0x08005a60       0x38 ..\obj\queue.o
 .text.NVIC_EnableIRQ
                0x08005a98       0x34 ..\obj\portserial.o
 .text.RS485SerialEnable
                0x08005acc      0x10c ..\obj\portserial.o
                0x08005acc                RS485SerialEnable
 .text.RS485SerialInit
                0x08005bd8      0x150 ..\obj\portserial.o
                0x08005bd8                RS485SerialInit
 .text.RS485SerialPutByte
                0x08005d28       0x3c ..\obj\portserial.o
                0x08005d28                RS485SerialPutByte
 .text.RS485SerialGetByte
                0x08005d64       0x34 ..\obj\portserial.o
                0x08005d64                RS485SerialGetByte
 .text.USART3_IRQHandler
                0x08005d98       0x90 ..\obj\portserial.o
                0x08005d98                USART3_IRQHandler
 .text.RS485SerialContextInit
                0x08005e28       0x60 ..\obj\portserial.o
                0x08005e28                RS485SerialContextInit
 .text.RS232SerialEnable
                0x08005e88       0x88 ..\obj\portserial.o
                0x08005e88                RS232SerialEnable
 .text.RS232SerialInit
                0x08005f10      0x11c ..\obj\portserial.o
                0x08005f10                RS232SerialInit
 .text.RS232SerialPutByte
                0x0800602c       0x3c ..\obj\portserial.o
                0x0800602c                RS232SerialPutByte
 .text.RS232SerialGetByte
                0x08006068       0x34 ..\obj\portserial.o
                0x08006068                RS232SerialGetByte
 .text.USART6_IRQHandler
                0x0800609c       0x90 ..\obj\portserial.o
                0x0800609c                USART6_IRQHandler
 .text.RS232SerialContextInit
                0x0800612c       0x60 ..\obj\portserial.o
                0x0800612c                RS232SerialContextInit
 .text.SPI_Init
                0x0800618c       0x98 ..\obj\stm32f4xx_spi.o
                0x0800618c                SPI_Init
 .text.SPI_Cmd  0x08006224       0x40 ..\obj\stm32f4xx_spi.o
                0x08006224                SPI_Cmd
 .text.SPI_CalculateCRC
                0x08006264       0x40 ..\obj\stm32f4xx_spi.o
                0x08006264                SPI_CalculateCRC
 .text.eMBFuncReadCoils
                0x080062a4      0x134 ..\obj\mbfunccoils.o
                0x080062a4                eMBFuncReadCoils
 .text.eMBFuncWriteCoil
                0x080063d8       0xcc ..\obj\mbfunccoils.o
                0x080063d8                eMBFuncWriteCoil
 .text.eMBFuncWriteMultipleCoils
                0x080064a4       0xfc ..\obj\mbfunccoils.o
                0x080064a4                eMBFuncWriteMultipleCoils
 .text.ADS1220_init
                0x080065a0       0xe8 ..\obj\ADS1220.o
                0x080065a0                ADS1220_init
 .text.ADC_SPI_config
                0x08006688      0x13c ..\obj\ADS1220.o
 .text.ADC_SPI_send
                0x080067c4       0x4c ..\obj\ADS1220.o
                0x080067c4                ADC_SPI_send
 .text.ADC_SPI_read
                0x08006810       0x14 ..\obj\ADS1220.o
                0x08006810                ADC_SPI_read
 .text.ADC_RTD1_Task
                0x08006824      0x30c ..\obj\ADS1220.o
 .text.ADC_RTD2_Task
                0x08006b30       0x84 ..\obj\ADS1220.o
 .text.ADC_Current1_Task
                0x08006bb4       0x84 ..\obj\ADS1220.o
 .text.ADC_Current2_Task
                0x08006c38       0x84 ..\obj\ADS1220.o
 .text.PT100_Code_To_Temperature
                0x08006cbc       0x9c ..\obj\ADS1220.o
                0x08006cbc                PT100_Code_To_Temperature
 .text.I2C_DeInit
                0x08006d58       0x88 ..\obj\stm32f4xx_i2c.o
                0x08006d58                I2C_DeInit
 .text.I2C_Init
                0x08006de0      0x1b8 ..\obj\stm32f4xx_i2c.o
                0x08006de0                I2C_Init
 .text.I2C_Cmd  0x08006f98       0x40 ..\obj\stm32f4xx_i2c.o
                0x08006f98                I2C_Cmd
 .text.I2C_GenerateSTART
                0x08006fd8       0x40 ..\obj\stm32f4xx_i2c.o
                0x08006fd8                I2C_GenerateSTART
 .text.I2C_GenerateSTOP
                0x08007018       0x40 ..\obj\stm32f4xx_i2c.o
                0x08007018                I2C_GenerateSTOP
 .text.I2C_Send7bitAddress
                0x08007058       0x3c ..\obj\stm32f4xx_i2c.o
                0x08007058                I2C_Send7bitAddress
 .text.I2C_AcknowledgeConfig
                0x08007094       0x40 ..\obj\stm32f4xx_i2c.o
                0x08007094                I2C_AcknowledgeConfig
 .text.I2C_NACKPositionConfig
                0x080070d4       0x40 ..\obj\stm32f4xx_i2c.o
                0x080070d4                I2C_NACKPositionConfig
 .text.I2C_SendData
                0x08007114       0x20 ..\obj\stm32f4xx_i2c.o
                0x08007114                I2C_SendData
 .text.I2C_ReceiveData
                0x08007134       0x1c ..\obj\stm32f4xx_i2c.o
                0x08007134                I2C_ReceiveData
 .text.I2C_CheckEvent
                0x08007150       0x70 ..\obj\stm32f4xx_i2c.o
                0x08007150                I2C_CheckEvent
 .text.I2C_GetFlagStatus
                0x080071c0       0x7c ..\obj\stm32f4xx_i2c.o
                0x080071c0                I2C_GetFlagStatus
 .text.NVIC_EnableIRQ
                0x0800723c       0x34 ..\obj\frequency.o
 .text.FrequencyMeasureInit
                0x08007270      0x340 ..\obj\frequency.o
                0x08007270                FrequencyMeasureInit
 .text.TIM2_IRQHandler
                0x080075b0      0x13c ..\obj\frequency.o
                0x080075b0                TIM2_IRQHandler
 .text.FrequencyCH1Measure_Task
                0x080076ec      0x1b0 ..\obj\frequency.o
 .text.FrequencyCH2Measure_Task
                0x0800789c      0x1b0 ..\obj\frequency.o
 .text.EXTI_GetITStatus
                0x08007a4c       0x60 ..\obj\stm32f4xx_exti.o
                0x08007a4c                EXTI_GetITStatus
 .text.EXTI_ClearITPendingBit
                0x08007aac       0x20 ..\obj\stm32f4xx_exti.o
                0x08007aac                EXTI_ClearITPendingBit
 .text.NVIC_PriorityGroupConfig
                0x08007acc       0x28 ..\obj\misc.o
                0x08007acc                NVIC_PriorityGroupConfig
 .text.NVIC_Init
                0x08007af4       0xe8 ..\obj\misc.o
                0x08007af4                NVIC_Init
 .text.RTC_Init
                0x08007bdc       0xc8 ..\obj\stm32f4xx_rtc.o
                0x08007bdc                RTC_Init
 .text.RTC_StructInit
                0x08007ca4       0x2c ..\obj\stm32f4xx_rtc.o
                0x08007ca4                RTC_StructInit
 .text.RTC_EnterInitMode
                0x08007cd0       0x94 ..\obj\stm32f4xx_rtc.o
                0x08007cd0                RTC_EnterInitMode
 .text.RTC_ExitInitMode
                0x08007d64       0x24 ..\obj\stm32f4xx_rtc.o
                0x08007d64                RTC_ExitInitMode
 .text.RTC_WaitForSynchro
                0x08007d88       0xb0 ..\obj\stm32f4xx_rtc.o
                0x08007d88                RTC_WaitForSynchro
 .text.RTC_SetTime
                0x08007e38      0x14c ..\obj\stm32f4xx_rtc.o
                0x08007e38                RTC_SetTime
 .text.RTC_GetTime
                0x08007f84       0xac ..\obj\stm32f4xx_rtc.o
                0x08007f84                RTC_GetTime
 .text.RTC_SetDate
                0x08008030      0x144 ..\obj\stm32f4xx_rtc.o
                0x08008030                RTC_SetDate
 .text.RTC_GetDate
                0x08008174       0xa8 ..\obj\stm32f4xx_rtc.o
                0x08008174                RTC_GetDate
 .text.RTC_WriteBackupRegister
                0x0800821c       0x38 ..\obj\stm32f4xx_rtc.o
                0x0800821c                RTC_WriteBackupRegister
 .text.RTC_ByteToBcd2
                0x08008254       0x44 ..\obj\stm32f4xx_rtc.o
 .text.RTC_Bcd2ToByte
                0x08008298       0x40 ..\obj\stm32f4xx_rtc.o
 .text.pvPortMalloc
                0x080082d8      0x164 ..\obj\heap_2.o
                0x080082d8                pvPortMalloc
 .text.vPortFree
                0x0800843c       0x88 ..\obj\heap_2.o
                0x0800843c                vPortFree
 .text.xPortGetFreeHeapSize
                0x080084c4       0x18 ..\obj\heap_2.o
                0x080084c4                xPortGetFreeHeapSize
 .text.prvHeapInit
                0x080084dc       0x6c ..\obj\heap_2.o
 .text.ControllerInit
                0x08008548       0x44 ..\obj\controller.o
                0x08008548                ControllerInit
 .text.Controller_RestoreSettings
                0x0800858c       0x3c ..\obj\controller.o
                0x0800858c                Controller_RestoreSettings
 .text.TIM_TimeBaseInit
                0x080085c8       0xf8 ..\obj\stm32f4xx_tim.o
                0x080085c8                TIM_TimeBaseInit
 .text.TIM_TimeBaseStructInit
                0x080086c0       0x3c ..\obj\stm32f4xx_tim.o
                0x080086c0                TIM_TimeBaseStructInit
 .text.TIM_SetCounter
                0x080086fc       0x1c ..\obj\stm32f4xx_tim.o
                0x080086fc                TIM_SetCounter
 .text.TIM_ARRPreloadConfig
                0x08008718       0x40 ..\obj\stm32f4xx_tim.o
                0x08008718                TIM_ARRPreloadConfig
 .text.TIM_Cmd  0x08008758       0x40 ..\obj\stm32f4xx_tim.o
                0x08008758                TIM_Cmd
 .text.TIM_ICInit
                0x08008798       0xa8 ..\obj\stm32f4xx_tim.o
                0x08008798                TIM_ICInit
 .text.TIM_SetIC1Prescaler
                0x08008840       0x38 ..\obj\stm32f4xx_tim.o
                0x08008840                TIM_SetIC1Prescaler
 .text.TIM_SetIC2Prescaler
                0x08008878       0x40 ..\obj\stm32f4xx_tim.o
                0x08008878                TIM_SetIC2Prescaler
 .text.TIM_SetIC3Prescaler
                0x080088b8       0x38 ..\obj\stm32f4xx_tim.o
                0x080088b8                TIM_SetIC3Prescaler
 .text.TIM_SetIC4Prescaler
                0x080088f0       0x40 ..\obj\stm32f4xx_tim.o
                0x080088f0                TIM_SetIC4Prescaler
 .text.TIM_ITConfig
                0x08008930       0x4c ..\obj\stm32f4xx_tim.o
                0x08008930                TIM_ITConfig
 .text.TIM_ClearFlag
                0x0800897c       0x24 ..\obj\stm32f4xx_tim.o
                0x0800897c                TIM_ClearFlag
 .text.TIM_ClearITPendingBit
                0x080089a0       0x24 ..\obj\stm32f4xx_tim.o
                0x080089a0                TIM_ClearITPendingBit
 .text.TIM_ETRClockMode2Config
                0x080089c4       0x34 ..\obj\stm32f4xx_tim.o
                0x080089c4                TIM_ETRClockMode2Config
 .text.TIM_ETRConfig
                0x080089f8       0x54 ..\obj\stm32f4xx_tim.o
                0x080089f8                TIM_ETRConfig
 .text.TI1_Config
                0x08008a4c       0x84 ..\obj\stm32f4xx_tim.o
 .text.TI2_Config
                0x08008ad0       0xa4 ..\obj\stm32f4xx_tim.o
 .text.TI3_Config
                0x08008b74       0x94 ..\obj\stm32f4xx_tim.o
 .text.TI4_Config
                0x08008c08       0xac ..\obj\stm32f4xx_tim.o
 .text.NVIC_SystemReset
                0x08008cb4       0x34 ..\obj\power_detector.o
 .text.PVD_IRQHandler
                0x08008ce8       0x20 ..\obj\power_detector.o
                0x08008ce8                PVD_IRQHandler
 .text          0x08008d08      0x370 c:/stm32/arm_eabi/bin/../lib/gcc/arm-none-eabi/4.7.2/thumb2\libgcc.a(_arm_addsubdf3.o)
                0x08008d08                __aeabi_drsub
                0x08008d10                __aeabi_dsub
                0x08008d10                __subdf3
                0x08008d14                __aeabi_dadd
                0x08008d14                __adddf3
                0x08008f8c                __floatunsidf
                0x08008f8c                __aeabi_ui2d
                0x08008fac                __floatsidf
                0x08008fac                __aeabi_i2d
                0x08008fd0                __aeabi_f2d
                0x08008fd0                __extendsfdf2
                0x0800900c                __floatundidf
                0x0800900c                __aeabi_ul2d
                0x0800901c                __floatdidf
                0x0800901c                __aeabi_l2d
 .text          0x08009078      0x424 c:/stm32/arm_eabi/bin/../lib/gcc/arm-none-eabi/4.7.2/thumb2\libgcc.a(_arm_muldivdf3.o)
                0x08009078                __aeabi_dmul
                0x08009078                __muldf3
                0x080092cc                __divdf3
                0x080092cc                __aeabi_ddiv
 .text          0x0800949c       0xa0 c:/stm32/arm_eabi/bin/../lib/gcc/arm-none-eabi/4.7.2/thumb2\libgcc.a(_arm_truncdfsf2.o)
                0x0800949c                __truncdfsf2
                0x0800949c                __aeabi_d2f
 .text          0x0800953c      0x21c c:/stm32/arm_eabi/bin/../lib/gcc/arm-none-eabi/4.7.2/thumb2\libgcc.a(_arm_addsubsf3.o)
                0x0800953c                __aeabi_frsub
                0x08009544                __subsf3
                0x08009544                __aeabi_fsub
                0x08009548                __aeabi_fadd
                0x08009548                __addsf3
                0x080096a8                __aeabi_ui2f
                0x080096a8                __floatunsisf
                0x080096b0                __aeabi_i2f
                0x080096b0                __floatsisf
                0x080096cc                __aeabi_ul2f
                0x080096cc                __floatundisf
                0x080096dc                __aeabi_l2f
                0x080096dc                __floatdisf
 .text          0x08009758      0x2a0 c:/stm32/arm_eabi/bin/../lib/gcc/arm-none-eabi/4.7.2/thumb2\libgcc.a(_arm_muldivsf3.o)
                0x08009758                __mulsf3
                0x08009758                __aeabi_fmul
                0x080098c0                __aeabi_fdiv
                0x080098c0                __divsf3
 .text          0x080099f8       0x64 c:/stm32/arm_eabi/bin/../lib/gcc/arm-none-eabi/4.7.2/../../../../arm-none-eabi/lib/thumb2\libc.a(lib_a-memcmp.o)
                0x080099f8                memcmp
 .text          0x08009a5c      0x174 c:/stm32/arm_eabi/bin/../lib/gcc/arm-none-eabi/4.7.2/../../../../arm-none-eabi/lib/thumb2\libc.a(lib_a-memcpy.o)
                0x08009a5c                memcpy
 .text          0x08009bd0       0xcc c:/stm32/arm_eabi/bin/../lib/gcc/arm-none-eabi/4.7.2/../../../../arm-none-eabi/lib/thumb2\libc.a(lib_a-memset.o)
                0x08009bd0                memset
 *(.init)
 *(.fini)
 *crtbegin.o(.ctors)
 *crtbegin?.o(.ctors)
 *(EXCLUDE_FILE(*crtend.o *crtend?.o) .ctors)
 *(SORT(.ctors.*))
 *(.ctors)
 *crtbegin.o(.dtors)
 *crtbegin?.o(.dtors)
 *(EXCLUDE_FILE(*crtend.o *crtend?.o) .dtors)
 *(SORT(.dtors.*))
 *(.dtors)
 *(.rodata*)
 .rodata        0x08009c9c       0x20 ..\obj\protocol.o
 .rodata        0x08009cbc      0x200 ..\obj\mbcrc.o
 .rodata        0x08009ebc       0x1c ..\obj\tasks.o
 .rodata        0x08009ed8        0x4 ..\obj\port.o
 .rodata        0x08009edc       0x58 ..\obj\ADS1220.o
 .rodata        0x08009f34       0x18 ..\obj\frequency.o
 .rodata        0x08009f4c        0x2 ..\obj\heap_2.o
 *fill*         0x08009f4e        0x2 
 .rodata        0x08009f50        0x4 ..\obj\controller.o
                0x08009f50                stSettingsDefault
 *(.eh_fram e*)

.glue_7         0x08009f54        0x0
 .glue_7        0x00000000        0x0 linker stubs

.glue_7t        0x08009f54        0x0
 .glue_7t       0x00000000        0x0 linker stubs

.vfp11_veneer   0x08009f54        0x0
 .vfp11_veneer  0x00000000        0x0 linker stubs

.v4_bx          0x08009f54        0x0
 .v4_bx         0x00000000        0x0 linker stubs

.iplt           0x08009f54        0x0
 .iplt          0x00000000        0x0 ..\obj\stm32f4xx_syscfg.o

.rel.dyn        0x08009f54        0x0
 .rel.iplt      0x00000000        0x0 ..\obj\stm32f4xx_syscfg.o

.ARM.extab
 *(.ARM.extab* .gnu.linkonce.armextab.*)
                0x08009f54                __exidx_start = .

.ARM.exidx
 *(.ARM.exidx* .gnu.linkonce.armexidx.*)
                0x08009f54                __exidx_end = .
                0x08009f54                __etext = .
                0x08009f54                _sidata = __etext

.data           0x20000000       0xc0 load address 0x08009f54
                0x20000000                __data_start__ = .
                0x20000000                _sdata = __data_start__
 *(vtable)
 *(.data*)
 .data          0x20000000        0x6 ..\obj\mbport.o
                0x20000000                REG_INPUT_START
                0x20000001                REG_HOLDING_START
                0x20000002                REG_INPUT_NREGS
                0x20000003                REG_HOLDING_NREGS
                0x20000004                usRegInputStart
                0x20000005                usRegHoldingStart
 *fill*         0x20000006        0x2 
 .data          0x20000008       0x88 ..\obj\mb.o
 .data          0x20000090       0x10 ..\obj\stm32f4xx_rcc.o
 .data          0x200000a0        0x4 ..\obj\tasks.o
 .data          0x200000a4       0x14 ..\obj\system_stm32f4xx.o
                0x200000a4                SystemCoreClock
                0x200000a8                AHBPrescTable
 .data          0x200000b8        0x4 ..\obj\port.o
 .data          0x200000bc        0x4 ..\obj\heap_2.o
                0x200000c0                . = ALIGN (0x4)
                0x200000c0                PROVIDE (__preinit_array_start, .)
 *(.preinit_array)
                0x200000c0                PROVIDE (__preinit_array_end, .)
                0x200000c0                . = ALIGN (0x4)
                0x200000c0                PROVIDE (__init_array_start, .)
 *(SORT(.init_array.*))
 *(.init_array)
                0x200000c0                PROVIDE (__init_array_end, .)
                0x200000c0                . = ALIGN (0x4)
                0x200000c0                PROVIDE (__fini_array_start, .)
 *(SORT(.fini_array.*))
 *(.fini_array)
                0x200000c0                PROVIDE (__fini_array_end, .)
 *(.jcr*)
                0x200000c0                . = ALIGN (0x4)
                0x200000c0                __data_end__ = .
                0x200000c0                _edata = __data_end__

.igot.plt       0x200000c0        0x0 load address 0x0800a014
 .igot.plt      0x00000000        0x0 ..\obj\stm32f4xx_syscfg.o

.bss            0x200000c0     0x2d04 load address 0x0800a018
                0x200000c0                . = ALIGN (0x4)
                0x200000c0                __bss_start__ = .
                0x200000c0                _sbss = __bss_start__
 *(.bss*)
 .bss           0x200000c0       0x24 ..\obj\mbfuncother.o
 .bss           0x200000e4       0xfc ..\obj\tasks.o
                0x200000e4                pxCurrentTCB
 .bss           0x200001e0        0x8 ..\obj\porttimer.o
 .bss           0x200001e8        0x8 ..\obj\port.o
 .bss           0x200001f0       0x10 ..\obj\portserial.o
 .bss           0x20000200       0x1c ..\obj\frequency.o
                0x20000218                xHigherPriorityTaskWoken
 .bss           0x2000021c     0x2814 ..\obj\heap_2.o
 *(COMMON)
 COMMON         0x20002a30      0x2e8 ..\obj\protocol.o
                0x20002a30                stContext_RS232
                0x20002ba4                stContext_RS485
 COMMON         0x20002d18       0x50 ..\obj\watchdog.o
                0x20002d18                task_watches
 COMMON         0x20002d68        0x4 ..\obj\fram_i2c.o
                0x20002d68                xI2CBusMutex
 COMMON         0x20002d6c        0x4 ..\obj\ADS1220.o
                0x20002d6c                xADC_SPI_Mutex
 COMMON         0x20002d70        0x8 ..\obj\frequency.o
                0x20002d70                xFrequencySemaphore
 COMMON         0x20002d78       0x4c ..\obj\controller.o
                0x20002d78                stSettings
                0x20002d7c                xMeasureDataMutex
                0x20002d80                stMeasureData
                0x20002dc0                xSettingsMutex
                0x20002dc4                . = ALIGN (0x4)
                0x20002dc4                __bss_end__ = .
                0x20002dc4                _ebss = __bss_end__

.heap           0x20002dc4        0x0
                0x20002dc4                __end__ = .
                0x20002dc4                _end = __end__
                0x20002dc4                end = __end__
 *(.heap*)
                0x20002dc4                __HeapLimit = .

.co_stack       0x20002dc4      0x804 load address 0x0800cd1c
                0x20002dc8                . = ALIGN (0x8)
 *fill*         0x20002dc4        0x4 
 *(.co_stack .co_stack.*)
 .co_stack      0x20002dc8      0x800 ..\obj\startup_stm32f4xx.o
                0x20002dc8                pulStack
                0x20020000                __StackTop = (ORIGIN (ram) + 0x20000)
                0x2001f7fc                __StackLimit = (__StackTop - SIZEOF (.co_stack))
                0x20020000                PROVIDE (__stack, __StackTop)
                0x00000001                ASSERT ((__StackLimit >= __HeapLimit), region ram  overflowed with stack)
LOAD ..\obj\stm32f4xx_syscfg.o
LOAD ..\obj\mbport.o
LOAD ..\obj\mb.o
LOAD ..\obj\protocol.o
LOAD ..\obj\mbfuncdisc.o
LOAD ..\obj\core_cm3.o
LOAD ..\obj\portevent.o
LOAD ..\obj\mbfuncother.o
LOAD ..\obj\stm32f4xx_usart.o
LOAD ..\obj\stm32f4xx_pwr.o
LOAD ..\obj\rtc.o
LOAD ..\obj\mbutils.o
LOAD ..\obj\startup_stm32f4xx.o
LOAD ..\obj\stm32f4xx_iwdg.o
LOAD ..\obj\mbfuncholding.o
LOAD ..\obj\main.o
LOAD ..\obj\mbcrc.o
LOAD ..\obj\stm32f4xx_rcc.o
LOAD ..\obj\mbfuncfile.o
LOAD ..\obj\timers.o
LOAD ..\obj\log.o
LOAD ..\obj\mbfuncinput.o
LOAD ..\obj\printf.o
LOAD ..\obj\watchdog.o
LOAD ..\obj\mbfuncdiag.o
LOAD ..\obj\tasks.o
LOAD ..\obj\fram_i2c.o
LOAD ..\obj\stm32f4xx_gpio.o
LOAD ..\obj\porttimer.o
LOAD ..\obj\mbrtu.o
LOAD ..\obj\list.o
LOAD ..\obj\system_stm32f4xx.o
LOAD ..\obj\syscalls.o
LOAD ..\obj\port.o
LOAD ..\obj\queue.o
LOAD ..\obj\portserial.o
LOAD ..\obj\croutine.o
LOAD ..\obj\stm32f4xx_spi.o
LOAD ..\obj\mbfunccoils.o
LOAD ..\obj\event_groups.o
LOAD ..\obj\ADS1220.o
LOAD ..\obj\stm32f4xx_i2c.o
LOAD ..\obj\frequency.o
LOAD ..\obj\stm32f4xx_exti.o
LOAD ..\obj\misc.o
LOAD ..\obj\stm32f4xx_rtc.o
LOAD ..\obj\mbascii.o
LOAD ..\obj\heap_2.o
LOAD ..\obj\controller.o
LOAD ..\obj\stm32f4xx_tim.o
LOAD ..\obj\power_detector.o
START GROUP
LOAD c:/stm32/arm_eabi/bin/../lib/gcc/arm-none-eabi/4.7.2/thumb2\libgcc.a
LOAD c:/stm32/arm_eabi/bin/../lib/gcc/arm-none-eabi/4.7.2/../../../../arm-none-eabi/lib/thumb2\libc.a
END GROUP
OUTPUT(IMS_CONTROLLER.elf elf32-littlearm)

.debug_info     0x00000000    0x122cb
 .debug_info    0x00000000      0x827 ..\obj\mbport.o
 .debug_info    0x00000827      0x9a1 ..\obj\mb.o
 .debug_info    0x000011c8      0x82f ..\obj\protocol.o
 .debug_info    0x000019f7      0x1f9 ..\obj\mbfuncdisc.o
 .debug_info    0x00001bf0      0x1c4 ..\obj\portevent.o
 .debug_info    0x00001db4      0x25c ..\obj\mbfuncother.o
 .debug_info    0x00002010      0xa4f ..\obj\stm32f4xx_usart.o
 .debug_info    0x00002a5f      0x53e ..\obj\stm32f4xx_pwr.o
 .debug_info    0x00002f9d      0x16b ..\obj\rtc.o
 .debug_info    0x00003108      0x2d1 ..\obj\mbutils.o
 .debug_info    0x000033d9      0x135 ..\obj\startup_stm32f4xx.o
 .debug_info    0x0000350e      0x38e ..\obj\mbfuncholding.o
 .debug_info    0x0000389c      0x186 ..\obj\main.o
 .debug_info    0x00003a22      0x13e ..\obj\mbcrc.o
 .debug_info    0x00003b60      0xd24 ..\obj\stm32f4xx_rcc.o
 .debug_info    0x00004884      0x257 ..\obj\mbfuncfile.o
 .debug_info    0x00004adb      0x429 ..\obj\log.o
 .debug_info    0x00004f04      0x1eb ..\obj\mbfuncinput.o
 .debug_info    0x000050ef      0x1f9 ..\obj\watchdog.o
 .debug_info    0x000052e8     0x12a7 ..\obj\tasks.o
 .debug_info    0x0000658f      0x6eb ..\obj\fram_i2c.o
 .debug_info    0x00006c7a      0x639 ..\obj\stm32f4xx_gpio.o
 .debug_info    0x000072b3      0xe0c ..\obj\porttimer.o
 .debug_info    0x000080bf      0x7fd ..\obj\mbrtu.o
 .debug_info    0x000088bc      0x2b5 ..\obj\list.o
 .debug_info    0x00008b71      0x5c2 ..\obj\system_stm32f4xx.o
 .debug_info    0x00009133      0x330 ..\obj\port.o
 .debug_info    0x00009463      0x9ea ..\obj\queue.o
 .debug_info    0x00009e4d     0x1166 ..\obj\portserial.o
 .debug_info    0x0000afb3      0xbcc ..\obj\stm32f4xx_spi.o
 .debug_info    0x0000bb7f      0x31e ..\obj\mbfunccoils.o
 .debug_info    0x0000be9d      0x77c ..\obj\ADS1220.o
 .debug_info    0x0000c619      0xb91 ..\obj\stm32f4xx_i2c.o
 .debug_info    0x0000d1aa      0xc90 ..\obj\frequency.o
 .debug_info    0x0000de3a      0x372 ..\obj\stm32f4xx_exti.o
 .debug_info    0x0000e1ac      0x594 ..\obj\misc.o
 .debug_info    0x0000e740     0x1223 ..\obj\stm32f4xx_rtc.o
 .debug_info    0x0000f963      0x2e3 ..\obj\heap_2.o
 .debug_info    0x0000fc46      0x205 ..\obj\controller.o
 .debug_info    0x0000fe4b     0x1e28 ..\obj\stm32f4xx_tim.o
 .debug_info    0x00011c73      0x658 ..\obj\power_detector.o

.debug_abbrev   0x00000000     0x3361
 .debug_abbrev  0x00000000      0x1b5 ..\obj\mbport.o
 .debug_abbrev  0x000001b5      0x199 ..\obj\mb.o
 .debug_abbrev  0x0000034e      0x145 ..\obj\protocol.o
 .debug_abbrev  0x00000493       0xa5 ..\obj\mbfuncdisc.o
 .debug_abbrev  0x00000538       0xc1 ..\obj\portevent.o
 .debug_abbrev  0x000005f9       0xbe ..\obj\mbfuncother.o
 .debug_abbrev  0x000006b7      0x14e ..\obj\stm32f4xx_usart.o
 .debug_abbrev  0x00000805      0x175 ..\obj\stm32f4xx_pwr.o
 .debug_abbrev  0x0000097a       0xc6 ..\obj\rtc.o
 .debug_abbrev  0x00000a40       0xd2 ..\obj\mbutils.o
 .debug_abbrev  0x00000b12       0xac ..\obj\startup_stm32f4xx.o
 .debug_abbrev  0x00000bbe       0xa5 ..\obj\mbfuncholding.o
 .debug_abbrev  0x00000c63       0xe3 ..\obj\main.o
 .debug_abbrev  0x00000d46       0x90 ..\obj\mbcrc.o
 .debug_abbrev  0x00000dd6      0x1b7 ..\obj\stm32f4xx_rcc.o
 .debug_abbrev  0x00000f8d       0xe5 ..\obj\mbfuncfile.o
 .debug_abbrev  0x00001072      0x167 ..\obj\log.o
 .debug_abbrev  0x000011d9       0xa5 ..\obj\mbfuncinput.o
 .debug_abbrev  0x0000127e      0x12f ..\obj\watchdog.o
 .debug_abbrev  0x000013ad      0x206 ..\obj\tasks.o
 .debug_abbrev  0x000015b3      0x1ed ..\obj\fram_i2c.o
 .debug_abbrev  0x000017a0      0x182 ..\obj\stm32f4xx_gpio.o
 .debug_abbrev  0x00001922      0x1b6 ..\obj\porttimer.o
 .debug_abbrev  0x00001ad8      0x180 ..\obj\mbrtu.o
 .debug_abbrev  0x00001c58       0xb8 ..\obj\list.o
 .debug_abbrev  0x00001d10      0x138 ..\obj\system_stm32f4xx.o
 .debug_abbrev  0x00001e48      0x186 ..\obj\port.o
 .debug_abbrev  0x00001fce      0x132 ..\obj\queue.o
 .debug_abbrev  0x00002100      0x246 ..\obj\portserial.o
 .debug_abbrev  0x00002346      0x160 ..\obj\stm32f4xx_spi.o
 .debug_abbrev  0x000024a6       0xb7 ..\obj\mbfunccoils.o
 .debug_abbrev  0x0000255d      0x1b8 ..\obj\ADS1220.o
 .debug_abbrev  0x00002715      0x15d ..\obj\stm32f4xx_i2c.o
 .debug_abbrev  0x00002872      0x1c2 ..\obj\frequency.o
 .debug_abbrev  0x00002a34      0x198 ..\obj\stm32f4xx_exti.o
 .debug_abbrev  0x00002bcc      0x126 ..\obj\misc.o
 .debug_abbrev  0x00002cf2      0x16b ..\obj\stm32f4xx_rtc.o
 .debug_abbrev  0x00002e5d      0x15f ..\obj\heap_2.o
 .debug_abbrev  0x00002fbc       0xdd ..\obj\controller.o
 .debug_abbrev  0x00003099      0x163 ..\obj\stm32f4xx_tim.o
 .debug_abbrev  0x000031fc      0x165 ..\obj\power_detector.o

.debug_loc      0x00000000     0x6dfb
 .debug_loc     0x00000000      0x176 ..\obj\mbport.o
 .debug_loc     0x00000176      0x150 ..\obj\mb.o
 .debug_loc     0x000002c6       0xa8 ..\obj\protocol.o
 .debug_loc     0x0000036e       0x38 ..\obj\mbfuncdisc.o
 .debug_loc     0x000003a6       0xa8 ..\obj\portevent.o
 .debug_loc     0x0000044e       0x70 ..\obj\mbfuncother.o
 .debug_loc     0x000004be      0x658 ..\obj\stm32f4xx_usart.o
 .debug_loc     0x00000b16      0x288 ..\obj\stm32f4xx_pwr.o
 .debug_loc     0x00000d9e       0x38 ..\obj\rtc.o
 .debug_loc     0x00000dd6       0xa8 ..\obj\mbutils.o
 .debug_loc     0x00000e7e       0x64 ..\obj\startup_stm32f4xx.o
 .debug_loc     0x00000ee2       0xe0 ..\obj\mbfuncholding.o
 .debug_loc     0x00000fc2      0x100 ..\obj\main.o
 .debug_loc     0x000010c2       0x38 ..\obj\mbcrc.o
 .debug_loc     0x000010fa      0x97c ..\obj\stm32f4xx_rcc.o
 .debug_loc     0x00001a76       0x3a ..\obj\mbfuncfile.o
 .debug_loc     0x00001ab0       0xe2 ..\obj\log.o
 .debug_loc     0x00001b92       0x38 ..\obj\mbfuncinput.o
 .debug_loc     0x00001bca       0xe0 ..\obj\watchdog.o
 .debug_loc     0x00001caa      0x92c ..\obj\tasks.o
 .debug_loc     0x000025d6      0x150 ..\obj\fram_i2c.o
 .debug_loc     0x00002726      0x310 ..\obj\stm32f4xx_gpio.o
 .debug_loc     0x00002a36      0x1e8 ..\obj\porttimer.o
 .debug_loc     0x00002c1e      0x1c0 ..\obj\mbrtu.o
 .debug_loc     0x00002dde      0x118 ..\obj\list.o
 .debug_loc     0x00002ef6       0x9c ..\obj\system_stm32f4xx.o
 .debug_loc     0x00002f92      0x1dc ..\obj\port.o
 .debug_loc     0x0000316e      0x460 ..\obj\queue.o
 .debug_loc     0x000035ce      0x2c0 ..\obj\portserial.o
 .debug_loc     0x0000388e      0x578 ..\obj\stm32f4xx_spi.o
 .debug_loc     0x00003e06       0xa8 ..\obj\mbfunccoils.o
 .debug_loc     0x00003eae      0x1ec ..\obj\ADS1220.o
 .debug_loc     0x0000409a      0x738 ..\obj\stm32f4xx_i2c.o
 .debug_loc     0x000047d2      0x10d ..\obj\frequency.o
 .debug_loc     0x000048df      0x1b4 ..\obj\stm32f4xx_exti.o
 .debug_loc     0x00004a93      0x118 ..\obj\misc.o
 .debug_loc     0x00004bab      0xc48 ..\obj\stm32f4xx_rtc.o
 .debug_loc     0x000057f3      0x100 ..\obj\heap_2.o
 .debug_loc     0x000058f3       0x58 ..\obj\controller.o
 .debug_loc     0x0000594b     0x1420 ..\obj\stm32f4xx_tim.o
 .debug_loc     0x00006d6b       0x90 ..\obj\power_detector.o

.debug_aranges  0x00000000     0x1400
 .debug_aranges
                0x00000000       0x50 ..\obj\mbport.o
 .debug_aranges
                0x00000050       0x48 ..\obj\mb.o
 .debug_aranges
                0x00000098       0x30 ..\obj\protocol.o
 .debug_aranges
                0x000000c8       0x20 ..\obj\mbfuncdisc.o
 .debug_aranges
                0x000000e8       0x30 ..\obj\portevent.o
 .debug_aranges
                0x00000118       0x28 ..\obj\mbfuncother.o
 .debug_aranges
                0x00000140      0x100 ..\obj\stm32f4xx_usart.o
 .debug_aranges
                0x00000240       0x78 ..\obj\stm32f4xx_pwr.o
 .debug_aranges
                0x000002b8       0x20 ..\obj\rtc.o
 .debug_aranges
                0x000002d8       0x30 ..\obj\mbutils.o
 .debug_aranges
                0x00000308       0x28 ..\obj\startup_stm32f4xx.o
 .debug_aranges
                0x00000330       0x38 ..\obj\mbfuncholding.o
 .debug_aranges
                0x00000368       0x40 ..\obj\main.o
 .debug_aranges
                0x000003a8       0x20 ..\obj\mbcrc.o
 .debug_aranges
                0x000003c8      0x178 ..\obj\stm32f4xx_rcc.o
 .debug_aranges
                0x00000540       0x20 ..\obj\mbfuncfile.o
 .debug_aranges
                0x00000560       0x38 ..\obj\log.o
 .debug_aranges
                0x00000598       0x20 ..\obj\mbfuncinput.o
 .debug_aranges
                0x000005b8       0x38 ..\obj\watchdog.o
 .debug_aranges
                0x000005f0      0x170 ..\obj\tasks.o
 .debug_aranges
                0x00000760       0x48 ..\obj\fram_i2c.o
 .debug_aranges
                0x000007a8       0x88 ..\obj\stm32f4xx_gpio.o
 .debug_aranges
                0x00000830       0x68 ..\obj\porttimer.o
 .debug_aranges
                0x00000898       0x58 ..\obj\mbrtu.o
 .debug_aranges
                0x000008f0       0x40 ..\obj\list.o
 .debug_aranges
                0x00000930       0x30 ..\obj\system_stm32f4xx.o
 .debug_aranges
                0x00000960       0x90 ..\obj\port.o
 .debug_aranges
                0x000009f0       0xb8 ..\obj\queue.o
 .debug_aranges
                0x00000aa8       0x80 ..\obj\portserial.o
 .debug_aranges
                0x00000b28       0xe0 ..\obj\stm32f4xx_spi.o
 .debug_aranges
                0x00000c08       0x30 ..\obj\mbfunccoils.o
 .debug_aranges
                0x00000c38       0x60 ..\obj\ADS1220.o
 .debug_aranges
                0x00000c98      0x120 ..\obj\stm32f4xx_i2c.o
 .debug_aranges
                0x00000db8       0x40 ..\obj\frequency.o
 .debug_aranges
                0x00000df8       0x58 ..\obj\stm32f4xx_exti.o
 .debug_aranges
                0x00000e50       0x40 ..\obj\misc.o
 .debug_aranges
                0x00000e90      0x1e0 ..\obj\stm32f4xx_rtc.o
 .debug_aranges
                0x00001070       0x40 ..\obj\heap_2.o
 .debug_aranges
                0x000010b0       0x28 ..\obj\controller.o
 .debug_aranges
                0x000010d8      0x2f8 ..\obj\stm32f4xx_tim.o
 .debug_aranges
                0x000013d0       0x30 ..\obj\power_detector.o

.debug_ranges   0x00000000     0x1170
 .debug_ranges  0x00000000       0x40 ..\obj\mbport.o
 .debug_ranges  0x00000040       0x38 ..\obj\mb.o
 .debug_ranges  0x00000078       0x20 ..\obj\protocol.o
 .debug_ranges  0x00000098       0x10 ..\obj\mbfuncdisc.o
 .debug_ranges  0x000000a8       0x20 ..\obj\portevent.o
 .debug_ranges  0x000000c8       0x18 ..\obj\mbfuncother.o
 .debug_ranges  0x000000e0       0xf0 ..\obj\stm32f4xx_usart.o
 .debug_ranges  0x000001d0       0x68 ..\obj\stm32f4xx_pwr.o
 .debug_ranges  0x00000238       0x10 ..\obj\rtc.o
 .debug_ranges  0x00000248       0x20 ..\obj\mbutils.o
 .debug_ranges  0x00000268       0x18 ..\obj\startup_stm32f4xx.o
 .debug_ranges  0x00000280       0x28 ..\obj\mbfuncholding.o
 .debug_ranges  0x000002a8       0x30 ..\obj\main.o
 .debug_ranges  0x000002d8       0x10 ..\obj\mbcrc.o
 .debug_ranges  0x000002e8      0x168 ..\obj\stm32f4xx_rcc.o
 .debug_ranges  0x00000450       0x10 ..\obj\mbfuncfile.o
 .debug_ranges  0x00000460       0x28 ..\obj\log.o
 .debug_ranges  0x00000488       0x10 ..\obj\mbfuncinput.o
 .debug_ranges  0x00000498       0x28 ..\obj\watchdog.o
 .debug_ranges  0x000004c0      0x160 ..\obj\tasks.o
 .debug_ranges  0x00000620       0x38 ..\obj\fram_i2c.o
 .debug_ranges  0x00000658       0x78 ..\obj\stm32f4xx_gpio.o
 .debug_ranges  0x000006d0       0x58 ..\obj\porttimer.o
 .debug_ranges  0x00000728       0x48 ..\obj\mbrtu.o
 .debug_ranges  0x00000770       0x30 ..\obj\list.o
 .debug_ranges  0x000007a0       0x20 ..\obj\system_stm32f4xx.o
 .debug_ranges  0x000007c0       0x80 ..\obj\port.o
 .debug_ranges  0x00000840       0xa8 ..\obj\queue.o
 .debug_ranges  0x000008e8       0x70 ..\obj\portserial.o
 .debug_ranges  0x00000958       0xd0 ..\obj\stm32f4xx_spi.o
 .debug_ranges  0x00000a28       0x20 ..\obj\mbfunccoils.o
 .debug_ranges  0x00000a48       0x50 ..\obj\ADS1220.o
 .debug_ranges  0x00000a98      0x110 ..\obj\stm32f4xx_i2c.o
 .debug_ranges  0x00000ba8       0x30 ..\obj\frequency.o
 .debug_ranges  0x00000bd8       0x48 ..\obj\stm32f4xx_exti.o
 .debug_ranges  0x00000c20       0x30 ..\obj\misc.o
 .debug_ranges  0x00000c50      0x1d0 ..\obj\stm32f4xx_rtc.o
 .debug_ranges  0x00000e20       0x30 ..\obj\heap_2.o
 .debug_ranges  0x00000e50       0x18 ..\obj\controller.o
 .debug_ranges  0x00000e68      0x2e8 ..\obj\stm32f4xx_tim.o
 .debug_ranges  0x00001150       0x20 ..\obj\power_detector.o

.debug_line     0x00000000     0x90ab
 .debug_line    0x00000000      0x4e5 ..\obj\mbport.o
 .debug_line    0x000004e5      0x326 ..\obj\mb.o
 .debug_line    0x0000080b      0x31f ..\obj\protocol.o
 .debug_line    0x00000b2a      0x1ed ..\obj\mbfuncdisc.o
 .debug_line    0x00000d17      0x1d1 ..\obj\portevent.o
 .debug_line    0x00000ee8      0x259 ..\obj\mbfuncother.o
 .debug_line    0x00001141      0x49c ..\obj\stm32f4xx_usart.o
 .debug_line    0x000015dd      0x29f ..\obj\stm32f4xx_pwr.o
 .debug_line    0x0000187c      0x1fe ..\obj\rtc.o
 .debug_line    0x00001a7a      0x261 ..\obj\mbutils.o
 .debug_line    0x00001cdb       0xaf ..\obj\startup_stm32f4xx.o
 .debug_line    0x00001d8a      0x283 ..\obj\mbfuncholding.o
 .debug_line    0x0000200d      0x285 ..\obj\main.o
 .debug_line    0x00002292      0x164 ..\obj\mbcrc.o
 .debug_line    0x000023f6      0x598 ..\obj\stm32f4xx_rcc.o
 .debug_line    0x0000298e      0x211 ..\obj\mbfuncfile.o
 .debug_line    0x00002b9f      0x33f ..\obj\log.o
 .debug_line    0x00002ede      0x1e3 ..\obj\mbfuncinput.o
 .debug_line    0x000030c1      0x221 ..\obj\watchdog.o
 .debug_line    0x000032e2      0xab6 ..\obj\tasks.o
 .debug_line    0x00003d98      0x4fb ..\obj\fram_i2c.o
 .debug_line    0x00004293      0x337 ..\obj\stm32f4xx_gpio.o
 .debug_line    0x000045ca      0x3cd ..\obj\porttimer.o
 .debug_line    0x00004997      0x293 ..\obj\mbrtu.o
 .debug_line    0x00004c2a      0x241 ..\obj\list.o
 .debug_line    0x00004e6b      0x1a3 ..\obj\system_stm32f4xx.o
 .debug_line    0x0000500e      0x30a ..\obj\port.o
 .debug_line    0x00005318      0x6fb ..\obj\queue.o
 .debug_line    0x00005a13      0x4c7 ..\obj\portserial.o
 .debug_line    0x00005eda      0x44c ..\obj\stm32f4xx_spi.o
 .debug_line    0x00006326      0x25b ..\obj\mbfunccoils.o
 .debug_line    0x00006581      0x447 ..\obj\ADS1220.o
 .debug_line    0x000069c8      0x4d4 ..\obj\stm32f4xx_i2c.o
 .debug_line    0x00006e9c      0x3f7 ..\obj\frequency.o
 .debug_line    0x00007293      0x2a1 ..\obj\stm32f4xx_exti.o
 .debug_line    0x00007534      0x23d ..\obj\misc.o
 .debug_line    0x00007771      0x80f ..\obj\stm32f4xx_rtc.o
 .debug_line    0x00007f80      0x28b ..\obj\heap_2.o
 .debug_line    0x0000820b      0x1ce ..\obj\controller.o
 .debug_line    0x000083d9      0xa71 ..\obj\stm32f4xx_tim.o
 .debug_line    0x00008e4a      0x261 ..\obj\power_detector.o

.debug_str      0x00000000     0x67d7
 .debug_str     0x00000000      0x4ac ..\obj\mbport.o
                                0x53b (size before relaxing)
 .debug_str     0x000004ac      0x5d8 ..\obj\mb.o
                                0x785 (size before relaxing)
 .debug_str     0x00000a84      0x1d0 ..\obj\protocol.o
                                0x829 (size before relaxing)
 .debug_str     0x00000c54       0xc3 ..\obj\mbfuncdisc.o
                                0x2e3 (size before relaxing)
 .debug_str     0x00000d17       0x9a ..\obj\portevent.o
                                0x1c1 (size before relaxing)
 .debug_str     0x00000db1       0xd8 ..\obj\mbfuncother.o
                                0x30c (size before relaxing)
 .debug_str     0x00000e89      0x516 ..\obj\stm32f4xx_usart.o
                                0x5fa (size before relaxing)
 .debug_str     0x0000139f      0x1e9 ..\obj\stm32f4xx_pwr.o
                                0x2fc (size before relaxing)
 .debug_str     0x00001588       0xa9 ..\obj\rtc.o
                                0x1a1 (size before relaxing)
 .debug_str     0x00001631       0xee ..\obj\mbutils.o
                                0x320 (size before relaxing)
 .debug_str     0x0000171f       0xbe ..\obj\startup_stm32f4xx.o
                                 0xe9 (size before relaxing)
 .debug_str     0x000017dd      0x155 ..\obj\mbfuncholding.o
                                0x3c1 (size before relaxing)
 .debug_str     0x00001932       0xd6 ..\obj\main.o
                                0x1ba (size before relaxing)
 .debug_str     0x00001a08       0x77 ..\obj\mbcrc.o
                                0x144 (size before relaxing)
 .debug_str     0x00001a7f      0x5eb ..\obj\stm32f4xx_rcc.o
                                0x7bb (size before relaxing)
 .debug_str     0x0000206a       0x93 ..\obj\mbfuncfile.o
                                0x323 (size before relaxing)
 .debug_str     0x000020fd       0xb8 ..\obj\log.o
                                0x3ca (size before relaxing)
 .debug_str     0x000021b5       0x79 ..\obj\mbfuncinput.o
                                0x2d7 (size before relaxing)
 .debug_str     0x0000222e       0xd5 ..\obj\watchdog.o
                                0x1e0 (size before relaxing)
 .debug_str     0x00002303      0xa41 ..\obj\tasks.o
                                0xb93 (size before relaxing)
 .debug_str     0x00002d44      0x362 ..\obj\fram_i2c.o
                                0x52e (size before relaxing)
 .debug_str     0x000030a6      0x1ac ..\obj\stm32f4xx_gpio.o
                                0x40e (size before relaxing)
 .debug_str     0x00003252      0x7d6 ..\obj\porttimer.o
                                0xeb5 (size before relaxing)
 .debug_str     0x00003a28      0x121 ..\obj\mbrtu.o
                                0x557 (size before relaxing)
 .debug_str     0x00003b49       0xe8 ..\obj\list.o
                                0x231 (size before relaxing)
 .debug_str     0x00003c31       0xb6 ..\obj\system_stm32f4xx.o
                                0x312 (size before relaxing)
 .debug_str     0x00003ce7      0x263 ..\obj\port.o
                                0x360 (size before relaxing)
 .debug_str     0x00003f4a      0x353 ..\obj\queue.o
                                0x576 (size before relaxing)
 .debug_str     0x0000429d      0x1b4 ..\obj\portserial.o
                               0x1082 (size before relaxing)
 .debug_str     0x00004451      0x3b4 ..\obj\stm32f4xx_spi.o
                                0x5f5 (size before relaxing)
 .debug_str     0x00004805       0xd6 ..\obj\mbfunccoils.o
                                0x34b (size before relaxing)
 .debug_str     0x000048db      0x17a ..\obj\ADS1220.o
                                0x6c9 (size before relaxing)
 .debug_str     0x00004a55      0x34c ..\obj\stm32f4xx_i2c.o
                                0x5d0 (size before relaxing)
 .debug_str     0x00004da1      0x17f ..\obj\frequency.o
                                0xceb (size before relaxing)
 .debug_str     0x00004f20      0x1db ..\obj\stm32f4xx_exti.o
                                0x2d9 (size before relaxing)
 .debug_str     0x000050fb      0x137 ..\obj\misc.o
                                0x344 (size before relaxing)
 .debug_str     0x00005232      0x8b1 ..\obj\stm32f4xx_rtc.o
                                0xabe (size before relaxing)
 .debug_str     0x00005ae3      0x19b ..\obj\heap_2.o
                                0x284 (size before relaxing)
 .debug_str     0x00005c7e       0x7c ..\obj\controller.o
                                0x217 (size before relaxing)
 .debug_str     0x00005cfa      0xa3a ..\obj\stm32f4xx_tim.o
                                0xd3b (size before relaxing)
 .debug_str     0x00006734       0xa3 ..\obj\power_detector.o
                                0x838 (size before relaxing)

.comment        0x00000000       0x5a
 .comment       0x00000000       0x30 ..\obj\mbport.o
                                 0x31 (size before relaxing)
 .comment       0x00000030       0x2a ..\obj\mb.o
                                 0x2b (size before relaxing)
 .comment       0x00000000       0x31 ..\obj\protocol.o
 .comment       0x00000000       0x2b ..\obj\mbfuncdisc.o
 .comment       0x00000000       0x2b ..\obj\portevent.o
 .comment       0x00000000       0x2b ..\obj\mbfuncother.o
 .comment       0x00000000       0x2b ..\obj\stm32f4xx_usart.o
 .comment       0x00000000       0x2b ..\obj\stm32f4xx_pwr.o
 .comment       0x00000000       0x2b ..\obj\rtc.o
 .comment       0x00000000       0x2b ..\obj\mbutils.o
 .comment       0x00000000       0x2b ..\obj\startup_stm32f4xx.o
 .comment       0x00000000       0x2b ..\obj\mbfuncholding.o
 .comment       0x00000000       0x31 ..\obj\main.o
 .comment       0x00000000       0x2b ..\obj\mbcrc.o
 .comment       0x00000000       0x2b ..\obj\stm32f4xx_rcc.o
 .comment       0x00000000       0x31 ..\obj\mbfuncfile.o
 .comment       0x00000000       0x31 ..\obj\log.o
 .comment       0x00000000       0x2b ..\obj\mbfuncinput.o
 .comment       0x00000000       0x31 ..\obj\watchdog.o
 .comment       0x00000000       0x2b ..\obj\tasks.o
 .comment       0x00000000       0x31 ..\obj\fram_i2c.o
 .comment       0x00000000       0x2b ..\obj\stm32f4xx_gpio.o
 .comment       0x00000000       0x2b ..\obj\porttimer.o
 .comment       0x00000000       0x2b ..\obj\mbrtu.o
 .comment       0x00000000       0x2b ..\obj\list.o
 .comment       0x00000000       0x31 ..\obj\system_stm32f4xx.o
 .comment       0x00000000       0x2b ..\obj\port.o
 .comment       0x00000000       0x2b ..\obj\queue.o
 .comment       0x00000000       0x31 ..\obj\portserial.o
 .comment       0x00000000       0x2b ..\obj\stm32f4xx_spi.o
 .comment       0x00000000       0x2b ..\obj\mbfunccoils.o
 .comment       0x00000000       0x31 ..\obj\ADS1220.o
 .comment       0x00000000       0x2b ..\obj\stm32f4xx_i2c.o
 .comment       0x00000000       0x31 ..\obj\frequency.o
 .comment       0x00000000       0x2b ..\obj\stm32f4xx_exti.o
 .comment       0x00000000       0x2b ..\obj\misc.o
 .comment       0x00000000       0x2b ..\obj\stm32f4xx_rtc.o
 .comment       0x00000000       0x2b ..\obj\heap_2.o
 .comment       0x00000000       0x31 ..\obj\controller.o
 .comment       0x00000000       0x2b ..\obj\stm32f4xx_tim.o
 .comment       0x00000000       0x2b ..\obj\power_detector.o

.ARM.attributes
                0x00000000       0x33
 .ARM.attributes
                0x00000000       0x33 ..\obj\mbport.o
 .ARM.attributes
                0x00000033       0x31 ..\obj\mb.o
 .ARM.attributes
                0x00000064       0x33 ..\obj\protocol.o
 .ARM.attributes
                0x00000097       0x31 ..\obj\mbfuncdisc.o
 .ARM.attributes
                0x000000c8       0x31 ..\obj\portevent.o
 .ARM.attributes
                0x000000f9       0x31 ..\obj\mbfuncother.o
 .ARM.attributes
                0x0000012a       0x31 ..\obj\stm32f4xx_usart.o
 .ARM.attributes
                0x0000015b       0x31 ..\obj\stm32f4xx_pwr.o
 .ARM.attributes
                0x0000018c       0x31 ..\obj\rtc.o
 .ARM.attributes
                0x000001bd       0x31 ..\obj\mbutils.o
 .ARM.attributes
                0x000001ee       0x31 ..\obj\startup_stm32f4xx.o
 .ARM.attributes
                0x0000021f       0x31 ..\obj\mbfuncholding.o
 .ARM.attributes
                0x00000250       0x33 ..\obj\main.o
 .ARM.attributes
                0x00000283       0x31 ..\obj\mbcrc.o
 .ARM.attributes
                0x000002b4       0x31 ..\obj\stm32f4xx_rcc.o
 .ARM.attributes
                0x000002e5       0x33 ..\obj\mbfuncfile.o
 .ARM.attributes
                0x00000318       0x33 ..\obj\log.o
 .ARM.attributes
                0x0000034b       0x31 ..\obj\mbfuncinput.o
 .ARM.attributes
                0x0000037c       0x33 ..\obj\watchdog.o
 .ARM.attributes
                0x000003af       0x31 ..\obj\tasks.o
 .ARM.attributes
                0x000003e0       0x33 ..\obj\fram_i2c.o
 .ARM.attributes
                0x00000413       0x31 ..\obj\stm32f4xx_gpio.o
 .ARM.attributes
                0x00000444       0x31 ..\obj\porttimer.o
 .ARM.attributes
                0x00000475       0x31 ..\obj\mbrtu.o
 .ARM.attributes
                0x000004a6       0x31 ..\obj\list.o
 .ARM.attributes
                0x000004d7       0x33 ..\obj\system_stm32f4xx.o
 .ARM.attributes
                0x0000050a       0x31 ..\obj\port.o
 .ARM.attributes
                0x0000053b       0x31 ..\obj\queue.o
 .ARM.attributes
                0x0000056c       0x33 ..\obj\portserial.o
 .ARM.attributes
                0x0000059f       0x31 ..\obj\stm32f4xx_spi.o
 .ARM.attributes
                0x000005d0       0x31 ..\obj\mbfunccoils.o
 .ARM.attributes
                0x00000601       0x33 ..\obj\ADS1220.o
 .ARM.attributes
                0x00000634       0x31 ..\obj\stm32f4xx_i2c.o
 .ARM.attributes
                0x00000665       0x33 ..\obj\frequency.o
 .ARM.attributes
                0x00000698       0x31 ..\obj\stm32f4xx_exti.o
 .ARM.attributes
                0x000006c9       0x31 ..\obj\misc.o
 .ARM.attributes
                0x000006fa       0x31 ..\obj\stm32f4xx_rtc.o
 .ARM.attributes
                0x0000072b       0x31 ..\obj\heap_2.o
 .ARM.attributes
                0x0000075c       0x33 ..\obj\controller.o
 .ARM.attributes
                0x0000078f       0x31 ..\obj\stm32f4xx_tim.o
 .ARM.attributes
                0x000007c0       0x31 ..\obj\power_detector.o
 .ARM.attributes
                0x000007f1       0x19 c:/stm32/arm_eabi/bin/../lib/gcc/arm-none-eabi/4.7.2/thumb2\libgcc.a(_arm_addsubdf3.o)
 .ARM.attributes
                0x0000080a       0x19 c:/stm32/arm_eabi/bin/../lib/gcc/arm-none-eabi/4.7.2/thumb2\libgcc.a(_arm_muldivdf3.o)
 .ARM.attributes
                0x00000823       0x19 c:/stm32/arm_eabi/bin/../lib/gcc/arm-none-eabi/4.7.2/thumb2\libgcc.a(_arm_truncdfsf2.o)
 .ARM.attributes
                0x0000083c       0x19 c:/stm32/arm_eabi/bin/../lib/gcc/arm-none-eabi/4.7.2/thumb2\libgcc.a(_arm_addsubsf3.o)
 .ARM.attributes
                0x00000855       0x19 c:/stm32/arm_eabi/bin/../lib/gcc/arm-none-eabi/4.7.2/thumb2\libgcc.a(_arm_muldivsf3.o)
 .ARM.attributes
                0x0000086e       0x29 c:/stm32/arm_eabi/bin/../lib/gcc/arm-none-eabi/4.7.2/../../../../arm-none-eabi/lib/thumb2\libc.a(lib_a-memcmp.o)
 .ARM.attributes
                0x00000897       0x29 c:/stm32/arm_eabi/bin/../lib/gcc/arm-none-eabi/4.7.2/../../../../arm-none-eabi/lib/thumb2\libc.a(lib_a-memcpy.o)
 .ARM.attributes
                0x000008c0       0x29 c:/stm32/arm_eabi/bin/../lib/gcc/arm-none-eabi/4.7.2/../../../../arm-none-eabi/lib/thumb2\libc.a(lib_a-memset.o)

.debug_frame    0x00000000     0x3d90
 .debug_frame   0x00000000       0xd8 ..\obj\mbport.o
 .debug_frame   0x000000d8       0xd4 ..\obj\mb.o
 .debug_frame   0x000001ac       0x70 ..\obj\protocol.o
 .debug_frame   0x0000021c       0x30 ..\obj\mbfuncdisc.o
 .debug_frame   0x0000024c       0x64 ..\obj\portevent.o
 .debug_frame   0x000002b0       0x50 ..\obj\mbfuncother.o
 .debug_frame   0x00000300      0x344 ..\obj\stm32f4xx_usart.o
 .debug_frame   0x00000644      0x15c ..\obj\stm32f4xx_pwr.o
 .debug_frame   0x000007a0       0x30 ..\obj\rtc.o
 .debug_frame   0x000007d0       0x68 ..\obj\mbutils.o
 .debug_frame   0x00000838       0x48 ..\obj\startup_stm32f4xx.o
 .debug_frame   0x00000880       0x90 ..\obj\mbfuncholding.o
 .debug_frame   0x00000910       0x9c ..\obj\main.o
 .debug_frame   0x000009ac       0x2c ..\obj\mbcrc.o
 .debug_frame   0x000009d8      0x4d8 ..\obj\stm32f4xx_rcc.o
 .debug_frame   0x00000eb0       0x30 ..\obj\mbfuncfile.o
 .debug_frame   0x00000ee0       0x94 ..\obj\log.o
 .debug_frame   0x00000f74       0x30 ..\obj\mbfuncinput.o
 .debug_frame   0x00000fa4       0x88 ..\obj\watchdog.o
 .debug_frame   0x0000102c      0x53c ..\obj\tasks.o
 .debug_frame   0x00001568       0xd0 ..\obj\fram_i2c.o
 .debug_frame   0x00001638      0x19c ..\obj\stm32f4xx_gpio.o
 .debug_frame   0x000017d4      0x138 ..\obj\porttimer.o
 .debug_frame   0x0000190c      0x110 ..\obj\mbrtu.o
 .debug_frame   0x00001a1c       0x9c ..\obj\list.o
 .debug_frame   0x00001ab8       0x64 ..\obj\system_stm32f4xx.o
 .debug_frame   0x00001b1c      0x178 ..\obj\port.o
 .debug_frame   0x00001c94      0x290 ..\obj\queue.o
 .debug_frame   0x00001f24      0x19c ..\obj\portserial.o
 .debug_frame   0x000020c0      0x2d0 ..\obj\stm32f4xx_spi.o
 .debug_frame   0x00002390       0x70 ..\obj\mbfunccoils.o
 .debug_frame   0x00002400      0x12c ..\obj\ADS1220.o
 .debug_frame   0x0000252c      0x3b4 ..\obj\stm32f4xx_i2c.o
 .debug_frame   0x000028e0       0xa8 ..\obj\frequency.o
 .debug_frame   0x00002988       0xec ..\obj\stm32f4xx_exti.o
 .debug_frame   0x00002a74       0x9c ..\obj\misc.o
 .debug_frame   0x00002b10      0x670 ..\obj\stm32f4xx_rtc.o
 .debug_frame   0x00003180       0x9c ..\obj\heap_2.o
 .debug_frame   0x0000321c       0x48 ..\obj\controller.o
 .debug_frame   0x00003264      0xa3c ..\obj\stm32f4xx_tim.o
 .debug_frame   0x00003ca0       0x64 ..\obj\power_detector.o
 .debug_frame   0x00003d04       0x2c c:/stm32/arm_eabi/bin/../lib/gcc/arm-none-eabi/4.7.2/../../../../arm-none-eabi/lib/thumb2\libc.a(lib_a-memcmp.o)
 .debug_frame   0x00003d30       0x34 c:/stm32/arm_eabi/bin/../lib/gcc/arm-none-eabi/4.7.2/../../../../arm-none-eabi/lib/thumb2\libc.a(lib_a-memcpy.o)
 .debug_frame   0x00003d64       0x2c c:/stm32/arm_eabi/bin/../lib/gcc/arm-none-eabi/4.7.2/../../../../arm-none-eabi/lib/thumb2\libc.a(lib_a-memset.o)

.debug_pubnames
                0x00000000     0x27fb
 .debug_pubnames
                0x00000000       0x66 ..\obj\mb.o
 .debug_pubnames
                0x00000066       0x30 ..\obj\mbfuncdisc.o
 .debug_pubnames
                0x00000096       0x50 ..\obj\portevent.o
 .debug_pubnames
                0x000000e6       0x3d ..\obj\mbfuncother.o
 .debug_pubnames
                0x00000123      0x294 ..\obj\stm32f4xx_usart.o
 .debug_pubnames
                0x000003b7      0x120 ..\obj\stm32f4xx_pwr.o
 .debug_pubnames
                0x000004d7       0x25 ..\obj\rtc.o
 .debug_pubnames
                0x000004fc       0x52 ..\obj\mbutils.o
 .debug_pubnames
                0x0000054e       0x4a ..\obj\startup_stm32f4xx.o
 .debug_pubnames
                0x00000598       0xa5 ..\obj\mbfuncholding.o
 .debug_pubnames
                0x0000063d       0x20 ..\obj\mbcrc.o
 .debug_pubnames
                0x0000065d      0x417 ..\obj\stm32f4xx_rcc.o
 .debug_pubnames
                0x00000a74       0x2f ..\obj\mbfuncinput.o
 .debug_pubnames
                0x00000aa3      0x350 ..\obj\tasks.o
 .debug_pubnames
                0x00000df3      0x12d ..\obj\stm32f4xx_gpio.o
 .debug_pubnames
                0x00000f20       0xf0 ..\obj\porttimer.o
 .debug_pubnames
                0x00001010       0xa6 ..\obj\mbrtu.o
 .debug_pubnames
                0x000010b6       0x72 ..\obj\list.o
 .debug_pubnames
                0x00001128      0x144 ..\obj\port.o
 .debug_pubnames
                0x0000126c      0x18c ..\obj\queue.o
 .debug_pubnames
                0x000013f8      0x221 ..\obj\stm32f4xx_spi.o
 .debug_pubnames
                0x00001619       0x5a ..\obj\mbfunccoils.o
 .debug_pubnames
                0x00001673      0x2cb ..\obj\stm32f4xx_i2c.o
 .debug_pubnames
                0x0000193e       0xbb ..\obj\stm32f4xx_exti.o
 .debug_pubnames
                0x000019f9       0x89 ..\obj\misc.o
 .debug_pubnames
                0x00001a82      0x514 ..\obj\stm32f4xx_rtc.o
 .debug_pubnames
                0x00001f96       0x64 ..\obj\heap_2.o
 .debug_pubnames
                0x00001ffa      0x7c4 ..\obj\stm32f4xx_tim.o
 .debug_pubnames
                0x000027be       0x3d ..\obj\power_detector.o

.debug_pubtypes
                0x00000000     0x1408
 .debug_pubtypes
                0x00000000      0x17e ..\obj\mb.o
 .debug_pubtypes
                0x0000017e       0x6e ..\obj\mbfuncdisc.o
 .debug_pubtypes
                0x000001ec       0x52 ..\obj\portevent.o
 .debug_pubtypes
                0x0000023e       0x82 ..\obj\mbfuncother.o
 .debug_pubtypes
                0x000002c0       0xcd ..\obj\stm32f4xx_usart.o
 .debug_pubtypes
                0x0000038d       0x84 ..\obj\stm32f4xx_pwr.o
 .debug_pubtypes
                0x00000411       0x4b ..\obj\rtc.o
 .debug_pubtypes
                0x0000045c       0x79 ..\obj\mbutils.o
 .debug_pubtypes
                0x000004d5       0x6e ..\obj\mbfuncholding.o
 .debug_pubtypes
                0x00000543       0x40 ..\obj\mbcrc.o
 .debug_pubtypes
                0x00000583       0xaa ..\obj\stm32f4xx_rcc.o
 .debug_pubtypes
                0x0000062d       0x6e ..\obj\mbfuncinput.o
 .debug_pubtypes
                0x0000069b      0x191 ..\obj\tasks.o
 .debug_pubtypes
                0x0000082c       0xce ..\obj\stm32f4xx_gpio.o
 .debug_pubtypes
                0x000008fa      0x1ad ..\obj\porttimer.o
 .debug_pubtypes
                0x00000aa7      0x115 ..\obj\mbrtu.o
 .debug_pubtypes
                0x00000bbc       0x98 ..\obj\list.o
 .debug_pubtypes
                0x00000c54       0x7c ..\obj\port.o
 .debug_pubtypes
                0x00000cd0      0x122 ..\obj\queue.o
 .debug_pubtypes
                0x00000df2       0xbc ..\obj\stm32f4xx_spi.o
 .debug_pubtypes
                0x00000eae       0x6e ..\obj\mbfunccoils.o
 .debug_pubtypes
                0x00000f1c       0xbe ..\obj\stm32f4xx_i2c.o
 .debug_pubtypes
                0x00000fda       0xae ..\obj\stm32f4xx_exti.o
 .debug_pubtypes
                0x00001088       0x8c ..\obj\misc.o
 .debug_pubtypes
                0x00001114       0xd8 ..\obj\stm32f4xx_rtc.o
 .debug_pubtypes
                0x000011ec       0x73 ..\obj\heap_2.o
 .debug_pubtypes
                0x0000125f       0xe4 ..\obj\stm32f4xx_tim.o
 .debug_pubtypes
                0x00001343       0xc5 ..\obj\power_detector.o
