Archive member included because of file (symbol)

c:/coocox/coide/gcc/sourcery g++ lite/bin/../lib/gcc/arm-none-eabi/4.5.1/thumb2\libgcc.a(_arm_addsubdf3.o)
                              ..\obj\ADS1220.o (__aeabi_dadd)
c:/coocox/coide/gcc/sourcery g++ lite/bin/../lib/gcc/arm-none-eabi/4.5.1/thumb2\libgcc.a(_arm_muldivdf3.o)
                              ..\obj\ADS1220.o (__aeabi_dmul)
c:/coocox/coide/gcc/sourcery g++ lite/bin/../lib/gcc/arm-none-eabi/4.5.1/thumb2\libgcc.a(_arm_truncdfsf2.o)
                              ..\obj\ADS1220.o (__aeabi_d2f)
c:/coocox/coide/gcc/sourcery g++ lite/bin/../lib/gcc/arm-none-eabi/4.5.1/thumb2\libgcc.a(_arm_addsubsf3.o)
                              ..\obj\frequency.o (__aeabi_ui2f)
c:/coocox/coide/gcc/sourcery g++ lite/bin/../lib/gcc/arm-none-eabi/4.5.1/thumb2\libgcc.a(_arm_muldivsf3.o)
                              ..\obj\frequency.o (__aeabi_fmul)
c:/coocox/coide/gcc/sourcery g++ lite/bin/../lib/gcc/arm-none-eabi/4.5.1/../../../../arm-none-eabi/lib/thumb2\libc.a(lib_a-memcmp.o)
                              ..\obj\tasks.o (memcmp)
c:/coocox/coide/gcc/sourcery g++ lite/bin/../lib/gcc/arm-none-eabi/4.5.1/../../../../arm-none-eabi/lib/thumb2\libc.a(lib_a-memcpy.o)
                              ..\obj\mbfuncother.o (memcpy)
c:/coocox/coide/gcc/sourcery g++ lite/bin/../lib/gcc/arm-none-eabi/4.5.1/../../../../arm-none-eabi/lib/thumb2\libc.a(lib_a-memset.o)
                              ..\obj\tasks.o (memset)

Allocating common symbols
Common symbol       size              file

log_buf             0x80              ..\obj\log.o
stContext_RS232     0x174             ..\obj\protocol.o
stContext_RS485     0x174             ..\obj\protocol.o
stSettings          0x4               ..\obj\controller.o
xMeasureDataMutex   0x4               ..\obj\controller.o
xI2CBusMutex        0x4               ..\obj\fram_i2c.o
xFrequencySemaphore
                    0x8               ..\obj\frequency.o
xADC_SPI_Mutex      0x4               ..\obj\ADS1220.o
stMeasureData       0x40              ..\obj\controller.o
xSettingsMutex      0x4               ..\obj\controller.o
task_watches        0x50              ..\obj\watchdog.o

Discarded input sections

 .text          0x00000000        0x0 ..\obj\stm32f4xx_syscfg.o
 .data          0x00000000        0x0 ..\obj\stm32f4xx_syscfg.o
 .bss           0x00000000        0x0 ..\obj\stm32f4xx_syscfg.o
 .text.SYSCFG_DeInit
                0x00000000       0x20 ..\obj\stm32f4xx_syscfg.o
 .text.SYSCFG_MemoryRemapConfig
                0x00000000       0x20 ..\obj\stm32f4xx_syscfg.o
 .text.SYSCFG_EXTILineConfig
                0x00000000       0xb4 ..\obj\stm32f4xx_syscfg.o
 .text.SYSCFG_ETH_MediaInterfaceConfig
                0x00000000       0x20 ..\obj\stm32f4xx_syscfg.o
 .text.SYSCFG_CompensationCellCmd
                0x00000000       0x20 ..\obj\stm32f4xx_syscfg.o
 .text.SYSCFG_GetCompensationCellStatus
                0x00000000       0x3c ..\obj\stm32f4xx_syscfg.o
 .text          0x00000000        0x0 ..\obj\mbport.o
 .bss           0x00000000        0x0 ..\obj\mbport.o
 .text          0x00000000        0x0 ..\obj\mb.o
 .bss           0x00000000        0x0 ..\obj\mb.o
 .text.eMBRegisterCB
                0x00000000      0x114 ..\obj\mb.o
 .text.eMBClose
                0x00000000       0x3c ..\obj\mb.o
 .text.eMBDisable
                0x00000000       0x60 ..\obj\mb.o
 .text          0x00000000        0x0 ..\obj\protocol.o
 .data          0x00000000        0x0 ..\obj\protocol.o
 .bss           0x00000000        0x0 ..\obj\protocol.o
 .text          0x00000000        0x0 ..\obj\mbfuncdisc.o
 .data          0x00000000        0x0 ..\obj\mbfuncdisc.o
 .bss           0x00000000        0x0 ..\obj\mbfuncdisc.o
 .text          0x00000000        0x0 ..\obj\core_cm3.o
 .data          0x00000000        0x0 ..\obj\core_cm3.o
 .bss           0x00000000        0x0 ..\obj\core_cm3.o
 .text.__get_PSP
                0x00000000       0x10 ..\obj\core_cm3.o
 .text.__set_PSP
                0x00000000        0x8 ..\obj\core_cm3.o
 .text.__get_MSP
                0x00000000       0x10 ..\obj\core_cm3.o
 .text.__set_MSP
                0x00000000        0x8 ..\obj\core_cm3.o
 .text.__get_BASEPRI
                0x00000000       0x20 ..\obj\core_cm3.o
 .text.__set_BASEPRI
                0x00000000       0x18 ..\obj\core_cm3.o
 .text.__get_PRIMASK
                0x00000000       0x20 ..\obj\core_cm3.o
 .text.__set_PRIMASK
                0x00000000       0x18 ..\obj\core_cm3.o
 .text.__get_FAULTMASK
                0x00000000       0x20 ..\obj\core_cm3.o
 .text.__set_FAULTMASK
                0x00000000       0x18 ..\obj\core_cm3.o
 .text.__get_CONTROL
                0x00000000       0x20 ..\obj\core_cm3.o
 .text.__set_CONTROL
                0x00000000       0x18 ..\obj\core_cm3.o
 .text.__REV    0x00000000       0x24 ..\obj\core_cm3.o
 .text.__REV16  0x00000000       0x24 ..\obj\core_cm3.o
 .text.__REVSH  0x00000000       0x24 ..\obj\core_cm3.o
[...]
Memory Configuration

Name             Origin             Length             Attributes
rom              0x08000000         0x00100000         xr
ram              0x20000000         0x00020000         xrw
ram1             0x10000000         0x00010000         xrw
*default*        0x00000000         0xffffffff

Linker script and memory map

                0x20020000                _eram = 0x20020000

.text           0x08000000     0x9a84
 *(.isr_vector .isr_vector.*)
 .isr_vector    0x08000000      0x188 ..\obj\startup_stm32f4xx.o
                0x08000000                g_pfnVectors
 *(.text .text.* .gnu.linkonce.t.*)
 .text.ENTER_CRITICAL_SECTION
                0x08000188        0xc ..\obj\mbport.o
                0x08000188                ENTER_CRITICAL_SECTION
 .text.EXIT_CRITICAL_SECTION
                0x08000194        0xc ..\obj\mbport.o
                0x08000194                EXIT_CRITICAL_SECTION
 .text.eMBRegInputCB
                0x080001a0      0x1f8 ..\obj\mbport.o
                0x080001a0                eMBRegInputCB
 .text.eMBRegHoldingCB
                0x08000398      0x554 ..\obj\mbport.o
                0x08000398                eMBRegHoldingCB
 .text.eMBRegCoilsCB
                0x080008ec       0x20 ..\obj\mbport.o
                0x080008ec                eMBRegCoilsCB
 .text.eMBRegDiscreteCB
                0x0800090c       0x20 ..\obj\mbport.o
                0x0800090c                eMBRegDiscreteCB
 .text.eMBFileCB
                0x0800092c      0x16c ..\obj\mbport.o
                0x0800092c                eMBFileCB
 .text.eMBInit  0x08000a98      0x110 ..\obj\mb.o
                0x08000a98                eMBInit
 .text.eMBEnable
                0x08000ba8       0x50 ..\obj\mb.o
                0x08000ba8                eMBEnable
 .text.eMBPoll  0x08000bf8      0x1c0 ..\obj\mb.o
                0x08000bf8                eMBPoll
 .text.Protocol_Init
                0x08000db8       0xf8 ..\obj\protocol.o
                0x08000db8                Protocol_Init
 .text.Modbus_RS485_Task
                0x08000eb0       0x40 ..\obj\protocol.o
 .text.Modbus_RS232_Task
                0x08000ef0       0x40 ..\obj\protocol.o
 .text.eMBFuncReadDiscreteInputs
                0x08000f30      0x130 ..\obj\mbfuncdisc.o
                0x08000f30                eMBFuncReadDiscreteInputs
 .text.xMBPortEventInit
                0x08001060       0x20 ..\obj\portevent.o
                0x08001060                xMBPortEventInit
 .text.xMBPortEventPost
                0x08001080       0x2c ..\obj\portevent.o
                0x08001080                xMBPortEventPost
 .text.xMBPortEventGet
                0x080010ac       0x3c ..\obj\portevent.o
                0x080010ac                xMBPortEventGet
 .text.eMBFuncReportSlaveID
                0x080010e8       0x4c ..\obj\mbfuncother.o
                0x080010e8                eMBFuncReportSlaveID
 .text.USART_Init
                0x08001134      0x1bc ..\obj\stm32f4xx_usart.o
                0x08001134                USART_Init
 .text.USART_Cmd
                0x080012f0       0x40 ..\obj\stm32f4xx_usart.o
                0x080012f0                USART_Cmd
 .text.USART_SendData
                0x08001330       0x28 ..\obj\stm32f4xx_usart.o
                0x08001330                USART_SendData
 .text.USART_ReceiveData
                0x08001358       0x24 ..\obj\stm32f4xx_usart.o
                0x08001358                USART_ReceiveData
 .text.USART_ITConfig
                0x0800137c       0xa8 ..\obj\stm32f4xx_usart.o
                0x0800137c                USART_ITConfig
 .text.USART_GetFlagStatus
                0x08001424       0x40 ..\obj\stm32f4xx_usart.o
                0x08001424                USART_GetFlagStatus
 .text.USART_ClearFlag
                0x08001464       0x24 ..\obj\stm32f4xx_usart.o
                0x08001464                USART_ClearFlag
 .text.USART_GetITStatus
                0x08001488       0xcc ..\obj\stm32f4xx_usart.o
                0x08001488                USART_GetITStatus
 .text.PWR_BackupAccessCmd
                0x08001554       0x20 ..\obj\stm32f4xx_pwr.o
                0x08001554                PWR_BackupAccessCmd
 .text.RTC_Clock_Init
                0x08001574       0x94 ..\obj\rtc.o
                0x08001574                RTC_Clock_Init
 .text.prveMBError2Exception
                0x08001608       0x48 ..\obj\mbutils.o
                0x08001608                prveMBError2Exception
 .text.Default_Reset_Handler
                0x08001650       0x68 ..\obj\startup_stm32f4xx.o
                0x08001650                Default_Reset_Handler
                0x08001650                Reset_Handler
 .text.Default_Handler
                0x080016b8        0x8 ..\obj\startup_stm32f4xx.o
                0x080016b8                RTC_Alarm_IRQHandler
                0x080016b8                HASH_RNG_IRQHandler
                0x080016b8                EXTI2_IRQHandler
                0x080016b8                TIM8_CC_IRQHandler
                0x080016b8                DebugMon_Handler
                0x080016b8                TIM1_CC_IRQHandler
                0x080016b8                DMA2_Stream5_IRQHandler
                0x080016b8                HardFault_Handler
                0x080016b8                DMA1_Stream5_IRQHandler
                0x080016b8                SDIO_IRQHandler
                0x080016b8                TAMP_STAMP_IRQHandler
                0x080016b8                NMI_Handler
                0x080016b8                CAN2_RX1_IRQHandler
                0x080016b8                EXTI3_IRQHandler
                0x080016b8                TIM8_TRG_COM_TIM14_IRQHandler
                0x080016b8                TIM1_UP_TIM10_IRQHandler
                0x080016b8                TIM8_UP_TIM13_IRQHandler
                0x080016b8                I2C3_ER_IRQHandler
                0x080016b8                EXTI0_IRQHandler
                0x080016b8                I2C2_EV_IRQHandler
                0x080016b8                DMA1_Stream2_IRQHandler
                0x080016b8                CAN1_RX0_IRQHandler
                0x080016b8                FPU_IRQHandler
                0x080016b8                OTG_HS_WKUP_IRQHandler
                0x080016b8                UsageFault_Handler
                0x080016b8                CAN2_SCE_IRQHandler
                0x080016b8                DMA2_Stream2_IRQHandler
                0x080016b8                SPI1_IRQHandler
                0x080016b8                TIM6_DAC_IRQHandler
                0x080016b8                TIM1_BRK_TIM9_IRQHandler
                0x080016b8                DCMI_IRQHandler
                0x080016b8                CAN2_RX0_IRQHandler
                0x080016b8                DMA2_Stream3_IRQHandler
                0x080016b8                USART6_IRQHandler
                0x080016b8                CRYP_IRQHandler
                0x080016b8                CAN1_RX1_IRQHandler
                0x080016b8                UART5_IRQHandler
                0x080016b8                DMA2_Stream0_IRQHandler
                0x080016b8                I2C1_EV_IRQHandler
                0x080016b8                DMA1_Stream6_IRQHandler
                0x080016b8                DMA1_Stream1_IRQHandler
                0x080016b8                TIM3_IRQHandler
                0x080016b8                RCC_IRQHandler
                0x080016b8                TIM8_BRK_TIM12_IRQHandler
                0x080016b8                EXTI15_10_IRQHandler
                0x080016b8                ADC_IRQHandler
                0x080016b8                DMA1_Stream7_IRQHandler
                0x080016b8                TIM7_IRQHandler
                0x080016b8                CAN2_TX_IRQHandler
                0x080016b8                DMA2_Stream7_IRQHandler
                0x080016b8                I2C3_EV_IRQHandler
                0x080016b8                EXTI9_5_IRQHandler
                0x080016b8                RTC_WKUP_IRQHandler
                0x080016b8                ETH_WKUP_IRQHandler
                0x080016b8                SPI2_IRQHandler
                0x080016b8                OTG_HS_EP1_IN_IRQHandler
                0x080016b8                MemManage_Handler
                0x080016b8                DMA1_Stream0_IRQHandler
                0x080016b8                CAN1_TX_IRQHandler
                0x080016b8                EXTI4_IRQHandler
                0x080016b8                FSMC_IRQHandler
                0x080016b8                ETH_IRQHandler
                0x080016b8                OTG_HS_EP1_OUT_IRQHandler
                0x080016b8                WWDG_IRQHandler
                0x080016b8                OTG_FS_WKUP_IRQHandler
                0x080016b8                TIM1_TRG_COM_TIM11_IRQHandler
                0x080016b8                OTG_HS_IRQHandler
                0x080016b8                EXTI1_IRQHandler
                0x080016b8                USART2_IRQHandler
                0x080016b8                I2C2_ER_IRQHandler
                0x080016b8                DMA2_Stream1_IRQHandler
                0x080016b8                CAN1_SCE_IRQHandler
                0x080016b8                FLASH_IRQHandler
                0x080016b8                DMA2_Stream4_IRQHandler
                0x080016b8                BusFault_Handler
                0x080016b8                USART1_IRQHandler
                0x080016b8                OTG_FS_IRQHandler
                0x080016b8                SPI3_IRQHandler
                0x080016b8                DMA1_Stream4_IRQHandler
                0x080016b8                I2C1_ER_IRQHandler
                0x080016b8                DMA2_Stream6_IRQHandler
                0x080016b8                DMA1_Stream3_IRQHandler
 .text.IWDG_WriteAccessCmd
                0x080016c0       0x20 ..\obj\stm32f4xx_iwdg.o
                0x080016c0                IWDG_WriteAccessCmd
 .text.IWDG_SetPrescaler
                0x080016e0       0x20 ..\obj\stm32f4xx_iwdg.o
                0x080016e0                IWDG_SetPrescaler
 .text.IWDG_SetReload
                0x08001700       0x20 ..\obj\stm32f4xx_iwdg.o
                0x08001700                IWDG_SetReload
 .text.IWDG_ReloadCounter
                0x08001720       0x18 ..\obj\stm32f4xx_iwdg.o
                0x08001720                IWDG_ReloadCounter
 .text.IWDG_Enable
                0x08001738       0x18 ..\obj\stm32f4xx_iwdg.o
                0x08001738                IWDG_Enable
 .text.eMBFuncWriteHoldingRegister
                0x08001750       0x84 ..\obj\mbfuncholding.o
                0x08001750                eMBFuncWriteHoldingRegister
 .text.eMBFuncWriteMultipleHoldingRegister
                0x080017d4       0xdc ..\obj\mbfuncholding.o
                0x080017d4                eMBFuncWriteMultipleHoldingRegister
 .text.eMBFuncReadHoldingRegister
                0x080018b0      0x10c ..\obj\mbfuncholding.o
                0x080018b0                eMBFuncReadHoldingRegister
 .text.eMBFuncReadWriteMultipleHoldingRegister
                0x080019bc      0x1a0 ..\obj\mbfuncholding.o
                0x080019bc                eMBFuncReadWriteMultipleHoldingRegister
 .text.main     0x08001b5c       0x14 ..\obj\main.o
                0x08001b5c                main
 .text.vApplicationMallocFailedHook
                0x08001b70        0x8 ..\obj\main.o
                0x08001b70                vApplicationMallocFailedHook
 .text.vApplicationStackOverflowHook
                0x08001b78        0xc ..\obj\main.o
                0x08001b78                vApplicationStackOverflowHook
 .text.vApplicationIdleHook
                0x08001b84       0x18 ..\obj\main.o
                0x08001b84                vApplicationIdleHook
 .text.usMBCRC16
                0x08001b9c       0x90 ..\obj\mbcrc.o
                0x08001b9c                usMBCRC16
 .text.RCC_LSEConfig
                0x08001c2c       0x5c ..\obj\stm32f4xx_rcc.o
                0x08001c2c                RCC_LSEConfig
 .text.RCC_GetClocksFreq
                0x08001c88      0x1d4 ..\obj\stm32f4xx_rcc.o
                0x08001c88                RCC_GetClocksFreq
 .text.RCC_RTCCLKConfig
                0x08001e5c       0x7c ..\obj\stm32f4xx_rcc.o
                0x08001e5c                RCC_RTCCLKConfig
 .text.RCC_RTCCLKCmd
                0x08001ed8       0x20 ..\obj\stm32f4xx_rcc.o
                0x08001ed8                RCC_RTCCLKCmd
 .text.RCC_AHB1PeriphClockCmd
                0x08001ef8       0x5c ..\obj\stm32f4xx_rcc.o
                0x08001ef8                RCC_AHB1PeriphClockCmd
 .text.RCC_APB1PeriphClockCmd
                0x08001f54       0x5c ..\obj\stm32f4xx_rcc.o
                0x08001f54                RCC_APB1PeriphClockCmd
 .text.RCC_APB2PeriphClockCmd
                0x08001fb0       0x5c ..\obj\stm32f4xx_rcc.o
                0x08001fb0                RCC_APB2PeriphClockCmd
 .text.RCC_APB1PeriphResetCmd
                0x0800200c       0x5c ..\obj\stm32f4xx_rcc.o
                0x0800200c                RCC_APB1PeriphResetCmd
 .text.RCC_GetFlagStatus
                0x08002068       0x90 ..\obj\stm32f4xx_rcc.o
                0x08002068                RCC_GetFlagStatus
 .text.eMBFuncReadFile
                0x080020f8      0x264 ..\obj\mbfuncfile.o
                0x080020f8                eMBFuncReadFile
 .text.Log_Init
                0x0800235c       0x88 ..\obj\log.o
                0x0800235c                Log_Init
 .text.Log_Read_LogEntry
                0x080023e4       0x58 ..\obj\log.o
                0x080023e4                Log_Read_LogEntry
 .text.Log_Write_LogEntry
                0x0800243c       0xb0 ..\obj\log.o
                0x0800243c                Log_Write_LogEntry
 .text.Log_Task
                0x080024ec      0x24c ..\obj\log.o
 .text.eMBFuncReadInputRegister
                0x08002738      0x110 ..\obj\mbfuncinput.o
                0x08002738                eMBFuncReadInputRegister
 .text.Watchdog_Init
                0x08002848       0x90 ..\obj\watchdog.o
                0x08002848                Watchdog_Init
 .text.Watchdog_SetTaskStatus
                0x080028d8       0x34 ..\obj\watchdog.o
                0x080028d8                Watchdog_SetTaskStatus
 .text.Watchdog_IncrementCouter
                0x0800290c       0x38 ..\obj\watchdog.o
                0x0800290c                Watchdog_IncrementCouter
 .text.Watchdog_Task
                0x08002944       0x94 ..\obj\watchdog.o
 .text.xTaskGenericCreate
                0x080029d8      0x1b8 ..\obj\tasks.o
                0x080029d8                xTaskGenericCreate
 .text.vTaskDelay
                0x08002b90       0xa4 ..\obj\tasks.o
                0x08002b90                vTaskDelay
 .text.vTaskStartScheduler
                0x08002c34       0x7c ..\obj\tasks.o
                0x08002c34                vTaskStartScheduler
 .text.vTaskSuspendAll
                0x08002cb0       0x24 ..\obj\tasks.o
                0x08002cb0                vTaskSuspendAll
 .text.xTaskResumeAll
                0x08002cd4      0x178 ..\obj\tasks.o
                0x08002cd4                xTaskResumeAll
 .text.xTaskIncrementTick
                0x08002e4c      0x204 ..\obj\tasks.o
                0x08002e4c                xTaskIncrementTick
 .text.vTaskSwitchContext
                0x08003050      0x14c ..\obj\tasks.o
                0x08003050                vTaskSwitchContext
 .text.vTaskPlaceOnEventList
                0x0800319c       0xb8 ..\obj\tasks.o
                0x0800319c                vTaskPlaceOnEventList
 .text.xTaskRemoveFromEventList
                0x08003254       0xe0 ..\obj\tasks.o
                0x08003254                xTaskRemoveFromEventList
 .text.vTaskSetTimeOutState
                0x08003334       0x38 ..\obj\tasks.o
                0x08003334                vTaskSetTimeOutState
 .text.xTaskCheckForTimeOut
                0x0800336c       0xb0 ..\obj\tasks.o
                0x0800336c                xTaskCheckForTimeOut
 .text.vTaskMissedYield
                0x0800341c       0x18 ..\obj\tasks.o
                0x0800341c                vTaskMissedYield
 .text.prvIdleTask
                0x08003434       0x24 ..\obj\tasks.o
 .text.prvInitialiseTCBVariables
                0x08003458       0xbc ..\obj\tasks.o
 .text.prvInitialiseTaskLists
                0x08003514       0xa4 ..\obj\tasks.o
 .text.prvCheckTasksWaitingTermination
                0x080035b8       0x98 ..\obj\tasks.o
 .text.prvAddCurrentTaskToDelayedList
                0x08003650       0x8c ..\obj\tasks.o
 .text.prvAllocateTCBAndStack
                0x080036dc       0x7c ..\obj\tasks.o
 .text.prvDeleteTCB
                0x08003758       0x20 ..\obj\tasks.o
 .text.prvResetNextTaskUnblockTime
                0x08003778       0x5c ..\obj\tasks.o
 .text.vTaskPriorityInherit
                0x080037d4      0x148 ..\obj\tasks.o
                0x080037d4                vTaskPriorityInherit
 .text.xTaskPriorityDisinherit
                0x0800391c      0x114 ..\obj\tasks.o
                0x0800391c                xTaskPriorityDisinherit
 .text.pvTaskIncrementMutexHeldCount
                0x08003a30       0x38 ..\obj\tasks.o
                0x08003a30                pvTaskIncrementMutexHeldCount
 .text.FRAM_I2C_Init
                0x08003a68       0xe8 ..\obj\fram_i2c.o
                0x08003a68                FRAM_I2C_Init
 .text.FRAM_I2C_Reset
                0x08003b50      0x1f0 ..\obj\fram_i2c.o
                0x08003b50                FRAM_I2C_Reset
 .text.FRAM_I2C_Read_Buffer
                0x08003d40      0x84c ..\obj\fram_i2c.o
                0x08003d40                FRAM_I2C_Read_Buffer
 .text.FRAM_I2C_Write_Buffer
                0x0800458c      0x324 ..\obj\fram_i2c.o
                0x0800458c                FRAM_I2C_Write_Buffer
 .text.FRAM_Read_Settings
                0x080048b0       0x8c ..\obj\fram_i2c.o
                0x080048b0                FRAM_Read_Settings
 .text.FRAM_Write_Settings
                0x0800493c       0x6c ..\obj\fram_i2c.o
                0x0800493c                FRAM_Write_Settings
 .text.GPIO_Init
                0x080049a8      0x158 ..\obj\stm32f4xx_gpio.o
                0x080049a8                GPIO_Init
 .text.GPIO_PinAFConfig
                0x08004b00       0xb0 ..\obj\stm32f4xx_gpio.o
                0x08004b00                GPIO_PinAFConfig
 .text.RS485TimersInit
                0x08004bb0       0xe0 ..\obj\porttimer.o
                0x08004bb0                RS485TimersInit
 .text.RS485TimersEnable
                0x08004c90       0x4c ..\obj\porttimer.o
                0x08004c90                RS485TimersEnable
 .text.RS485TimersDisable
                0x08004cdc       0x4c ..\obj\porttimer.o
                0x08004cdc                RS485TimersDisable
 .text.TIM4_IRQHandler
                0x08004d28       0x54 ..\obj\porttimer.o
                0x08004d28                TIM4_IRQHandler
 .text.RS485TimerContextInit
                0x08004d7c       0x7c ..\obj\porttimer.o
                0x08004d7c                RS485TimerContextInit
 .text.RS232TimersInit
                0x08004df8       0xe0 ..\obj\porttimer.o
                0x08004df8                RS232TimersInit
 .text.RS232TimersEnable
                0x08004ed8       0x4c ..\obj\porttimer.o
                0x08004ed8                RS232TimersEnable
 .text.RS232TimersDisable
                0x08004f24       0x4c ..\obj\porttimer.o
                0x08004f24                RS232TimersDisable
 .text.TIM5_IRQHandler
                0x08004f70       0x54 ..\obj\porttimer.o
                0x08004f70                TIM5_IRQHandler
 .text.RS232TimerContextInit
                0x08004fc4       0x7c ..\obj\porttimer.o
                0x08004fc4                RS232TimerContextInit
 .text.eMBRTUInit
                0x08005040       0x88 ..\obj\mbrtu.o
                0x08005040                eMBRTUInit
 .text.eMBRTUStart
                0x080050c8       0x38 ..\obj\mbrtu.o
                0x080050c8                eMBRTUStart
 .text.eMBRTUStop
                0x08005100       0x30 ..\obj\mbrtu.o
                0x08005100                eMBRTUStop
 .text.eMBRTUReceive
                0x08005130       0x90 ..\obj\mbrtu.o
                0x08005130                eMBRTUReceive
 .text.eMBRTUSend
                0x080051c0       0xe8 ..\obj\mbrtu.o
                0x080051c0                eMBRTUSend
 .text.xMBRTUReceiveFSM
                0x080052a8       0xd0 ..\obj\mbrtu.o
                0x080052a8                xMBRTUReceiveFSM
 .text.xMBRTUTransmitFSM
                0x08005378       0xb0 ..\obj\mbrtu.o
                0x08005378                xMBRTUTransmitFSM
 .text.xMBRTUTimerT35Expired
                0x08005428       0x60 ..\obj\mbrtu.o
                0x08005428                xMBRTUTimerT35Expired
 .text.vListInitialise
                0x08005488       0x48 ..\obj\list.o
                0x08005488                vListInitialise
 .text.vListInitialiseItem
                0x080054d0       0x1c ..\obj\list.o
                0x080054d0                vListInitialiseItem
 .text.vListInsertEnd
                0x080054ec       0x48 ..\obj\list.o
                0x080054ec                vListInsertEnd
 .text.vListInsert
                0x08005534       0x74 ..\obj\list.o
                0x08005534                vListInsert
 .text.uxListRemove
                0x080055a8       0x58 ..\obj\list.o
                0x080055a8                uxListRemove
 .text.SystemInit
                0x08005600       0x94 ..\obj\system_stm32f4xx.o
                0x08005600                SystemInit
 .text.SetSysClock
                0x08005694      0x110 ..\obj\system_stm32f4xx.o
 .text.pxPortInitialiseStack
                0x080057a4       0x64 ..\obj\port.o
                0x080057a4                pxPortInitialiseStack
 .text.prvTaskExitError
                0x08005808       0x20 ..\obj\port.o
 .text.SVC_Handler
                0x08005828       0x24 ..\obj\port.o
                0x08005828                SVC_Handler
 .text.prvPortStartFirstTask
                0x0800584c       0x20 ..\obj\port.o
 .text.xPortStartScheduler
                0x0800586c      0x10c ..\obj\port.o
                0x0800586c                xPortStartScheduler
 .text.vPortYield
                0x08005978       0x20 ..\obj\port.o
                0x08005978                vPortYield
 .text.vPortEnterCritical
                0x08005998       0x50 ..\obj\port.o
                0x08005998                vPortEnterCritical
 .text.vPortExitCritical
                0x080059e8       0x48 ..\obj\port.o
                0x080059e8                vPortExitCritical
 .text.ulPortSetInterruptMask
                0x08005a30       0x14 ..\obj\port.o
                0x08005a30                ulPortSetInterruptMask
 .text.vPortClearInterruptMask
                0x08005a44        0x8 ..\obj\port.o
                0x08005a44                vPortClearInterruptMask
 .text.PendSV_Handler
                0x08005a4c       0x44 ..\obj\port.o
                0x08005a4c                PendSV_Handler
 .text.SysTick_Handler
                0x08005a90       0x2c ..\obj\port.o
                0x08005a90                SysTick_Handler
 .text.vPortSetupTimerInterrupt
                0x08005abc       0x28 ..\obj\port.o
                0x08005abc                vPortSetupTimerInterrupt
 .text.vPortValidateInterruptPriority
                0x08005ae4       0x64 ..\obj\port.o
                0x08005ae4                vPortValidateInterruptPriority
 .text.xQueueGenericReset
                0x08005b48       0xc0 ..\obj\queue.o
                0x08005b48                xQueueGenericReset
 .text.xQueueGenericCreate
                0x08005c08       0xa0 ..\obj\queue.o
                0x08005c08                xQueueGenericCreate
 .text.xQueueCreateMutex
                0x08005ca8       0xa8 ..\obj\queue.o
                0x08005ca8                xQueueCreateMutex
 .text.xQueueGenericSend
                0x08005d50      0x188 ..\obj\queue.o
                0x08005d50                xQueueGenericSend
 .text.xQueueGiveFromISR
                0x08005ed8       0xac ..\obj\queue.o
                0x08005ed8                xQueueGiveFromISR
 .text.xQueueGenericReceive
                0x08005f84      0x1b8 ..\obj\queue.o
                0x08005f84                xQueueGenericReceive
 .text.prvCopyDataToQueue
                0x0800613c       0xe8 ..\obj\queue.o
 .text.prvCopyDataFromQueue
                0x08006224       0x50 ..\obj\queue.o
 .text.prvUnlockQueue
                0x08006274       0xa0 ..\obj\queue.o
 .text.prvIsQueueEmpty
                0x08006314       0x34 ..\obj\queue.o
 .text.prvIsQueueFull
                0x08006348       0x38 ..\obj\queue.o
 .text.NVIC_EnableIRQ
                0x08006380       0x38 ..\obj\portserial.o
 .text.RS485SerialEnable
                0x080063b8      0x194 ..\obj\portserial.o
                0x080063b8                RS485SerialEnable
 .text.RS485SerialInit
                0x0800654c      0x178 ..\obj\portserial.o
                0x0800654c                RS485SerialInit
 .text.RS485SerialPutByte
                0x080066c4       0x44 ..\obj\portserial.o
                0x080066c4                RS485SerialPutByte
 .text.RS485SerialGetByte
                0x08006708       0x3c ..\obj\portserial.o
                0x08006708                RS485SerialGetByte
 .text.USART3_IRQHandler
                0x08006744       0xdc ..\obj\portserial.o
                0x08006744                USART3_IRQHandler
 .text.RS485SerialContextInit
                0x08006820       0x90 ..\obj\portserial.o
                0x08006820                RS485SerialContextInit
 .text.RS232SerialEnable
                0x080068b0       0xb4 ..\obj\portserial.o
                0x080068b0                RS232SerialEnable
 .text.RS232SerialInit
                0x08006964      0x140 ..\obj\portserial.o
                0x08006964                RS232SerialInit
 .text.RS232SerialPutByte
                0x08006aa4       0x44 ..\obj\portserial.o
                0x08006aa4                RS232SerialPutByte
 .text.RS232SerialGetByte
                0x08006ae8       0x3c ..\obj\portserial.o
                0x08006ae8                RS232SerialGetByte
 .text.UART4_IRQHandler
                0x08006b24       0xdc ..\obj\portserial.o
                0x08006b24                UART4_IRQHandler
 .text.RS232SerialContextInit
                0x08006c00       0x90 ..\obj\portserial.o
                0x08006c00                RS232SerialContextInit
 .text.eMBFuncReadCoils
                0x08006c90      0x134 ..\obj\mbfunccoils.o
                0x08006c90                eMBFuncReadCoils
 .text.eMBFuncWriteCoil
                0x08006dc4       0xcc ..\obj\mbfunccoils.o
                0x08006dc4                eMBFuncWriteCoil
 .text.eMBFuncWriteMultipleCoils
                0x08006e90       0xfc ..\obj\mbfunccoils.o
                0x08006e90                eMBFuncWriteMultipleCoils
 .text.I2C_DeInit
                0x08006f8c       0x88 ..\obj\stm32f4xx_i2c.o
                0x08006f8c                I2C_DeInit
 .text.I2C_Init
                0x08007014      0x1b8 ..\obj\stm32f4xx_i2c.o
                0x08007014                I2C_Init
 .text.I2C_Cmd  0x080071cc       0x40 ..\obj\stm32f4xx_i2c.o
                0x080071cc                I2C_Cmd
 .text.I2C_GenerateSTART
                0x0800720c       0x40 ..\obj\stm32f4xx_i2c.o
                0x0800720c                I2C_GenerateSTART
 .text.I2C_GenerateSTOP
                0x0800724c       0x40 ..\obj\stm32f4xx_i2c.o
                0x0800724c                I2C_GenerateSTOP
 .text.I2C_Send7bitAddress
                0x0800728c       0x3c ..\obj\stm32f4xx_i2c.o
                0x0800728c                I2C_Send7bitAddress
 .text.I2C_AcknowledgeConfig
                0x080072c8       0x40 ..\obj\stm32f4xx_i2c.o
                0x080072c8                I2C_AcknowledgeConfig
 .text.I2C_NACKPositionConfig
                0x08007308       0x40 ..\obj\stm32f4xx_i2c.o
                0x08007308                I2C_NACKPositionConfig
 .text.I2C_SendData
                0x08007348       0x20 ..\obj\stm32f4xx_i2c.o
                0x08007348                I2C_SendData
 .text.I2C_ReceiveData
                0x08007368       0x1c ..\obj\stm32f4xx_i2c.o
                0x08007368                I2C_ReceiveData
 .text.I2C_CheckEvent
                0x08007384       0x70 ..\obj\stm32f4xx_i2c.o
                0x08007384                I2C_CheckEvent
 .text.I2C_GetFlagStatus
                0x080073f4       0x7c ..\obj\stm32f4xx_i2c.o
                0x080073f4                I2C_GetFlagStatus
 .text.NVIC_EnableIRQ
                0x08007470       0x38 ..\obj\frequency.o
 .text.FrequencyMeasureInit
                0x080074a8      0x3a4 ..\obj\frequency.o
                0x080074a8                FrequencyMeasureInit
 .text.TIM2_IRQHandler
                0x0800784c      0x1b4 ..\obj\frequency.o
                0x0800784c                TIM2_IRQHandler
 .text.FrequencyCH1Measure_Task
                0x08007a00      0x210 ..\obj\frequency.o
 .text.FrequencyCH2Measure_Task
                0x08007c10      0x210 ..\obj\frequency.o
 .text.EXTI_GetITStatus
                0x08007e20       0x60 ..\obj\stm32f4xx_exti.o
                0x08007e20                EXTI_GetITStatus
 .text.EXTI_ClearITPendingBit
                0x08007e80       0x20 ..\obj\stm32f4xx_exti.o
                0x08007e80                EXTI_ClearITPendingBit
 .text.NVIC_PriorityGroupConfig
                0x08007ea0       0x28 ..\obj\misc.o
                0x08007ea0                NVIC_PriorityGroupConfig
 .text.NVIC_Init
                0x08007ec8       0xe8 ..\obj\misc.o
                0x08007ec8                NVIC_Init
 .text.RTC_Init
                0x08007fb0       0xc8 ..\obj\stm32f4xx_rtc.o
                0x08007fb0                RTC_Init
 .text.RTC_StructInit
                0x08008078       0x2c ..\obj\stm32f4xx_rtc.o
                0x08008078                RTC_StructInit
 .text.RTC_EnterInitMode
                0x080080a4       0x94 ..\obj\stm32f4xx_rtc.o
                0x080080a4                RTC_EnterInitMode
 .text.RTC_ExitInitMode
                0x08008138       0x24 ..\obj\stm32f4xx_rtc.o
                0x08008138                RTC_ExitInitMode
 .text.RTC_WaitForSynchro
                0x0800815c       0xb0 ..\obj\stm32f4xx_rtc.o
                0x0800815c                RTC_WaitForSynchro
 .text.RTC_SetTime
                0x0800820c      0x14c ..\obj\stm32f4xx_rtc.o
                0x0800820c                RTC_SetTime
 .text.RTC_GetTime
                0x08008358       0xac ..\obj\stm32f4xx_rtc.o
                0x08008358                RTC_GetTime
 .text.RTC_SetDate
                0x08008404      0x144 ..\obj\stm32f4xx_rtc.o
                0x08008404                RTC_SetDate
 .text.RTC_GetDate
                0x08008548       0xa8 ..\obj\stm32f4xx_rtc.o
                0x08008548                RTC_GetDate
 .text.RTC_WriteBackupRegister
                0x080085f0       0x38 ..\obj\stm32f4xx_rtc.o
                0x080085f0                RTC_WriteBackupRegister
 .text.RTC_ByteToBcd2
                0x08008628       0x44 ..\obj\stm32f4xx_rtc.o
 .text.RTC_Bcd2ToByte
                0x0800866c       0x40 ..\obj\stm32f4xx_rtc.o
 .text.pvPortMalloc
                0x080086ac      0x164 ..\obj\heap_2.o
                0x080086ac                pvPortMalloc
 .text.vPortFree
                0x08008810       0x88 ..\obj\heap_2.o
                0x08008810                vPortFree
 .text.xPortGetFreeHeapSize
                0x08008898       0x18 ..\obj\heap_2.o
                0x08008898                xPortGetFreeHeapSize
 .text.prvHeapInit
                0x080088b0       0x6c ..\obj\heap_2.o
 .text.ControllerInit
                0x0800891c       0x4c ..\obj\controller.o
                0x0800891c                ControllerInit
 .text.Controller_RestoreSettings
                0x08008968       0x58 ..\obj\controller.o
                0x08008968                Controller_RestoreSettings
 .text.TIM_TimeBaseInit
                0x080089c0       0xf8 ..\obj\stm32f4xx_tim.o
                0x080089c0                TIM_TimeBaseInit
 .text.TIM_TimeBaseStructInit
                0x08008ab8       0x3c ..\obj\stm32f4xx_tim.o
                0x08008ab8                TIM_TimeBaseStructInit
 .text.TIM_SetCounter
                0x08008af4       0x1c ..\obj\stm32f4xx_tim.o
                0x08008af4                TIM_SetCounter
 .text.TIM_ARRPreloadConfig
                0x08008b10       0x40 ..\obj\stm32f4xx_tim.o
                0x08008b10                TIM_ARRPreloadConfig
 .text.TIM_Cmd  0x08008b50       0x40 ..\obj\stm32f4xx_tim.o
                0x08008b50                TIM_Cmd
 .text.TIM_ICInit
                0x08008b90       0xa8 ..\obj\stm32f4xx_tim.o
                0x08008b90                TIM_ICInit
 .text.TIM_SetIC1Prescaler
                0x08008c38       0x38 ..\obj\stm32f4xx_tim.o
                0x08008c38                TIM_SetIC1Prescaler
 .text.TIM_SetIC2Prescaler
                0x08008c70       0x40 ..\obj\stm32f4xx_tim.o
                0x08008c70                TIM_SetIC2Prescaler
 .text.TIM_SetIC3Prescaler
                0x08008cb0       0x38 ..\obj\stm32f4xx_tim.o
                0x08008cb0                TIM_SetIC3Prescaler
 .text.TIM_SetIC4Prescaler
                0x08008ce8       0x40 ..\obj\stm32f4xx_tim.o
                0x08008ce8                TIM_SetIC4Prescaler
 .text.TIM_ITConfig
                0x08008d28       0x4c ..\obj\stm32f4xx_tim.o
                0x08008d28                TIM_ITConfig
 .text.TIM_ClearFlag
                0x08008d74       0x24 ..\obj\stm32f4xx_tim.o
                0x08008d74                TIM_ClearFlag
 .text.TIM_ClearITPendingBit
                0x08008d98       0x24 ..\obj\stm32f4xx_tim.o
                0x08008d98                TIM_ClearITPendingBit
 .text.TIM_ETRClockMode2Config
                0x08008dbc       0x34 ..\obj\stm32f4xx_tim.o
                0x08008dbc                TIM_ETRClockMode2Config
 .text.TIM_ETRConfig
                0x08008df0       0x54 ..\obj\stm32f4xx_tim.o
                0x08008df0                TIM_ETRConfig
 .text.TI1_Config
                0x08008e44       0x84 ..\obj\stm32f4xx_tim.o
 .text.TI2_Config
                0x08008ec8       0xa4 ..\obj\stm32f4xx_tim.o
 .text.TI3_Config
                0x08008f6c       0x94 ..\obj\stm32f4xx_tim.o
 .text.TI4_Config
                0x08009000       0xac ..\obj\stm32f4xx_tim.o
 .text.NVIC_SystemReset
                0x080090ac       0x34 ..\obj\power_detector.o
 .text.PVD_IRQHandler
                0x080090e0       0x20 ..\obj\power_detector.o
                0x080090e0                PVD_IRQHandler
 .text          0x08009100      0x21c c:/coocox/coide/gcc/sourcery g++ lite/bin/../lib/gcc/arm-none-eabi/4.5.1/thumb2\libgcc.a(_arm_addsubsf3.o)
                0x08009100                __aeabi_frsub
                0x08009108                __subsf3
                0x08009108                __aeabi_fsub
                0x0800910c                __aeabi_fadd
                0x0800910c                __addsf3
                0x0800926c                __aeabi_ui2f
                0x0800926c                __floatunsisf
                0x08009274                __aeabi_i2f
                0x08009274                __floatsisf
                0x08009290                __aeabi_ul2f
                0x08009290                __floatundisf
                0x080092a0                __aeabi_l2f
                0x080092a0                __floatdisf
 .text          0x0800931c      0x2a0 c:/coocox/coide/gcc/sourcery g++ lite/bin/../lib/gcc/arm-none-eabi/4.5.1/thumb2\libgcc.a(_arm_muldivsf3.o)
                0x0800931c                __mulsf3
                0x0800931c                __aeabi_fmul
                0x08009484                __aeabi_fdiv
                0x08009484                __divsf3
 .text          0x080095bc       0x58 c:/coocox/coide/gcc/sourcery g++ lite/bin/../lib/gcc/arm-none-eabi/4.5.1/../../../../arm-none-eabi/lib/thumb2\libc.a(lib_a-memcmp.o)
                0x080095bc                memcmp
 .text          0x08009614      0x150 c:/coocox/coide/gcc/sourcery g++ lite/bin/../lib/gcc/arm-none-eabi/4.5.1/../../../../arm-none-eabi/lib/thumb2\libc.a(lib_a-memcpy.o)
                0x08009614                memcpy
 .text          0x08009764       0xb4 c:/coocox/coide/gcc/sourcery g++ lite/bin/../lib/gcc/arm-none-eabi/4.5.1/../../../../arm-none-eabi/lib/thumb2\libc.a(lib_a-memset.o)
                0x08009764                memset
 *(.glue_7t)
 .glue_7t       0x00000000        0x0 linker stubs
 *(.glue_7)
 .glue_7        0x00000000        0x0 linker stubs
 *(.rodata .rodata* .gnu.linkonce.r.*)
 .rodata        0x08009818       0x20 ..\obj\protocol.o
 .rodata        0x08009838      0x200 ..\obj\mbcrc.o
 .rodata        0x08009a38        0x4 ..\obj\log.o
 .rodata        0x08009a3c        0x8 ..\obj\watchdog.o
 .rodata        0x08009a44       0x1c ..\obj\tasks.o
 .rodata        0x08009a60        0x4 ..\obj\port.o
 .rodata        0x08009a64       0x18 ..\obj\frequency.o
 .rodata        0x08009a7c        0x2 ..\obj\heap_2.o
 *fill*         0x08009a7e        0x2 00
 .rodata        0x08009a80        0x4 ..\obj\controller.o
                0x08009a80                stSettingsDefault

.vfp11_veneer   0x08009a84        0x0
 .vfp11_veneer  0x00000000        0x0 linker stubs

.v4_bx          0x08009a84        0x0
 .v4_bx         0x00000000        0x0 linker stubs

.ARM.extab
 *(.ARM.extab* .gnu.linkonce.armextab.*)

.ARM.exidx
 *(.ARM.exidx* .gnu.linkonce.armexidx.*)
                0x08009a84                . = ALIGN (0x4)
                0x08009a84                _etext = .
                0x08009a84                _sidata = .

.data           0x20000000       0xc0 load address 0x08009a84
                0x20000000                _sdata = .
 *(.data .data.*)
 .data          0x20000000        0x6 ..\obj\mbport.o
                0x20000000                REG_INPUT_START
                0x20000001                REG_HOLDING_START
                0x20000002                REG_INPUT_NREGS
                0x20000003                REG_HOLDING_NREGS
                0x20000004                usRegInputStart
                0x20000005                usRegHoldingStart
 *fill*         0x20000006        0x2 00
 .data          0x20000008       0x88 ..\obj\mb.o
 .data          0x20000090       0x10 ..\obj\stm32f4xx_rcc.o
 .data          0x200000a0        0x4 ..\obj\tasks.o
 .data          0x200000a4       0x14 ..\obj\system_stm32f4xx.o
                0x200000a4                SystemCoreClock
                0x200000a8                AHBPrescTable
 .data          0x200000b8        0x4 ..\obj\port.o
 .data          0x200000bc        0x4 ..\obj\heap_2.o
                0x200000c0                . = ALIGN (0x4)
                0x200000c0                _edata = .

.bss            0x200000c0     0x2d84 load address 0x08009b44
                0x200000c0                _sbss = .
 *(.bss .bss.*)
 .bss           0x200000c0       0x24 ..\obj\mbfuncother.o
 .bss           0x200000e4        0x2 ..\obj\log.o
                0x200000e4                current_entry_index
 *fill*         0x200000e6        0x2 00
 .bss           0x200000e8       0xfc ..\obj\tasks.o
                0x200000e8                pxCurrentTCB
 .bss           0x200001e4        0x8 ..\obj\porttimer.o
 .bss           0x200001ec        0x8 ..\obj\port.o
 .bss           0x200001f4       0x10 ..\obj\portserial.o
 .bss           0x20000204       0x1c ..\obj\frequency.o
                0x2000021c                xHigherPriorityTaskWoken
 .bss           0x20000220     0x2814 ..\obj\heap_2.o
 *(COMMON)
 COMMON         0x20002a34      0x2e8 ..\obj\protocol.o
                0x20002a34                stContext_RS232
                0x20002ba8                stContext_RS485
 COMMON         0x20002d1c       0x80 ..\obj\log.o
                0x20002d1c                log_buf
 COMMON         0x20002d9c       0x50 ..\obj\watchdog.o
                0x20002d9c                task_watches
 COMMON         0x20002dec        0x4 ..\obj\fram_i2c.o
                0x20002dec                xI2CBusMutex
 COMMON         0x20002df0        0x8 ..\obj\frequency.o
                0x20002df0                xFrequencySemaphore
 COMMON         0x20002df8       0x4c ..\obj\controller.o
                0x20002df8                stSettings
                0x20002dfc                xMeasureDataMutex
                0x20002e00                stMeasureData
                0x20002e40                xSettingsMutex
                0x20002e44                . = ALIGN (0x4)
                0x20002e44                _ebss = .

.co_stack       0x20002e44      0x804 load address 0x0800c8c8
                0x20002e48                . = ALIGN (0x8)
 *fill*         0x20002e44        0x4 00
 *(.co_stack .co_stack.*)
 .co_stack      0x20002e48      0x800 ..\obj\startup_stm32f4xx.o
                0x20002e48                pulStack
                0x20003648                . = ALIGN (0x4)
                0x20003648                _end = .
LOAD ..\obj\stm32f4xx_syscfg.o
LOAD ..\obj\mbport.o
LOAD ..\obj\mb.o
LOAD ..\obj\protocol.o
LOAD ..\obj\mbfuncdisc.o
LOAD ..\obj\core_cm3.o
LOAD ..\obj\portevent.o
LOAD ..\obj\mbfuncother.o
LOAD ..\obj\stm32f4xx_usart.o
LOAD ..\obj\stm32f4xx_pwr.o
LOAD ..\obj\rtc.o
LOAD ..\obj\mbutils.o
LOAD ..\obj\startup_stm32f4xx.o
LOAD ..\obj\stm32f4xx_iwdg.o
LOAD ..\obj\mbfuncholding.o
LOAD ..\obj\main.o
LOAD ..\obj\mbcrc.o
LOAD ..\obj\stm32f4xx_rcc.o
LOAD ..\obj\mbfuncfile.o
LOAD ..\obj\timers.o
LOAD ..\obj\log.o
LOAD ..\obj\mbfuncinput.o
LOAD ..\obj\printf.o
LOAD ..\obj\watchdog.o
LOAD ..\obj\mbfuncdiag.o
LOAD ..\obj\tasks.o
LOAD ..\obj\fram_i2c.o
LOAD ..\obj\stm32f4xx_gpio.o
LOAD ..\obj\porttimer.o
LOAD ..\obj\mbrtu.o
LOAD ..\obj\list.o
LOAD ..\obj\system_stm32f4xx.o
LOAD ..\obj\syscalls.o
LOAD ..\obj\port.o
LOAD ..\obj\queue.o
LOAD ..\obj\portserial.o
LOAD ..\obj\croutine.o
LOAD ..\obj\stm32f4xx_spi.o
LOAD ..\obj\mbfunccoils.o
LOAD ..\obj\event_groups.o
LOAD ..\obj\ADS1220.o
LOAD ..\obj\stm32f4xx_i2c.o
LOAD ..\obj\frequency.o
LOAD ..\obj\stm32f4xx_exti.o
LOAD ..\obj\misc.o
LOAD ..\obj\stm32f4xx_rtc.o
LOAD ..\obj\mbascii.o
LOAD ..\obj\heap_2.o
LOAD ..\obj\controller.o
LOAD ..\obj\stm32f4xx_tim.o
LOAD ..\obj\power_detector.o
START GROUP
LOAD c:/coocox/coide/gcc/sourcery g++ lite/bin/../lib/gcc/arm-none-eabi/4.5.1/thumb2\libgcc.a
LOAD c:/coocox/coide/gcc/sourcery g++ lite/bin/../lib/gcc/arm-none-eabi/4.5.1/../../../../arm-none-eabi/lib/thumb2\libc.a
END GROUP
OUTPUT(IMS_CONTROLLER.elf elf32-littlearm)

.debug_abbrev   0x00000000     0x3bcb
 .debug_abbrev  0x00000000      0x12a ..\obj\stm32f4xx_syscfg.o
 .debug_abbrev  0x0000012a      0x190 ..\obj\mbport.o
 .debug_abbrev  0x000002ba      0x199 ..\obj\mb.o
 .debug_abbrev  0x00000453      0x150 ..\obj\protocol.o
 .debug_abbrev  0x000005a3       0xa5 ..\obj\mbfuncdisc.o
 .debug_abbrev  0x00000648       0xd5 ..\obj\core_cm3.o
 .debug_abbrev  0x0000071d       0xc1 ..\obj\portevent.o
 .debug_abbrev  0x000007de       0xbe ..\obj\mbfuncother.o
 .debug_abbrev  0x0000089c      0x14e ..\obj\stm32f4xx_usart.o
 .debug_abbrev  0x000009ea      0x175 ..\obj\stm32f4xx_pwr.o
 .debug_abbrev  0x00000b5f       0xc6 ..\obj\rtc.o
 .debug_abbrev  0x00000c25       0xd2 ..\obj\mbutils.o
 .debug_abbrev  0x00000cf7       0xac ..\obj\startup_stm32f4xx.o
 .debug_abbrev  0x00000da3       0xfa ..\obj\stm32f4xx_iwdg.o
 .debug_abbrev  0x00000e9d       0xa5 ..\obj\mbfuncholding.o
 .debug_abbrev  0x00000f42       0xc0 ..\obj\main.o
 .debug_abbrev  0x00001002       0x90 ..\obj\mbcrc.o
 .debug_abbrev  0x00001092      0x1b7 ..\obj\stm32f4xx_rcc.o
 .debug_abbrev  0x00001249       0xe2 ..\obj\mbfuncfile.o
 .debug_abbrev  0x0000132b       0x28 ..\obj\timers.o
 .debug_abbrev  0x00001353      0x15e ..\obj\log.o
 .debug_abbrev  0x000014b1       0xa5 ..\obj\mbfuncinput.o
 .debug_abbrev  0x00001556      0x238 ..\obj\printf.o
 .debug_abbrev  0x0000178e      0x120 ..\obj\watchdog.o
 .debug_abbrev  0x000018ae        0x1 ..\obj\mbfuncdiag.o
 .debug_abbrev  0x000018af      0x206 ..\obj\tasks.o
 .debug_abbrev  0x00001ab5      0x1e4 ..\obj\fram_i2c.o
 .debug_abbrev  0x00001c99      0x182 ..\obj\stm32f4xx_gpio.o
 .debug_abbrev  0x00001e1b      0x1b6 ..\obj\porttimer.o
 .debug_abbrev  0x00001fd1      0x180 ..\obj\mbrtu.o
 .debug_abbrev  0x00002151       0xb8 ..\obj\list.o
 .debug_abbrev  0x00002209      0x140 ..\obj\system_stm32f4xx.o
 .debug_abbrev  0x00002349       0xde ..\obj\syscalls.o
 .debug_abbrev  0x00002427      0x186 ..\obj\port.o
 .debug_abbrev  0x000025ad      0x132 ..\obj\queue.o
 .debug_abbrev  0x000026df      0x203 ..\obj\portserial.o
 .debug_abbrev  0x000028e2      0x17f ..\obj\croutine.o
 .debug_abbrev  0x00002a61      0x160 ..\obj\stm32f4xx_spi.o
 .debug_abbrev  0x00002bc1       0xb7 ..\obj\mbfunccoils.o
 .debug_abbrev  0x00002c78      0x10f ..\obj\event_groups.o
 .debug_abbrev  0x00002d87      0x1ac ..\obj\ADS1220.o
 .debug_abbrev  0x00002f33      0x15d ..\obj\stm32f4xx_i2c.o
 .debug_abbrev  0x00003090      0x1b6 ..\obj\frequency.o
 .debug_abbrev  0x00003246      0x198 ..\obj\stm32f4xx_exti.o
 .debug_abbrev  0x000033de      0x126 ..\obj\misc.o
 .debug_abbrev  0x00003504      0x16b ..\obj\stm32f4xx_rtc.o
 .debug_abbrev  0x0000366f       0x4d ..\obj\mbascii.o
 .debug_abbrev  0x000036bc      0x15f ..\obj\heap_2.o
 .debug_abbrev  0x0000381b       0xe8 ..\obj\controller.o
 .debug_abbrev  0x00003903      0x163 ..\obj\stm32f4xx_tim.o
 .debug_abbrev  0x00003a66      0x165 ..\obj\power_detector.o

.debug_info     0x00000000    0x14d94
 .debug_info    0x00000000      0x27a ..\obj\stm32f4xx_syscfg.o
 .debug_info    0x0000027a      0x8a9 ..\obj\mbport.o
 .debug_info    0x00000b23      0x9a1 ..\obj\mb.o
 .debug_info    0x000014c4      0x836 ..\obj\protocol.o
 .debug_info    0x00001cfa      0x1f9 ..\obj\mbfuncdisc.o
 .debug_info    0x00001ef3      0x548 ..\obj\core_cm3.o
 .debug_info    0x0000243b      0x1c4 ..\obj\portevent.o
 .debug_info    0x000025ff      0x25c ..\obj\mbfuncother.o
 .debug_info    0x0000285b      0xa4f ..\obj\stm32f4xx_usart.o
 .debug_info    0x000032aa      0x53e ..\obj\stm32f4xx_pwr.o
 .debug_info    0x000037e8      0x16b ..\obj\rtc.o
 .debug_info    0x00003953      0x2d1 ..\obj\mbutils.o
 .debug_info    0x00003c24      0x135 ..\obj\startup_stm32f4xx.o
 .debug_info    0x00003d59      0x20b ..\obj\stm32f4xx_iwdg.o
 .debug_info    0x00003f64      0x38e ..\obj\mbfuncholding.o
 .debug_info    0x000042f2      0x188 ..\obj\main.o
 .debug_info    0x0000447a      0x13e ..\obj\mbcrc.o
 .debug_info    0x000045b8      0xd24 ..\obj\stm32f4xx_rcc.o
 .debug_info    0x000052dc      0x25d ..\obj\mbfuncfile.o
 .debug_info    0x00005539       0x6f ..\obj\timers.o
 .debug_info    0x000055a8      0x465 ..\obj\log.o
 .debug_info    0x00005a0d      0x1eb ..\obj\mbfuncinput.o
 .debug_info    0x00005bf8      0xed2 ..\obj\printf.o
 .debug_info    0x00006aca      0x209 ..\obj\watchdog.o
 .debug_info    0x00006cd3        0x0 ..\obj\mbfuncdiag.o
 .debug_info    0x00006cd3     0x12a7 ..\obj\tasks.o
 .debug_info    0x00007f7a      0x706 ..\obj\fram_i2c.o
 .debug_info    0x00008680      0x639 ..\obj\stm32f4xx_gpio.o
 .debug_info    0x00008cb9      0xe0c ..\obj\porttimer.o
 .debug_info    0x00009ac5      0x7fd ..\obj\mbrtu.o
 .debug_info    0x0000a2c2      0x2b5 ..\obj\list.o
 .debug_info    0x0000a577      0x5ea ..\obj\system_stm32f4xx.o
 .debug_info    0x0000ab61      0x440 ..\obj\syscalls.o
 .debug_info    0x0000afa1      0x330 ..\obj\port.o
 .debug_info    0x0000b2d1      0x9ea ..\obj\queue.o
 .debug_info    0x0000bcbb     0x1160 ..\obj\portserial.o
 .debug_info    0x0000ce1b      0x4ec ..\obj\croutine.o
 .debug_info    0x0000d307      0xbcc ..\obj\stm32f4xx_spi.o
 .debug_info    0x0000ded3      0x31e ..\obj\mbfunccoils.o
 .debug_info    0x0000e1f1      0x639 ..\obj\event_groups.o
 .debug_info    0x0000e82a      0x7a1 ..\obj\ADS1220.o
 .debug_info    0x0000efcb      0xb91 ..\obj\stm32f4xx_i2c.o
 .debug_info    0x0000fb5c      0xce0 ..\obj\frequency.o
 .debug_info    0x0001083c      0x372 ..\obj\stm32f4xx_exti.o
 .debug_info    0x00010bae      0x594 ..\obj\misc.o
 .debug_info    0x00011142     0x1223 ..\obj\stm32f4xx_rtc.o
 .debug_info    0x00012365       0x9b ..\obj\mbascii.o
 .debug_info    0x00012400      0x2e3 ..\obj\heap_2.o
 .debug_info    0x000126e3      0x231 ..\obj\controller.o
 .debug_info    0x00012914     0x1e28 ..\obj\stm32f4xx_tim.o
 .debug_info    0x0001473c      0x658 ..\obj\power_detector.o

.debug_line     0x00000000     0xa75b
 .debug_line    0x00000000      0x202 ..\obj\stm32f4xx_syscfg.o
 .debug_line    0x00000202      0x502 ..\obj\mbport.o
 .debug_line    0x00000704      0x326 ..\obj\mb.o
 .debug_line    0x00000a2a      0x333 ..\obj\protocol.o
 .debug_line    0x00000d5d      0x1ed ..\obj\mbfuncdisc.o
 .debug_line    0x00000f4a      0x28e ..\obj\core_cm3.o
 .debug_line    0x000011d8      0x1d1 ..\obj\portevent.o
 .debug_line    0x000013a9      0x259 ..\obj\mbfuncother.o
 .debug_line    0x00001602      0x49c ..\obj\stm32f4xx_usart.o
 .debug_line    0x00001a9e      0x29f ..\obj\stm32f4xx_pwr.o
 .debug_line    0x00001d3d      0x1fe ..\obj\rtc.o
 .debug_line    0x00001f3b      0x261 ..\obj\mbutils.o
 .debug_line    0x0000219c       0xaf ..\obj\startup_stm32f4xx.o
 .debug_line    0x0000224b      0x1f9 ..\obj\stm32f4xx_iwdg.o
 .debug_line    0x00002444      0x283 ..\obj\mbfuncholding.o
 .debug_line    0x000026c7      0x2ad ..\obj\main.o
 .debug_line    0x00002974      0x164 ..\obj\mbcrc.o
 .debug_line    0x00002ad8      0x598 ..\obj\stm32f4xx_rcc.o
 .debug_line    0x00003070      0x226 ..\obj\mbfuncfile.o
 .debug_line    0x00003296       0x1d ..\obj\timers.o
 .debug_line    0x000032b3      0x39a ..\obj\log.o
 .debug_line    0x0000364d      0x1e3 ..\obj\mbfuncinput.o
 .debug_line    0x00003830      0x3cf ..\obj\printf.o
 .debug_line    0x00003bff      0x27b ..\obj\watchdog.o
 .debug_line    0x00003e7a        0x0 ..\obj\mbfuncdiag.o
 .debug_line    0x00003e7a      0xab6 ..\obj\tasks.o
 .debug_line    0x00004930      0x556 ..\obj\fram_i2c.o
 .debug_line    0x00004e86      0x337 ..\obj\stm32f4xx_gpio.o
 .debug_line    0x000051bd      0x3cd ..\obj\porttimer.o
 .debug_line    0x0000558a      0x293 ..\obj\mbrtu.o
 .debug_line    0x0000581d      0x241 ..\obj\list.o
 .debug_line    0x00005a5e      0x211 ..\obj\system_stm32f4xx.o
 .debug_line    0x00005c6f      0x19d ..\obj\syscalls.o
 .debug_line    0x00005e0c      0x30a ..\obj\port.o
 .debug_line    0x00006116      0x6fb ..\obj\queue.o
 .debug_line    0x00006811      0x4e1 ..\obj\portserial.o
 .debug_line    0x00006cf2      0x30d ..\obj\croutine.o
 .debug_line    0x00006fff      0x44c ..\obj\stm32f4xx_spi.o
 .debug_line    0x0000744b      0x25b ..\obj\mbfunccoils.o
 .debug_line    0x000076a6      0x395 ..\obj\event_groups.o
 .debug_line    0x00007a3b      0x4a1 ..\obj\ADS1220.o
 .debug_line    0x00007edc      0x4d4 ..\obj\stm32f4xx_i2c.o
 .debug_line    0x000083b0      0x45a ..\obj\frequency.o
 .debug_line    0x0000880a      0x2a1 ..\obj\stm32f4xx_exti.o
 .debug_line    0x00008aab      0x23d ..\obj\misc.o
 .debug_line    0x00008ce8      0x80f ..\obj\stm32f4xx_rtc.o
 .debug_line    0x000094f7       0xde ..\obj\mbascii.o
 .debug_line    0x000095d5      0x28b ..\obj\heap_2.o
 .debug_line    0x00009860      0x229 ..\obj\controller.o
 .debug_line    0x00009a89      0xa71 ..\obj\stm32f4xx_tim.o
 .debug_line    0x0000a4fa      0x261 ..\obj\power_detector.o

.debug_loc      0x00000000     0x7df5
 .debug_loc     0x00000000      0x144 ..\obj\stm32f4xx_syscfg.o
 .debug_loc     0x00000144      0x176 ..\obj\mbport.o
 .debug_loc     0x000002ba      0x150 ..\obj\mb.o
 .debug_loc     0x0000040a       0xa8 ..\obj\protocol.o
 .debug_loc     0x000004b2       0x38 ..\obj\mbfuncdisc.o
 .debug_loc     0x000004ea      0x3f0 ..\obj\core_cm3.o
 .debug_loc     0x000008da       0xa8 ..\obj\portevent.o
 .debug_loc     0x00000982       0x70 ..\obj\mbfuncother.o
 .debug_loc     0x000009f2      0x658 ..\obj\stm32f4xx_usart.o
 .debug_loc     0x0000104a      0x288 ..\obj\stm32f4xx_pwr.o
 .debug_loc     0x000012d2       0x38 ..\obj\rtc.o
 .debug_loc     0x0000130a       0xa8 ..\obj\mbutils.o
 .debug_loc     0x000013b2       0x64 ..\obj\startup_stm32f4xx.o
 .debug_loc     0x00001416      0x138 ..\obj\stm32f4xx_iwdg.o
 .debug_loc     0x0000154e       0xe0 ..\obj\mbfuncholding.o
 .debug_loc     0x0000162e      0x100 ..\obj\main.o
 .debug_loc     0x0000172e       0x38 ..\obj\mbcrc.o
 .debug_loc     0x00001766      0x97c ..\obj\stm32f4xx_rcc.o
 .debug_loc     0x000020e2       0x3a ..\obj\mbfuncfile.o
 .debug_loc     0x0000211c       0xe2 ..\obj\log.o
 .debug_loc     0x000021fe       0x38 ..\obj\mbfuncinput.o
 .debug_loc     0x00002236      0x3ea ..\obj\printf.o
 .debug_loc     0x00002620       0xe0 ..\obj\watchdog.o
 .debug_loc     0x00002700      0x92c ..\obj\tasks.o
 .debug_loc     0x0000302c      0x150 ..\obj\fram_i2c.o
 .debug_loc     0x0000317c      0x310 ..\obj\stm32f4xx_gpio.o
 .debug_loc     0x0000348c      0x1e8 ..\obj\porttimer.o
 .debug_loc     0x00003674      0x1c0 ..\obj\mbrtu.o
 .debug_loc     0x00003834      0x118 ..\obj\list.o
 .debug_loc     0x0000394c       0x9c ..\obj\system_stm32f4xx.o
 .debug_loc     0x000039e8      0x1ec ..\obj\syscalls.o
 .debug_loc     0x00003bd4      0x1dc ..\obj\port.o
 .debug_loc     0x00003db0      0x460 ..\obj\queue.o
 .debug_loc     0x00004210      0x2c0 ..\obj\portserial.o
 .debug_loc     0x000044d0      0x188 ..\obj\croutine.o
 .debug_loc     0x00004658      0x578 ..\obj\stm32f4xx_spi.o
 .debug_loc     0x00004bd0       0xa8 ..\obj\mbfunccoils.o
 .debug_loc     0x00004c78      0x230 ..\obj\event_groups.o
 .debug_loc     0x00004ea8      0x1ec ..\obj\ADS1220.o
 .debug_loc     0x00005094      0x738 ..\obj\stm32f4xx_i2c.o
 .debug_loc     0x000057cc      0x10d ..\obj\frequency.o
 .debug_loc     0x000058d9      0x1b4 ..\obj\stm32f4xx_exti.o
 .debug_loc     0x00005a8d      0x118 ..\obj\misc.o
 .debug_loc     0x00005ba5      0xc48 ..\obj\stm32f4xx_rtc.o
 .debug_loc     0x000067ed      0x100 ..\obj\heap_2.o
 .debug_loc     0x000068ed       0x58 ..\obj\controller.o
 .debug_loc     0x00006945     0x1420 ..\obj\stm32f4xx_tim.o
 .debug_loc     0x00007d65       0x90 ..\obj\power_detector.o

.debug_pubnames
                0x00000000     0x3463
 .debug_pubnames
                0x00000000       0xc3 ..\obj\stm32f4xx_syscfg.o
 .debug_pubnames
                0x000000c3      0x120 ..\obj\mbport.o
 .debug_pubnames
                0x000001e3       0x66 ..\obj\mb.o
 .debug_pubnames
                0x00000249       0x4c ..\obj\protocol.o
 .debug_pubnames
                0x00000295       0x30 ..\obj\mbfuncdisc.o
 .debug_pubnames
                0x000002c5      0x159 ..\obj\core_cm3.o
 .debug_pubnames
                0x0000041e       0x50 ..\obj\portevent.o
 .debug_pubnames
                0x0000046e       0x3d ..\obj\mbfuncother.o
 .debug_pubnames
                0x000004ab      0x294 ..\obj\stm32f4xx_usart.o
 .debug_pubnames
                0x0000073f      0x120 ..\obj\stm32f4xx_pwr.o
 .debug_pubnames
                0x0000085f       0x25 ..\obj\rtc.o
 .debug_pubnames
                0x00000884       0x52 ..\obj\mbutils.o
 .debug_pubnames
                0x000008d6       0x4a ..\obj\startup_stm32f4xx.o
 .debug_pubnames
                0x00000920       0x91 ..\obj\stm32f4xx_iwdg.o
 .debug_pubnames
                0x000009b1       0xa5 ..\obj\mbfuncholding.o
 .debug_pubnames
                0x00000a56       0x90 ..\obj\main.o
 .debug_pubnames
                0x00000ae6       0x20 ..\obj\mbcrc.o
 .debug_pubnames
                0x00000b06      0x417 ..\obj\stm32f4xx_rcc.o
 .debug_pubnames
                0x00000f1d       0x26 ..\obj\mbfuncfile.o
 .debug_pubnames
                0x00000f43       0x70 ..\obj\log.o
 .debug_pubnames
                0x00000fb3       0x2f ..\obj\mbfuncinput.o
 .debug_pubnames
                0x00000fe2      0x101 ..\obj\printf.o
 .debug_pubnames
                0x000010e3       0x6d ..\obj\watchdog.o
 .debug_pubnames
                0x00001150      0x350 ..\obj\tasks.o
 .debug_pubnames
                0x000014a0       0xaa ..\obj\fram_i2c.o
 .debug_pubnames
                0x0000154a      0x12d ..\obj\stm32f4xx_gpio.o
 .debug_pubnames
                0x00001677       0xf0 ..\obj\porttimer.o
 .debug_pubnames
                0x00001767       0xa6 ..\obj\mbrtu.o
 .debug_pubnames
                0x0000180d       0x72 ..\obj\list.o
 .debug_pubnames
                0x0000187f       0x61 ..\obj\system_stm32f4xx.o
 .debug_pubnames
                0x000018e0       0x71 ..\obj\syscalls.o
 .debug_pubnames
                0x00001951      0x144 ..\obj\port.o
 .debug_pubnames
                0x00001a95      0x18c ..\obj\queue.o
 .debug_pubnames
                0x00001c21      0x123 ..\obj\portserial.o
 .debug_pubnames
                0x00001d44       0x96 ..\obj\croutine.o
 .debug_pubnames
                0x00001dda      0x221 ..\obj\stm32f4xx_spi.o
 .debug_pubnames
                0x00001ffb       0x5a ..\obj\mbfunccoils.o
 .debug_pubnames
                0x00002055       0xf8 ..\obj\event_groups.o
 .debug_pubnames
                0x0000214d       0x76 ..\obj\ADS1220.o
 .debug_pubnames
                0x000021c3      0x2cb ..\obj\stm32f4xx_i2c.o
 .debug_pubnames
                0x0000248e       0x74 ..\obj\frequency.o
 .debug_pubnames
                0x00002502       0xbb ..\obj\stm32f4xx_exti.o
 .debug_pubnames
                0x000025bd       0x89 ..\obj\misc.o
 .debug_pubnames
                0x00002646      0x514 ..\obj\stm32f4xx_rtc.o
 .debug_pubnames
                0x00002b5a       0x64 ..\obj\heap_2.o
 .debug_pubnames
                0x00002bbe       0xa4 ..\obj\controller.o
 .debug_pubnames
                0x00002c62      0x7c4 ..\obj\stm32f4xx_tim.o
 .debug_pubnames
                0x00003426       0x3d ..\obj\power_detector.o

.debug_pubtypes
                0x00000000     0x2645
 .debug_pubtypes
                0x00000000       0x6d ..\obj\stm32f4xx_syscfg.o
 .debug_pubtypes
                0x0000006d      0x163 ..\obj\mbport.o
 .debug_pubtypes
                0x000001d0      0x17e ..\obj\mb.o
 .debug_pubtypes
                0x0000034e      0x15f ..\obj\protocol.o
 .debug_pubtypes
                0x000004ad       0x6e ..\obj\mbfuncdisc.o
 .debug_pubtypes
                0x0000051b       0x50 ..\obj\core_cm3.o
 .debug_pubtypes
                0x0000056b       0x52 ..\obj\portevent.o
 .debug_pubtypes
                0x000005bd       0x82 ..\obj\mbfuncother.o
 .debug_pubtypes
                0x0000063f       0xcd ..\obj\stm32f4xx_usart.o
 .debug_pubtypes
                0x0000070c       0x84 ..\obj\stm32f4xx_pwr.o
 .debug_pubtypes
                0x00000790       0x4b ..\obj\rtc.o
 .debug_pubtypes
                0x000007db       0x79 ..\obj\mbutils.o
 .debug_pubtypes
                0x00000854       0x64 ..\obj\stm32f4xx_iwdg.o
 .debug_pubtypes
                0x000008b8       0x6e ..\obj\mbfuncholding.o
 .debug_pubtypes
                0x00000926       0x49 ..\obj\main.o
 .debug_pubtypes
                0x0000096f       0x40 ..\obj\mbcrc.o
 .debug_pubtypes
                0x000009af       0xaa ..\obj\stm32f4xx_rcc.o
 .debug_pubtypes
                0x00000a59       0x85 ..\obj\mbfuncfile.o
 .debug_pubtypes
                0x00000ade       0x12 ..\obj\timers.o
 .debug_pubtypes
                0x00000af0       0xfa ..\obj\log.o
 .debug_pubtypes
                0x00000bea       0x6e ..\obj\mbfuncinput.o
 .debug_pubtypes
                0x00000c58      0x139 ..\obj\printf.o
 .debug_pubtypes
                0x00000d91       0x63 ..\obj\watchdog.o
 .debug_pubtypes
                0x00000df4      0x191 ..\obj\tasks.o
 .debug_pubtypes
                0x00000f85      0x152 ..\obj\fram_i2c.o
 .debug_pubtypes
                0x000010d7       0xce ..\obj\stm32f4xx_gpio.o
 .debug_pubtypes
                0x000011a5      0x1ad ..\obj\porttimer.o
 .debug_pubtypes
                0x00001352      0x115 ..\obj\mbrtu.o
 .debug_pubtypes
                0x00001467       0x98 ..\obj\list.o
 .debug_pubtypes
                0x000014ff       0x73 ..\obj\system_stm32f4xx.o
 .debug_pubtypes
                0x00001572       0xaa ..\obj\syscalls.o
 .debug_pubtypes
                0x0000161c       0x7c ..\obj\port.o
 .debug_pubtypes
                0x00001698      0x122 ..\obj\queue.o
 .debug_pubtypes
                0x000017ba      0x257 ..\obj\portserial.o
 .debug_pubtypes
                0x00001a11      0x107 ..\obj\croutine.o
 .debug_pubtypes
                0x00001b18       0xbc ..\obj\stm32f4xx_spi.o
 .debug_pubtypes
                0x00001bd4       0x6e ..\obj\mbfunccoils.o
 .debug_pubtypes
                0x00001c42       0xf9 ..\obj\event_groups.o
 .debug_pubtypes
                0x00001d3b      0x163 ..\obj\ADS1220.o
 .debug_pubtypes
                0x00001e9e       0xbe ..\obj\stm32f4xx_i2c.o
 .debug_pubtypes
                0x00001f5c      0x1fc ..\obj\frequency.o
 .debug_pubtypes
                0x00002158       0xae ..\obj\stm32f4xx_exti.o
 .debug_pubtypes
                0x00002206       0x8c ..\obj\misc.o
 .debug_pubtypes
                0x00002292       0xd8 ..\obj\stm32f4xx_rtc.o
 .debug_pubtypes
                0x0000236a       0x1e ..\obj\mbascii.o
 .debug_pubtypes
                0x00002388       0x73 ..\obj\heap_2.o
 .debug_pubtypes
                0x000023fb       0xa1 ..\obj\controller.o
 .debug_pubtypes
                0x0000249c       0xe4 ..\obj\stm32f4xx_tim.o
 .debug_pubtypes
                0x00002580       0xc5 ..\obj\power_detector.o

.debug_aranges  0x00000000     0x1710
 .debug_aranges
                0x00000000       0x48 ..\obj\stm32f4xx_syscfg.o
 .debug_aranges
                0x00000048       0x50 ..\obj\mbport.o
 .debug_aranges
                0x00000098       0x48 ..\obj\mb.o
 .debug_aranges
                0x000000e0       0x30 ..\obj\protocol.o
 .debug_aranges
                0x00000110       0x20 ..\obj\mbfuncdisc.o
 .debug_aranges
                0x00000130       0xc8 ..\obj\core_cm3.o
 .debug_aranges
                0x000001f8       0x30 ..\obj\portevent.o
 .debug_aranges
                0x00000228       0x28 ..\obj\mbfuncother.o
 .debug_aranges
                0x00000250      0x100 ..\obj\stm32f4xx_usart.o
 .debug_aranges
                0x00000350       0x78 ..\obj\stm32f4xx_pwr.o
 .debug_aranges
                0x000003c8       0x20 ..\obj\rtc.o
 .debug_aranges
                0x000003e8       0x30 ..\obj\mbutils.o
 .debug_aranges
                0x00000418       0x28 ..\obj\startup_stm32f4xx.o
 .debug_aranges
                0x00000440       0x48 ..\obj\stm32f4xx_iwdg.o
 .debug_aranges
                0x00000488       0x38 ..\obj\mbfuncholding.o
 .debug_aranges
                0x000004c0       0x40 ..\obj\main.o
 .debug_aranges
                0x00000500       0x20 ..\obj\mbcrc.o
 .debug_aranges
                0x00000520      0x178 ..\obj\stm32f4xx_rcc.o
 .debug_aranges
                0x00000698       0x20 ..\obj\mbfuncfile.o
 .debug_aranges
                0x000006b8       0x38 ..\obj\log.o
 .debug_aranges
                0x000006f0       0x20 ..\obj\mbfuncinput.o
 .debug_aranges
                0x00000710       0xa0 ..\obj\printf.o
 .debug_aranges
                0x000007b0       0x38 ..\obj\watchdog.o
 .debug_aranges
                0x000007e8      0x170 ..\obj\tasks.o
 .debug_aranges
                0x00000958       0x48 ..\obj\fram_i2c.o
 .debug_aranges
                0x000009a0       0x88 ..\obj\stm32f4xx_gpio.o
 .debug_aranges
                0x00000a28       0x68 ..\obj\porttimer.o
 .debug_aranges
                0x00000a90       0x58 ..\obj\mbrtu.o
 .debug_aranges
                0x00000ae8       0x40 ..\obj\list.o
 .debug_aranges
                0x00000b28       0x30 ..\obj\system_stm32f4xx.o
 .debug_aranges
                0x00000b58       0x60 ..\obj\syscalls.o
 .debug_aranges
                0x00000bb8       0x90 ..\obj\port.o
 .debug_aranges
                0x00000c48       0xb8 ..\obj\queue.o
 .debug_aranges
                0x00000d00       0x80 ..\obj\portserial.o
 .debug_aranges
                0x00000d80       0x50 ..\obj\croutine.o
 .debug_aranges
                0x00000dd0       0xe0 ..\obj\stm32f4xx_spi.o
 .debug_aranges
                0x00000eb0       0x30 ..\obj\mbfunccoils.o
 .debug_aranges
                0x00000ee0       0x68 ..\obj\event_groups.o
 .debug_aranges
                0x00000f48       0x60 ..\obj\ADS1220.o
 .debug_aranges
                0x00000fa8      0x120 ..\obj\stm32f4xx_i2c.o
 .debug_aranges
                0x000010c8       0x40 ..\obj\frequency.o
 .debug_aranges
                0x00001108       0x58 ..\obj\stm32f4xx_exti.o
 .debug_aranges
                0x00001160       0x40 ..\obj\misc.o
 .debug_aranges
                0x000011a0      0x1e0 ..\obj\stm32f4xx_rtc.o
 .debug_aranges
                0x00001380       0x40 ..\obj\heap_2.o
 .debug_aranges
                0x000013c0       0x28 ..\obj\controller.o
 .debug_aranges
                0x000013e8      0x2f8 ..\obj\stm32f4xx_tim.o
 .debug_aranges
                0x000016e0       0x30 ..\obj\power_detector.o

.debug_ranges   0x00000000     0x1410
 .debug_ranges  0x00000000       0x38 ..\obj\stm32f4xx_syscfg.o
 .debug_ranges  0x00000038       0x40 ..\obj\mbport.o
 .debug_ranges  0x00000078       0x38 ..\obj\mb.o
 .debug_ranges  0x000000b0       0x20 ..\obj\protocol.o
 .debug_ranges  0x000000d0       0x10 ..\obj\mbfuncdisc.o
 .debug_ranges  0x000000e0       0xb8 ..\obj\core_cm3.o
 .debug_ranges  0x00000198       0x20 ..\obj\portevent.o
 .debug_ranges  0x000001b8       0x18 ..\obj\mbfuncother.o
 .debug_ranges  0x000001d0       0xf0 ..\obj\stm32f4xx_usart.o
 .debug_ranges  0x000002c0       0x68 ..\obj\stm32f4xx_pwr.o
 .debug_ranges  0x00000328       0x10 ..\obj\rtc.o
 .debug_ranges  0x00000338       0x20 ..\obj\mbutils.o
 .debug_ranges  0x00000358       0x18 ..\obj\startup_stm32f4xx.o
 .debug_ranges  0x00000370       0x38 ..\obj\stm32f4xx_iwdg.o
 .debug_ranges  0x000003a8       0x28 ..\obj\mbfuncholding.o
 .debug_ranges  0x000003d0       0x30 ..\obj\main.o
 .debug_ranges  0x00000400       0x10 ..\obj\mbcrc.o
 .debug_ranges  0x00000410      0x168 ..\obj\stm32f4xx_rcc.o
 .debug_ranges  0x00000578       0x10 ..\obj\mbfuncfile.o
 .debug_ranges  0x00000588       0x28 ..\obj\log.o
 .debug_ranges  0x000005b0       0x10 ..\obj\mbfuncinput.o
 .debug_ranges  0x000005c0       0x90 ..\obj\printf.o
 .debug_ranges  0x00000650       0x28 ..\obj\watchdog.o
 .debug_ranges  0x00000678      0x160 ..\obj\tasks.o
 .debug_ranges  0x000007d8       0x38 ..\obj\fram_i2c.o
 .debug_ranges  0x00000810       0x78 ..\obj\stm32f4xx_gpio.o
 .debug_ranges  0x00000888       0x58 ..\obj\porttimer.o
 .debug_ranges  0x000008e0       0x48 ..\obj\mbrtu.o
 .debug_ranges  0x00000928       0x30 ..\obj\list.o
 .debug_ranges  0x00000958       0x20 ..\obj\system_stm32f4xx.o
 .debug_ranges  0x00000978       0x50 ..\obj\syscalls.o
 .debug_ranges  0x000009c8       0x80 ..\obj\port.o
 .debug_ranges  0x00000a48       0xa8 ..\obj\queue.o
 .debug_ranges  0x00000af0       0x70 ..\obj\portserial.o
 .debug_ranges  0x00000b60       0x40 ..\obj\croutine.o
 .debug_ranges  0x00000ba0       0xd0 ..\obj\stm32f4xx_spi.o
 .debug_ranges  0x00000c70       0x20 ..\obj\mbfunccoils.o
 .debug_ranges  0x00000c90       0x58 ..\obj\event_groups.o
 .debug_ranges  0x00000ce8       0x50 ..\obj\ADS1220.o
 .debug_ranges  0x00000d38      0x110 ..\obj\stm32f4xx_i2c.o
 .debug_ranges  0x00000e48       0x30 ..\obj\frequency.o
 .debug_ranges  0x00000e78       0x48 ..\obj\stm32f4xx_exti.o
 .debug_ranges  0x00000ec0       0x30 ..\obj\misc.o
 .debug_ranges  0x00000ef0      0x1d0 ..\obj\stm32f4xx_rtc.o
 .debug_ranges  0x000010c0       0x30 ..\obj\heap_2.o
 .debug_ranges  0x000010f0       0x18 ..\obj\controller.o
 .debug_ranges  0x00001108      0x2e8 ..\obj\stm32f4xx_tim.o
 .debug_ranges  0x000013f0       0x20 ..\obj\power_detector.o

.debug_str      0x00000000     0x775b
 .debug_str     0x00000000      0x21d ..\obj\stm32f4xx_syscfg.o
                                0x26a (size before relaxing)
 .debug_str     0x0000021d      0x429 ..\obj\mbport.o
                                0x532 (size before relaxing)
 .debug_str     0x00000646      0x5cc ..\obj\mb.o
                                0x785 (size before relaxing)
 .debug_str     0x00000c12      0x1c1 ..\obj\protocol.o
                                0x811 (size before relaxing)
 .debug_str     0x00000dd3       0xc3 ..\obj\mbfuncdisc.o
                                0x2e3 (size before relaxing)
 .debug_str     0x00000e96      0x173 ..\obj\core_cm3.o
                                0x23a (size before relaxing)
 .debug_str     0x00001009       0x9a ..\obj\portevent.o
                                0x1c1 (size before relaxing)
 .debug_str     0x000010a3       0xd8 ..\obj\mbfuncother.o
                                0x30c (size before relaxing)
 .debug_str     0x0000117b      0x4e4 ..\obj\stm32f4xx_usart.o
                                0x5fa (size before relaxing)
 .debug_str     0x0000165f      0x1e9 ..\obj\stm32f4xx_pwr.o
                                0x2fc (size before relaxing)
 .debug_str     0x00001848       0xa9 ..\obj\rtc.o
                                0x1a1 (size before relaxing)
 .debug_str     0x000018f1       0xee ..\obj\mbutils.o
                                0x320 (size before relaxing)
 .debug_str     0x000019df       0xbe ..\obj\startup_stm32f4xx.o
                                 0xe9 (size before relaxing)
 .debug_str     0x00001a9d       0xf6 ..\obj\stm32f4xx_iwdg.o
                                0x1d7 (size before relaxing)
 .debug_str     0x00001b93      0x155 ..\obj\mbfuncholding.o
                                0x3c1 (size before relaxing)
 .debug_str     0x00001ce8       0xd6 ..\obj\main.o
                                0x1b1 (size before relaxing)
 .debug_str     0x00001dbe       0x77 ..\obj\mbcrc.o
                                0x144 (size before relaxing)
 .debug_str     0x00001e35      0x5eb ..\obj\stm32f4xx_rcc.o
                                0x7bb (size before relaxing)
 .debug_str     0x00002420       0x93 ..\obj\mbfuncfile.o
                                0x31a (size before relaxing)
 .debug_str     0x000024b3       0x56 ..\obj\timers.o
                                 0xeb (size before relaxing)
 .debug_str     0x00002509       0xb8 ..\obj\log.o
                                0x3c1 (size before relaxing)
 .debug_str     0x000025c1       0x79 ..\obj\mbfuncinput.o
                                0x2d7 (size before relaxing)
 .debug_str     0x0000263a      0x4a4 ..\obj\printf.o
                                0x5fc (size before relaxing)
 .debug_str     0x00002ade       0xd5 ..\obj\watchdog.o
                                0x1d7 (size before relaxing)
 .debug_str     0x00002bb3      0xa38 ..\obj\tasks.o
                                0xb93 (size before relaxing)
 .debug_str     0x000035eb      0x35d ..\obj\fram_i2c.o
                                0x525 (size before relaxing)
 .debug_str     0x00003948      0x1a6 ..\obj\stm32f4xx_gpio.o
                                0x40e (size before relaxing)
 .debug_str     0x00003aee      0x7e5 ..\obj\porttimer.o
                                0xeb5 (size before relaxing)
 .debug_str     0x000042d3      0x121 ..\obj\mbrtu.o
                                0x557 (size before relaxing)
 .debug_str     0x000043f4       0xe8 ..\obj\list.o
                                0x231 (size before relaxing)
 .debug_str     0x000044dc       0xb6 ..\obj\system_stm32f4xx.o
                                0x309 (size before relaxing)
 .debug_str     0x00004592      0x158 ..\obj\syscalls.o
                                0x27c (size before relaxing)
 .debug_str     0x000046ea      0x263 ..\obj\port.o
                                0x360 (size before relaxing)
 .debug_str     0x0000494d      0x353 ..\obj\queue.o
                                0x576 (size before relaxing)
 .debug_str     0x00004ca0      0x1b3 ..\obj\portserial.o
                               0x1078 (size before relaxing)
 .debug_str     0x00004e53      0x28c ..\obj\croutine.o
                                0x455 (size before relaxing)
 .debug_str     0x000050df      0x3b4 ..\obj\stm32f4xx_spi.o
                                0x5f5 (size before relaxing)
 .debug_str     0x00005493       0xd6 ..\obj\mbfunccoils.o
                                0x34b (size before relaxing)
 .debug_str     0x00005569      0x2a5 ..\obj\event_groups.o
                                0x452 (size before relaxing)
 .debug_str     0x0000580e      0x17a ..\obj\ADS1220.o
                                0x6c0 (size before relaxing)
 .debug_str     0x00005988      0x345 ..\obj\stm32f4xx_i2c.o
                                0x5d0 (size before relaxing)
 .debug_str     0x00005ccd      0x17f ..\obj\frequency.o
                                0xce2 (size before relaxing)
 .debug_str     0x00005e4c      0x1db ..\obj\stm32f4xx_exti.o
                                0x2d9 (size before relaxing)
 .debug_str     0x00006027      0x137 ..\obj\misc.o
                                0x344 (size before relaxing)
 .debug_str     0x0000615e      0x8b1 ..\obj\stm32f4xx_rtc.o
                                0xabe (size before relaxing)
 .debug_str     0x00006a0f       0x58 ..\obj\mbascii.o
                                0x102 (size before relaxing)
 .debug_str     0x00006a67      0x19b ..\obj\heap_2.o
                                0x284 (size before relaxing)
 .debug_str     0x00006c02       0x7c ..\obj\controller.o
                                0x20e (size before relaxing)
 .debug_str     0x00006c7e      0xa3a ..\obj\stm32f4xx_tim.o
                                0xd3b (size before relaxing)
 .debug_str     0x000076b8       0xa3 ..\obj\power_detector.o
                                0x838 (size before relaxing)

.comment        0x00000000       0x2a
 .comment       0x00000000       0x2a ..\obj\stm32f4xx_syscfg.o
                                 0x2b (size before relaxing)
 .comment       0x00000000       0x2b ..\obj\mbport.o
 .comment       0x00000000       0x2b ..\obj\mb.o
 .comment       0x00000000       0x2b ..\obj\protocol.o
 .comment       0x00000000       0x2b ..\obj\mbfuncdisc.o
 .comment       0x00000000       0x2b ..\obj\core_cm3.o
 .comment       0x00000000       0x2b ..\obj\portevent.o
 .comment       0x00000000       0x2b ..\obj\mbfuncother.o
 .comment       0x00000000       0x2b ..\obj\stm32f4xx_usart.o
 .comment       0x00000000       0x2b ..\obj\stm32f4xx_pwr.o
 .comment       0x00000000       0x2b ..\obj\rtc.o
 .comment       0x00000000       0x2b ..\obj\mbutils.o
 .comment       0x00000000       0x2b ..\obj\startup_stm32f4xx.o
 .comment       0x00000000       0x2b ..\obj\stm32f4xx_iwdg.o
 .comment       0x00000000       0x2b ..\obj\mbfuncholding.o
 .comment       0x00000000       0x2b ..\obj\main.o
 .comment       0x00000000       0x2b ..\obj\mbcrc.o
 .comment       0x00000000       0x2b ..\obj\stm32f4xx_rcc.o
 .comment       0x00000000       0x2b ..\obj\mbfuncfile.o
 .comment       0x00000000       0x2b ..\obj\timers.o
 .comment       0x00000000       0x2b ..\obj\log.o
 .comment       0x00000000       0x2b ..\obj\mbfuncinput.o
 .comment       0x00000000       0x2b ..\obj\printf.o
 .comment       0x00000000       0x2b ..\obj\watchdog.o
 .comment       0x00000000       0x2b ..\obj\mbfuncdiag.o
 .comment       0x00000000       0x2b ..\obj\tasks.o
 .comment       0x00000000       0x2b ..\obj\fram_i2c.o
 .comment       0x00000000       0x2b ..\obj\stm32f4xx_gpio.o
 .comment       0x00000000       0x2b ..\obj\porttimer.o
 .comment       0x00000000       0x2b ..\obj\mbrtu.o
 .comment       0x00000000       0x2b ..\obj\list.o
 .comment       0x00000000       0x2b ..\obj\system_stm32f4xx.o
 .comment       0x00000000       0x2b ..\obj\syscalls.o
 .comment       0x00000000       0x2b ..\obj\port.o
 .comment       0x00000000       0x2b ..\obj\queue.o
 .comment       0x00000000       0x2b ..\obj\portserial.o
 .comment       0x00000000       0x2b ..\obj\croutine.o
 .comment       0x00000000       0x2b ..\obj\stm32f4xx_spi.o
 .comment       0x00000000       0x2b ..\obj\mbfunccoils.o
 .comment       0x00000000       0x2b ..\obj\event_groups.o
 .comment       0x00000000       0x2b ..\obj\ADS1220.o
 .comment       0x00000000       0x2b ..\obj\stm32f4xx_i2c.o
 .comment       0x00000000       0x2b ..\obj\frequency.o
 .comment       0x00000000       0x2b ..\obj\stm32f4xx_exti.o
 .comment       0x00000000       0x2b ..\obj\misc.o
 .comment       0x00000000       0x2b ..\obj\stm32f4xx_rtc.o
 .comment       0x00000000       0x2b ..\obj\mbascii.o
 .comment       0x00000000       0x2b ..\obj\heap_2.o
 .comment       0x00000000       0x2b ..\obj\controller.o
 .comment       0x00000000       0x2b ..\obj\stm32f4xx_tim.o
 .comment       0x00000000       0x2b ..\obj\power_detector.o

.ARM.attributes
                0x00000000       0x31
 .ARM.attributes
                0x00000000       0x31 ..\obj\stm32f4xx_syscfg.o
 .ARM.attributes
                0x00000031       0x31 ..\obj\mbport.o
 .ARM.attributes
                0x00000062       0x31 ..\obj\mb.o
 .ARM.attributes
                0x00000093       0x31 ..\obj\protocol.o
 .ARM.attributes
                0x000000c4       0x31 ..\obj\mbfuncdisc.o
 .ARM.attributes
                0x000000f5       0x31 ..\obj\core_cm3.o
 .ARM.attributes
                0x00000126       0x31 ..\obj\portevent.o
 .ARM.attributes
                0x00000157       0x31 ..\obj\mbfuncother.o
 .ARM.attributes
                0x00000188       0x31 ..\obj\stm32f4xx_usart.o
 .ARM.attributes
                0x000001b9       0x31 ..\obj\stm32f4xx_pwr.o
 .ARM.attributes
                0x000001ea       0x31 ..\obj\rtc.o
 .ARM.attributes
                0x0000021b       0x31 ..\obj\mbutils.o
 .ARM.attributes
                0x0000024c       0x31 ..\obj\startup_stm32f4xx.o
 .ARM.attributes
                0x0000027d       0x31 ..\obj\stm32f4xx_iwdg.o
 .ARM.attributes
                0x000002ae       0x31 ..\obj\mbfuncholding.o
 .ARM.attributes
                0x000002df       0x31 ..\obj\main.o
 .ARM.attributes
                0x00000310       0x31 ..\obj\mbcrc.o
 .ARM.attributes
                0x00000341       0x31 ..\obj\stm32f4xx_rcc.o
 .ARM.attributes
                0x00000372       0x31 ..\obj\mbfuncfile.o
 .ARM.attributes
                0x000003a3       0x31 ..\obj\timers.o
 .ARM.attributes
                0x000003d4       0x31 ..\obj\log.o
 .ARM.attributes
                0x00000405       0x31 ..\obj\mbfuncinput.o
 .ARM.attributes
                0x00000436       0x31 ..\obj\printf.o
 .ARM.attributes
                0x00000467       0x31 ..\obj\watchdog.o
 .ARM.attributes
                0x00000498       0x31 ..\obj\mbfuncdiag.o
 .ARM.attributes
                0x000004c9       0x31 ..\obj\tasks.o
 .ARM.attributes
                0x000004fa       0x31 ..\obj\fram_i2c.o
 .ARM.attributes
                0x0000052b       0x31 ..\obj\stm32f4xx_gpio.o
 .ARM.attributes
                0x0000055c       0x31 ..\obj\porttimer.o
 .ARM.attributes
                0x0000058d       0x31 ..\obj\mbrtu.o
 .ARM.attributes
                0x000005be       0x31 ..\obj\list.o
 .ARM.attributes
                0x000005ef       0x31 ..\obj\system_stm32f4xx.o
 .ARM.attributes
                0x00000620       0x31 ..\obj\syscalls.o
 .ARM.attributes
                0x00000651       0x31 ..\obj\port.o
 .ARM.attributes
                0x00000682       0x31 ..\obj\queue.o
 .ARM.attributes
                0x000006b3       0x31 ..\obj\portserial.o
 .ARM.attributes
                0x000006e4       0x31 ..\obj\croutine.o
 .ARM.attributes
                0x00000715       0x31 ..\obj\stm32f4xx_spi.o
 .ARM.attributes
                0x00000746       0x31 ..\obj\mbfunccoils.o
 .ARM.attributes
                0x00000777       0x31 ..\obj\event_groups.o
 .ARM.attributes
                0x000007a8       0x31 ..\obj\ADS1220.o
 .ARM.attributes
                0x000007d9       0x31 ..\obj\stm32f4xx_i2c.o
 .ARM.attributes
                0x0000080a       0x31 ..\obj\frequency.o
 .ARM.attributes
                0x0000083b       0x31 ..\obj\stm32f4xx_exti.o
 .ARM.attributes
                0x0000086c       0x31 ..\obj\misc.o
 .ARM.attributes
                0x0000089d       0x31 ..\obj\stm32f4xx_rtc.o
 .ARM.attributes
                0x000008ce       0x31 ..\obj\mbascii.o
 .ARM.attributes
                0x000008ff       0x31 ..\obj\heap_2.o
 .ARM.attributes
                0x00000930       0x31 ..\obj\controller.o
 .ARM.attributes
                0x00000961       0x31 ..\obj\stm32f4xx_tim.o
 .ARM.attributes
                0x00000992       0x31 ..\obj\power_detector.o
 .ARM.attributes
                0x000009c3       0x1b c:/coocox/coide/gcc/sourcery g++ lite/bin/../lib/gcc/arm-none-eabi/4.5.1/thumb2\libgcc.a(_arm_addsubdf3.o)
 .ARM.attributes
                0x000009de       0x1b c:/coocox/coide/gcc/sourcery g++ lite/bin/../lib/gcc/arm-none-eabi/4.5.1/thumb2\libgcc.a(_arm_muldivdf3.o)
 .ARM.attributes
                0x000009f9       0x1b c:/coocox/coide/gcc/sourcery g++ lite/bin/../lib/gcc/arm-none-eabi/4.5.1/thumb2\libgcc.a(_arm_truncdfsf2.o)
 .ARM.attributes
                0x00000a14       0x1b c:/coocox/coide/gcc/sourcery g++ lite/bin/../lib/gcc/arm-none-eabi/4.5.1/thumb2\libgcc.a(_arm_addsubsf3.o)
 .ARM.attributes
                0x00000a2f       0x1b c:/coocox/coide/gcc/sourcery g++ lite/bin/../lib/gcc/arm-none-eabi/4.5.1/thumb2\libgcc.a(_arm_muldivsf3.o)
 .ARM.attributes
                0x00000a4a       0x29 c:/coocox/coide/gcc/sourcery g++ lite/bin/../lib/gcc/arm-none-eabi/4.5.1/../../../../arm-none-eabi/lib/thumb2\libc.a(lib_a-memcmp.o)
 .ARM.attributes
                0x00000a73       0x29 c:/coocox/coide/gcc/sourcery g++ lite/bin/../lib/gcc/arm-none-eabi/4.5.1/../../../../arm-none-eabi/lib/thumb2\libc.a(lib_a-memcpy.o)
 .ARM.attributes
                0x00000a9c       0x29 c:/coocox/coide/gcc/sourcery g++ lite/bin/../lib/gcc/arm-none-eabi/4.5.1/../../../../arm-none-eabi/lib/thumb2\libc.a(lib_a-memset.o)

.debug_frame    0x00000000     0x4708
 .debug_frame   0x00000000       0xbc ..\obj\stm32f4xx_syscfg.o
 .debug_frame   0x000000bc       0xd8 ..\obj\mbport.o
 .debug_frame   0x00000194       0xd4 ..\obj\mb.o
 .debug_frame   0x00000268       0x70 ..\obj\protocol.o
 .debug_frame   0x000002d8       0x30 ..\obj\mbfuncdisc.o
 .debug_frame   0x00000308      0x280 ..\obj\core_cm3.o
 .debug_frame   0x00000588       0x64 ..\obj\portevent.o
 .debug_frame   0x000005ec       0x50 ..\obj\mbfuncother.o
 .debug_frame   0x0000063c      0x344 ..\obj\stm32f4xx_usart.o
 .debug_frame   0x00000980      0x15c ..\obj\stm32f4xx_pwr.o
 .debug_frame   0x00000adc       0x30 ..\obj\rtc.o
 .debug_frame   0x00000b0c       0x68 ..\obj\mbutils.o
 .debug_frame   0x00000b74       0x48 ..\obj\startup_stm32f4xx.o
 .debug_frame   0x00000bbc       0xb0 ..\obj\stm32f4xx_iwdg.o
 .debug_frame   0x00000c6c       0x90 ..\obj\mbfuncholding.o
 .debug_frame   0x00000cfc       0x9c ..\obj\main.o
 .debug_frame   0x00000d98       0x2c ..\obj\mbcrc.o
 .debug_frame   0x00000dc4      0x4d8 ..\obj\stm32f4xx_rcc.o
 .debug_frame   0x0000129c       0x30 ..\obj\mbfuncfile.o
 .debug_frame   0x000012cc       0x94 ..\obj\log.o
 .debug_frame   0x00001360       0x30 ..\obj\mbfuncinput.o
 .debug_frame   0x00001390      0x244 ..\obj\printf.o
 .debug_frame   0x000015d4       0x88 ..\obj\watchdog.o
 .debug_frame   0x0000165c      0x53c ..\obj\tasks.o
 .debug_frame   0x00001b98       0xd0 ..\obj\fram_i2c.o
 .debug_frame   0x00001c68      0x19c ..\obj\stm32f4xx_gpio.o
 .debug_frame   0x00001e04      0x138 ..\obj\porttimer.o
 .debug_frame   0x00001f3c      0x110 ..\obj\mbrtu.o
 .debug_frame   0x0000204c       0x9c ..\obj\list.o
 .debug_frame   0x000020e8       0x64 ..\obj\system_stm32f4xx.o
 .debug_frame   0x0000214c      0x108 ..\obj\syscalls.o
 .debug_frame   0x00002254      0x178 ..\obj\port.o
 .debug_frame   0x000023cc      0x290 ..\obj\queue.o
 .debug_frame   0x0000265c      0x1a4 ..\obj\portserial.o
 .debug_frame   0x00002800       0xf0 ..\obj\croutine.o
 .debug_frame   0x000028f0      0x2d0 ..\obj\stm32f4xx_spi.o
 .debug_frame   0x00002bc0       0x70 ..\obj\mbfunccoils.o
 .debug_frame   0x00002c30      0x14c ..\obj\event_groups.o
 .debug_frame   0x00002d7c      0x12c ..\obj\ADS1220.o
 .debug_frame   0x00002ea8      0x3b4 ..\obj\stm32f4xx_i2c.o
 .debug_frame   0x0000325c       0xa8 ..\obj\frequency.o
 .debug_frame   0x00003304       0xec ..\obj\stm32f4xx_exti.o
 .debug_frame   0x000033f0       0x9c ..\obj\misc.o
 .debug_frame   0x0000348c      0x670 ..\obj\stm32f4xx_rtc.o
 .debug_frame   0x00003afc       0x9c ..\obj\heap_2.o
 .debug_frame   0x00003b98       0x48 ..\obj\controller.o
 .debug_frame   0x00003be0      0xa3c ..\obj\stm32f4xx_tim.o
 .debug_frame   0x0000461c       0x64 ..\obj\power_detector.o
 .debug_frame   0x00004680       0x2c c:/coocox/coide/gcc/sourcery g++ lite/bin/../lib/gcc/arm-none-eabi/4.5.1/../../../../arm-none-eabi/lib/thumb2\libc.a(lib_a-memcmp.o)
 .debug_frame   0x000046ac       0x30 c:/coocox/coide/gcc/sourcery g++ lite/bin/../lib/gcc/arm-none-eabi/4.5.1/../../../../arm-none-eabi/lib/thumb2\libc.a(lib_a-memcpy.o)
 .debug_frame   0x000046dc       0x2c c:/coocox/coide/gcc/sourcery g++ lite/bin/../lib/gcc/arm-none-eabi/4.5.1/../../../../arm-none-eabi/lib/thumb2\libc.a(lib_a-memset.o)
