Archive member included because of file (symbol)

c:/stm32/arm_eabi/bin/../lib/gcc/arm-none-eabi/4.7.2/thumb2\libgcc.a(_arm_addsubdf3.o)
                              ..\obj\ADS1220.o (__aeabi_dadd)
c:/stm32/arm_eabi/bin/../lib/gcc/arm-none-eabi/4.7.2/thumb2\libgcc.a(_arm_muldivdf3.o)
                              ..\obj\ADS1220.o (__aeabi_dmul)
c:/stm32/arm_eabi/bin/../lib/gcc/arm-none-eabi/4.7.2/thumb2\libgcc.a(_arm_truncdfsf2.o)
                              ..\obj\ADS1220.o (__aeabi_d2f)
c:/stm32/arm_eabi/bin/../lib/gcc/arm-none-eabi/4.7.2/thumb2\libgcc.a(_arm_addsubsf3.o)
                              ..\obj\ADS1220.o (__aeabi_ui2f)
c:/stm32/arm_eabi/bin/../lib/gcc/arm-none-eabi/4.7.2/thumb2\libgcc.a(_arm_muldivsf3.o)
                              ..\obj\frequency.o (__aeabi_fmul)
c:/stm32/arm_eabi/bin/../lib/gcc/arm-none-eabi/4.7.2/../../../../arm-none-eabi/lib/thumb2\libc.a(lib_a-memcmp.o)
                              ..\obj\tasks.o (memcmp)
c:/stm32/arm_eabi/bin/../lib/gcc/arm-none-eabi/4.7.2/../../../../arm-none-eabi/lib/thumb2\libc.a(lib_a-memcpy.o)
                              ..\obj\mbfuncother.o (memcpy)
c:/stm32/arm_eabi/bin/../lib/gcc/arm-none-eabi/4.7.2/../../../../arm-none-eabi/lib/thumb2\libc.a(lib_a-memset.o)
                              ..\obj\tasks.o (memset)

Allocating common symbols
Common symbol       size              file

log_buf             0x80              ..\obj\log.o
stContext_RS232     0x174             ..\obj\protocol.o
stContext_RS485     0x174             ..\obj\protocol.o
stSettings          0x4               ..\obj\controller.o
xMeasureDataMutex   0x4               ..\obj\controller.o
xI2CBusMutex        0x4               ..\obj\fram_i2c.o
xFrequencySemaphore
                    0x8               ..\obj\frequency.o
xADC_SPI_Mutex      0x4               ..\obj\ADS1220.o
stMeasureData       0x40              ..\obj\controller.o
xSettingsMutex      0x4               ..\obj\controller.o
task_watches        0x50              ..\obj\watchdog.o

Discarded input sections

 .text          0x00000000        0x0 ..\obj\stm32f4xx_syscfg.o
 .data          0x00000000        0x0 ..\obj\stm32f4xx_syscfg.o
 .bss           0x00000000        0x0 ..\obj\stm32f4xx_syscfg.o
 .debug_abbrev  0x00000000      0x12a ..\obj\stm32f4xx_syscfg.o
 .debug_info    0x00000000      0x27a ..\obj\stm32f4xx_syscfg.o
 .debug_line    0x00000000      0x202 ..\obj\stm32f4xx_syscfg.o
 .text.SYSCFG_DeInit
                0x00000000       0x20 ..\obj\stm32f4xx_syscfg.o
 .text.SYSCFG_MemoryRemapConfig
                0x00000000       0x20 ..\obj\stm32f4xx_syscfg.o
 .text.SYSCFG_EXTILineConfig
                0x00000000       0xb4 ..\obj\stm32f4xx_syscfg.o
 .text.SYSCFG_ETH_MediaInterfaceConfig
                0x00000000       0x20 ..\obj\stm32f4xx_syscfg.o
 .text.SYSCFG_CompensationCellCmd
                0x00000000       0x20 ..\obj\stm32f4xx_syscfg.o
 .text.SYSCFG_GetCompensationCellStatus
                0x00000000       0x3c ..\obj\stm32f4xx_syscfg.o
 .debug_loc     0x00000000      0x144 ..\obj\stm32f4xx_syscfg.o
 .debug_pubnames
                0x00000000       0xc3 ..\obj\stm32f4xx_syscfg.o
 .debug_pubtypes
                0x00000000       0x6d ..\obj\stm32f4xx_syscfg.o
 .debug_aranges
                0x00000000       0x48 ..\obj\stm32f4xx_syscfg.o
 .debug_ranges  0x00000000       0x38 ..\obj\stm32f4xx_syscfg.o
 .debug_str     0x00000000      0x26a ..\obj\stm32f4xx_syscfg.o
 .comment       0x00000000       0x2b ..\obj\stm32f4xx_syscfg.o
 .ARM.attributes
                0x00000000       0x31 ..\obj\stm32f4xx_syscfg.o
 .debug_frame   0x00000000       0xbc ..\obj\stm32f4xx_syscfg.o
 .text          0x00000000        0x0 ..\obj\mbport.o
 .bss           0x00000000        0x0 ..\obj\mbport.o
 .text          0x00000000        0x0 ..\obj\mb.o
 .bss           0x00000000        0x0 ..\obj\mb.o
 .text.eMBRegisterCB
                0x00000000      0x114 ..\obj\mb.o
 .text.eMBClose
                0x00000000       0x3c ..\obj\mb.o
 .text.eMBDisable
                0x00000000       0x60 ..\obj\mb.o
 .text          0x00000000        0x0 ..\obj\protocol.o
 .data          0x00000000        0x0 ..\obj\protocol.o
 .bss           0x00000000        0x4 ..\obj\protocol.o
 .text          0x00000000        0x0 ..\obj\mbfuncdisc.o
 .data          0x00000000        0x0 ..\obj\mbfuncdisc.o
 .bss           0x00000000        0x0 ..\obj\mbfuncdisc.o
 .text          0x00000000        0x0 ..\obj\core_cm3.o
 .data          0x00000000        0x0 ..\obj\core_cm3.o
 .bss           0x00000000        0x0 ..\obj\core_cm3.o
 .debug_abbrev  0x00000000       0xd5 ..\obj\core_cm3.o
 .debug_info    0x00000000      0x548 ..\obj\core_cm3.o
 .debug_line    0x00000000      0x28e ..\obj\core_cm3.o
 .text.__get_PSP
                0x00000000       0x10 ..\obj\core_cm3.o
 .text.__set_PSP
                0x00000000        0x8 ..\obj\core_cm3.o
 .text.__get_MSP
                0x00000000       0x10 ..\obj\core_cm3.o
 .text.__set_MSP
[...]
Memory Configuration

Name             Origin             Length             Attributes
rom              0x08000000         0x00100000         xr
ram              0x20000000         0x00020000         xrw
ram1             0x10000000         0x00010000         xrw
*default*        0x00000000         0xffffffff

Linker script and memory map

                0x20020000                _eram = 0x20020000

.text           0x08000000     0xa844
 *(.isr_vector)
 .isr_vector    0x08000000      0x188 ..\obj\startup_stm32f4xx.o
                0x08000000                g_pfnVectors
 *(.text*)
 .text.ENTER_CRITICAL_SECTION
                0x08000188        0xc ..\obj\mbport.o
                0x08000188                ENTER_CRITICAL_SECTION
 .text.EXIT_CRITICAL_SECTION
                0x08000194        0xc ..\obj\mbport.o
                0x08000194                EXIT_CRITICAL_SECTION
 .text.eMBRegInputCB
                0x080001a0      0x1bc ..\obj\mbport.o
                0x080001a0                eMBRegInputCB
 .text.eMBRegHoldingCB
                0x0800035c      0x534 ..\obj\mbport.o
                0x0800035c                eMBRegHoldingCB
 .text.eMBRegCoilsCB
                0x08000890       0x20 ..\obj\mbport.o
                0x08000890                eMBRegCoilsCB
 .text.eMBRegDiscreteCB
                0x080008b0       0x20 ..\obj\mbport.o
                0x080008b0                eMBRegDiscreteCB
 .text.eMBFileCB
                0x080008d0      0x16c ..\obj\mbport.o
                0x080008d0                eMBFileCB
 .text.eMBInit  0x08000a3c      0x110 ..\obj\mb.o
                0x08000a3c                eMBInit
 .text.eMBEnable
                0x08000b4c       0x50 ..\obj\mb.o
                0x08000b4c                eMBEnable
 .text.eMBPoll  0x08000b9c      0x1c0 ..\obj\mb.o
                0x08000b9c                eMBPoll
 .text.Protocol_Init
                0x08000d5c       0xd4 ..\obj\protocol.o
                0x08000d5c                Protocol_Init
 .text.Modbus_RS485_Task
                0x08000e30       0x38 ..\obj\protocol.o
 .text.Modbus_RS232_Task
                0x08000e68       0x38 ..\obj\protocol.o
 .text.eMBFuncReadDiscreteInputs
                0x08000ea0      0x130 ..\obj\mbfuncdisc.o
                0x08000ea0                eMBFuncReadDiscreteInputs
 .text.xMBPortEventInit
                0x08000fd0       0x20 ..\obj\portevent.o
                0x08000fd0                xMBPortEventInit
 .text.xMBPortEventPost
                0x08000ff0       0x2c ..\obj\portevent.o
                0x08000ff0                xMBPortEventPost
 .text.xMBPortEventGet
                0x0800101c       0x3c ..\obj\portevent.o
                0x0800101c                xMBPortEventGet
 .text.eMBFuncReportSlaveID
                0x08001058       0x4c ..\obj\mbfuncother.o
                0x08001058                eMBFuncReportSlaveID
 .text.USART_Init
                0x080010a4      0x1bc ..\obj\stm32f4xx_usart.o
                0x080010a4                USART_Init
 .text.USART_Cmd
                0x08001260       0x40 ..\obj\stm32f4xx_usart.o
                0x08001260                USART_Cmd
 .text.USART_SendData
                0x080012a0       0x28 ..\obj\stm32f4xx_usart.o
                0x080012a0                USART_SendData
 .text.USART_ReceiveData
                0x080012c8       0x24 ..\obj\stm32f4xx_usart.o
                0x080012c8                USART_ReceiveData
 .text.USART_ITConfig
                0x080012ec       0xa8 ..\obj\stm32f4xx_usart.o
                0x080012ec                USART_ITConfig
 .text.USART_GetFlagStatus
                0x08001394       0x40 ..\obj\stm32f4xx_usart.o
                0x08001394                USART_GetFlagStatus
 .text.USART_ClearFlag
                0x080013d4       0x24 ..\obj\stm32f4xx_usart.o
                0x080013d4                USART_ClearFlag
 .text.USART_GetITStatus
                0x080013f8       0xcc ..\obj\stm32f4xx_usart.o
                0x080013f8                USART_GetITStatus
 .text.PWR_BackupAccessCmd
                0x080014c4       0x20 ..\obj\stm32f4xx_pwr.o
                0x080014c4                PWR_BackupAccessCmd
 .text.RTC_Clock_Init
                0x080014e4       0x94 ..\obj\rtc.o
                0x080014e4                RTC_Clock_Init
 .text.prveMBError2Exception
                0x08001578       0x48 ..\obj\mbutils.o
                0x08001578                prveMBError2Exception
 .text.Default_Reset_Handler
                0x080015c0       0x68 ..\obj\startup_stm32f4xx.o
                0x080015c0                Default_Reset_Handler
                0x080015c0                Reset_Handler
 .text.Default_Handler
                0x08001628        0x8 ..\obj\startup_stm32f4xx.o
                0x08001628                RTC_Alarm_IRQHandler
                0x08001628                HASH_RNG_IRQHandler
                0x08001628                EXTI2_IRQHandler
                0x08001628                TIM8_CC_IRQHandler
                0x08001628                DebugMon_Handler
                0x08001628                TIM1_CC_IRQHandler
                0x08001628                DMA2_Stream5_IRQHandler
                0x08001628                HardFault_Handler
                0x08001628                DMA1_Stream5_IRQHandler
                0x08001628                SDIO_IRQHandler
                0x08001628                TAMP_STAMP_IRQHandler
                0x08001628                NMI_Handler
                0x08001628                CAN2_RX1_IRQHandler
                0x08001628                EXTI3_IRQHandler
                0x08001628                TIM8_TRG_COM_TIM14_IRQHandler
                0x08001628                TIM1_UP_TIM10_IRQHandler
                0x08001628                TIM8_UP_TIM13_IRQHandler
                0x08001628                I2C3_ER_IRQHandler
                0x08001628                EXTI0_IRQHandler
                0x08001628                I2C2_EV_IRQHandler
                0x08001628                DMA1_Stream2_IRQHandler
                0x08001628                CAN1_RX0_IRQHandler
                0x08001628                FPU_IRQHandler
                0x08001628                OTG_HS_WKUP_IRQHandler
                0x08001628                UsageFault_Handler
                0x08001628                CAN2_SCE_IRQHandler
                0x08001628                DMA2_Stream2_IRQHandler
                0x08001628                SPI1_IRQHandler
                0x08001628                TIM6_DAC_IRQHandler
                0x08001628                TIM1_BRK_TIM9_IRQHandler
                0x08001628                DCMI_IRQHandler
                0x08001628                CAN2_RX0_IRQHandler
                0x08001628                DMA2_Stream3_IRQHandler
                0x08001628                CRYP_IRQHandler
                0x08001628                CAN1_RX1_IRQHandler
                0x08001628                UART5_IRQHandler
                0x08001628                DMA2_Stream0_IRQHandler
                0x08001628                I2C1_EV_IRQHandler
                0x08001628                DMA1_Stream6_IRQHandler
                0x08001628                DMA1_Stream1_IRQHandler
                0x08001628                UART4_IRQHandler
                0x08001628                TIM3_IRQHandler
                0x08001628                RCC_IRQHandler
                0x08001628                TIM8_BRK_TIM12_IRQHandler
                0x08001628                EXTI15_10_IRQHandler
                0x08001628                ADC_IRQHandler
                0x08001628                DMA1_Stream7_IRQHandler
                0x08001628                TIM7_IRQHandler
                0x08001628                CAN2_TX_IRQHandler
                0x08001628                DMA2_Stream7_IRQHandler
                0x08001628                I2C3_EV_IRQHandler
                0x08001628                EXTI9_5_IRQHandler
                0x08001628                RTC_WKUP_IRQHandler
                0x08001628                ETH_WKUP_IRQHandler
                0x08001628                SPI2_IRQHandler
                0x08001628                OTG_HS_EP1_IN_IRQHandler
                0x08001628                MemManage_Handler
                0x08001628                DMA1_Stream0_IRQHandler
                0x08001628                CAN1_TX_IRQHandler
                0x08001628                EXTI4_IRQHandler
                0x08001628                FSMC_IRQHandler
                0x08001628                ETH_IRQHandler
                0x08001628                OTG_HS_EP1_OUT_IRQHandler
                0x08001628                WWDG_IRQHandler
                0x08001628                OTG_FS_WKUP_IRQHandler
                0x08001628                TIM1_TRG_COM_TIM11_IRQHandler
                0x08001628                OTG_HS_IRQHandler
                0x08001628                EXTI1_IRQHandler
                0x08001628                USART2_IRQHandler
                0x08001628                I2C2_ER_IRQHandler
                0x08001628                DMA2_Stream1_IRQHandler
                0x08001628                CAN1_SCE_IRQHandler
                0x08001628                FLASH_IRQHandler
                0x08001628                DMA2_Stream4_IRQHandler
                0x08001628                BusFault_Handler
                0x08001628                USART1_IRQHandler
                0x08001628                OTG_FS_IRQHandler
                0x08001628                SPI3_IRQHandler
                0x08001628                DMA1_Stream4_IRQHandler
                0x08001628                I2C1_ER_IRQHandler
                0x08001628                DMA2_Stream6_IRQHandler
                0x08001628                DMA1_Stream3_IRQHandler
 .text.eMBFuncWriteHoldingRegister
                0x08001630       0x84 ..\obj\mbfuncholding.o
                0x08001630                eMBFuncWriteHoldingRegister
 .text.eMBFuncWriteMultipleHoldingRegister
                0x080016b4       0xdc ..\obj\mbfuncholding.o
                0x080016b4                eMBFuncWriteMultipleHoldingRegister
 .text.eMBFuncReadHoldingRegister
                0x08001790      0x10c ..\obj\mbfuncholding.o
                0x08001790                eMBFuncReadHoldingRegister
 .text.eMBFuncReadWriteMultipleHoldingRegister
                0x0800189c      0x1a0 ..\obj\mbfuncholding.o
                0x0800189c                eMBFuncReadWriteMultipleHoldingRegister
 .text.main     0x08001a3c       0x14 ..\obj\main.o
                0x08001a3c                main
 .text.vApplicationMallocFailedHook
                0x08001a50        0x8 ..\obj\main.o
                0x08001a50                vApplicationMallocFailedHook
 .text.vApplicationStackOverflowHook
                0x08001a58        0xc ..\obj\main.o
                0x08001a58                vApplicationStackOverflowHook
 .text.vApplicationIdleHook
                0x08001a64       0x18 ..\obj\main.o
                0x08001a64                vApplicationIdleHook
 .text.usMBCRC16
                0x08001a7c       0x90 ..\obj\mbcrc.o
                0x08001a7c                usMBCRC16
 .text.RCC_LSEConfig
                0x08001b0c       0x5c ..\obj\stm32f4xx_rcc.o
                0x08001b0c                RCC_LSEConfig
 .text.RCC_GetClocksFreq
                0x08001b68      0x1d4 ..\obj\stm32f4xx_rcc.o
                0x08001b68                RCC_GetClocksFreq
 .text.RCC_RTCCLKConfig
                0x08001d3c       0x7c ..\obj\stm32f4xx_rcc.o
                0x08001d3c                RCC_RTCCLKConfig
 .text.RCC_RTCCLKCmd
                0x08001db8       0x20 ..\obj\stm32f4xx_rcc.o
                0x08001db8                RCC_RTCCLKCmd
 .text.RCC_AHB1PeriphClockCmd
                0x08001dd8       0x5c ..\obj\stm32f4xx_rcc.o
                0x08001dd8                RCC_AHB1PeriphClockCmd
 .text.RCC_APB1PeriphClockCmd
                0x08001e34       0x5c ..\obj\stm32f4xx_rcc.o
                0x08001e34                RCC_APB1PeriphClockCmd
 .text.RCC_APB2PeriphClockCmd
                0x08001e90       0x5c ..\obj\stm32f4xx_rcc.o
                0x08001e90                RCC_APB2PeriphClockCmd
 .text.RCC_APB1PeriphResetCmd
                0x08001eec       0x5c ..\obj\stm32f4xx_rcc.o
                0x08001eec                RCC_APB1PeriphResetCmd
 .text.RCC_GetFlagStatus
                0x08001f48       0x90 ..\obj\stm32f4xx_rcc.o
                0x08001f48                RCC_GetFlagStatus
 .text.eMBFuncReadFile
                0x08001fd8      0x260 ..\obj\mbfuncfile.o
                0x08001fd8                eMBFuncReadFile
 .text.Log_Read_LogEntry
                0x08002238       0x58 ..\obj\log.o
                0x08002238                Log_Read_LogEntry
 .text.eMBFuncReadInputRegister
                0x08002290      0x110 ..\obj\mbfuncinput.o
                0x08002290                eMBFuncReadInputRegister
 .text.Watchdog_SetTaskStatus
                0x080023a0       0x30 ..\obj\watchdog.o
                0x080023a0                Watchdog_SetTaskStatus
 .text.Watchdog_IncrementCouter
                0x080023d0       0x30 ..\obj\watchdog.o
                0x080023d0                Watchdog_IncrementCouter
 .text.xTaskGenericCreate
                0x08002400      0x1b8 ..\obj\tasks.o
                0x08002400                xTaskGenericCreate
 .text.vTaskDelay
                0x080025b8       0xa4 ..\obj\tasks.o
                0x080025b8                vTaskDelay
 .text.vTaskStartScheduler
                0x0800265c       0x7c ..\obj\tasks.o
                0x0800265c                vTaskStartScheduler
 .text.vTaskSuspendAll
                0x080026d8       0x24 ..\obj\tasks.o
                0x080026d8                vTaskSuspendAll
 .text.xTaskResumeAll
                0x080026fc      0x178 ..\obj\tasks.o
                0x080026fc                xTaskResumeAll
 .text.xTaskIncrementTick
                0x08002874      0x204 ..\obj\tasks.o
                0x08002874                xTaskIncrementTick
 .text.vTaskSwitchContext
                0x08002a78      0x14c ..\obj\tasks.o
                0x08002a78                vTaskSwitchContext
 .text.vTaskPlaceOnEventList
                0x08002bc4       0xb8 ..\obj\tasks.o
                0x08002bc4                vTaskPlaceOnEventList
 .text.xTaskRemoveFromEventList
                0x08002c7c       0xe0 ..\obj\tasks.o
                0x08002c7c                xTaskRemoveFromEventList
 .text.vTaskSetTimeOutState
                0x08002d5c       0x38 ..\obj\tasks.o
                0x08002d5c                vTaskSetTimeOutState
 .text.xTaskCheckForTimeOut
                0x08002d94       0xb0 ..\obj\tasks.o
                0x08002d94                xTaskCheckForTimeOut
 .text.vTaskMissedYield
                0x08002e44       0x18 ..\obj\tasks.o
                0x08002e44                vTaskMissedYield
 .text.prvIdleTask
                0x08002e5c       0x24 ..\obj\tasks.o
 .text.prvInitialiseTCBVariables
                0x08002e80       0xbc ..\obj\tasks.o
 .text.prvInitialiseTaskLists
                0x08002f3c       0xa4 ..\obj\tasks.o
 .text.prvCheckTasksWaitingTermination
                0x08002fe0       0x98 ..\obj\tasks.o
 .text.prvAddCurrentTaskToDelayedList
                0x08003078       0x8c ..\obj\tasks.o
 .text.prvAllocateTCBAndStack
                0x08003104       0x7c ..\obj\tasks.o
 .text.prvDeleteTCB
                0x08003180       0x20 ..\obj\tasks.o
 .text.prvResetNextTaskUnblockTime
                0x080031a0       0x5c ..\obj\tasks.o
 .text.vTaskPriorityInherit
                0x080031fc      0x148 ..\obj\tasks.o
                0x080031fc                vTaskPriorityInherit
 .text.xTaskPriorityDisinherit
                0x08003344      0x114 ..\obj\tasks.o
                0x08003344                xTaskPriorityDisinherit
 .text.pvTaskIncrementMutexHeldCount
                0x08003458       0x38 ..\obj\tasks.o
                0x08003458                pvTaskIncrementMutexHeldCount
 .text.FRAM_I2C_Init
                0x08003490       0xc8 ..\obj\fram_i2c.o
                0x08003490                FRAM_I2C_Init
 .text.FRAM_I2C_Reset
                0x08003558      0x198 ..\obj\fram_i2c.o
                0x08003558                FRAM_I2C_Reset
 .text.FRAM_I2C_Read_Buffer
                0x080036f0      0x6bc ..\obj\fram_i2c.o
                0x080036f0                FRAM_I2C_Read_Buffer
 .text.FRAM_I2C_Write_Buffer
                0x08003dac      0x28c ..\obj\fram_i2c.o
                0x08003dac                FRAM_I2C_Write_Buffer
 .text.FRAM_Read_Settings
                0x08004038       0x88 ..\obj\fram_i2c.o
                0x08004038                FRAM_Read_Settings
 .text.FRAM_Write_Settings
                0x080040c0       0x6c ..\obj\fram_i2c.o
                0x080040c0                FRAM_Write_Settings
 .text.GPIO_Init
                0x0800412c      0x158 ..\obj\stm32f4xx_gpio.o
                0x0800412c                GPIO_Init
 .text.GPIO_ReadInputDataBit
                0x08004284       0x40 ..\obj\stm32f4xx_gpio.o
                0x08004284                GPIO_ReadInputDataBit
 .text.GPIO_PinAFConfig
                0x080042c4       0xb0 ..\obj\stm32f4xx_gpio.o
                0x080042c4                GPIO_PinAFConfig
 .text.RS485TimersInit
                0x08004374       0xe0 ..\obj\porttimer.o
                0x08004374                RS485TimersInit
 .text.RS485TimersEnable
                0x08004454       0x4c ..\obj\porttimer.o
                0x08004454                RS485TimersEnable
 .text.RS485TimersDisable
                0x080044a0       0x4c ..\obj\porttimer.o
                0x080044a0                RS485TimersDisable
 .text.TIM4_IRQHandler
                0x080044ec       0x54 ..\obj\porttimer.o
                0x080044ec                TIM4_IRQHandler
 .text.RS485TimerContextInit
                0x08004540       0x7c ..\obj\porttimer.o
                0x08004540                RS485TimerContextInit
 .text.RS232TimersInit
                0x080045bc       0xe0 ..\obj\porttimer.o
                0x080045bc                RS232TimersInit
 .text.RS232TimersEnable
                0x0800469c       0x4c ..\obj\porttimer.o
                0x0800469c                RS232TimersEnable
 .text.RS232TimersDisable
                0x080046e8       0x4c ..\obj\porttimer.o
                0x080046e8                RS232TimersDisable
 .text.TIM5_IRQHandler
                0x08004734       0x54 ..\obj\porttimer.o
                0x08004734                TIM5_IRQHandler
 .text.RS232TimerContextInit
                0x08004788       0x7c ..\obj\porttimer.o
                0x08004788                RS232TimerContextInit
 .text.eMBRTUInit
                0x08004804       0x88 ..\obj\mbrtu.o
                0x08004804                eMBRTUInit
 .text.eMBRTUStart
                0x0800488c       0x38 ..\obj\mbrtu.o
                0x0800488c                eMBRTUStart
 .text.eMBRTUStop
                0x080048c4       0x30 ..\obj\mbrtu.o
                0x080048c4                eMBRTUStop
 .text.eMBRTUReceive
                0x080048f4       0x90 ..\obj\mbrtu.o
                0x080048f4                eMBRTUReceive
 .text.eMBRTUSend
                0x08004984       0xe8 ..\obj\mbrtu.o
                0x08004984                eMBRTUSend
 .text.xMBRTUReceiveFSM
                0x08004a6c       0xd0 ..\obj\mbrtu.o
                0x08004a6c                xMBRTUReceiveFSM
 .text.xMBRTUTransmitFSM
                0x08004b3c       0xb0 ..\obj\mbrtu.o
                0x08004b3c                xMBRTUTransmitFSM
 .text.xMBRTUTimerT35Expired
                0x08004bec       0x60 ..\obj\mbrtu.o
                0x08004bec                xMBRTUTimerT35Expired
 .text.vListInitialise
                0x08004c4c       0x48 ..\obj\list.o
                0x08004c4c                vListInitialise
 .text.vListInitialiseItem
                0x08004c94       0x1c ..\obj\list.o
                0x08004c94                vListInitialiseItem
 .text.vListInsertEnd
                0x08004cb0       0x48 ..\obj\list.o
                0x08004cb0                vListInsertEnd
 .text.vListInsert
                0x08004cf8       0x74 ..\obj\list.o
                0x08004cf8                vListInsert
 .text.uxListRemove
                0x08004d6c       0x58 ..\obj\list.o
                0x08004d6c                uxListRemove
 .text.SystemInit
                0x08004dc4       0x5c ..\obj\system_stm32f4xx.o
                0x08004dc4                SystemInit
 .text.SetSysClock
                0x08004e20       0xb8 ..\obj\system_stm32f4xx.o
 .text.pxPortInitialiseStack
                0x08004ed8       0x64 ..\obj\port.o
                0x08004ed8                pxPortInitialiseStack
 .text.prvTaskExitError
                0x08004f3c       0x20 ..\obj\port.o
 .text.SVC_Handler
                0x08004f5c       0x24 ..\obj\port.o
                0x08004f5c                SVC_Handler
 .text.prvPortStartFirstTask
                0x08004f80       0x20 ..\obj\port.o
 .text.xPortStartScheduler
                0x08004fa0      0x10c ..\obj\port.o
                0x08004fa0                xPortStartScheduler
 .text.vPortYield
                0x080050ac       0x20 ..\obj\port.o
                0x080050ac                vPortYield
 .text.vPortEnterCritical
                0x080050cc       0x50 ..\obj\port.o
                0x080050cc                vPortEnterCritical
 .text.vPortExitCritical
                0x0800511c       0x48 ..\obj\port.o
                0x0800511c                vPortExitCritical
 .text.ulPortSetInterruptMask
                0x08005164       0x14 ..\obj\port.o
                0x08005164                ulPortSetInterruptMask
 .text.vPortClearInterruptMask
                0x08005178        0x8 ..\obj\port.o
                0x08005178                vPortClearInterruptMask
 .text.PendSV_Handler
                0x08005180       0x44 ..\obj\port.o
                0x08005180                PendSV_Handler
 .text.SysTick_Handler
                0x080051c4       0x2c ..\obj\port.o
                0x080051c4                SysTick_Handler
 .text.vPortSetupTimerInterrupt
                0x080051f0       0x28 ..\obj\port.o
                0x080051f0                vPortSetupTimerInterrupt
 .text.vPortValidateInterruptPriority
                0x08005218       0x64 ..\obj\port.o
                0x08005218                vPortValidateInterruptPriority
 .text.xQueueGenericReset
                0x0800527c       0xc0 ..\obj\queue.o
                0x0800527c                xQueueGenericReset
 .text.xQueueGenericCreate
                0x0800533c       0xa0 ..\obj\queue.o
                0x0800533c                xQueueGenericCreate
 .text.xQueueCreateMutex
                0x080053dc       0xa8 ..\obj\queue.o
                0x080053dc                xQueueCreateMutex
 .text.xQueueGenericSend
                0x08005484      0x188 ..\obj\queue.o
                0x08005484                xQueueGenericSend
 .text.xQueueGiveFromISR
                0x0800560c       0xac ..\obj\queue.o
                0x0800560c                xQueueGiveFromISR
 .text.xQueueGenericReceive
                0x080056b8      0x1b8 ..\obj\queue.o
                0x080056b8                xQueueGenericReceive
 .text.prvCopyDataToQueue
                0x08005870       0xe8 ..\obj\queue.o
 .text.prvCopyDataFromQueue
                0x08005958       0x50 ..\obj\queue.o
 .text.prvUnlockQueue
                0x080059a8       0xa0 ..\obj\queue.o
 .text.prvIsQueueEmpty
                0x08005a48       0x34 ..\obj\queue.o
 .text.prvIsQueueFull
                0x08005a7c       0x38 ..\obj\queue.o
 .text.NVIC_EnableIRQ
                0x08005ab4       0x34 ..\obj\portserial.o
 .text.RS485SerialEnable
                0x08005ae8      0x10c ..\obj\portserial.o
                0x08005ae8                RS485SerialEnable
 .text.RS485SerialInit
                0x08005bf4      0x150 ..\obj\portserial.o
                0x08005bf4                RS485SerialInit
 .text.RS485SerialPutByte
                0x08005d44       0x3c ..\obj\portserial.o
                0x08005d44                RS485SerialPutByte
 .text.RS485SerialGetByte
                0x08005d80       0x34 ..\obj\portserial.o
                0x08005d80                RS485SerialGetByte
 .text.USART3_IRQHandler
                0x08005db4       0x90 ..\obj\portserial.o
                0x08005db4                USART3_IRQHandler
 .text.RS485SerialContextInit
                0x08005e44       0x60 ..\obj\portserial.o
                0x08005e44                RS485SerialContextInit
 .text.RS232SerialEnable
                0x08005ea4       0x88 ..\obj\portserial.o
                0x08005ea4                RS232SerialEnable
 .text.RS232SerialInit
                0x08005f2c      0x11c ..\obj\portserial.o
                0x08005f2c                RS232SerialInit
 .text.RS232SerialPutByte
                0x08006048       0x3c ..\obj\portserial.o
                0x08006048                RS232SerialPutByte
 .text.RS232SerialGetByte
                0x08006084       0x34 ..\obj\portserial.o
                0x08006084                RS232SerialGetByte
 .text.USART6_IRQHandler
                0x080060b8       0x90 ..\obj\portserial.o
                0x080060b8                USART6_IRQHandler
 .text.RS232SerialContextInit
                0x08006148       0x60 ..\obj\portserial.o
                0x08006148                RS232SerialContextInit
 .text.SPI_Init
                0x080061a8       0x98 ..\obj\stm32f4xx_spi.o
                0x080061a8                SPI_Init
 .text.SPI_Cmd  0x08006240       0x40 ..\obj\stm32f4xx_spi.o
                0x08006240                SPI_Cmd
 .text.SPI_CalculateCRC
                0x08006280       0x40 ..\obj\stm32f4xx_spi.o
                0x08006280                SPI_CalculateCRC
 .text.eMBFuncReadCoils
                0x080062c0      0x134 ..\obj\mbfunccoils.o
                0x080062c0                eMBFuncReadCoils
 .text.eMBFuncWriteCoil
                0x080063f4       0xcc ..\obj\mbfunccoils.o
                0x080063f4                eMBFuncWriteCoil
 .text.eMBFuncWriteMultipleCoils
                0x080064c0       0xfc ..\obj\mbfunccoils.o
                0x080064c0                eMBFuncWriteMultipleCoils
 .text.ADS1220_init
                0x080065bc       0xe8 ..\obj\ADS1220.o
                0x080065bc                ADS1220_init
 .text.ADC_SPI_config
                0x080066a4      0x13c ..\obj\ADS1220.o
 .text.ADC_SPI_send
                0x080067e0       0x4c ..\obj\ADS1220.o
                0x080067e0                ADC_SPI_send
 .text.ADC_SPI_read
                0x0800682c       0x14 ..\obj\ADS1220.o
                0x0800682c                ADC_SPI_read
 .text.ADC_RTD1_Task
                0x08006840      0x308 ..\obj\ADS1220.o
 .text.ADC_RTD2_Task
                0x08006b48      0x308 ..\obj\ADS1220.o
 .text.ADC_Current1_Task
                0x08006e50      0x3ac ..\obj\ADS1220.o
 .text.ADC_Current2_Task
                0x080071fc      0x3b0 ..\obj\ADS1220.o
 .text.PT100_Code_To_Temperature
                0x080075ac       0x9c ..\obj\ADS1220.o
                0x080075ac                PT100_Code_To_Temperature
 .text.I2C_DeInit
                0x08007648       0x88 ..\obj\stm32f4xx_i2c.o
                0x08007648                I2C_DeInit
 .text.I2C_Init
                0x080076d0      0x1b8 ..\obj\stm32f4xx_i2c.o
                0x080076d0                I2C_Init
 .text.I2C_Cmd  0x08007888       0x40 ..\obj\stm32f4xx_i2c.o
                0x08007888                I2C_Cmd
 .text.I2C_GenerateSTART
                0x080078c8       0x40 ..\obj\stm32f4xx_i2c.o
                0x080078c8                I2C_GenerateSTART
 .text.I2C_GenerateSTOP
                0x08007908       0x40 ..\obj\stm32f4xx_i2c.o
                0x08007908                I2C_GenerateSTOP
 .text.I2C_Send7bitAddress
                0x08007948       0x3c ..\obj\stm32f4xx_i2c.o
                0x08007948                I2C_Send7bitAddress
 .text.I2C_AcknowledgeConfig
                0x08007984       0x40 ..\obj\stm32f4xx_i2c.o
                0x08007984                I2C_AcknowledgeConfig
 .text.I2C_NACKPositionConfig
                0x080079c4       0x40 ..\obj\stm32f4xx_i2c.o
                0x080079c4                I2C_NACKPositionConfig
 .text.I2C_SendData
                0x08007a04       0x20 ..\obj\stm32f4xx_i2c.o
                0x08007a04                I2C_SendData
 .text.I2C_ReceiveData
                0x08007a24       0x1c ..\obj\stm32f4xx_i2c.o
                0x08007a24                I2C_ReceiveData
 .text.I2C_CheckEvent
                0x08007a40       0x70 ..\obj\stm32f4xx_i2c.o
                0x08007a40                I2C_CheckEvent
 .text.I2C_GetFlagStatus
                0x08007ab0       0x7c ..\obj\stm32f4xx_i2c.o
                0x08007ab0                I2C_GetFlagStatus
 .text.NVIC_EnableIRQ
                0x08007b2c       0x34 ..\obj\frequency.o
 .text.FrequencyMeasureInit
                0x08007b60      0x340 ..\obj\frequency.o
                0x08007b60                FrequencyMeasureInit
 .text.TIM2_IRQHandler
                0x08007ea0      0x13c ..\obj\frequency.o
                0x08007ea0                TIM2_IRQHandler
 .text.FrequencyCH1Measure_Task
                0x08007fdc      0x1b0 ..\obj\frequency.o
 .text.FrequencyCH2Measure_Task
                0x0800818c      0x1b0 ..\obj\frequency.o
 .text.EXTI_GetITStatus
                0x0800833c       0x60 ..\obj\stm32f4xx_exti.o
                0x0800833c                EXTI_GetITStatus
 .text.EXTI_ClearITPendingBit
                0x0800839c       0x20 ..\obj\stm32f4xx_exti.o
                0x0800839c                EXTI_ClearITPendingBit
 .text.NVIC_PriorityGroupConfig
                0x080083bc       0x28 ..\obj\misc.o
                0x080083bc                NVIC_PriorityGroupConfig
 .text.NVIC_Init
                0x080083e4       0xe8 ..\obj\misc.o
                0x080083e4                NVIC_Init
 .text.RTC_Init
                0x080084cc       0xc8 ..\obj\stm32f4xx_rtc.o
                0x080084cc                RTC_Init
 .text.RTC_StructInit
                0x08008594       0x2c ..\obj\stm32f4xx_rtc.o
                0x08008594                RTC_StructInit
 .text.RTC_EnterInitMode
                0x080085c0       0x94 ..\obj\stm32f4xx_rtc.o
                0x080085c0                RTC_EnterInitMode
 .text.RTC_ExitInitMode
                0x08008654       0x24 ..\obj\stm32f4xx_rtc.o
                0x08008654                RTC_ExitInitMode
 .text.RTC_WaitForSynchro
                0x08008678       0xb0 ..\obj\stm32f4xx_rtc.o
                0x08008678                RTC_WaitForSynchro
 .text.RTC_SetTime
                0x08008728      0x14c ..\obj\stm32f4xx_rtc.o
                0x08008728                RTC_SetTime
 .text.RTC_GetTime
                0x08008874       0xac ..\obj\stm32f4xx_rtc.o
                0x08008874                RTC_GetTime
 .text.RTC_SetDate
                0x08008920      0x144 ..\obj\stm32f4xx_rtc.o
                0x08008920                RTC_SetDate
 .text.RTC_GetDate
                0x08008a64       0xa8 ..\obj\stm32f4xx_rtc.o
                0x08008a64                RTC_GetDate
 .text.RTC_WriteBackupRegister
                0x08008b0c       0x38 ..\obj\stm32f4xx_rtc.o
                0x08008b0c                RTC_WriteBackupRegister
 .text.RTC_ByteToBcd2
                0x08008b44       0x44 ..\obj\stm32f4xx_rtc.o
 .text.RTC_Bcd2ToByte
                0x08008b88       0x40 ..\obj\stm32f4xx_rtc.o
 .text.pvPortMalloc
                0x08008bc8      0x164 ..\obj\heap_2.o
                0x08008bc8                pvPortMalloc
 .text.vPortFree
                0x08008d2c       0x88 ..\obj\heap_2.o
                0x08008d2c                vPortFree
 .text.xPortGetFreeHeapSize
                0x08008db4       0x18 ..\obj\heap_2.o
                0x08008db4                xPortGetFreeHeapSize
 .text.prvHeapInit
                0x08008dcc       0x6c ..\obj\heap_2.o
 .text.ControllerInit
                0x08008e38       0x44 ..\obj\controller.o
                0x08008e38                ControllerInit
 .text.Controller_RestoreSettings
                0x08008e7c       0x3c ..\obj\controller.o
                0x08008e7c                Controller_RestoreSettings
 .text.TIM_TimeBaseInit
                0x08008eb8       0xf8 ..\obj\stm32f4xx_tim.o
                0x08008eb8                TIM_TimeBaseInit
 .text.TIM_TimeBaseStructInit
                0x08008fb0       0x3c ..\obj\stm32f4xx_tim.o
                0x08008fb0                TIM_TimeBaseStructInit
 .text.TIM_SetCounter
                0x08008fec       0x1c ..\obj\stm32f4xx_tim.o
                0x08008fec                TIM_SetCounter
 .text.TIM_ARRPreloadConfig
                0x08009008       0x40 ..\obj\stm32f4xx_tim.o
                0x08009008                TIM_ARRPreloadConfig
 .text.TIM_Cmd  0x08009048       0x40 ..\obj\stm32f4xx_tim.o
                0x08009048                TIM_Cmd
 .text.TIM_ICInit
                0x08009088       0xa8 ..\obj\stm32f4xx_tim.o
                0x08009088                TIM_ICInit
 .text.TIM_SetIC1Prescaler
                0x08009130       0x38 ..\obj\stm32f4xx_tim.o
                0x08009130                TIM_SetIC1Prescaler
 .text.TIM_SetIC2Prescaler
                0x08009168       0x40 ..\obj\stm32f4xx_tim.o
                0x08009168                TIM_SetIC2Prescaler
 .text.TIM_SetIC3Prescaler
                0x080091a8       0x38 ..\obj\stm32f4xx_tim.o
                0x080091a8                TIM_SetIC3Prescaler
 .text.TIM_SetIC4Prescaler
                0x080091e0       0x40 ..\obj\stm32f4xx_tim.o
                0x080091e0                TIM_SetIC4Prescaler
 .text.TIM_ITConfig
                0x08009220       0x4c ..\obj\stm32f4xx_tim.o
                0x08009220                TIM_ITConfig
 .text.TIM_ClearFlag
                0x0800926c       0x24 ..\obj\stm32f4xx_tim.o
                0x0800926c                TIM_ClearFlag
 .text.TIM_ClearITPendingBit
                0x08009290       0x24 ..\obj\stm32f4xx_tim.o
                0x08009290                TIM_ClearITPendingBit
 .text.TIM_ETRClockMode2Config
                0x080092b4       0x34 ..\obj\stm32f4xx_tim.o
                0x080092b4                TIM_ETRClockMode2Config
 .text.TIM_ETRConfig
                0x080092e8       0x54 ..\obj\stm32f4xx_tim.o
                0x080092e8                TIM_ETRConfig
 .text.TI1_Config
                0x0800933c       0x84 ..\obj\stm32f4xx_tim.o
 .text.TI2_Config
                0x080093c0       0xa4 ..\obj\stm32f4xx_tim.o
 .text.TI3_Config
                0x08009464       0x94 ..\obj\stm32f4xx_tim.o
 .text.TI4_Config
                0x080094f8       0xac ..\obj\stm32f4xx_tim.o
 .text.NVIC_SystemReset
                0x080095a4       0x34 ..\obj\power_detector.o
 .text.PVD_IRQHandler
                0x080095d8       0x20 ..\obj\power_detector.o
                0x080095d8                PVD_IRQHandler
 .text          0x080095f8      0x370 c:/stm32/arm_eabi/bin/../lib/gcc/arm-none-eabi/4.7.2/thumb2\libgcc.a(_arm_addsubdf3.o)
                0x080095f8                __aeabi_drsub
                0x08009600                __aeabi_dsub
                0x08009600                __subdf3
                0x08009604                __aeabi_dadd
                0x08009604                __adddf3
                0x0800987c                __floatunsidf
                0x0800987c                __aeabi_ui2d
                0x0800989c                __floatsidf
                0x0800989c                __aeabi_i2d
                0x080098c0                __aeabi_f2d
                0x080098c0                __extendsfdf2
                0x080098fc                __floatundidf
                0x080098fc                __aeabi_ul2d
                0x0800990c                __floatdidf
                0x0800990c                __aeabi_l2d
 .text          0x08009968      0x424 c:/stm32/arm_eabi/bin/../lib/gcc/arm-none-eabi/4.7.2/thumb2\libgcc.a(_arm_muldivdf3.o)
                0x08009968                __aeabi_dmul
                0x08009968                __muldf3
                0x08009bbc                __divdf3
                0x08009bbc                __aeabi_ddiv
 .text          0x08009d8c       0xa0 c:/stm32/arm_eabi/bin/../lib/gcc/arm-none-eabi/4.7.2/thumb2\libgcc.a(_arm_truncdfsf2.o)
                0x08009d8c                __truncdfsf2
                0x08009d8c                __aeabi_d2f
 .text          0x08009e2c      0x21c c:/stm32/arm_eabi/bin/../lib/gcc/arm-none-eabi/4.7.2/thumb2\libgcc.a(_arm_addsubsf3.o)
                0x08009e2c                __aeabi_frsub
                0x08009e34                __subsf3
                0x08009e34                __aeabi_fsub
                0x08009e38                __aeabi_fadd
                0x08009e38                __addsf3
                0x08009f98                __aeabi_ui2f
                0x08009f98                __floatunsisf
                0x08009fa0                __aeabi_i2f
                0x08009fa0                __floatsisf
                0x08009fbc                __aeabi_ul2f
                0x08009fbc                __floatundisf
                0x08009fcc                __aeabi_l2f
                0x08009fcc                __floatdisf
 .text          0x0800a048      0x2a0 c:/stm32/arm_eabi/bin/../lib/gcc/arm-none-eabi/4.7.2/thumb2\libgcc.a(_arm_muldivsf3.o)
                0x0800a048                __mulsf3
                0x0800a048                __aeabi_fmul
                0x0800a1b0                __aeabi_fdiv
                0x0800a1b0                __divsf3
 .text          0x0800a2e8       0x64 c:/stm32/arm_eabi/bin/../lib/gcc/arm-none-eabi/4.7.2/../../../../arm-none-eabi/lib/thumb2\libc.a(lib_a-memcmp.o)
                0x0800a2e8                memcmp
 .text          0x0800a34c      0x174 c:/stm32/arm_eabi/bin/../lib/gcc/arm-none-eabi/4.7.2/../../../../arm-none-eabi/lib/thumb2\libc.a(lib_a-memcpy.o)
                0x0800a34c                memcpy
 .text          0x0800a4c0       0xcc c:/stm32/arm_eabi/bin/../lib/gcc/arm-none-eabi/4.7.2/../../../../arm-none-eabi/lib/thumb2\libc.a(lib_a-memset.o)
                0x0800a4c0                memset
 *(.init)
 *(.fini)
 *crtbegin.o(.ctors)
 *crtbegin?.o(.ctors)
 *(EXCLUDE_FILE(*crtend.o *crtend?.o) .ctors)
 *(SORT(.ctors.*))
 *(.ctors)
 *crtbegin.o(.dtors)
 *crtbegin?.o(.dtors)
 *(EXCLUDE_FILE(*crtend.o *crtend?.o) .dtors)
 *(SORT(.dtors.*))
 *(.dtors)
 *(.rodata*)
 .rodata        0x0800a58c       0x20 ..\obj\protocol.o
 .rodata        0x0800a5ac      0x200 ..\obj\mbcrc.o
 .rodata        0x0800a7ac       0x1c ..\obj\tasks.o
 .rodata        0x0800a7c8        0x4 ..\obj\port.o
 .rodata        0x0800a7cc       0x58 ..\obj\ADS1220.o
 .rodata        0x0800a824       0x18 ..\obj\frequency.o
 .rodata        0x0800a83c        0x2 ..\obj\heap_2.o
 *fill*         0x0800a83e        0x2 
 .rodata        0x0800a840        0x4 ..\obj\controller.o
                0x0800a840                stSettingsDefault
 *(.eh_fram e*)

.glue_7         0x0800a844        0x0
 .glue_7        0x00000000        0x0 linker stubs

.glue_7t        0x0800a844        0x0
 .glue_7t       0x00000000        0x0 linker stubs

.vfp11_veneer   0x0800a844        0x0
 .vfp11_veneer  0x00000000        0x0 linker stubs

.v4_bx          0x0800a844        0x0
 .v4_bx         0x00000000        0x0 linker stubs

.iplt           0x0800a844        0x0
 .iplt          0x00000000        0x0 ..\obj\stm32f4xx_syscfg.o

.rel.dyn        0x0800a844        0x0
 .rel.iplt      0x00000000        0x0 ..\obj\stm32f4xx_syscfg.o

.ARM.extab
 *(.ARM.extab* .gnu.linkonce.armextab.*)
                0x0800a844                __exidx_start = .

.ARM.exidx
 *(.ARM.exidx* .gnu.linkonce.armexidx.*)
                0x0800a844                __exidx_end = .
                0x0800a844                __etext = .
                0x0800a844                _sidata = __etext

.data           0x20000000       0xc0 load address 0x0800a844
                0x20000000                __data_start__ = .
                0x20000000                _sdata = __data_start__
 *(vtable)
 *(.data*)
 .data          0x20000000        0x6 ..\obj\mbport.o
                0x20000000                REG_INPUT_START
                0x20000001                REG_HOLDING_START
                0x20000002                REG_INPUT_NREGS
                0x20000003                REG_HOLDING_NREGS
                0x20000004                usRegInputStart
                0x20000005                usRegHoldingStart
 *fill*         0x20000006        0x2 
 .data          0x20000008       0x88 ..\obj\mb.o
 .data          0x20000090       0x10 ..\obj\stm32f4xx_rcc.o
 .data          0x200000a0        0x4 ..\obj\tasks.o
 .data          0x200000a4       0x14 ..\obj\system_stm32f4xx.o
                0x200000a4                SystemCoreClock
                0x200000a8                AHBPrescTable
 .data          0x200000b8        0x4 ..\obj\port.o
 .data          0x200000bc        0x4 ..\obj\heap_2.o
                0x200000c0                . = ALIGN (0x4)
                0x200000c0                PROVIDE (__preinit_array_start, .)
 *(.preinit_array)
                0x200000c0                PROVIDE (__preinit_array_end, .)
                0x200000c0                . = ALIGN (0x4)
                0x200000c0                PROVIDE (__init_array_start, .)
 *(SORT(.init_array.*))
 *(.init_array)
                0x200000c0                PROVIDE (__init_array_end, .)
                0x200000c0                . = ALIGN (0x4)
                0x200000c0                PROVIDE (__fini_array_start, .)
 *(SORT(.fini_array.*))
 *(.fini_array)
                0x200000c0                PROVIDE (__fini_array_end, .)
 *(.jcr*)
                0x200000c0                . = ALIGN (0x4)
                0x200000c0                __data_end__ = .
                0x200000c0                _edata = __data_end__

.igot.plt       0x200000c0        0x0 load address 0x0800a904
 .igot.plt      0x00000000        0x0 ..\obj\stm32f4xx_syscfg.o

.bss            0x200000c0     0x2d04 load address 0x0800a908
                0x200000c0                . = ALIGN (0x4)
                0x200000c0                __bss_start__ = .
                0x200000c0                _sbss = __bss_start__
 *(.bss*)
 .bss           0x200000c0       0x24 ..\obj\mbfuncother.o
 .bss           0x200000e4       0xfc ..\obj\tasks.o
                0x200000e4                pxCurrentTCB
 .bss           0x200001e0        0x8 ..\obj\porttimer.o
 .bss           0x200001e8        0x8 ..\obj\port.o
 .bss           0x200001f0       0x10 ..\obj\portserial.o
 .bss           0x20000200       0x1c ..\obj\frequency.o
                0x20000218                xHigherPriorityTaskWoken
 .bss           0x2000021c     0x2814 ..\obj\heap_2.o
 *(COMMON)
 COMMON         0x20002a30      0x2e8 ..\obj\protocol.o
                0x20002a30                stContext_RS232
                0x20002ba4                stContext_RS485
 COMMON         0x20002d18       0x50 ..\obj\watchdog.o
                0x20002d18                task_watches
 COMMON         0x20002d68        0x4 ..\obj\fram_i2c.o
                0x20002d68                xI2CBusMutex
 COMMON         0x20002d6c        0x4 ..\obj\ADS1220.o
                0x20002d6c                xADC_SPI_Mutex
 COMMON         0x20002d70        0x8 ..\obj\frequency.o
                0x20002d70                xFrequencySemaphore
 COMMON         0x20002d78       0x4c ..\obj\controller.o
                0x20002d78                stSettings
                0x20002d7c                xMeasureDataMutex
                0x20002d80                stMeasureData
                0x20002dc0                xSettingsMutex
                0x20002dc4                . = ALIGN (0x4)
                0x20002dc4                __bss_end__ = .
                0x20002dc4                _ebss = __bss_end__

.heap           0x20002dc4        0x0
                0x20002dc4                __end__ = .
                0x20002dc4                _end = __end__
                0x20002dc4                end = __end__
 *(.heap*)
                0x20002dc4                __HeapLimit = .

.co_stack       0x20002dc4      0x804 load address 0x0800d60c
                0x20002dc8                . = ALIGN (0x8)
 *fill*         0x20002dc4        0x4 
 *(.co_stack .co_stack.*)
 .co_stack      0x20002dc8      0x800 ..\obj\startup_stm32f4xx.o
                0x20002dc8                pulStack
                0x20020000                __StackTop = (ORIGIN (ram) + 0x20000)
                0x2001f7fc                __StackLimit = (__StackTop - SIZEOF (.co_stack))
                0x20020000                PROVIDE (__stack, __StackTop)
                0x00000001                ASSERT ((__StackLimit >= __HeapLimit), region ram  overflowed with stack)
LOAD ..\obj\stm32f4xx_syscfg.o
LOAD ..\obj\mbport.o
LOAD ..\obj\mb.o
LOAD ..\obj\protocol.o
LOAD ..\obj\mbfuncdisc.o
LOAD ..\obj\core_cm3.o
LOAD ..\obj\portevent.o
LOAD ..\obj\mbfuncother.o
LOAD ..\obj\stm32f4xx_usart.o
LOAD ..\obj\stm32f4xx_pwr.o
LOAD ..\obj\rtc.o
LOAD ..\obj\mbutils.o
LOAD ..\obj\startup_stm32f4xx.o
LOAD ..\obj\stm32f4xx_iwdg.o
LOAD ..\obj\mbfuncholding.o
LOAD ..\obj\main.o
LOAD ..\obj\mbcrc.o
LOAD ..\obj\stm32f4xx_rcc.o
LOAD ..\obj\mbfuncfile.o
LOAD ..\obj\timers.o
LOAD ..\obj\log.o
LOAD ..\obj\mbfuncinput.o
LOAD ..\obj\printf.o
LOAD ..\obj\watchdog.o
LOAD ..\obj\mbfuncdiag.o
LOAD ..\obj\tasks.o
LOAD ..\obj\fram_i2c.o
LOAD ..\obj\stm32f4xx_gpio.o
LOAD ..\obj\porttimer.o
LOAD ..\obj\mbrtu.o
LOAD ..\obj\list.o
LOAD ..\obj\system_stm32f4xx.o
LOAD ..\obj\syscalls.o
LOAD ..\obj\port.o
LOAD ..\obj\queue.o
LOAD ..\obj\portserial.o
LOAD ..\obj\croutine.o
LOAD ..\obj\stm32f4xx_spi.o
LOAD ..\obj\mbfunccoils.o
LOAD ..\obj\event_groups.o
LOAD ..\obj\ADS1220.o
LOAD ..\obj\stm32f4xx_i2c.o
LOAD ..\obj\frequency.o
LOAD ..\obj\stm32f4xx_exti.o
LOAD ..\obj\misc.o
LOAD ..\obj\stm32f4xx_rtc.o
LOAD ..\obj\mbascii.o
LOAD ..\obj\heap_2.o
LOAD ..\obj\controller.o
LOAD ..\obj\stm32f4xx_tim.o
LOAD ..\obj\power_detector.o
START GROUP
LOAD c:/stm32/arm_eabi/bin/../lib/gcc/arm-none-eabi/4.7.2/thumb2\libgcc.a
LOAD c:/stm32/arm_eabi/bin/../lib/gcc/arm-none-eabi/4.7.2/../../../../arm-none-eabi/lib/thumb2\libc.a
END GROUP
OUTPUT(IMS_CONTROLLER.elf elf32-littlearm)

.debug_info     0x00000000    0x12327
 .debug_info    0x00000000      0x827 ..\obj\mbport.o
 .debug_info    0x00000827      0x9a1 ..\obj\mb.o
 .debug_info    0x000011c8      0x82f ..\obj\protocol.o
 .debug_info    0x000019f7      0x1f9 ..\obj\mbfuncdisc.o
 .debug_info    0x00001bf0      0x1c4 ..\obj\portevent.o
 .debug_info    0x00001db4      0x25c ..\obj\mbfuncother.o
 .debug_info    0x00002010      0xa4f ..\obj\stm32f4xx_usart.o
 .debug_info    0x00002a5f      0x53e ..\obj\stm32f4xx_pwr.o
 .debug_info    0x00002f9d      0x16b ..\obj\rtc.o
 .debug_info    0x00003108      0x2d1 ..\obj\mbutils.o
 .debug_info    0x000033d9      0x135 ..\obj\startup_stm32f4xx.o
 .debug_info    0x0000350e      0x38e ..\obj\mbfuncholding.o
 .debug_info    0x0000389c      0x186 ..\obj\main.o
 .debug_info    0x00003a22      0x13e ..\obj\mbcrc.o
 .debug_info    0x00003b60      0xd24 ..\obj\stm32f4xx_rcc.o
 .debug_info    0x00004884      0x257 ..\obj\mbfuncfile.o
 .debug_info    0x00004adb      0x429 ..\obj\log.o
 .debug_info    0x00004f04      0x1eb ..\obj\mbfuncinput.o
 .debug_info    0x000050ef      0x1f9 ..\obj\watchdog.o
 .debug_info    0x000052e8     0x12a7 ..\obj\tasks.o
 .debug_info    0x0000658f      0x6eb ..\obj\fram_i2c.o
 .debug_info    0x00006c7a      0x639 ..\obj\stm32f4xx_gpio.o
 .debug_info    0x000072b3      0xe0c ..\obj\porttimer.o
 .debug_info    0x000080bf      0x7fd ..\obj\mbrtu.o
 .debug_info    0x000088bc      0x2b5 ..\obj\list.o
 .debug_info    0x00008b71      0x5c2 ..\obj\system_stm32f4xx.o
 .debug_info    0x00009133      0x330 ..\obj\port.o
 .debug_info    0x00009463      0x9ea ..\obj\queue.o
 .debug_info    0x00009e4d     0x1166 ..\obj\portserial.o
 .debug_info    0x0000afb3      0xbcc ..\obj\stm32f4xx_spi.o
 .debug_info    0x0000bb7f      0x31e ..\obj\mbfunccoils.o
 .debug_info    0x0000be9d      0x7d8 ..\obj\ADS1220.o
 .debug_info    0x0000c675      0xb91 ..\obj\stm32f4xx_i2c.o
 .debug_info    0x0000d206      0xc90 ..\obj\frequency.o
 .debug_info    0x0000de96      0x372 ..\obj\stm32f4xx_exti.o
 .debug_info    0x0000e208      0x594 ..\obj\misc.o
 .debug_info    0x0000e79c     0x1223 ..\obj\stm32f4xx_rtc.o
 .debug_info    0x0000f9bf      0x2e3 ..\obj\heap_2.o
 .debug_info    0x0000fca2      0x205 ..\obj\controller.o
 .debug_info    0x0000fea7     0x1e28 ..\obj\stm32f4xx_tim.o
 .debug_info    0x00011ccf      0x658 ..\obj\power_detector.o

.debug_abbrev   0x00000000     0x3379
 .debug_abbrev  0x00000000      0x1b5 ..\obj\mbport.o
 .debug_abbrev  0x000001b5      0x199 ..\obj\mb.o
 .debug_abbrev  0x0000034e      0x145 ..\obj\protocol.o
 .debug_abbrev  0x00000493       0xa5 ..\obj\mbfuncdisc.o
 .debug_abbrev  0x00000538       0xc1 ..\obj\portevent.o
 .debug_abbrev  0x000005f9       0xbe ..\obj\mbfuncother.o
 .debug_abbrev  0x000006b7      0x14e ..\obj\stm32f4xx_usart.o
 .debug_abbrev  0x00000805      0x175 ..\obj\stm32f4xx_pwr.o
 .debug_abbrev  0x0000097a       0xc6 ..\obj\rtc.o
 .debug_abbrev  0x00000a40       0xd2 ..\obj\mbutils.o
 .debug_abbrev  0x00000b12       0xac ..\obj\startup_stm32f4xx.o
 .debug_abbrev  0x00000bbe       0xa5 ..\obj\mbfuncholding.o
 .debug_abbrev  0x00000c63       0xe3 ..\obj\main.o
 .debug_abbrev  0x00000d46       0x90 ..\obj\mbcrc.o
 .debug_abbrev  0x00000dd6      0x1b7 ..\obj\stm32f4xx_rcc.o
 .debug_abbrev  0x00000f8d       0xe5 ..\obj\mbfuncfile.o
 .debug_abbrev  0x00001072      0x167 ..\obj\log.o
 .debug_abbrev  0x000011d9       0xa5 ..\obj\mbfuncinput.o
 .debug_abbrev  0x0000127e      0x12f ..\obj\watchdog.o
 .debug_abbrev  0x000013ad      0x206 ..\obj\tasks.o
 .debug_abbrev  0x000015b3      0x1ed ..\obj\fram_i2c.o
 .debug_abbrev  0x000017a0      0x182 ..\obj\stm32f4xx_gpio.o
 .debug_abbrev  0x00001922      0x1b6 ..\obj\porttimer.o
 .debug_abbrev  0x00001ad8      0x180 ..\obj\mbrtu.o
 .debug_abbrev  0x00001c58       0xb8 ..\obj\list.o
 .debug_abbrev  0x00001d10      0x138 ..\obj\system_stm32f4xx.o
 .debug_abbrev  0x00001e48      0x186 ..\obj\port.o
 .debug_abbrev  0x00001fce      0x132 ..\obj\queue.o
 .debug_abbrev  0x00002100      0x246 ..\obj\portserial.o
 .debug_abbrev  0x00002346      0x160 ..\obj\stm32f4xx_spi.o
 .debug_abbrev  0x000024a6       0xb7 ..\obj\mbfunccoils.o
 .debug_abbrev  0x0000255d      0x1d0 ..\obj\ADS1220.o
 .debug_abbrev  0x0000272d      0x15d ..\obj\stm32f4xx_i2c.o
 .debug_abbrev  0x0000288a      0x1c2 ..\obj\frequency.o
 .debug_abbrev  0x00002a4c      0x198 ..\obj\stm32f4xx_exti.o
 .debug_abbrev  0x00002be4      0x126 ..\obj\misc.o
 .debug_abbrev  0x00002d0a      0x16b ..\obj\stm32f4xx_rtc.o
 .debug_abbrev  0x00002e75      0x15f ..\obj\heap_2.o
 .debug_abbrev  0x00002fd4       0xdd ..\obj\controller.o
 .debug_abbrev  0x000030b1      0x163 ..\obj\stm32f4xx_tim.o
 .debug_abbrev  0x00003214      0x165 ..\obj\power_detector.o

.debug_loc      0x00000000     0x6dfb
 .debug_loc     0x00000000      0x176 ..\obj\mbport.o
 .debug_loc     0x00000176      0x150 ..\obj\mb.o
 .debug_loc     0x000002c6       0xa8 ..\obj\protocol.o
 .debug_loc     0x0000036e       0x38 ..\obj\mbfuncdisc.o
 .debug_loc     0x000003a6       0xa8 ..\obj\portevent.o
 .debug_loc     0x0000044e       0x70 ..\obj\mbfuncother.o
 .debug_loc     0x000004be      0x658 ..\obj\stm32f4xx_usart.o
 .debug_loc     0x00000b16      0x288 ..\obj\stm32f4xx_pwr.o
 .debug_loc     0x00000d9e       0x38 ..\obj\rtc.o
 .debug_loc     0x00000dd6       0xa8 ..\obj\mbutils.o
 .debug_loc     0x00000e7e       0x64 ..\obj\startup_stm32f4xx.o
 .debug_loc     0x00000ee2       0xe0 ..\obj\mbfuncholding.o
 .debug_loc     0x00000fc2      0x100 ..\obj\main.o
 .debug_loc     0x000010c2       0x38 ..\obj\mbcrc.o
 .debug_loc     0x000010fa      0x97c ..\obj\stm32f4xx_rcc.o
 .debug_loc     0x00001a76       0x3a ..\obj\mbfuncfile.o
 .debug_loc     0x00001ab0       0xe2 ..\obj\log.o
 .debug_loc     0x00001b92       0x38 ..\obj\mbfuncinput.o
 .debug_loc     0x00001bca       0xe0 ..\obj\watchdog.o
 .debug_loc     0x00001caa      0x92c ..\obj\tasks.o
 .debug_loc     0x000025d6      0x150 ..\obj\fram_i2c.o
 .debug_loc     0x00002726      0x310 ..\obj\stm32f4xx_gpio.o
 .debug_loc     0x00002a36      0x1e8 ..\obj\porttimer.o
 .debug_loc     0x00002c1e      0x1c0 ..\obj\mbrtu.o
 .debug_loc     0x00002dde      0x118 ..\obj\list.o
 .debug_loc     0x00002ef6       0x9c ..\obj\system_stm32f4xx.o
 .debug_loc     0x00002f92      0x1dc ..\obj\port.o
 .debug_loc     0x0000316e      0x460 ..\obj\queue.o
 .debug_loc     0x000035ce      0x2c0 ..\obj\portserial.o
 .debug_loc     0x0000388e      0x578 ..\obj\stm32f4xx_spi.o
 .debug_loc     0x00003e06       0xa8 ..\obj\mbfunccoils.o
 .debug_loc     0x00003eae      0x1ec ..\obj\ADS1220.o
 .debug_loc     0x0000409a      0x738 ..\obj\stm32f4xx_i2c.o
 .debug_loc     0x000047d2      0x10d ..\obj\frequency.o
 .debug_loc     0x000048df      0x1b4 ..\obj\stm32f4xx_exti.o
 .debug_loc     0x00004a93      0x118 ..\obj\misc.o
 .debug_loc     0x00004bab      0xc48 ..\obj\stm32f4xx_rtc.o
 .debug_loc     0x000057f3      0x100 ..\obj\heap_2.o
 .debug_loc     0x000058f3       0x58 ..\obj\controller.o
 .debug_loc     0x0000594b     0x1420 ..\obj\stm32f4xx_tim.o
 .debug_loc     0x00006d6b       0x90 ..\obj\power_detector.o

.debug_aranges  0x00000000     0x1400
 .debug_aranges
                0x00000000       0x50 ..\obj\mbport.o
 .debug_aranges
                0x00000050       0x48 ..\obj\mb.o
 .debug_aranges
                0x00000098       0x30 ..\obj\protocol.o
 .debug_aranges
                0x000000c8       0x20 ..\obj\mbfuncdisc.o
 .debug_aranges
                0x000000e8       0x30 ..\obj\portevent.o
 .debug_aranges
                0x00000118       0x28 ..\obj\mbfuncother.o
 .debug_aranges
                0x00000140      0x100 ..\obj\stm32f4xx_usart.o
 .debug_aranges
                0x00000240       0x78 ..\obj\stm32f4xx_pwr.o
 .debug_aranges
                0x000002b8       0x20 ..\obj\rtc.o
 .debug_aranges
                0x000002d8       0x30 ..\obj\mbutils.o
 .debug_aranges
                0x00000308       0x28 ..\obj\startup_stm32f4xx.o
 .debug_aranges
                0x00000330       0x38 ..\obj\mbfuncholding.o
 .debug_aranges
                0x00000368       0x40 ..\obj\main.o
 .debug_aranges
                0x000003a8       0x20 ..\obj\mbcrc.o
 .debug_aranges
                0x000003c8      0x178 ..\obj\stm32f4xx_rcc.o
 .debug_aranges
                0x00000540       0x20 ..\obj\mbfuncfile.o
 .debug_aranges
                0x00000560       0x38 ..\obj\log.o
 .debug_aranges
                0x00000598       0x20 ..\obj\mbfuncinput.o
 .debug_aranges
                0x000005b8       0x38 ..\obj\watchdog.o
 .debug_aranges
                0x000005f0      0x170 ..\obj\tasks.o
 .debug_aranges
                0x00000760       0x48 ..\obj\fram_i2c.o
 .debug_aranges
                0x000007a8       0x88 ..\obj\stm32f4xx_gpio.o
 .debug_aranges
                0x00000830       0x68 ..\obj\porttimer.o
 .debug_aranges
                0x00000898       0x58 ..\obj\mbrtu.o
 .debug_aranges
                0x000008f0       0x40 ..\obj\list.o
 .debug_aranges
                0x00000930       0x30 ..\obj\system_stm32f4xx.o
 .debug_aranges
                0x00000960       0x90 ..\obj\port.o
 .debug_aranges
                0x000009f0       0xb8 ..\obj\queue.o
 .debug_aranges
                0x00000aa8       0x80 ..\obj\portserial.o
 .debug_aranges
                0x00000b28       0xe0 ..\obj\stm32f4xx_spi.o
 .debug_aranges
                0x00000c08       0x30 ..\obj\mbfunccoils.o
 .debug_aranges
                0x00000c38       0x60 ..\obj\ADS1220.o
 .debug_aranges
                0x00000c98      0x120 ..\obj\stm32f4xx_i2c.o
 .debug_aranges
                0x00000db8       0x40 ..\obj\frequency.o
 .debug_aranges
                0x00000df8       0x58 ..\obj\stm32f4xx_exti.o
 .debug_aranges
                0x00000e50       0x40 ..\obj\misc.o
 .debug_aranges
                0x00000e90      0x1e0 ..\obj\stm32f4xx_rtc.o
 .debug_aranges
                0x00001070       0x40 ..\obj\heap_2.o
 .debug_aranges
                0x000010b0       0x28 ..\obj\controller.o
 .debug_aranges
                0x000010d8      0x2f8 ..\obj\stm32f4xx_tim.o
 .debug_aranges
                0x000013d0       0x30 ..\obj\power_detector.o

.debug_ranges   0x00000000     0x1170
 .debug_ranges  0x00000000       0x40 ..\obj\mbport.o
 .debug_ranges  0x00000040       0x38 ..\obj\mb.o
 .debug_ranges  0x00000078       0x20 ..\obj\protocol.o
 .debug_ranges  0x00000098       0x10 ..\obj\mbfuncdisc.o
 .debug_ranges  0x000000a8       0x20 ..\obj\portevent.o
 .debug_ranges  0x000000c8       0x18 ..\obj\mbfuncother.o
 .debug_ranges  0x000000e0       0xf0 ..\obj\stm32f4xx_usart.o
 .debug_ranges  0x000001d0       0x68 ..\obj\stm32f4xx_pwr.o
 .debug_ranges  0x00000238       0x10 ..\obj\rtc.o
 .debug_ranges  0x00000248       0x20 ..\obj\mbutils.o
 .debug_ranges  0x00000268       0x18 ..\obj\startup_stm32f4xx.o
 .debug_ranges  0x00000280       0x28 ..\obj\mbfuncholding.o
 .debug_ranges  0x000002a8       0x30 ..\obj\main.o
 .debug_ranges  0x000002d8       0x10 ..\obj\mbcrc.o
 .debug_ranges  0x000002e8      0x168 ..\obj\stm32f4xx_rcc.o
 .debug_ranges  0x00000450       0x10 ..\obj\mbfuncfile.o
 .debug_ranges  0x00000460       0x28 ..\obj\log.o
 .debug_ranges  0x00000488       0x10 ..\obj\mbfuncinput.o
 .debug_ranges  0x00000498       0x28 ..\obj\watchdog.o
 .debug_ranges  0x000004c0      0x160 ..\obj\tasks.o
 .debug_ranges  0x00000620       0x38 ..\obj\fram_i2c.o
 .debug_ranges  0x00000658       0x78 ..\obj\stm32f4xx_gpio.o
 .debug_ranges  0x000006d0       0x58 ..\obj\porttimer.o
 .debug_ranges  0x00000728       0x48 ..\obj\mbrtu.o
 .debug_ranges  0x00000770       0x30 ..\obj\list.o
 .debug_ranges  0x000007a0       0x20 ..\obj\system_stm32f4xx.o
 .debug_ranges  0x000007c0       0x80 ..\obj\port.o
 .debug_ranges  0x00000840       0xa8 ..\obj\queue.o
 .debug_ranges  0x000008e8       0x70 ..\obj\portserial.o
 .debug_ranges  0x00000958       0xd0 ..\obj\stm32f4xx_spi.o
 .debug_ranges  0x00000a28       0x20 ..\obj\mbfunccoils.o
 .debug_ranges  0x00000a48       0x50 ..\obj\ADS1220.o
 .debug_ranges  0x00000a98      0x110 ..\obj\stm32f4xx_i2c.o
 .debug_ranges  0x00000ba8       0x30 ..\obj\frequency.o
 .debug_ranges  0x00000bd8       0x48 ..\obj\stm32f4xx_exti.o
 .debug_ranges  0x00000c20       0x30 ..\obj\misc.o
 .debug_ranges  0x00000c50      0x1d0 ..\obj\stm32f4xx_rtc.o
 .debug_ranges  0x00000e20       0x30 ..\obj\heap_2.o
 .debug_ranges  0x00000e50       0x18 ..\obj\controller.o
 .debug_ranges  0x00000e68      0x2e8 ..\obj\stm32f4xx_tim.o
 .debug_ranges  0x00001150       0x20 ..\obj\power_detector.o

.debug_line     0x00000000     0x9137
 .debug_line    0x00000000      0x4e7 ..\obj\mbport.o
 .debug_line    0x000004e7      0x326 ..\obj\mb.o
 .debug_line    0x0000080d      0x31f ..\obj\protocol.o
 .debug_line    0x00000b2c      0x1ed ..\obj\mbfuncdisc.o
 .debug_line    0x00000d19      0x1d1 ..\obj\portevent.o
 .debug_line    0x00000eea      0x259 ..\obj\mbfuncother.o
 .debug_line    0x00001143      0x49c ..\obj\stm32f4xx_usart.o
 .debug_line    0x000015df      0x29f ..\obj\stm32f4xx_pwr.o
 .debug_line    0x0000187e      0x1fe ..\obj\rtc.o
 .debug_line    0x00001a7c      0x261 ..\obj\mbutils.o
 .debug_line    0x00001cdd       0xaf ..\obj\startup_stm32f4xx.o
 .debug_line    0x00001d8c      0x283 ..\obj\mbfuncholding.o
 .debug_line    0x0000200f      0x285 ..\obj\main.o
 .debug_line    0x00002294      0x164 ..\obj\mbcrc.o
 .debug_line    0x000023f8      0x598 ..\obj\stm32f4xx_rcc.o
 .debug_line    0x00002990      0x211 ..\obj\mbfuncfile.o
 .debug_line    0x00002ba1      0x33f ..\obj\log.o
 .debug_line    0x00002ee0      0x1e3 ..\obj\mbfuncinput.o
 .debug_line    0x000030c3      0x221 ..\obj\watchdog.o
 .debug_line    0x000032e4      0xab6 ..\obj\tasks.o
 .debug_line    0x00003d9a      0x4fb ..\obj\fram_i2c.o
 .debug_line    0x00004295      0x337 ..\obj\stm32f4xx_gpio.o
 .debug_line    0x000045cc      0x3cd ..\obj\porttimer.o
 .debug_line    0x00004999      0x293 ..\obj\mbrtu.o
 .debug_line    0x00004c2c      0x241 ..\obj\list.o
 .debug_line    0x00004e6d      0x1a3 ..\obj\system_stm32f4xx.o
 .debug_line    0x00005010      0x30a ..\obj\port.o
 .debug_line    0x0000531a      0x6fb ..\obj\queue.o
 .debug_line    0x00005a15      0x4c7 ..\obj\portserial.o
 .debug_line    0x00005edc      0x44c ..\obj\stm32f4xx_spi.o
 .debug_line    0x00006328      0x25b ..\obj\mbfunccoils.o
 .debug_line    0x00006583      0x4d1 ..\obj\ADS1220.o
 .debug_line    0x00006a54      0x4d4 ..\obj\stm32f4xx_i2c.o
 .debug_line    0x00006f28      0x3f7 ..\obj\frequency.o
 .debug_line    0x0000731f      0x2a1 ..\obj\stm32f4xx_exti.o
 .debug_line    0x000075c0      0x23d ..\obj\misc.o
 .debug_line    0x000077fd      0x80f ..\obj\stm32f4xx_rtc.o
 .debug_line    0x0000800c      0x28b ..\obj\heap_2.o
 .debug_line    0x00008297      0x1ce ..\obj\controller.o
 .debug_line    0x00008465      0xa71 ..\obj\stm32f4xx_tim.o
 .debug_line    0x00008ed6      0x261 ..\obj\power_detector.o

.debug_str      0x00000000     0x6824
 .debug_str     0x00000000      0x4ac ..\obj\mbport.o
                                0x53b (size before relaxing)
 .debug_str     0x000004ac      0x5d8 ..\obj\mb.o
                                0x785 (size before relaxing)
 .debug_str     0x00000a84      0x1d0 ..\obj\protocol.o
                                0x829 (size before relaxing)
 .debug_str     0x00000c54       0xc3 ..\obj\mbfuncdisc.o
                                0x2e3 (size before relaxing)
 .debug_str     0x00000d17       0x9a ..\obj\portevent.o
                                0x1c1 (size before relaxing)
 .debug_str     0x00000db1       0xd8 ..\obj\mbfuncother.o
                                0x30c (size before relaxing)
 .debug_str     0x00000e89      0x516 ..\obj\stm32f4xx_usart.o
                                0x5fa (size before relaxing)
 .debug_str     0x0000139f      0x1e9 ..\obj\stm32f4xx_pwr.o
                                0x2fc (size before relaxing)
 .debug_str     0x00001588       0xa9 ..\obj\rtc.o
                                0x1a1 (size before relaxing)
 .debug_str     0x00001631       0xee ..\obj\mbutils.o
                                0x320 (size before relaxing)
 .debug_str     0x0000171f       0xbe ..\obj\startup_stm32f4xx.o
                                 0xe9 (size before relaxing)
 .debug_str     0x000017dd      0x155 ..\obj\mbfuncholding.o
                                0x3c1 (size before relaxing)
 .debug_str     0x00001932       0xd6 ..\obj\main.o
                                0x1ba (size before relaxing)
 .debug_str     0x00001a08       0x77 ..\obj\mbcrc.o
                                0x144 (size before relaxing)
 .debug_str     0x00001a7f      0x5eb ..\obj\stm32f4xx_rcc.o
                                0x7bb (size before relaxing)
 .debug_str     0x0000206a       0x93 ..\obj\mbfuncfile.o
                                0x323 (size before relaxing)
 .debug_str     0x000020fd       0xb8 ..\obj\log.o
                                0x3ca (size before relaxing)
 .debug_str     0x000021b5       0x79 ..\obj\mbfuncinput.o
                                0x2d7 (size before relaxing)
 .debug_str     0x0000222e       0xd5 ..\obj\watchdog.o
                                0x1e0 (size before relaxing)
 .debug_str     0x00002303      0xa41 ..\obj\tasks.o
                                0xb93 (size before relaxing)
 .debug_str     0x00002d44      0x362 ..\obj\fram_i2c.o
                                0x52e (size before relaxing)
 .debug_str     0x000030a6      0x1ac ..\obj\stm32f4xx_gpio.o
                                0x40e (size before relaxing)
 .debug_str     0x00003252      0x7d6 ..\obj\porttimer.o
                                0xeb5 (size before relaxing)
 .debug_str     0x00003a28      0x121 ..\obj\mbrtu.o
                                0x557 (size before relaxing)
 .debug_str     0x00003b49       0xe8 ..\obj\list.o
                                0x231 (size before relaxing)
 .debug_str     0x00003c31       0xb6 ..\obj\system_stm32f4xx.o
                                0x312 (size before relaxing)
 .debug_str     0x00003ce7      0x263 ..\obj\port.o
                                0x360 (size before relaxing)
 .debug_str     0x00003f4a      0x353 ..\obj\queue.o
                                0x576 (size before relaxing)
 .debug_str     0x0000429d      0x1b4 ..\obj\portserial.o
                               0x1082 (size before relaxing)
 .debug_str     0x00004451      0x3b4 ..\obj\stm32f4xx_spi.o
                                0x5f5 (size before relaxing)
 .debug_str     0x00004805       0xd6 ..\obj\mbfunccoils.o
                                0x34b (size before relaxing)
 .debug_str     0x000048db      0x1c7 ..\obj\ADS1220.o
                                0x716 (size before relaxing)
 .debug_str     0x00004aa2      0x34c ..\obj\stm32f4xx_i2c.o
                                0x5d0 (size before relaxing)
 .debug_str     0x00004dee      0x17f ..\obj\frequency.o
                                0xceb (size before relaxing)
 .debug_str     0x00004f6d      0x1db ..\obj\stm32f4xx_exti.o
                                0x2d9 (size before relaxing)
 .debug_str     0x00005148      0x137 ..\obj\misc.o
                                0x344 (size before relaxing)
 .debug_str     0x0000527f      0x8b1 ..\obj\stm32f4xx_rtc.o
                                0xabe (size before relaxing)
 .debug_str     0x00005b30      0x19b ..\obj\heap_2.o
                                0x284 (size before relaxing)
 .debug_str     0x00005ccb       0x7c ..\obj\controller.o
                                0x217 (size before relaxing)
 .debug_str     0x00005d47      0xa3a ..\obj\stm32f4xx_tim.o
                                0xd3b (size before relaxing)
 .debug_str     0x00006781       0xa3 ..\obj\power_detector.o
                                0x838 (size before relaxing)

.comment        0x00000000       0x5a
 .comment       0x00000000       0x30 ..\obj\mbport.o
                                 0x31 (size before relaxing)
 .comment       0x00000030       0x2a ..\obj\mb.o
                                 0x2b (size before relaxing)
 .comment       0x00000000       0x31 ..\obj\protocol.o
 .comment       0x00000000       0x2b ..\obj\mbfuncdisc.o
 .comment       0x00000000       0x2b ..\obj\portevent.o
 .comment       0x00000000       0x2b ..\obj\mbfuncother.o
 .comment       0x00000000       0x2b ..\obj\stm32f4xx_usart.o
 .comment       0x00000000       0x2b ..\obj\stm32f4xx_pwr.o
 .comment       0x00000000       0x2b ..\obj\rtc.o
 .comment       0x00000000       0x2b ..\obj\mbutils.o
 .comment       0x00000000       0x2b ..\obj\startup_stm32f4xx.o
 .comment       0x00000000       0x2b ..\obj\mbfuncholding.o
 .comment       0x00000000       0x31 ..\obj\main.o
 .comment       0x00000000       0x2b ..\obj\mbcrc.o
 .comment       0x00000000       0x2b ..\obj\stm32f4xx_rcc.o
 .comment       0x00000000       0x31 ..\obj\mbfuncfile.o
 .comment       0x00000000       0x31 ..\obj\log.o
 .comment       0x00000000       0x2b ..\obj\mbfuncinput.o
 .comment       0x00000000       0x31 ..\obj\watchdog.o
 .comment       0x00000000       0x2b ..\obj\tasks.o
 .comment       0x00000000       0x31 ..\obj\fram_i2c.o
 .comment       0x00000000       0x2b ..\obj\stm32f4xx_gpio.o
 .comment       0x00000000       0x2b ..\obj\porttimer.o
 .comment       0x00000000       0x2b ..\obj\mbrtu.o
 .comment       0x00000000       0x2b ..\obj\list.o
 .comment       0x00000000       0x31 ..\obj\system_stm32f4xx.o
 .comment       0x00000000       0x2b ..\obj\port.o
 .comment       0x00000000       0x2b ..\obj\queue.o
 .comment       0x00000000       0x31 ..\obj\portserial.o
 .comment       0x00000000       0x2b ..\obj\stm32f4xx_spi.o
 .comment       0x00000000       0x2b ..\obj\mbfunccoils.o
 .comment       0x00000000       0x31 ..\obj\ADS1220.o
 .comment       0x00000000       0x2b ..\obj\stm32f4xx_i2c.o
 .comment       0x00000000       0x31 ..\obj\frequency.o
 .comment       0x00000000       0x2b ..\obj\stm32f4xx_exti.o
 .comment       0x00000000       0x2b ..\obj\misc.o
 .comment       0x00000000       0x2b ..\obj\stm32f4xx_rtc.o
 .comment       0x00000000       0x2b ..\obj\heap_2.o
 .comment       0x00000000       0x31 ..\obj\controller.o
 .comment       0x00000000       0x2b ..\obj\stm32f4xx_tim.o
 .comment       0x00000000       0x2b ..\obj\power_detector.o

.ARM.attributes
                0x00000000       0x33
 .ARM.attributes
                0x00000000       0x33 ..\obj\mbport.o
 .ARM.attributes
                0x00000033       0x31 ..\obj\mb.o
 .ARM.attributes
                0x00000064       0x33 ..\obj\protocol.o
 .ARM.attributes
                0x00000097       0x31 ..\obj\mbfuncdisc.o
 .ARM.attributes
                0x000000c8       0x31 ..\obj\portevent.o
 .ARM.attributes
                0x000000f9       0x31 ..\obj\mbfuncother.o
 .ARM.attributes
                0x0000012a       0x31 ..\obj\stm32f4xx_usart.o
 .ARM.attributes
                0x0000015b       0x31 ..\obj\stm32f4xx_pwr.o
 .ARM.attributes
                0x0000018c       0x31 ..\obj\rtc.o
 .ARM.attributes
                0x000001bd       0x31 ..\obj\mbutils.o
 .ARM.attributes
                0x000001ee       0x31 ..\obj\startup_stm32f4xx.o
 .ARM.attributes
                0x0000021f       0x31 ..\obj\mbfuncholding.o
 .ARM.attributes
                0x00000250       0x33 ..\obj\main.o
 .ARM.attributes
                0x00000283       0x31 ..\obj\mbcrc.o
 .ARM.attributes
                0x000002b4       0x31 ..\obj\stm32f4xx_rcc.o
 .ARM.attributes
                0x000002e5       0x33 ..\obj\mbfuncfile.o
 .ARM.attributes
                0x00000318       0x33 ..\obj\log.o
 .ARM.attributes
                0x0000034b       0x31 ..\obj\mbfuncinput.o
 .ARM.attributes
                0x0000037c       0x33 ..\obj\watchdog.o
 .ARM.attributes
                0x000003af       0x31 ..\obj\tasks.o
 .ARM.attributes
                0x000003e0       0x33 ..\obj\fram_i2c.o
 .ARM.attributes
                0x00000413       0x31 ..\obj\stm32f4xx_gpio.o
 .ARM.attributes
                0x00000444       0x31 ..\obj\porttimer.o
 .ARM.attributes
                0x00000475       0x31 ..\obj\mbrtu.o
 .ARM.attributes
                0x000004a6       0x31 ..\obj\list.o
 .ARM.attributes
                0x000004d7       0x33 ..\obj\system_stm32f4xx.o
 .ARM.attributes
                0x0000050a       0x31 ..\obj\port.o
 .ARM.attributes
                0x0000053b       0x31 ..\obj\queue.o
 .ARM.attributes
                0x0000056c       0x33 ..\obj\portserial.o
 .ARM.attributes
                0x0000059f       0x31 ..\obj\stm32f4xx_spi.o
 .ARM.attributes
                0x000005d0       0x31 ..\obj\mbfunccoils.o
 .ARM.attributes
                0x00000601       0x33 ..\obj\ADS1220.o
 .ARM.attributes
                0x00000634       0x31 ..\obj\stm32f4xx_i2c.o
 .ARM.attributes
                0x00000665       0x33 ..\obj\frequency.o
 .ARM.attributes
                0x00000698       0x31 ..\obj\stm32f4xx_exti.o
 .ARM.attributes
                0x000006c9       0x31 ..\obj\misc.o
 .ARM.attributes
                0x000006fa       0x31 ..\obj\stm32f4xx_rtc.o
 .ARM.attributes
                0x0000072b       0x31 ..\obj\heap_2.o
 .ARM.attributes
                0x0000075c       0x33 ..\obj\controller.o
 .ARM.attributes
                0x0000078f       0x31 ..\obj\stm32f4xx_tim.o
 .ARM.attributes
                0x000007c0       0x31 ..\obj\power_detector.o
 .ARM.attributes
                0x000007f1       0x19 c:/stm32/arm_eabi/bin/../lib/gcc/arm-none-eabi/4.7.2/thumb2\libgcc.a(_arm_addsubdf3.o)
 .ARM.attributes
                0x0000080a       0x19 c:/stm32/arm_eabi/bin/../lib/gcc/arm-none-eabi/4.7.2/thumb2\libgcc.a(_arm_muldivdf3.o)
 .ARM.attributes
                0x00000823       0x19 c:/stm32/arm_eabi/bin/../lib/gcc/arm-none-eabi/4.7.2/thumb2\libgcc.a(_arm_truncdfsf2.o)
 .ARM.attributes
                0x0000083c       0x19 c:/stm32/arm_eabi/bin/../lib/gcc/arm-none-eabi/4.7.2/thumb2\libgcc.a(_arm_addsubsf3.o)
 .ARM.attributes
                0x00000855       0x19 c:/stm32/arm_eabi/bin/../lib/gcc/arm-none-eabi/4.7.2/thumb2\libgcc.a(_arm_muldivsf3.o)
 .ARM.attributes
                0x0000086e       0x29 c:/stm32/arm_eabi/bin/../lib/gcc/arm-none-eabi/4.7.2/../../../../arm-none-eabi/lib/thumb2\libc.a(lib_a-memcmp.o)
 .ARM.attributes
                0x00000897       0x29 c:/stm32/arm_eabi/bin/../lib/gcc/arm-none-eabi/4.7.2/../../../../arm-none-eabi/lib/thumb2\libc.a(lib_a-memcpy.o)
 .ARM.attributes
                0x000008c0       0x29 c:/stm32/arm_eabi/bin/../lib/gcc/arm-none-eabi/4.7.2/../../../../arm-none-eabi/lib/thumb2\libc.a(lib_a-memset.o)

.debug_frame    0x00000000     0x3d90
 .debug_frame   0x00000000       0xd8 ..\obj\mbport.o
 .debug_frame   0x000000d8       0xd4 ..\obj\mb.o
 .debug_frame   0x000001ac       0x70 ..\obj\protocol.o
 .debug_frame   0x0000021c       0x30 ..\obj\mbfuncdisc.o
 .debug_frame   0x0000024c       0x64 ..\obj\portevent.o
 .debug_frame   0x000002b0       0x50 ..\obj\mbfuncother.o
 .debug_frame   0x00000300      0x344 ..\obj\stm32f4xx_usart.o
 .debug_frame   0x00000644      0x15c ..\obj\stm32f4xx_pwr.o
 .debug_frame   0x000007a0       0x30 ..\obj\rtc.o
 .debug_frame   0x000007d0       0x68 ..\obj\mbutils.o
 .debug_frame   0x00000838       0x48 ..\obj\startup_stm32f4xx.o
 .debug_frame   0x00000880       0x90 ..\obj\mbfuncholding.o
 .debug_frame   0x00000910       0x9c ..\obj\main.o
 .debug_frame   0x000009ac       0x2c ..\obj\mbcrc.o
 .debug_frame   0x000009d8      0x4d8 ..\obj\stm32f4xx_rcc.o
 .debug_frame   0x00000eb0       0x30 ..\obj\mbfuncfile.o
 .debug_frame   0x00000ee0       0x94 ..\obj\log.o
 .debug_frame   0x00000f74       0x30 ..\obj\mbfuncinput.o
 .debug_frame   0x00000fa4       0x88 ..\obj\watchdog.o
 .debug_frame   0x0000102c      0x53c ..\obj\tasks.o
 .debug_frame   0x00001568       0xd0 ..\obj\fram_i2c.o
 .debug_frame   0x00001638      0x19c ..\obj\stm32f4xx_gpio.o
 .debug_frame   0x000017d4      0x138 ..\obj\porttimer.o
 .debug_frame   0x0000190c      0x110 ..\obj\mbrtu.o
 .debug_frame   0x00001a1c       0x9c ..\obj\list.o
 .debug_frame   0x00001ab8       0x64 ..\obj\system_stm32f4xx.o
 .debug_frame   0x00001b1c      0x178 ..\obj\port.o
 .debug_frame   0x00001c94      0x290 ..\obj\queue.o
 .debug_frame   0x00001f24      0x19c ..\obj\portserial.o
 .debug_frame   0x000020c0      0x2d0 ..\obj\stm32f4xx_spi.o
 .debug_frame   0x00002390       0x70 ..\obj\mbfunccoils.o
 .debug_frame   0x00002400      0x12c ..\obj\ADS1220.o
 .debug_frame   0x0000252c      0x3b4 ..\obj\stm32f4xx_i2c.o
 .debug_frame   0x000028e0       0xa8 ..\obj\frequency.o
 .debug_frame   0x00002988       0xec ..\obj\stm32f4xx_exti.o
 .debug_frame   0x00002a74       0x9c ..\obj\misc.o
 .debug_frame   0x00002b10      0x670 ..\obj\stm32f4xx_rtc.o
 .debug_frame   0x00003180       0x9c ..\obj\heap_2.o
 .debug_frame   0x0000321c       0x48 ..\obj\controller.o
 .debug_frame   0x00003264      0xa3c ..\obj\stm32f4xx_tim.o
 .debug_frame   0x00003ca0       0x64 ..\obj\power_detector.o
 .debug_frame   0x00003d04       0x2c c:/stm32/arm_eabi/bin/../lib/gcc/arm-none-eabi/4.7.2/../../../../arm-none-eabi/lib/thumb2\libc.a(lib_a-memcmp.o)
 .debug_frame   0x00003d30       0x34 c:/stm32/arm_eabi/bin/../lib/gcc/arm-none-eabi/4.7.2/../../../../arm-none-eabi/lib/thumb2\libc.a(lib_a-memcpy.o)
 .debug_frame   0x00003d64       0x2c c:/stm32/arm_eabi/bin/../lib/gcc/arm-none-eabi/4.7.2/../../../../arm-none-eabi/lib/thumb2\libc.a(lib_a-memset.o)

.debug_pubnames
                0x00000000     0x27fb
 .debug_pubnames
                0x00000000       0x66 ..\obj\mb.o
 .debug_pubnames
                0x00000066       0x30 ..\obj\mbfuncdisc.o
 .debug_pubnames
                0x00000096       0x50 ..\obj\portevent.o
 .debug_pubnames
                0x000000e6       0x3d ..\obj\mbfuncother.o
 .debug_pubnames
                0x00000123      0x294 ..\obj\stm32f4xx_usart.o
 .debug_pubnames
                0x000003b7      0x120 ..\obj\stm32f4xx_pwr.o
 .debug_pubnames
                0x000004d7       0x25 ..\obj\rtc.o
 .debug_pubnames
                0x000004fc       0x52 ..\obj\mbutils.o
 .debug_pubnames
                0x0000054e       0x4a ..\obj\startup_stm32f4xx.o
 .debug_pubnames
                0x00000598       0xa5 ..\obj\mbfuncholding.o
 .debug_pubnames
                0x0000063d       0x20 ..\obj\mbcrc.o
 .debug_pubnames
                0x0000065d      0x417 ..\obj\stm32f4xx_rcc.o
 .debug_pubnames
                0x00000a74       0x2f ..\obj\mbfuncinput.o
 .debug_pubnames
                0x00000aa3      0x350 ..\obj\tasks.o
 .debug_pubnames
                0x00000df3      0x12d ..\obj\stm32f4xx_gpio.o
 .debug_pubnames
                0x00000f20       0xf0 ..\obj\porttimer.o
 .debug_pubnames
                0x00001010       0xa6 ..\obj\mbrtu.o
 .debug_pubnames
                0x000010b6       0x72 ..\obj\list.o
 .debug_pubnames
                0x00001128      0x144 ..\obj\port.o
 .debug_pubnames
                0x0000126c      0x18c ..\obj\queue.o
 .debug_pubnames
                0x000013f8      0x221 ..\obj\stm32f4xx_spi.o
 .debug_pubnames
                0x00001619       0x5a ..\obj\mbfunccoils.o
 .debug_pubnames
                0x00001673      0x2cb ..\obj\stm32f4xx_i2c.o
 .debug_pubnames
                0x0000193e       0xbb ..\obj\stm32f4xx_exti.o
 .debug_pubnames
                0x000019f9       0x89 ..\obj\misc.o
 .debug_pubnames
                0x00001a82      0x514 ..\obj\stm32f4xx_rtc.o
 .debug_pubnames
                0x00001f96       0x64 ..\obj\heap_2.o
 .debug_pubnames
                0x00001ffa      0x7c4 ..\obj\stm32f4xx_tim.o
 .debug_pubnames
                0x000027be       0x3d ..\obj\power_detector.o

.debug_pubtypes
                0x00000000     0x1408
 .debug_pubtypes
                0x00000000      0x17e ..\obj\mb.o
 .debug_pubtypes
                0x0000017e       0x6e ..\obj\mbfuncdisc.o
 .debug_pubtypes
                0x000001ec       0x52 ..\obj\portevent.o
 .debug_pubtypes
                0x0000023e       0x82 ..\obj\mbfuncother.o
 .debug_pubtypes
                0x000002c0       0xcd ..\obj\stm32f4xx_usart.o
 .debug_pubtypes
                0x0000038d       0x84 ..\obj\stm32f4xx_pwr.o
 .debug_pubtypes
                0x00000411       0x4b ..\obj\rtc.o
 .debug_pubtypes
                0x0000045c       0x79 ..\obj\mbutils.o
 .debug_pubtypes
                0x000004d5       0x6e ..\obj\mbfuncholding.o
 .debug_pubtypes
                0x00000543       0x40 ..\obj\mbcrc.o
 .debug_pubtypes
                0x00000583       0xaa ..\obj\stm32f4xx_rcc.o
 .debug_pubtypes
                0x0000062d       0x6e ..\obj\mbfuncinput.o
 .debug_pubtypes
                0x0000069b      0x191 ..\obj\tasks.o
 .debug_pubtypes
                0x0000082c       0xce ..\obj\stm32f4xx_gpio.o
 .debug_pubtypes
                0x000008fa      0x1ad ..\obj\porttimer.o
 .debug_pubtypes
                0x00000aa7      0x115 ..\obj\mbrtu.o
 .debug_pubtypes
                0x00000bbc       0x98 ..\obj\list.o
 .debug_pubtypes
                0x00000c54       0x7c ..\obj\port.o
 .debug_pubtypes
                0x00000cd0      0x122 ..\obj\queue.o
 .debug_pubtypes
                0x00000df2       0xbc ..\obj\stm32f4xx_spi.o
 .debug_pubtypes
                0x00000eae       0x6e ..\obj\mbfunccoils.o
 .debug_pubtypes
                0x00000f1c       0xbe ..\obj\stm32f4xx_i2c.o
 .debug_pubtypes
                0x00000fda       0xae ..\obj\stm32f4xx_exti.o
 .debug_pubtypes
                0x00001088       0x8c ..\obj\misc.o
 .debug_pubtypes
                0x00001114       0xd8 ..\obj\stm32f4xx_rtc.o
 .debug_pubtypes
                0x000011ec       0x73 ..\obj\heap_2.o
 .debug_pubtypes
                0x0000125f       0xe4 ..\obj\stm32f4xx_tim.o
 .debug_pubtypes
                0x00001343       0xc5 ..\obj\power_detector.o
