Archive member included because of file (symbol)

c:/coocox/coide/gcc/sourcery g++ lite/bin/../lib/gcc/arm-none-eabi/4.5.1/thumb2\libgcc.a(_arm_addsubdf3.o)
                              ..\obj\ADS1120.o (__aeabi_dadd)
c:/coocox/coide/gcc/sourcery g++ lite/bin/../lib/gcc/arm-none-eabi/4.5.1/thumb2\libgcc.a(_arm_muldivdf3.o)
                              ..\obj\ADS1120.o (__aeabi_dmul)
c:/coocox/coide/gcc/sourcery g++ lite/bin/../lib/gcc/arm-none-eabi/4.5.1/thumb2\libgcc.a(_arm_truncdfsf2.o)
                              ..\obj\ADS1120.o (__aeabi_d2f)
c:/coocox/coide/gcc/sourcery g++ lite/bin/../lib/gcc/arm-none-eabi/4.5.1/thumb2\libgcc.a(_arm_addsubsf3.o)
                              ..\obj\ADS1120.o (__aeabi_i2f)
c:/coocox/coide/gcc/sourcery g++ lite/bin/../lib/gcc/arm-none-eabi/4.5.1/../../../../arm-none-eabi/lib/thumb2\libc.a(lib_a-memcmp.o)
                              ..\obj\tasks.o (memcmp)
c:/coocox/coide/gcc/sourcery g++ lite/bin/../lib/gcc/arm-none-eabi/4.5.1/../../../../arm-none-eabi/lib/thumb2\libc.a(lib_a-memcpy.o)
                              ..\obj\mbfuncother.o (memcpy)
c:/coocox/coide/gcc/sourcery g++ lite/bin/../lib/gcc/arm-none-eabi/4.5.1/../../../../arm-none-eabi/lib/thumb2\libc.a(lib_a-memset.o)
                              ..\obj\tasks.o (memset)

Allocating common symbols
Common symbol       size              file

ADC_result          0x4               ..\obj\ADS1120.o
stContext_RS485     0x174             ..\obj\protocol.o
adc_reg             0x1               ..\obj\ADS1120.o
xSPI_Buf_Mutex      0x4               ..\obj\ADS1120.o
ADC_result_temp     0x4               ..\obj\ADS1120.o
task_watches        0x50              ..\obj\watchdog.o

Discarded input sections

 .text          0x00000000        0x0 ..\obj\stm32f4xx_syscfg.o
 .data          0x00000000        0x0 ..\obj\stm32f4xx_syscfg.o
 .bss           0x00000000        0x0 ..\obj\stm32f4xx_syscfg.o
 .text.SYSCFG_DeInit
                0x00000000       0x20 ..\obj\stm32f4xx_syscfg.o
 .text.SYSCFG_MemoryRemapConfig
                0x00000000       0x20 ..\obj\stm32f4xx_syscfg.o
 .text.SYSCFG_EXTILineConfig
                0x00000000       0xb4 ..\obj\stm32f4xx_syscfg.o
 .text.SYSCFG_ETH_MediaInterfaceConfig
                0x00000000       0x20 ..\obj\stm32f4xx_syscfg.o
 .text.SYSCFG_CompensationCellCmd
                0x00000000       0x20 ..\obj\stm32f4xx_syscfg.o
 .text.SYSCFG_GetCompensationCellStatus
                0x00000000       0x3c ..\obj\stm32f4xx_syscfg.o
 .text          0x00000000        0x0 ..\obj\mbport.o
 .text          0x00000000        0x0 ..\obj\mb.o
 .bss           0x00000000        0x0 ..\obj\mb.o
 .text.eMBRegisterCB
                0x00000000      0x114 ..\obj\mb.o
 .text.eMBClose
                0x00000000       0x3c ..\obj\mb.o
 .text.eMBDisable
                0x00000000       0x60 ..\obj\mb.o
 .text          0x00000000        0x0 ..\obj\protocol.o
 .data          0x00000000        0x0 ..\obj\protocol.o
 .bss           0x00000000        0x0 ..\obj\protocol.o
 .text.Modbus_RS232_Task
                0x00000000       0x14 ..\obj\protocol.o
 .text          0x00000000        0x0 ..\obj\mbfuncdisc.o
 .data          0x00000000        0x0 ..\obj\mbfuncdisc.o
 .bss           0x00000000        0x0 ..\obj\mbfuncdisc.o
 .text          0x00000000        0x0 ..\obj\core_cm3.o
 .data          0x00000000        0x0 ..\obj\core_cm3.o
 .bss           0x00000000        0x0 ..\obj\core_cm3.o
 .text.__get_PSP
                0x00000000       0x10 ..\obj\core_cm3.o
 .text.__set_PSP
                0x00000000        0x8 ..\obj\core_cm3.o
 .text.__get_MSP
                0x00000000       0x10 ..\obj\core_cm3.o
 .text.__set_MSP
                0x00000000        0x8 ..\obj\core_cm3.o
 .text.__get_BASEPRI
                0x00000000       0x20 ..\obj\core_cm3.o
 .text.__set_BASEPRI
                0x00000000       0x18 ..\obj\core_cm3.o
 .text.__get_PRIMASK
                0x00000000       0x20 ..\obj\core_cm3.o
 .text.__set_PRIMASK
                0x00000000       0x18 ..\obj\core_cm3.o
 .text.__get_FAULTMASK
                0x00000000       0x20 ..\obj\core_cm3.o
 .text.__set_FAULTMASK
                0x00000000       0x18 ..\obj\core_cm3.o
 .text.__get_CONTROL
                0x00000000       0x20 ..\obj\core_cm3.o
 .text.__set_CONTROL
                0x00000000       0x18 ..\obj\core_cm3.o
 .text.__REV    0x00000000       0x24 ..\obj\core_cm3.o
 .text.__REV16  0x00000000       0x24 ..\obj\core_cm3.o
 .text.__REVSH  0x00000000       0x24 ..\obj\core_cm3.o
 .text.__RBIT   0x00000000       0x24 ..\obj\core_cm3.o
 .text.__LDREXB
                0x00000000       0x24 ..\obj\core_cm3.o
 .text.__LDREXH
                0x00000000       0x24 ..\obj\core_cm3.o
 .text.__LDREXW
                0x00000000       0x24 ..\obj\core_cm3.o
 .text.__STREXB
                0x00000000       0x2c ..\obj\core_cm3.o
 .text.__STREXH
                0x00000000       0x2c ..\obj\core_cm3.o
 .text.__STREXW
[...]
Memory Configuration

Name             Origin             Length             Attributes
rom              0x08000000         0x00100000         xr
ram              0x20000000         0x00020000         xrw
ram1             0x10000000         0x00010000         xrw
*default*        0x00000000         0xffffffff

Linker script and memory map

                0x20020000                _eram = 0x20020000

.text           0x08000000     0x43fe
 *(.isr_vector .isr_vector.*)
 .isr_vector    0x08000000      0x188 ..\obj\startup_stm32f4xx.o
                0x08000000                g_pfnVectors
 *(.text .text.* .gnu.linkonce.t.*)
 .text.ENTER_CRITICAL_SECTION
                0x08000188        0xc ..\obj\mbport.o
                0x08000188                ENTER_CRITICAL_SECTION
 .text.EXIT_CRITICAL_SECTION
                0x08000194        0xc ..\obj\mbport.o
                0x08000194                EXIT_CRITICAL_SECTION
 .text.eMBRegInputCB
                0x080001a0      0x114 ..\obj\mbport.o
                0x080001a0                eMBRegInputCB
 .text.eMBRegHoldingCB
                0x080002b4       0x24 ..\obj\mbport.o
                0x080002b4                eMBRegHoldingCB
 .text.eMBRegCoilsCB
                0x080002d8       0x20 ..\obj\mbport.o
                0x080002d8                eMBRegCoilsCB
 .text.eMBRegDiscreteCB
                0x080002f8       0x20 ..\obj\mbport.o
                0x080002f8                eMBRegDiscreteCB
 .text.eMBInit  0x08000318      0x110 ..\obj\mb.o
                0x08000318                eMBInit
 .text.eMBEnable
                0x08000428       0x50 ..\obj\mb.o
                0x08000428                eMBEnable
 .text.eMBPoll  0x08000478      0x1c0 ..\obj\mb.o
                0x08000478                eMBPoll
 .text.Protocol_Init
                0x08000638       0x84 ..\obj\protocol.o
                0x08000638                Protocol_Init
 .text.Modbus_RS485_Task
                0x080006bc       0x50 ..\obj\protocol.o
 .text.eMBFuncReadDiscreteInputs
                0x0800070c      0x130 ..\obj\mbfuncdisc.o
                0x0800070c                eMBFuncReadDiscreteInputs
 .text.xMBPortEventInit
                0x0800083c       0x20 ..\obj\portevent.o
                0x0800083c                xMBPortEventInit
 .text.xMBPortEventPost
                0x0800085c       0x2c ..\obj\portevent.o
                0x0800085c                xMBPortEventPost
 .text.xMBPortEventGet
                0x08000888       0x3c ..\obj\portevent.o
                0x08000888                xMBPortEventGet
 .text.eMBFuncReportSlaveID
                0x080008c4       0x4c ..\obj\mbfuncother.o
                0x080008c4                eMBFuncReportSlaveID
 .text.USART_Init
                0x08000910      0x1bc ..\obj\stm32f4xx_usart.o
                0x08000910                USART_Init
 .text.USART_Cmd
                0x08000acc       0x40 ..\obj\stm32f4xx_usart.o
                0x08000acc                USART_Cmd
 .text.USART_SendData
                0x08000b0c       0x28 ..\obj\stm32f4xx_usart.o
                0x08000b0c                USART_SendData
 .text.USART_ReceiveData
                0x08000b34       0x24 ..\obj\stm32f4xx_usart.o
                0x08000b34                USART_ReceiveData
 .text.USART_ITConfig
                0x08000b58       0xa8 ..\obj\stm32f4xx_usart.o
                0x08000b58                USART_ITConfig
 .text.USART_GetFlagStatus
                0x08000c00       0x40 ..\obj\stm32f4xx_usart.o
                0x08000c00                USART_GetFlagStatus
 .text.USART_ClearFlag
                0x08000c40       0x24 ..\obj\stm32f4xx_usart.o
                0x08000c40                USART_ClearFlag
 .text.USART_GetITStatus
                0x08000c64       0xcc ..\obj\stm32f4xx_usart.o
                0x08000c64                USART_GetITStatus
 .text.prveMBError2Exception
                0x08000d30       0x48 ..\obj\mbutils.o
                0x08000d30                prveMBError2Exception
 .text.Default_Reset_Handler
                0x08000d78       0x68 ..\obj\startup_stm32f4xx.o
                0x08000d78                Default_Reset_Handler
                0x08000d78                Reset_Handler
 .text.Default_Handler
                0x08000de0        0x8 ..\obj\startup_stm32f4xx.o
                0x08000de0                RTC_Alarm_IRQHandler
                0x08000de0                HASH_RNG_IRQHandler
                0x08000de0                EXTI2_IRQHandler
                0x08000de0                TIM8_CC_IRQHandler
                0x08000de0                DebugMon_Handler
                0x08000de0                TIM1_CC_IRQHandler
                0x08000de0                DMA2_Stream5_IRQHandler
                0x08000de0                HardFault_Handler
                0x08000de0                DMA1_Stream5_IRQHandler
                0x08000de0                SDIO_IRQHandler
                0x08000de0                TAMP_STAMP_IRQHandler
                0x08000de0                NMI_Handler
                0x08000de0                CAN2_RX1_IRQHandler
                0x08000de0                EXTI3_IRQHandler
                0x08000de0                TIM8_TRG_COM_TIM14_IRQHandler
                0x08000de0                TIM1_UP_TIM10_IRQHandler
                0x08000de0                TIM8_UP_TIM13_IRQHandler
                0x08000de0                I2C3_ER_IRQHandler
                0x08000de0                EXTI0_IRQHandler
                0x08000de0                I2C2_EV_IRQHandler
                0x08000de0                DMA1_Stream2_IRQHandler
                0x08000de0                CAN1_RX0_IRQHandler
                0x08000de0                FPU_IRQHandler
                0x08000de0                OTG_HS_WKUP_IRQHandler
                0x08000de0                UsageFault_Handler
                0x08000de0                CAN2_SCE_IRQHandler
                0x08000de0                DMA2_Stream2_IRQHandler
                0x08000de0                SPI1_IRQHandler
                0x08000de0                TIM6_DAC_IRQHandler
                0x08000de0                TIM1_BRK_TIM9_IRQHandler
                0x08000de0                DCMI_IRQHandler
                0x08000de0                CAN2_RX0_IRQHandler
                0x08000de0                DMA2_Stream3_IRQHandler
                0x08000de0                USART6_IRQHandler
                0x08000de0                CRYP_IRQHandler
                0x08000de0                CAN1_RX1_IRQHandler
                0x08000de0                UART5_IRQHandler
                0x08000de0                DMA2_Stream0_IRQHandler
                0x08000de0                I2C1_EV_IRQHandler
                0x08000de0                DMA1_Stream6_IRQHandler
                0x08000de0                DMA1_Stream1_IRQHandler
                0x08000de0                UART4_IRQHandler
                0x08000de0                TIM3_IRQHandler
                0x08000de0                RCC_IRQHandler
                0x08000de0                TIM8_BRK_TIM12_IRQHandler
                0x08000de0                EXTI15_10_IRQHandler
                0x08000de0                ADC_IRQHandler
                0x08000de0                DMA1_Stream7_IRQHandler
                0x08000de0                TIM7_IRQHandler
                0x08000de0                CAN2_TX_IRQHandler
                0x08000de0                TIM5_IRQHandler
                0x08000de0                DMA2_Stream7_IRQHandler
                0x08000de0                I2C3_EV_IRQHandler
                0x08000de0                EXTI9_5_IRQHandler
                0x08000de0                RTC_WKUP_IRQHandler
                0x08000de0                ETH_WKUP_IRQHandler
                0x08000de0                SPI2_IRQHandler
                0x08000de0                OTG_HS_EP1_IN_IRQHandler
                0x08000de0                MemManage_Handler
                0x08000de0                DMA1_Stream0_IRQHandler
                0x08000de0                CAN1_TX_IRQHandler
                0x08000de0                EXTI4_IRQHandler
                0x08000de0                FSMC_IRQHandler
                0x08000de0                ETH_IRQHandler
                0x08000de0                OTG_HS_EP1_OUT_IRQHandler
                0x08000de0                WWDG_IRQHandler
                0x08000de0                TIM2_IRQHandler
                0x08000de0                OTG_FS_WKUP_IRQHandler
                0x08000de0                TIM1_TRG_COM_TIM11_IRQHandler
                0x08000de0                OTG_HS_IRQHandler
                0x08000de0                EXTI1_IRQHandler
                0x08000de0                USART2_IRQHandler
                0x08000de0                I2C2_ER_IRQHandler
                0x08000de0                DMA2_Stream1_IRQHandler
                0x08000de0                CAN1_SCE_IRQHandler
                0x08000de0                FLASH_IRQHandler
                0x08000de0                DMA2_Stream4_IRQHandler
                0x08000de0                BusFault_Handler
                0x08000de0                USART1_IRQHandler
                0x08000de0                OTG_FS_IRQHandler
                0x08000de0                SPI3_IRQHandler
                0x08000de0                DMA1_Stream4_IRQHandler
                0x08000de0                I2C1_ER_IRQHandler
                0x08000de0                DMA2_Stream6_IRQHandler
                0x08000de0                DMA1_Stream3_IRQHandler
 .text.eMBFuncWriteHoldingRegister
                0x08000de8       0x84 ..\obj\mbfuncholding.o
                0x08000de8                eMBFuncWriteHoldingRegister
 .text.eMBFuncWriteMultipleHoldingRegister
                0x08000e6c       0xdc ..\obj\mbfuncholding.o
                0x08000e6c                eMBFuncWriteMultipleHoldingRegister
 .text.eMBFuncReadHoldingRegister
                0x08000f48      0x10c ..\obj\mbfuncholding.o
                0x08000f48                eMBFuncReadHoldingRegister
 .text.eMBFuncReadWriteMultipleHoldingRegister
                0x08001054      0x1a0 ..\obj\mbfuncholding.o
                0x08001054                eMBFuncReadWriteMultipleHoldingRegister
 .text.main     0x080011f4       0x14 ..\obj\main.o
                0x080011f4                main
 .text.vApplicationMallocFailedHook
                0x08001208        0x8 ..\obj\main.o
                0x08001208                vApplicationMallocFailedHook
 .text.vApplicationStackOverflowHook
                0x08001210        0xc ..\obj\main.o
                0x08001210                vApplicationStackOverflowHook
 .text.vApplicationIdleHook
                0x0800121c       0x18 ..\obj\main.o
                0x0800121c                vApplicationIdleHook
 .text.usMBCRC16
                0x08001234       0x90 ..\obj\mbcrc.o
                0x08001234                usMBCRC16
 .text.RCC_GetClocksFreq
                0x080012c4      0x1d4 ..\obj\stm32f4xx_rcc.o
                0x080012c4                RCC_GetClocksFreq
 .text.RCC_AHB1PeriphClockCmd
                0x08001498       0x5c ..\obj\stm32f4xx_rcc.o
                0x08001498                RCC_AHB1PeriphClockCmd
 .text.RCC_APB1PeriphClockCmd
                0x080014f4       0x5c ..\obj\stm32f4xx_rcc.o
                0x080014f4                RCC_APB1PeriphClockCmd
 .text.eMBFuncReadInputRegister
                0x08001550      0x110 ..\obj\mbfuncinput.o
                0x08001550                eMBFuncReadInputRegister
 .text.xTaskGenericCreate
                0x08001660      0x1b8 ..\obj\tasks.o
                0x08001660                xTaskGenericCreate
 .text.vTaskDelay
                0x08001818       0xa4 ..\obj\tasks.o
                0x08001818                vTaskDelay
 .text.vTaskStartScheduler
                0x080018bc       0x7c ..\obj\tasks.o
                0x080018bc                vTaskStartScheduler
 .text.vTaskSuspendAll
                0x08001938       0x24 ..\obj\tasks.o
                0x08001938                vTaskSuspendAll
 .text.xTaskResumeAll
                0x0800195c      0x178 ..\obj\tasks.o
                0x0800195c                xTaskResumeAll
 .text.xTaskIncrementTick
                0x08001ad4      0x204 ..\obj\tasks.o
                0x08001ad4                xTaskIncrementTick
 .text.vTaskSwitchContext
                0x08001cd8      0x14c ..\obj\tasks.o
                0x08001cd8                vTaskSwitchContext
 .text.prvIdleTask
                0x08001e24       0x24 ..\obj\tasks.o
 .text.prvInitialiseTCBVariables
                0x08001e48       0xbc ..\obj\tasks.o
 .text.prvInitialiseTaskLists
                0x08001f04       0xa4 ..\obj\tasks.o
 .text.prvCheckTasksWaitingTermination
                0x08001fa8       0x98 ..\obj\tasks.o
 .text.prvAddCurrentTaskToDelayedList
                0x08002040       0x8c ..\obj\tasks.o
 .text.prvAllocateTCBAndStack
                0x080020cc       0x7c ..\obj\tasks.o
 .text.prvDeleteTCB
                0x08002148       0x20 ..\obj\tasks.o
 .text.prvResetNextTaskUnblockTime
                0x08002168       0x5c ..\obj\tasks.o
 .text.GPIO_Init
                0x080021c4      0x158 ..\obj\stm32f4xx_gpio.o
                0x080021c4                GPIO_Init
 .text.GPIO_PinAFConfig
                0x0800231c       0xb0 ..\obj\stm32f4xx_gpio.o
                0x0800231c                GPIO_PinAFConfig
 .text.RS485TimersInit
                0x080023cc       0xe0 ..\obj\porttimer.o
                0x080023cc                RS485TimersInit
 .text.RS485TimersEnable
                0x080024ac       0x4c ..\obj\porttimer.o
                0x080024ac                RS485TimersEnable
 .text.RS485TimersDisable
                0x080024f8       0x4c ..\obj\porttimer.o
                0x080024f8                RS485TimersDisable
 .text.TIM4_IRQHandler
                0x08002544       0x54 ..\obj\porttimer.o
                0x08002544                TIM4_IRQHandler
 .text.RS485TimerContextInit
                0x08002598       0x7c ..\obj\porttimer.o
                0x08002598                RS485TimerContextInit
 .text.eMBRTUInit
                0x08002614       0x88 ..\obj\mbrtu.o
                0x08002614                eMBRTUInit
 .text.eMBRTUStart
                0x0800269c       0x38 ..\obj\mbrtu.o
                0x0800269c                eMBRTUStart
 .text.eMBRTUStop
                0x080026d4       0x30 ..\obj\mbrtu.o
                0x080026d4                eMBRTUStop
 .text.eMBRTUReceive
                0x08002704       0x90 ..\obj\mbrtu.o
                0x08002704                eMBRTUReceive
 .text.eMBRTUSend
                0x08002794       0xe8 ..\obj\mbrtu.o
                0x08002794                eMBRTUSend
 .text.xMBRTUReceiveFSM
                0x0800287c       0xd0 ..\obj\mbrtu.o
                0x0800287c                xMBRTUReceiveFSM
 .text.xMBRTUTransmitFSM
                0x0800294c       0xb0 ..\obj\mbrtu.o
                0x0800294c                xMBRTUTransmitFSM
 .text.xMBRTUTimerT35Expired
                0x080029fc       0x60 ..\obj\mbrtu.o
                0x080029fc                xMBRTUTimerT35Expired
 .text.vListInitialise
                0x08002a5c       0x48 ..\obj\list.o
                0x08002a5c                vListInitialise
 .text.vListInitialiseItem
                0x08002aa4       0x1c ..\obj\list.o
                0x08002aa4                vListInitialiseItem
 .text.vListInsertEnd
                0x08002ac0       0x48 ..\obj\list.o
                0x08002ac0                vListInsertEnd
 .text.vListInsert
                0x08002b08       0x74 ..\obj\list.o
                0x08002b08                vListInsert
 .text.uxListRemove
                0x08002b7c       0x58 ..\obj\list.o
                0x08002b7c                uxListRemove
 .text.SystemInit
                0x08002bd4       0x94 ..\obj\system_stm32f4xx.o
                0x08002bd4                SystemInit
 .text.SetSysClock
                0x08002c68      0x154 ..\obj\system_stm32f4xx.o
 .text.pxPortInitialiseStack
                0x08002dbc       0x64 ..\obj\port.o
                0x08002dbc                pxPortInitialiseStack
 .text.prvTaskExitError
                0x08002e20       0x20 ..\obj\port.o
 .text.SVC_Handler
                0x08002e40       0x24 ..\obj\port.o
                0x08002e40                SVC_Handler
 .text.prvPortStartFirstTask
                0x08002e64       0x20 ..\obj\port.o
 .text.xPortStartScheduler
                0x08002e84      0x10c ..\obj\port.o
                0x08002e84                xPortStartScheduler
 .text.vPortYield
                0x08002f90       0x20 ..\obj\port.o
                0x08002f90                vPortYield
 .text.vPortEnterCritical
                0x08002fb0       0x50 ..\obj\port.o
                0x08002fb0                vPortEnterCritical
 .text.vPortExitCritical
                0x08003000       0x48 ..\obj\port.o
                0x08003000                vPortExitCritical
 .text.ulPortSetInterruptMask
                0x08003048       0x14 ..\obj\port.o
                0x08003048                ulPortSetInterruptMask
 .text.vPortClearInterruptMask
                0x0800305c        0x8 ..\obj\port.o
                0x0800305c                vPortClearInterruptMask
 .text.PendSV_Handler
                0x08003064       0x44 ..\obj\port.o
                0x08003064                PendSV_Handler
 .text.SysTick_Handler
                0x080030a8       0x2c ..\obj\port.o
                0x080030a8                SysTick_Handler
 .text.vPortSetupTimerInterrupt
                0x080030d4       0x28 ..\obj\port.o
                0x080030d4                vPortSetupTimerInterrupt
 .text.NVIC_EnableIRQ
                0x080030fc       0x38 ..\obj\portserial.o
 .text.RS485SerialEnable
                0x08003134      0x194 ..\obj\portserial.o
                0x08003134                RS485SerialEnable
 .text.RS485SerialInit
                0x080032c8      0x16c ..\obj\portserial.o
                0x080032c8                RS485SerialInit
 .text.RS485SerialPutByte
                0x08003434       0x44 ..\obj\portserial.o
                0x08003434                RS485SerialPutByte
 .text.RS485SerialGetByte
                0x08003478       0x3c ..\obj\portserial.o
                0x08003478                RS485SerialGetByte
 .text.USART3_IRQHandler
                0x080034b4       0xdc ..\obj\portserial.o
                0x080034b4                USART3_IRQHandler
 .text.RS485SerialContextInit
                0x08003590       0x90 ..\obj\portserial.o
                0x08003590                RS485SerialContextInit
 .text.eMBFuncReadCoils
                0x08003620      0x134 ..\obj\mbfunccoils.o
                0x08003620                eMBFuncReadCoils
 .text.eMBFuncWriteCoil
                0x08003754       0xcc ..\obj\mbfunccoils.o
                0x08003754                eMBFuncWriteCoil
 .text.eMBFuncWriteMultipleCoils
                0x08003820       0xfc ..\obj\mbfunccoils.o
                0x08003820                eMBFuncWriteMultipleCoils
 .text.EXTI_GetITStatus
                0x0800391c       0x60 ..\obj\stm32f4xx_exti.o
                0x0800391c                EXTI_GetITStatus
 .text.EXTI_ClearITPendingBit
                0x0800397c       0x20 ..\obj\stm32f4xx_exti.o
                0x0800397c                EXTI_ClearITPendingBit
 .text.NVIC_PriorityGroupConfig
                0x0800399c       0x28 ..\obj\misc.o
                0x0800399c                NVIC_PriorityGroupConfig
 .text.NVIC_Init
                0x080039c4       0xe8 ..\obj\misc.o
                0x080039c4                NVIC_Init
 .text.pvPortMalloc
                0x08003aac      0x164 ..\obj\heap_2.o
                0x08003aac                pvPortMalloc
 .text.vPortFree
                0x08003c10       0x88 ..\obj\heap_2.o
                0x08003c10                vPortFree
 .text.xPortGetFreeHeapSize
                0x08003c98       0x18 ..\obj\heap_2.o
                0x08003c98                xPortGetFreeHeapSize
 .text.prvHeapInit
                0x08003cb0       0x6c ..\obj\heap_2.o
 .text.TIM_TimeBaseInit
                0x08003d1c       0xf8 ..\obj\stm32f4xx_tim.o
                0x08003d1c                TIM_TimeBaseInit
 .text.TIM_SetCounter
                0x08003e14       0x1c ..\obj\stm32f4xx_tim.o
                0x08003e14                TIM_SetCounter
 .text.TIM_ARRPreloadConfig
                0x08003e30       0x40 ..\obj\stm32f4xx_tim.o
                0x08003e30                TIM_ARRPreloadConfig
 .text.TIM_Cmd  0x08003e70       0x40 ..\obj\stm32f4xx_tim.o
                0x08003e70                TIM_Cmd
 .text.TIM_ITConfig
                0x08003eb0       0x4c ..\obj\stm32f4xx_tim.o
                0x08003eb0                TIM_ITConfig
 .text.TIM_ClearITPendingBit
                0x08003efc       0x24 ..\obj\stm32f4xx_tim.o
                0x08003efc                TIM_ClearITPendingBit
 .text.NVIC_SystemReset
                0x08003f20       0x34 ..\obj\power_detector.o
 .text.PVD_IRQHandler
                0x08003f54       0x20 ..\obj\power_detector.o
                0x08003f54                PVD_IRQHandler
 .text          0x08003f74       0x58 c:/coocox/coide/gcc/sourcery g++ lite/bin/../lib/gcc/arm-none-eabi/4.5.1/../../../../arm-none-eabi/lib/thumb2\libc.a(lib_a-memcmp.o)
                0x08003f74                memcmp
 .text          0x08003fcc      0x150 c:/coocox/coide/gcc/sourcery g++ lite/bin/../lib/gcc/arm-none-eabi/4.5.1/../../../../arm-none-eabi/lib/thumb2\libc.a(lib_a-memcpy.o)
                0x08003fcc                memcpy
 .text          0x0800411c       0xb4 c:/coocox/coide/gcc/sourcery g++ lite/bin/../lib/gcc/arm-none-eabi/4.5.1/../../../../arm-none-eabi/lib/thumb2\libc.a(lib_a-memset.o)
                0x0800411c                memset
 *(.glue_7t)
 .glue_7t       0x00000000        0x0 linker stubs
 *(.glue_7)
 .glue_7        0x00000000        0x0 linker stubs
 *(.rodata .rodata* .gnu.linkonce.r.*)
 .rodata        0x080041d0       0x10 ..\obj\protocol.o
 .rodata        0x080041e0      0x200 ..\obj\mbcrc.o
 .rodata        0x080043e0       0x1c ..\obj\tasks.o
 .rodata        0x080043fc        0x2 ..\obj\heap_2.o

.vfp11_veneer   0x08004400        0x0 load address 0x080043fe
 .vfp11_veneer  0x00000000        0x0 linker stubs

.v4_bx          0x08004400        0x0 load address 0x080043fe
 .v4_bx         0x00000000        0x0 linker stubs

.ARM.extab
 *(.ARM.extab* .gnu.linkonce.armextab.*)

.ARM.exidx
 *(.ARM.exidx* .gnu.linkonce.armexidx.*)
                0x08004400                . = ALIGN (0x4)
                0x08004400                _etext = .
                0x08004400                _sidata = .

.data           0x20000000       0xbc load address 0x08004400
                0x20000000                _sdata = .
 *(.data .data.*)
 .data          0x20000000        0xc ..\obj\mbport.o
                0x20000000                usRegHoldingBuf
                0x20000004                REG_INPUT_START
                0x20000005                REG_HOLDING_START
                0x20000006                REG_INPUT_NREGS
                0x20000007                REG_HOLDING_NREGS
                0x20000008                usRegInputStart
                0x20000009                usRegHoldingStart
 .data          0x2000000c       0x80 ..\obj\mb.o
 .data          0x2000008c       0x10 ..\obj\stm32f4xx_rcc.o
 .data          0x2000009c        0x4 ..\obj\tasks.o
 .data          0x200000a0       0x14 ..\obj\system_stm32f4xx.o
                0x200000a0                SystemCoreClock
                0x200000a4                AHBPrescTable
 .data          0x200000b4        0x4 ..\obj\port.o
 .data          0x200000b8        0x4 ..\obj\heap_2.o
                0x200000bc                . = ALIGN (0x4)
                0x200000bc                _edata = .

.bss            0x200000bc     0x440c load address 0x080044bc
                0x200000bc                _sbss = .
 *(.bss .bss.*)
 .bss           0x200000bc      0x100 ..\obj\mbport.o
 .bss           0x200001bc       0x24 ..\obj\mbfuncother.o
 .bss           0x200001e0       0xfc ..\obj\tasks.o
                0x200001e0                pxCurrentTCB
 .bss           0x200002dc        0x4 ..\obj\porttimer.o
 .bss           0x200002e0        0x8 ..\obj\port.o
 .bss           0x200002e8        0x8 ..\obj\portserial.o
 .bss           0x200002f0     0x4014 ..\obj\heap_2.o
 *(COMMON)
 COMMON         0x20004304      0x174 ..\obj\protocol.o
                0x20004304                stContext_RS485
 COMMON         0x20004478       0x50 ..\obj\watchdog.o
                0x20004478                task_watches
                0x200044c8                . = ALIGN (0x4)
                0x200044c8                _ebss = .

.co_stack       0x200044c8      0x800 load address 0x080088c8
                0x200044c8                . = ALIGN (0x8)
 *(.co_stack .co_stack.*)
 .co_stack      0x200044c8      0x800 ..\obj\startup_stm32f4xx.o
                0x200044c8                pulStack
                0x20004cc8                . = ALIGN (0x4)
                0x20004cc8                _end = .
LOAD ..\obj\stm32f4xx_syscfg.o
LOAD ..\obj\mbport.o
LOAD ..\obj\mb.o
LOAD ..\obj\protocol.o
LOAD ..\obj\mbfuncdisc.o
LOAD ..\obj\core_cm3.o
LOAD ..\obj\portevent.o
LOAD ..\obj\mbfuncother.o
LOAD ..\obj\stm32f4xx_usart.o
LOAD ..\obj\stm32f4xx_pwr.o
LOAD ..\obj\rtc.o
LOAD ..\obj\mbutils.o
LOAD ..\obj\startup_stm32f4xx.o
LOAD ..\obj\backup_sram.o
LOAD ..\obj\stm32f4xx_iwdg.o
LOAD ..\obj\ADS1120.o
LOAD ..\obj\mbfuncholding.o
LOAD ..\obj\main.o
LOAD ..\obj\mbcrc.o
LOAD ..\obj\stm32f4xx_rcc.o
LOAD ..\obj\timers.o
LOAD ..\obj\mbfuncinput.o
LOAD ..\obj\printf.o
LOAD ..\obj\watchdog.o
LOAD ..\obj\mbfuncdiag.o
LOAD ..\obj\tasks.o
LOAD ..\obj\stm32f4xx_gpio.o
LOAD ..\obj\porttimer.o
LOAD ..\obj\mbrtu.o
LOAD ..\obj\list.o
LOAD ..\obj\system_stm32f4xx.o
LOAD ..\obj\syscalls.o
LOAD ..\obj\port.o
LOAD ..\obj\queue.o
LOAD ..\obj\portserial.o
LOAD ..\obj\croutine.o
LOAD ..\obj\stm32f4xx_spi.o
LOAD ..\obj\mbfunccoils.o
LOAD ..\obj\event_groups.o
LOAD ..\obj\frequency.o
LOAD ..\obj\stm32f4xx_exti.o
LOAD ..\obj\misc.o
LOAD ..\obj\stm32f4xx_rtc.o
LOAD ..\obj\mbascii.o
LOAD ..\obj\heap_2.o
LOAD ..\obj\stm32f4xx_tim.o
LOAD ..\obj\power_detector.o
START GROUP
LOAD c:/coocox/coide/gcc/sourcery g++ lite/bin/../lib/gcc/arm-none-eabi/4.5.1/thumb2\libgcc.a
LOAD c:/coocox/coide/gcc/sourcery g++ lite/bin/../lib/gcc/arm-none-eabi/4.5.1/../../../../arm-none-eabi/lib/thumb2\libc.a
END GROUP
OUTPUT(IMS_CONTROLLER.elf elf32-littlearm)

.debug_abbrev   0x00000000     0x3405
 .debug_abbrev  0x00000000      0x12a ..\obj\stm32f4xx_syscfg.o
 .debug_abbrev  0x0000012a      0x132 ..\obj\mbport.o
 .debug_abbrev  0x0000025c      0x199 ..\obj\mb.o
 .debug_abbrev  0x000003f5      0x171 ..\obj\protocol.o
 .debug_abbrev  0x00000566       0xa5 ..\obj\mbfuncdisc.o
 .debug_abbrev  0x0000060b       0xd5 ..\obj\core_cm3.o
 .debug_abbrev  0x000006e0       0xc1 ..\obj\portevent.o
 .debug_abbrev  0x000007a1       0xbe ..\obj\mbfuncother.o
 .debug_abbrev  0x0000085f      0x14e ..\obj\stm32f4xx_usart.o
 .debug_abbrev  0x000009ad      0x175 ..\obj\stm32f4xx_pwr.o
 .debug_abbrev  0x00000b22      0x125 ..\obj\rtc.o
 .debug_abbrev  0x00000c47       0xd2 ..\obj\mbutils.o
 .debug_abbrev  0x00000d19       0xac ..\obj\startup_stm32f4xx.o
 .debug_abbrev  0x00000dc5       0xa7 ..\obj\backup_sram.o
 .debug_abbrev  0x00000e6c       0xfa ..\obj\stm32f4xx_iwdg.o
 .debug_abbrev  0x00000f66      0x17a ..\obj\ADS1120.o
 .debug_abbrev  0x000010e0       0xa5 ..\obj\mbfuncholding.o
 .debug_abbrev  0x00001185       0xc0 ..\obj\main.o
 .debug_abbrev  0x00001245       0x90 ..\obj\mbcrc.o
 .debug_abbrev  0x000012d5      0x1b7 ..\obj\stm32f4xx_rcc.o
 .debug_abbrev  0x0000148c       0x28 ..\obj\timers.o
 .debug_abbrev  0x000014b4       0xa5 ..\obj\mbfuncinput.o
 .debug_abbrev  0x00001559      0x238 ..\obj\printf.o
 .debug_abbrev  0x00001791      0x120 ..\obj\watchdog.o
 .debug_abbrev  0x000018b1        0x1 ..\obj\mbfuncdiag.o
 .debug_abbrev  0x000018b2      0x206 ..\obj\tasks.o
 .debug_abbrev  0x00001ab8      0x182 ..\obj\stm32f4xx_gpio.o
 .debug_abbrev  0x00001c3a      0x1b6 ..\obj\porttimer.o
 .debug_abbrev  0x00001df0      0x180 ..\obj\mbrtu.o
 .debug_abbrev  0x00001f70       0xb8 ..\obj\list.o
 .debug_abbrev  0x00002028      0x140 ..\obj\system_stm32f4xx.o
 .debug_abbrev  0x00002168       0xde ..\obj\syscalls.o
 .debug_abbrev  0x00002246      0x186 ..\obj\port.o
 .debug_abbrev  0x000023cc      0x132 ..\obj\queue.o
 .debug_abbrev  0x000024fe      0x1c4 ..\obj\portserial.o
 .debug_abbrev  0x000026c2      0x17f ..\obj\croutine.o
 .debug_abbrev  0x00002841      0x160 ..\obj\stm32f4xx_spi.o
 .debug_abbrev  0x000029a1       0xb7 ..\obj\mbfunccoils.o
 .debug_abbrev  0x00002a58      0x10f ..\obj\event_groups.o
 .debug_abbrev  0x00002b67        0x1 ..\obj\frequency.o
 .debug_abbrev  0x00002b68      0x198 ..\obj\stm32f4xx_exti.o
 .debug_abbrev  0x00002d00      0x126 ..\obj\misc.o
 .debug_abbrev  0x00002e26      0x16b ..\obj\stm32f4xx_rtc.o
 .debug_abbrev  0x00002f91       0x4d ..\obj\mbascii.o
 .debug_abbrev  0x00002fde      0x15f ..\obj\heap_2.o
 .debug_abbrev  0x0000313d      0x163 ..\obj\stm32f4xx_tim.o
 .debug_abbrev  0x000032a0      0x165 ..\obj\power_detector.o

.debug_info     0x00000000    0x11f5c
 .debug_info    0x00000000      0x27a ..\obj\stm32f4xx_syscfg.o
 .debug_info    0x0000027a      0x3bb ..\obj\mbport.o
 .debug_info    0x00000635      0x9a1 ..\obj\mb.o
 .debug_info    0x00000fd6      0x87b ..\obj\protocol.o
 .debug_info    0x00001851      0x1f9 ..\obj\mbfuncdisc.o
 .debug_info    0x00001a4a      0x548 ..\obj\core_cm3.o
 .debug_info    0x00001f92      0x1c4 ..\obj\portevent.o
 .debug_info    0x00002156      0x25c ..\obj\mbfuncother.o
 .debug_info    0x000023b2      0xa4f ..\obj\stm32f4xx_usart.o
 .debug_info    0x00002e01      0x53e ..\obj\stm32f4xx_pwr.o
 .debug_info    0x0000333f      0x2a8 ..\obj\rtc.o
 .debug_info    0x000035e7      0x2d1 ..\obj\mbutils.o
 .debug_info    0x000038b8      0x135 ..\obj\startup_stm32f4xx.o
 .debug_info    0x000039ed      0x11f ..\obj\backup_sram.o
 .debug_info    0x00003b0c      0x20b ..\obj\stm32f4xx_iwdg.o
 .debug_info    0x00003d17      0x6cb ..\obj\ADS1120.o
 .debug_info    0x000043e2      0x38e ..\obj\mbfuncholding.o
 .debug_info    0x00004770      0x181 ..\obj\main.o
 .debug_info    0x000048f1      0x13e ..\obj\mbcrc.o
 .debug_info    0x00004a2f      0xd24 ..\obj\stm32f4xx_rcc.o
 .debug_info    0x00005753       0x6f ..\obj\timers.o
 .debug_info    0x000057c2      0x1eb ..\obj\mbfuncinput.o
 .debug_info    0x000059ad      0xed2 ..\obj\printf.o
 .debug_info    0x0000687f      0x1ab ..\obj\watchdog.o
 .debug_info    0x00006a2a        0x0 ..\obj\mbfuncdiag.o
 .debug_info    0x00006a2a     0x12a7 ..\obj\tasks.o
 .debug_info    0x00007cd1      0x639 ..\obj\stm32f4xx_gpio.o
 .debug_info    0x0000830a      0xd40 ..\obj\porttimer.o
 .debug_info    0x0000904a      0x7fd ..\obj\mbrtu.o
 .debug_info    0x00009847      0x2b5 ..\obj\list.o
 .debug_info    0x00009afc      0x5ea ..\obj\system_stm32f4xx.o
 .debug_info    0x0000a0e6      0x440 ..\obj\syscalls.o
 .debug_info    0x0000a526      0x330 ..\obj\port.o
 .debug_info    0x0000a856      0x9ea ..\obj\queue.o
 .debug_info    0x0000b240      0xfe6 ..\obj\portserial.o
 .debug_info    0x0000c226      0x4ec ..\obj\croutine.o
 .debug_info    0x0000c712      0xbcc ..\obj\stm32f4xx_spi.o
 .debug_info    0x0000d2de      0x31e ..\obj\mbfunccoils.o
 .debug_info    0x0000d5fc      0x639 ..\obj\event_groups.o
 .debug_info    0x0000dc35        0x0 ..\obj\frequency.o
 .debug_info    0x0000dc35      0x372 ..\obj\stm32f4xx_exti.o
 .debug_info    0x0000dfa7      0x594 ..\obj\misc.o
 .debug_info    0x0000e53b     0x1223 ..\obj\stm32f4xx_rtc.o
 .debug_info    0x0000f75e       0x9b ..\obj\mbascii.o
 .debug_info    0x0000f7f9      0x2e3 ..\obj\heap_2.o
 .debug_info    0x0000fadc     0x1e28 ..\obj\stm32f4xx_tim.o
 .debug_info    0x00011904      0x658 ..\obj\power_detector.o

.debug_line     0x00000000     0x8ec3
 .debug_line    0x00000000      0x202 ..\obj\stm32f4xx_syscfg.o
 .debug_line    0x00000202      0x292 ..\obj\mbport.o
 .debug_line    0x00000494      0x326 ..\obj\mb.o
 .debug_line    0x000007ba      0x321 ..\obj\protocol.o
 .debug_line    0x00000adb      0x1ed ..\obj\mbfuncdisc.o
 .debug_line    0x00000cc8      0x28e ..\obj\core_cm3.o
 .debug_line    0x00000f56      0x1d1 ..\obj\portevent.o
 .debug_line    0x00001127      0x259 ..\obj\mbfuncother.o
 .debug_line    0x00001380      0x49c ..\obj\stm32f4xx_usart.o
 .debug_line    0x0000181c      0x29f ..\obj\stm32f4xx_pwr.o
 .debug_line    0x00001abb      0x2b6 ..\obj\rtc.o
 .debug_line    0x00001d71      0x261 ..\obj\mbutils.o
 .debug_line    0x00001fd2       0xaf ..\obj\startup_stm32f4xx.o
 .debug_line    0x00002081      0x1a8 ..\obj\backup_sram.o
 .debug_line    0x00002229      0x1f9 ..\obj\stm32f4xx_iwdg.o
 .debug_line    0x00002422      0x3e7 ..\obj\ADS1120.o
 .debug_line    0x00002809      0x283 ..\obj\mbfuncholding.o
 .debug_line    0x00002a8c      0x2ad ..\obj\main.o
 .debug_line    0x00002d39      0x164 ..\obj\mbcrc.o
 .debug_line    0x00002e9d      0x598 ..\obj\stm32f4xx_rcc.o
 .debug_line    0x00003435       0x1d ..\obj\timers.o
 .debug_line    0x00003452      0x1e3 ..\obj\mbfuncinput.o
 .debug_line    0x00003635      0x3cf ..\obj\printf.o
 .debug_line    0x00003a04      0x257 ..\obj\watchdog.o
 .debug_line    0x00003c5b        0x0 ..\obj\mbfuncdiag.o
 .debug_line    0x00003c5b      0xab6 ..\obj\tasks.o
 .debug_line    0x00004711      0x337 ..\obj\stm32f4xx_gpio.o
 .debug_line    0x00004a48      0x353 ..\obj\porttimer.o
 .debug_line    0x00004d9b      0x293 ..\obj\mbrtu.o
 .debug_line    0x0000502e      0x241 ..\obj\list.o
 .debug_line    0x0000526f      0x21b ..\obj\system_stm32f4xx.o
 .debug_line    0x0000548a      0x19d ..\obj\syscalls.o
 .debug_line    0x00005627      0x30a ..\obj\port.o
 .debug_line    0x00005931      0x6fb ..\obj\queue.o
 .debug_line    0x0000602c      0x426 ..\obj\portserial.o
 .debug_line    0x00006452      0x30d ..\obj\croutine.o
 .debug_line    0x0000675f      0x44c ..\obj\stm32f4xx_spi.o
 .debug_line    0x00006bab      0x25b ..\obj\mbfunccoils.o
 .debug_line    0x00006e06      0x395 ..\obj\event_groups.o
 .debug_line    0x0000719b        0x0 ..\obj\frequency.o
 .debug_line    0x0000719b      0x2a1 ..\obj\stm32f4xx_exti.o
 .debug_line    0x0000743c      0x23d ..\obj\misc.o
 .debug_line    0x00007679      0x80f ..\obj\stm32f4xx_rtc.o
 .debug_line    0x00007e88       0xde ..\obj\mbascii.o
 .debug_line    0x00007f66      0x28b ..\obj\heap_2.o
 .debug_line    0x000081f1      0xa71 ..\obj\stm32f4xx_tim.o
 .debug_line    0x00008c62      0x261 ..\obj\power_detector.o

.debug_loc      0x00000000     0x6ffa
 .debug_loc     0x00000000      0x144 ..\obj\stm32f4xx_syscfg.o
 .debug_loc     0x00000144      0x138 ..\obj\mbport.o
 .debug_loc     0x0000027c      0x150 ..\obj\mb.o
 .debug_loc     0x000003cc       0xa8 ..\obj\protocol.o
 .debug_loc     0x00000474       0x38 ..\obj\mbfuncdisc.o
 .debug_loc     0x000004ac      0x3f0 ..\obj\core_cm3.o
 .debug_loc     0x0000089c       0xa8 ..\obj\portevent.o
 .debug_loc     0x00000944       0x70 ..\obj\mbfuncother.o
 .debug_loc     0x000009b4      0x658 ..\obj\stm32f4xx_usart.o
 .debug_loc     0x0000100c      0x288 ..\obj\stm32f4xx_pwr.o
 .debug_loc     0x00001294       0x70 ..\obj\rtc.o
 .debug_loc     0x00001304       0xa8 ..\obj\mbutils.o
 .debug_loc     0x000013ac       0x64 ..\obj\startup_stm32f4xx.o
 .debug_loc     0x00001410       0x64 ..\obj\backup_sram.o
 .debug_loc     0x00001474      0x138 ..\obj\stm32f4xx_iwdg.o
 .debug_loc     0x000015ac      0x144 ..\obj\ADS1120.o
 .debug_loc     0x000016f0       0xe0 ..\obj\mbfuncholding.o
 .debug_loc     0x000017d0      0x100 ..\obj\main.o
 .debug_loc     0x000018d0       0x38 ..\obj\mbcrc.o
 .debug_loc     0x00001908      0x97c ..\obj\stm32f4xx_rcc.o
 .debug_loc     0x00002284       0x38 ..\obj\mbfuncinput.o
 .debug_loc     0x000022bc      0x3ea ..\obj\printf.o
 .debug_loc     0x000026a6       0x70 ..\obj\watchdog.o
 .debug_loc     0x00002716      0x92c ..\obj\tasks.o
 .debug_loc     0x00003042      0x310 ..\obj\stm32f4xx_gpio.o
 .debug_loc     0x00003352       0xf4 ..\obj\porttimer.o
 .debug_loc     0x00003446      0x1c0 ..\obj\mbrtu.o
 .debug_loc     0x00003606      0x118 ..\obj\list.o
 .debug_loc     0x0000371e       0x9c ..\obj\system_stm32f4xx.o
 .debug_loc     0x000037ba      0x1ec ..\obj\syscalls.o
 .debug_loc     0x000039a6      0x1dc ..\obj\port.o
 .debug_loc     0x00003b82      0x460 ..\obj\queue.o
 .debug_loc     0x00003fe2      0x17c ..\obj\portserial.o
 .debug_loc     0x0000415e      0x188 ..\obj\croutine.o
 .debug_loc     0x000042e6      0x578 ..\obj\stm32f4xx_spi.o
 .debug_loc     0x0000485e       0xa8 ..\obj\mbfunccoils.o
 .debug_loc     0x00004906      0x230 ..\obj\event_groups.o
 .debug_loc     0x00004b36      0x1b4 ..\obj\stm32f4xx_exti.o
 .debug_loc     0x00004cea      0x118 ..\obj\misc.o
 .debug_loc     0x00004e02      0xc48 ..\obj\stm32f4xx_rtc.o
 .debug_loc     0x00005a4a      0x100 ..\obj\heap_2.o
 .debug_loc     0x00005b4a     0x1420 ..\obj\stm32f4xx_tim.o
 .debug_loc     0x00006f6a       0x90 ..\obj\power_detector.o

.debug_pubnames
                0x00000000     0x2e8e
 .debug_pubnames
                0x00000000       0xc3 ..\obj\stm32f4xx_syscfg.o
 .debug_pubnames
                0x000000c3      0x126 ..\obj\mbport.o
 .debug_pubnames
                0x000001e9       0x66 ..\obj\mb.o
 .debug_pubnames
                0x0000024f       0x38 ..\obj\protocol.o
 .debug_pubnames
                0x00000287       0x30 ..\obj\mbfuncdisc.o
 .debug_pubnames
                0x000002b7      0x159 ..\obj\core_cm3.o
 .debug_pubnames
                0x00000410       0x50 ..\obj\portevent.o
 .debug_pubnames
                0x00000460       0x3d ..\obj\mbfuncother.o
 .debug_pubnames
                0x0000049d      0x294 ..\obj\stm32f4xx_usart.o
 .debug_pubnames
                0x00000731      0x120 ..\obj\stm32f4xx_pwr.o
 .debug_pubnames
                0x00000851       0x46 ..\obj\rtc.o
 .debug_pubnames
                0x00000897       0x52 ..\obj\mbutils.o
 .debug_pubnames
                0x000008e9       0x4a ..\obj\startup_stm32f4xx.o
 .debug_pubnames
                0x00000933       0x41 ..\obj\backup_sram.o
 .debug_pubnames
                0x00000974       0x91 ..\obj\stm32f4xx_iwdg.o
 .debug_pubnames
                0x00000a05       0x9f ..\obj\ADS1120.o
 .debug_pubnames
                0x00000aa4       0xa5 ..\obj\mbfuncholding.o
 .debug_pubnames
                0x00000b49       0x90 ..\obj\main.o
 .debug_pubnames
                0x00000bd9       0x20 ..\obj\mbcrc.o
 .debug_pubnames
                0x00000bf9      0x417 ..\obj\stm32f4xx_rcc.o
 .debug_pubnames
                0x00001010       0x2f ..\obj\mbfuncinput.o
 .debug_pubnames
                0x0000103f      0x101 ..\obj\printf.o
 .debug_pubnames
                0x00001140       0x35 ..\obj\watchdog.o
 .debug_pubnames
                0x00001175      0x350 ..\obj\tasks.o
 .debug_pubnames
                0x000014c5      0x12d ..\obj\stm32f4xx_gpio.o
 .debug_pubnames
                0x000015f2       0x81 ..\obj\porttimer.o
 .debug_pubnames
                0x00001673       0xa6 ..\obj\mbrtu.o
 .debug_pubnames
                0x00001719       0x72 ..\obj\list.o
 .debug_pubnames
                0x0000178b       0x61 ..\obj\system_stm32f4xx.o
 .debug_pubnames
                0x000017ec       0x71 ..\obj\syscalls.o
 .debug_pubnames
                0x0000185d      0x144 ..\obj\port.o
 .debug_pubnames
                0x000019a1      0x18c ..\obj\queue.o
 .debug_pubnames
                0x00001b2d       0x9b ..\obj\portserial.o
 .debug_pubnames
                0x00001bc8       0x96 ..\obj\croutine.o
 .debug_pubnames
                0x00001c5e      0x221 ..\obj\stm32f4xx_spi.o
 .debug_pubnames
                0x00001e7f       0x5a ..\obj\mbfunccoils.o
 .debug_pubnames
                0x00001ed9       0xf8 ..\obj\event_groups.o
 .debug_pubnames
                0x00001fd1       0xbb ..\obj\stm32f4xx_exti.o
 .debug_pubnames
                0x0000208c       0x89 ..\obj\misc.o
 .debug_pubnames
                0x00002115      0x514 ..\obj\stm32f4xx_rtc.o
 .debug_pubnames
                0x00002629       0x64 ..\obj\heap_2.o
 .debug_pubnames
                0x0000268d      0x7c4 ..\obj\stm32f4xx_tim.o
 .debug_pubnames
                0x00002e51       0x3d ..\obj\power_detector.o

.debug_pubtypes
                0x00000000     0x1f8b
 .debug_pubtypes
                0x00000000       0x6d ..\obj\stm32f4xx_syscfg.o
 .debug_pubtypes
                0x0000006d       0x80 ..\obj\mbport.o
 .debug_pubtypes
                0x000000ed      0x17e ..\obj\mb.o
 .debug_pubtypes
                0x0000026b      0x17d ..\obj\protocol.o
 .debug_pubtypes
                0x000003e8       0x6e ..\obj\mbfuncdisc.o
 .debug_pubtypes
                0x00000456       0x50 ..\obj\core_cm3.o
 .debug_pubtypes
                0x000004a6       0x52 ..\obj\portevent.o
 .debug_pubtypes
                0x000004f8       0x82 ..\obj\mbfuncother.o
 .debug_pubtypes
                0x0000057a       0xcd ..\obj\stm32f4xx_usart.o
 .debug_pubtypes
                0x00000647       0x84 ..\obj\stm32f4xx_pwr.o
 .debug_pubtypes
                0x000006cb       0x83 ..\obj\rtc.o
 .debug_pubtypes
                0x0000074e       0x79 ..\obj\mbutils.o
 .debug_pubtypes
                0x000007c7       0x37 ..\obj\backup_sram.o
 .debug_pubtypes
                0x000007fe       0x64 ..\obj\stm32f4xx_iwdg.o
 .debug_pubtypes
                0x00000862      0x12b ..\obj\ADS1120.o
 .debug_pubtypes
                0x0000098d       0x6e ..\obj\mbfuncholding.o
 .debug_pubtypes
                0x000009fb       0x49 ..\obj\main.o
 .debug_pubtypes
                0x00000a44       0x40 ..\obj\mbcrc.o
 .debug_pubtypes
                0x00000a84       0xaa ..\obj\stm32f4xx_rcc.o
 .debug_pubtypes
                0x00000b2e       0x12 ..\obj\timers.o
 .debug_pubtypes
                0x00000b40       0x6e ..\obj\mbfuncinput.o
 .debug_pubtypes
                0x00000bae      0x139 ..\obj\printf.o
 .debug_pubtypes
                0x00000ce7       0x63 ..\obj\watchdog.o
 .debug_pubtypes
                0x00000d4a      0x191 ..\obj\tasks.o
 .debug_pubtypes
                0x00000edb       0xce ..\obj\stm32f4xx_gpio.o
 .debug_pubtypes
                0x00000fa9      0x1ad ..\obj\porttimer.o
 .debug_pubtypes
                0x00001156      0x115 ..\obj\mbrtu.o
 .debug_pubtypes
                0x0000126b       0x98 ..\obj\list.o
 .debug_pubtypes
                0x00001303       0x73 ..\obj\system_stm32f4xx.o
 .debug_pubtypes
                0x00001376       0xaa ..\obj\syscalls.o
 .debug_pubtypes
                0x00001420       0x7c ..\obj\port.o
 .debug_pubtypes
                0x0000149c      0x122 ..\obj\queue.o
 .debug_pubtypes
                0x000015be      0x257 ..\obj\portserial.o
 .debug_pubtypes
                0x00001815      0x107 ..\obj\croutine.o
 .debug_pubtypes
                0x0000191c       0xbc ..\obj\stm32f4xx_spi.o
 .debug_pubtypes
                0x000019d8       0x6e ..\obj\mbfunccoils.o
 .debug_pubtypes
                0x00001a46       0xf9 ..\obj\event_groups.o
 .debug_pubtypes
                0x00001b3f       0xae ..\obj\stm32f4xx_exti.o
 .debug_pubtypes
                0x00001bed       0x8c ..\obj\misc.o
 .debug_pubtypes
                0x00001c79       0xd8 ..\obj\stm32f4xx_rtc.o
 .debug_pubtypes
                0x00001d51       0x1e ..\obj\mbascii.o
 .debug_pubtypes
                0x00001d6f       0x73 ..\obj\heap_2.o
 .debug_pubtypes
                0x00001de2       0xe4 ..\obj\stm32f4xx_tim.o
 .debug_pubtypes
                0x00001ec6       0xc5 ..\obj\power_detector.o

.debug_aranges  0x00000000     0x1490
 .debug_aranges
                0x00000000       0x48 ..\obj\stm32f4xx_syscfg.o
 .debug_aranges
                0x00000048       0x48 ..\obj\mbport.o
 .debug_aranges
                0x00000090       0x48 ..\obj\mb.o
 .debug_aranges
                0x000000d8       0x30 ..\obj\protocol.o
 .debug_aranges
                0x00000108       0x20 ..\obj\mbfuncdisc.o
 .debug_aranges
                0x00000128       0xc8 ..\obj\core_cm3.o
 .debug_aranges
                0x000001f0       0x30 ..\obj\portevent.o
 .debug_aranges
                0x00000220       0x28 ..\obj\mbfuncother.o
 .debug_aranges
                0x00000248      0x100 ..\obj\stm32f4xx_usart.o
 .debug_aranges
                0x00000348       0x78 ..\obj\stm32f4xx_pwr.o
 .debug_aranges
                0x000003c0       0x28 ..\obj\rtc.o
 .debug_aranges
                0x000003e8       0x30 ..\obj\mbutils.o
 .debug_aranges
                0x00000418       0x28 ..\obj\startup_stm32f4xx.o
 .debug_aranges
                0x00000440       0x28 ..\obj\backup_sram.o
 .debug_aranges
                0x00000468       0x48 ..\obj\stm32f4xx_iwdg.o
 .debug_aranges
                0x000004b0       0x48 ..\obj\ADS1120.o
 .debug_aranges
                0x000004f8       0x38 ..\obj\mbfuncholding.o
 .debug_aranges
                0x00000530       0x40 ..\obj\main.o
 .debug_aranges
                0x00000570       0x20 ..\obj\mbcrc.o
 .debug_aranges
                0x00000590      0x178 ..\obj\stm32f4xx_rcc.o
 .debug_aranges
                0x00000708       0x20 ..\obj\mbfuncinput.o
 .debug_aranges
                0x00000728       0xa0 ..\obj\printf.o
 .debug_aranges
                0x000007c8       0x28 ..\obj\watchdog.o
 .debug_aranges
                0x000007f0      0x170 ..\obj\tasks.o
 .debug_aranges
                0x00000960       0x88 ..\obj\stm32f4xx_gpio.o
 .debug_aranges
                0x000009e8       0x40 ..\obj\porttimer.o
 .debug_aranges
                0x00000a28       0x58 ..\obj\mbrtu.o
 .debug_aranges
                0x00000a80       0x40 ..\obj\list.o
 .debug_aranges
                0x00000ac0       0x30 ..\obj\system_stm32f4xx.o
 .debug_aranges
                0x00000af0       0x60 ..\obj\syscalls.o
 .debug_aranges
                0x00000b50       0x90 ..\obj\port.o
 .debug_aranges
                0x00000be0       0xb8 ..\obj\queue.o
 .debug_aranges
                0x00000c98       0x50 ..\obj\portserial.o
 .debug_aranges
                0x00000ce8       0x50 ..\obj\croutine.o
 .debug_aranges
                0x00000d38       0xe0 ..\obj\stm32f4xx_spi.o
 .debug_aranges
                0x00000e18       0x30 ..\obj\mbfunccoils.o
 .debug_aranges
                0x00000e48       0x68 ..\obj\event_groups.o
 .debug_aranges
                0x00000eb0       0x58 ..\obj\stm32f4xx_exti.o
 .debug_aranges
                0x00000f08       0x40 ..\obj\misc.o
 .debug_aranges
                0x00000f48      0x1e0 ..\obj\stm32f4xx_rtc.o
 .debug_aranges
                0x00001128       0x40 ..\obj\heap_2.o
 .debug_aranges
                0x00001168      0x2f8 ..\obj\stm32f4xx_tim.o
 .debug_aranges
                0x00001460       0x30 ..\obj\power_detector.o

.debug_ranges   0x00000000     0x11e0
 .debug_ranges  0x00000000       0x38 ..\obj\stm32f4xx_syscfg.o
 .debug_ranges  0x00000038       0x38 ..\obj\mbport.o
 .debug_ranges  0x00000070       0x38 ..\obj\mb.o
 .debug_ranges  0x000000a8       0x20 ..\obj\protocol.o
 .debug_ranges  0x000000c8       0x10 ..\obj\mbfuncdisc.o
 .debug_ranges  0x000000d8       0xb8 ..\obj\core_cm3.o
 .debug_ranges  0x00000190       0x20 ..\obj\portevent.o
 .debug_ranges  0x000001b0       0x18 ..\obj\mbfuncother.o
 .debug_ranges  0x000001c8       0xf0 ..\obj\stm32f4xx_usart.o
 .debug_ranges  0x000002b8       0x68 ..\obj\stm32f4xx_pwr.o
 .debug_ranges  0x00000320       0x18 ..\obj\rtc.o
 .debug_ranges  0x00000338       0x20 ..\obj\mbutils.o
 .debug_ranges  0x00000358       0x18 ..\obj\startup_stm32f4xx.o
 .debug_ranges  0x00000370       0x18 ..\obj\backup_sram.o
 .debug_ranges  0x00000388       0x38 ..\obj\stm32f4xx_iwdg.o
 .debug_ranges  0x000003c0       0x38 ..\obj\ADS1120.o
 .debug_ranges  0x000003f8       0x28 ..\obj\mbfuncholding.o
 .debug_ranges  0x00000420       0x30 ..\obj\main.o
 .debug_ranges  0x00000450       0x10 ..\obj\mbcrc.o
 .debug_ranges  0x00000460      0x168 ..\obj\stm32f4xx_rcc.o
 .debug_ranges  0x000005c8       0x10 ..\obj\mbfuncinput.o
 .debug_ranges  0x000005d8       0x90 ..\obj\printf.o
 .debug_ranges  0x00000668       0x18 ..\obj\watchdog.o
 .debug_ranges  0x00000680      0x160 ..\obj\tasks.o
 .debug_ranges  0x000007e0       0x78 ..\obj\stm32f4xx_gpio.o
 .debug_ranges  0x00000858       0x30 ..\obj\porttimer.o
 .debug_ranges  0x00000888       0x48 ..\obj\mbrtu.o
 .debug_ranges  0x000008d0       0x30 ..\obj\list.o
 .debug_ranges  0x00000900       0x20 ..\obj\system_stm32f4xx.o
 .debug_ranges  0x00000920       0x50 ..\obj\syscalls.o
 .debug_ranges  0x00000970       0x80 ..\obj\port.o
 .debug_ranges  0x000009f0       0xa8 ..\obj\queue.o
 .debug_ranges  0x00000a98       0x40 ..\obj\portserial.o
 .debug_ranges  0x00000ad8       0x40 ..\obj\croutine.o
 .debug_ranges  0x00000b18       0xd0 ..\obj\stm32f4xx_spi.o
 .debug_ranges  0x00000be8       0x20 ..\obj\mbfunccoils.o
 .debug_ranges  0x00000c08       0x58 ..\obj\event_groups.o
 .debug_ranges  0x00000c60       0x48 ..\obj\stm32f4xx_exti.o
 .debug_ranges  0x00000ca8       0x30 ..\obj\misc.o
 .debug_ranges  0x00000cd8      0x1d0 ..\obj\stm32f4xx_rtc.o
 .debug_ranges  0x00000ea8       0x30 ..\obj\heap_2.o
 .debug_ranges  0x00000ed8      0x2e8 ..\obj\stm32f4xx_tim.o
 .debug_ranges  0x000011c0       0x20 ..\obj\power_detector.o

.debug_str      0x00000000     0x6d70
 .debug_str     0x00000000      0x21d ..\obj\stm32f4xx_syscfg.o
                                0x26a (size before relaxing)
 .debug_str     0x0000021d      0x22b ..\obj\mbport.o
                                0x2de (size before relaxing)
 .debug_str     0x00000448      0x5d4 ..\obj\mb.o
                                0x785 (size before relaxing)
 .debug_str     0x00000a1c      0x1d2 ..\obj\protocol.o
                                0x82a (size before relaxing)
 .debug_str     0x00000bee       0xc3 ..\obj\mbfuncdisc.o
                                0x2e3 (size before relaxing)
 .debug_str     0x00000cb1      0x173 ..\obj\core_cm3.o
                                0x23a (size before relaxing)
 .debug_str     0x00000e24       0x9a ..\obj\portevent.o
                                0x1c1 (size before relaxing)
 .debug_str     0x00000ebe       0xd8 ..\obj\mbfuncother.o
                                0x30c (size before relaxing)
 .debug_str     0x00000f96      0x4e4 ..\obj\stm32f4xx_usart.o
                                0x5fa (size before relaxing)
 .debug_str     0x0000147a      0x1e9 ..\obj\stm32f4xx_pwr.o
                                0x2fc (size before relaxing)
 .debug_str     0x00001663      0x15c ..\obj\rtc.o
                                0x272 (size before relaxing)
 .debug_str     0x000017bf       0xf9 ..\obj\mbutils.o
                                0x320 (size before relaxing)
 .debug_str     0x000018b8       0xbe ..\obj\startup_stm32f4xx.o
                                 0xe9 (size before relaxing)
 .debug_str     0x00001976       0x99 ..\obj\backup_sram.o
                                0x15e (size before relaxing)
 .debug_str     0x00001a0f       0xf6 ..\obj\stm32f4xx_iwdg.o
                                0x1d7 (size before relaxing)
 .debug_str     0x00001b05      0x3bf ..\obj\ADS1120.o
                                0x61d (size before relaxing)
 .debug_str     0x00001ec4      0x155 ..\obj\mbfuncholding.o
                                0x3c1 (size before relaxing)
 .debug_str     0x00002019       0xd6 ..\obj\main.o
                                0x1ab (size before relaxing)
 .debug_str     0x000020ef       0x77 ..\obj\mbcrc.o
                                0x144 (size before relaxing)
 .debug_str     0x00002166      0x5eb ..\obj\stm32f4xx_rcc.o
                                0x7bb (size before relaxing)
 .debug_str     0x00002751       0x56 ..\obj\timers.o
                                 0xeb (size before relaxing)
 .debug_str     0x000027a7       0x79 ..\obj\mbfuncinput.o
                                0x2d7 (size before relaxing)
 .debug_str     0x00002820      0x49c ..\obj\printf.o
                                0x5fc (size before relaxing)
 .debug_str     0x00002cbc       0x7c ..\obj\watchdog.o
                                0x19b (size before relaxing)
 .debug_str     0x00002d38      0xa38 ..\obj\tasks.o
                                0xb93 (size before relaxing)
 .debug_str     0x00003770      0x194 ..\obj\stm32f4xx_gpio.o
                                0x40e (size before relaxing)
 .debug_str     0x00003904      0x77b ..\obj\porttimer.o
                                0xe4b (size before relaxing)
 .debug_str     0x0000407f      0x121 ..\obj\mbrtu.o
                                0x557 (size before relaxing)
 .debug_str     0x000041a0       0xe8 ..\obj\list.o
                                0x231 (size before relaxing)
 .debug_str     0x00004288       0xb6 ..\obj\system_stm32f4xx.o
                                0x309 (size before relaxing)
 .debug_str     0x0000433e      0x158 ..\obj\syscalls.o
                                0x27c (size before relaxing)
 .debug_str     0x00004496      0x263 ..\obj\port.o
                                0x360 (size before relaxing)
 .debug_str     0x000046f9      0x353 ..\obj\queue.o
                                0x576 (size before relaxing)
 .debug_str     0x00004a4c      0x143 ..\obj\portserial.o
                                0xff9 (size before relaxing)
 .debug_str     0x00004b8f      0x28c ..\obj\croutine.o
                                0x455 (size before relaxing)
 .debug_str     0x00004e1b      0x30b ..\obj\stm32f4xx_spi.o
                                0x5f5 (size before relaxing)
 .debug_str     0x00005126       0xd6 ..\obj\mbfunccoils.o
                                0x34b (size before relaxing)
 .debug_str     0x000051fc      0x2a5 ..\obj\event_groups.o
                                0x452 (size before relaxing)
 .debug_str     0x000054a1      0x1db ..\obj\stm32f4xx_exti.o
                                0x2d9 (size before relaxing)
 .debug_str     0x0000567c      0x137 ..\obj\misc.o
                                0x344 (size before relaxing)
 .debug_str     0x000057b3      0x893 ..\obj\stm32f4xx_rtc.o
                                0xabe (size before relaxing)
 .debug_str     0x00006046       0x58 ..\obj\mbascii.o
                                0x102 (size before relaxing)
 .debug_str     0x0000609e      0x19b ..\obj\heap_2.o
                                0x284 (size before relaxing)
 .debug_str     0x00006239      0xa94 ..\obj\stm32f4xx_tim.o
                                0xd3b (size before relaxing)
 .debug_str     0x00006ccd       0xa3 ..\obj\power_detector.o
                                0x838 (size before relaxing)

.comment        0x00000000       0x2a
 .comment       0x00000000       0x2a ..\obj\stm32f4xx_syscfg.o
                                 0x2b (size before relaxing)
 .comment       0x00000000       0x2b ..\obj\mbport.o
 .comment       0x00000000       0x2b ..\obj\mb.o
 .comment       0x00000000       0x2b ..\obj\protocol.o
 .comment       0x00000000       0x2b ..\obj\mbfuncdisc.o
 .comment       0x00000000       0x2b ..\obj\core_cm3.o
 .comment       0x00000000       0x2b ..\obj\portevent.o
 .comment       0x00000000       0x2b ..\obj\mbfuncother.o
 .comment       0x00000000       0x2b ..\obj\stm32f4xx_usart.o
 .comment       0x00000000       0x2b ..\obj\stm32f4xx_pwr.o
 .comment       0x00000000       0x2b ..\obj\rtc.o
 .comment       0x00000000       0x2b ..\obj\mbutils.o
 .comment       0x00000000       0x2b ..\obj\startup_stm32f4xx.o
 .comment       0x00000000       0x2b ..\obj\backup_sram.o
 .comment       0x00000000       0x2b ..\obj\stm32f4xx_iwdg.o
 .comment       0x00000000       0x2b ..\obj\ADS1120.o
 .comment       0x00000000       0x2b ..\obj\mbfuncholding.o
 .comment       0x00000000       0x2b ..\obj\main.o
 .comment       0x00000000       0x2b ..\obj\mbcrc.o
 .comment       0x00000000       0x2b ..\obj\stm32f4xx_rcc.o
 .comment       0x00000000       0x2b ..\obj\timers.o
 .comment       0x00000000       0x2b ..\obj\mbfuncinput.o
 .comment       0x00000000       0x2b ..\obj\printf.o
 .comment       0x00000000       0x2b ..\obj\watchdog.o
 .comment       0x00000000       0x2b ..\obj\mbfuncdiag.o
 .comment       0x00000000       0x2b ..\obj\tasks.o
 .comment       0x00000000       0x2b ..\obj\stm32f4xx_gpio.o
 .comment       0x00000000       0x2b ..\obj\porttimer.o
 .comment       0x00000000       0x2b ..\obj\mbrtu.o
 .comment       0x00000000       0x2b ..\obj\list.o
 .comment       0x00000000       0x2b ..\obj\system_stm32f4xx.o
 .comment       0x00000000       0x2b ..\obj\syscalls.o
 .comment       0x00000000       0x2b ..\obj\port.o
 .comment       0x00000000       0x2b ..\obj\queue.o
 .comment       0x00000000       0x2b ..\obj\portserial.o
 .comment       0x00000000       0x2b ..\obj\croutine.o
 .comment       0x00000000       0x2b ..\obj\stm32f4xx_spi.o
 .comment       0x00000000       0x2b ..\obj\mbfunccoils.o
 .comment       0x00000000       0x2b ..\obj\event_groups.o
 .comment       0x00000000       0x2b ..\obj\frequency.o
 .comment       0x00000000       0x2b ..\obj\stm32f4xx_exti.o
 .comment       0x00000000       0x2b ..\obj\misc.o
 .comment       0x00000000       0x2b ..\obj\stm32f4xx_rtc.o
 .comment       0x00000000       0x2b ..\obj\mbascii.o
 .comment       0x00000000       0x2b ..\obj\heap_2.o
 .comment       0x00000000       0x2b ..\obj\stm32f4xx_tim.o
 .comment       0x00000000       0x2b ..\obj\power_detector.o

.ARM.attributes
                0x00000000       0x31
 .ARM.attributes
                0x00000000       0x31 ..\obj\stm32f4xx_syscfg.o
 .ARM.attributes
                0x00000031       0x31 ..\obj\mbport.o
 .ARM.attributes
                0x00000062       0x31 ..\obj\mb.o
 .ARM.attributes
                0x00000093       0x31 ..\obj\protocol.o
 .ARM.attributes
                0x000000c4       0x31 ..\obj\mbfuncdisc.o
 .ARM.attributes
                0x000000f5       0x31 ..\obj\core_cm3.o
 .ARM.attributes
                0x00000126       0x31 ..\obj\portevent.o
 .ARM.attributes
                0x00000157       0x31 ..\obj\mbfuncother.o
 .ARM.attributes
                0x00000188       0x31 ..\obj\stm32f4xx_usart.o
 .ARM.attributes
                0x000001b9       0x31 ..\obj\stm32f4xx_pwr.o
 .ARM.attributes
                0x000001ea       0x31 ..\obj\rtc.o
 .ARM.attributes
                0x0000021b       0x31 ..\obj\mbutils.o
 .ARM.attributes
                0x0000024c       0x31 ..\obj\startup_stm32f4xx.o
 .ARM.attributes
                0x0000027d       0x31 ..\obj\backup_sram.o
 .ARM.attributes
                0x000002ae       0x31 ..\obj\stm32f4xx_iwdg.o
 .ARM.attributes
                0x000002df       0x31 ..\obj\ADS1120.o
 .ARM.attributes
                0x00000310       0x31 ..\obj\mbfuncholding.o
 .ARM.attributes
                0x00000341       0x31 ..\obj\main.o
 .ARM.attributes
                0x00000372       0x31 ..\obj\mbcrc.o
 .ARM.attributes
                0x000003a3       0x31 ..\obj\stm32f4xx_rcc.o
 .ARM.attributes
                0x000003d4       0x31 ..\obj\timers.o
 .ARM.attributes
                0x00000405       0x31 ..\obj\mbfuncinput.o
 .ARM.attributes
                0x00000436       0x31 ..\obj\printf.o
 .ARM.attributes
                0x00000467       0x31 ..\obj\watchdog.o
 .ARM.attributes
                0x00000498       0x31 ..\obj\mbfuncdiag.o
 .ARM.attributes
                0x000004c9       0x31 ..\obj\tasks.o
 .ARM.attributes
                0x000004fa       0x31 ..\obj\stm32f4xx_gpio.o
 .ARM.attributes
                0x0000052b       0x31 ..\obj\porttimer.o
 .ARM.attributes
                0x0000055c       0x31 ..\obj\mbrtu.o
 .ARM.attributes
                0x0000058d       0x31 ..\obj\list.o
 .ARM.attributes
                0x000005be       0x31 ..\obj\system_stm32f4xx.o
 .ARM.attributes
                0x000005ef       0x31 ..\obj\syscalls.o
 .ARM.attributes
                0x00000620       0x31 ..\obj\port.o
 .ARM.attributes
                0x00000651       0x31 ..\obj\queue.o
 .ARM.attributes
                0x00000682       0x31 ..\obj\portserial.o
 .ARM.attributes
                0x000006b3       0x31 ..\obj\croutine.o
 .ARM.attributes
                0x000006e4       0x31 ..\obj\stm32f4xx_spi.o
 .ARM.attributes
                0x00000715       0x31 ..\obj\mbfunccoils.o
 .ARM.attributes
                0x00000746       0x31 ..\obj\event_groups.o
 .ARM.attributes
                0x00000777       0x31 ..\obj\frequency.o
 .ARM.attributes
                0x000007a8       0x31 ..\obj\stm32f4xx_exti.o
 .ARM.attributes
                0x000007d9       0x31 ..\obj\misc.o
 .ARM.attributes
                0x0000080a       0x31 ..\obj\stm32f4xx_rtc.o
 .ARM.attributes
                0x0000083b       0x31 ..\obj\mbascii.o
 .ARM.attributes
                0x0000086c       0x31 ..\obj\heap_2.o
 .ARM.attributes
                0x0000089d       0x31 ..\obj\stm32f4xx_tim.o
 .ARM.attributes
                0x000008ce       0x31 ..\obj\power_detector.o
 .ARM.attributes
                0x000008ff       0x1b c:/coocox/coide/gcc/sourcery g++ lite/bin/../lib/gcc/arm-none-eabi/4.5.1/thumb2\libgcc.a(_arm_addsubdf3.o)
 .ARM.attributes
                0x0000091a       0x1b c:/coocox/coide/gcc/sourcery g++ lite/bin/../lib/gcc/arm-none-eabi/4.5.1/thumb2\libgcc.a(_arm_muldivdf3.o)
 .ARM.attributes
                0x00000935       0x1b c:/coocox/coide/gcc/sourcery g++ lite/bin/../lib/gcc/arm-none-eabi/4.5.1/thumb2\libgcc.a(_arm_truncdfsf2.o)
 .ARM.attributes
                0x00000950       0x1b c:/coocox/coide/gcc/sourcery g++ lite/bin/../lib/gcc/arm-none-eabi/4.5.1/thumb2\libgcc.a(_arm_addsubsf3.o)
 .ARM.attributes
                0x0000096b       0x29 c:/coocox/coide/gcc/sourcery g++ lite/bin/../lib/gcc/arm-none-eabi/4.5.1/../../../../arm-none-eabi/lib/thumb2\libc.a(lib_a-memcmp.o)
 .ARM.attributes
                0x00000994       0x29 c:/coocox/coide/gcc/sourcery g++ lite/bin/../lib/gcc/arm-none-eabi/4.5.1/../../../../arm-none-eabi/lib/thumb2\libc.a(lib_a-memcpy.o)
 .ARM.attributes
                0x000009bd       0x29 c:/coocox/coide/gcc/sourcery g++ lite/bin/../lib/gcc/arm-none-eabi/4.5.1/../../../../arm-none-eabi/lib/thumb2\libc.a(lib_a-memset.o)

.debug_frame    0x00000000     0x3f28
 .debug_frame   0x00000000       0xbc ..\obj\stm32f4xx_syscfg.o
 .debug_frame   0x000000bc       0xb0 ..\obj\mbport.o
 .debug_frame   0x0000016c       0xd4 ..\obj\mb.o
 .debug_frame   0x00000240       0x70 ..\obj\protocol.o
 .debug_frame   0x000002b0       0x30 ..\obj\mbfuncdisc.o
 .debug_frame   0x000002e0      0x280 ..\obj\core_cm3.o
 .debug_frame   0x00000560       0x64 ..\obj\portevent.o
 .debug_frame   0x000005c4       0x50 ..\obj\mbfuncother.o
 .debug_frame   0x00000614      0x344 ..\obj\stm32f4xx_usart.o
 .debug_frame   0x00000958      0x15c ..\obj\stm32f4xx_pwr.o
 .debug_frame   0x00000ab4       0x50 ..\obj\rtc.o
 .debug_frame   0x00000b04       0x68 ..\obj\mbutils.o
 .debug_frame   0x00000b6c       0x48 ..\obj\startup_stm32f4xx.o
 .debug_frame   0x00000bb4       0x48 ..\obj\backup_sram.o
 .debug_frame   0x00000bfc       0xb0 ..\obj\stm32f4xx_iwdg.o
 .debug_frame   0x00000cac       0xcc ..\obj\ADS1120.o
 .debug_frame   0x00000d78       0x90 ..\obj\mbfuncholding.o
 .debug_frame   0x00000e08       0x9c ..\obj\main.o
 .debug_frame   0x00000ea4       0x2c ..\obj\mbcrc.o
 .debug_frame   0x00000ed0      0x4d8 ..\obj\stm32f4xx_rcc.o
 .debug_frame   0x000013a8       0x30 ..\obj\mbfuncinput.o
 .debug_frame   0x000013d8      0x244 ..\obj\printf.o
 .debug_frame   0x0000161c       0x50 ..\obj\watchdog.o
 .debug_frame   0x0000166c      0x53c ..\obj\tasks.o
 .debug_frame   0x00001ba8      0x19c ..\obj\stm32f4xx_gpio.o
 .debug_frame   0x00001d44       0xa4 ..\obj\porttimer.o
 .debug_frame   0x00001de8      0x110 ..\obj\mbrtu.o
 .debug_frame   0x00001ef8       0x9c ..\obj\list.o
 .debug_frame   0x00001f94       0x64 ..\obj\system_stm32f4xx.o
 .debug_frame   0x00001ff8      0x108 ..\obj\syscalls.o
 .debug_frame   0x00002100      0x178 ..\obj\port.o
 .debug_frame   0x00002278      0x290 ..\obj\queue.o
 .debug_frame   0x00002508       0xe8 ..\obj\portserial.o
 .debug_frame   0x000025f0       0xf0 ..\obj\croutine.o
 .debug_frame   0x000026e0      0x2d0 ..\obj\stm32f4xx_spi.o
 .debug_frame   0x000029b0       0x70 ..\obj\mbfunccoils.o
 .debug_frame   0x00002a20      0x14c ..\obj\event_groups.o
 .debug_frame   0x00002b6c       0xec ..\obj\stm32f4xx_exti.o
 .debug_frame   0x00002c58       0x9c ..\obj\misc.o
 .debug_frame   0x00002cf4      0x670 ..\obj\stm32f4xx_rtc.o
 .debug_frame   0x00003364       0x9c ..\obj\heap_2.o
 .debug_frame   0x00003400      0xa3c ..\obj\stm32f4xx_tim.o
 .debug_frame   0x00003e3c       0x64 ..\obj\power_detector.o
 .debug_frame   0x00003ea0       0x2c c:/coocox/coide/gcc/sourcery g++ lite/bin/../lib/gcc/arm-none-eabi/4.5.1/../../../../arm-none-eabi/lib/thumb2\libc.a(lib_a-memcmp.o)
 .debug_frame   0x00003ecc       0x30 c:/coocox/coide/gcc/sourcery g++ lite/bin/../lib/gcc/arm-none-eabi/4.5.1/../../../../arm-none-eabi/lib/thumb2\libc.a(lib_a-memcpy.o)
 .debug_frame   0x00003efc       0x2c c:/coocox/coide/gcc/sourcery g++ lite/bin/../lib/gcc/arm-none-eabi/4.5.1/../../../../arm-none-eabi/lib/thumb2\libc.a(lib_a-memset.o)
