Archive member included because of file (symbol)

c:/coocox/coide/gcc/sourcery g++ lite/bin/../lib/gcc/arm-none-eabi/4.5.1/thumb2\libgcc.a(_arm_addsubdf3.o)
                              ..\obj\ADS1120.o (__aeabi_dadd)
c:/coocox/coide/gcc/sourcery g++ lite/bin/../lib/gcc/arm-none-eabi/4.5.1/thumb2\libgcc.a(_arm_muldivdf3.o)
                              ..\obj\ADS1120.o (__aeabi_dmul)
c:/coocox/coide/gcc/sourcery g++ lite/bin/../lib/gcc/arm-none-eabi/4.5.1/thumb2\libgcc.a(_arm_truncdfsf2.o)
                              ..\obj\ADS1120.o (__aeabi_d2f)
c:/coocox/coide/gcc/sourcery g++ lite/bin/../lib/gcc/arm-none-eabi/4.5.1/thumb2\libgcc.a(_arm_addsubsf3.o)
                              ..\obj\frequency.o (__aeabi_ui2f)
c:/coocox/coide/gcc/sourcery g++ lite/bin/../lib/gcc/arm-none-eabi/4.5.1/thumb2\libgcc.a(_arm_muldivsf3.o)
                              ..\obj\frequency.o (__aeabi_fmul)
c:/coocox/coide/gcc/sourcery g++ lite/bin/../lib/gcc/arm-none-eabi/4.5.1/../../../../arm-none-eabi/lib/thumb2\libc.a(lib_a-memcmp.o)
                              ..\obj\tasks.o (memcmp)
c:/coocox/coide/gcc/sourcery g++ lite/bin/../lib/gcc/arm-none-eabi/4.5.1/../../../../arm-none-eabi/lib/thumb2\libc.a(lib_a-memcpy.o)
                              ..\obj\mbfuncother.o (memcpy)
c:/coocox/coide/gcc/sourcery g++ lite/bin/../lib/gcc/arm-none-eabi/4.5.1/../../../../arm-none-eabi/lib/thumb2\libc.a(lib_a-memset.o)
                              ..\obj\tasks.o (memset)

Allocating common symbols
Common symbol       size              file

ch2_frequency       0x4               ..\obj\frequency.o
ADC_result          0x4               ..\obj\ADS1120.o
stContext_RS232     0x174             ..\obj\protocol.o
stContext_RS485     0x174             ..\obj\protocol.o
adc_reg             0x1               ..\obj\ADS1120.o
xFrequencyMeasureCH2Queue
                    0x4               ..\obj\frequency.o
xSPI_Buf_Mutex      0x4               ..\obj\ADS1120.o
ADC_result_temp     0x4               ..\obj\ADS1120.o
task_watches        0x50              ..\obj\watchdog.o
xFrequencyMeasureCH1Queue
                    0x4               ..\obj\frequency.o
ch1_frequency       0x4               ..\obj\frequency.o

Discarded input sections

 .text          0x00000000        0x0 ..\obj\stm32f4xx_syscfg.o
 .data          0x00000000        0x0 ..\obj\stm32f4xx_syscfg.o
 .bss           0x00000000        0x0 ..\obj\stm32f4xx_syscfg.o
 .text.SYSCFG_DeInit
                0x00000000       0x20 ..\obj\stm32f4xx_syscfg.o
 .text.SYSCFG_MemoryRemapConfig
                0x00000000       0x20 ..\obj\stm32f4xx_syscfg.o
 .text.SYSCFG_EXTILineConfig
                0x00000000       0xb4 ..\obj\stm32f4xx_syscfg.o
 .text.SYSCFG_ETH_MediaInterfaceConfig
                0x00000000       0x20 ..\obj\stm32f4xx_syscfg.o
 .text.SYSCFG_CompensationCellCmd
                0x00000000       0x20 ..\obj\stm32f4xx_syscfg.o
 .text.SYSCFG_GetCompensationCellStatus
                0x00000000       0x3c ..\obj\stm32f4xx_syscfg.o
 .text          0x00000000        0x0 ..\obj\mbport.o
 .text          0x00000000        0x0 ..\obj\mb.o
 .bss           0x00000000        0x0 ..\obj\mb.o
 .text.eMBRegisterCB
                0x00000000      0x114 ..\obj\mb.o
 .text.eMBClose
                0x00000000       0x3c ..\obj\mb.o
 .text.eMBDisable
                0x00000000       0x60 ..\obj\mb.o
 .text          0x00000000        0x0 ..\obj\protocol.o
 .data          0x00000000        0x0 ..\obj\protocol.o
 .bss           0x00000000        0x0 ..\obj\protocol.o
 .text          0x00000000        0x0 ..\obj\mbfuncdisc.o
 .data          0x00000000        0x0 ..\obj\mbfuncdisc.o
 .bss           0x00000000        0x0 ..\obj\mbfuncdisc.o
 .text          0x00000000        0x0 ..\obj\core_cm3.o
 .data          0x00000000        0x0 ..\obj\core_cm3.o
 .bss           0x00000000        0x0 ..\obj\core_cm3.o
 .text.__get_PSP
                0x00000000       0x10 ..\obj\core_cm3.o
 .text.__set_PSP
                0x00000000        0x8 ..\obj\core_cm3.o
 .text.__get_MSP
                0x00000000       0x10 ..\obj\core_cm3.o
 .text.__set_MSP
                0x00000000        0x8 ..\obj\core_cm3.o
 .text.__get_BASEPRI
                0x00000000       0x20 ..\obj\core_cm3.o
 .text.__set_BASEPRI
                0x00000000       0x18 ..\obj\core_cm3.o
 .text.__get_PRIMASK
                0x00000000       0x20 ..\obj\core_cm3.o
 .text.__set_PRIMASK
                0x00000000       0x18 ..\obj\core_cm3.o
 .text.__get_FAULTMASK
                0x00000000       0x20 ..\obj\core_cm3.o
 .text.__set_FAULTMASK
                0x00000000       0x18 ..\obj\core_cm3.o
 .text.__get_CONTROL
                0x00000000       0x20 ..\obj\core_cm3.o
 .text.__set_CONTROL
                0x00000000       0x18 ..\obj\core_cm3.o
 .text.__REV    0x00000000       0x24 ..\obj\core_cm3.o
 .text.__REV16  0x00000000       0x24 ..\obj\core_cm3.o
 .text.__REVSH  0x00000000       0x24 ..\obj\core_cm3.o
[...]
Memory Configuration

Name             Origin             Length             Attributes
rom              0x08000000         0x00100000         xr
ram              0x20000000         0x00020000         xrw
ram1             0x10000000         0x00010000         xrw
*default*        0x00000000         0xffffffff

Linker script and memory map

                0x20020000                _eram = 0x20020000

.text           0x08000000     0x6fca
 *(.isr_vector .isr_vector.*)
 .isr_vector    0x08000000      0x188 ..\obj\startup_stm32f4xx.o
                0x08000000                g_pfnVectors
 *(.text .text.* .gnu.linkonce.t.*)
 .text.ENTER_CRITICAL_SECTION
                0x08000188        0xc ..\obj\mbport.o
                0x08000188                ENTER_CRITICAL_SECTION
 .text.EXIT_CRITICAL_SECTION
                0x08000194        0xc ..\obj\mbport.o
                0x08000194                EXIT_CRITICAL_SECTION
 .text.eMBRegInputCB
                0x080001a0      0x108 ..\obj\mbport.o
                0x080001a0                eMBRegInputCB
 .text.eMBRegHoldingCB
                0x080002a8       0x24 ..\obj\mbport.o
                0x080002a8                eMBRegHoldingCB
 .text.eMBRegCoilsCB
                0x080002cc       0x20 ..\obj\mbport.o
                0x080002cc                eMBRegCoilsCB
 .text.eMBRegDiscreteCB
                0x080002ec       0x20 ..\obj\mbport.o
                0x080002ec                eMBRegDiscreteCB
 .text.eMBInit  0x0800030c      0x110 ..\obj\mb.o
                0x0800030c                eMBInit
 .text.eMBEnable
                0x0800041c       0x50 ..\obj\mb.o
                0x0800041c                eMBEnable
 .text.eMBPoll  0x0800046c      0x1c0 ..\obj\mb.o
                0x0800046c                eMBPoll
 .text.Protocol_Init
                0x0800062c       0xf8 ..\obj\protocol.o
                0x0800062c                Protocol_Init
 .text.Modbus_RS485_Task
                0x08000724       0x50 ..\obj\protocol.o
 .text.Modbus_RS232_Task
                0x08000774       0x50 ..\obj\protocol.o
 .text.eMBFuncReadDiscreteInputs
                0x080007c4      0x130 ..\obj\mbfuncdisc.o
                0x080007c4                eMBFuncReadDiscreteInputs
 .text.xMBPortEventInit
                0x080008f4       0x20 ..\obj\portevent.o
                0x080008f4                xMBPortEventInit
 .text.xMBPortEventPost
                0x08000914       0x2c ..\obj\portevent.o
                0x08000914                xMBPortEventPost
 .text.xMBPortEventGet
                0x08000940       0x3c ..\obj\portevent.o
                0x08000940                xMBPortEventGet
 .text.eMBFuncReportSlaveID
                0x0800097c       0x4c ..\obj\mbfuncother.o
                0x0800097c                eMBFuncReportSlaveID
 .text.USART_Init
                0x080009c8      0x1bc ..\obj\stm32f4xx_usart.o
                0x080009c8                USART_Init
 .text.USART_Cmd
                0x08000b84       0x40 ..\obj\stm32f4xx_usart.o
                0x08000b84                USART_Cmd
 .text.USART_SendData
                0x08000bc4       0x28 ..\obj\stm32f4xx_usart.o
                0x08000bc4                USART_SendData
 .text.USART_ReceiveData
                0x08000bec       0x24 ..\obj\stm32f4xx_usart.o
                0x08000bec                USART_ReceiveData
 .text.USART_ITConfig
                0x08000c10       0xa8 ..\obj\stm32f4xx_usart.o
                0x08000c10                USART_ITConfig
 .text.USART_GetFlagStatus
                0x08000cb8       0x40 ..\obj\stm32f4xx_usart.o
                0x08000cb8                USART_GetFlagStatus
 .text.USART_ClearFlag
                0x08000cf8       0x24 ..\obj\stm32f4xx_usart.o
                0x08000cf8                USART_ClearFlag
 .text.USART_GetITStatus
                0x08000d1c       0xcc ..\obj\stm32f4xx_usart.o
                0x08000d1c                USART_GetITStatus
 .text.prveMBError2Exception
                0x08000de8       0x48 ..\obj\mbutils.o
                0x08000de8                prveMBError2Exception
 .text.Default_Reset_Handler
                0x08000e30       0x68 ..\obj\startup_stm32f4xx.o
                0x08000e30                Default_Reset_Handler
                0x08000e30                Reset_Handler
 .text.Default_Handler
                0x08000e98        0x8 ..\obj\startup_stm32f4xx.o
                0x08000e98                RTC_Alarm_IRQHandler
                0x08000e98                HASH_RNG_IRQHandler
                0x08000e98                EXTI2_IRQHandler
                0x08000e98                TIM8_CC_IRQHandler
                0x08000e98                DebugMon_Handler
                0x08000e98                TIM1_CC_IRQHandler
                0x08000e98                DMA2_Stream5_IRQHandler
                0x08000e98                HardFault_Handler
                0x08000e98                DMA1_Stream5_IRQHandler
                0x08000e98                SDIO_IRQHandler
                0x08000e98                TAMP_STAMP_IRQHandler
                0x08000e98                NMI_Handler
                0x08000e98                CAN2_RX1_IRQHandler
                0x08000e98                EXTI3_IRQHandler
                0x08000e98                TIM8_TRG_COM_TIM14_IRQHandler
                0x08000e98                TIM1_UP_TIM10_IRQHandler
                0x08000e98                TIM8_UP_TIM13_IRQHandler
                0x08000e98                I2C3_ER_IRQHandler
                0x08000e98                EXTI0_IRQHandler
                0x08000e98                I2C2_EV_IRQHandler
                0x08000e98                DMA1_Stream2_IRQHandler
                0x08000e98                CAN1_RX0_IRQHandler
                0x08000e98                FPU_IRQHandler
                0x08000e98                OTG_HS_WKUP_IRQHandler
                0x08000e98                UsageFault_Handler
                0x08000e98                CAN2_SCE_IRQHandler
                0x08000e98                DMA2_Stream2_IRQHandler
                0x08000e98                SPI1_IRQHandler
                0x08000e98                TIM6_DAC_IRQHandler
                0x08000e98                TIM1_BRK_TIM9_IRQHandler
                0x08000e98                DCMI_IRQHandler
                0x08000e98                CAN2_RX0_IRQHandler
                0x08000e98                DMA2_Stream3_IRQHandler
                0x08000e98                USART6_IRQHandler
                0x08000e98                CRYP_IRQHandler
                0x08000e98                CAN1_RX1_IRQHandler
                0x08000e98                UART5_IRQHandler
                0x08000e98                DMA2_Stream0_IRQHandler
                0x08000e98                I2C1_EV_IRQHandler
                0x08000e98                DMA1_Stream6_IRQHandler
                0x08000e98                DMA1_Stream1_IRQHandler
                0x08000e98                RCC_IRQHandler
                0x08000e98                TIM8_BRK_TIM12_IRQHandler
                0x08000e98                EXTI15_10_IRQHandler
                0x08000e98                ADC_IRQHandler
                0x08000e98                DMA1_Stream7_IRQHandler
                0x08000e98                TIM7_IRQHandler
                0x08000e98                CAN2_TX_IRQHandler
                0x08000e98                DMA2_Stream7_IRQHandler
                0x08000e98                I2C3_EV_IRQHandler
                0x08000e98                EXTI9_5_IRQHandler
                0x08000e98                RTC_WKUP_IRQHandler
                0x08000e98                ETH_WKUP_IRQHandler
                0x08000e98                SPI2_IRQHandler
                0x08000e98                OTG_HS_EP1_IN_IRQHandler
                0x08000e98                MemManage_Handler
                0x08000e98                DMA1_Stream0_IRQHandler
                0x08000e98                CAN1_TX_IRQHandler
                0x08000e98                EXTI4_IRQHandler
                0x08000e98                FSMC_IRQHandler
                0x08000e98                ETH_IRQHandler
                0x08000e98                OTG_HS_EP1_OUT_IRQHandler
                0x08000e98                WWDG_IRQHandler
                0x08000e98                TIM2_IRQHandler
                0x08000e98                OTG_FS_WKUP_IRQHandler
                0x08000e98                TIM1_TRG_COM_TIM11_IRQHandler
                0x08000e98                OTG_HS_IRQHandler
                0x08000e98                EXTI1_IRQHandler
                0x08000e98                USART2_IRQHandler
                0x08000e98                I2C2_ER_IRQHandler
                0x08000e98                DMA2_Stream1_IRQHandler
                0x08000e98                CAN1_SCE_IRQHandler
                0x08000e98                FLASH_IRQHandler
                0x08000e98                DMA2_Stream4_IRQHandler
                0x08000e98                BusFault_Handler
                0x08000e98                USART1_IRQHandler
                0x08000e98                OTG_FS_IRQHandler
                0x08000e98                SPI3_IRQHandler
                0x08000e98                DMA1_Stream4_IRQHandler
                0x08000e98                I2C1_ER_IRQHandler
                0x08000e98                DMA2_Stream6_IRQHandler
                0x08000e98                DMA1_Stream3_IRQHandler
 .text.eMBFuncWriteHoldingRegister
                0x08000ea0       0x84 ..\obj\mbfuncholding.o
                0x08000ea0                eMBFuncWriteHoldingRegister
 .text.eMBFuncWriteMultipleHoldingRegister
                0x08000f24       0xdc ..\obj\mbfuncholding.o
                0x08000f24                eMBFuncWriteMultipleHoldingRegister
 .text.eMBFuncReadHoldingRegister
                0x08001000      0x10c ..\obj\mbfuncholding.o
                0x08001000                eMBFuncReadHoldingRegister
 .text.eMBFuncReadWriteMultipleHoldingRegister
                0x0800110c      0x1a0 ..\obj\mbfuncholding.o
                0x0800110c                eMBFuncReadWriteMultipleHoldingRegister
 .text.main     0x080012ac       0x18 ..\obj\main.o
                0x080012ac                main
 .text.vApplicationMallocFailedHook
                0x080012c4        0x8 ..\obj\main.o
                0x080012c4                vApplicationMallocFailedHook
 .text.vApplicationStackOverflowHook
                0x080012cc        0xc ..\obj\main.o
                0x080012cc                vApplicationStackOverflowHook
 .text.vApplicationIdleHook
                0x080012d8       0x18 ..\obj\main.o
                0x080012d8                vApplicationIdleHook
 .text.usMBCRC16
                0x080012f0       0x90 ..\obj\mbcrc.o
                0x080012f0                usMBCRC16
 .text.RCC_GetClocksFreq
                0x08001380      0x1d4 ..\obj\stm32f4xx_rcc.o
                0x08001380                RCC_GetClocksFreq
 .text.RCC_AHB1PeriphClockCmd
                0x08001554       0x5c ..\obj\stm32f4xx_rcc.o
                0x08001554                RCC_AHB1PeriphClockCmd
 .text.RCC_APB1PeriphClockCmd
                0x080015b0       0x5c ..\obj\stm32f4xx_rcc.o
                0x080015b0                RCC_APB1PeriphClockCmd
 .text.RCC_APB2PeriphClockCmd
                0x0800160c       0x5c ..\obj\stm32f4xx_rcc.o
                0x0800160c                RCC_APB2PeriphClockCmd
 .text.RCC_APB1PeriphResetCmd
                0x08001668       0x5c ..\obj\stm32f4xx_rcc.o
                0x08001668                RCC_APB1PeriphResetCmd
 .text.RCC_APB2PeriphResetCmd
                0x080016c4       0x5c ..\obj\stm32f4xx_rcc.o
                0x080016c4                RCC_APB2PeriphResetCmd
 .text.eMBFuncReadInputRegister
                0x08001720      0x110 ..\obj\mbfuncinput.o
                0x08001720                eMBFuncReadInputRegister
 .text.xTaskGenericCreate
                0x08001830      0x1b8 ..\obj\tasks.o
                0x08001830                xTaskGenericCreate
 .text.vTaskDelay
                0x080019e8       0xa4 ..\obj\tasks.o
                0x080019e8                vTaskDelay
 .text.vTaskStartScheduler
                0x08001a8c       0x7c ..\obj\tasks.o
                0x08001a8c                vTaskStartScheduler
 .text.vTaskSuspendAll
                0x08001b08       0x24 ..\obj\tasks.o
                0x08001b08                vTaskSuspendAll
 .text.xTaskResumeAll
                0x08001b2c      0x178 ..\obj\tasks.o
                0x08001b2c                xTaskResumeAll
 .text.xTaskIncrementTick
                0x08001ca4      0x204 ..\obj\tasks.o
                0x08001ca4                xTaskIncrementTick
 .text.vTaskSwitchContext
                0x08001ea8      0x14c ..\obj\tasks.o
                0x08001ea8                vTaskSwitchContext
 .text.vTaskPlaceOnEventList
                0x08001ff4       0xb8 ..\obj\tasks.o
                0x08001ff4                vTaskPlaceOnEventList
 .text.xTaskRemoveFromEventList
                0x080020ac       0xe0 ..\obj\tasks.o
                0x080020ac                xTaskRemoveFromEventList
 .text.vTaskSetTimeOutState
                0x0800218c       0x38 ..\obj\tasks.o
                0x0800218c                vTaskSetTimeOutState
 .text.xTaskCheckForTimeOut
                0x080021c4       0xb0 ..\obj\tasks.o
                0x080021c4                xTaskCheckForTimeOut
 .text.vTaskMissedYield
                0x08002274       0x18 ..\obj\tasks.o
                0x08002274                vTaskMissedYield
 .text.prvIdleTask
                0x0800228c       0x24 ..\obj\tasks.o
 .text.prvInitialiseTCBVariables
                0x080022b0       0xbc ..\obj\tasks.o
 .text.prvInitialiseTaskLists
                0x0800236c       0xa4 ..\obj\tasks.o
 .text.prvCheckTasksWaitingTermination
                0x08002410       0x98 ..\obj\tasks.o
 .text.prvAddCurrentTaskToDelayedList
                0x080024a8       0x8c ..\obj\tasks.o
 .text.prvAllocateTCBAndStack
                0x08002534       0x7c ..\obj\tasks.o
 .text.prvDeleteTCB
                0x080025b0       0x20 ..\obj\tasks.o
 .text.prvResetNextTaskUnblockTime
                0x080025d0       0x5c ..\obj\tasks.o
 .text.vTaskPriorityInherit
                0x0800262c      0x148 ..\obj\tasks.o
                0x0800262c                vTaskPriorityInherit
 .text.xTaskPriorityDisinherit
                0x08002774      0x114 ..\obj\tasks.o
                0x08002774                xTaskPriorityDisinherit
 .text.pvTaskIncrementMutexHeldCount
                0x08002888       0x38 ..\obj\tasks.o
                0x08002888                pvTaskIncrementMutexHeldCount
 .text.GPIO_Init
                0x080028c0      0x158 ..\obj\stm32f4xx_gpio.o
                0x080028c0                GPIO_Init
 .text.GPIO_PinAFConfig
                0x08002a18       0xb0 ..\obj\stm32f4xx_gpio.o
                0x08002a18                GPIO_PinAFConfig
 .text.RS485TimersInit
                0x08002ac8       0xe0 ..\obj\porttimer.o
                0x08002ac8                RS485TimersInit
 .text.RS485TimersEnable
                0x08002ba8       0x4c ..\obj\porttimer.o
                0x08002ba8                RS485TimersEnable
 .text.RS485TimersDisable
                0x08002bf4       0x4c ..\obj\porttimer.o
                0x08002bf4                RS485TimersDisable
 .text.TIM4_IRQHandler
                0x08002c40       0x54 ..\obj\porttimer.o
                0x08002c40                TIM4_IRQHandler
 .text.RS485TimerContextInit
                0x08002c94       0x7c ..\obj\porttimer.o
                0x08002c94                RS485TimerContextInit
 .text.RS232TimersInit
                0x08002d10       0xe0 ..\obj\porttimer.o
                0x08002d10                RS232TimersInit
 .text.RS232TimersEnable
                0x08002df0       0x4c ..\obj\porttimer.o
                0x08002df0                RS232TimersEnable
 .text.RS232TimersDisable
                0x08002e3c       0x4c ..\obj\porttimer.o
                0x08002e3c                RS232TimersDisable
 .text.TIM5_IRQHandler
                0x08002e88       0x54 ..\obj\porttimer.o
                0x08002e88                TIM5_IRQHandler
 .text.RS232TimerContextInit
                0x08002edc       0x7c ..\obj\porttimer.o
                0x08002edc                RS232TimerContextInit
 .text.eMBRTUInit
                0x08002f58       0x88 ..\obj\mbrtu.o
                0x08002f58                eMBRTUInit
 .text.eMBRTUStart
                0x08002fe0       0x38 ..\obj\mbrtu.o
                0x08002fe0                eMBRTUStart
 .text.eMBRTUStop
                0x08003018       0x30 ..\obj\mbrtu.o
                0x08003018                eMBRTUStop
 .text.eMBRTUReceive
                0x08003048       0x90 ..\obj\mbrtu.o
                0x08003048                eMBRTUReceive
 .text.eMBRTUSend
                0x080030d8       0xe8 ..\obj\mbrtu.o
                0x080030d8                eMBRTUSend
 .text.xMBRTUReceiveFSM
                0x080031c0       0xd0 ..\obj\mbrtu.o
                0x080031c0                xMBRTUReceiveFSM
 .text.xMBRTUTransmitFSM
                0x08003290       0xb0 ..\obj\mbrtu.o
                0x08003290                xMBRTUTransmitFSM
 .text.xMBRTUTimerT35Expired
                0x08003340       0x60 ..\obj\mbrtu.o
                0x08003340                xMBRTUTimerT35Expired
 .text.vListInitialise
                0x080033a0       0x48 ..\obj\list.o
                0x080033a0                vListInitialise
 .text.vListInitialiseItem
                0x080033e8       0x1c ..\obj\list.o
                0x080033e8                vListInitialiseItem
 .text.vListInsertEnd
                0x08003404       0x48 ..\obj\list.o
                0x08003404                vListInsertEnd
 .text.vListInsert
                0x0800344c       0x74 ..\obj\list.o
                0x0800344c                vListInsert
 .text.uxListRemove
                0x080034c0       0x58 ..\obj\list.o
                0x080034c0                uxListRemove
 .text.SystemInit
                0x08003518       0x94 ..\obj\system_stm32f4xx.o
                0x08003518                SystemInit
 .text.SetSysClock
                0x080035ac      0x110 ..\obj\system_stm32f4xx.o
 .text.pxPortInitialiseStack
                0x080036bc       0x64 ..\obj\port.o
                0x080036bc                pxPortInitialiseStack
 .text.prvTaskExitError
                0x08003720       0x20 ..\obj\port.o
 .text.SVC_Handler
                0x08003740       0x24 ..\obj\port.o
                0x08003740                SVC_Handler
 .text.prvPortStartFirstTask
                0x08003764       0x20 ..\obj\port.o
 .text.xPortStartScheduler
                0x08003784      0x10c ..\obj\port.o
                0x08003784                xPortStartScheduler
 .text.vPortYield
                0x08003890       0x20 ..\obj\port.o
                0x08003890                vPortYield
 .text.vPortEnterCritical
                0x080038b0       0x50 ..\obj\port.o
                0x080038b0                vPortEnterCritical
 .text.vPortExitCritical
                0x08003900       0x48 ..\obj\port.o
                0x08003900                vPortExitCritical
 .text.ulPortSetInterruptMask
                0x08003948       0x14 ..\obj\port.o
                0x08003948                ulPortSetInterruptMask
 .text.vPortClearInterruptMask
                0x0800395c        0x8 ..\obj\port.o
                0x0800395c                vPortClearInterruptMask
 .text.PendSV_Handler
                0x08003964       0x44 ..\obj\port.o
                0x08003964                PendSV_Handler
 .text.SysTick_Handler
                0x080039a8       0x2c ..\obj\port.o
                0x080039a8                SysTick_Handler
 .text.vPortSetupTimerInterrupt
                0x080039d4       0x28 ..\obj\port.o
                0x080039d4                vPortSetupTimerInterrupt
 .text.vPortValidateInterruptPriority
                0x080039fc       0x64 ..\obj\port.o
                0x080039fc                vPortValidateInterruptPriority
 .text.xQueueGenericReset
                0x08003a60       0xc0 ..\obj\queue.o
                0x08003a60                xQueueGenericReset
 .text.xQueueGenericCreate
                0x08003b20       0xa0 ..\obj\queue.o
                0x08003b20                xQueueGenericCreate
 .text.xQueueGenericSendFromISR
                0x08003bc0       0xec ..\obj\queue.o
                0x08003bc0                xQueueGenericSendFromISR
 .text.xQueueGenericReceive
                0x08003cac      0x1b8 ..\obj\queue.o
                0x08003cac                xQueueGenericReceive
 .text.uxQueueMessagesWaiting
                0x08003e64       0x30 ..\obj\queue.o
                0x08003e64                uxQueueMessagesWaiting
 .text.prvCopyDataToQueue
                0x08003e94       0xe8 ..\obj\queue.o
 .text.prvCopyDataFromQueue
                0x08003f7c       0x50 ..\obj\queue.o
 .text.prvUnlockQueue
                0x08003fcc       0xa0 ..\obj\queue.o
 .text.prvIsQueueEmpty
                0x0800406c       0x34 ..\obj\queue.o
 .text.NVIC_EnableIRQ
                0x080040a0       0x38 ..\obj\portserial.o
 .text.RS485SerialEnable
                0x080040d8      0x194 ..\obj\portserial.o
                0x080040d8                RS485SerialEnable
 .text.RS485SerialInit
                0x0800426c      0x178 ..\obj\portserial.o
                0x0800426c                RS485SerialInit
 .text.RS485SerialPutByte
                0x080043e4       0x44 ..\obj\portserial.o
                0x080043e4                RS485SerialPutByte
 .text.RS485SerialGetByte
                0x08004428       0x3c ..\obj\portserial.o
                0x08004428                RS485SerialGetByte
 .text.USART3_IRQHandler
                0x08004464       0xdc ..\obj\portserial.o
                0x08004464                USART3_IRQHandler
 .text.RS485SerialContextInit
                0x08004540       0x90 ..\obj\portserial.o
                0x08004540                RS485SerialContextInit
 .text.RS232SerialEnable
                0x080045d0       0xb4 ..\obj\portserial.o
                0x080045d0                RS232SerialEnable
 .text.RS232SerialInit
                0x08004684      0x140 ..\obj\portserial.o
                0x08004684                RS232SerialInit
 .text.RS232SerialPutByte
                0x080047c4       0x44 ..\obj\portserial.o
                0x080047c4                RS232SerialPutByte
 .text.RS232SerialGetByte
                0x08004808       0x3c ..\obj\portserial.o
                0x08004808                RS232SerialGetByte
 .text.UART4_IRQHandler
                0x08004844       0xdc ..\obj\portserial.o
                0x08004844                UART4_IRQHandler
 .text.RS232SerialContextInit
                0x08004920       0x90 ..\obj\portserial.o
                0x08004920                RS232SerialContextInit
 .text.eMBFuncReadCoils
                0x080049b0      0x134 ..\obj\mbfunccoils.o
                0x080049b0                eMBFuncReadCoils
 .text.eMBFuncWriteCoil
                0x08004ae4       0xcc ..\obj\mbfunccoils.o
                0x08004ae4                eMBFuncWriteCoil
 .text.eMBFuncWriteMultipleCoils
                0x08004bb0       0xfc ..\obj\mbfunccoils.o
                0x08004bb0                eMBFuncWriteMultipleCoils
 .text.NVIC_EnableIRQ
                0x08004cac       0x38 ..\obj\frequency.o
 .text.FrequencyMeasureInit
                0x08004ce4      0x4c0 ..\obj\frequency.o
                0x08004ce4                FrequencyMeasureInit
 .text.TIM3_IRQHandler
                0x080051a4      0x264 ..\obj\frequency.o
                0x080051a4                TIM3_IRQHandler
 .text.FrequencyCH1Measure_Task
                0x08005408      0x1fc ..\obj\frequency.o
 .text.FrequencyCH2Measure_Task
                0x08005604      0x1f8 ..\obj\frequency.o
 .text.EXTI_GetITStatus
                0x080057fc       0x60 ..\obj\stm32f4xx_exti.o
                0x080057fc                EXTI_GetITStatus
 .text.EXTI_ClearITPendingBit
                0x0800585c       0x20 ..\obj\stm32f4xx_exti.o
                0x0800585c                EXTI_ClearITPendingBit
 .text.NVIC_PriorityGroupConfig
                0x0800587c       0x28 ..\obj\misc.o
                0x0800587c                NVIC_PriorityGroupConfig
 .text.NVIC_Init
                0x080058a4       0xe8 ..\obj\misc.o
                0x080058a4                NVIC_Init
 .text.pvPortMalloc
                0x0800598c      0x164 ..\obj\heap_2.o
                0x0800598c                pvPortMalloc
 .text.vPortFree
                0x08005af0       0x88 ..\obj\heap_2.o
                0x08005af0                vPortFree
 .text.xPortGetFreeHeapSize
                0x08005b78       0x18 ..\obj\heap_2.o
                0x08005b78                xPortGetFreeHeapSize
 .text.prvHeapInit
                0x08005b90       0x6c ..\obj\heap_2.o
 .text.TIM_DeInit
                0x08005bfc      0x238 ..\obj\stm32f4xx_tim.o
                0x08005bfc                TIM_DeInit
 .text.TIM_TimeBaseInit
                0x08005e34       0xf8 ..\obj\stm32f4xx_tim.o
                0x08005e34                TIM_TimeBaseInit
 .text.TIM_TimeBaseStructInit
                0x08005f2c       0x3c ..\obj\stm32f4xx_tim.o
                0x08005f2c                TIM_TimeBaseStructInit
 .text.TIM_SetCounter
                0x08005f68       0x1c ..\obj\stm32f4xx_tim.o
                0x08005f68                TIM_SetCounter
 .text.TIM_ARRPreloadConfig
                0x08005f84       0x40 ..\obj\stm32f4xx_tim.o
                0x08005f84                TIM_ARRPreloadConfig
 .text.TIM_Cmd  0x08005fc4       0x40 ..\obj\stm32f4xx_tim.o
                0x08005fc4                TIM_Cmd
 .text.TIM_ICInit
                0x08006004       0xa8 ..\obj\stm32f4xx_tim.o
                0x08006004                TIM_ICInit
 .text.TIM_SetIC1Prescaler
                0x080060ac       0x38 ..\obj\stm32f4xx_tim.o
                0x080060ac                TIM_SetIC1Prescaler
 .text.TIM_SetIC2Prescaler
                0x080060e4       0x40 ..\obj\stm32f4xx_tim.o
                0x080060e4                TIM_SetIC2Prescaler
 .text.TIM_SetIC3Prescaler
                0x08006124       0x38 ..\obj\stm32f4xx_tim.o
                0x08006124                TIM_SetIC3Prescaler
 .text.TIM_SetIC4Prescaler
                0x0800615c       0x40 ..\obj\stm32f4xx_tim.o
                0x0800615c                TIM_SetIC4Prescaler
 .text.TIM_ITConfig
                0x0800619c       0x4c ..\obj\stm32f4xx_tim.o
                0x0800619c                TIM_ITConfig
 .text.TIM_ClearFlag
                0x080061e8       0x24 ..\obj\stm32f4xx_tim.o
                0x080061e8                TIM_ClearFlag
 .text.TIM_ClearITPendingBit
                0x0800620c       0x24 ..\obj\stm32f4xx_tim.o
                0x0800620c                TIM_ClearITPendingBit
 .text.TIM_ETRClockMode2Config
                0x08006230       0x34 ..\obj\stm32f4xx_tim.o
                0x08006230                TIM_ETRClockMode2Config
 .text.TIM_SelectInputTrigger
                0x08006264       0x3c ..\obj\stm32f4xx_tim.o
                0x08006264                TIM_SelectInputTrigger
 .text.TIM_SelectOutputTrigger
                0x080062a0       0x38 ..\obj\stm32f4xx_tim.o
                0x080062a0                TIM_SelectOutputTrigger
 .text.TIM_SelectSlaveMode
                0x080062d8       0x38 ..\obj\stm32f4xx_tim.o
                0x080062d8                TIM_SelectSlaveMode
 .text.TIM_SelectMasterSlaveMode
                0x08006310       0x38 ..\obj\stm32f4xx_tim.o
                0x08006310                TIM_SelectMasterSlaveMode
 .text.TIM_ETRConfig
                0x08006348       0x54 ..\obj\stm32f4xx_tim.o
                0x08006348                TIM_ETRConfig
 .text.TI1_Config
                0x0800639c       0x84 ..\obj\stm32f4xx_tim.o
 .text.TI2_Config
                0x08006420       0xa4 ..\obj\stm32f4xx_tim.o
 .text.TI3_Config
                0x080064c4       0x94 ..\obj\stm32f4xx_tim.o
 .text.TI4_Config
                0x08006558       0xac ..\obj\stm32f4xx_tim.o
 .text.NVIC_SystemReset
                0x08006604       0x34 ..\obj\power_detector.o
 .text.PVD_IRQHandler
                0x08006638       0x20 ..\obj\power_detector.o
                0x08006638                PVD_IRQHandler
 .text          0x08006658      0x21c c:/coocox/coide/gcc/sourcery g++ lite/bin/../lib/gcc/arm-none-eabi/4.5.1/thumb2\libgcc.a(_arm_addsubsf3.o)
                0x08006658                __aeabi_frsub
                0x08006660                __subsf3
                0x08006660                __aeabi_fsub
                0x08006664                __aeabi_fadd
                0x08006664                __addsf3
                0x080067c4                __aeabi_ui2f
                0x080067c4                __floatunsisf
                0x080067cc                __aeabi_i2f
                0x080067cc                __floatsisf
                0x080067e8                __aeabi_ul2f
                0x080067e8                __floatundisf
                0x080067f8                __aeabi_l2f
                0x080067f8                __floatdisf
 .text          0x08006874      0x2a0 c:/coocox/coide/gcc/sourcery g++ lite/bin/../lib/gcc/arm-none-eabi/4.5.1/thumb2\libgcc.a(_arm_muldivsf3.o)
                0x08006874                __mulsf3
                0x08006874                __aeabi_fmul
                0x080069dc                __aeabi_fdiv
                0x080069dc                __divsf3
 .text          0x08006b14       0x58 c:/coocox/coide/gcc/sourcery g++ lite/bin/../lib/gcc/arm-none-eabi/4.5.1/../../../../arm-none-eabi/lib/thumb2\libc.a(lib_a-memcmp.o)
                0x08006b14                memcmp
 .text          0x08006b6c      0x150 c:/coocox/coide/gcc/sourcery g++ lite/bin/../lib/gcc/arm-none-eabi/4.5.1/../../../../arm-none-eabi/lib/thumb2\libc.a(lib_a-memcpy.o)
                0x08006b6c                memcpy
 .text          0x08006cbc       0xb4 c:/coocox/coide/gcc/sourcery g++ lite/bin/../lib/gcc/arm-none-eabi/4.5.1/../../../../arm-none-eabi/lib/thumb2\libc.a(lib_a-memset.o)
                0x08006cbc                memset
 *(.glue_7t)
 .glue_7t       0x00000000        0x0 linker stubs
 *(.glue_7)
 .glue_7        0x00000000        0x0 linker stubs
 *(.rodata .rodata* .gnu.linkonce.r.*)
 .rodata        0x08006d70       0x20 ..\obj\protocol.o
 .rodata        0x08006d90      0x200 ..\obj\mbcrc.o
 .rodata        0x08006f90       0x1c ..\obj\tasks.o
 .rodata        0x08006fac        0x4 ..\obj\port.o
 .rodata        0x08006fb0       0x18 ..\obj\frequency.o
 .rodata        0x08006fc8        0x2 ..\obj\heap_2.o

.vfp11_veneer   0x08006fcc        0x0 load address 0x08006fca
 .vfp11_veneer  0x00000000        0x0 linker stubs

.v4_bx          0x08006fcc        0x0 load address 0x08006fca
 .v4_bx         0x00000000        0x0 linker stubs

.ARM.extab
 *(.ARM.extab* .gnu.linkonce.armextab.*)

.ARM.exidx
 *(.ARM.exidx* .gnu.linkonce.armexidx.*)
                0x08006fcc                . = ALIGN (0x4)
                0x08006fcc                _etext = .
                0x08006fcc                _sidata = .

.data           0x20000000       0xbc load address 0x08006fcc
                0x20000000                _sdata = .
 *(.data .data.*)
 .data          0x20000000        0xc ..\obj\mbport.o
                0x20000000                usRegHoldingBuf
                0x20000004                REG_INPUT_START
                0x20000005                REG_HOLDING_START
                0x20000006                REG_INPUT_NREGS
                0x20000007                REG_HOLDING_NREGS
                0x20000008                usRegInputStart
                0x20000009                usRegHoldingStart
 .data          0x2000000c       0x80 ..\obj\mb.o
 .data          0x2000008c       0x10 ..\obj\stm32f4xx_rcc.o
 .data          0x2000009c        0x4 ..\obj\tasks.o
 .data          0x200000a0       0x14 ..\obj\system_stm32f4xx.o
                0x200000a0                SystemCoreClock
                0x200000a4                AHBPrescTable
 .data          0x200000b4        0x4 ..\obj\port.o
 .data          0x200000b8        0x4 ..\obj\heap_2.o
                0x200000bc                . = ALIGN (0x4)
                0x200000bc                _edata = .

.bss            0x200000bc     0x4ba8 load address 0x08007088
                0x200000bc                _sbss = .
 *(.bss .bss.*)
 .bss           0x200000bc      0x100 ..\obj\mbport.o
 .bss           0x200001bc       0x24 ..\obj\mbfuncother.o
 .bss           0x200001e0       0xfc ..\obj\tasks.o
                0x200001e0                pxCurrentTCB
 .bss           0x200002dc        0x8 ..\obj\porttimer.o
 .bss           0x200002e4        0x8 ..\obj\port.o
 .bss           0x200002ec       0x10 ..\obj\portserial.o
 .bss           0x200002fc      0x60c ..\obj\frequency.o
                0x20000904                xHigherPriorityTaskWoken
 .bss           0x20000908     0x4014 ..\obj\heap_2.o
 *(COMMON)
 COMMON         0x2000491c      0x2e8 ..\obj\protocol.o
                0x2000491c                stContext_RS232
                0x20004a90                stContext_RS485
 COMMON         0x20004c04       0x50 ..\obj\watchdog.o
                0x20004c04                task_watches
 COMMON         0x20004c54       0x10 ..\obj\frequency.o
                0x20004c54                ch2_frequency
                0x20004c58                xFrequencyMeasureCH2Queue
                0x20004c5c                xFrequencyMeasureCH1Queue
                0x20004c60                ch1_frequency
                0x20004c64                . = ALIGN (0x4)
                0x20004c64                _ebss = .

.co_stack       0x20004c64      0x804 load address 0x0800bc30
                0x20004c68                . = ALIGN (0x8)
 *fill*         0x20004c64        0x4 00
 *(.co_stack .co_stack.*)
 .co_stack      0x20004c68      0x800 ..\obj\startup_stm32f4xx.o
                0x20004c68                pulStack
                0x20005468                . = ALIGN (0x4)
                0x20005468                _end = .
LOAD ..\obj\stm32f4xx_syscfg.o
LOAD ..\obj\mbport.o
LOAD ..\obj\mb.o
LOAD ..\obj\protocol.o
LOAD ..\obj\mbfuncdisc.o
LOAD ..\obj\core_cm3.o
LOAD ..\obj\portevent.o
LOAD ..\obj\mbfuncother.o
LOAD ..\obj\stm32f4xx_usart.o
LOAD ..\obj\stm32f4xx_pwr.o
LOAD ..\obj\rtc.o
LOAD ..\obj\mbutils.o
LOAD ..\obj\startup_stm32f4xx.o
LOAD ..\obj\backup_sram.o
LOAD ..\obj\stm32f4xx_iwdg.o
LOAD ..\obj\ADS1120.o
LOAD ..\obj\mbfuncholding.o
LOAD ..\obj\main.o
LOAD ..\obj\mbcrc.o
LOAD ..\obj\stm32f4xx_rcc.o
LOAD ..\obj\timers.o
LOAD ..\obj\mbfuncinput.o
LOAD ..\obj\printf.o
LOAD ..\obj\watchdog.o
LOAD ..\obj\mbfuncdiag.o
LOAD ..\obj\tasks.o
LOAD ..\obj\stm32f4xx_gpio.o
LOAD ..\obj\porttimer.o
LOAD ..\obj\mbrtu.o
LOAD ..\obj\list.o
LOAD ..\obj\system_stm32f4xx.o
LOAD ..\obj\syscalls.o
LOAD ..\obj\port.o
LOAD ..\obj\queue.o
LOAD ..\obj\portserial.o
LOAD ..\obj\croutine.o
LOAD ..\obj\stm32f4xx_spi.o
LOAD ..\obj\mbfunccoils.o
LOAD ..\obj\event_groups.o
LOAD ..\obj\frequency.o
LOAD ..\obj\stm32f4xx_exti.o
LOAD ..\obj\misc.o
LOAD ..\obj\stm32f4xx_rtc.o
LOAD ..\obj\mbascii.o
LOAD ..\obj\heap_2.o
LOAD ..\obj\stm32f4xx_tim.o
LOAD ..\obj\power_detector.o
START GROUP
LOAD c:/coocox/coide/gcc/sourcery g++ lite/bin/../lib/gcc/arm-none-eabi/4.5.1/thumb2\libgcc.a
LOAD c:/coocox/coide/gcc/sourcery g++ lite/bin/../lib/gcc/arm-none-eabi/4.5.1/../../../../arm-none-eabi/lib/thumb2\libc.a
END GROUP
OUTPUT(IMS_CONTROLLER.elf elf32-littlearm)

.debug_abbrev   0x00000000     0x3617
 .debug_abbrev  0x00000000      0x12a ..\obj\stm32f4xx_syscfg.o
 .debug_abbrev  0x0000012a      0x132 ..\obj\mbport.o
 .debug_abbrev  0x0000025c      0x199 ..\obj\mb.o
 .debug_abbrev  0x000003f5      0x164 ..\obj\protocol.o
 .debug_abbrev  0x00000559       0xa5 ..\obj\mbfuncdisc.o
 .debug_abbrev  0x000005fe       0xd5 ..\obj\core_cm3.o
 .debug_abbrev  0x000006d3       0xc1 ..\obj\portevent.o
 .debug_abbrev  0x00000794       0xbe ..\obj\mbfuncother.o
 .debug_abbrev  0x00000852      0x14e ..\obj\stm32f4xx_usart.o
 .debug_abbrev  0x000009a0      0x175 ..\obj\stm32f4xx_pwr.o
 .debug_abbrev  0x00000b15      0x125 ..\obj\rtc.o
 .debug_abbrev  0x00000c3a       0xd2 ..\obj\mbutils.o
 .debug_abbrev  0x00000d0c       0xac ..\obj\startup_stm32f4xx.o
 .debug_abbrev  0x00000db8       0xa7 ..\obj\backup_sram.o
 .debug_abbrev  0x00000e5f       0xfa ..\obj\stm32f4xx_iwdg.o
 .debug_abbrev  0x00000f59      0x17a ..\obj\ADS1120.o
 .debug_abbrev  0x000010d3       0xa5 ..\obj\mbfuncholding.o
 .debug_abbrev  0x00001178       0xc0 ..\obj\main.o
 .debug_abbrev  0x00001238       0x90 ..\obj\mbcrc.o
 .debug_abbrev  0x000012c8      0x1b7 ..\obj\stm32f4xx_rcc.o
 .debug_abbrev  0x0000147f       0x28 ..\obj\timers.o
 .debug_abbrev  0x000014a7       0xa5 ..\obj\mbfuncinput.o
 .debug_abbrev  0x0000154c      0x238 ..\obj\printf.o
 .debug_abbrev  0x00001784      0x120 ..\obj\watchdog.o
 .debug_abbrev  0x000018a4        0x1 ..\obj\mbfuncdiag.o
 .debug_abbrev  0x000018a5      0x206 ..\obj\tasks.o
 .debug_abbrev  0x00001aab      0x182 ..\obj\stm32f4xx_gpio.o
 .debug_abbrev  0x00001c2d      0x1b6 ..\obj\porttimer.o
 .debug_abbrev  0x00001de3      0x180 ..\obj\mbrtu.o
 .debug_abbrev  0x00001f63       0xb8 ..\obj\list.o
 .debug_abbrev  0x0000201b      0x140 ..\obj\system_stm32f4xx.o
 .debug_abbrev  0x0000215b       0xde ..\obj\syscalls.o
 .debug_abbrev  0x00002239      0x186 ..\obj\port.o
 .debug_abbrev  0x000023bf      0x132 ..\obj\queue.o
 .debug_abbrev  0x000024f1      0x203 ..\obj\portserial.o
 .debug_abbrev  0x000026f4      0x17f ..\obj\croutine.o
 .debug_abbrev  0x00002873      0x160 ..\obj\stm32f4xx_spi.o
 .debug_abbrev  0x000029d3       0xb7 ..\obj\mbfunccoils.o
 .debug_abbrev  0x00002a8a      0x10f ..\obj\event_groups.o
 .debug_abbrev  0x00002b99      0x1e1 ..\obj\frequency.o
 .debug_abbrev  0x00002d7a      0x198 ..\obj\stm32f4xx_exti.o
 .debug_abbrev  0x00002f12      0x126 ..\obj\misc.o
 .debug_abbrev  0x00003038      0x16b ..\obj\stm32f4xx_rtc.o
 .debug_abbrev  0x000031a3       0x4d ..\obj\mbascii.o
 .debug_abbrev  0x000031f0      0x15f ..\obj\heap_2.o
 .debug_abbrev  0x0000334f      0x163 ..\obj\stm32f4xx_tim.o
 .debug_abbrev  0x000034b2      0x165 ..\obj\power_detector.o

.debug_info     0x00000000    0x12e24
 .debug_info    0x00000000      0x27a ..\obj\stm32f4xx_syscfg.o
 .debug_info    0x0000027a      0x3f6 ..\obj\mbport.o
 .debug_info    0x00000670      0x9a1 ..\obj\mb.o
 .debug_info    0x00001011      0x884 ..\obj\protocol.o
 .debug_info    0x00001895      0x1f9 ..\obj\mbfuncdisc.o
 .debug_info    0x00001a8e      0x548 ..\obj\core_cm3.o
 .debug_info    0x00001fd6      0x1c4 ..\obj\portevent.o
 .debug_info    0x0000219a      0x25c ..\obj\mbfuncother.o
 .debug_info    0x000023f6      0xa4f ..\obj\stm32f4xx_usart.o
 .debug_info    0x00002e45      0x53e ..\obj\stm32f4xx_pwr.o
 .debug_info    0x00003383      0x2a8 ..\obj\rtc.o
 .debug_info    0x0000362b      0x2d1 ..\obj\mbutils.o
 .debug_info    0x000038fc      0x135 ..\obj\startup_stm32f4xx.o
 .debug_info    0x00003a31      0x11f ..\obj\backup_sram.o
 .debug_info    0x00003b50      0x20b ..\obj\stm32f4xx_iwdg.o
 .debug_info    0x00003d5b      0x6cb ..\obj\ADS1120.o
 .debug_info    0x00004426      0x38e ..\obj\mbfuncholding.o
 .debug_info    0x000047b4      0x181 ..\obj\main.o
 .debug_info    0x00004935      0x13e ..\obj\mbcrc.o
 .debug_info    0x00004a73      0xd24 ..\obj\stm32f4xx_rcc.o
 .debug_info    0x00005797       0x6f ..\obj\timers.o
 .debug_info    0x00005806      0x1eb ..\obj\mbfuncinput.o
 .debug_info    0x000059f1      0xed2 ..\obj\printf.o
 .debug_info    0x000068c3      0x1ab ..\obj\watchdog.o
 .debug_info    0x00006a6e        0x0 ..\obj\mbfuncdiag.o
 .debug_info    0x00006a6e     0x12a7 ..\obj\tasks.o
 .debug_info    0x00007d15      0x639 ..\obj\stm32f4xx_gpio.o
 .debug_info    0x0000834e      0xe0c ..\obj\porttimer.o
 .debug_info    0x0000915a      0x7fd ..\obj\mbrtu.o
 .debug_info    0x00009957      0x2b5 ..\obj\list.o
 .debug_info    0x00009c0c      0x5ea ..\obj\system_stm32f4xx.o
 .debug_info    0x0000a1f6      0x440 ..\obj\syscalls.o
 .debug_info    0x0000a636      0x330 ..\obj\port.o
 .debug_info    0x0000a966      0x9ea ..\obj\queue.o
 .debug_info    0x0000b350     0x1160 ..\obj\portserial.o
 .debug_info    0x0000c4b0      0x4ec ..\obj\croutine.o
 .debug_info    0x0000c99c      0xbcc ..\obj\stm32f4xx_spi.o
 .debug_info    0x0000d568      0x31e ..\obj\mbfunccoils.o
 .debug_info    0x0000d886      0x639 ..\obj\event_groups.o
 .debug_info    0x0000debf      0xc3e ..\obj\frequency.o
 .debug_info    0x0000eafd      0x372 ..\obj\stm32f4xx_exti.o
 .debug_info    0x0000ee6f      0x594 ..\obj\misc.o
 .debug_info    0x0000f403     0x1223 ..\obj\stm32f4xx_rtc.o
 .debug_info    0x00010626       0x9b ..\obj\mbascii.o
 .debug_info    0x000106c1      0x2e3 ..\obj\heap_2.o
 .debug_info    0x000109a4     0x1e28 ..\obj\stm32f4xx_tim.o
 .debug_info    0x000127cc      0x658 ..\obj\power_detector.o

.debug_line     0x00000000     0x93d6
 .debug_line    0x00000000      0x202 ..\obj\stm32f4xx_syscfg.o
 .debug_line    0x00000202      0x282 ..\obj\mbport.o
 .debug_line    0x00000484      0x326 ..\obj\mb.o
 .debug_line    0x000007aa      0x333 ..\obj\protocol.o
 .debug_line    0x00000add      0x1ed ..\obj\mbfuncdisc.o
 .debug_line    0x00000cca      0x28e ..\obj\core_cm3.o
 .debug_line    0x00000f58      0x1d1 ..\obj\portevent.o
 .debug_line    0x00001129      0x259 ..\obj\mbfuncother.o
 .debug_line    0x00001382      0x49c ..\obj\stm32f4xx_usart.o
 .debug_line    0x0000181e      0x29f ..\obj\stm32f4xx_pwr.o
 .debug_line    0x00001abd      0x2b6 ..\obj\rtc.o
 .debug_line    0x00001d73      0x261 ..\obj\mbutils.o
 .debug_line    0x00001fd4       0xaf ..\obj\startup_stm32f4xx.o
 .debug_line    0x00002083      0x1a8 ..\obj\backup_sram.o
 .debug_line    0x0000222b      0x1f9 ..\obj\stm32f4xx_iwdg.o
 .debug_line    0x00002424      0x3e7 ..\obj\ADS1120.o
 .debug_line    0x0000280b      0x283 ..\obj\mbfuncholding.o
 .debug_line    0x00002a8e      0x2ae ..\obj\main.o
 .debug_line    0x00002d3c      0x164 ..\obj\mbcrc.o
 .debug_line    0x00002ea0      0x598 ..\obj\stm32f4xx_rcc.o
 .debug_line    0x00003438       0x1d ..\obj\timers.o
 .debug_line    0x00003455      0x1e3 ..\obj\mbfuncinput.o
 .debug_line    0x00003638      0x3cf ..\obj\printf.o
 .debug_line    0x00003a07      0x257 ..\obj\watchdog.o
 .debug_line    0x00003c5e        0x0 ..\obj\mbfuncdiag.o
 .debug_line    0x00003c5e      0xab6 ..\obj\tasks.o
 .debug_line    0x00004714      0x337 ..\obj\stm32f4xx_gpio.o
 .debug_line    0x00004a4b      0x3cd ..\obj\porttimer.o
 .debug_line    0x00004e18      0x293 ..\obj\mbrtu.o
 .debug_line    0x000050ab      0x241 ..\obj\list.o
 .debug_line    0x000052ec      0x211 ..\obj\system_stm32f4xx.o
 .debug_line    0x000054fd      0x19d ..\obj\syscalls.o
 .debug_line    0x0000569a      0x30a ..\obj\port.o
 .debug_line    0x000059a4      0x6fb ..\obj\queue.o
 .debug_line    0x0000609f      0x4e1 ..\obj\portserial.o
 .debug_line    0x00006580      0x30d ..\obj\croutine.o
 .debug_line    0x0000688d      0x44c ..\obj\stm32f4xx_spi.o
 .debug_line    0x00006cd9      0x25b ..\obj\mbfunccoils.o
 .debug_line    0x00006f34      0x395 ..\obj\event_groups.o
 .debug_line    0x000072c9      0x3e5 ..\obj\frequency.o
 .debug_line    0x000076ae      0x2a1 ..\obj\stm32f4xx_exti.o
 .debug_line    0x0000794f      0x23d ..\obj\misc.o
 .debug_line    0x00007b8c      0x80f ..\obj\stm32f4xx_rtc.o
 .debug_line    0x0000839b       0xde ..\obj\mbascii.o
 .debug_line    0x00008479      0x28b ..\obj\heap_2.o
 .debug_line    0x00008704      0xa71 ..\obj\stm32f4xx_tim.o
 .debug_line    0x00009175      0x261 ..\obj\power_detector.o

.debug_loc      0x00000000     0x733f
 .debug_loc     0x00000000      0x144 ..\obj\stm32f4xx_syscfg.o
 .debug_loc     0x00000144      0x138 ..\obj\mbport.o
 .debug_loc     0x0000027c      0x150 ..\obj\mb.o
 .debug_loc     0x000003cc       0xa8 ..\obj\protocol.o
 .debug_loc     0x00000474       0x38 ..\obj\mbfuncdisc.o
 .debug_loc     0x000004ac      0x3f0 ..\obj\core_cm3.o
 .debug_loc     0x0000089c       0xa8 ..\obj\portevent.o
 .debug_loc     0x00000944       0x70 ..\obj\mbfuncother.o
 .debug_loc     0x000009b4      0x658 ..\obj\stm32f4xx_usart.o
 .debug_loc     0x0000100c      0x288 ..\obj\stm32f4xx_pwr.o
 .debug_loc     0x00001294       0x70 ..\obj\rtc.o
 .debug_loc     0x00001304       0xa8 ..\obj\mbutils.o
 .debug_loc     0x000013ac       0x64 ..\obj\startup_stm32f4xx.o
 .debug_loc     0x00001410       0x64 ..\obj\backup_sram.o
 .debug_loc     0x00001474      0x138 ..\obj\stm32f4xx_iwdg.o
 .debug_loc     0x000015ac      0x144 ..\obj\ADS1120.o
 .debug_loc     0x000016f0       0xe0 ..\obj\mbfuncholding.o
 .debug_loc     0x000017d0      0x100 ..\obj\main.o
 .debug_loc     0x000018d0       0x38 ..\obj\mbcrc.o
 .debug_loc     0x00001908      0x97c ..\obj\stm32f4xx_rcc.o
 .debug_loc     0x00002284       0x38 ..\obj\mbfuncinput.o
 .debug_loc     0x000022bc      0x3ea ..\obj\printf.o
 .debug_loc     0x000026a6       0x70 ..\obj\watchdog.o
 .debug_loc     0x00002716      0x92c ..\obj\tasks.o
 .debug_loc     0x00003042      0x310 ..\obj\stm32f4xx_gpio.o
 .debug_loc     0x00003352      0x1e8 ..\obj\porttimer.o
 .debug_loc     0x0000353a      0x1c0 ..\obj\mbrtu.o
 .debug_loc     0x000036fa      0x118 ..\obj\list.o
 .debug_loc     0x00003812       0x9c ..\obj\system_stm32f4xx.o
 .debug_loc     0x000038ae      0x1ec ..\obj\syscalls.o
 .debug_loc     0x00003a9a      0x1dc ..\obj\port.o
 .debug_loc     0x00003c76      0x460 ..\obj\queue.o
 .debug_loc     0x000040d6      0x2c0 ..\obj\portserial.o
 .debug_loc     0x00004396      0x188 ..\obj\croutine.o
 .debug_loc     0x0000451e      0x578 ..\obj\stm32f4xx_spi.o
 .debug_loc     0x00004a96       0xa8 ..\obj\mbfunccoils.o
 .debug_loc     0x00004b3e      0x230 ..\obj\event_groups.o
 .debug_loc     0x00004d6e      0x10d ..\obj\frequency.o
 .debug_loc     0x00004e7b      0x1b4 ..\obj\stm32f4xx_exti.o
 .debug_loc     0x0000502f      0x118 ..\obj\misc.o
 .debug_loc     0x00005147      0xc48 ..\obj\stm32f4xx_rtc.o
 .debug_loc     0x00005d8f      0x100 ..\obj\heap_2.o
 .debug_loc     0x00005e8f     0x1420 ..\obj\stm32f4xx_tim.o
 .debug_loc     0x000072af       0x90 ..\obj\power_detector.o

.debug_pubnames
                0x00000000     0x3055
 .debug_pubnames
                0x00000000       0xc3 ..\obj\stm32f4xx_syscfg.o
 .debug_pubnames
                0x000000c3      0x126 ..\obj\mbport.o
 .debug_pubnames
                0x000001e9       0x66 ..\obj\mb.o
 .debug_pubnames
                0x0000024f       0x4c ..\obj\protocol.o
 .debug_pubnames
                0x0000029b       0x30 ..\obj\mbfuncdisc.o
 .debug_pubnames
                0x000002cb      0x159 ..\obj\core_cm3.o
 .debug_pubnames
                0x00000424       0x50 ..\obj\portevent.o
 .debug_pubnames
                0x00000474       0x3d ..\obj\mbfuncother.o
 .debug_pubnames
                0x000004b1      0x294 ..\obj\stm32f4xx_usart.o
 .debug_pubnames
                0x00000745      0x120 ..\obj\stm32f4xx_pwr.o
 .debug_pubnames
                0x00000865       0x46 ..\obj\rtc.o
 .debug_pubnames
                0x000008ab       0x52 ..\obj\mbutils.o
 .debug_pubnames
                0x000008fd       0x4a ..\obj\startup_stm32f4xx.o
 .debug_pubnames
                0x00000947       0x41 ..\obj\backup_sram.o
 .debug_pubnames
                0x00000988       0x91 ..\obj\stm32f4xx_iwdg.o
 .debug_pubnames
                0x00000a19       0x9f ..\obj\ADS1120.o
 .debug_pubnames
                0x00000ab8       0xa5 ..\obj\mbfuncholding.o
 .debug_pubnames
                0x00000b5d       0x90 ..\obj\main.o
 .debug_pubnames
                0x00000bed       0x20 ..\obj\mbcrc.o
 .debug_pubnames
                0x00000c0d      0x417 ..\obj\stm32f4xx_rcc.o
 .debug_pubnames
                0x00001024       0x2f ..\obj\mbfuncinput.o
 .debug_pubnames
                0x00001053      0x101 ..\obj\printf.o
 .debug_pubnames
                0x00001154       0x35 ..\obj\watchdog.o
 .debug_pubnames
                0x00001189      0x350 ..\obj\tasks.o
 .debug_pubnames
                0x000014d9      0x12d ..\obj\stm32f4xx_gpio.o
 .debug_pubnames
                0x00001606       0xf0 ..\obj\porttimer.o
 .debug_pubnames
                0x000016f6       0xa6 ..\obj\mbrtu.o
 .debug_pubnames
                0x0000179c       0x72 ..\obj\list.o
 .debug_pubnames
                0x0000180e       0x61 ..\obj\system_stm32f4xx.o
 .debug_pubnames
                0x0000186f       0x71 ..\obj\syscalls.o
 .debug_pubnames
                0x000018e0      0x144 ..\obj\port.o
 .debug_pubnames
                0x00001a24      0x18c ..\obj\queue.o
 .debug_pubnames
                0x00001bb0      0x123 ..\obj\portserial.o
 .debug_pubnames
                0x00001cd3       0x96 ..\obj\croutine.o
 .debug_pubnames
                0x00001d69      0x221 ..\obj\stm32f4xx_spi.o
 .debug_pubnames
                0x00001f8a       0x5a ..\obj\mbfunccoils.o
 .debug_pubnames
                0x00001fe4       0xf8 ..\obj\event_groups.o
 .debug_pubnames
                0x000020dc       0xbc ..\obj\frequency.o
 .debug_pubnames
                0x00002198       0xbb ..\obj\stm32f4xx_exti.o
 .debug_pubnames
                0x00002253       0x89 ..\obj\misc.o
 .debug_pubnames
                0x000022dc      0x514 ..\obj\stm32f4xx_rtc.o
 .debug_pubnames
                0x000027f0       0x64 ..\obj\heap_2.o
 .debug_pubnames
                0x00002854      0x7c4 ..\obj\stm32f4xx_tim.o
 .debug_pubnames
                0x00003018       0x3d ..\obj\power_detector.o

.debug_pubtypes
                0x00000000     0x2111
 .debug_pubtypes
                0x00000000       0x6d ..\obj\stm32f4xx_syscfg.o
 .debug_pubtypes
                0x0000006d       0x80 ..\obj\mbport.o
 .debug_pubtypes
                0x000000ed      0x17e ..\obj\mb.o
 .debug_pubtypes
                0x0000026b      0x16e ..\obj\protocol.o
 .debug_pubtypes
                0x000003d9       0x6e ..\obj\mbfuncdisc.o
 .debug_pubtypes
                0x00000447       0x50 ..\obj\core_cm3.o
 .debug_pubtypes
                0x00000497       0x52 ..\obj\portevent.o
 .debug_pubtypes
                0x000004e9       0x82 ..\obj\mbfuncother.o
 .debug_pubtypes
                0x0000056b       0xcd ..\obj\stm32f4xx_usart.o
 .debug_pubtypes
                0x00000638       0x84 ..\obj\stm32f4xx_pwr.o
 .debug_pubtypes
                0x000006bc       0x83 ..\obj\rtc.o
 .debug_pubtypes
                0x0000073f       0x79 ..\obj\mbutils.o
 .debug_pubtypes
                0x000007b8       0x37 ..\obj\backup_sram.o
 .debug_pubtypes
                0x000007ef       0x64 ..\obj\stm32f4xx_iwdg.o
 .debug_pubtypes
                0x00000853      0x12b ..\obj\ADS1120.o
 .debug_pubtypes
                0x0000097e       0x6e ..\obj\mbfuncholding.o
 .debug_pubtypes
                0x000009ec       0x49 ..\obj\main.o
 .debug_pubtypes
                0x00000a35       0x40 ..\obj\mbcrc.o
 .debug_pubtypes
                0x00000a75       0xaa ..\obj\stm32f4xx_rcc.o
 .debug_pubtypes
                0x00000b1f       0x12 ..\obj\timers.o
 .debug_pubtypes
                0x00000b31       0x6e ..\obj\mbfuncinput.o
 .debug_pubtypes
                0x00000b9f      0x139 ..\obj\printf.o
 .debug_pubtypes
                0x00000cd8       0x63 ..\obj\watchdog.o
 .debug_pubtypes
                0x00000d3b      0x191 ..\obj\tasks.o
 .debug_pubtypes
                0x00000ecc       0xce ..\obj\stm32f4xx_gpio.o
 .debug_pubtypes
                0x00000f9a      0x1ad ..\obj\porttimer.o
 .debug_pubtypes
                0x00001147      0x115 ..\obj\mbrtu.o
 .debug_pubtypes
                0x0000125c       0x98 ..\obj\list.o
 .debug_pubtypes
                0x000012f4       0x73 ..\obj\system_stm32f4xx.o
 .debug_pubtypes
                0x00001367       0xaa ..\obj\syscalls.o
 .debug_pubtypes
                0x00001411       0x7c ..\obj\port.o
 .debug_pubtypes
                0x0000148d      0x122 ..\obj\queue.o
 .debug_pubtypes
                0x000015af      0x257 ..\obj\portserial.o
 .debug_pubtypes
                0x00001806      0x107 ..\obj\croutine.o
 .debug_pubtypes
                0x0000190d       0xbc ..\obj\stm32f4xx_spi.o
 .debug_pubtypes
                0x000019c9       0x6e ..\obj\mbfunccoils.o
 .debug_pubtypes
                0x00001a37       0xf9 ..\obj\event_groups.o
 .debug_pubtypes
                0x00001b30      0x195 ..\obj\frequency.o
 .debug_pubtypes
                0x00001cc5       0xae ..\obj\stm32f4xx_exti.o
 .debug_pubtypes
                0x00001d73       0x8c ..\obj\misc.o
 .debug_pubtypes
                0x00001dff       0xd8 ..\obj\stm32f4xx_rtc.o
 .debug_pubtypes
                0x00001ed7       0x1e ..\obj\mbascii.o
 .debug_pubtypes
                0x00001ef5       0x73 ..\obj\heap_2.o
 .debug_pubtypes
                0x00001f68       0xe4 ..\obj\stm32f4xx_tim.o
 .debug_pubtypes
                0x0000204c       0xc5 ..\obj\power_detector.o

.debug_aranges  0x00000000     0x1528
 .debug_aranges
                0x00000000       0x48 ..\obj\stm32f4xx_syscfg.o
 .debug_aranges
                0x00000048       0x48 ..\obj\mbport.o
 .debug_aranges
                0x00000090       0x48 ..\obj\mb.o
 .debug_aranges
                0x000000d8       0x30 ..\obj\protocol.o
 .debug_aranges
                0x00000108       0x20 ..\obj\mbfuncdisc.o
 .debug_aranges
                0x00000128       0xc8 ..\obj\core_cm3.o
 .debug_aranges
                0x000001f0       0x30 ..\obj\portevent.o
 .debug_aranges
                0x00000220       0x28 ..\obj\mbfuncother.o
 .debug_aranges
                0x00000248      0x100 ..\obj\stm32f4xx_usart.o
 .debug_aranges
                0x00000348       0x78 ..\obj\stm32f4xx_pwr.o
 .debug_aranges
                0x000003c0       0x28 ..\obj\rtc.o
 .debug_aranges
                0x000003e8       0x30 ..\obj\mbutils.o
 .debug_aranges
                0x00000418       0x28 ..\obj\startup_stm32f4xx.o
 .debug_aranges
                0x00000440       0x28 ..\obj\backup_sram.o
 .debug_aranges
                0x00000468       0x48 ..\obj\stm32f4xx_iwdg.o
 .debug_aranges
                0x000004b0       0x48 ..\obj\ADS1120.o
 .debug_aranges
                0x000004f8       0x38 ..\obj\mbfuncholding.o
 .debug_aranges
                0x00000530       0x40 ..\obj\main.o
 .debug_aranges
                0x00000570       0x20 ..\obj\mbcrc.o
 .debug_aranges
                0x00000590      0x178 ..\obj\stm32f4xx_rcc.o
 .debug_aranges
                0x00000708       0x20 ..\obj\mbfuncinput.o
 .debug_aranges
                0x00000728       0xa0 ..\obj\printf.o
 .debug_aranges
                0x000007c8       0x28 ..\obj\watchdog.o
 .debug_aranges
                0x000007f0      0x170 ..\obj\tasks.o
 .debug_aranges
                0x00000960       0x88 ..\obj\stm32f4xx_gpio.o
 .debug_aranges
                0x000009e8       0x68 ..\obj\porttimer.o
 .debug_aranges
                0x00000a50       0x58 ..\obj\mbrtu.o
 .debug_aranges
                0x00000aa8       0x40 ..\obj\list.o
 .debug_aranges
                0x00000ae8       0x30 ..\obj\system_stm32f4xx.o
 .debug_aranges
                0x00000b18       0x60 ..\obj\syscalls.o
 .debug_aranges
                0x00000b78       0x90 ..\obj\port.o
 .debug_aranges
                0x00000c08       0xb8 ..\obj\queue.o
 .debug_aranges
                0x00000cc0       0x80 ..\obj\portserial.o
 .debug_aranges
                0x00000d40       0x50 ..\obj\croutine.o
 .debug_aranges
                0x00000d90       0xe0 ..\obj\stm32f4xx_spi.o
 .debug_aranges
                0x00000e70       0x30 ..\obj\mbfunccoils.o
 .debug_aranges
                0x00000ea0       0x68 ..\obj\event_groups.o
 .debug_aranges
                0x00000f08       0x40 ..\obj\frequency.o
 .debug_aranges
                0x00000f48       0x58 ..\obj\stm32f4xx_exti.o
 .debug_aranges
                0x00000fa0       0x40 ..\obj\misc.o
 .debug_aranges
                0x00000fe0      0x1e0 ..\obj\stm32f4xx_rtc.o
 .debug_aranges
                0x000011c0       0x40 ..\obj\heap_2.o
 .debug_aranges
                0x00001200      0x2f8 ..\obj\stm32f4xx_tim.o
 .debug_aranges
                0x000014f8       0x30 ..\obj\power_detector.o

.debug_ranges   0x00000000     0x1268
 .debug_ranges  0x00000000       0x38 ..\obj\stm32f4xx_syscfg.o
 .debug_ranges  0x00000038       0x38 ..\obj\mbport.o
 .debug_ranges  0x00000070       0x38 ..\obj\mb.o
 .debug_ranges  0x000000a8       0x20 ..\obj\protocol.o
 .debug_ranges  0x000000c8       0x10 ..\obj\mbfuncdisc.o
 .debug_ranges  0x000000d8       0xb8 ..\obj\core_cm3.o
 .debug_ranges  0x00000190       0x20 ..\obj\portevent.o
 .debug_ranges  0x000001b0       0x18 ..\obj\mbfuncother.o
 .debug_ranges  0x000001c8       0xf0 ..\obj\stm32f4xx_usart.o
 .debug_ranges  0x000002b8       0x68 ..\obj\stm32f4xx_pwr.o
 .debug_ranges  0x00000320       0x18 ..\obj\rtc.o
 .debug_ranges  0x00000338       0x20 ..\obj\mbutils.o
 .debug_ranges  0x00000358       0x18 ..\obj\startup_stm32f4xx.o
 .debug_ranges  0x00000370       0x18 ..\obj\backup_sram.o
 .debug_ranges  0x00000388       0x38 ..\obj\stm32f4xx_iwdg.o
 .debug_ranges  0x000003c0       0x38 ..\obj\ADS1120.o
 .debug_ranges  0x000003f8       0x28 ..\obj\mbfuncholding.o
 .debug_ranges  0x00000420       0x30 ..\obj\main.o
 .debug_ranges  0x00000450       0x10 ..\obj\mbcrc.o
 .debug_ranges  0x00000460      0x168 ..\obj\stm32f4xx_rcc.o
 .debug_ranges  0x000005c8       0x10 ..\obj\mbfuncinput.o
 .debug_ranges  0x000005d8       0x90 ..\obj\printf.o
 .debug_ranges  0x00000668       0x18 ..\obj\watchdog.o
 .debug_ranges  0x00000680      0x160 ..\obj\tasks.o
 .debug_ranges  0x000007e0       0x78 ..\obj\stm32f4xx_gpio.o
 .debug_ranges  0x00000858       0x58 ..\obj\porttimer.o
 .debug_ranges  0x000008b0       0x48 ..\obj\mbrtu.o
 .debug_ranges  0x000008f8       0x30 ..\obj\list.o
 .debug_ranges  0x00000928       0x20 ..\obj\system_stm32f4xx.o
 .debug_ranges  0x00000948       0x50 ..\obj\syscalls.o
 .debug_ranges  0x00000998       0x80 ..\obj\port.o
 .debug_ranges  0x00000a18       0xa8 ..\obj\queue.o
 .debug_ranges  0x00000ac0       0x70 ..\obj\portserial.o
 .debug_ranges  0x00000b30       0x40 ..\obj\croutine.o
 .debug_ranges  0x00000b70       0xd0 ..\obj\stm32f4xx_spi.o
 .debug_ranges  0x00000c40       0x20 ..\obj\mbfunccoils.o
 .debug_ranges  0x00000c60       0x58 ..\obj\event_groups.o
 .debug_ranges  0x00000cb8       0x30 ..\obj\frequency.o
 .debug_ranges  0x00000ce8       0x48 ..\obj\stm32f4xx_exti.o
 .debug_ranges  0x00000d30       0x30 ..\obj\misc.o
 .debug_ranges  0x00000d60      0x1d0 ..\obj\stm32f4xx_rtc.o
 .debug_ranges  0x00000f30       0x30 ..\obj\heap_2.o
 .debug_ranges  0x00000f60      0x2e8 ..\obj\stm32f4xx_tim.o
 .debug_ranges  0x00001248       0x20 ..\obj\power_detector.o

.debug_str      0x00000000     0x706f
 .debug_str     0x00000000      0x21d ..\obj\stm32f4xx_syscfg.o
                                0x26a (size before relaxing)
 .debug_str     0x0000021d      0x24d ..\obj\mbport.o
                                0x300 (size before relaxing)
 .debug_str     0x0000046a      0x5d4 ..\obj\mb.o
                                0x785 (size before relaxing)
 .debug_str     0x00000a3e      0x1c9 ..\obj\protocol.o
                                0x821 (size before relaxing)
 .debug_str     0x00000c07       0xc3 ..\obj\mbfuncdisc.o
                                0x2e3 (size before relaxing)
 .debug_str     0x00000cca      0x173 ..\obj\core_cm3.o
                                0x23a (size before relaxing)
 .debug_str     0x00000e3d       0x9a ..\obj\portevent.o
                                0x1c1 (size before relaxing)
 .debug_str     0x00000ed7       0xd8 ..\obj\mbfuncother.o
                                0x30c (size before relaxing)
 .debug_str     0x00000faf      0x4e4 ..\obj\stm32f4xx_usart.o
                                0x5fa (size before relaxing)
 .debug_str     0x00001493      0x1e9 ..\obj\stm32f4xx_pwr.o
                                0x2fc (size before relaxing)
 .debug_str     0x0000167c      0x15c ..\obj\rtc.o
                                0x272 (size before relaxing)
 .debug_str     0x000017d8       0xf9 ..\obj\mbutils.o
                                0x320 (size before relaxing)
 .debug_str     0x000018d1       0xbe ..\obj\startup_stm32f4xx.o
                                 0xe9 (size before relaxing)
 .debug_str     0x0000198f       0x99 ..\obj\backup_sram.o
                                0x15e (size before relaxing)
 .debug_str     0x00001a28       0xf6 ..\obj\stm32f4xx_iwdg.o
                                0x1d7 (size before relaxing)
 .debug_str     0x00001b1e      0x3b9 ..\obj\ADS1120.o
                                0x61d (size before relaxing)
 .debug_str     0x00001ed7      0x155 ..\obj\mbfuncholding.o
                                0x3c1 (size before relaxing)
 .debug_str     0x0000202c       0xd6 ..\obj\main.o
                                0x1ab (size before relaxing)
 .debug_str     0x00002102       0x77 ..\obj\mbcrc.o
                                0x144 (size before relaxing)
 .debug_str     0x00002179      0x5eb ..\obj\stm32f4xx_rcc.o
                                0x7bb (size before relaxing)
 .debug_str     0x00002764       0x56 ..\obj\timers.o
                                 0xeb (size before relaxing)
 .debug_str     0x000027ba       0x79 ..\obj\mbfuncinput.o
                                0x2d7 (size before relaxing)
 .debug_str     0x00002833      0x49c ..\obj\printf.o
                                0x5fc (size before relaxing)
 .debug_str     0x00002ccf       0x7c ..\obj\watchdog.o
                                0x19b (size before relaxing)
 .debug_str     0x00002d4b      0xa43 ..\obj\tasks.o
                                0xb93 (size before relaxing)
 .debug_str     0x0000378e      0x194 ..\obj\stm32f4xx_gpio.o
                                0x40e (size before relaxing)
 .debug_str     0x00003922      0x7e5 ..\obj\porttimer.o
                                0xeb5 (size before relaxing)
 .debug_str     0x00004107      0x121 ..\obj\mbrtu.o
                                0x557 (size before relaxing)
 .debug_str     0x00004228       0xe8 ..\obj\list.o
                                0x231 (size before relaxing)
 .debug_str     0x00004310       0xb6 ..\obj\system_stm32f4xx.o
                                0x309 (size before relaxing)
 .debug_str     0x000043c6      0x158 ..\obj\syscalls.o
                                0x27c (size before relaxing)
 .debug_str     0x0000451e      0x263 ..\obj\port.o
                                0x360 (size before relaxing)
 .debug_str     0x00004781      0x353 ..\obj\queue.o
                                0x576 (size before relaxing)
 .debug_str     0x00004ad4      0x1b3 ..\obj\portserial.o
                               0x1078 (size before relaxing)
 .debug_str     0x00004c87      0x28c ..\obj\croutine.o
                                0x455 (size before relaxing)
 .debug_str     0x00004f13      0x30b ..\obj\stm32f4xx_spi.o
                                0x5f5 (size before relaxing)
 .debug_str     0x0000521e       0xd6 ..\obj\mbfunccoils.o
                                0x34b (size before relaxing)
 .debug_str     0x000052f4      0x2a5 ..\obj\event_groups.o
                                0x452 (size before relaxing)
 .debug_str     0x00005599      0x261 ..\obj\frequency.o
                                0xc62 (size before relaxing)
 .debug_str     0x000057fa      0x1db ..\obj\stm32f4xx_exti.o
                                0x2d9 (size before relaxing)
 .debug_str     0x000059d5      0x137 ..\obj\misc.o
                                0x344 (size before relaxing)
 .debug_str     0x00005b0c      0x893 ..\obj\stm32f4xx_rtc.o
                                0xabe (size before relaxing)
 .debug_str     0x0000639f       0x58 ..\obj\mbascii.o
                                0x102 (size before relaxing)
 .debug_str     0x000063f7      0x19b ..\obj\heap_2.o
                                0x284 (size before relaxing)
 .debug_str     0x00006592      0xa3a ..\obj\stm32f4xx_tim.o
                                0xd3b (size before relaxing)
 .debug_str     0x00006fcc       0xa3 ..\obj\power_detector.o
                                0x838 (size before relaxing)

.comment        0x00000000       0x2a
 .comment       0x00000000       0x2a ..\obj\stm32f4xx_syscfg.o
                                 0x2b (size before relaxing)
 .comment       0x00000000       0x2b ..\obj\mbport.o
 .comment       0x00000000       0x2b ..\obj\mb.o
 .comment       0x00000000       0x2b ..\obj\protocol.o
 .comment       0x00000000       0x2b ..\obj\mbfuncdisc.o
 .comment       0x00000000       0x2b ..\obj\core_cm3.o
 .comment       0x00000000       0x2b ..\obj\portevent.o
 .comment       0x00000000       0x2b ..\obj\mbfuncother.o
 .comment       0x00000000       0x2b ..\obj\stm32f4xx_usart.o
 .comment       0x00000000       0x2b ..\obj\stm32f4xx_pwr.o
 .comment       0x00000000       0x2b ..\obj\rtc.o
 .comment       0x00000000       0x2b ..\obj\mbutils.o
 .comment       0x00000000       0x2b ..\obj\startup_stm32f4xx.o
 .comment       0x00000000       0x2b ..\obj\backup_sram.o
 .comment       0x00000000       0x2b ..\obj\stm32f4xx_iwdg.o
 .comment       0x00000000       0x2b ..\obj\ADS1120.o
 .comment       0x00000000       0x2b ..\obj\mbfuncholding.o
 .comment       0x00000000       0x2b ..\obj\main.o
 .comment       0x00000000       0x2b ..\obj\mbcrc.o
 .comment       0x00000000       0x2b ..\obj\stm32f4xx_rcc.o
 .comment       0x00000000       0x2b ..\obj\timers.o
 .comment       0x00000000       0x2b ..\obj\mbfuncinput.o
 .comment       0x00000000       0x2b ..\obj\printf.o
 .comment       0x00000000       0x2b ..\obj\watchdog.o
 .comment       0x00000000       0x2b ..\obj\mbfuncdiag.o
 .comment       0x00000000       0x2b ..\obj\tasks.o
 .comment       0x00000000       0x2b ..\obj\stm32f4xx_gpio.o
 .comment       0x00000000       0x2b ..\obj\porttimer.o
 .comment       0x00000000       0x2b ..\obj\mbrtu.o
 .comment       0x00000000       0x2b ..\obj\list.o
 .comment       0x00000000       0x2b ..\obj\system_stm32f4xx.o
 .comment       0x00000000       0x2b ..\obj\syscalls.o
 .comment       0x00000000       0x2b ..\obj\port.o
 .comment       0x00000000       0x2b ..\obj\queue.o
 .comment       0x00000000       0x2b ..\obj\portserial.o
 .comment       0x00000000       0x2b ..\obj\croutine.o
 .comment       0x00000000       0x2b ..\obj\stm32f4xx_spi.o
 .comment       0x00000000       0x2b ..\obj\mbfunccoils.o
 .comment       0x00000000       0x2b ..\obj\event_groups.o
 .comment       0x00000000       0x2b ..\obj\frequency.o
 .comment       0x00000000       0x2b ..\obj\stm32f4xx_exti.o
 .comment       0x00000000       0x2b ..\obj\misc.o
 .comment       0x00000000       0x2b ..\obj\stm32f4xx_rtc.o
 .comment       0x00000000       0x2b ..\obj\mbascii.o
 .comment       0x00000000       0x2b ..\obj\heap_2.o
 .comment       0x00000000       0x2b ..\obj\stm32f4xx_tim.o
 .comment       0x00000000       0x2b ..\obj\power_detector.o

.ARM.attributes
                0x00000000       0x31
 .ARM.attributes
                0x00000000       0x31 ..\obj\stm32f4xx_syscfg.o
 .ARM.attributes
                0x00000031       0x31 ..\obj\mbport.o
 .ARM.attributes
                0x00000062       0x31 ..\obj\mb.o
 .ARM.attributes
                0x00000093       0x31 ..\obj\protocol.o
 .ARM.attributes
                0x000000c4       0x31 ..\obj\mbfuncdisc.o
 .ARM.attributes
                0x000000f5       0x31 ..\obj\core_cm3.o
 .ARM.attributes
                0x00000126       0x31 ..\obj\portevent.o
 .ARM.attributes
                0x00000157       0x31 ..\obj\mbfuncother.o
 .ARM.attributes
                0x00000188       0x31 ..\obj\stm32f4xx_usart.o
 .ARM.attributes
                0x000001b9       0x31 ..\obj\stm32f4xx_pwr.o
 .ARM.attributes
                0x000001ea       0x31 ..\obj\rtc.o
 .ARM.attributes
                0x0000021b       0x31 ..\obj\mbutils.o
 .ARM.attributes
                0x0000024c       0x31 ..\obj\startup_stm32f4xx.o
 .ARM.attributes
                0x0000027d       0x31 ..\obj\backup_sram.o
 .ARM.attributes
                0x000002ae       0x31 ..\obj\stm32f4xx_iwdg.o
 .ARM.attributes
                0x000002df       0x31 ..\obj\ADS1120.o
 .ARM.attributes
                0x00000310       0x31 ..\obj\mbfuncholding.o
 .ARM.attributes
                0x00000341       0x31 ..\obj\main.o
 .ARM.attributes
                0x00000372       0x31 ..\obj\mbcrc.o
 .ARM.attributes
                0x000003a3       0x31 ..\obj\stm32f4xx_rcc.o
 .ARM.attributes
                0x000003d4       0x31 ..\obj\timers.o
 .ARM.attributes
                0x00000405       0x31 ..\obj\mbfuncinput.o
 .ARM.attributes
                0x00000436       0x31 ..\obj\printf.o
 .ARM.attributes
                0x00000467       0x31 ..\obj\watchdog.o
 .ARM.attributes
                0x00000498       0x31 ..\obj\mbfuncdiag.o
 .ARM.attributes
                0x000004c9       0x31 ..\obj\tasks.o
 .ARM.attributes
                0x000004fa       0x31 ..\obj\stm32f4xx_gpio.o
 .ARM.attributes
                0x0000052b       0x31 ..\obj\porttimer.o
 .ARM.attributes
                0x0000055c       0x31 ..\obj\mbrtu.o
 .ARM.attributes
                0x0000058d       0x31 ..\obj\list.o
 .ARM.attributes
                0x000005be       0x31 ..\obj\system_stm32f4xx.o
 .ARM.attributes
                0x000005ef       0x31 ..\obj\syscalls.o
 .ARM.attributes
                0x00000620       0x31 ..\obj\port.o
 .ARM.attributes
                0x00000651       0x31 ..\obj\queue.o
 .ARM.attributes
                0x00000682       0x31 ..\obj\portserial.o
 .ARM.attributes
                0x000006b3       0x31 ..\obj\croutine.o
 .ARM.attributes
                0x000006e4       0x31 ..\obj\stm32f4xx_spi.o
 .ARM.attributes
                0x00000715       0x31 ..\obj\mbfunccoils.o
 .ARM.attributes
                0x00000746       0x31 ..\obj\event_groups.o
 .ARM.attributes
                0x00000777       0x31 ..\obj\frequency.o
 .ARM.attributes
                0x000007a8       0x31 ..\obj\stm32f4xx_exti.o
 .ARM.attributes
                0x000007d9       0x31 ..\obj\misc.o
 .ARM.attributes
                0x0000080a       0x31 ..\obj\stm32f4xx_rtc.o
 .ARM.attributes
                0x0000083b       0x31 ..\obj\mbascii.o
 .ARM.attributes
                0x0000086c       0x31 ..\obj\heap_2.o
 .ARM.attributes
                0x0000089d       0x31 ..\obj\stm32f4xx_tim.o
 .ARM.attributes
                0x000008ce       0x31 ..\obj\power_detector.o
 .ARM.attributes
                0x000008ff       0x1b c:/coocox/coide/gcc/sourcery g++ lite/bin/../lib/gcc/arm-none-eabi/4.5.1/thumb2\libgcc.a(_arm_addsubdf3.o)
 .ARM.attributes
                0x0000091a       0x1b c:/coocox/coide/gcc/sourcery g++ lite/bin/../lib/gcc/arm-none-eabi/4.5.1/thumb2\libgcc.a(_arm_muldivdf3.o)
 .ARM.attributes
                0x00000935       0x1b c:/coocox/coide/gcc/sourcery g++ lite/bin/../lib/gcc/arm-none-eabi/4.5.1/thumb2\libgcc.a(_arm_truncdfsf2.o)
 .ARM.attributes
                0x00000950       0x1b c:/coocox/coide/gcc/sourcery g++ lite/bin/../lib/gcc/arm-none-eabi/4.5.1/thumb2\libgcc.a(_arm_addsubsf3.o)
 .ARM.attributes
                0x0000096b       0x1b c:/coocox/coide/gcc/sourcery g++ lite/bin/../lib/gcc/arm-none-eabi/4.5.1/thumb2\libgcc.a(_arm_muldivsf3.o)
 .ARM.attributes
                0x00000986       0x29 c:/coocox/coide/gcc/sourcery g++ lite/bin/../lib/gcc/arm-none-eabi/4.5.1/../../../../arm-none-eabi/lib/thumb2\libc.a(lib_a-memcmp.o)
 .ARM.attributes
                0x000009af       0x29 c:/coocox/coide/gcc/sourcery g++ lite/bin/../lib/gcc/arm-none-eabi/4.5.1/../../../../arm-none-eabi/lib/thumb2\libc.a(lib_a-memcpy.o)
 .ARM.attributes
                0x000009d8       0x29 c:/coocox/coide/gcc/sourcery g++ lite/bin/../lib/gcc/arm-none-eabi/4.5.1/../../../../arm-none-eabi/lib/thumb2\libc.a(lib_a-memset.o)

.debug_frame    0x00000000     0x4120
 .debug_frame   0x00000000       0xbc ..\obj\stm32f4xx_syscfg.o
 .debug_frame   0x000000bc       0xb0 ..\obj\mbport.o
 .debug_frame   0x0000016c       0xd4 ..\obj\mb.o
 .debug_frame   0x00000240       0x70 ..\obj\protocol.o
 .debug_frame   0x000002b0       0x30 ..\obj\mbfuncdisc.o
 .debug_frame   0x000002e0      0x280 ..\obj\core_cm3.o
 .debug_frame   0x00000560       0x64 ..\obj\portevent.o
 .debug_frame   0x000005c4       0x50 ..\obj\mbfuncother.o
 .debug_frame   0x00000614      0x344 ..\obj\stm32f4xx_usart.o
 .debug_frame   0x00000958      0x15c ..\obj\stm32f4xx_pwr.o
 .debug_frame   0x00000ab4       0x50 ..\obj\rtc.o
 .debug_frame   0x00000b04       0x68 ..\obj\mbutils.o
 .debug_frame   0x00000b6c       0x48 ..\obj\startup_stm32f4xx.o
 .debug_frame   0x00000bb4       0x48 ..\obj\backup_sram.o
 .debug_frame   0x00000bfc       0xb0 ..\obj\stm32f4xx_iwdg.o
 .debug_frame   0x00000cac       0xcc ..\obj\ADS1120.o
 .debug_frame   0x00000d78       0x90 ..\obj\mbfuncholding.o
 .debug_frame   0x00000e08       0x9c ..\obj\main.o
 .debug_frame   0x00000ea4       0x2c ..\obj\mbcrc.o
 .debug_frame   0x00000ed0      0x4d8 ..\obj\stm32f4xx_rcc.o
 .debug_frame   0x000013a8       0x30 ..\obj\mbfuncinput.o
 .debug_frame   0x000013d8      0x244 ..\obj\printf.o
 .debug_frame   0x0000161c       0x50 ..\obj\watchdog.o
 .debug_frame   0x0000166c      0x53c ..\obj\tasks.o
 .debug_frame   0x00001ba8      0x19c ..\obj\stm32f4xx_gpio.o
 .debug_frame   0x00001d44      0x138 ..\obj\porttimer.o
 .debug_frame   0x00001e7c      0x110 ..\obj\mbrtu.o
 .debug_frame   0x00001f8c       0x9c ..\obj\list.o
 .debug_frame   0x00002028       0x64 ..\obj\system_stm32f4xx.o
 .debug_frame   0x0000208c      0x108 ..\obj\syscalls.o
 .debug_frame   0x00002194      0x178 ..\obj\port.o
 .debug_frame   0x0000230c      0x290 ..\obj\queue.o
 .debug_frame   0x0000259c      0x1a4 ..\obj\portserial.o
 .debug_frame   0x00002740       0xf0 ..\obj\croutine.o
 .debug_frame   0x00002830      0x2d0 ..\obj\stm32f4xx_spi.o
 .debug_frame   0x00002b00       0x70 ..\obj\mbfunccoils.o
 .debug_frame   0x00002b70      0x14c ..\obj\event_groups.o
 .debug_frame   0x00002cbc       0xa8 ..\obj\frequency.o
 .debug_frame   0x00002d64       0xec ..\obj\stm32f4xx_exti.o
 .debug_frame   0x00002e50       0x9c ..\obj\misc.o
 .debug_frame   0x00002eec      0x670 ..\obj\stm32f4xx_rtc.o
 .debug_frame   0x0000355c       0x9c ..\obj\heap_2.o
 .debug_frame   0x000035f8      0xa3c ..\obj\stm32f4xx_tim.o
 .debug_frame   0x00004034       0x64 ..\obj\power_detector.o
 .debug_frame   0x00004098       0x2c c:/coocox/coide/gcc/sourcery g++ lite/bin/../lib/gcc/arm-none-eabi/4.5.1/../../../../arm-none-eabi/lib/thumb2\libc.a(lib_a-memcmp.o)
 .debug_frame   0x000040c4       0x30 c:/coocox/coide/gcc/sourcery g++ lite/bin/../lib/gcc/arm-none-eabi/4.5.1/../../../../arm-none-eabi/lib/thumb2\libc.a(lib_a-memcpy.o)
 .debug_frame   0x000040f4       0x2c c:/coocox/coide/gcc/sourcery g++ lite/bin/../lib/gcc/arm-none-eabi/4.5.1/../../../../arm-none-eabi/lib/thumb2\libc.a(lib_a-memset.o)
