Archive member included because of file (symbol)

C:\Program Files\CooCox\CoIDE\gcc\Sourcery G++ Lite\arm-none-eabi\lib\thumb2\libm.a(lib_a-wf_sqrt.o)
                              ..\obj\ADS1220.o (sqrtf)
C:\Program Files\CooCox\CoIDE\gcc\Sourcery G++ Lite\arm-none-eabi\lib\thumb2\libm.a(lib_a-ef_sqrt.o)
                              C:\Program Files\CooCox\CoIDE\gcc\Sourcery G++ Lite\arm-none-eabi\lib\thumb2\libm.a(lib_a-wf_sqrt.o) (__ieee754_sqrtf)
C:\Program Files\CooCox\CoIDE\gcc\Sourcery G++ Lite\arm-none-eabi\lib\thumb2\libm.a(lib_a-s_lib_ver.o)
                              C:\Program Files\CooCox\CoIDE\gcc\Sourcery G++ Lite\arm-none-eabi\lib\thumb2\libm.a(lib_a-wf_sqrt.o) (__fdlib_version)
C:\Program Files\CooCox\CoIDE\gcc\Sourcery G++ Lite\arm-none-eabi\lib\thumb2\libm.a(lib_a-s_matherr.o)
                              C:\Program Files\CooCox\CoIDE\gcc\Sourcery G++ Lite\arm-none-eabi\lib\thumb2\libm.a(lib_a-wf_sqrt.o) (matherr)
C:\Program Files\CooCox\CoIDE\gcc\Sourcery G++ Lite\arm-none-eabi\lib\thumb2\libm.a(lib_a-sf_fpclassify.o)
                              C:\Program Files\CooCox\CoIDE\gcc\Sourcery G++ Lite\arm-none-eabi\lib\thumb2\libm.a(lib_a-wf_sqrt.o) (__fpclassifyf)
C:\Program Files\CooCox\CoIDE\gcc\Sourcery G++ Lite\arm-none-eabi\lib\thumb2\libc.a(lib_a-errno.o)
                              C:\Program Files\CooCox\CoIDE\gcc\Sourcery G++ Lite\arm-none-eabi\lib\thumb2\libm.a(lib_a-wf_sqrt.o) (__errno)
C:\Program Files\CooCox\CoIDE\gcc\Sourcery G++ Lite\arm-none-eabi\lib\thumb2\libc.a(lib_a-memcmp.o)
                              ..\obj\tasks.o (memcmp)
C:\Program Files\CooCox\CoIDE\gcc\Sourcery G++ Lite\arm-none-eabi\lib\thumb2\libc.a(lib_a-memcpy.o)
                              ..\obj\mbport.o (memcpy)
C:\Program Files\CooCox\CoIDE\gcc\Sourcery G++ Lite\arm-none-eabi\lib\thumb2\libc.a(lib_a-memset.o)
                              ..\obj\tasks.o (memset)
C:\Program Files\CooCox\CoIDE\gcc\Sourcery G++ Lite\arm-none-eabi\lib\thumb2\libc.a(lib_a-strlen.o)
                              ..\obj\controller.o (strlen)
c:/stm32/arm_eabi/bin/../lib/gcc/arm-none-eabi/4.7.2/thumb2\libgcc.a(_arm_addsubdf3.o)
                              ..\obj\ADS1220.o (__aeabi_dsub)
c:/stm32/arm_eabi/bin/../lib/gcc/arm-none-eabi/4.7.2/thumb2\libgcc.a(_arm_muldivdf3.o)
                              ..\obj\ADS1220.o (__aeabi_dmul)
c:/stm32/arm_eabi/bin/../lib/gcc/arm-none-eabi/4.7.2/thumb2\libgcc.a(_arm_truncdfsf2.o)
                              ..\obj\ADS1220.o (__aeabi_d2f)
c:/stm32/arm_eabi/bin/../lib/gcc/arm-none-eabi/4.7.2/thumb2\libgcc.a(_arm_addsubsf3.o)
                              ..\obj\ADS1220.o (__aeabi_fsub)
c:/stm32/arm_eabi/bin/../lib/gcc/arm-none-eabi/4.7.2/thumb2\libgcc.a(_arm_muldivsf3.o)
                              ..\obj\ADS1220.o (__aeabi_fmul)
c:/stm32/arm_eabi/bin/../lib/gcc/arm-none-eabi/4.7.2/thumb2\libgcc.a(_arm_cmpsf2.o)
                              ..\obj\controller.o (__aeabi_fcmplt)
c:/stm32/arm_eabi/bin/../lib/gcc/arm-none-eabi/4.7.2/thumb2\libgcc.a(_arm_fixunssfsi.o)
                              ..\obj\mbport.o (__aeabi_f2uiz)

Allocating common symbols
Common symbol       size              file

SDIO_CmdInitStructure
                    0x14              ..\obj\sdio_sd.o
APP_Tx_Buffer       0x80              ..\obj\usbd_cdc_vcp.o
log_buf             0x80              ..\obj\log.o
stContext_RS232     0x174             ..\obj\protocol.o
fs                  0x230             ..\obj\controller.o
stContext_RS485     0x174             ..\obj\protocol.o
br                  0x4               ..\obj\controller.o
stSettings          0x84              ..\obj\controller.o
SDCardInfo          0x58              ..\obj\sdio_sd.o
SDIO_InitStructure  0x18              ..\obj\sdio_sd.o
fsrc                0x224             ..\obj\controller.o
usbd_cdc_OtherCfgDesc
                    0x43              ..\obj\usbd_cdc_core.o
SDIO_DataInitStructure
                    0x18              ..\obj\sdio_sd.o
APP_tx_ptr_tail     0x4               ..\obj\usbd_cdc_vcp.o
USB_Rx_Buffer       0x40              ..\obj\usbd_cdc_core.o
xMeasureDataMutex   0x4               ..\obj\controller.o
temp_char           0x1               ..\obj\portserial.o
stContext_USB_CDC   0x174             ..\obj\protocol.o
CmdBuff             0x8               ..\obj\usbd_cdc_core.o
xI2CBusMutex        0x4               ..\obj\fram_i2c.o
USB_OTG_dev         0x5f0             ..\obj\portserial.o
xFrequencySemaphore
                    0x8               ..\obj\frequency.o
xADC_SPI_Mutex      0x4               ..\obj\ADS1220.o
APP_Rx_Buffer       0x800             ..\obj\usbd_cdc_core.o
res                 0x1               ..\obj\controller.o
NVIC_InitStructure  0x4               ..\obj\low_level_sdio.o
stMeasureData       0x60              ..\obj\controller.o
xSettingsMutex      0x4               ..\obj\controller.o
task_watches        0x50              ..\obj\watchdog.o
USBD_StrDesc        0x32              ..\obj\usbd_req.o
[...]
Memory Configuration

Name             Origin             Length             Attributes
rom              0x08000000         0x00100000         xr
ram              0x20000000         0x00020000         xrw
ram1             0x10000000         0x00010000         xrw
*default*        0x00000000         0xffffffff

Linker script and memory map

                0x20020000                _eram = 0x20020000

.text           0x08000000    0x1682c
 *(.isr_vector)
 .isr_vector    0x08000000      0x188 ..\obj\startup_stm32f4xx.o
                0x08000000                g_pfnVectors
 *(.text*)
 .text.USB_OTG_EnableCommonInt
                0x08000188       0x44 ..\obj\usb_core.o
 .text.USB_OTG_CoreReset
                0x080001cc       0xa4 ..\obj\usb_core.o
 .text.USB_OTG_WritePacket
                0x08000270       0x84 ..\obj\usb_core.o
                0x08000270                USB_OTG_WritePacket
 .text.USB_OTG_ReadPacket
                0x080002f4       0x68 ..\obj\usb_core.o
                0x080002f4                USB_OTG_ReadPacket
 .text.USB_OTG_SelectCore
                0x0800035c      0x1b0 ..\obj\usb_core.o
                0x0800035c                USB_OTG_SelectCore
 .text.USB_OTG_CoreInit
                0x0800050c      0x1f8 ..\obj\usb_core.o
                0x0800050c                USB_OTG_CoreInit
 .text.USB_OTG_EnableGlobalInt
                0x08000704       0x3c ..\obj\usb_core.o
                0x08000704                USB_OTG_EnableGlobalInt
 .text.USB_OTG_DisableGlobalInt
                0x08000740       0x40 ..\obj\usb_core.o
                0x08000740                USB_OTG_DisableGlobalInt
 .text.USB_OTG_FlushTxFifo
                0x08000780       0x80 ..\obj\usb_core.o
                0x08000780                USB_OTG_FlushTxFifo
 .text.USB_OTG_FlushRxFifo
                0x08000800       0x6c ..\obj\usb_core.o
                0x08000800                USB_OTG_FlushRxFifo
 .text.USB_OTG_SetCurrentMode
                0x0800086c       0x64 ..\obj\usb_core.o
                0x0800086c                USB_OTG_SetCurrentMode
 .text.USB_OTG_GetMode
                0x080008d0       0x20 ..\obj\usb_core.o
                0x080008d0                USB_OTG_GetMode
 .text.USB_OTG_IsDeviceMode
                0x080008f0       0x24 ..\obj\usb_core.o
                0x080008f0                USB_OTG_IsDeviceMode
 .text.USB_OTG_ReadCoreItr
                0x08000914       0x30 ..\obj\usb_core.o
                0x08000914                USB_OTG_ReadCoreItr
 .text.USB_OTG_InitDevSpeed
                0x08000944       0x38 ..\obj\usb_core.o
                0x08000944                USB_OTG_InitDevSpeed
 .text.USB_OTG_CoreInitDev
                0x0800097c      0x2d8 ..\obj\usb_core.o
                0x0800097c                USB_OTG_CoreInitDev
 .text.USB_OTG_EnableDevInt
                0x08000c54       0xa4 ..\obj\usb_core.o
                0x08000c54                USB_OTG_EnableDevInt
 .text.USB_OTG_GetDeviceSpeed
                0x08000cf8       0x50 ..\obj\usb_core.o
                0x08000cf8                USB_OTG_GetDeviceSpeed
 .text.USB_OTG_EP0Activate
                0x08000d48       0x80 ..\obj\usb_core.o
                0x08000d48                USB_OTG_EP0Activate
 .text.USB_OTG_EPActivate
                0x08000dc8       0xf8 ..\obj\usb_core.o
                0x08000dc8                USB_OTG_EPActivate
 .text.USB_OTG_EPDeactivate
                0x08000ec0       0xa4 ..\obj\usb_core.o
                0x08000ec0                USB_OTG_EPDeactivate
 .text.USB_OTG_EPStartXfer
                0x08000f64      0x2d0 ..\obj\usb_core.o
                0x08000f64                USB_OTG_EPStartXfer
 .text.USB_OTG_EP0StartXfer
                0x08001234      0x200 ..\obj\usb_core.o
                0x08001234                USB_OTG_EP0StartXfer
 .text.USB_OTG_EPSetStall
                0x08001434       0x94 ..\obj\usb_core.o
                0x08001434                USB_OTG_EPSetStall
 .text.USB_OTG_EPClearStall
                0x080014c8       0x84 ..\obj\usb_core.o
                0x080014c8                USB_OTG_EPClearStall
 .text.USB_OTG_ReadDevAllOutEp_itr
                0x0800154c       0x30 ..\obj\usb_core.o
                0x0800154c                USB_OTG_ReadDevAllOutEp_itr
 .text.USB_OTG_ReadDevOutEP_itr
                0x0800157c       0x3c ..\obj\usb_core.o
                0x0800157c                USB_OTG_ReadDevOutEP_itr
 .text.USB_OTG_ReadDevAllInEPItr
                0x080015b8       0x34 ..\obj\usb_core.o
                0x080015b8                USB_OTG_ReadDevAllInEPItr
 .text.USB_OTG_EP0_OutStart
                0x080015ec       0x78 ..\obj\usb_core.o
                0x080015ec                USB_OTG_EP0_OutStart
 .text.USB_OTG_UngateClock
                0x08001664       0x54 ..\obj\usb_core.o
                0x08001664                USB_OTG_UngateClock
 .text.SD_LowLevel_Init
                0x080016b8       0xf8 ..\obj\low_level_sdio.o
                0x080016b8                SD_LowLevel_Init
 .text.SD_LowLevel_DMA_TxConfig
                0x080017b0       0xb8 ..\obj\low_level_sdio.o
                0x080017b0                SD_LowLevel_DMA_TxConfig
 .text.SD_LowLevel_DMA_RxConfig
                0x08001868       0xb8 ..\obj\low_level_sdio.o
                0x08001868                SD_LowLevel_DMA_RxConfig
 .text.ENTER_CRITICAL_SECTION
                0x08001920        0xc ..\obj\mbport.o
                0x08001920                ENTER_CRITICAL_SECTION
 .text.EXIT_CRITICAL_SECTION
                0x0800192c        0xc ..\obj\mbport.o
                0x0800192c                EXIT_CRITICAL_SECTION
 .text.eMBRegInputCB
                0x08001938      0x294 ..\obj\mbport.o
                0x08001938                eMBRegInputCB
 .text.eMBRegHoldingCB
                0x08001bcc     0x2f60 ..\obj\mbport.o
                0x08001bcc                eMBRegHoldingCB
 .text.eMBRegCoilsCB
                0x08004b2c       0x20 ..\obj\mbport.o
                0x08004b2c                eMBRegCoilsCB
 .text.eMBRegDiscreteCB
                0x08004b4c       0x20 ..\obj\mbport.o
                0x08004b4c                eMBRegDiscreteCB
 .text.eMBFileCB
                0x08004b6c      0x16c ..\obj\mbport.o
                0x08004b6c                eMBFileCB
 .text.SDIO_DeInit
                0x08004cd8       0x20 ..\obj\stm32f4xx_sdio.o
                0x08004cd8                SDIO_DeInit
 .text.SDIO_Init
                0x08004cf8       0x60 ..\obj\stm32f4xx_sdio.o
                0x08004cf8                SDIO_Init
 .text.SDIO_ClockCmd
                0x08004d58       0x20 ..\obj\stm32f4xx_sdio.o
                0x08004d58                SDIO_ClockCmd
 .text.SDIO_SetPowerState
                0x08004d78       0x1c ..\obj\stm32f4xx_sdio.o
                0x08004d78                SDIO_SetPowerState
 .text.SDIO_GetPowerState
                0x08004d94       0x18 ..\obj\stm32f4xx_sdio.o
                0x08004d94                SDIO_GetPowerState
 .text.SDIO_SendCommand
                0x08004dac       0x58 ..\obj\stm32f4xx_sdio.o
                0x08004dac                SDIO_SendCommand
 .text.SDIO_GetCommandResponse
                0x08004e04       0x18 ..\obj\stm32f4xx_sdio.o
                0x08004e04                SDIO_GetCommandResponse
 .text.SDIO_GetResponse
                0x08004e1c       0x2c ..\obj\stm32f4xx_sdio.o
                0x08004e1c                SDIO_GetResponse
 .text.SDIO_DataConfig
                0x08004e48       0x5c ..\obj\stm32f4xx_sdio.o
                0x08004e48                SDIO_DataConfig
 .text.SDIO_ReadData
                0x08004ea4       0x18 ..\obj\stm32f4xx_sdio.o
                0x08004ea4                SDIO_ReadData
 .text.SDIO_DMACmd
                0x08004ebc       0x20 ..\obj\stm32f4xx_sdio.o
                0x08004ebc                SDIO_DMACmd
 .text.SDIO_ITConfig
                0x08004edc       0x40 ..\obj\stm32f4xx_sdio.o
                0x08004edc                SDIO_ITConfig
 .text.SDIO_GetFlagStatus
                0x08004f1c       0x3c ..\obj\stm32f4xx_sdio.o
                0x08004f1c                SDIO_GetFlagStatus
 .text.SDIO_ClearFlag
                0x08004f58       0x1c ..\obj\stm32f4xx_sdio.o
                0x08004f58                SDIO_ClearFlag
 .text.SDIO_GetITStatus
                0x08004f74       0x3c ..\obj\stm32f4xx_sdio.o
                0x08004f74                SDIO_GetITStatus
 .text.SDIO_ClearITPendingBit
                0x08004fb0       0x1c ..\obj\stm32f4xx_sdio.o
                0x08004fb0                SDIO_ClearITPendingBit
 .text.eMBInit  0x08004fcc      0x100 ..\obj\mb.o
                0x08004fcc                eMBInit
 .text.eMBEnable
                0x080050cc       0x50 ..\obj\mb.o
                0x080050cc                eMBEnable
 .text.eMBPoll  0x0800511c      0x1ac ..\obj\mb.o
                0x0800511c                eMBPoll
 .text.Protocol_Init
                0x080052c8      0x134 ..\obj\protocol.o
                0x080052c8                Protocol_Init
 .text.Modbus_RS485_Task
                0x080053fc       0x38 ..\obj\protocol.o
 .text.Modbus_RS232_Task
                0x08005434       0x38 ..\obj\protocol.o
 .text.Modbus_USB_CDC_Task
                0x0800546c       0x38 ..\obj\protocol.o
 .text.eMBFuncReadDiscreteInputs
                0x080054a4      0x130 ..\obj\mbfuncdisc.o
                0x080054a4                eMBFuncReadDiscreteInputs
 .text.USBD_USR_Init
                0x080055d4        0xc ..\obj\usbd_usr.o
                0x080055d4                USBD_USR_Init
 .text.USBD_USR_DeviceReset
                0x080055e0       0x14 ..\obj\usbd_usr.o
                0x080055e0                USBD_USR_DeviceReset
 .text.USBD_USR_DeviceConfigured
                0x080055f4        0xc ..\obj\usbd_usr.o
                0x080055f4                USBD_USR_DeviceConfigured
 .text.USBD_USR_DeviceSuspended
                0x08005600        0xc ..\obj\usbd_usr.o
                0x08005600                USBD_USR_DeviceSuspended
 .text.USBD_USR_DeviceResumed
                0x0800560c        0xc ..\obj\usbd_usr.o
                0x0800560c                USBD_USR_DeviceResumed
 .text.xMBPortEventInit
                0x08005618       0x20 ..\obj\portevent.o
                0x08005618                xMBPortEventInit
 .text.xMBPortEventPost
                0x08005638       0x2c ..\obj\portevent.o
                0x08005638                xMBPortEventPost
 .text.xMBPortEventGet
                0x08005664       0x60 ..\obj\portevent.o
                0x08005664                xMBPortEventGet
 .text.eMBFuncReportSlaveID
                0x080056c4       0x44 ..\obj\mbfuncother.o
                0x080056c4                eMBFuncReportSlaveID
 .text.USART_Init
                0x08005708      0x19c ..\obj\stm32f4xx_usart.o
                0x08005708                USART_Init
 .text.USART_Cmd
                0x080058a4       0x40 ..\obj\stm32f4xx_usart.o
                0x080058a4                USART_Cmd
 .text.USART_SendData
                0x080058e4       0x28 ..\obj\stm32f4xx_usart.o
                0x080058e4                USART_SendData
 .text.USART_ReceiveData
                0x0800590c       0x24 ..\obj\stm32f4xx_usart.o
                0x0800590c                USART_ReceiveData
 .text.USART_ITConfig
                0x08005930       0xa4 ..\obj\stm32f4xx_usart.o
                0x08005930                USART_ITConfig
 .text.USART_GetFlagStatus
                0x080059d4       0x40 ..\obj\stm32f4xx_usart.o
                0x080059d4                USART_GetFlagStatus
 .text.USART_ClearFlag
                0x08005a14       0x24 ..\obj\stm32f4xx_usart.o
                0x08005a14                USART_ClearFlag
 .text.USART_GetITStatus
                0x08005a38       0xc4 ..\obj\stm32f4xx_usart.o
                0x08005a38                USART_GetITStatus
 .text.PWR_BackupAccessCmd
                0x08005afc       0x20 ..\obj\stm32f4xx_pwr.o
                0x08005afc                PWR_BackupAccessCmd
 .text.SD_Init  0x08005b1c       0xc8 ..\obj\sdio_sd.o
                0x08005b1c                SD_Init
 .text.SD_GetStatus
                0x08005be4       0x3c ..\obj\sdio_sd.o
                0x08005be4                SD_GetStatus
 .text.SD_GetState
                0x08005c20       0x4c ..\obj\sdio_sd.o
                0x08005c20                SD_GetState
 .text.SD_Detect
                0x08005c6c       0x1c ..\obj\sdio_sd.o
                0x08005c6c                SD_Detect
 .text.SD_PowerON
                0x08005c88      0x288 ..\obj\sdio_sd.o
                0x08005c88                SD_PowerON
 .text.SD_InitializeCards
                0x08005f10      0x1c4 ..\obj\sdio_sd.o
                0x08005f10                SD_InitializeCards
 .text.SD_GetCardInfo
                0x080060d4      0x654 ..\obj\sdio_sd.o
                0x080060d4                SD_GetCardInfo
 .text.SD_EnableWideBusOperation
                0x08006728       0xf8 ..\obj\sdio_sd.o
                0x08006728                SD_EnableWideBusOperation
 .text.SD_SelectDeselect
                0x08006820       0x58 ..\obj\sdio_sd.o
                0x08006820                SD_SelectDeselect
 .text.SD_ReadMultiBlocks
                0x08006878      0x158 ..\obj\sdio_sd.o
                0x08006878                SD_ReadMultiBlocks
 .text.SD_WaitReadOperation
                0x080069d0       0xc4 ..\obj\sdio_sd.o
                0x080069d0                SD_WaitReadOperation
 .text.SD_WriteMultiBlocks
                0x08006a94      0x1e4 ..\obj\sdio_sd.o
                0x08006a94                SD_WriteMultiBlocks
 .text.SD_WaitWriteOperation
                0x08006c78       0xc4 ..\obj\sdio_sd.o
                0x08006c78                SD_WaitWriteOperation
 .text.SD_StopTransfer
                0x08006d3c       0x58 ..\obj\sdio_sd.o
                0x08006d3c                SD_StopTransfer
 .text.SD_SendStatus
                0x08006d94       0x88 ..\obj\sdio_sd.o
                0x08006d94                SD_SendStatus
 .text.SD_ProcessIRQSrc
                0x08006e1c       0xe8 ..\obj\sdio_sd.o
                0x08006e1c                SD_ProcessIRQSrc
 .text.SD_ProcessDMAIRQ
                0x08006f04       0x30 ..\obj\sdio_sd.o
                0x08006f04                SD_ProcessDMAIRQ
 .text.CmdError
                0x08006f34       0x54 ..\obj\sdio_sd.o
 .text.CmdResp7Error
                0x08006f88       0x88 ..\obj\sdio_sd.o
 .text.CmdResp1Error
                0x08007010      0x1d8 ..\obj\sdio_sd.o
 .text.CmdResp3Error
                0x080071e8       0x58 ..\obj\sdio_sd.o
 .text.CmdResp2Error
                0x08007240       0x74 ..\obj\sdio_sd.o
 .text.CmdResp6Error
                0x080072b4       0xe4 ..\obj\sdio_sd.o
 .text.SDEnWideBus
                0x08007398      0x1b8 ..\obj\sdio_sd.o
 .text.FindSCR  0x08007550      0x264 ..\obj\sdio_sd.o
 .text.RTC_Clock_Init
                0x080077b4       0x94 ..\obj\rtc.o
                0x080077b4                RTC_Clock_Init
 .text.prveMBError2Exception
                0x08007848       0x48 ..\obj\mbutils.o
                0x08007848                prveMBError2Exception
 .text.NVIC_EnableIRQ
                0x08007890       0x34 ..\obj\diskio.o
 .text.NVIC_SetPriority
                0x080078c4       0x58 ..\obj\diskio.o
 .text.disk_initialize
                0x0800791c       0x80 ..\obj\diskio.o
                0x0800791c                disk_initialize
 .text.SDIO_IRQHandler
                0x0800799c        0xc ..\obj\diskio.o
                0x0800799c                SDIO_IRQHandler
 .text.DMA2_Stream3_IRQHandler
                0x080079a8        0xc ..\obj\diskio.o
                0x080079a8                DMA2_Stream3_IRQHandler
 .text.disk_status
                0x080079b4       0x28 ..\obj\diskio.o
                0x080079b4                disk_status
 .text.disk_read
                0x080079dc       0x5c ..\obj\diskio.o
                0x080079dc                disk_read
 .text.disk_write
                0x08007a38       0x5c ..\obj\diskio.o
                0x08007a38                disk_write
 .text.get_fattime
                0x08007a94       0x14 ..\obj\diskio.o
                0x08007a94                get_fattime
 .text.disk_ioctl
                0x08007aa8       0x60 ..\obj\diskio.o
                0x08007aa8                disk_ioctl
 .text.Default_Reset_Handler
                0x08007b08       0x64 ..\obj\startup_stm32f4xx.o
                0x08007b08                Default_Reset_Handler
                0x08007b08                Reset_Handler
 .text.Default_Handler
                0x08007b6c        0x8 ..\obj\startup_stm32f4xx.o
                0x08007b6c                RTC_Alarm_IRQHandler
                0x08007b6c                HASH_RNG_IRQHandler
                0x08007b6c                EXTI2_IRQHandler
                0x08007b6c                TIM8_CC_IRQHandler
                0x08007b6c                DebugMon_Handler
                0x08007b6c                TIM1_CC_IRQHandler
                0x08007b6c                DMA2_Stream5_IRQHandler
                0x08007b6c                HardFault_Handler
                0x08007b6c                DMA1_Stream5_IRQHandler
                0x08007b6c                TAMP_STAMP_IRQHandler
                0x08007b6c                NMI_Handler
                0x08007b6c                CAN2_RX1_IRQHandler
                0x08007b6c                EXTI3_IRQHandler
                0x08007b6c                TIM8_TRG_COM_TIM14_IRQHandler
                0x08007b6c                TIM8_UP_TIM13_IRQHandler
                0x08007b6c                I2C3_ER_IRQHandler
                0x08007b6c                EXTI0_IRQHandler
                0x08007b6c                I2C2_EV_IRQHandler
                0x08007b6c                DMA1_Stream2_IRQHandler
                0x08007b6c                CAN1_RX0_IRQHandler
                0x08007b6c                FPU_IRQHandler
                0x08007b6c                OTG_HS_WKUP_IRQHandler
                0x08007b6c                UsageFault_Handler
                0x08007b6c                CAN2_SCE_IRQHandler
                0x08007b6c                DMA2_Stream2_IRQHandler
                0x08007b6c                SPI1_IRQHandler
                0x08007b6c                TIM6_DAC_IRQHandler
                0x08007b6c                TIM1_BRK_TIM9_IRQHandler
                0x08007b6c                DCMI_IRQHandler
                0x08007b6c                CAN2_RX0_IRQHandler
                0x08007b6c                CRYP_IRQHandler
                0x08007b6c                CAN1_RX1_IRQHandler
                0x08007b6c                UART5_IRQHandler
                0x08007b6c                DMA2_Stream0_IRQHandler
                0x08007b6c                I2C1_EV_IRQHandler
                0x08007b6c                DMA1_Stream6_IRQHandler
                0x08007b6c                DMA1_Stream1_IRQHandler
                0x08007b6c                UART4_IRQHandler
                0x08007b6c                TIM3_IRQHandler
                0x08007b6c                RCC_IRQHandler
                0x08007b6c                TIM8_BRK_TIM12_IRQHandler
                0x08007b6c                EXTI15_10_IRQHandler
                0x08007b6c                ADC_IRQHandler
                0x08007b6c                DMA1_Stream7_IRQHandler
                0x08007b6c                TIM7_IRQHandler
                0x08007b6c                CAN2_TX_IRQHandler
                0x08007b6c                DMA2_Stream7_IRQHandler
                0x08007b6c                I2C3_EV_IRQHandler
                0x08007b6c                EXTI9_5_IRQHandler
                0x08007b6c                RTC_WKUP_IRQHandler
                0x08007b6c                ETH_WKUP_IRQHandler
                0x08007b6c                SPI2_IRQHandler
                0x08007b6c                OTG_HS_EP1_IN_IRQHandler
                0x08007b6c                MemManage_Handler
                0x08007b6c                DMA1_Stream0_IRQHandler
                0x08007b6c                CAN1_TX_IRQHandler
                0x08007b6c                EXTI4_IRQHandler
                0x08007b6c                FSMC_IRQHandler
                0x08007b6c                ETH_IRQHandler
                0x08007b6c                OTG_HS_EP1_OUT_IRQHandler
                0x08007b6c                WWDG_IRQHandler
                0x08007b6c                TIM1_TRG_COM_TIM11_IRQHandler
                0x08007b6c                OTG_HS_IRQHandler
                0x08007b6c                EXTI1_IRQHandler
                0x08007b6c                USART2_IRQHandler
                0x08007b6c                I2C2_ER_IRQHandler
                0x08007b6c                DMA2_Stream1_IRQHandler
                0x08007b6c                CAN1_SCE_IRQHandler
                0x08007b6c                FLASH_IRQHandler
                0x08007b6c                DMA2_Stream4_IRQHandler
                0x08007b6c                BusFault_Handler
                0x08007b6c                USART1_IRQHandler
                0x08007b6c                SPI3_IRQHandler
                0x08007b6c                DMA1_Stream4_IRQHandler
                0x08007b6c                I2C1_ER_IRQHandler
                0x08007b6c                DMA2_Stream6_IRQHandler
                0x08007b6c                DMA1_Stream3_IRQHandler
 .text.eMBFuncWriteHoldingRegister
                0x08007b74       0x80 ..\obj\mbfuncholding.o
                0x08007b74                eMBFuncWriteHoldingRegister
 .text.eMBFuncWriteMultipleHoldingRegister
                0x08007bf4       0xd4 ..\obj\mbfuncholding.o
                0x08007bf4                eMBFuncWriteMultipleHoldingRegister
 .text.eMBFuncReadHoldingRegister
                0x08007cc8      0x10c ..\obj\mbfuncholding.o
                0x08007cc8                eMBFuncReadHoldingRegister
 .text.eMBFuncReadWriteMultipleHoldingRegister
                0x08007dd4      0x194 ..\obj\mbfuncholding.o
                0x08007dd4                eMBFuncReadWriteMultipleHoldingRegister
 .text.USBD_Init
                0x08007f68       0x58 ..\obj\usbd_core.o
                0x08007f68                USBD_Init
 .text.USBD_DeInit
                0x08007fc0       0x18 ..\obj\usbd_core.o
                0x08007fc0                USBD_DeInit
 .text.USBD_SetupStage
                0x08007fd8       0x70 ..\obj\usbd_core.o
 .text.USBD_DataOutStage
                0x08008048       0xd4 ..\obj\usbd_core.o
 .text.USBD_DataInStage
                0x0800811c      0x114 ..\obj\usbd_core.o
 .text.USBD_Reset
                0x08008230       0x54 ..\obj\usbd_core.o
 .text.USBD_Resume
                0x08008284       0x2c ..\obj\usbd_core.o
 .text.USBD_Suspend
                0x080082b0       0x2c ..\obj\usbd_core.o
 .text.USBD_SOF
                0x080082dc       0x30 ..\obj\usbd_core.o
 .text.USBD_SetCfg
                0x0800830c       0x34 ..\obj\usbd_core.o
                0x0800830c                USBD_SetCfg
 .text.USBD_ClrCfg
                0x08008340       0x2c ..\obj\usbd_core.o
                0x08008340                USBD_ClrCfg
 .text.USBD_IsoINIncomplete
                0x0800836c       0x24 ..\obj\usbd_core.o
 .text.USBD_IsoOUTIncomplete
                0x08008390       0x24 ..\obj\usbd_core.o
 .text.main     0x080083b4       0x14 ..\obj\main.o
                0x080083b4                main
 .text.vApplicationMallocFailedHook
                0x080083c8        0x8 ..\obj\main.o
                0x080083c8                vApplicationMallocFailedHook
 .text.vApplicationStackOverflowHook
                0x080083d0        0xc ..\obj\main.o
                0x080083d0                vApplicationStackOverflowHook
 .text.vApplicationIdleHook
                0x080083dc       0x18 ..\obj\main.o
                0x080083dc                vApplicationIdleHook
 .text.usMBCRC16
                0x080083f4       0x84 ..\obj\mbcrc.o
                0x080083f4                usMBCRC16
 .text.RCC_LSEConfig
                0x08008478       0x4c ..\obj\stm32f4xx_rcc.o
                0x08008478                RCC_LSEConfig
 .text.RCC_GetClocksFreq
                0x080084c4      0x178 ..\obj\stm32f4xx_rcc.o
                0x080084c4                RCC_GetClocksFreq
 .text.RCC_RTCCLKConfig
                0x0800863c       0x60 ..\obj\stm32f4xx_rcc.o
                0x0800863c                RCC_RTCCLKConfig
 .text.RCC_RTCCLKCmd
                0x0800869c       0x20 ..\obj\stm32f4xx_rcc.o
                0x0800869c                RCC_RTCCLKCmd
 .text.RCC_AHB1PeriphClockCmd
                0x080086bc       0x40 ..\obj\stm32f4xx_rcc.o
                0x080086bc                RCC_AHB1PeriphClockCmd
 .text.RCC_AHB2PeriphClockCmd
                0x080086fc       0x40 ..\obj\stm32f4xx_rcc.o
                0x080086fc                RCC_AHB2PeriphClockCmd
 .text.RCC_APB1PeriphClockCmd
                0x0800873c       0x40 ..\obj\stm32f4xx_rcc.o
                0x0800873c                RCC_APB1PeriphClockCmd
 .text.RCC_APB2PeriphClockCmd
                0x0800877c       0x40 ..\obj\stm32f4xx_rcc.o
                0x0800877c                RCC_APB2PeriphClockCmd
 .text.RCC_APB1PeriphResetCmd
                0x080087bc       0x40 ..\obj\stm32f4xx_rcc.o
                0x080087bc                RCC_APB1PeriphResetCmd
 .text.RCC_APB2PeriphResetCmd
                0x080087fc       0x40 ..\obj\stm32f4xx_rcc.o
                0x080087fc                RCC_APB2PeriphResetCmd
 .text.RCC_GetFlagStatus
                0x0800883c       0x80 ..\obj\stm32f4xx_rcc.o
                0x0800883c                RCC_GetFlagStatus
 .text.eMBFuncReadFile
                0x080088bc      0x260 ..\obj\mbfuncfile.o
                0x080088bc                eMBFuncReadFile
 .text.Log_Read_LogEntry
                0x08008b1c       0x58 ..\obj\log.o
                0x08008b1c                Log_Read_LogEntry
 .text.eMBFuncReadInputRegister
                0x08008b74      0x110 ..\obj\mbfuncinput.o
                0x08008b74                eMBFuncReadInputRegister
 .text.PutChar  0x08008c84       0x24 ..\obj\printf.o
                0x08008c84                PutChar
 .text.PutString
                0x08008ca8       0x48 ..\obj\printf.o
                0x08008ca8                PutString
 .text.PutUnsignedInt
                0x08008cf0       0xb4 ..\obj\printf.o
                0x08008cf0                PutUnsignedInt
 .text.PutSignedInt
                0x08008da4      0x11c ..\obj\printf.o
                0x08008da4                PutSignedInt
 .text.PutHexa  0x08008ec0       0xe8 ..\obj\printf.o
                0x08008ec0                PutHexa
 .text.vsnprintf
                0x08008fa8      0x2a4 ..\obj\printf.o
                0x08008fa8                vsnprintf
 .text.vsprintf
                0x0800924c       0x28 ..\obj\printf.o
                0x0800924c                vsprintf
 .text.sprintf  0x08009274       0x30 ..\obj\printf.o
                0x08009274                sprintf
 .text.Watchdog_SetTaskStatus
                0x080092a4       0x30 ..\obj\watchdog.o
                0x080092a4                Watchdog_SetTaskStatus
 .text.Watchdog_IncrementCouter
                0x080092d4       0x30 ..\obj\watchdog.o
                0x080092d4                Watchdog_IncrementCouter
 .text.xTaskGenericCreate
                0x08009304      0x170 ..\obj\tasks.o
                0x08009304                xTaskGenericCreate
 .text.vTaskDelay
                0x08009474       0x90 ..\obj\tasks.o
                0x08009474                vTaskDelay
 .text.vTaskStartScheduler
                0x08009504       0x74 ..\obj\tasks.o
                0x08009504                vTaskStartScheduler
 .text.vTaskSuspendAll
                0x08009578       0x1c ..\obj\tasks.o
                0x08009578                vTaskSuspendAll
 .text.xTaskResumeAll
                0x08009594      0x124 ..\obj\tasks.o
                0x08009594                xTaskResumeAll
 .text.xTaskIncrementTick
                0x080096b8      0x198 ..\obj\tasks.o
                0x080096b8                xTaskIncrementTick
 .text.vTaskSwitchContext
                0x08009850      0x104 ..\obj\tasks.o
                0x08009850                vTaskSwitchContext
 .text.vTaskPlaceOnEventList
                0x08009954       0x98 ..\obj\tasks.o
                0x08009954                vTaskPlaceOnEventList
 .text.xTaskRemoveFromEventList
                0x080099ec       0xcc ..\obj\tasks.o
                0x080099ec                xTaskRemoveFromEventList
 .text.vTaskSetTimeOutState
                0x08009ab8       0x34 ..\obj\tasks.o
                0x08009ab8                vTaskSetTimeOutState
 .text.xTaskCheckForTimeOut
                0x08009aec       0xac ..\obj\tasks.o
                0x08009aec                xTaskCheckForTimeOut
 .text.vTaskMissedYield
                0x08009b98       0x18 ..\obj\tasks.o
                0x08009b98                vTaskMissedYield
 .text.prvIdleTask
                0x08009bb0       0x24 ..\obj\tasks.o
 .text.prvInitialiseTCBVariables
                0x08009bd4       0xbc ..\obj\tasks.o
 .text.prvInitialiseTaskLists
                0x08009c90       0x88 ..\obj\tasks.o
 .text.prvCheckTasksWaitingTermination
                0x08009d18       0x7c ..\obj\tasks.o
 .text.prvAddCurrentTaskToDelayedList
                0x08009d94       0x70 ..\obj\tasks.o
 .text.prvAllocateTCBAndStack
                0x08009e04       0x7c ..\obj\tasks.o
 .text.prvDeleteTCB
                0x08009e80       0x20 ..\obj\tasks.o
 .text.prvResetNextTaskUnblockTime
                0x08009ea0       0x4c ..\obj\tasks.o
 .text.vTaskPriorityInherit
                0x08009eec      0x108 ..\obj\tasks.o
                0x08009eec                vTaskPriorityInherit
 .text.xTaskPriorityDisinherit
                0x08009ff4       0xf4 ..\obj\tasks.o
                0x08009ff4                xTaskPriorityDisinherit
 .text.pvTaskIncrementMutexHeldCount
                0x0800a0e8       0x28 ..\obj\tasks.o
                0x0800a0e8                pvTaskIncrementMutexHeldCount
 .text.USBD_USR_DeviceDescriptor
                0x0800a110       0x28 ..\obj\usbd_desc.o
                0x0800a110                USBD_USR_DeviceDescriptor
 .text.USBD_USR_LangIDStrDescriptor
                0x0800a138       0x28 ..\obj\usbd_desc.o
                0x0800a138                USBD_USR_LangIDStrDescriptor
 .text.USBD_USR_ProductStrDescriptor
                0x0800a160       0x40 ..\obj\usbd_desc.o
                0x0800a160                USBD_USR_ProductStrDescriptor
 .text.USBD_USR_ManufacturerStrDescriptor
                0x0800a1a0       0x2c ..\obj\usbd_desc.o
                0x0800a1a0                USBD_USR_ManufacturerStrDescriptor
 .text.USBD_USR_SerialStrDescriptor
                0x0800a1cc       0x40 ..\obj\usbd_desc.o
                0x0800a1cc                USBD_USR_SerialStrDescriptor
 .text.USBD_USR_ConfigStrDescriptor
                0x0800a20c       0x3c ..\obj\usbd_desc.o
                0x0800a20c                USBD_USR_ConfigStrDescriptor
 .text.USBD_USR_InterfaceStrDescriptor
                0x0800a248       0x3c ..\obj\usbd_desc.o
                0x0800a248                USBD_USR_InterfaceStrDescriptor
 .text.FRAM_I2C_Init
                0x0800a284       0xc8 ..\obj\fram_i2c.o
                0x0800a284                FRAM_I2C_Init
 .text.FRAM_I2C_Reset
                0x0800a34c      0x198 ..\obj\fram_i2c.o
                0x0800a34c                FRAM_I2C_Reset
 .text.FRAM_I2C_Read_Buffer
                0x0800a4e4      0x6bc ..\obj\fram_i2c.o
                0x0800a4e4                FRAM_I2C_Read_Buffer
 .text.FRAM_I2C_Write_Buffer
                0x0800aba0      0x28c ..\obj\fram_i2c.o
                0x0800aba0                FRAM_I2C_Write_Buffer
 .text.FRAM_Read_Settings
                0x0800ae2c       0xa8 ..\obj\fram_i2c.o
                0x0800ae2c                FRAM_Read_Settings
 .text.FRAM_Write_Settings
                0x0800aed4       0x74 ..\obj\fram_i2c.o
                0x0800aed4                FRAM_Write_Settings
 .text.GPIO_Init
                0x0800af48      0x144 ..\obj\stm32f4xx_gpio.o
                0x0800af48                GPIO_Init
 .text.GPIO_ReadInputDataBit
                0x0800b08c       0x3c ..\obj\stm32f4xx_gpio.o
                0x0800b08c                GPIO_ReadInputDataBit
 .text.GPIO_PinAFConfig
                0x0800b0c8       0xa8 ..\obj\stm32f4xx_gpio.o
                0x0800b0c8                GPIO_PinAFConfig
 .text.RS485TimersInit
                0x0800b170       0xc4 ..\obj\porttimer.o
                0x0800b170                RS485TimersInit
 .text.RS485TimersEnable
                0x0800b234       0x38 ..\obj\porttimer.o
                0x0800b234                RS485TimersEnable
 .text.RS485TimersDisable
                0x0800b26c       0x38 ..\obj\porttimer.o
                0x0800b26c                RS485TimersDisable
 .text.TIM4_IRQHandler
                0x0800b2a4       0x38 ..\obj\porttimer.o
                0x0800b2a4                TIM4_IRQHandler
 .text.RS485TimerContextInit
                0x0800b2dc       0x54 ..\obj\porttimer.o
                0x0800b2dc                RS485TimerContextInit
 .text.RS232TimersInit
                0x0800b330       0xc4 ..\obj\porttimer.o
                0x0800b330                RS232TimersInit
 .text.RS232TimersEnable
                0x0800b3f4       0x38 ..\obj\porttimer.o
                0x0800b3f4                RS232TimersEnable
 .text.RS232TimersDisable
                0x0800b42c       0x38 ..\obj\porttimer.o
                0x0800b42c                RS232TimersDisable
 .text.TIM5_IRQHandler
                0x0800b464       0x38 ..\obj\porttimer.o
                0x0800b464                TIM5_IRQHandler
 .text.RS232TimerContextInit
                0x0800b49c       0x54 ..\obj\porttimer.o
                0x0800b49c                RS232TimerContextInit
 .text.USB_CDC_TimersInit
                0x0800b4f0       0xc4 ..\obj\porttimer.o
                0x0800b4f0                USB_CDC_TimersInit
 .text.USB_CDC_TimersEnable
                0x0800b5b4       0x38 ..\obj\porttimer.o
                0x0800b5b4                USB_CDC_TimersEnable
 .text.USB_CDC_TimersDisable
                0x0800b5ec       0x38 ..\obj\porttimer.o
                0x0800b5ec                USB_CDC_TimersDisable
 .text.TIM1_UP_TIM10_IRQHandler
                0x0800b624       0x38 ..\obj\porttimer.o
                0x0800b624                TIM1_UP_TIM10_IRQHandler
 .text.USB_CDC_TimerContextInit
                0x0800b65c       0x54 ..\obj\porttimer.o
                0x0800b65c                USB_CDC_TimerContextInit
 .text.VCP_Init
                0x0800b6b0       0x10 ..\obj\usbd_cdc_vcp.o
 .text.VCP_DeInit
                0x0800b6c0       0x10 ..\obj\usbd_cdc_vcp.o
 .text.VCP_Ctrl
                0x0800b6d0       0xbc ..\obj\usbd_cdc_vcp.o
 .text.VCP_DataTx
                0x0800b78c       0x68 ..\obj\usbd_cdc_vcp.o
                0x0800b78c                VCP_DataTx
 .text.VCP_DataRx
                0x0800b7f4       0x7c ..\obj\usbd_cdc_vcp.o
                0x0800b7f4                VCP_DataRx
 .text.VCP_get_char
                0x0800b870       0x60 ..\obj\usbd_cdc_vcp.o
                0x0800b870                VCP_get_char
 .text.eMBRTUInit
                0x0800b8d0       0x84 ..\obj\mbrtu.o
                0x0800b8d0                eMBRTUInit
 .text.eMBRTUStart
                0x0800b954       0x38 ..\obj\mbrtu.o
                0x0800b954                eMBRTUStart
 .text.eMBRTUStop
                0x0800b98c       0x30 ..\obj\mbrtu.o
                0x0800b98c                eMBRTUStop
 .text.eMBRTUReceive
                0x0800b9bc       0x8c ..\obj\mbrtu.o
                0x0800b9bc                eMBRTUReceive
 .text.eMBRTUSend
                0x0800ba48       0xe8 ..\obj\mbrtu.o
                0x0800ba48                eMBRTUSend
 .text.xMBRTUReceiveFSM
                0x0800bb30       0xd0 ..\obj\mbrtu.o
                0x0800bb30                xMBRTUReceiveFSM
 .text.xMBRTUTransmitFSM
                0x0800bc00       0xb0 ..\obj\mbrtu.o
                0x0800bc00                xMBRTUTransmitFSM
 .text.xMBRTUTimerT35Expired
                0x0800bcb0       0x60 ..\obj\mbrtu.o
                0x0800bcb0                xMBRTUTimerT35Expired
 .text.vListInitialise
                0x0800bd10       0x40 ..\obj\list.o
                0x0800bd10                vListInitialise
 .text.vListInitialiseItem
                0x0800bd50       0x1c ..\obj\list.o
                0x0800bd50                vListInitialiseItem
 .text.vListInsertEnd
                0x0800bd6c       0x48 ..\obj\list.o
                0x0800bd6c                vListInsertEnd
 .text.vListInsert
                0x0800bdb4       0x74 ..\obj\list.o
                0x0800bdb4                vListInsert
 .text.uxListRemove
                0x0800be28       0x58 ..\obj\list.o
                0x0800be28                uxListRemove
 .text.SystemInit
                0x0800be80       0x5c ..\obj\system_stm32f4xx.o
                0x0800be80                SystemInit
 .text.SetSysClock
                0x0800bedc      0x100 ..\obj\system_stm32f4xx.o
 .text.DMA_DeInit
                0x0800bfdc      0x1b4 ..\obj\stm32f4xx_dma.o
                0x0800bfdc                DMA_DeInit
 .text.DMA_Init
                0x0800c190       0xb0 ..\obj\stm32f4xx_dma.o
                0x0800c190                DMA_Init
 .text.DMA_Cmd  0x0800c240       0x38 ..\obj\stm32f4xx_dma.o
                0x0800c240                DMA_Cmd
 .text.DMA_FlowControllerConfig
                0x0800c278       0x34 ..\obj\stm32f4xx_dma.o
                0x0800c278                DMA_FlowControllerConfig
 .text.DMA_ClearFlag
                0x0800c2ac       0x5c ..\obj\stm32f4xx_dma.o
                0x0800c2ac                DMA_ClearFlag
 .text.DMA_ITConfig
                0x0800c308       0x74 ..\obj\stm32f4xx_dma.o
                0x0800c308                DMA_ITConfig
 .text.USB_OTG_BSP_Init
                0x0800c37c       0xcc ..\obj\usb_bsp.o
                0x0800c37c                USB_OTG_BSP_Init
 .text.USB_OTG_BSP_EnableInterrupt
                0x0800c448       0x3c ..\obj\usb_bsp.o
                0x0800c448                USB_OTG_BSP_EnableInterrupt
 .text.USB_OTG_BSP_uDelay
                0x0800c484       0x58 ..\obj\usb_bsp.o
                0x0800c484                USB_OTG_BSP_uDelay
 .text.USB_OTG_BSP_mDelay
                0x0800c4dc       0x20 ..\obj\usb_bsp.o
                0x0800c4dc                USB_OTG_BSP_mDelay
 .text.OTG_FS_WKUP_IRQHandler
                0x0800c4fc       0x34 ..\obj\usb_bsp.o
                0x0800c4fc                OTG_FS_WKUP_IRQHandler
 .text.OTG_FS_IRQHandler
                0x0800c530       0x10 ..\obj\usb_bsp.o
                0x0800c530                OTG_FS_IRQHandler
 .text.USBD_StdDevReq
                0x0800c540       0xa4 ..\obj\usbd_req.o
                0x0800c540                USBD_StdDevReq
 .text.USBD_StdItfReq
                0x0800c5e4       0x6c ..\obj\usbd_req.o
                0x0800c5e4                USBD_StdItfReq
 .text.USBD_StdEPReq
                0x0800c650      0x1c8 ..\obj\usbd_req.o
                0x0800c650                USBD_StdEPReq
 .text.USBD_GetDescriptor
                0x0800c818      0x1c8 ..\obj\usbd_req.o
 .text.USBD_SetAddress
                0x0800c9e0       0x80 ..\obj\usbd_req.o
 .text.USBD_SetConfig
                0x0800ca60       0xf8 ..\obj\usbd_req.o
 .text.USBD_GetConfig
                0x0800cb58       0x64 ..\obj\usbd_req.o
 .text.USBD_GetStatus
                0x0800cbbc       0x58 ..\obj\usbd_req.o
 .text.USBD_SetFeature
                0x0800cc14       0xe0 ..\obj\usbd_req.o
 .text.USBD_ClrFeature
                0x0800ccf4       0x58 ..\obj\usbd_req.o
 .text.USBD_ParseSetupRequest
                0x0800cd4c       0x94 ..\obj\usbd_req.o
                0x0800cd4c                USBD_ParseSetupRequest
 .text.USBD_CtlError
                0x0800cde0       0x50 ..\obj\usbd_req.o
                0x0800cde0                USBD_CtlError
 .text.USBD_GetString
                0x0800ce30       0x9c ..\obj\usbd_req.o
                0x0800ce30                USBD_GetString
 .text.USBD_GetLen
                0x0800cecc       0x38 ..\obj\usbd_req.o
 .text.pxPortInitialiseStack
                0x0800cf04       0x60 ..\obj\port.o
                0x0800cf04                pxPortInitialiseStack
 .text.prvTaskExitError
                0x0800cf64       0x20 ..\obj\port.o
 .text.SVC_Handler
                0x0800cf84       0x24 ..\obj\port.o
                0x0800cf84                SVC_Handler
 .text.prvPortStartFirstTask
                0x0800cfa8       0x20 ..\obj\port.o
 .text.xPortStartScheduler
                0x0800cfc8       0xcc ..\obj\port.o
                0x0800cfc8                xPortStartScheduler
 .text.vPortYield
                0x0800d094       0x20 ..\obj\port.o
                0x0800d094                vPortYield
 .text.vPortEnterCritical
                0x0800d0b4       0x40 ..\obj\port.o
                0x0800d0b4                vPortEnterCritical
 .text.vPortExitCritical
                0x0800d0f4       0x34 ..\obj\port.o
                0x0800d0f4                vPortExitCritical
 .text.ulPortSetInterruptMask
                0x0800d128       0x14 ..\obj\port.o
                0x0800d128                ulPortSetInterruptMask
 .text.vPortClearInterruptMask
                0x0800d13c        0x8 ..\obj\port.o
                0x0800d13c                vPortClearInterruptMask
 .text.PendSV_Handler
                0x0800d144       0x44 ..\obj\port.o
                0x0800d144                PendSV_Handler
 .text.SysTick_Handler
                0x0800d188       0x28 ..\obj\port.o
                0x0800d188                SysTick_Handler
 .text.vPortSetupTimerInterrupt
                0x0800d1b0       0x24 ..\obj\port.o
                0x0800d1b0                vPortSetupTimerInterrupt
 .text.vPortValidateInterruptPriority
                0x0800d1d4       0x5c ..\obj\port.o
                0x0800d1d4                vPortValidateInterruptPriority
 .text.xQueueGenericReset
                0x0800d230       0xc0 ..\obj\queue.o
                0x0800d230                xQueueGenericReset
 .text.xQueueGenericCreate
                0x0800d2f0       0xa0 ..\obj\queue.o
                0x0800d2f0                xQueueGenericCreate
 .text.xQueueCreateMutex
                0x0800d390       0xa4 ..\obj\queue.o
                0x0800d390                xQueueCreateMutex
 .text.xQueueGenericSend
                0x0800d434      0x188 ..\obj\queue.o
                0x0800d434                xQueueGenericSend
 .text.xQueueGiveFromISR
                0x0800d5bc       0xac ..\obj\queue.o
                0x0800d5bc                xQueueGiveFromISR
 .text.xQueueGenericReceive
                0x0800d668      0x1b8 ..\obj\queue.o
                0x0800d668                xQueueGenericReceive
 .text.prvCopyDataToQueue
                0x0800d820       0xe8 ..\obj\queue.o
 .text.prvCopyDataFromQueue
                0x0800d908       0x50 ..\obj\queue.o
 .text.prvUnlockQueue
                0x0800d958       0xa0 ..\obj\queue.o
 .text.prvIsQueueEmpty
                0x0800d9f8       0x34 ..\obj\queue.o
 .text.prvIsQueueFull
                0x0800da2c       0x38 ..\obj\queue.o
 .text.USBD_OTG_ISR_Handler
                0x0800da64      0x164 ..\obj\usb_dcd_int.o
                0x0800da64                USBD_OTG_ISR_Handler
 .text.DCD_HandleResume_ISR
                0x0800dbc8       0x88 ..\obj\usb_dcd_int.o
 .text.DCD_HandleUSBSuspend_ISR
                0x0800dc50       0xa4 ..\obj\usb_dcd_int.o
 .text.DCD_HandleInEP_ISR
                0x0800dcf4      0x22c ..\obj\usb_dcd_int.o
 .text.DCD_HandleOutEP_ISR
                0x0800df20      0x1a8 ..\obj\usb_dcd_int.o
 .text.DCD_HandleSof_ISR
                0x0800e0c8       0x3c ..\obj\usb_dcd_int.o
 .text.DCD_HandleRxStatusQueueLevel_ISR
                0x0800e104      0x114 ..\obj\usb_dcd_int.o
 .text.DCD_WriteEmptyTxFifo
                0x0800e218      0x130 ..\obj\usb_dcd_int.o
 .text.DCD_HandleUsbReset_ISR
                0x0800e348      0x16c ..\obj\usb_dcd_int.o
 .text.DCD_HandleEnumDone_ISR
                0x0800e4b4       0x88 ..\obj\usb_dcd_int.o
 .text.DCD_IsoINIncomplete_ISR
                0x0800e53c       0x3c ..\obj\usb_dcd_int.o
 .text.DCD_IsoOUTIncomplete_ISR
                0x0800e578       0x3c ..\obj\usb_dcd_int.o
 .text.DCD_ReadDevInEP
                0x0800e5b4       0x58 ..\obj\usb_dcd_int.o
 .text.NVIC_EnableIRQ
                0x0800e60c       0x34 ..\obj\portserial.o
 .text.RS485SerialEnable
                0x0800e640      0x10c ..\obj\portserial.o
                0x0800e640                RS485SerialEnable
 .text.RS485SerialInit
                0x0800e74c      0x150 ..\obj\portserial.o
                0x0800e74c                RS485SerialInit
 .text.RS485SerialPutByte
                0x0800e89c       0x3c ..\obj\portserial.o
                0x0800e89c                RS485SerialPutByte
 .text.RS485SerialGetByte
                0x0800e8d8       0x34 ..\obj\portserial.o
                0x0800e8d8                RS485SerialGetByte
 .text.USART3_IRQHandler
                0x0800e90c       0x90 ..\obj\portserial.o
                0x0800e90c                USART3_IRQHandler
 .text.RS485SerialContextInit
                0x0800e99c       0x60 ..\obj\portserial.o
                0x0800e99c                RS485SerialContextInit
 .text.RS232SerialEnable
                0x0800e9fc       0x88 ..\obj\portserial.o
                0x0800e9fc                RS232SerialEnable
 .text.RS232SerialInit
                0x0800ea84      0x11c ..\obj\portserial.o
                0x0800ea84                RS232SerialInit
 .text.RS232SerialPutByte
                0x0800eba0       0x3c ..\obj\portserial.o
                0x0800eba0                RS232SerialPutByte
 .text.RS232SerialGetByte
                0x0800ebdc       0x34 ..\obj\portserial.o
                0x0800ebdc                RS232SerialGetByte
 .text.USART6_IRQHandler
                0x0800ec10       0x90 ..\obj\portserial.o
                0x0800ec10                USART6_IRQHandler
 .text.RS232SerialContextInit
                0x0800eca0       0x60 ..\obj\portserial.o
                0x0800eca0                RS232SerialContextInit
 .text.USB_CDC_SerialPutByte
                0x0800ed00       0x3c ..\obj\portserial.o
                0x0800ed00                USB_CDC_SerialPutByte
 .text.USB_CDC_SerialGetByte
                0x0800ed3c       0x28 ..\obj\portserial.o
                0x0800ed3c                USB_CDC_SerialGetByte
 .text.USB_CDC_SerialInit
                0x0800ed64       0x80 ..\obj\portserial.o
                0x0800ed64                USB_CDC_SerialInit
 .text.USB_CDC_SerialEnable
                0x0800ede4       0x44 ..\obj\portserial.o
                0x0800ede4                USB_CDC_SerialEnable
 .text.USB_CDC_SerialContextInit
                0x0800ee28       0x60 ..\obj\portserial.o
                0x0800ee28                USB_CDC_SerialContextInit
 .text.USB_CDC_Task
                0x0800ee88       0x44 ..\obj\portserial.o
 .text.usbd_cdc_Init
                0x0800eecc       0xc0 ..\obj\usbd_cdc_core.o
 .text.usbd_cdc_DeInit
                0x0800ef8c       0x44 ..\obj\usbd_cdc_core.o
 .text.usbd_cdc_Setup
                0x0800efd0      0x138 ..\obj\usbd_cdc_core.o
 .text.usbd_cdc_EP0_RxReady
                0x0800f108       0x48 ..\obj\usbd_cdc_core.o
 .text.usbd_cdc_DataIn
                0x0800f150       0xd4 ..\obj\usbd_cdc_core.o
 .text.usbd_cdc_DataOut
                0x0800f224       0x60 ..\obj\usbd_cdc_core.o
 .text.usbd_cdc_SOF
                0x0800f284       0x44 ..\obj\usbd_cdc_core.o
 .text.Handle_USBAsynchXfer
                0x0800f2c8      0x114 ..\obj\usbd_cdc_core.o
 .text.USBD_cdc_GetCfgDesc
                0x0800f3dc       0x28 ..\obj\usbd_cdc_core.o
 .text.mem_cpy  0x0800f404       0x50 ..\obj\ff.o
 .text.mem_set  0x0800f454       0x44 ..\obj\ff.o
 .text.mem_cmp  0x0800f498       0x70 ..\obj\ff.o
 .text.chk_chr  0x0800f508       0x38 ..\obj\ff.o
 .text.move_window
                0x0800f540       0xd4 ..\obj\ff.o
 .text.sync     0x0800f614      0x180 ..\obj\ff.o
 .text.clust2sect
                0x0800f794       0x44 ..\obj\ff.o
                0x0800f794                clust2sect
 .text.get_fat  0x0800f7d8      0x19c ..\obj\ff.o
                0x0800f7d8                get_fat
 .text.put_fat  0x0800f974      0x254 ..\obj\ff.o
                0x0800f974                put_fat
 .text.remove_chain
                0x0800fbc8       0xb0 ..\obj\ff.o
 .text.create_chain
                0x0800fc78      0x12c ..\obj\ff.o
 .text.dir_sdi  0x0800fda4      0x118 ..\obj\ff.o
 .text.dir_next
                0x0800febc      0x1dc ..\obj\ff.o
 .text.dir_find
                0x08010098       0xa4 ..\obj\ff.o
 .text.dir_register
                0x0801013c       0xbc ..\obj\ff.o
 .text.create_name
                0x080101f8      0x25c ..\obj\ff.o
 .text.follow_path
                0x08010454      0x114 ..\obj\ff.o
 .text.check_fs
                0x08010568       0xdc ..\obj\ff.o
 .text.chk_mounted
                0x08010644      0x5b8 ..\obj\ff.o
 .text.validate
                0x08010bfc       0x54 ..\obj\ff.o
 .text.f_mount  0x08010c50       0x5c ..\obj\ff.o
                0x08010c50                f_mount
 .text.f_open   0x08010cac      0x350 ..\obj\ff.o
                0x08010cac                f_open
 .text.f_write  0x08010ffc      0x354 ..\obj\ff.o
                0x08010ffc                f_write
 .text.f_sync   0x08011350      0x1c0 ..\obj\ff.o
                0x08011350                f_sync
 .text.f_close  0x08011510       0x2c ..\obj\ff.o
                0x08011510                f_close
 .text.SPI_Init
                0x0801153c       0x88 ..\obj\stm32f4xx_spi.o
                0x0801153c                SPI_Init
 .text.SPI_Cmd  0x080115c4       0x40 ..\obj\stm32f4xx_spi.o
                0x080115c4                SPI_Cmd
 .text.SPI_CalculateCRC
                0x08011604       0x40 ..\obj\stm32f4xx_spi.o
                0x08011604                SPI_CalculateCRC
 .text.eMBFuncReadCoils
                0x08011644      0x134 ..\obj\mbfunccoils.o
                0x08011644                eMBFuncReadCoils
 .text.eMBFuncWriteCoil
                0x08011778       0xcc ..\obj\mbfunccoils.o
                0x08011778                eMBFuncWriteCoil
 .text.eMBFuncWriteMultipleCoils
                0x08011844       0xf4 ..\obj\mbfunccoils.o
                0x08011844                eMBFuncWriteMultipleCoils
 .text.ADS1220_init
                0x08011938       0xe8 ..\obj\ADS1220.o
                0x08011938                ADS1220_init
 .text.ADC_SPI_config
                0x08011a20      0x13c ..\obj\ADS1220.o
 .text.ADC_SPI_send
                0x08011b5c       0x4c ..\obj\ADS1220.o
                0x08011b5c                ADC_SPI_send
 .text.ADC_SPI_read
                0x08011ba8       0x14 ..\obj\ADS1220.o
                0x08011ba8                ADC_SPI_read
 .text.ADC_RTD1_Task
                0x08011bbc      0x308 ..\obj\ADS1220.o
 .text.ADC_RTD2_Task
                0x08011ec4      0x308 ..\obj\ADS1220.o
 .text.ADC_Current1_Task
                0x080121cc      0x3c4 ..\obj\ADS1220.o
 .text.ADC_Current2_Task
                0x08012590      0x3d4 ..\obj\ADS1220.o
 *fill*         0x08012964        0x4 
 .text.PT100_Code_To_Temperature
                0x08012968      0x140 ..\obj\ADS1220.o
                0x08012968                PT100_Code_To_Temperature
 .text.Code_To_Current
                0x08012aa8       0xdc ..\obj\ADS1220.o
                0x08012aa8                Code_To_Current
 .text.I2C_DeInit
                0x08012b84       0x80 ..\obj\stm32f4xx_i2c.o
                0x08012b84                I2C_DeInit
 .text.I2C_Init
                0x08012c04      0x1a4 ..\obj\stm32f4xx_i2c.o
                0x08012c04                I2C_Init
 .text.I2C_Cmd  0x08012da8       0x40 ..\obj\stm32f4xx_i2c.o
                0x08012da8                I2C_Cmd
 .text.I2C_GenerateSTART
                0x08012de8       0x40 ..\obj\stm32f4xx_i2c.o
                0x08012de8                I2C_GenerateSTART
 .text.I2C_GenerateSTOP
                0x08012e28       0x40 ..\obj\stm32f4xx_i2c.o
                0x08012e28                I2C_GenerateSTOP
 .text.I2C_Send7bitAddress
                0x08012e68       0x3c ..\obj\stm32f4xx_i2c.o
                0x08012e68                I2C_Send7bitAddress
 .text.I2C_AcknowledgeConfig
                0x08012ea4       0x40 ..\obj\stm32f4xx_i2c.o
                0x08012ea4                I2C_AcknowledgeConfig
 .text.I2C_NACKPositionConfig
                0x08012ee4       0x40 ..\obj\stm32f4xx_i2c.o
                0x08012ee4                I2C_NACKPositionConfig
 .text.I2C_SendData
                0x08012f24       0x20 ..\obj\stm32f4xx_i2c.o
                0x08012f24                I2C_SendData
 .text.I2C_ReceiveData
                0x08012f44       0x1c ..\obj\stm32f4xx_i2c.o
                0x08012f44                I2C_ReceiveData
 .text.I2C_CheckEvent
                0x08012f60       0x70 ..\obj\stm32f4xx_i2c.o
                0x08012f60                I2C_CheckEvent
 .text.I2C_GetFlagStatus
                0x08012fd0       0x78 ..\obj\stm32f4xx_i2c.o
                0x08012fd0                I2C_GetFlagStatus
 .text.NVIC_EnableIRQ
                0x08013048       0x34 ..\obj\frequency.o
 .text.FrequencyMeasureInit
                0x0801307c      0x340 ..\obj\frequency.o
                0x0801307c                FrequencyMeasureInit
 .text.TIM2_IRQHandler
                0x080133bc      0x13c ..\obj\frequency.o
                0x080133bc                TIM2_IRQHandler
 .text.FrequencyCH1Measure_Task
                0x080134f8      0x1c0 ..\obj\frequency.o
 .text.FrequencyCH2Measure_Task
                0x080136b8      0x1c0 ..\obj\frequency.o
 .text.EXTI_GetITStatus
                0x08013878       0x50 ..\obj\stm32f4xx_exti.o
                0x08013878                EXTI_GetITStatus
 .text.EXTI_ClearITPendingBit
                0x080138c8       0x1c ..\obj\stm32f4xx_exti.o
                0x080138c8                EXTI_ClearITPendingBit
 .text.NVIC_PriorityGroupConfig
                0x080138e4       0x24 ..\obj\misc.o
                0x080138e4                NVIC_PriorityGroupConfig
 .text.NVIC_Init
                0x08013908       0xd4 ..\obj\misc.o
                0x08013908                NVIC_Init
 .text.DCD_Init
                0x080139dc      0x12c ..\obj\usb_dcd.o
                0x080139dc                DCD_Init
 .text.DCD_EP_Open
                0x08013b08       0xac ..\obj\usb_dcd.o
                0x08013b08                DCD_EP_Open
 .text.DCD_EP_Close
                0x08013bb4       0x80 ..\obj\usb_dcd.o
                0x08013bb4                DCD_EP_Close
 .text.DCD_EP_PrepareRx
                0x08013c34       0x8c ..\obj\usb_dcd.o
                0x08013c34                DCD_EP_PrepareRx
 .text.DCD_EP_Tx
                0x08013cc0       0x84 ..\obj\usb_dcd.o
                0x08013cc0                DCD_EP_Tx
 .text.DCD_EP_Stall
                0x08013d44       0x84 ..\obj\usb_dcd.o
                0x08013d44                DCD_EP_Stall
 .text.DCD_EP_ClrStall
                0x08013dc8       0x84 ..\obj\usb_dcd.o
                0x08013dc8                DCD_EP_ClrStall
 .text.DCD_EP_SetAddress
                0x08013e4c       0x3c ..\obj\usb_dcd.o
                0x08013e4c                DCD_EP_SetAddress
 .text.RTC_Init
                0x08013e88       0x88 ..\obj\stm32f4xx_rtc.o
                0x08013e88                RTC_Init
 .text.RTC_StructInit
                0x08013f10       0x2c ..\obj\stm32f4xx_rtc.o
                0x08013f10                RTC_StructInit
 .text.RTC_EnterInitMode
                0x08013f3c       0x80 ..\obj\stm32f4xx_rtc.o
                0x08013f3c                RTC_EnterInitMode
 .text.RTC_ExitInitMode
                0x08013fbc       0x1c ..\obj\stm32f4xx_rtc.o
                0x08013fbc                RTC_ExitInitMode
 .text.RTC_WaitForSynchro
                0x08013fd8       0x88 ..\obj\stm32f4xx_rtc.o
                0x08013fd8                RTC_WaitForSynchro
 .text.RTC_SetTime
                0x08014060      0x124 ..\obj\stm32f4xx_rtc.o
                0x08014060                RTC_SetTime
 .text.RTC_GetTime
                0x08014184       0xa4 ..\obj\stm32f4xx_rtc.o
                0x08014184                RTC_GetTime
 .text.RTC_SetDate
                0x08014228      0x12c ..\obj\stm32f4xx_rtc.o
                0x08014228                RTC_SetDate
 .text.RTC_GetDate
                0x08014354       0xa4 ..\obj\stm32f4xx_rtc.o
                0x08014354                RTC_GetDate
 .text.RTC_WriteBackupRegister
                0x080143f8       0x34 ..\obj\stm32f4xx_rtc.o
                0x080143f8                RTC_WriteBackupRegister
 .text.RTC_ByteToBcd2
                0x0801442c       0x44 ..\obj\stm32f4xx_rtc.o
 .text.RTC_Bcd2ToByte
                0x08014470       0x40 ..\obj\stm32f4xx_rtc.o
 .text.USBD_CtlSendData
                0x080144b0       0x48 ..\obj\usbd_ioreq.o
                0x080144b0                USBD_CtlSendData
 .text.USBD_CtlContinueSendData
                0x080144f8       0x30 ..\obj\usbd_ioreq.o
                0x080144f8                USBD_CtlContinueSendData
 .text.USBD_CtlPrepareRx
                0x08014528       0x48 ..\obj\usbd_ioreq.o
                0x08014528                USBD_CtlPrepareRx
 .text.USBD_CtlContinueRx
                0x08014570       0x30 ..\obj\usbd_ioreq.o
                0x08014570                USBD_CtlContinueRx
 .text.USBD_CtlSendStatus
                0x080145a0       0x3c ..\obj\usbd_ioreq.o
                0x080145a0                USBD_CtlSendStatus
 .text.USBD_CtlReceiveStatus
                0x080145dc       0x3c ..\obj\usbd_ioreq.o
                0x080145dc                USBD_CtlReceiveStatus
 .text.pvPortMalloc
                0x08014618      0x138 ..\obj\heap_2.o
                0x08014618                pvPortMalloc
 .text.vPortFree
                0x08014750       0x7c ..\obj\heap_2.o
                0x08014750                vPortFree
 .text.xPortGetFreeHeapSize
                0x080147cc       0x14 ..\obj\heap_2.o
                0x080147cc                xPortGetFreeHeapSize
 .text.prvHeapInit
                0x080147e0       0x54 ..\obj\heap_2.o
 .text.ControllerInit
                0x08014834       0xf0 ..\obj\controller.o
                0x08014834                ControllerInit
 .text.Controller_RestoreSettings
                0x08014924      0x15c ..\obj\controller.o
                0x08014924                Controller_RestoreSettings
 .text.TIM_TimeBaseInit
                0x08014a80       0xd8 ..\obj\stm32f4xx_tim.o
                0x08014a80                TIM_TimeBaseInit
 .text.TIM_TimeBaseStructInit
                0x08014b58       0x3c ..\obj\stm32f4xx_tim.o
                0x08014b58                TIM_TimeBaseStructInit
 .text.TIM_SetCounter
                0x08014b94       0x1c ..\obj\stm32f4xx_tim.o
                0x08014b94                TIM_SetCounter
 .text.TIM_ARRPreloadConfig
                0x08014bb0       0x40 ..\obj\stm32f4xx_tim.o
                0x08014bb0                TIM_ARRPreloadConfig
 .text.TIM_Cmd  0x08014bf0       0x40 ..\obj\stm32f4xx_tim.o
                0x08014bf0                TIM_Cmd
 .text.TIM_ICInit
                0x08014c30       0xa8 ..\obj\stm32f4xx_tim.o
                0x08014c30                TIM_ICInit
 .text.TIM_SetIC1Prescaler
                0x08014cd8       0x38 ..\obj\stm32f4xx_tim.o
                0x08014cd8                TIM_SetIC1Prescaler
 .text.TIM_SetIC2Prescaler
                0x08014d10       0x3c ..\obj\stm32f4xx_tim.o
                0x08014d10                TIM_SetIC2Prescaler
 .text.TIM_SetIC3Prescaler
                0x08014d4c       0x38 ..\obj\stm32f4xx_tim.o
                0x08014d4c                TIM_SetIC3Prescaler
 .text.TIM_SetIC4Prescaler
                0x08014d84       0x3c ..\obj\stm32f4xx_tim.o
                0x08014d84                TIM_SetIC4Prescaler
 .text.TIM_ITConfig
                0x08014dc0       0x48 ..\obj\stm32f4xx_tim.o
                0x08014dc0                TIM_ITConfig
 .text.TIM_ClearFlag
                0x08014e08       0x24 ..\obj\stm32f4xx_tim.o
                0x08014e08                TIM_ClearFlag
 .text.TIM_ClearITPendingBit
                0x08014e2c       0x24 ..\obj\stm32f4xx_tim.o
                0x08014e2c                TIM_ClearITPendingBit
 .text.TIM_ETRClockMode2Config
                0x08014e50       0x34 ..\obj\stm32f4xx_tim.o
                0x08014e50                TIM_ETRClockMode2Config
 .text.TIM_ETRConfig
                0x08014e84       0x4c ..\obj\stm32f4xx_tim.o
                0x08014e84                TIM_ETRConfig
 .text.TI1_Config
                0x08014ed0       0x80 ..\obj\stm32f4xx_tim.o
 .text.TI2_Config
                0x08014f50       0x9c ..\obj\stm32f4xx_tim.o
 .text.TI3_Config
                0x08014fec       0x8c ..\obj\stm32f4xx_tim.o
 .text.TI4_Config
                0x08015078       0xa4 ..\obj\stm32f4xx_tim.o
 .text.NVIC_SystemReset
                0x0801511c       0x28 ..\obj\power_detector.o
 .text.PVD_IRQHandler
                0x08015144       0x20 ..\obj\power_detector.o
                0x08015144                PVD_IRQHandler
 .text          0x08015164       0xa4 C:\Program Files\CooCox\CoIDE\gcc\Sourcery G++ Lite\arm-none-eabi\lib\thumb2\libm.a(lib_a-wf_sqrt.o)
                0x08015164                sqrtf
 .text          0x08015208       0xb0 C:\Program Files\CooCox\CoIDE\gcc\Sourcery G++ Lite\arm-none-eabi\lib\thumb2\libm.a(lib_a-ef_sqrt.o)
                0x08015208                __ieee754_sqrtf
 .text          0x080152b8        0x4 C:\Program Files\CooCox\CoIDE\gcc\Sourcery G++ Lite\arm-none-eabi\lib\thumb2\libm.a(lib_a-s_matherr.o)
                0x080152b8                matherr
 .text          0x080152bc       0x7c C:\Program Files\CooCox\CoIDE\gcc\Sourcery G++ Lite\arm-none-eabi\lib\thumb2\libm.a(lib_a-sf_fpclassify.o)
                0x080152bc                __fpclassifyf
 .text          0x08015338        0xc C:\Program Files\CooCox\CoIDE\gcc\Sourcery G++ Lite\arm-none-eabi\lib\thumb2\libc.a(lib_a-errno.o)
                0x08015338                __errno
 .text          0x08015344       0x58 C:\Program Files\CooCox\CoIDE\gcc\Sourcery G++ Lite\arm-none-eabi\lib\thumb2\libc.a(lib_a-memcmp.o)
                0x08015344                memcmp
 .text          0x0801539c      0x150 C:\Program Files\CooCox\CoIDE\gcc\Sourcery G++ Lite\arm-none-eabi\lib\thumb2\libc.a(lib_a-memcpy.o)
                0x0801539c                memcpy
 .text          0x080154ec       0xb4 C:\Program Files\CooCox\CoIDE\gcc\Sourcery G++ Lite\arm-none-eabi\lib\thumb2\libc.a(lib_a-memset.o)
                0x080154ec                memset
 .text          0x080155a0       0x60 C:\Program Files\CooCox\CoIDE\gcc\Sourcery G++ Lite\arm-none-eabi\lib\thumb2\libc.a(lib_a-strlen.o)
                0x080155a0                strlen
 .text          0x08015600      0x370 c:/stm32/arm_eabi/bin/../lib/gcc/arm-none-eabi/4.7.2/thumb2\libgcc.a(_arm_addsubdf3.o)
                0x08015600                __aeabi_drsub
                0x08015608                __aeabi_dsub
                0x08015608                __subdf3
                0x0801560c                __aeabi_dadd
                0x0801560c                __adddf3
                0x08015884                __floatunsidf
                0x08015884                __aeabi_ui2d
                0x080158a4                __floatsidf
                0x080158a4                __aeabi_i2d
                0x080158c8                __aeabi_f2d
                0x080158c8                __extendsfdf2
                0x08015904                __floatundidf
                0x08015904                __aeabi_ul2d
                0x08015914                __floatdidf
                0x08015914                __aeabi_l2d
 .text          0x08015970      0x424 c:/stm32/arm_eabi/bin/../lib/gcc/arm-none-eabi/4.7.2/thumb2\libgcc.a(_arm_muldivdf3.o)
                0x08015970                __aeabi_dmul
                0x08015970                __muldf3
                0x08015bc4                __divdf3
                0x08015bc4                __aeabi_ddiv
 .text          0x08015d94       0xa0 c:/stm32/arm_eabi/bin/../lib/gcc/arm-none-eabi/4.7.2/thumb2\libgcc.a(_arm_truncdfsf2.o)
                0x08015d94                __truncdfsf2
                0x08015d94                __aeabi_d2f
 .text          0x08015e34      0x21c c:/stm32/arm_eabi/bin/../lib/gcc/arm-none-eabi/4.7.2/thumb2\libgcc.a(_arm_addsubsf3.o)
                0x08015e34                __aeabi_frsub
                0x08015e3c                __subsf3
                0x08015e3c                __aeabi_fsub
                0x08015e40                __aeabi_fadd
                0x08015e40                __addsf3
                0x08015fa0                __aeabi_ui2f
                0x08015fa0                __floatunsisf
                0x08015fa8                __aeabi_i2f
                0x08015fa8                __floatsisf
                0x08015fc4                __aeabi_ul2f
                0x08015fc4                __floatundisf
                0x08015fd4                __aeabi_l2f
                0x08015fd4                __floatdisf
 .text          0x08016050      0x2a0 c:/stm32/arm_eabi/bin/../lib/gcc/arm-none-eabi/4.7.2/thumb2\libgcc.a(_arm_muldivsf3.o)
                0x08016050                __mulsf3
                0x08016050                __aeabi_fmul
                0x080161b8                __aeabi_fdiv
                0x080161b8                __divsf3
 .text          0x080162f0       0xec c:/stm32/arm_eabi/bin/../lib/gcc/arm-none-eabi/4.7.2/thumb2\libgcc.a(_arm_cmpsf2.o)
                0x080162f0                __gesf2
                0x080162f0                __gtsf2
                0x080162f8                __lesf2
                0x080162f8                __ltsf2
                0x08016300                __nesf2
                0x08016300                __eqsf2
                0x08016300                __cmpsf2
                0x08016360                __aeabi_cfrcmple
                0x08016368                __aeabi_cfcmpeq
                0x08016368                __aeabi_cfcmple
                0x08016378                __aeabi_fcmpeq
                0x0801638c                __aeabi_fcmplt
                0x080163a0                __aeabi_fcmple
                0x080163b4                __aeabi_fcmpge
                0x080163c8                __aeabi_fcmpgt
 .text          0x080163dc       0x40 c:/stm32/arm_eabi/bin/../lib/gcc/arm-none-eabi/4.7.2/thumb2\libgcc.a(_arm_fixunssfsi.o)
                0x080163dc                __fixunssfsi
                0x080163dc                __aeabi_f2uiz
 *(.init)
 *(.fini)
 *crtbegin.o(.ctors)
 *crtbegin?.o(.ctors)
 *(EXCLUDE_FILE(*crtend.o *crtend?.o) .ctors)
 *(SORT(.ctors.*))
 *(.ctors)
 *crtbegin.o(.dtors)
 *crtbegin?.o(.dtors)
 *(EXCLUDE_FILE(*crtend.o *crtend?.o) .dtors)
 *(SORT(.dtors.*))
 *(.dtors)
 *(.rodata*)
 .rodata        0x0801641c       0x2c ..\obj\protocol.o
 .rodata        0x08016448      0x200 ..\obj\mbcrc.o
 .rodata        0x08016648       0x1c ..\obj\tasks.o
 .rodata        0x08016664       0x98 ..\obj\usbd_desc.o
 .rodata        0x080166fc        0x4 ..\obj\port.o
 .rodata        0x08016700        0xc ..\obj\portserial.o
 .rodata        0x0801670c       0x10 ..\obj\ff.o
 .rodata        0x0801671c       0x58 ..\obj\ADS1220.o
 .rodata        0x08016774       0x18 ..\obj\frequency.o
 .rodata        0x0801678c        0x2 ..\obj\heap_2.o
 *fill*         0x0801678e        0x2 
 .rodata        0x08016790       0x94 ..\obj\controller.o
                0x08016790                stSettingsDefault
 .rodata.str1.4
                0x08016824        0x8 C:\Program Files\CooCox\CoIDE\gcc\Sourcery G++ Lite\arm-none-eabi\lib\thumb2\libm.a(lib_a-wf_sqrt.o)
 *(.eh_fram e*)

.glue_7         0x0801682c        0x0
 .glue_7        0x00000000        0x0 linker stubs

.glue_7t        0x0801682c        0x0
 .glue_7t       0x00000000        0x0 linker stubs

.vfp11_veneer   0x0801682c        0x0
 .vfp11_veneer  0x00000000        0x0 linker stubs

.v4_bx          0x0801682c        0x0
 .v4_bx         0x00000000        0x0 linker stubs

.iplt           0x0801682c        0x0
 .iplt          0x00000000        0x0 ..\obj\stm32f4xx_syscfg.o

.rel.dyn        0x0801682c        0x0
 .rel.iplt      0x00000000        0x0 ..\obj\stm32f4xx_syscfg.o

.ARM.extab
 *(.ARM.extab* .gnu.linkonce.armextab.*)
                0x0801682c                __exidx_start = .

.ARM.exidx
 *(.ARM.exidx* .gnu.linkonce.armexidx.*)
                0x0801682c                __exidx_end = .
                0x0801682c                __etext = .
                0x0801682c                _sidata = __etext

.data           0x20000000      0x2cc load address 0x0801682c
                0x20000000                __data_start__ = .
                0x20000000                _sdata = __data_start__
 *(vtable)
 *(.data*)
 .data          0x20000000        0x6 ..\obj\mbport.o
                0x20000000                REG_INPUT_START
                0x20000001                REG_HOLDING_START
                0x20000002                REG_INPUT_NREGS
                0x20000003                REG_HOLDING_NREGS
                0x20000004                usRegInputStart
                0x20000005                usRegHoldingStart
 *fill*         0x20000006        0x2 
 .data          0x20000008       0x88 ..\obj\mb.o
 .data          0x20000090       0x1c ..\obj\usbd_usr.o
                0x20000090                USR_cb
 .data          0x200000ac       0x30 ..\obj\usbd_core.o
                0x200000ac                USBD_DCD_INT_cb
                0x200000d8                USBD_DCD_INT_fops
 .data          0x200000dc       0x10 ..\obj\stm32f4xx_rcc.o
 .data          0x200000ec       0xf4 ..\obj\printf.o
                0x200000ec                r
                0x200001dc                _impure_ptr
 .data          0x200001e0        0x4 ..\obj\tasks.o
 .data          0x200001e4       0x40 ..\obj\usbd_desc.o
                0x200001e4                USR_desc
                0x20000200                USBD_DeviceDesc
                0x20000214                USBD_DeviceQualifierDesc
                0x20000220                USBD_LangIDDesc
 .data          0x20000224       0x14 ..\obj\usbd_cdc_vcp.o
                0x20000224                VCP_fops
 .data          0x20000238       0x14 ..\obj\system_stm32f4xx.o
                0x20000238                SystemCoreClock
                0x2000023c                AHBPrescTable
 .data          0x2000024c        0x4 ..\obj\port.o
 .data          0x20000250       0x74 ..\obj\usbd_cdc_core.o
                0x20000250                usbd_cdc_CfgDesc
                0x20000298                USBD_CDC_cb
 .data          0x200002c4        0x4 ..\obj\heap_2.o
 .data          0x200002c8        0x1 C:\Program Files\CooCox\CoIDE\gcc\Sourcery G++ Lite\arm-none-eabi\lib\thumb2\libm.a(lib_a-s_lib_ver.o)
                0x200002c8                __fdlib_version
                0x200002cc                . = ALIGN (0x4)
 *fill*         0x200002c9        0x3 
                0x200002cc                PROVIDE (__preinit_array_start, .)
 *(.preinit_array)
                0x200002cc                PROVIDE (__preinit_array_end, .)
                0x200002cc                . = ALIGN (0x4)
                0x200002cc                PROVIDE (__init_array_start, .)
 *(SORT(.init_array.*))
 *(.init_array)
                0x200002cc                PROVIDE (__init_array_end, .)
                0x200002cc                . = ALIGN (0x4)
                0x200002cc                PROVIDE (__fini_array_start, .)
 *(SORT(.fini_array.*))
 *(.fini_array)
                0x200002cc                PROVIDE (__fini_array_end, .)
 *(.jcr*)
                0x200002cc                . = ALIGN (0x4)
                0x200002cc                __data_end__ = .
                0x200002cc                _edata = __data_end__

.igot.plt       0x200002cc        0x0 load address 0x08016af8
 .igot.plt      0x00000000        0x0 ..\obj\stm32f4xx_syscfg.o

.bss            0x200002d0     0x5be4 load address 0x08016b00
                0x200002d0                . = ALIGN (0x4)
                0x200002d0                __bss_start__ = .
                0x200002d0                _sbss = __bss_start__
 *(.bss*)
 .bss           0x200002d0       0x24 ..\obj\mbfuncother.o
 .bss           0x200002f4       0x48 ..\obj\sdio_sd.o
                0x2000032c                StopCondition
                0x20000330                TransferError
                0x20000334                TransferEnd
                0x20000338                DMAEndOfTransfer
 .bss           0x2000033c       0xfc ..\obj\tasks.o
                0x2000033c                pxCurrentTCB
 .bss           0x20000438        0xc ..\obj\porttimer.o
 .bss           0x20000444       0x10 ..\obj\usbd_req.o
                0x20000444                USBD_ep_status
                0x20000448                USBD_default_cfg
                0x2000044c                USBD_cfg_status
 .bss           0x20000454        0x8 ..\obj\port.o
 .bss           0x2000045c       0x14 ..\obj\portserial.o
 .bss           0x20000470       0x20 ..\obj\usbd_cdc_core.o
                0x20000474                APP_Rx_ptr_in
                0x20000478                APP_Rx_ptr_out
                0x2000047c                APP_Rx_length
                0x20000480                USB_Tx_State
 .bss           0x20000490        0x8 ..\obj\ff.o
 .bss           0x20000498       0x1c ..\obj\frequency.o
                0x200004b0                xHigherPriorityTaskWoken
 .bss           0x200004b4     0x4014 ..\obj\heap_2.o
 *(COMMON)
 COMMON         0x200044c8      0x45c ..\obj\protocol.o
                0x200044c8                stContext_RS232
                0x2000463c                stContext_RS485
                0x200047b0                stContext_USB_CDC
 *fill*         0x20004924        0x4 
 COMMON         0x20004928       0xa0 ..\obj\sdio_sd.o
                0x20004928                SDIO_CmdInitStructure
                0x20004940                SDCardInfo
                0x20004998                SDIO_InitStructure
                0x200049b0                SDIO_DataInitStructure
 COMMON         0x200049c8       0x50 ..\obj\watchdog.o
                0x200049c8                task_watches
 COMMON         0x20004a18        0x4 ..\obj\fram_i2c.o
                0x20004a18                xI2CBusMutex
 COMMON         0x20004a1c       0x88 ..\obj\usbd_cdc_vcp.o
                0x20004a1c                APP_Tx_Buffer
                0x20004a9c                APP_tx_ptr_tail
                0x20004aa0                APP_tx_ptr_head
 COMMON         0x20004aa4       0x32 ..\obj\usbd_req.o
                0x20004aa4                USBD_StrDesc
 *fill*         0x20004ad6        0x2 
 COMMON         0x20004ad8      0x5f4 ..\obj\portserial.o
                0x20004ad8                temp_char
                0x20004adc                USB_OTG_dev
 COMMON         0x200050cc      0x88c ..\obj\usbd_cdc_core.o
                0x200050cc                usbd_cdc_OtherCfgDesc
                0x20005110                USB_Rx_Buffer
                0x20005150                CmdBuff
                0x20005158                APP_Rx_Buffer
 COMMON         0x20005958        0x4 ..\obj\ADS1220.o
                0x20005958                xADC_SPI_Mutex
 COMMON         0x2000595c        0x8 ..\obj\frequency.o
                0x2000595c                xFrequencySemaphore
 *fill*         0x20005964        0x4 
 COMMON         0x20005968      0x54c ..\obj\controller.o
                0x20005968                fs
                0x20005b98                br
                0x20005b9c                stSettings
                0x20005c20                fsrc
                0x20005e44                xMeasureDataMutex
                0x20005e48                res
                0x20005e50                stMeasureData
                0x20005eb0                xSettingsMutex
                0x20005eb4                . = ALIGN (0x4)
                0x20005eb4                __bss_end__ = .
                0x20005eb4                _ebss = __bss_end__

.heap           0x20005eb4        0x0
                0x20005eb4                __end__ = .
                0x20005eb4                _end = __end__
                0x20005eb4                end = __end__
 *(.heap*)
                0x20005eb4                __HeapLimit = .

.co_stack       0x20005eb4      0x804 load address 0x0801c6e4
                0x20005eb8                . = ALIGN (0x8)
 *fill*         0x20005eb4        0x4 
 *(.co_stack .co_stack.*)
 .co_stack      0x20005eb8      0x800 ..\obj\startup_stm32f4xx.o
                0x20005eb8                pulStack
                0x20020000                __StackTop = (ORIGIN (ram) + 0x20000)
                0x2001f7fc                __StackLimit = (__StackTop - SIZEOF (.co_stack))
                0x20020000                PROVIDE (__stack, __StackTop)
                0x00000001                ASSERT ((__StackLimit >= __HeapLimit), region ram  overflowed with stack)
LOAD C:\Program Files\CooCox\CoIDE\gcc\Sourcery G++ Lite\arm-none-eabi\lib\thumb2\libc.a
LOAD ..\obj\stm32f4xx_syscfg.o
LOAD ..\obj\usb_core.o
LOAD ..\obj\low_level_sdio.o
LOAD ..\obj\mbport.o
LOAD ..\obj\stm32f4xx_sdio.o
LOAD ..\obj\mb.o
LOAD ..\obj\protocol.o
LOAD ..\obj\mbfuncdisc.o
LOAD ..\obj\usbd_usr.o
LOAD ..\obj\portevent.o
LOAD ..\obj\mbfuncother.o
LOAD ..\obj\stm32f4xx_usart.o
LOAD ..\obj\stm32f4xx_pwr.o
LOAD ..\obj\sdio_sd.o
LOAD ..\obj\rtc.o
LOAD ..\obj\mbutils.o
LOAD ..\obj\diskio.o
LOAD ..\obj\startup_stm32f4xx.o
LOAD ..\obj\stm32f4xx_iwdg.o
LOAD ..\obj\mbfuncholding.o
LOAD ..\obj\usbd_core.o
LOAD ..\obj\main.o
LOAD ..\obj\mbcrc.o
LOAD ..\obj\stm32f4xx_rcc.o
LOAD ..\obj\mbfuncfile.o
LOAD ..\obj\timers.o
LOAD ..\obj\log.o
LOAD ..\obj\mbfuncinput.o
LOAD ..\obj\printf.o
LOAD ..\obj\watchdog.o
LOAD ..\obj\mbfuncdiag.o
LOAD ..\obj\tasks.o
LOAD ..\obj\usbd_desc.o
LOAD ..\obj\fram_i2c.o
LOAD ..\obj\stm32f4xx_gpio.o
LOAD ..\obj\porttimer.o
LOAD ..\obj\usbd_cdc_vcp.o
LOAD ..\obj\mbrtu.o
LOAD ..\obj\list.o
LOAD ..\obj\system_stm32f4xx.o
LOAD ..\obj\syscalls.o
LOAD ..\obj\stm32f4xx_dma.o
LOAD ..\obj\usb_bsp.o
LOAD ..\obj\usbd_req.o
LOAD ..\obj\port.o
LOAD ..\obj\queue.o
LOAD ..\obj\usb_dcd_int.o
LOAD ..\obj\portserial.o
LOAD ..\obj\usbd_cdc_core.o
LOAD ..\obj\ff.o
LOAD ..\obj\croutine.o
LOAD ..\obj\stm32f4xx_spi.o
LOAD ..\obj\mbfunccoils.o
LOAD ..\obj\event_groups.o
LOAD ..\obj\ADS1220.o
LOAD ..\obj\stm32f4xx_i2c.o
LOAD ..\obj\frequency.o
LOAD ..\obj\stm32f4xx_exti.o
LOAD ..\obj\misc.o
LOAD ..\obj\usb_dcd.o
LOAD ..\obj\stm32f4xx_rtc.o
LOAD ..\obj\usbd_ioreq.o
LOAD ..\obj\mbascii.o
LOAD ..\obj\heap_2.o
LOAD ..\obj\controller.o
LOAD ..\obj\stm32f4xx_tim.o
LOAD ..\obj\power_detector.o
LOAD C:\Program Files\CooCox\CoIDE\gcc\Sourcery G++ Lite\arm-none-eabi\lib\thumb2\libm.a
LOAD C:\Program Files\CooCox\CoIDE\gcc\Sourcery G++ Lite\arm-none-eabi\lib\thumb2\libc.a
START GROUP
LOAD c:/stm32/arm_eabi/bin/../lib/gcc/arm-none-eabi/4.7.2/thumb2\libgcc.a
LOAD C:\Program Files\CooCox\CoIDE\gcc\Sourcery G++ Lite\arm-none-eabi\lib\thumb2\libc.a
END GROUP
OUTPUT(IMS_CONTROLLER.elf elf32-littlearm)

.debug_info     0x00000000    0x250a9
 .debug_info    0x00000000     0x2819 ..\obj\usb_core.o
 .debug_info    0x00002819      0x532 ..\obj\low_level_sdio.o
 .debug_info    0x00002d4b      0xe68 ..\obj\mbport.o
 .debug_info    0x00003bb3      0x8bb ..\obj\stm32f4xx_sdio.o
 .debug_info    0x0000446e      0x9a0 ..\obj\mb.o
 .debug_info    0x00004e0e      0x869 ..\obj\protocol.o
 .debug_info    0x00005677      0x1f3 ..\obj\mbfuncdisc.o
 .debug_info    0x0000586a      0x1c3 ..\obj\usbd_usr.o
 .debug_info    0x00005a2d      0x7cd ..\obj\portevent.o
 .debug_info    0x000061fa      0x257 ..\obj\mbfuncother.o
 .debug_info    0x00006451      0xa65 ..\obj\stm32f4xx_usart.o
 .debug_info    0x00006eb6      0x543 ..\obj\stm32f4xx_pwr.o
 .debug_info    0x000073f9     0x1432 ..\obj\sdio_sd.o
 .debug_info    0x0000882b      0x165 ..\obj\rtc.o
 .debug_info    0x00008990      0x2cd ..\obj\mbutils.o
 .debug_info    0x00008c5d      0x9d3 ..\obj\diskio.o
 .debug_info    0x00009630      0x103 ..\obj\startup_stm32f4xx.o
 .debug_info    0x00009733      0x38b ..\obj\mbfuncholding.o
 .debug_info    0x00009abe      0xff1 ..\obj\usbd_core.o
 .debug_info    0x0000aaaf      0x186 ..\obj\main.o
 .debug_info    0x0000ac35      0x146 ..\obj\mbcrc.o
 .debug_info    0x0000ad7b      0xd49 ..\obj\stm32f4xx_rcc.o
 .debug_info    0x0000bac4      0x257 ..\obj\mbfuncfile.o
 .debug_info    0x0000bd1b      0x437 ..\obj\log.o
 .debug_info    0x0000c152      0x1e5 ..\obj\mbfuncinput.o
 .debug_info    0x0000c337      0xed1 ..\obj\printf.o
 .debug_info    0x0000d208      0x1f9 ..\obj\watchdog.o
 .debug_info    0x0000d401     0x12cc ..\obj\tasks.o
 .debug_info    0x0000e6cd      0x380 ..\obj\usbd_desc.o
 .debug_info    0x0000ea4d      0x758 ..\obj\fram_i2c.o
 .debug_info    0x0000f1a5      0x640 ..\obj\stm32f4xx_gpio.o
 .debug_info    0x0000f7e5      0xed3 ..\obj\porttimer.o
 .debug_info    0x000106b8      0x37e ..\obj\usbd_cdc_vcp.o
 .debug_info    0x00010a36      0x7fe ..\obj\mbrtu.o
 .debug_info    0x00011234      0x2c1 ..\obj\list.o
 .debug_info    0x000114f5      0x5f5 ..\obj\system_stm32f4xx.o
 .debug_info    0x00011aea      0x7af ..\obj\stm32f4xx_dma.o
 .debug_info    0x00012299     0x112e ..\obj\usb_bsp.o
 .debug_info    0x000133c7     0x10fb ..\obj\usbd_req.o
 .debug_info    0x000144c2      0x346 ..\obj\port.o
 .debug_info    0x00014808      0xa05 ..\obj\queue.o
 .debug_info    0x0001520d     0x2020 ..\obj\usb_dcd_int.o
 .debug_info    0x0001722d     0x1e0c ..\obj\portserial.o
 .debug_info    0x00019039     0x1083 ..\obj\usbd_cdc_core.o
 .debug_info    0x0001a0bc     0x1700 ..\obj\ff.o
 .debug_info    0x0001b7bc      0xbde ..\obj\stm32f4xx_spi.o
 .debug_info    0x0001c39a      0x31a ..\obj\mbfunccoils.o
 .debug_info    0x0001c6b4      0x8ad ..\obj\ADS1220.o
 .debug_info    0x0001cf61      0xbab ..\obj\stm32f4xx_i2c.o
 .debug_info    0x0001db0c      0xd08 ..\obj\frequency.o
 .debug_info    0x0001e814      0x373 ..\obj\stm32f4xx_exti.o
 .debug_info    0x0001eb87      0x592 ..\obj\misc.o
 .debug_info    0x0001f119     0x118a ..\obj\usb_dcd.o
 .debug_info    0x000202a3     0x1255 ..\obj\stm32f4xx_rtc.o
 .debug_info    0x000214f8      0xde4 ..\obj\usbd_ioreq.o
 .debug_info    0x000222dc      0x2ef ..\obj\heap_2.o
 .debug_info    0x000225cb      0x60d ..\obj\controller.o
 .debug_info    0x00022bd8     0x1e7d ..\obj\stm32f4xx_tim.o
 .debug_info    0x00024a55      0x654 ..\obj\power_detector.o

.debug_abbrev   0x00000000     0x5742
 .debug_abbrev  0x00000000      0x2bc ..\obj\usb_core.o
 .debug_abbrev  0x000002bc      0x12a ..\obj\low_level_sdio.o
 .debug_abbrev  0x000003e6      0x1be ..\obj\mbport.o
 .debug_abbrev  0x000005a4      0x179 ..\obj\stm32f4xx_sdio.o
 .debug_abbrev  0x0000071d      0x19f ..\obj\mb.o
 .debug_abbrev  0x000008bc      0x145 ..\obj\protocol.o
 .debug_abbrev  0x00000a01       0xa8 ..\obj\mbfuncdisc.o
 .debug_abbrev  0x00000aa9       0xdf ..\obj\usbd_usr.o
 .debug_abbrev  0x00000b88      0x142 ..\obj\portevent.o
 .debug_abbrev  0x00000cca       0xc1 ..\obj\mbfuncother.o
 .debug_abbrev  0x00000d8b      0x157 ..\obj\stm32f4xx_usart.o
 .debug_abbrev  0x00000ee2      0x181 ..\obj\stm32f4xx_pwr.o
 .debug_abbrev  0x00001063      0x1eb ..\obj\sdio_sd.o
 .debug_abbrev  0x0000124e       0xc9 ..\obj\rtc.o
 .debug_abbrev  0x00001317       0xd8 ..\obj\mbutils.o
 .debug_abbrev  0x000013ef      0x1b6 ..\obj\diskio.o
 .debug_abbrev  0x000015a5       0xb2 ..\obj\startup_stm32f4xx.o
 .debug_abbrev  0x00001657       0xa8 ..\obj\mbfuncholding.o
 .debug_abbrev  0x000016ff      0x1f2 ..\obj\usbd_core.o
 .debug_abbrev  0x000018f1       0xe3 ..\obj\main.o
 .debug_abbrev  0x000019d4       0x93 ..\obj\mbcrc.o
 .debug_abbrev  0x00001a67      0x1e5 ..\obj\stm32f4xx_rcc.o
 .debug_abbrev  0x00001c4c       0xe5 ..\obj\mbfuncfile.o
 .debug_abbrev  0x00001d31      0x167 ..\obj\log.o
 .debug_abbrev  0x00001e98       0xa8 ..\obj\mbfuncinput.o
 .debug_abbrev  0x00001f40      0x23b ..\obj\printf.o
 .debug_abbrev  0x0000217b      0x12f ..\obj\watchdog.o
 .debug_abbrev  0x000022aa      0x253 ..\obj\tasks.o
 .debug_abbrev  0x000024fd      0x12e ..\obj\usbd_desc.o
 .debug_abbrev  0x0000262b      0x1ed ..\obj\fram_i2c.o
 .debug_abbrev  0x00002818      0x1a5 ..\obj\stm32f4xx_gpio.o
 .debug_abbrev  0x000029bd      0x1c2 ..\obj\porttimer.o
 .debug_abbrev  0x00002b7f      0x166 ..\obj\usbd_cdc_vcp.o
 .debug_abbrev  0x00002ce5      0x189 ..\obj\mbrtu.o
 .debug_abbrev  0x00002e6e       0xbe ..\obj\list.o
 .debug_abbrev  0x00002f2c      0x138 ..\obj\system_stm32f4xx.o
 .debug_abbrev  0x00003064      0x157 ..\obj\stm32f4xx_dma.o
 .debug_abbrev  0x000031bb      0x1fe ..\obj\usb_bsp.o
 .debug_abbrev  0x000033b9      0x268 ..\obj\usbd_req.o
 .debug_abbrev  0x00003621      0x1bc ..\obj\port.o
 .debug_abbrev  0x000037dd      0x141 ..\obj\queue.o
 .debug_abbrev  0x0000391e      0x230 ..\obj\usb_dcd_int.o
 .debug_abbrev  0x00003b4e      0x2f0 ..\obj\portserial.o
 .debug_abbrev  0x00003e3e      0x204 ..\obj\usbd_cdc_core.o
 .debug_abbrev  0x00004042      0x1bb ..\obj\ff.o
 .debug_abbrev  0x000041fd      0x169 ..\obj\stm32f4xx_spi.o
 .debug_abbrev  0x00004366       0xba ..\obj\mbfunccoils.o
 .debug_abbrev  0x00004420      0x1d0 ..\obj\ADS1220.o
 .debug_abbrev  0x000045f0      0x166 ..\obj\stm32f4xx_i2c.o
 .debug_abbrev  0x00004756      0x1c2 ..\obj\frequency.o
 .debug_abbrev  0x00004918      0x1a7 ..\obj\stm32f4xx_exti.o
 .debug_abbrev  0x00004abf      0x129 ..\obj\misc.o
 .debug_abbrev  0x00004be8      0x22e ..\obj\usb_dcd.o
 .debug_abbrev  0x00004e16      0x1b0 ..\obj\stm32f4xx_rtc.o
 .debug_abbrev  0x00004fc6      0x184 ..\obj\usbd_ioreq.o
 .debug_abbrev  0x0000514a      0x16e ..\obj\heap_2.o
 .debug_abbrev  0x000052b8      0x193 ..\obj\controller.o
 .debug_abbrev  0x0000544b      0x189 ..\obj\stm32f4xx_tim.o
 .debug_abbrev  0x000055d4      0x16e ..\obj\power_detector.o

.debug_loc      0x00000000     0xae97
 .debug_loc     0x00000000      0x7e0 ..\obj\usb_core.o
 .debug_loc     0x000007e0       0xe4 ..\obj\low_level_sdio.o
 .debug_loc     0x000008c4      0x174 ..\obj\mbport.o
 .debug_loc     0x00000a38      0x648 ..\obj\stm32f4xx_sdio.o
 .debug_loc     0x00001080      0x150 ..\obj\mb.o
 .debug_loc     0x000011d0       0xe0 ..\obj\protocol.o
 .debug_loc     0x000012b0       0x38 ..\obj\mbfuncdisc.o
 .debug_loc     0x000012e8       0xe8 ..\obj\usbd_usr.o
 .debug_loc     0x000013d0       0xa8 ..\obj\portevent.o
 .debug_loc     0x00001478       0x70 ..\obj\mbfuncother.o
 .debug_loc     0x000014e8      0x658 ..\obj\stm32f4xx_usart.o
 .debug_loc     0x00001b40      0x288 ..\obj\stm32f4xx_pwr.o
 .debug_loc     0x00001dc8      0x778 ..\obj\sdio_sd.o
 .debug_loc     0x00002540       0x38 ..\obj\rtc.o
 .debug_loc     0x00002578       0xa8 ..\obj\mbutils.o
 .debug_loc     0x00002620      0x20c ..\obj\diskio.o
 .debug_loc     0x0000282c       0x64 ..\obj\startup_stm32f4xx.o
 .debug_loc     0x00002890       0xe0 ..\obj\mbfuncholding.o
 .debug_loc     0x00002970      0x2d8 ..\obj\usbd_core.o
 .debug_loc     0x00002c48      0x100 ..\obj\main.o
 .debug_loc     0x00002d48       0x38 ..\obj\mbcrc.o
 .debug_loc     0x00002d80      0x97c ..\obj\stm32f4xx_rcc.o
 .debug_loc     0x000036fc       0x3a ..\obj\mbfuncfile.o
 .debug_loc     0x00003736       0xe2 ..\obj\log.o
 .debug_loc     0x00003818       0x38 ..\obj\mbfuncinput.o
 .debug_loc     0x00003850      0x3ea ..\obj\printf.o
 .debug_loc     0x00003c3a       0xe0 ..\obj\watchdog.o
 .debug_loc     0x00003d1a      0x92c ..\obj\tasks.o
 .debug_loc     0x00004646      0x188 ..\obj\usbd_desc.o
 .debug_loc     0x000047ce      0x15e ..\obj\fram_i2c.o
 .debug_loc     0x0000492c      0x310 ..\obj\stm32f4xx_gpio.o
 .debug_loc     0x00004c3c      0x2dc ..\obj\porttimer.o
 .debug_loc     0x00004f18      0x164 ..\obj\usbd_cdc_vcp.o
 .debug_loc     0x0000507c      0x1c0 ..\obj\mbrtu.o
 .debug_loc     0x0000523c      0x118 ..\obj\list.o
 .debug_loc     0x00005354       0x9c ..\obj\system_stm32f4xx.o
 .debug_loc     0x000053f0      0x428 ..\obj\stm32f4xx_dma.o
 .debug_loc     0x00005818      0x138 ..\obj\usb_bsp.o
 .debug_loc     0x00005950      0x310 ..\obj\usbd_req.o
 .debug_loc     0x00005c60      0x1dc ..\obj\port.o
 .debug_loc     0x00005e3c      0x460 ..\obj\queue.o
 .debug_loc     0x0000629c      0x2d8 ..\obj\usb_dcd_int.o
 .debug_loc     0x00006574      0x410 ..\obj\portserial.o
 .debug_loc     0x00006984      0x224 ..\obj\usbd_cdc_core.o
 .debug_loc     0x00006ba8      0x8d0 ..\obj\ff.o
 .debug_loc     0x00007478      0x578 ..\obj\stm32f4xx_spi.o
 .debug_loc     0x000079f0       0xa8 ..\obj\mbfunccoils.o
 .debug_loc     0x00007a98      0x224 ..\obj\ADS1220.o
 .debug_loc     0x00007cbc      0x738 ..\obj\stm32f4xx_i2c.o
 .debug_loc     0x000083f4      0x10d ..\obj\frequency.o
 .debug_loc     0x00008501      0x1b4 ..\obj\stm32f4xx_exti.o
 .debug_loc     0x000086b5      0x118 ..\obj\misc.o
 .debug_loc     0x000087cd      0x2d8 ..\obj\usb_dcd.o
 .debug_loc     0x00008aa5      0xc48 ..\obj\stm32f4xx_rtc.o
 .debug_loc     0x000096ed      0x188 ..\obj\usbd_ioreq.o
 .debug_loc     0x00009875      0x100 ..\obj\heap_2.o
 .debug_loc     0x00009975       0x72 ..\obj\controller.o
 .debug_loc     0x000099e7     0x1420 ..\obj\stm32f4xx_tim.o
 .debug_loc     0x0000ae07       0x90 ..\obj\power_detector.o

.debug_aranges  0x00000000     0x1f08
 .debug_aranges
                0x00000000      0x138 ..\obj\usb_core.o
 .debug_aranges
                0x00000138       0x38 ..\obj\low_level_sdio.o
 .debug_aranges
                0x00000170       0x50 ..\obj\mbport.o
 .debug_aranges
                0x000001c0      0x108 ..\obj\stm32f4xx_sdio.o
 .debug_aranges
                0x000002c8       0x48 ..\obj\mb.o
 .debug_aranges
                0x00000310       0x38 ..\obj\protocol.o
 .debug_aranges
                0x00000348       0x20 ..\obj\mbfuncdisc.o
 .debug_aranges
                0x00000368       0x40 ..\obj\usbd_usr.o
 .debug_aranges
                0x000003a8       0x30 ..\obj\portevent.o
 .debug_aranges
                0x000003d8       0x28 ..\obj\mbfuncother.o
 .debug_aranges
                0x00000400      0x100 ..\obj\stm32f4xx_usart.o
 .debug_aranges
                0x00000500       0x78 ..\obj\stm32f4xx_pwr.o
 .debug_aranges
                0x00000578      0x130 ..\obj\sdio_sd.o
 .debug_aranges
                0x000006a8       0x20 ..\obj\rtc.o
 .debug_aranges
                0x000006c8       0x30 ..\obj\mbutils.o
 .debug_aranges
                0x000006f8       0x68 ..\obj\diskio.o
 .debug_aranges
                0x00000760       0x28 ..\obj\startup_stm32f4xx.o
 .debug_aranges
                0x00000788       0x38 ..\obj\mbfuncholding.o
 .debug_aranges
                0x000007c0       0x80 ..\obj\usbd_core.o
 .debug_aranges
                0x00000840       0x40 ..\obj\main.o
 .debug_aranges
                0x00000880       0x20 ..\obj\mbcrc.o
 .debug_aranges
                0x000008a0      0x178 ..\obj\stm32f4xx_rcc.o
 .debug_aranges
                0x00000a18       0x20 ..\obj\mbfuncfile.o
 .debug_aranges
                0x00000a38       0x38 ..\obj\log.o
 .debug_aranges
                0x00000a70       0x20 ..\obj\mbfuncinput.o
 .debug_aranges
                0x00000a90       0xa0 ..\obj\printf.o
 .debug_aranges
                0x00000b30       0x38 ..\obj\watchdog.o
 .debug_aranges
                0x00000b68      0x170 ..\obj\tasks.o
 .debug_aranges
                0x00000cd8       0x50 ..\obj\usbd_desc.o
 .debug_aranges
                0x00000d28       0x48 ..\obj\fram_i2c.o
 .debug_aranges
                0x00000d70       0x88 ..\obj\stm32f4xx_gpio.o
 .debug_aranges
                0x00000df8       0x90 ..\obj\porttimer.o
 .debug_aranges
                0x00000e88       0x50 ..\obj\usbd_cdc_vcp.o
 .debug_aranges
                0x00000ed8       0x58 ..\obj\mbrtu.o
 .debug_aranges
                0x00000f30       0x40 ..\obj\list.o
 .debug_aranges
                0x00000f70       0x30 ..\obj\system_stm32f4xx.o
 .debug_aranges
                0x00000fa0       0xb0 ..\obj\stm32f4xx_dma.o
 .debug_aranges
                0x00001050       0x48 ..\obj\usb_bsp.o
 .debug_aranges
                0x00001098       0x88 ..\obj\usbd_req.o
 .debug_aranges
                0x00001120       0x90 ..\obj\port.o
 .debug_aranges
                0x000011b0       0xb8 ..\obj\queue.o
 .debug_aranges
                0x00001268       0x80 ..\obj\usb_dcd_int.o
 .debug_aranges
                0x000012e8       0xb0 ..\obj\portserial.o
 .debug_aranges
                0x00001398       0x68 ..\obj\usbd_cdc_core.o
 .debug_aranges
                0x00001400      0x158 ..\obj\ff.o
 .debug_aranges
                0x00001558       0xe0 ..\obj\stm32f4xx_spi.o
 .debug_aranges
                0x00001638       0x30 ..\obj\mbfunccoils.o
 .debug_aranges
                0x00001668       0x68 ..\obj\ADS1220.o
 .debug_aranges
                0x000016d0      0x120 ..\obj\stm32f4xx_i2c.o
 .debug_aranges
                0x000017f0       0x40 ..\obj\frequency.o
 .debug_aranges
                0x00001830       0x58 ..\obj\stm32f4xx_exti.o
 .debug_aranges
                0x00001888       0x40 ..\obj\misc.o
 .debug_aranges
                0x000018c8       0x80 ..\obj\usb_dcd.o
 .debug_aranges
                0x00001948      0x1e0 ..\obj\stm32f4xx_rtc.o
 .debug_aranges
                0x00001b28       0x50 ..\obj\usbd_ioreq.o
 .debug_aranges
                0x00001b78       0x40 ..\obj\heap_2.o
 .debug_aranges
                0x00001bb8       0x28 ..\obj\controller.o
 .debug_aranges
                0x00001be0      0x2f8 ..\obj\stm32f4xx_tim.o
 .debug_aranges
                0x00001ed8       0x30 ..\obj\power_detector.o

.debug_ranges   0x00000000     0x1b58
 .debug_ranges  0x00000000      0x128 ..\obj\usb_core.o
 .debug_ranges  0x00000128       0x28 ..\obj\low_level_sdio.o
 .debug_ranges  0x00000150       0x40 ..\obj\mbport.o
 .debug_ranges  0x00000190       0xf8 ..\obj\stm32f4xx_sdio.o
 .debug_ranges  0x00000288       0x38 ..\obj\mb.o
 .debug_ranges  0x000002c0       0x28 ..\obj\protocol.o