Archive member included because of file (symbol)

C:\Program Files\GNU Tools ARM Embedded\4.9 2015q2\arm-none-eabi\lib\armv7e-m\fpu\libc.a(lib_a-memcpy.o)
                              ..\obj\mbport.o (memcpy)
C:\Program Files\GNU Tools ARM Embedded\4.9 2015q2\arm-none-eabi\lib\armv7e-m\fpu\libc.a(lib_a-memset.o)
                              ..\obj\arm_pid_init_q31.o (memset)
C:\Program Files\GNU Tools ARM Embedded\4.9 2015q2\arm-none-eabi\lib\armv7e-m\fpu\libm.a(lib_a-wf_sqrt.o)
                              ..\obj\arm_rms_f32.o (sqrtf)
C:\Program Files\GNU Tools ARM Embedded\4.9 2015q2\arm-none-eabi\lib\armv7e-m\fpu\libm.a(lib_a-ef_sqrt.o)
                              C:\Program Files\GNU Tools ARM Embedded\4.9 2015q2\arm-none-eabi\lib\armv7e-m\fpu\libm.a(lib_a-wf_sqrt.o) (__ieee754_sqrtf)
C:\Program Files\GNU Tools ARM Embedded\4.9 2015q2\arm-none-eabi\lib\armv7e-m\fpu\libm.a(lib_a-s_lib_ver.o)
                              C:\Program Files\GNU Tools ARM Embedded\4.9 2015q2\arm-none-eabi\lib\armv7e-m\fpu\libm.a(lib_a-wf_sqrt.o) (__fdlib_version)
C:\Program Files\GNU Tools ARM Embedded\4.9 2015q2\arm-none-eabi\lib\armv7e-m\fpu\libm.a(lib_a-s_matherr.o)
                              C:\Program Files\GNU Tools ARM Embedded\4.9 2015q2\arm-none-eabi\lib\armv7e-m\fpu\libm.a(lib_a-wf_sqrt.o) (matherr)
C:\Program Files\GNU Tools ARM Embedded\4.9 2015q2\arm-none-eabi\lib\armv7e-m\fpu\libm.a(lib_a-sf_fpclassify.o)
                              C:\Program Files\GNU Tools ARM Embedded\4.9 2015q2\arm-none-eabi\lib\armv7e-m\fpu\libm.a(lib_a-wf_sqrt.o) (__fpclassifyf)
C:\Program Files\GNU Tools ARM Embedded\4.9 2015q2\arm-none-eabi\lib\armv7e-m\fpu\libg.a(lib_a-errno.o)
                              C:\Program Files\GNU Tools ARM Embedded\4.9 2015q2\arm-none-eabi\lib\armv7e-m\fpu\libm.a(lib_a-wf_sqrt.o) (__errno)
c:/program files/gnu tools arm embedded/4.9 2015q2/bin/../lib/gcc/arm-none-eabi/4.9.3/armv7e-m/fpu\libgcc.a(_arm_addsubdf3.o)
                              ..\obj\arm_mat_inverse_f64.o (__aeabi_dsub)
c:/program files/gnu tools arm embedded/4.9 2015q2/bin/../lib/gcc/arm-none-eabi/4.9.3/armv7e-m/fpu\libgcc.a(_arm_muldivdf3.o)
                              ..\obj\arm_biquad_cascade_df2T_f64.o (__aeabi_dmul)
c:/program files/gnu tools arm embedded/4.9 2015q2/bin/../lib/gcc/arm-none-eabi/4.9.3/armv7e-m/fpu\libgcc.a(_arm_cmpdf2.o)
                              ..\obj\arm_mat_inverse_f64.o (__aeabi_dcmpeq)
c:/program files/gnu tools arm embedded/4.9 2015q2/bin/../lib/gcc/arm-none-eabi/4.9.3/armv7e-m/fpu\libgcc.a(_arm_truncdfsf2.o)
                              ..\obj\calc.o (__aeabi_d2f)
c:/program files/gnu tools arm embedded/4.9 2015q2/bin/../lib/gcc/arm-none-eabi/4.9.3/armv7e-m/fpu\libgcc.a(_arm_addsubsf3.o)
                              ..\obj\calc.o (__aeabi_ul2f)
c:/program files/gnu tools arm embedded/4.9 2015q2/bin/../lib/gcc/arm-none-eabi/4.9.3/armv7e-m/fpu\libgcc.a(_aeabi_ldivmod.o)
                              ..\obj\arm_rms_q15.o (__aeabi_ldivmod)
c:/program files/gnu tools arm embedded/4.9 2015q2/bin/../lib/gcc/arm-none-eabi/4.9.3/armv7e-m/fpu\libgcc.a(_fixsfdi.o)
                              ..\obj\arm_float_to_q31.o (__aeabi_f2lz)
c:/program files/gnu tools arm embedded/4.9 2015q2/bin/../lib/gcc/arm-none-eabi/4.9.3/armv7e-m/fpu\libgcc.a(_fixunssfdi.o)
                              c:/program files/gnu tools arm embedded/4.9 2015q2/bin/../lib/gcc/arm-none-eabi/4.9.3/armv7e-m/fpu\libgcc.a(_fixsfdi.o) (__aeabi_f2ulz)
c:/program files/gnu tools arm embedded/4.9 2015q2/bin/../lib/gcc/arm-none-eabi/4.9.3/armv7e-m/fpu\libgcc.a(bpabi.o)
                              c:/program files/gnu tools arm embedded/4.9 2015q2/bin/../lib/gcc/arm-none-eabi/4.9.3/armv7e-m/fpu\libgcc.a(_aeabi_ldivmod.o) (__gnu_ldivmod_helper)
c:/program files/gnu tools arm embedded/4.9 2015q2/bin/../lib/gcc/arm-none-eabi/4.9.3/armv7e-m/fpu\libgcc.a(_dvmd_tls.o)
                              c:/program files/gnu tools arm embedded/4.9 2015q2/bin/../lib/gcc/arm-none-eabi/4.9.3/armv7e-m/fpu\libgcc.a(_aeabi_ldivmod.o) (__aeabi_ldiv0)
c:/program files/gnu tools arm embedded/4.9 2015q2/bin/../lib/gcc/arm-none-eabi/4.9.3/armv7e-m/fpu\libgcc.a(_arm_fixunsdfsi.o)
                              c:/program files/gnu tools arm embedded/4.9 2015q2/bin/../lib/gcc/arm-none-eabi/4.9.3/armv7e-m/fpu\libgcc.a(_fixunssfdi.o) (__aeabi_d2uiz)
c:/program files/gnu tools arm embedded/4.9 2015q2/bin/../lib/gcc/arm-none-eabi/4.9.3/armv7e-m/fpu\libgcc.a(_divdi3.o)
                              c:/program files/gnu tools arm embedded/4.9 2015q2/bin/../lib/gcc/arm-none-eabi/4.9.3/armv7e-m/fpu\libgcc.a(bpabi.o) (__divdi3)
c:/program files/gnu tools arm embedded/4.9 2015q2/bin/../lib/gcc/arm-none-eabi/4.9.3/armv7e-m/fpu\libgcc.a(_udivdi3.o)
                              c:/program files/gnu tools arm embedded/4.9 2015q2/bin/../lib/gcc/arm-none-eabi/4.9.3/armv7e-m/fpu\libgcc.a(bpabi.o) (__udivdi3)

Allocating common symbols
Common symbol       size              file

[...]
Memory Configuration

Name             Origin             Length             Attributes
rom              0x08000000         0x00100000         xr
ram              0x20000000         0x00020000         xrw
ram1             0x10000000         0x00010000         xrw
*default*        0x00000000         0xffffffff

Linker script and memory map

                0x20020000                _eram = 0x20020000

.text           0x08000000    0x10710
 *(.isr_vector)
 .isr_vector    0x08000000      0x188 ..\obj\startup_stm32f4xx.o
                0x08000000                g_pfnVectors
 *(.text*)
 .text.SYSCFG_EXTILineConfig
                0x08000188       0x84 ..\obj\stm32f4xx_syscfg.o
                0x08000188                SYSCFG_EXTILineConfig
 .text.USB_OTG_EnableCommonInt
                0x0800020c       0x44 ..\obj\usb_core.o
 .text.USB_OTG_CoreReset
                0x08000250       0x8c ..\obj\usb_core.o
 .text.USB_OTG_WritePacket
                0x080002dc       0x78 ..\obj\usb_core.o
                0x080002dc                USB_OTG_WritePacket
 .text.USB_OTG_ReadPacket
                0x08000354       0x58 ..\obj\usb_core.o
                0x08000354                USB_OTG_ReadPacket
 .text.USB_OTG_SelectCore
                0x080003ac      0x174 ..\obj\usb_core.o
                0x080003ac                USB_OTG_SelectCore
 .text.USB_OTG_CoreInit
                0x08000520      0x1dc ..\obj\usb_core.o
                0x08000520                USB_OTG_CoreInit
 .text.USB_OTG_EnableGlobalInt
                0x080006fc       0x38 ..\obj\usb_core.o
                0x080006fc                USB_OTG_EnableGlobalInt
 .text.USB_OTG_DisableGlobalInt
                0x08000734       0x38 ..\obj\usb_core.o
                0x08000734                USB_OTG_DisableGlobalInt
 .text.USB_OTG_FlushTxFifo
                0x0800076c       0x7c ..\obj\usb_core.o
                0x0800076c                USB_OTG_FlushTxFifo
 .text.USB_OTG_FlushRxFifo
                0x080007e8       0x60 ..\obj\usb_core.o
                0x080007e8                USB_OTG_FlushRxFifo
 .text.USB_OTG_SetCurrentMode
                0x08000848       0x60 ..\obj\usb_core.o
                0x08000848                USB_OTG_SetCurrentMode
 .text.USB_OTG_GetMode
                0x080008a8       0x20 ..\obj\usb_core.o
                0x080008a8                USB_OTG_GetMode
 .text.USB_OTG_IsDeviceMode
                0x080008c8       0x24 ..\obj\usb_core.o
                0x080008c8                USB_OTG_IsDeviceMode
 .text.USB_OTG_ReadCoreItr
                0x080008ec       0x30 ..\obj\usb_core.o
                0x080008ec                USB_OTG_ReadCoreItr
 .text.USB_OTG_InitDevSpeed
                0x0800091c       0x38 ..\obj\usb_core.o
                0x0800091c                USB_OTG_InitDevSpeed
 .text.USB_OTG_CoreInitDev
                0x08000954      0x264 ..\obj\usb_core.o
                0x08000954                USB_OTG_CoreInitDev
 .text.USB_OTG_EnableDevInt
                0x08000bb8       0x98 ..\obj\usb_core.o
                0x08000bb8                USB_OTG_EnableDevInt
 .text.USB_OTG_GetDeviceSpeed
                0x08000c50       0x48 ..\obj\usb_core.o
                0x08000c50                USB_OTG_GetDeviceSpeed
 .text.USB_OTG_EP0Activate
                0x08000c98       0x78 ..\obj\usb_core.o
                0x08000c98                USB_OTG_EP0Activate
 .text.USB_OTG_EPActivate
                0x08000d10       0xdc ..\obj\usb_core.o
                0x08000d10                USB_OTG_EPActivate
 .text.USB_OTG_EPDeactivate
                0x08000dec       0x8c ..\obj\usb_core.o
                0x08000dec                USB_OTG_EPDeactivate
 .text.USB_OTG_EPStartXfer
                0x08000e78      0x280 ..\obj\usb_core.o
                0x08000e78                USB_OTG_EPStartXfer
 .text.USB_OTG_EP0StartXfer
                0x080010f8      0x1d4 ..\obj\usb_core.o
                0x080010f8                USB_OTG_EP0StartXfer
 .text.USB_OTG_EPSetStall
                0x080012cc       0x88 ..\obj\usb_core.o
                0x080012cc                USB_OTG_EPSetStall
 .text.USB_OTG_EPClearStall
                0x08001354       0x78 ..\obj\usb_core.o
                0x08001354                USB_OTG_EPClearStall
 .text.USB_OTG_ReadDevAllOutEp_itr
                0x080013cc       0x2c ..\obj\usb_core.o
                0x080013cc                USB_OTG_ReadDevAllOutEp_itr
 .text.USB_OTG_ReadDevOutEP_itr
                0x080013f8       0x38 ..\obj\usb_core.o
                0x080013f8                USB_OTG_ReadDevOutEP_itr
 .text.USB_OTG_ReadDevAllInEPItr
                0x08001430       0x2c ..\obj\usb_core.o
                0x08001430                USB_OTG_ReadDevAllInEPItr
 .text.USB_OTG_EP0_OutStart
                0x0800145c       0x70 ..\obj\usb_core.o
                0x0800145c                USB_OTG_EP0_OutStart
 .text.USB_OTG_UngateClock
                0x080014cc       0x54 ..\obj\usb_core.o
                0x080014cc                USB_OTG_UngateClock
 .text.ENTER_CRITICAL_SECTION
                0x08001520        0xc ..\obj\mbport.o
                0x08001520                ENTER_CRITICAL_SECTION
 .text.EXIT_CRITICAL_SECTION
                0x0800152c        0xc ..\obj\mbport.o
                0x0800152c                EXIT_CRITICAL_SECTION
 .text.eMBRegInputCB
                0x08001538      0x288 ..\obj\mbport.o
                0x08001538                eMBRegInputCB
 .text.eMBRegHoldingCB
                0x080017c0     0x273c ..\obj\mbport.o
                0x080017c0                eMBRegHoldingCB
 .text.eMBRegCoilsCB
                0x08003efc       0x28 ..\obj\mbport.o
                0x08003efc                eMBRegCoilsCB
 .text.eMBRegDiscreteCB
                0x08003f24       0x20 ..\obj\mbport.o
                0x08003f24                eMBRegDiscreteCB
 .text.eMBFileCB
                0x08003f44      0x138 ..\obj\mbport.o
                0x08003f44                eMBFileCB
 .text.Calc_Init
                0x0800407c       0x5c ..\obj\calc.o
                0x0800407c                Calc_Init
 .text.Calc_Task
                0x080040d8      0x1a8 ..\obj\calc.o
 .text.eMBInit  0x08004280       0xfc ..\obj\mb.o
                0x08004280                eMBInit
 .text.eMBEnable
                0x0800437c       0x44 ..\obj\mb.o
                0x0800437c                eMBEnable
 .text.eMBPoll  0x080043c0      0x184 ..\obj\mb.o
                0x080043c0                eMBPoll
 .text.SDIO_ITConfig
                0x08004544       0x3c ..\obj\stm32f4xx_sdio.o
                0x08004544                SDIO_ITConfig
 .text.SDIO_GetITStatus
                0x08004580       0x34 ..\obj\stm32f4xx_sdio.o
                0x08004580                SDIO_GetITStatus
 .text.SDIO_ClearITPendingBit
                0x080045b4       0x1c ..\obj\stm32f4xx_sdio.o
                0x080045b4                SDIO_ClearITPendingBit
 .text.Protocol_Init
                0x080045d0       0xfc ..\obj\protocol.o
                0x080045d0                Protocol_Init
 .text.Modbus_RS485_Task
                0x080046cc       0x30 ..\obj\protocol.o
 .text.Modbus_RS232_Task
                0x080046fc       0x30 ..\obj\protocol.o
 .text.Modbus_USB_CDC_Task
                0x0800472c       0x30 ..\obj\protocol.o
 .text.eMBFuncReadDiscreteInputs
                0x0800475c      0x104 ..\obj\mbfuncdisc.o
                0x0800475c                eMBFuncReadDiscreteInputs
 .text.USBD_USR_Init
                0x08004860        0xc ..\obj\usbd_usr.o
                0x08004860                USBD_USR_Init
 .text.USBD_USR_DeviceReset
                0x0800486c       0x14 ..\obj\usbd_usr.o
                0x0800486c                USBD_USR_DeviceReset
 .text.USBD_USR_DeviceConfigured
                0x08004880        0xc ..\obj\usbd_usr.o
                0x08004880                USBD_USR_DeviceConfigured
 .text.USBD_USR_DeviceSuspended
                0x0800488c        0xc ..\obj\usbd_usr.o
                0x0800488c                USBD_USR_DeviceSuspended
 .text.USBD_USR_DeviceResumed
                0x08004898        0xc ..\obj\usbd_usr.o
                0x08004898                USBD_USR_DeviceResumed
 .text.xMBPortEventInit
                0x080048a4       0x1c ..\obj\portevent.o
                0x080048a4                xMBPortEventInit
 .text.xMBPortEventPost
                0x080048c0       0x28 ..\obj\portevent.o
                0x080048c0                xMBPortEventPost
 .text.xMBPortEventGet
                0x080048e8       0x58 ..\obj\portevent.o
                0x080048e8                xMBPortEventGet
 .text.eMBFuncReportSlaveID
                0x08004940       0x3c ..\obj\mbfuncother.o
                0x08004940                eMBFuncReportSlaveID
 .text.USART_Init
                0x0800497c      0x178 ..\obj\stm32f4xx_usart.o
                0x0800497c                USART_Init
 .text.USART_Cmd
                0x08004af4       0x40 ..\obj\stm32f4xx_usart.o
                0x08004af4                USART_Cmd
 .text.USART_SendData
                0x08004b34       0x24 ..\obj\stm32f4xx_usart.o
                0x08004b34                USART_SendData
 .text.USART_ReceiveData
                0x08004b58       0x20 ..\obj\stm32f4xx_usart.o
                0x08004b58                USART_ReceiveData
 .text.USART_ITConfig
                0x08004b78       0x90 ..\obj\stm32f4xx_usart.o
                0x08004b78                USART_ITConfig
 .text.USART_GetFlagStatus
                0x08004c08       0x38 ..\obj\stm32f4xx_usart.o
                0x08004c08                USART_GetFlagStatus
 .text.USART_ClearFlag
                0x08004c40       0x20 ..\obj\stm32f4xx_usart.o
                0x08004c40                USART_ClearFlag
 .text.USART_GetITStatus
                0x08004c60       0xb8 ..\obj\stm32f4xx_usart.o
                0x08004c60                USART_GetITStatus
 .text.PWR_BackupAccessCmd
                0x08004d18       0x20 ..\obj\stm32f4xx_pwr.o
                0x08004d18                PWR_BackupAccessCmd
 .text.PWR_PVDLevelConfig
                0x08004d38       0x38 ..\obj\stm32f4xx_pwr.o
                0x08004d38                PWR_PVDLevelConfig
 .text.PWR_PVDCmd
                0x08004d70       0x20 ..\obj\stm32f4xx_pwr.o
                0x08004d70                PWR_PVDCmd
 .text.RTC_Clock_Init
                0x08004d90       0x78 ..\obj\rtc.o
                0x08004d90                RTC_Clock_Init
 .text.SD_ProcessIRQSrc
                0x08004e08       0xc8 ..\obj\sdio_sd.o
                0x08004e08                SD_ProcessIRQSrc
 .text.SD_ProcessDMAIRQ
                0x08004ed0       0x30 ..\obj\sdio_sd.o
                0x08004ed0                SD_ProcessDMAIRQ
 .text.prveMBError2Exception
                0x08004f00       0x40 ..\obj\mbutils.o
                0x08004f00                prveMBError2Exception
 .text.SDIO_IRQHandler
                0x08004f40        0xc ..\obj\diskio.o
                0x08004f40                SDIO_IRQHandler
 .text.DMA2_Stream3_IRQHandler
                0x08004f4c        0xc ..\obj\diskio.o
                0x08004f4c                DMA2_Stream3_IRQHandler
 .text.Default_Reset_Handler
                0x08004f58       0x68 ..\obj\startup_stm32f4xx.o
                0x08004f58                Default_Reset_Handler
                0x08004f58                Reset_Handler
 .text.Default_Handler
                0x08004fc0        0x8 ..\obj\startup_stm32f4xx.o
                0x08004fc0                RTC_Alarm_IRQHandler
                0x08004fc0                HASH_RNG_IRQHandler
                0x08004fc0                EXTI2_IRQHandler
                0x08004fc0                TIM8_CC_IRQHandler
                0x08004fc0                DebugMon_Handler
                0x08004fc0                TIM1_CC_IRQHandler
                0x08004fc0                DMA2_Stream5_IRQHandler
                0x08004fc0                HardFault_Handler
                0x08004fc0                DMA1_Stream5_IRQHandler
                0x08004fc0                TAMP_STAMP_IRQHandler
                0x08004fc0                NMI_Handler
                0x08004fc0                CAN2_RX1_IRQHandler
                0x08004fc0                EXTI3_IRQHandler
                0x08004fc0                I2C3_ER_IRQHandler
                0x08004fc0                EXTI0_IRQHandler
                0x08004fc0                I2C2_EV_IRQHandler
                0x08004fc0                DMA1_Stream2_IRQHandler
                0x08004fc0                CAN1_RX0_IRQHandler
                0x08004fc0                FPU_IRQHandler
                0x08004fc0                OTG_HS_WKUP_IRQHandler
                0x08004fc0                UsageFault_Handler
                0x08004fc0                CAN2_SCE_IRQHandler
                0x08004fc0                DMA2_Stream2_IRQHandler
                0x08004fc0                SPI1_IRQHandler
                0x08004fc0                TIM6_DAC_IRQHandler
                0x08004fc0                TIM1_BRK_TIM9_IRQHandler
                0x08004fc0                DCMI_IRQHandler
                0x08004fc0                CAN2_RX0_IRQHandler
                0x08004fc0                CRYP_IRQHandler
                0x08004fc0                CAN1_RX1_IRQHandler
                0x08004fc0                UART5_IRQHandler
                0x08004fc0                DMA2_Stream0_IRQHandler
                0x08004fc0                I2C1_EV_IRQHandler
                0x08004fc0                DMA1_Stream6_IRQHandler
                0x08004fc0                DMA1_Stream1_IRQHandler
                0x08004fc0                UART4_IRQHandler
                0x08004fc0                TIM3_IRQHandler
                0x08004fc0                RCC_IRQHandler
                0x08004fc0                TIM8_BRK_TIM12_IRQHandler
                0x08004fc0                EXTI15_10_IRQHandler
                0x08004fc0                ADC_IRQHandler
                0x08004fc0                DMA1_Stream7_IRQHandler
                0x08004fc0                TIM7_IRQHandler
                0x08004fc0                CAN2_TX_IRQHandler
                0x08004fc0                DMA2_Stream7_IRQHandler
                0x08004fc0                I2C3_EV_IRQHandler
                0x08004fc0                RTC_WKUP_IRQHandler
                0x08004fc0                ETH_WKUP_IRQHandler
                0x08004fc0                SPI2_IRQHandler
                0x08004fc0                OTG_HS_EP1_IN_IRQHandler
                0x08004fc0                MemManage_Handler
                0x08004fc0                DMA1_Stream0_IRQHandler
                0x08004fc0                CAN1_TX_IRQHandler
                0x08004fc0                FSMC_IRQHandler
                0x08004fc0                ETH_IRQHandler
                0x08004fc0                OTG_HS_EP1_OUT_IRQHandler
                0x08004fc0                WWDG_IRQHandler
                0x08004fc0                TIM2_IRQHandler
                0x08004fc0                OTG_HS_IRQHandler
                0x08004fc0                EXTI1_IRQHandler
                0x08004fc0                USART2_IRQHandler
                0x08004fc0                I2C2_ER_IRQHandler
                0x08004fc0                DMA2_Stream1_IRQHandler
                0x08004fc0                CAN1_SCE_IRQHandler
                0x08004fc0                FLASH_IRQHandler
                0x08004fc0                DMA2_Stream4_IRQHandler
                0x08004fc0                BusFault_Handler
                0x08004fc0                USART1_IRQHandler
                0x08004fc0                SPI3_IRQHandler
                0x08004fc0                DMA1_Stream4_IRQHandler
                0x08004fc0                I2C1_ER_IRQHandler
                0x08004fc0                DMA2_Stream6_IRQHandler
                0x08004fc0                DMA1_Stream3_IRQHandler
 .text.IWDG_WriteAccessCmd
                0x08004fc8       0x20 ..\obj\stm32f4xx_iwdg.o
                0x08004fc8                IWDG_WriteAccessCmd
 .text.IWDG_SetPrescaler
                0x08004fe8       0x20 ..\obj\stm32f4xx_iwdg.o
                0x08004fe8                IWDG_SetPrescaler
 .text.IWDG_SetReload
                0x08005008       0x20 ..\obj\stm32f4xx_iwdg.o
                0x08005008                IWDG_SetReload
 .text.IWDG_ReloadCounter
                0x08005028       0x18 ..\obj\stm32f4xx_iwdg.o
                0x08005028                IWDG_ReloadCounter
 .text.IWDG_Enable
                0x08005040       0x18 ..\obj\stm32f4xx_iwdg.o
                0x08005040                IWDG_Enable
 .text.eMBFuncWriteHoldingRegister
                0x08005058       0x70 ..\obj\mbfuncholding.o
                0x08005058                eMBFuncWriteHoldingRegister
 .text.eMBFuncWriteMultipleHoldingRegister
                0x080050c8       0xbc ..\obj\mbfuncholding.o
                0x080050c8                eMBFuncWriteMultipleHoldingRegister
 .text.eMBFuncReadHoldingRegister
                0x08005184       0xe4 ..\obj\mbfuncholding.o
                0x08005184                eMBFuncReadHoldingRegister
 .text.eMBFuncReadWriteMultipleHoldingRegister
                0x08005268      0x160 ..\obj\mbfuncholding.o
                0x08005268                eMBFuncReadWriteMultipleHoldingRegister
 .text.USBD_Init
                0x080053c8       0x54 ..\obj\usbd_core.o
                0x080053c8                USBD_Init
 .text.USBD_DeInit
                0x0800541c       0x18 ..\obj\usbd_core.o
                0x0800541c                USBD_DeInit
 .text.USBD_SetupStage
                0x08005434       0x6c ..\obj\usbd_core.o
 .text.USBD_DataOutStage
                0x080054a0       0xcc ..\obj\usbd_core.o
 .text.USBD_DataInStage
                0x0800556c      0x104 ..\obj\usbd_core.o
 .text.USBD_Reset
                0x08005670       0x44 ..\obj\usbd_core.o
 .text.USBD_Resume
                0x080056b4       0x24 ..\obj\usbd_core.o
 .text.USBD_Suspend
                0x080056d8       0x24 ..\obj\usbd_core.o
 .text.USBD_SOF
                0x080056fc       0x2c ..\obj\usbd_core.o
 .text.USBD_SetCfg
                0x08005728       0x30 ..\obj\usbd_core.o
                0x08005728                USBD_SetCfg
 .text.USBD_ClrCfg
                0x08005758       0x28 ..\obj\usbd_core.o
                0x08005758                USBD_ClrCfg
 .text.USBD_IsoINIncomplete
                0x08005780       0x20 ..\obj\usbd_core.o
 .text.USBD_IsoOUTIncomplete
                0x080057a0       0x20 ..\obj\usbd_core.o
 .text.main     0x080057c0       0x14 ..\obj\main.o
                0x080057c0                main
 .text.vApplicationTickHook
                0x080057d4       0x24 ..\obj\main.o
                0x080057d4                vApplicationTickHook
 .text.vApplicationMallocFailedHook
                0x080057f8        0x8 ..\obj\main.o
                0x080057f8                vApplicationMallocFailedHook
 .text.vApplicationStackOverflowHook
                0x08005800        0xc ..\obj\main.o
                0x08005800                vApplicationStackOverflowHook
 .text.vApplicationIdleHook
                0x0800580c       0x18 ..\obj\main.o
                0x0800580c                vApplicationIdleHook
 .text.usMBCRC16
                0x08005824       0x6c ..\obj\mbcrc.o
                0x08005824                usMBCRC16
 .text.RCC_LSEConfig
                0x08005890       0x40 ..\obj\stm32f4xx_rcc.o
                0x08005890                RCC_LSEConfig
 .text.RCC_GetClocksFreq
                0x080058d0      0x154 ..\obj\stm32f4xx_rcc.o
                0x080058d0                RCC_GetClocksFreq
 .text.RCC_RTCCLKConfig
                0x08005a24       0x5c ..\obj\stm32f4xx_rcc.o
                0x08005a24                RCC_RTCCLKConfig
 .text.RCC_RTCCLKCmd
                0x08005a80       0x20 ..\obj\stm32f4xx_rcc.o
                0x08005a80                RCC_RTCCLKCmd
 .text.RCC_AHB1PeriphClockCmd
                0x08005aa0       0x3c ..\obj\stm32f4xx_rcc.o
                0x08005aa0                RCC_AHB1PeriphClockCmd
 .text.RCC_AHB2PeriphClockCmd
                0x08005adc       0x3c ..\obj\stm32f4xx_rcc.o
                0x08005adc                RCC_AHB2PeriphClockCmd
 .text.RCC_APB1PeriphClockCmd
                0x08005b18       0x3c ..\obj\stm32f4xx_rcc.o
                0x08005b18                RCC_APB1PeriphClockCmd
 .text.RCC_APB2PeriphClockCmd
                0x08005b54       0x3c ..\obj\stm32f4xx_rcc.o
                0x08005b54                RCC_APB2PeriphClockCmd
 .text.RCC_APB1PeriphResetCmd
                0x08005b90       0x3c ..\obj\stm32f4xx_rcc.o
                0x08005b90                RCC_APB1PeriphResetCmd
 .text.RCC_GetFlagStatus
                0x08005bcc       0x74 ..\obj\stm32f4xx_rcc.o
                0x08005bcc                RCC_GetFlagStatus
 .text.eMBFuncReadFile
                0x08005c40      0x204 ..\obj\mbfuncfile.o
                0x08005c40                eMBFuncReadFile
 .text.xTimerCreateTimerTask
                0x08005e44       0x68 ..\obj\timers.o
                0x08005e44                xTimerCreateTimerTask
 .text.xTimerGenericCommand
                0x08005eac       0xa4 ..\obj\timers.o
                0x08005eac                xTimerGenericCommand
 .text.prvProcessExpiredTimer
                0x08005f50       0x80 ..\obj\timers.o
 .text.prvTimerTask
                0x08005fd0       0x24 ..\obj\timers.o
 .text.prvProcessTimerOrBlockTask
                0x08005ff4       0x9c ..\obj\timers.o
 .text.prvGetNextExpireTime
                0x08006090       0x48 ..\obj\timers.o
 .text.prvSampleTimeNow
                0x080060d8       0x40 ..\obj\timers.o
 .text.prvInsertTimerInActiveList
                0x08006118       0x84 ..\obj\timers.o
 .text.prvProcessReceivedCommands
                0x0800619c      0x12c ..\obj\timers.o
 .text.prvSwitchTimerLists
                0x080062c8       0xc0 ..\obj\timers.o
 .text.prvCheckForValidListAndQueue
                0x08006388       0x8c ..\obj\timers.o
 .text.Log_Read_LogEntry
                0x08006414       0x48 ..\obj\log.o
                0x08006414                Log_Read_LogEntry
 .text.eMBFuncReadInputRegister
                0x0800645c       0xe8 ..\obj\mbfuncinput.o
                0x0800645c                eMBFuncReadInputRegister
 .text.Watchdog_Init
                0x08006544       0x74 ..\obj\watchdog.o
                0x08006544                Watchdog_Init
 .text.Watchdog_SetTaskStatus
                0x080065b8       0x30 ..\obj\watchdog.o
                0x080065b8                Watchdog_SetTaskStatus
 .text.Watchdog_IncrementCouter
                0x080065e8       0x30 ..\obj\watchdog.o
                0x080065e8                Watchdog_IncrementCouter
 .text.Watchdog_Task
                0x08006618       0x74 ..\obj\watchdog.o
 .text.xTaskGenericCreate
                0x0800668c      0x1a4 ..\obj\tasks.o
                0x0800668c                xTaskGenericCreate
 .text.vTaskDelayUntil
                0x08006830      0x11c ..\obj\tasks.o
                0x08006830                vTaskDelayUntil
 .text.vTaskDelay
                0x0800694c       0xa4 ..\obj\tasks.o
                0x0800694c                vTaskDelay
 .text.vTaskStartScheduler
                0x080069f0       0x98 ..\obj\tasks.o
                0x080069f0                vTaskStartScheduler
 .text.vTaskSuspendAll
                0x08006a88       0x1c ..\obj\tasks.o
                0x08006a88                vTaskSuspendAll
 .text.xTaskResumeAll
                0x08006aa4      0x12c ..\obj\tasks.o
                0x08006aa4                xTaskResumeAll
 .text.xTaskGetTickCount
                0x08006bd0       0x20 ..\obj\tasks.o
                0x08006bd0                xTaskGetTickCount
 .text.xTaskIncrementTick
                0x08006bf0      0x190 ..\obj\tasks.o
                0x08006bf0                xTaskIncrementTick
 .text.vTaskSwitchContext
                0x08006d80       0xfc ..\obj\tasks.o
                0x08006d80                vTaskSwitchContext
 .text.vTaskPlaceOnEventList
                0x08006e7c       0x9c ..\obj\tasks.o
                0x08006e7c                vTaskPlaceOnEventList
 .text.vTaskPlaceOnEventListRestricted
                0x08006f18       0x9c ..\obj\tasks.o
                0x08006f18                vTaskPlaceOnEventListRestricted
 .text.xTaskRemoveFromEventList
                0x08006fb4       0xc8 ..\obj\tasks.o
                0x08006fb4                xTaskRemoveFromEventList
 .text.vTaskSetTimeOutState
                0x0800707c       0x44 ..\obj\tasks.o
                0x0800707c                vTaskSetTimeOutState
 .text.xTaskCheckForTimeOut
                0x080070c0       0xbc ..\obj\tasks.o
                0x080070c0                xTaskCheckForTimeOut
 .text.vTaskMissedYield
                0x0800717c       0x18 ..\obj\tasks.o
                0x0800717c                vTaskMissedYield
 .text.prvIdleTask
                0x08007194       0x34 ..\obj\tasks.o
 .text.prvInitialiseTCBVariables
                0x080071c8       0xa4 ..\obj\tasks.o
 .text.prvInitialiseTaskLists
                0x0800726c       0x7c ..\obj\tasks.o
 .text.prvCheckTasksWaitingTermination
                0x080072e8       0x74 ..\obj\tasks.o
 .text.prvAddCurrentTaskToDelayedList
                0x0800735c       0x6c ..\obj\tasks.o
 .text.prvAllocateTCBAndStack
                0x080073c8       0x70 ..\obj\tasks.o
 .text.prvDeleteTCB
                0x08007438       0x20 ..\obj\tasks.o
 .text.prvResetNextTaskUnblockTime
                0x08007458       0x48 ..\obj\tasks.o
 .text.xTaskGetSchedulerState
                0x080074a0       0x3c ..\obj\tasks.o
                0x080074a0                xTaskGetSchedulerState
 .text.vTaskPriorityInherit
                0x080074dc       0xf0 ..\obj\tasks.o
                0x080074dc                vTaskPriorityInherit
 .text.xTaskPriorityDisinherit
                0x080075cc      0x10c ..\obj\tasks.o
                0x080075cc                xTaskPriorityDisinherit
 .text.pvTaskIncrementMutexHeldCount
                0x080076d8       0x28 ..\obj\tasks.o
                0x080076d8                pvTaskIncrementMutexHeldCount
 .text.USBD_USR_DeviceDescriptor
                0x08007700       0x24 ..\obj\usbd_desc.o
                0x08007700                USBD_USR_DeviceDescriptor
 .text.USBD_USR_LangIDStrDescriptor
                0x08007724       0x24 ..\obj\usbd_desc.o
                0x08007724                USBD_USR_LangIDStrDescriptor
 .text.USBD_USR_ProductStrDescriptor
                0x08007748       0x40 ..\obj\usbd_desc.o
                0x08007748                USBD_USR_ProductStrDescriptor
 .text.USBD_USR_ManufacturerStrDescriptor
                0x08007788       0x28 ..\obj\usbd_desc.o
                0x08007788                USBD_USR_ManufacturerStrDescriptor
 .text.USBD_USR_SerialStrDescriptor
                0x080077b0       0x40 ..\obj\usbd_desc.o
                0x080077b0                USBD_USR_SerialStrDescriptor
 .text.USBD_USR_ConfigStrDescriptor
                0x080077f0       0x3c ..\obj\usbd_desc.o
                0x080077f0                USBD_USR_ConfigStrDescriptor
 .text.USBD_USR_InterfaceStrDescriptor
                0x0800782c       0x3c ..\obj\usbd_desc.o
                0x0800782c                USBD_USR_InterfaceStrDescriptor
 .text.FRAM_I2C_Init
                0x08007868       0xa8 ..\obj\fram_i2c.o
                0x08007868                FRAM_I2C_Init
 .text.FRAM_I2C_Reset
                0x08007910      0x144 ..\obj\fram_i2c.o
                0x08007910                FRAM_I2C_Reset
 .text.FRAM_I2C_Read_Buffer
                0x08007a54      0x508 ..\obj\fram_i2c.o
                0x08007a54                FRAM_I2C_Read_Buffer
 .text.FRAM_I2C_Write_Buffer
                0x08007f5c      0x1f4 ..\obj\fram_i2c.o
                0x08007f5c                FRAM_I2C_Write_Buffer
 .text.FRAM_Read_Settings
                0x08008150       0x8c ..\obj\fram_i2c.o
                0x08008150                FRAM_Read_Settings
 .text.FRAM_Write_Settings
                0x080081dc       0x60 ..\obj\fram_i2c.o
                0x080081dc                FRAM_Write_Settings
 .text.GPIO_Init
                0x0800823c      0x11c ..\obj\stm32f4xx_gpio.o
                0x0800823c                GPIO_Init
 .text.GPIO_ReadInputDataBit
                0x08008358       0x34 ..\obj\stm32f4xx_gpio.o
                0x08008358                GPIO_ReadInputDataBit
 .text.GPIO_PinAFConfig
                0x0800838c       0x90 ..\obj\stm32f4xx_gpio.o
                0x0800838c                GPIO_PinAFConfig
 .text.RS485TimersInit
                0x0800841c       0xa0 ..\obj\porttimer.o
                0x0800841c                RS485TimersInit
 .text.RS485TimersEnable
                0x080084bc       0x2c ..\obj\porttimer.o
                0x080084bc                RS485TimersEnable
 .text.RS485TimersDisable
                0x080084e8       0x2c ..\obj\porttimer.o
                0x080084e8                RS485TimersDisable
 .text.TIM4_IRQHandler
                0x08008514       0x34 ..\obj\porttimer.o
                0x08008514                TIM4_IRQHandler
 .text.RS485TimerContextInit
                0x08008548       0x50 ..\obj\porttimer.o
                0x08008548                RS485TimerContextInit
 .text.RS232TimersInit
                0x08008598       0xa0 ..\obj\porttimer.o
                0x08008598                RS232TimersInit
 .text.RS232TimersEnable
                0x08008638       0x2c ..\obj\porttimer.o
                0x08008638                RS232TimersEnable
 .text.RS232TimersDisable
                0x08008664       0x2c ..\obj\porttimer.o
                0x08008664                RS232TimersDisable
 .text.TIM5_IRQHandler
                0x08008690       0x34 ..\obj\porttimer.o
                0x08008690                TIM5_IRQHandler
 .text.RS232TimerContextInit
                0x080086c4       0x50 ..\obj\porttimer.o
                0x080086c4                RS232TimerContextInit
 .text.USB_CDC_TimersInit
                0x08008714       0xa0 ..\obj\porttimer.o
                0x08008714                USB_CDC_TimersInit
 .text.USB_CDC_TimersEnable
                0x080087b4       0x2c ..\obj\porttimer.o
                0x080087b4                USB_CDC_TimersEnable
 .text.USB_CDC_TimersDisable
                0x080087e0       0x2c ..\obj\porttimer.o
                0x080087e0                USB_CDC_TimersDisable
 .text.TIM1_UP_TIM10_IRQHandler
                0x0800880c       0x34 ..\obj\porttimer.o
                0x0800880c                TIM1_UP_TIM10_IRQHandler
 .text.USB_CDC_TimerContextInit
                0x08008840       0x50 ..\obj\porttimer.o
                0x08008840                USB_CDC_TimerContextInit
 .text.VCP_Init
                0x08008890       0x10 ..\obj\usbd_cdc_vcp.o
 .text.VCP_DeInit
                0x080088a0       0x10 ..\obj\usbd_cdc_vcp.o
 .text.VCP_Ctrl
                0x080088b0       0xb8 ..\obj\usbd_cdc_vcp.o
 .text.VCP_DataTx
                0x08008968       0x60 ..\obj\usbd_cdc_vcp.o
                0x08008968                VCP_DataTx
 .text.VCP_DataRx
                0x080089c8       0x70 ..\obj\usbd_cdc_vcp.o
                0x080089c8                VCP_DataRx
 .text.VCP_get_char
                0x08008a38       0x58 ..\obj\usbd_cdc_vcp.o
                0x08008a38                VCP_get_char
 .text.vListInitialise
                0x08008a90       0x40 ..\obj\list.o
                0x08008a90                vListInitialise
 .text.vListInitialiseItem
                0x08008ad0       0x18 ..\obj\list.o
                0x08008ad0                vListInitialiseItem
 .text.vListInsertEnd
                0x08008ae8       0x48 ..\obj\list.o
                0x08008ae8                vListInsertEnd
 .text.vListInsert
                0x08008b30       0x70 ..\obj\list.o
                0x08008b30                vListInsert
 .text.uxListRemove
                0x08008ba0       0x54 ..\obj\list.o
                0x08008ba0                uxListRemove
 .text.eMBRTUInit
                0x08008bf4       0x80 ..\obj\mbrtu.o
                0x08008bf4                eMBRTUInit
 .text.eMBRTUStart
                0x08008c74       0x30 ..\obj\mbrtu.o
                0x08008c74                eMBRTUStart
 .text.eMBRTUStop
                0x08008ca4       0x28 ..\obj\mbrtu.o
                0x08008ca4                eMBRTUStop
 .text.eMBRTUReceive
                0x08008ccc       0x7c ..\obj\mbrtu.o
                0x08008ccc                eMBRTUReceive
 .text.eMBRTUSend
                0x08008d48       0xd0 ..\obj\mbrtu.o
                0x08008d48                eMBRTUSend
 .text.xMBRTUReceiveFSM
                0x08008e18       0xc0 ..\obj\mbrtu.o
                0x08008e18                xMBRTUReceiveFSM
 .text.xMBRTUTransmitFSM
                0x08008ed8       0x9c ..\obj\mbrtu.o
                0x08008ed8                xMBRTUTransmitFSM
 .text.xMBRTUTimerT35Expired
                0x08008f74       0x58 ..\obj\mbrtu.o
                0x08008f74                xMBRTUTimerT35Expired
 .text.SystemInit
                0x08008fcc       0x68 ..\obj\system_stm32f4xx.o
                0x08008fcc                SystemInit
 .text.SetSysClock
                0x08009034       0xf4 ..\obj\system_stm32f4xx.o
 .text.DMA_ClearFlag
                0x08009128       0x5c ..\obj\stm32f4xx_dma.o
                0x08009128                DMA_ClearFlag
 .text.USB_OTG_BSP_Init
                0x08009184       0xa0 ..\obj\usb_bsp.o
                0x08009184                USB_OTG_BSP_Init
 .text.USB_OTG_BSP_EnableInterrupt
                0x08009224       0x30 ..\obj\usb_bsp.o
                0x08009224                USB_OTG_BSP_EnableInterrupt
 .text.USB_OTG_BSP_uDelay
                0x08009254       0x48 ..\obj\usb_bsp.o
                0x08009254                USB_OTG_BSP_uDelay
 .text.USB_OTG_BSP_mDelay
                0x0800929c       0x20 ..\obj\usb_bsp.o
                0x0800929c                USB_OTG_BSP_mDelay
 .text.OTG_FS_WKUP_IRQHandler
                0x080092bc       0x34 ..\obj\usb_bsp.o
                0x080092bc                OTG_FS_WKUP_IRQHandler
 .text.OTG_FS_IRQHandler
                0x080092f0       0x10 ..\obj\usb_bsp.o
                0x080092f0                OTG_FS_IRQHandler
 .text.USBD_StdDevReq
                0x08009300       0xa0 ..\obj\usbd_req.o
                0x08009300                USBD_StdDevReq
 .text.USBD_StdItfReq
                0x080093a0       0x68 ..\obj\usbd_req.o
                0x080093a0                USBD_StdItfReq
 .text.USBD_StdEPReq
                0x08009408      0x1b0 ..\obj\usbd_req.o
                0x08009408                USBD_StdEPReq
 .text.USBD_GetDescriptor
                0x080095b8      0x1b8 ..\obj\usbd_req.o
 .text.USBD_SetAddress
                0x08009770       0x7c ..\obj\usbd_req.o
 .text.USBD_SetConfig
                0x080097ec       0xf4 ..\obj\usbd_req.o
 .text.USBD_GetConfig
                0x080098e0       0x60 ..\obj\usbd_req.o
 .text.USBD_GetStatus
                0x08009940       0x50 ..\obj\usbd_req.o
 .text.USBD_SetFeature
                0x08009990       0xcc ..\obj\usbd_req.o
 .text.USBD_ClrFeature
                0x08009a5c       0x50 ..\obj\usbd_req.o
 .text.USBD_ParseSetupRequest
                0x08009aac       0x90 ..\obj\usbd_req.o
                0x08009aac                USBD_ParseSetupRequest
 .text.USBD_CtlError
                0x08009b3c       0x48 ..\obj\usbd_req.o
                0x08009b3c                USBD_CtlError
 .text.USBD_GetString
                0x08009b84       0x84 ..\obj\usbd_req.o
                0x08009b84                USBD_GetString
 .text.USBD_GetLen
                0x08009c08       0x30 ..\obj\usbd_req.o
 .text.pxPortInitialiseStack
                0x08009c38       0x64 ..\obj\port.o
                0x08009c38                pxPortInitialiseStack
 .text.prvTaskExitError
                0x08009c9c       0x3c ..\obj\port.o
 .text.SVC_Handler
                0x08009cd8       0x20 ..\obj\port.o
                0x08009cd8                SVC_Handler
 .text.prvPortStartFirstTask
                0x08009cf8       0x20 ..\obj\port.o
 .text.xPortStartScheduler
                0x08009d18      0x118 ..\obj\port.o
                0x08009d18                xPortStartScheduler
 .text.vPortEnterCritical
                0x08009e30       0x5c ..\obj\port.o
                0x08009e30                vPortEnterCritical
 .text.vPortExitCritical
                0x08009e8c       0x4c ..\obj\port.o
                0x08009e8c                vPortExitCritical
 .text.PendSV_Handler
                0x08009ed8       0x60 ..\obj\port.o
                0x08009ed8                PendSV_Handler
 .text.SysTick_Handler
                0x08009f38       0x44 ..\obj\port.o
                0x08009f38                SysTick_Handler
 .text.vPortSetupTimerInterrupt
                0x08009f7c       0x24 ..\obj\port.o
                0x08009f7c                vPortSetupTimerInterrupt
 .text.vPortEnableVFP
                0x08009fa0       0x14 ..\obj\port.o
 .text.vPortValidateInterruptPriority
                0x08009fb4       0x78 ..\obj\port.o
                0x08009fb4                vPortValidateInterruptPriority
 .text.xQueueGenericReset
                0x0800a02c       0xd0 ..\obj\queue.o
                0x0800a02c                xQueueGenericReset
 .text.xQueueGenericCreate
                0x0800a0fc       0xb4 ..\obj\queue.o
                0x0800a0fc                xQueueGenericCreate
 .text.xQueueCreateMutex
                0x0800a1b0       0x84 ..\obj\queue.o
                0x0800a1b0                xQueueCreateMutex
 .text.xQueueGenericSend
                0x0800a234      0x1ec ..\obj\queue.o
                0x0800a234                xQueueGenericSend
 .text.xQueueGenericSendFromISR
                0x0800a420      0x118 ..\obj\queue.o
                0x0800a420                xQueueGenericSendFromISR
 .text.xQueueGenericReceive
                0x0800a538      0x20c ..\obj\queue.o
                0x0800a538                xQueueGenericReceive
 .text.prvCopyDataToQueue
                0x0800a744       0xdc ..\obj\queue.o
 .text.prvCopyDataFromQueue
                0x0800a820       0x4c ..\obj\queue.o
 .text.prvUnlockQueue
                0x0800a86c       0x98 ..\obj\queue.o
 .text.prvIsQueueEmpty
                0x0800a904       0x2c ..\obj\queue.o
 .text.prvIsQueueFull
                0x0800a930       0x30 ..\obj\queue.o
 .text.vQueueAddToRegistry
                0x0800a960       0x50 ..\obj\queue.o
                0x0800a960                vQueueAddToRegistry
 .text.vQueueWaitForMessageRestricted
                0x0800a9b0       0x5c ..\obj\queue.o
                0x0800a9b0                vQueueWaitForMessageRestricted
 .text.USBD_OTG_ISR_Handler
                0x0800aa0c      0x15c ..\obj\usb_dcd_int.o
                0x0800aa0c                USBD_OTG_ISR_Handler
 .text.DCD_HandleResume_ISR
                0x0800ab68       0x80 ..\obj\usb_dcd_int.o
 .text.DCD_HandleUSBSuspend_ISR
                0x0800abe8       0x9c ..\obj\usb_dcd_int.o
 .text.DCD_HandleInEP_ISR
                0x0800ac84      0x1ec ..\obj\usb_dcd_int.o
 .text.DCD_HandleOutEP_ISR
                0x0800ae70      0x178 ..\obj\usb_dcd_int.o
 .text.DCD_HandleSof_ISR
                0x0800afe8       0x34 ..\obj\usb_dcd_int.o
 .text.DCD_HandleRxStatusQueueLevel_ISR
                0x0800b01c      0x104 ..\obj\usb_dcd_int.o
 .text.DCD_WriteEmptyTxFifo
                0x0800b120      0x110 ..\obj\usb_dcd_int.o
 .text.DCD_HandleUsbReset_ISR
                0x0800b230      0x138 ..\obj\usb_dcd_int.o
 .text.DCD_HandleEnumDone_ISR
                0x0800b368       0x78 ..\obj\usb_dcd_int.o
 .text.DCD_IsoINIncomplete_ISR
                0x0800b3e0       0x34 ..\obj\usb_dcd_int.o
 .text.DCD_IsoOUTIncomplete_ISR
                0x0800b414       0x34 ..\obj\usb_dcd_int.o
 .text.DCD_ReadDevInEP
                0x0800b448       0x50 ..\obj\usb_dcd_int.o
 .text.NVIC_EnableIRQ
                0x0800b498       0x30 ..\obj\portserial.o
 .text.RS485SerialEnable
                0x0800b4c8      0x100 ..\obj\portserial.o
                0x0800b4c8                RS485SerialEnable
 .text.RS485SerialInit
                0x0800b5c8      0x110 ..\obj\portserial.o
                0x0800b5c8                RS485SerialInit
 .text.RS485SerialPutByte
                0x0800b6d8       0x38 ..\obj\portserial.o
                0x0800b6d8                RS485SerialPutByte
 .text.RS485SerialGetByte
                0x0800b710       0x30 ..\obj\portserial.o
                0x0800b710                RS485SerialGetByte
 .text.USART3_IRQHandler
                0x0800b740       0x94 ..\obj\portserial.o
                0x0800b740                USART3_IRQHandler
 .text.RS485SerialContextInit
                0x0800b7d4       0x5c ..\obj\portserial.o
                0x0800b7d4                RS485SerialContextInit
 .text.RS232SerialEnable
                0x0800b830       0x7c ..\obj\portserial.o
                0x0800b830                RS232SerialEnable
 .text.RS232SerialInit
                0x0800b8ac       0xe4 ..\obj\portserial.o
                0x0800b8ac                RS232SerialInit
 .text.RS232SerialPutByte
                0x0800b990       0x38 ..\obj\portserial.o
                0x0800b990                RS232SerialPutByte
 .text.RS232SerialGetByte
                0x0800b9c8       0x30 ..\obj\portserial.o
                0x0800b9c8                RS232SerialGetByte
 .text.USART6_IRQHandler
                0x0800b9f8       0x94 ..\obj\portserial.o
                0x0800b9f8                USART6_IRQHandler
 .text.RS232SerialContextInit
                0x0800ba8c       0x5c ..\obj\portserial.o
                0x0800ba8c                RS232SerialContextInit
 .text.USB_CDC_SerialPutByte
                0x0800bae8       0x30 ..\obj\portserial.o
                0x0800bae8                USB_CDC_SerialPutByte
 .text.USB_CDC_SerialGetByte
                0x0800bb18       0x24 ..\obj\portserial.o
                0x0800bb18                USB_CDC_SerialGetByte
 .text.USB_CDC_SerialInit
                0x0800bb3c       0x78 ..\obj\portserial.o
                0x0800bb3c                USB_CDC_SerialInit
 .text.USB_CDC_SerialEnable
                0x0800bbb4       0x40 ..\obj\portserial.o
                0x0800bbb4                USB_CDC_SerialEnable
 .text.USB_CDC_SerialContextInit
                0x0800bbf4       0x5c ..\obj\portserial.o
                0x0800bbf4                USB_CDC_SerialContextInit
 .text.USB_CDC_Task
                0x0800bc50       0x3c ..\obj\portserial.o
 .text.usbd_cdc_Init
                0x0800bc8c       0x9c ..\obj\usbd_cdc_core.o
 .text.usbd_cdc_DeInit
                0x0800bd28       0x38 ..\obj\usbd_cdc_core.o
 .text.usbd_cdc_Setup
                0x0800bd60      0x124 ..\obj\usbd_cdc_core.o
 .text.usbd_cdc_EP0_RxReady
                0x0800be84       0x44 ..\obj\usbd_cdc_core.o
 .text.usbd_cdc_DataIn
                0x0800bec8       0xc4 ..\obj\usbd_cdc_core.o
 .text.usbd_cdc_DataOut
                0x0800bf8c       0x54 ..\obj\usbd_cdc_core.o
 .text.usbd_cdc_SOF
                0x0800bfe0       0x30 ..\obj\usbd_cdc_core.o
 .text.Handle_USBAsynchXfer
                0x0800c010      0x100 ..\obj\usbd_cdc_core.o
 .text.USBD_cdc_GetCfgDesc
                0x0800c110       0x24 ..\obj\usbd_cdc_core.o
 .text.SPI_Init
                0x0800c134       0x88 ..\obj\stm32f4xx_spi.o
                0x0800c134                SPI_Init
 .text.SPI_Cmd  0x0800c1bc       0x40 ..\obj\stm32f4xx_spi.o
                0x0800c1bc                SPI_Cmd
 .text.SPI_CalculateCRC
                0x0800c1fc       0x40 ..\obj\stm32f4xx_spi.o
                0x0800c1fc                SPI_CalculateCRC
 .text.eMBFuncReadCoils
                0x0800c23c      0x104 ..\obj\mbfunccoils.o
                0x0800c23c                eMBFuncReadCoils
 .text.eMBFuncWriteCoil
                0x0800c340       0xb0 ..\obj\mbfunccoils.o
                0x0800c340                eMBFuncWriteCoil
 .text.eMBFuncWriteMultipleCoils
                0x0800c3f0       0xd8 ..\obj\mbfunccoils.o
                0x0800c3f0                eMBFuncWriteMultipleCoils
 .text.ADS1220_Init
                0x0800c4c8       0xb4 ..\obj\ADS1220.o
                0x0800c4c8                ADS1220_Init
 .text.ADC_SPI_config
                0x0800c57c       0xf8 ..\obj\ADS1220.o
 .text.ADC_SPI_send
                0x0800c674       0x4c ..\obj\ADS1220.o
                0x0800c674                ADC_SPI_send
 .text.ADC_SPI_read
                0x0800c6c0       0x10 ..\obj\ADS1220.o
                0x0800c6c0                ADC_SPI_read
 .text.ADC_RTD1_Task
                0x0800c6d0      0x2ac ..\obj\ADS1220.o
 .text.ADC_RTD2_Task
                0x0800c97c      0x2ac ..\obj\ADS1220.o
 .text.ADC_Current1_Task
                0x0800cc28      0x394 ..\obj\ADS1220.o
 .text.ADC_Current2_Task
                0x0800cfbc      0x3a4 ..\obj\ADS1220.o
 .text.PT100_Code_To_Temperature
                0x0800d360      0x13c ..\obj\ADS1220.o
                0x0800d360                PT100_Code_To_Temperature
 .text.Code_To_Current
                0x0800d49c      0x10c ..\obj\ADS1220.o
                0x0800d49c                Code_To_Current
 .text.Current_to_Value
                0x0800d5a8       0xf0 ..\obj\ADS1220.o
                0x0800d5a8                Current_to_Value
 .text.FrequencyMeasureInit
                0x0800d698      0x244 ..\obj\frequency.o
                0x0800d698                FrequencyMeasureInit
 .text.EXTI4_IRQHandler
                0x0800d8dc       0x4c ..\obj\frequency.o
                0x0800d8dc                EXTI4_IRQHandler
 .text.EXTI9_5_IRQHandler
                0x0800d928       0xcc ..\obj\frequency.o
                0x0800d928                EXTI9_5_IRQHandler
 .text.TIM8_UP_TIM13_IRQHandler
                0x0800d9f4       0x38 ..\obj\frequency.o
                0x0800d9f4                TIM8_UP_TIM13_IRQHandler
 .text.TIM1_TRG_COM_TIM11_IRQHandler
                0x0800da2c       0xe0 ..\obj\frequency.o
                0x0800da2c                TIM1_TRG_COM_TIM11_IRQHandler
 .text.TIM8_TRG_COM_TIM14_IRQHandler
                0x0800db0c       0xe4 ..\obj\frequency.o
                0x0800db0c                TIM8_TRG_COM_TIM14_IRQHandler
 .text.I2C_DeInit
                0x0800dbf0       0x74 ..\obj\stm32f4xx_i2c.o
                0x0800dbf0                I2C_DeInit
 .text.I2C_Init
                0x0800dc64      0x184 ..\obj\stm32f4xx_i2c.o
                0x0800dc64                I2C_Init
 .text.I2C_Cmd  0x0800dde8       0x40 ..\obj\stm32f4xx_i2c.o
                0x0800dde8                I2C_Cmd
 .text.I2C_GenerateSTART
                0x0800de28       0x40 ..\obj\stm32f4xx_i2c.o
                0x0800de28                I2C_GenerateSTART
 .text.I2C_GenerateSTOP
                0x0800de68       0x40 ..\obj\stm32f4xx_i2c.o
                0x0800de68                I2C_GenerateSTOP
 .text.I2C_Send7bitAddress
                0x0800dea8       0x3c ..\obj\stm32f4xx_i2c.o
                0x0800dea8                I2C_Send7bitAddress
 .text.I2C_AcknowledgeConfig
                0x0800dee4       0x40 ..\obj\stm32f4xx_i2c.o
                0x0800dee4                I2C_AcknowledgeConfig
 .text.I2C_NACKPositionConfig
                0x0800df24       0x40 ..\obj\stm32f4xx_i2c.o
                0x0800df24                I2C_NACKPositionConfig
 .text.I2C_SendData
                0x0800df64       0x20 ..\obj\stm32f4xx_i2c.o
                0x0800df64                I2C_SendData
 .text.I2C_ReceiveData
                0x0800df84       0x1c ..\obj\stm32f4xx_i2c.o
                0x0800df84                I2C_ReceiveData
 .text.I2C_CheckEvent
                0x0800dfa0       0x60 ..\obj\stm32f4xx_i2c.o
                0x0800dfa0                I2C_CheckEvent
 .text.I2C_GetFlagStatus
                0x0800e000       0x68 ..\obj\stm32f4xx_i2c.o
                0x0800e000                I2C_GetFlagStatus
 .text.EXTI_Init
                0x0800e068       0xe4 ..\obj\stm32f4xx_exti.o
                0x0800e068                EXTI_Init
 .text.EXTI_GetITStatus
                0x0800e14c       0x48 ..\obj\stm32f4xx_exti.o
                0x0800e14c                EXTI_GetITStatus
 .text.EXTI_ClearITPendingBit
                0x0800e194       0x1c ..\obj\stm32f4xx_exti.o
                0x0800e194                EXTI_ClearITPendingBit
 .text.NVIC_PriorityGroupConfig
                0x0800e1b0       0x24 ..\obj\misc.o
                0x0800e1b0                NVIC_PriorityGroupConfig
 .text.NVIC_Init
                0x0800e1d4       0xc0 ..\obj\misc.o
                0x0800e1d4                NVIC_Init
 .text.DCD_Init
                0x0800e294      0x100 ..\obj\usb_dcd.o
                0x0800e294                DCD_Init
 .text.DCD_EP_Open
                0x0800e394       0xa8 ..\obj\usb_dcd.o
                0x0800e394                DCD_EP_Open
 .text.DCD_EP_Close
                0x0800e43c       0x70 ..\obj\usb_dcd.o
                0x0800e43c                DCD_EP_Close
 .text.DCD_EP_PrepareRx
                0x0800e4ac       0x84 ..\obj\usb_dcd.o
                0x0800e4ac                DCD_EP_PrepareRx
 .text.DCD_EP_Tx
                0x0800e530       0x78 ..\obj\usb_dcd.o
                0x0800e530                DCD_EP_Tx
 .text.DCD_EP_Stall
                0x0800e5a8       0x74 ..\obj\usb_dcd.o
                0x0800e5a8                DCD_EP_Stall
 .text.DCD_EP_ClrStall
                0x0800e61c       0x74 ..\obj\usb_dcd.o
                0x0800e61c                DCD_EP_ClrStall
 .text.DCD_EP_SetAddress
                0x0800e690       0x3c ..\obj\usb_dcd.o
                0x0800e690                DCD_EP_SetAddress
 .text.RTC_Init
                0x0800e6cc       0x78 ..\obj\stm32f4xx_rtc.o
                0x0800e6cc                RTC_Init
 .text.RTC_StructInit
                0x0800e744       0x24 ..\obj\stm32f4xx_rtc.o
                0x0800e744                RTC_StructInit
 .text.RTC_EnterInitMode
                0x0800e768       0x74 ..\obj\stm32f4xx_rtc.o
                0x0800e768                RTC_EnterInitMode
 .text.RTC_ExitInitMode
                0x0800e7dc       0x1c ..\obj\stm32f4xx_rtc.o
                0x0800e7dc                RTC_ExitInitMode
 .text.RTC_WaitForSynchro
                0x0800e7f8       0x78 ..\obj\stm32f4xx_rtc.o
                0x0800e7f8                RTC_WaitForSynchro
 .text.RTC_SetTime
                0x0800e870      0x104 ..\obj\stm32f4xx_rtc.o
                0x0800e870                RTC_SetTime
 .text.RTC_GetTime
                0x0800e974       0x9c ..\obj\stm32f4xx_rtc.o
                0x0800e974                RTC_GetTime
 .text.RTC_SetDate
                0x0800ea10      0x10c ..\obj\stm32f4xx_rtc.o
                0x0800ea10                RTC_SetDate
 .text.RTC_GetDate
                0x0800eb1c       0x9c ..\obj\stm32f4xx_rtc.o
                0x0800eb1c                RTC_GetDate
 .text.RTC_WriteBackupRegister
                0x0800ebb8       0x34 ..\obj\stm32f4xx_rtc.o
                0x0800ebb8                RTC_WriteBackupRegister
 .text.RTC_ByteToBcd2
                0x0800ebec       0x3c ..\obj\stm32f4xx_rtc.o
 .text.RTC_Bcd2ToByte
                0x0800ec28       0x38 ..\obj\stm32f4xx_rtc.o
 .text.USBD_CtlSendData
                0x0800ec60       0x40 ..\obj\usbd_ioreq.o
                0x0800ec60                USBD_CtlSendData
 .text.USBD_CtlContinueSendData
                0x0800eca0       0x28 ..\obj\usbd_ioreq.o
                0x0800eca0                USBD_CtlContinueSendData
 .text.USBD_CtlPrepareRx
                0x0800ecc8       0x40 ..\obj\usbd_ioreq.o
                0x0800ecc8                USBD_CtlPrepareRx
 .text.USBD_CtlContinueRx
                0x0800ed08       0x28 ..\obj\usbd_ioreq.o
                0x0800ed08                USBD_CtlContinueRx
 .text.USBD_CtlSendStatus
                0x0800ed30       0x30 ..\obj\usbd_ioreq.o
                0x0800ed30                USBD_CtlSendStatus
 .text.USBD_CtlReceiveStatus
                0x0800ed60       0x30 ..\obj\usbd_ioreq.o
                0x0800ed60                USBD_CtlReceiveStatus
 .text.pvPortMalloc
                0x0800ed90      0x124 ..\obj\heap_2.o
                0x0800ed90                pvPortMalloc
 .text.vPortFree
                0x0800eeb4       0x70 ..\obj\heap_2.o
                0x0800eeb4                vPortFree
 .text.xPortGetFreeHeapSize
                0x0800ef24       0x18 ..\obj\heap_2.o
                0x0800ef24                xPortGetFreeHeapSize
 .text.prvHeapInit
                0x0800ef3c       0x50 ..\obj\heap_2.o
 .text.ControllerInit
                0x0800ef8c       0x60 ..\obj\controller.o
                0x0800ef8c                ControllerInit
 .text.Controller_RestoreSettings
                0x0800efec      0x180 ..\obj\controller.o
                0x0800efec                Controller_RestoreSettings
 .text.TIM_TimeBaseInit
                0x0800f16c       0xd4 ..\obj\stm32f4xx_tim.o
                0x0800f16c                TIM_TimeBaseInit
 .text.TIM_TimeBaseStructInit
                0x0800f240       0x34 ..\obj\stm32f4xx_tim.o
                0x0800f240                TIM_TimeBaseStructInit
 .text.TIM_SetCounter
                0x0800f274       0x1c ..\obj\stm32f4xx_tim.o
                0x0800f274                TIM_SetCounter
 .text.TIM_ARRPreloadConfig
                0x0800f290       0x40 ..\obj\stm32f4xx_tim.o
                0x0800f290                TIM_ARRPreloadConfig
 .text.TIM_Cmd  0x0800f2d0       0x40 ..\obj\stm32f4xx_tim.o
                0x0800f2d0                TIM_Cmd
 .text.TIM_ITConfig
                0x0800f310       0x48 ..\obj\stm32f4xx_tim.o
                0x0800f310                TIM_ITConfig
 .text.TIM_GetITStatus
                0x0800f358       0x54 ..\obj\stm32f4xx_tim.o
                0x0800f358                TIM_GetITStatus
 .text.TIM_ClearITPendingBit
                0x0800f3ac       0x20 ..\obj\stm32f4xx_tim.o
                0x0800f3ac                TIM_ClearITPendingBit
 .text.TIM_ETRClockMode2Config
                0x0800f3cc       0x3c ..\obj\stm32f4xx_tim.o
                0x0800f3cc                TIM_ETRClockMode2Config
 .text.TIM_ETRConfig
                0x0800f408       0x54 ..\obj\stm32f4xx_tim.o
                0x0800f408                TIM_ETRConfig
 .text.NVIC_SystemReset
                0x0800f45c       0x28 ..\obj\power_detector.o
 .text.Power_Detector_Init
                0x0800f484       0x68 ..\obj\power_detector.o
                0x0800f484                Power_Detector_Init
 .text.PVD_IRQHandler
                0x0800f4ec       0x20 ..\obj\power_detector.o
                0x0800f4ec                PVD_IRQHandler
 .text          0x0800f50c      0x134 C:\Program Files\GNU Tools ARM Embedded\4.9 2015q2\arm-none-eabi\lib\armv7e-m\fpu\libc.a(lib_a-memcpy.o)
                0x0800f50c                memcpy
 .text.memset   0x0800f640       0x9c C:\Program Files\GNU Tools ARM Embedded\4.9 2015q2\arm-none-eabi\lib\armv7e-m\fpu\libc.a(lib_a-memset.o)
                0x0800f640                memset
 .text.sqrtf    0x0800f6dc       0xb8 C:\Program Files\GNU Tools ARM Embedded\4.9 2015q2\arm-none-eabi\lib\armv7e-m\fpu\libm.a(lib_a-wf_sqrt.o)
                0x0800f6dc                sqrtf
 .text.__ieee754_sqrtf
                0x0800f794       0xa4 C:\Program Files\GNU Tools ARM Embedded\4.9 2015q2\arm-none-eabi\lib\armv7e-m\fpu\libm.a(lib_a-ef_sqrt.o)
                0x0800f794                __ieee754_sqrtf
 .text.matherr  0x0800f838        0x4 C:\Program Files\GNU Tools ARM Embedded\4.9 2015q2\arm-none-eabi\lib\armv7e-m\fpu\libm.a(lib_a-s_matherr.o)
                0x0800f838                matherr
 .text.__fpclassifyf
                0x0800f83c       0x38 C:\Program Files\GNU Tools ARM Embedded\4.9 2015q2\arm-none-eabi\lib\armv7e-m\fpu\libm.a(lib_a-sf_fpclassify.o)
                0x0800f83c                __fpclassifyf
 .text.__errno  0x0800f874        0xc C:\Program Files\GNU Tools ARM Embedded\4.9 2015q2\arm-none-eabi\lib\armv7e-m\fpu\libg.a(lib_a-errno.o)
                0x0800f874                __errno
 .text          0x0800f880      0x370 c:/program files/gnu tools arm embedded/4.9 2015q2/bin/../lib/gcc/arm-none-eabi/4.9.3/armv7e-m/fpu\libgcc.a(_arm_addsubdf3.o)
                0x0800f880                __aeabi_drsub
                0x0800f888                __aeabi_dsub
                0x0800f888                __subdf3
                0x0800f88c                __aeabi_dadd
                0x0800f88c                __adddf3
                0x0800fb04                __floatunsidf
                0x0800fb04                __aeabi_ui2d
                0x0800fb24                __floatsidf
                0x0800fb24                __aeabi_i2d
                0x0800fb48                __aeabi_f2d
                0x0800fb48                __extendsfdf2
                0x0800fb84                __floatundidf
                0x0800fb84                __aeabi_ul2d
                0x0800fb94                __floatdidf
                0x0800fb94                __aeabi_l2d
 .text          0x0800fbf0      0x424 c:/program files/gnu tools arm embedded/4.9 2015q2/bin/../lib/gcc/arm-none-eabi/4.9.3/armv7e-m/fpu\libgcc.a(_arm_muldivdf3.o)
                0x0800fbf0                __aeabi_dmul
                0x0800fbf0                __muldf3
                0x0800fe44                __divdf3
                0x0800fe44                __aeabi_ddiv
 .text          0x08010014       0xa0 c:/program files/gnu tools arm embedded/4.9 2015q2/bin/../lib/gcc/arm-none-eabi/4.9.3/armv7e-m/fpu\libgcc.a(_arm_truncdfsf2.o)
                0x08010014                __truncdfsf2
                0x08010014                __aeabi_d2f
 .text          0x080100b4      0x21c c:/program files/gnu tools arm embedded/4.9 2015q2/bin/../lib/gcc/arm-none-eabi/4.9.3/armv7e-m/fpu\libgcc.a(_arm_addsubsf3.o)
                0x080100b4                __aeabi_frsub
                0x080100bc                __subsf3
                0x080100bc                __aeabi_fsub
                0x080100c0                __aeabi_fadd
                0x080100c0                __addsf3
                0x08010220                __aeabi_ui2f
                0x08010220                __floatunsisf
                0x08010228                __aeabi_i2f
                0x08010228                __floatsisf
                0x08010244                __aeabi_ul2f
                0x08010244                __floatundisf
                0x08010254                __aeabi_l2f
                0x08010254                __floatdisf
 *(.init)
 *(.fini)
 *crtbegin.o(.ctors)
 *crtbegin?.o(.ctors)
 *(EXCLUDE_FILE(*crtend.o *crtend?.o) .ctors)
 *(SORT(.ctors.*))
 *(.ctors)
 *crtbegin.o(.dtors)
 *crtbegin?.o(.dtors)
 *(EXCLUDE_FILE(*crtend.o *crtend?.o) .dtors)
 *(SORT(.dtors.*))
 *(.dtors)
 *(.rodata*)
 .rodata        0x080102d0        0xa ..\obj\calc.o
 *fill*         0x080102da        0x2 
 .rodata        0x080102dc       0x2b ..\obj\protocol.o
 *fill*         0x08010307        0x1 
 .rodata        0x08010308      0x200 ..\obj\mbcrc.o
 .rodata        0x08010508        0xd ..\obj\timers.o
 *fill*         0x08010515        0x3 
 .rodata        0x08010518        0x5 ..\obj\watchdog.o
 *fill*         0x0801051d        0x3 
 .rodata        0x08010520        0x5 ..\obj\tasks.o
 *fill*         0x08010525        0x3 
 .rodata        0x08010528       0x96 ..\obj\usbd_desc.o
 *fill*         0x080105be        0x2 
 .rodata        0x080105c0        0xb ..\obj\portserial.o
 *fill*         0x080105cb        0x1 
 .rodata        0x080105cc       0x56 ..\obj\ADS1220.o
 *fill*         0x08010622        0x2 
 .rodata        0x08010624       0xe4 ..\obj\controller.o
                0x08010624                stSettingsDefault
 .rodata.str1.4
                0x08010708        0x8 C:\Program Files\GNU Tools ARM Embedded\4.9 2015q2\arm-none-eabi\lib\armv7e-m\fpu\libm.a(lib_a-wf_sqrt.o)
                                  0x6 (size before relaxing)
 *(.eh_fram e*)

.glue_7         0x08010710        0x0
 .glue_7        0x00000000        0x0 linker stubs

.glue_7t        0x08010710        0x0
 .glue_7t       0x00000000        0x0 linker stubs

.vfp11_veneer   0x08010710        0x0
 .vfp11_veneer  0x00000000        0x0 linker stubs

.v4_bx          0x08010710        0x0
 .v4_bx         0x00000000        0x0 linker stubs

.iplt           0x08010710        0x0
 .iplt          0x00000000        0x0 ..\obj\arm_mat_inverse_f32.o

.rel.dyn        0x08010710        0x0
 .rel.iplt      0x00000000        0x0 ..\obj\arm_mat_inverse_f32.o

.ARM.extab
 *(.ARM.extab* .gnu.linkonce.armextab.*)
                0x08010710                __exidx_start = .

.ARM.exidx
 *(.ARM.exidx* .gnu.linkonce.armexidx.*)
                0x08010710                __exidx_end = .
                0x08010710                __etext = .
                0x08010710                _sidata = __etext

.data           0x20000000      0x608 load address 0x08010710
                0x20000000                __data_start__ = .
                0x20000000                _sdata = __data_start__
 *(vtable)
 *(.data*)
 .data          0x20000000        0x6 ..\obj\mbport.o
                0x20000000                REG_INPUT_START
                0x20000001                REG_HOLDING_START
                0x20000002                REG_INPUT_NREGS
                0x20000003                REG_HOLDING_NREGS
                0x20000004                usRegInputStart
                0x20000005                usRegHoldingStart
 *fill*         0x20000006        0x2 
 .data          0x20000008       0x88 ..\obj\mb.o
 .data          0x20000090       0x1c ..\obj\usbd_usr.o
                0x20000090                USR_cb
 .data          0x200000ac       0x30 ..\obj\usbd_core.o
                0x200000ac                USBD_DCD_INT_cb
                0x200000d8                USBD_DCD_INT_fops
 .data          0x200000dc       0x10 ..\obj\stm32f4xx_rcc.o
 *fill*         0x200000ec        0x4 
 .data          0x200000f0      0x42c ..\obj\printf.o
                0x200000f0                r
                0x20000518                _impure_ptr
 .data          0x2000051c       0x40 ..\obj\usbd_desc.o
                0x2000051c                USR_desc
                0x20000538                USBD_DeviceDesc
                0x2000054c                USBD_DeviceQualifierDesc
                0x20000558                USBD_LangIDDesc
 .data          0x2000055c       0x14 ..\obj\usbd_cdc_vcp.o
                0x2000055c                VCP_fops
 .data          0x20000570       0x14 ..\obj\system_stm32f4xx.o
                0x20000570                SystemCoreClock
                0x20000574                AHBPrescTable
 .data          0x20000584        0x4 ..\obj\port.o
 .data          0x20000588       0x74 ..\obj\usbd_cdc_core.o
                0x20000588                usbd_cdc_CfgDesc
                0x200005d0                USBD_CDC_cb
 .data          0x200005fc        0x4 ..\obj\frequency.o
                0x200005fc                exti_base_addr
 .data          0x20000600        0x4 ..\obj\heap_2.o
 .data.__fdlib_version
                0x20000604        0x1 C:\Program Files\GNU Tools ARM Embedded\4.9 2015q2\arm-none-eabi\lib\armv7e-m\fpu\libm.a(lib_a-s_lib_ver.o)
                0x20000604                __fdlib_version
                0x20000608                . = ALIGN (0x4)
 *fill*         0x20000605        0x3 
                0x20000608                PROVIDE (__preinit_array_start, .)
 *(.preinit_array)
                0x20000608                PROVIDE (__preinit_array_end, .)
                0x20000608                . = ALIGN (0x4)
                0x20000608                PROVIDE (__init_array_start, .)
 *(SORT(.init_array.*))
 *(.init_array)
                0x20000608                PROVIDE (__init_array_end, .)
                0x20000608                . = ALIGN (0x4)
                0x20000608                PROVIDE (__fini_array_start, .)
 *(SORT(.fini_array.*))
 *(.fini_array)
                0x20000608                PROVIDE (__fini_array_end, .)
 *(.jcr*)
                0x20000608                . = ALIGN (0x4)
                0x20000608                __data_end__ = .
                0x20000608                _edata = __data_end__

.igot.plt       0x20000608        0x0 load address 0x08010d18
 .igot.plt      0x00000000        0x0 ..\obj\arm_mat_inverse_f32.o

.bss            0x20000608     0x57f4 load address 0x08010d18
                0x20000608                . = ALIGN (0x4)
                0x20000608                __bss_start__ = .
                0x20000608                _sbss = __bss_start__
 *(.bss*)
 .bss           0x20000608       0x22 ..\obj\mbfuncother.o
 *fill*         0x2000062a        0x2 
 .bss           0x2000062c       0x48 ..\obj\sdio_sd.o
                0x20000664                StopCondition
                0x20000668                TransferError
                0x2000066c                TransferEnd
                0x20000670                DMAEndOfTransfer
 .bss           0x20000674       0x38 ..\obj\timers.o
 .bss           0x200006ac      0x100 ..\obj\tasks.o
                0x200006ac                pxCurrentTCB
 .bss           0x200007ac        0xc ..\obj\porttimer.o
 .bss           0x200007b8        0xd ..\obj\usbd_req.o
                0x200007b8                USBD_ep_status
                0x200007bc                USBD_default_cfg
                0x200007c0                USBD_cfg_status
 *fill*         0x200007c5        0x3 
 .bss           0x200007c8        0x8 ..\obj\port.o
 .bss           0x200007d0       0x14 ..\obj\portserial.o
 .bss           0x200007e4       0x20 ..\obj\usbd_cdc_core.o
                0x200007e8                APP_Rx_ptr_in
                0x200007ec                APP_Rx_ptr_out
                0x200007f0                APP_Rx_length
                0x200007f4                USB_Tx_State
 *fill*         0x20000804        0x4 
 .bss           0x20000808        0x8 ..\obj\frequency.o
                0x20000808                reload_counter
 .bss           0x20000810     0x4014 ..\obj\heap_2.o
 *(COMMON)
 COMMON         0x20004824        0x6 ..\obj\mbport.o
                0x20004824                my_counter
                0x20004828                fl_led
 *fill*         0x2000482a        0x2 
 COMMON         0x2000482c      0x45c ..\obj\protocol.o
                0x2000482c                stContext_RS232
                0x200049a0                stContext_RS485
                0x20004b14                stContext_USB_CDC
 COMMON         0x20004c88       0x58 ..\obj\watchdog.o
                0x20004c88                task_watches
 COMMON         0x20004ce0        0x4 ..\obj\fram_i2c.o
                0x20004ce0                xI2CBusMutex
 COMMON         0x20004ce4       0x88 ..\obj\usbd_cdc_vcp.o
                0x20004ce4                APP_Tx_Buffer
                0x20004d64                APP_tx_ptr_tail
                0x20004d68                APP_tx_ptr_head
 COMMON         0x20004d6c       0x32 ..\obj\usbd_req.o
                0x20004d6c                USBD_StrDesc
 *fill*         0x20004d9e        0x2 
 COMMON         0x20004da0       0x40 ..\obj\queue.o
                0x20004da0                xQueueRegistry
 COMMON         0x20004de0      0x5f4 ..\obj\portserial.o
                0x20004de0                temp_char
                0x20004de4                USB_OTG_dev
 COMMON         0x200053d4      0x88c ..\obj\usbd_cdc_core.o
                0x200053d4                usbd_cdc_OtherCfgDesc
                0x20005418                USB_Rx_Buffer
                0x20005458                CmdBuff
                0x20005460                APP_Rx_Buffer
 COMMON         0x20005c60        0x4 ..\obj\ADS1220.o
                0x20005c60                xADC_SPI_Mutex
 *fill*         0x20005c64        0x4 
 COMMON         0x20005c68       0x30 ..\obj\frequency.o
                0x20005c68                line_1_event
                0x20005c70                Line2_ImpulseCounter
                0x20005c80                line_2_event
                0x20005c88                Line1_ImpulseCounter
 COMMON         0x20005c98      0x164 ..\obj\controller.o
                0x20005c98                stSettings
                0x20005d7c                xMeasureDataMutex
                0x20005d80                stMeasureData
                0x20005df8                xSettingsMutex
                0x20005dfc                . = ALIGN (0x4)
                0x20005dfc                __bss_end__ = .
                0x20005dfc                _ebss = __bss_end__

.heap           0x20005dfc        0x0
                0x20005dfc                __end__ = .
                0x20005dfc                _end = __end__
                0x20005dfc                end = __end__
 *(.heap*)
                0x20005dfc                __HeapLimit = .

.co_stack       0x20005dfc      0x804 load address 0x0801650c
                0x20005e00                . = ALIGN (0x8)
 *fill*         0x20005dfc        0x4 
 *(.co_stack .co_stack.*)
 .co_stack      0x20005e00      0x800 ..\obj\startup_stm32f4xx.o
                0x20005e00                pulStack
                0x20020000                __StackTop = (ORIGIN (ram) + 0x20000)
                0x2001f7fc                __StackLimit = (__StackTop - SIZEOF (.co_stack))
                0x20020000                PROVIDE (__stack, __StackTop)
                0x00000001                ASSERT ((__StackLimit >= __HeapLimit), region ram  overflowed with stack)
LOAD C:\Program Files\GNU Tools ARM Embedded\4.9 2015q2\arm-none-eabi\lib\armv7e-m\fpu\libc.a
LOAD ..\obj\arm_mat_inverse_f32.o
LOAD ..\obj\arm_bitreversal2.o
LOAD ..\obj\arm_cfft_radix2_q31.o
LOAD ..\obj\arm_add_q7.o
LOAD ..\obj\arm_scale_q7.o
LOAD ..\obj\arm_mat_add_f32.o
LOAD ..\obj\stm32f4xx_syscfg.o
LOAD ..\obj\usb_core.o
LOAD ..\obj\low_level_sdio.o
LOAD ..\obj\arm_q31_to_float.o
LOAD ..\obj\arm_cfft_radix4_q15.o
LOAD ..\obj\arm_pid_init_q31.o
LOAD ..\obj\arm_float_to_q7.o
LOAD ..\obj\arm_q31_to_q7.o
LOAD ..\obj\mbport.o
LOAD ..\obj\calc.o
LOAD ..\obj\arm_conv_partial_opt_q15.o
LOAD ..\obj\mb.o
LOAD ..\obj\stm32f4xx_sdio.o
LOAD ..\obj\arm_mat_cmplx_mult_q15.o
LOAD ..\obj\arm_biquad_cascade_df1_q15.o
LOAD ..\obj\arm_cmplx_dot_prod_q15.o
LOAD ..\obj\arm_fir_decimate_fast_q15.o
LOAD ..\obj\arm_cfft_radix4_f32.o
LOAD ..\obj\arm_sin_cos_q31.o
LOAD ..\obj\protocol.o
LOAD ..\obj\arm_scale_q31.o
LOAD ..\obj\mbfuncdisc.o
LOAD ..\obj\arm_fir_sparse_init_q31.o
LOAD ..\obj\arm_rfft_q15.o
LOAD ..\obj\arm_correlate_q7.o
LOAD ..\obj\arm_mat_cmplx_mult_f32.o
LOAD ..\obj\arm_biquad_cascade_df1_f32.o
LOAD ..\obj\arm_cmplx_dot_prod_f32.o
LOAD ..\obj\arm_conv_partial_opt_q7.o
LOAD ..\obj\arm_cmplx_mult_real_q31.o
LOAD ..\obj\arm_q15_to_q31.o
LOAD ..\obj\arm_abs_q7.o
LOAD ..\obj\usbd_usr.o
LOAD ..\obj\portevent.o
LOAD ..\obj\arm_common_tables.o
LOAD ..\obj\arm_fill_q31.o
LOAD ..\obj\arm_rfft_f32.o
LOAD ..\obj\arm_q7_to_q15.o
LOAD ..\obj\arm_conv_q7.o
LOAD ..\obj\mbfuncother.o
LOAD ..\obj\arm_sin_q31.o
LOAD ..\obj\arm_fir_sparse_q15.o
LOAD ..\obj\arm_dot_prod_q15.o
LOAD ..\obj\arm_q15_to_float.o
LOAD ..\obj\stm32f4xx_usart.o
LOAD ..\obj\arm_correlate_fast_q15.o
LOAD ..\obj\arm_cfft_q15.o
LOAD ..\obj\arm_biquad_cascade_df2T_init_f32.o
LOAD ..\obj\arm_lms_init_q15.o
LOAD ..\obj\stm32f4xx_pwr.o
LOAD ..\obj\arm_correlate_q31.o
LOAD ..\obj\rtc.o
LOAD ..\obj\sdio_sd.o
LOAD ..\obj\arm_fir_sparse_f32.o
LOAD ..\obj\arm_max_q31.o
LOAD ..\obj\arm_conv_partial_q15.o
LOAD ..\obj\arm_biquad_cascade_df1_32x64_q31.o
LOAD ..\obj\arm_conv_fast_opt_q15.o
LOAD ..\obj\arm_dot_prod_f32.o
LOAD ..\obj\arm_dct4_init_q15.o
LOAD ..\obj\arm_cfft_radix4_init_q31.o
LOAD ..\obj\arm_cfft_f32.o
LOAD ..\obj\arm_lms_init_f32.o
LOAD ..\obj\arm_rms_q15.o
LOAD ..\obj\arm_conv_partial_f32.o
LOAD ..\obj\arm_dct4_init_f32.o
LOAD ..\obj\arm_mat_mult_q31.o
LOAD ..\obj\arm_fir_interpolate_init_q31.o
LOAD ..\obj\arm_iir_lattice_init_q15.o
LOAD ..\obj\arm_fill_q7.o
LOAD ..\obj\arm_shift_q31.o
LOAD ..\obj\mbfuncinput_m.o
LOAD ..\obj\arm_mult_q31.o
LOAD ..\obj\arm_fir_lattice_q15.o
LOAD ..\obj\mbutils.o
LOAD ..\obj\arm_rms_f32.o
LOAD ..\obj\arm_biquad_cascade_df1_init_q15.o
LOAD ..\obj\arm_std_q15.o
LOAD ..\obj\arm_iir_lattice_init_f32.o
LOAD ..\obj\arm_mat_add_q31.o
LOAD ..\obj\arm_abs_q15.o
LOAD ..\obj\arm_fir_sparse_q7.o
LOAD ..\obj\arm_fir_lattice_f32.o
LOAD ..\obj\arm_negate_q7.o
LOAD ..\obj\arm_sub_q15.o
LOAD ..\obj\diskio.o
LOAD ..\obj\arm_biquad_cascade_df1_init_f32.o
LOAD ..\obj\arm_std_f32.o
LOAD ..\obj\startup_stm32f4xx.o
LOAD ..\obj\arm_mat_init_q15.o
LOAD ..\obj\arm_abs_f32.o
LOAD ..\obj\arm_conv_q15.o
LOAD ..\obj\arm_fir_lattice_init_q15.o
LOAD ..\obj\arm_sub_f32.o
LOAD ..\obj\arm_cfft_radix4_q31.o
LOAD ..\obj\arm_q15_to_q7.o
LOAD ..\obj\arm_mat_init_f32.o
LOAD ..\obj\stm32f4xx_iwdg.o
LOAD ..\obj\arm_conv_f32.o
LOAD ..\obj\arm_fir_lattice_init_f32.o
LOAD ..\obj\arm_mat_cmplx_mult_q31.o
LOAD ..\obj\arm_biquad_cascade_df1_q31.o
LOAD ..\obj\arm_cmplx_dot_prod_q31.o
LOAD ..\obj\arm_fir_decimate_fast_q31.o
LOAD ..\obj\arm_conv_partial_fast_q15.o
LOAD ..\obj\arm_rfft_init_q15.o
LOAD ..\obj\arm_min_q15.o
LOAD ..\obj\mbfuncholding.o
LOAD ..\obj\arm_q7_to_float.o
LOAD ..\obj\usbd_core.o
LOAD ..\obj\arm_correlate_fast_opt_q15.o
LOAD ..\obj\main.o
LOAD ..\obj\arm_conv_opt_q15.o
LOAD ..\obj\mbcrc.o
LOAD ..\obj\arm_rfft_q31.o
LOAD ..\obj\arm_fir_q7.o
LOAD ..\obj\stm32f4xx_rcc.o
LOAD ..\obj\arm_cfft_radix2_init_q15.o
LOAD ..\obj\arm_rfft_init_f32.o
LOAD ..\obj\arm_min_f32.o
LOAD ..\obj\arm_fir_sparse_init_q7.o
LOAD ..\obj\arm_q7_to_q31.o
LOAD ..\obj\mbfuncfile.o
LOAD ..\obj\arm_cfft_radix2_init_f32.o
LOAD ..\obj\arm_dct4_q15.o
LOAD ..\obj\timers.o
LOAD ..\obj\arm_fir_sparse_q31.o
LOAD ..\obj\arm_fir_init_q15.o
LOAD ..\obj\arm_dot_prod_q31.o
LOAD ..\obj\log.o
LOAD ..\obj\arm_correlate_fast_q31.o
LOAD ..\obj\arm_cmplx_conj_q15.o
LOAD ..\obj\mbrtu_m.o
LOAD ..\obj\arm_cfft_q31.o
LOAD ..\obj\arm_dct4_f32.o
LOAD ..\obj\arm_lms_init_q31.o
LOAD ..\obj\arm_iir_lattice_q15.o
LOAD ..\obj\mbfuncinput.o
LOAD ..\obj\printf.o
LOAD ..\obj\arm_fir_init_f32.o
LOAD ..\obj\arm_conv_partial_q31.o
LOAD ..\obj\arm_dct4_init_q31.o
LOAD ..\obj\arm_rfft_fast_f32.o
LOAD ..\obj\arm_cmplx_conj_f32.o
LOAD ..\obj\arm_power_q15.o
LOAD ..\obj\arm_rms_q31.o
LOAD ..\obj\watchdog.o
LOAD ..\obj\arm_iir_lattice_f32.o
LOAD ..\obj\arm_shift_q7.o
LOAD ..\obj\mbfuncdiag.o
LOAD ..\obj\arm_iir_lattice_init_q31.o
LOAD ..\obj\arm_fir_fast_q15.o
LOAD ..\obj\arm_fir_lattice_q31.o
LOAD ..\obj\arm_power_f32.o
LOAD ..\obj\arm_lms_norm_q15.o
LOAD ..\obj\arm_biquad_cascade_df1_init_q31.o
LOAD ..\obj\arm_cmplx_mag_q15.o
LOAD ..\obj\arm_std_q31.o
LOAD ..\obj\tasks.o
LOAD ..\obj\arm_fir_decimate_q15.o
LOAD ..\obj\arm_biquad_cascade_stereo_df2T_init_f32.o
LOAD ..\obj\arm_abs_q31.o
LOAD ..\obj\arm_copy_q15.o
LOAD ..\obj\arm_pid_reset_q15.o
LOAD ..\obj\arm_sub_q31.o
LOAD ..\obj\arm_lms_norm_f32.o
LOAD ..\obj\arm_cmplx_mag_f32.o
LOAD ..\obj\usbd_desc.o
LOAD ..\obj\arm_fir_decimate_f32.o
LOAD ..\obj\arm_mat_init_q31.o
LOAD ..\obj\arm_cmplx_mag_squared_q15.o
LOAD ..\obj\arm_conv_q31.o
LOAD ..\obj\arm_pid_reset_f32.o
LOAD ..\obj\arm_copy_f32.o
LOAD ..\obj\arm_conv_partial_fast_opt_q15.o
LOAD ..\obj\arm_fir_lattice_init_q31.o
LOAD ..\obj\arm_fir_q15.o
LOAD ..\obj\arm_rfft_fast_init_f32.o
LOAD ..\obj\arm_add_q15.o
LOAD ..\obj\arm_fir_interpolate_q15.o
LOAD ..\obj\arm_cmplx_mag_squared_f32.o
LOAD ..\obj\arm_biquad_cascade_df2T_f64.o
LOAD ..\obj\arm_fir_f32.o
LOAD ..\obj\arm_add_f32.o
LOAD ..\obj\arm_conv_partial_fast_q31.o
LOAD ..\obj\arm_rfft_init_q31.o
LOAD ..\obj\arm_min_q31.o
LOAD ..\obj\fram_i2c.o
LOAD ..\obj\arm_fir_interpolate_f32.o
LOAD ..\obj\arm_conv_partial_q7.o
LOAD ..\obj\arm_fir_init_q7.o
LOAD ..\obj\arm_lms_norm_init_q15.o
LOAD ..\obj\arm_mean_q15.o
LOAD ..\obj\arm_cfft_radix2_init_q31.o
LOAD ..\obj\stm32f4xx_gpio.o
LOAD ..\obj\porttimer.o
LOAD ..\obj\arm_biquad_cascade_df1_32x64_init_q31.o
LOAD ..\obj\usbd_cdc_vcp.o
LOAD ..\obj\arm_fir_decimate_init_q15.o
LOAD ..\obj\arm_cfft_radix8_f32.o
LOAD ..\obj\arm_float_to_q15.o
LOAD ..\obj\arm_lms_norm_init_f32.o
LOAD ..\obj\list.o
LOAD ..\obj\mbrtu.o
LOAD ..\obj\arm_mean_f32.o
LOAD ..\obj\arm_dct4_q31.o
LOAD ..\obj\arm_cos_q15.o
LOAD ..\obj\system_stm32f4xx.o
LOAD ..\obj\syscalls.o
LOAD ..\obj\arm_lms_q15.o
LOAD ..\obj\arm_biquad_cascade_df1_fast_q15.o
LOAD ..\obj\arm_negate_q15.o
LOAD ..\obj\arm_fir_init_q31.o
LOAD ..\obj\stm32f4xx_dma.o
LOAD ..\obj\arm_sqrt_q15.o
LOAD ..\obj\arm_fir_decimate_init_f32.o
LOAD ..\obj\arm_var_q15.o
LOAD ..\obj\arm_cmplx_conj_q31.o
LOAD ..\obj\arm_mat_sub_q15.o
LOAD ..\obj\arm_offset_q15.o
LOAD ..\obj\arm_mat_trans_q15.o
LOAD ..\obj\arm_cos_f32.o
LOAD ..\obj\arm_iir_lattice_q31.o
LOAD ..\obj\arm_lms_f32.o
LOAD ..\obj\usb_bsp.o
LOAD ..\obj\arm_negate_f32.o
LOAD ..\obj\arm_mat_inverse_f64.o
LOAD ..\obj\arm_cmplx_mult_cmplx_q15.o
LOAD ..\obj\usbd_req.o
LOAD ..\obj\arm_mat_mult_fast_q15.o
LOAD ..\obj\arm_conv_fast_q15.o
LOAD ..\obj\arm_var_f32.o
LOAD ..\obj\port.o
LOAD ..\obj\queue.o
LOAD ..\obj\arm_mat_scale_q15.o
LOAD ..\obj\arm_mat_sub_f32.o
LOAD ..\obj\arm_offset_f32.o
LOAD ..\obj\arm_mat_trans_f32.o
LOAD ..\obj\usb_dcd_int.o
LOAD ..\obj\arm_power_q31.o
LOAD ..\obj\arm_power_q7.o
LOAD ..\obj\arm_biquad_cascade_stereo_df2T_f32.o
LOAD ..\obj\portserial.o
LOAD ..\obj\arm_cmplx_mult_cmplx_f32.o
LOAD ..\obj\arm_fir_fast_q31.o
LOAD ..\obj\arm_cfft_radix2_q15.o
LOAD ..\obj\arm_mat_scale_f32.o
LOAD ..\obj\usbd_cdc_core.o
LOAD ..\obj\ff.o
LOAD ..\obj\arm_lms_norm_q31.o
LOAD ..\obj\arm_cmplx_mag_q31.o
LOAD ..\obj\croutine.o
LOAD ..\obj\arm_offset_q7.o
LOAD ..\obj\arm_fir_decimate_q31.o
LOAD ..\obj\arm_pid_init_q15.o
LOAD ..\obj\arm_pid_reset_q31.o
LOAD ..\obj\arm_copy_q31.o
LOAD ..\obj\arm_cfft_radix2_f32.o
LOAD ..\obj\arm_correlate_opt_q15.o
LOAD ..\obj\stm32f4xx_spi.o
LOAD ..\obj\arm_conv_opt_q7.o
LOAD ..\obj\mbfunccoils.o
LOAD ..\obj\event_groups.o
LOAD ..\obj\ADS1220.o
LOAD ..\obj\arm_pid_init_f32.o
LOAD ..\obj\frequency.o
LOAD ..\obj\stm32f4xx_i2c.o
LOAD ..\obj\arm_cmplx_mag_squared_q31.o
LOAD ..\obj\arm_scale_q15.o
LOAD ..\obj\arm_fir_q31.o
LOAD ..\obj\arm_mult_q7.o
LOAD ..\obj\arm_add_q31.o
LOAD ..\obj\stm32f4xx_exti.o
LOAD ..\obj\arm_fir_sparse_init_q15.o
LOAD ..\obj\arm_fir_interpolate_q31.o
LOAD ..\obj\misc.o
LOAD ..\obj\arm_cmplx_mult_real_q15.o
LOAD ..\obj\arm_sin_cos_f32.o
LOAD ..\obj\usb_dcd.o
LOAD ..\obj\arm_scale_f32.o
LOAD ..\obj\arm_max_q7.o
LOAD ..\obj\arm_min_q7.o
LOAD ..\obj\arm_fill_q15.o
LOAD ..\obj\arm_fir_sparse_init_f32.o
LOAD ..\obj\arm_biquad_cascade_df2T_init_f64.o
LOAD ..\obj\arm_sin_q15.o
LOAD ..\obj\arm_cmplx_mult_real_f32.o
LOAD ..\obj\arm_lms_norm_init_q31.o
LOAD ..\obj\arm_biquad_cascade_df2T_f32.o
LOAD ..\obj\arm_mean_q31.o
LOAD ..\obj\arm_fill_f32.o
LOAD ..\obj\arm_const_structs.o
LOAD ..\obj\arm_q31_to_q15.o
LOAD ..\obj\arm_fir_decimate_init_q31.o
LOAD ..\obj\arm_sin_f32.o
LOAD ..\obj\arm_correlate_q15.o
LOAD ..\obj\arm_float_to_q31.o
LOAD ..\obj\arm_max_q15.o
LOAD ..\obj\arm_mean_q7.o
LOAD ..\obj\stm32f4xx_rtc.o
LOAD ..\obj\usbd_ioreq.o
LOAD ..\obj\arm_cos_q31.o
LOAD ..\obj\arm_cfft_radix4_init_q15.o
LOAD ..\obj\arm_lms_q31.o
LOAD ..\obj\arm_biquad_cascade_df1_fast_q31.o
LOAD ..\obj\arm_negate_q31.o
LOAD ..\obj\arm_sqrt_q31.o
LOAD ..\obj\arm_bitreversal.o
LOAD ..\obj\arm_dot_prod_q7.o
LOAD ..\obj\arm_correlate_f32.o
LOAD ..\obj\arm_max_f32.o
LOAD ..\obj\heap_2.o
LOAD ..\obj\controller.o
LOAD ..\obj\arm_var_q31.o
LOAD ..\obj\arm_mat_mult_q15.o
LOAD ..\obj\arm_fir_interpolate_init_q15.o
LOAD ..\obj\arm_mat_sub_q31.o
LOAD ..\obj\arm_offset_q31.o
LOAD ..\obj\arm_mat_trans_q31.o
LOAD ..\obj\arm_shift_q15.o
LOAD ..\obj\arm_cfft_radix4_init_f32.o
LOAD ..\obj\arm_copy_q7.o
LOAD ..\obj\stm32f4xx_tim.o
LOAD ..\obj\arm_mult_q15.o
LOAD ..\obj\arm_sub_q7.o
LOAD ..\obj\arm_correlate_opt_q7.o
LOAD ..\obj\arm_cmplx_mult_cmplx_q31.o
LOAD ..\obj\arm_mat_mult_fast_q31.o
LOAD ..\obj\arm_conv_fast_q31.o
LOAD ..\obj\power_detector.o
LOAD ..\obj\arm_mat_scale_q31.o
LOAD ..\obj\arm_mat_mult_f32.o
LOAD ..\obj\arm_fir_interpolate_init_f32.o
LOAD ..\obj\arm_mat_add_q15.o
LOAD ..\obj\arm_mult_f32.o
LOAD C:\Program Files\GNU Tools ARM Embedded\4.9 2015q2\arm-none-eabi\lib\armv7e-m\fpu\libc.a
LOAD C:\Program Files\GNU Tools ARM Embedded\4.9 2015q2\arm-none-eabi\lib\armv7e-m\fpu\libm.a
LOAD C:\Program Files\GNU Tools ARM Embedded\4.9 2015q2\arm-none-eabi\lib\armv7e-m\fpu\libg.a
START GROUP
LOAD c:/program files/gnu tools arm embedded/4.9 2015q2/bin/../lib/gcc/arm-none-eabi/4.9.3/armv7e-m/fpu\libgcc.a
LOAD C:\Program Files\GNU Tools ARM Embedded\4.9 2015q2\arm-none-eabi\lib\armv7e-m\fpu\libg.a
LOAD C:\Program Files\GNU Tools ARM Embedded\4.9 2015q2\arm-none-eabi\lib\armv7e-m\fpu\libc.a
END GROUP
OUTPUT(IMS_CONTROLLER.elf elf32-littlearm)

.debug_info     0x00000000    0x23a54
 .debug_info    0x00000000      0x26c ..\obj\stm32f4xx_syscfg.o
 .debug_info    0x0000026c     0x251b ..\obj\usb_core.o
 .debug_info    0x00002787      0xeaa ..\obj\mbport.o
 .debug_info    0x00003631      0x56d ..\obj\calc.o
 .debug_info    0x00003b9e      0x949 ..\obj\mb.o
 .debug_info    0x000044e7      0x7f5 ..\obj\stm32f4xx_sdio.o
 .debug_info    0x00004cdc      0x82b ..\obj\protocol.o
 .debug_info    0x00005507      0x209 ..\obj\mbfuncdisc.o
 .debug_info    0x00005710      0x1a9 ..\obj\usbd_usr.o
 .debug_info    0x000058b9      0x78c ..\obj\portevent.o
 .debug_info    0x00006045      0x268 ..\obj\mbfuncother.o
 .debug_info    0x000062ad      0x9c2 ..\obj\stm32f4xx_usart.o
 .debug_info    0x00006c6f      0x4fc ..\obj\stm32f4xx_pwr.o
 .debug_info    0x0000716b      0x173 ..\obj\rtc.o
 .debug_info    0x000072de     0x12d8 ..\obj\sdio_sd.o
 .debug_info    0x000085b6      0x2d7 ..\obj\mbutils.o
 .debug_info    0x0000888d      0x971 ..\obj\diskio.o
 .debug_info    0x000091fe       0xed ..\obj\startup_stm32f4xx.o
 .debug_info    0x000092eb      0x20a ..\obj\stm32f4xx_iwdg.o
 .debug_info    0x000094f5      0x392 ..\obj\mbfuncholding.o
 .debug_info    0x00009887      0xe95 ..\obj\usbd_core.o
 .debug_info    0x0000a71c      0x1aa ..\obj\main.o
 .debug_info    0x0000a8c6      0x153 ..\obj\mbcrc.o
 .debug_info    0x0000aa19      0xc4d ..\obj\stm32f4xx_rcc.o
 .debug_info    0x0000b666      0x29f ..\obj\mbfuncfile.o
 .debug_info    0x0000b905      0xa05 ..\obj\timers.o
 .debug_info    0x0000c30a      0x475 ..\obj\log.o
 .debug_info    0x0000c77f      0x1fb ..\obj\mbfuncinput.o
 .debug_info    0x0000c97a      0xe38 ..\obj\printf.o
 .debug_info    0x0000d7b2      0x207 ..\obj\watchdog.o
 .debug_info    0x0000d9b9     0x1d05 ..\obj\tasks.o
 .debug_info    0x0000f6be      0x363 ..\obj\usbd_desc.o
 .debug_info    0x0000fa21      0x749 ..\obj\fram_i2c.o
 .debug_info    0x0001016a      0x602 ..\obj\stm32f4xx_gpio.o
 .debug_info    0x0001076c      0xe02 ..\obj\porttimer.o
 .debug_info    0x0001156e      0x36c ..\obj\usbd_cdc_vcp.o
 .debug_info    0x000118da      0x299 ..\obj\list.o
 .debug_info    0x00011b73      0x7c6 ..\obj\mbrtu.o
 .debug_info    0x00012339      0x592 ..\obj\system_stm32f4xx.o
 .debug_info    0x000128cb      0x739 ..\obj\stm32f4xx_dma.o
 .debug_info    0x00013004      0xfde ..\obj\usb_bsp.o
 .debug_info    0x00013fe2      0xf9b ..\obj\usbd_req.o
 .debug_info    0x00014f7d      0x520 ..\obj\port.o
 .debug_info    0x0001549d     0x1264 ..\obj\queue.o
 .debug_info    0x00016701     0x1d86 ..\obj\usb_dcd_int.o
 .debug_info    0x00018487     0x1bde ..\obj\portserial.o
 .debug_info    0x0001a065      0xf34 ..\obj\usbd_cdc_core.o
 .debug_info    0x0001af99      0xb07 ..\obj\stm32f4xx_spi.o
 .debug_info    0x0001baa0      0x326 ..\obj\mbfunccoils.o
 .debug_info    0x0001bdc6      0x8dd ..\obj\ADS1220.o
 .debug_info    0x0001c6a3      0xa17 ..\obj\frequency.o
 .debug_info    0x0001d0ba      0xaf4 ..\obj\stm32f4xx_i2c.o
 .debug_info    0x0001dbae      0x347 ..\obj\stm32f4xx_exti.o
 .debug_info    0x0001def5      0x53d ..\obj\misc.o
 .debug_info    0x0001e432     0x101d ..\obj\usb_dcd.o
 .debug_info    0x0001f44f     0x10df ..\obj\stm32f4xx_rtc.o
 .debug_info    0x0002052e      0xcb7 ..\obj\usbd_ioreq.o
 .debug_info    0x000211e5      0x2ed ..\obj\heap_2.o
 .debug_info    0x000214d2      0x2f1 ..\obj\controller.o
 .debug_info    0x000217c3     0x1c61 ..\obj\stm32f4xx_tim.o
 .debug_info    0x00023424      0x630 ..\obj\power_detector.o

.debug_abbrev   0x00000000     0x5c1b
 .debug_abbrev  0x00000000      0x131 ..\obj\stm32f4xx_syscfg.o
 .debug_abbrev  0x00000131      0x2e7 ..\obj\usb_core.o
 .debug_abbrev  0x00000418      0x1cb ..\obj\mbport.o
 .debug_abbrev  0x000005e3      0x17d ..\obj\calc.o
 .debug_abbrev  0x00000760      0x1ac ..\obj\mb.o
 .debug_abbrev  0x0000090c      0x177 ..\obj\stm32f4xx_sdio.o
 .debug_abbrev  0x00000a83      0x152 ..\obj\protocol.o
 .debug_abbrev  0x00000bd5       0xa6 ..\obj\mbfuncdisc.o
 .debug_abbrev  0x00000c7b       0xdd ..\obj\usbd_usr.o
 .debug_abbrev  0x00000d58      0x14f ..\obj\portevent.o
 .debug_abbrev  0x00000ea7       0xbf ..\obj\mbfuncother.o
 .debug_abbrev  0x00000f66      0x155 ..\obj\stm32f4xx_usart.o
 .debug_abbrev  0x000010bb      0x17f ..\obj\stm32f4xx_pwr.o
 .debug_abbrev  0x0000123a       0xc7 ..\obj\rtc.o
 .debug_abbrev  0x00001301      0x1e9 ..\obj\sdio_sd.o
 .debug_abbrev  0x000014ea       0xd6 ..\obj\mbutils.o
 .debug_abbrev  0x000015c0      0x1d2 ..\obj\diskio.o
 .debug_abbrev  0x00001792       0xb0 ..\obj\startup_stm32f4xx.o
 .debug_abbrev  0x00001842      0x101 ..\obj\stm32f4xx_iwdg.o
 .debug_abbrev  0x00001943       0xa6 ..\obj\mbfuncholding.o
 .debug_abbrev  0x000019e9      0x21d ..\obj\usbd_core.o
 .debug_abbrev  0x00001c06       0xf2 ..\obj\main.o
 .debug_abbrev  0x00001cf8       0x91 ..\obj\mbcrc.o
 .debug_abbrev  0x00001d89      0x1e3 ..\obj\stm32f4xx_rcc.o
 .debug_abbrev  0x00001f6c       0xf4 ..\obj\mbfuncfile.o
 .debug_abbrev  0x00002060      0x1da ..\obj\timers.o
 .debug_abbrev  0x0000223a      0x165 ..\obj\log.o
 .debug_abbrev  0x0000239f       0xa6 ..\obj\mbfuncinput.o
 .debug_abbrev  0x00002445      0x27e ..\obj\printf.o
 .debug_abbrev  0x000026c3      0x12d ..\obj\watchdog.o
 .debug_abbrev  0x000027f0      0x28d ..\obj\tasks.o
 .debug_abbrev  0x00002a7d      0x12c ..\obj\usbd_desc.o
 .debug_abbrev  0x00002ba9      0x1eb ..\obj\fram_i2c.o
 .debug_abbrev  0x00002d94      0x1a3 ..\obj\stm32f4xx_gpio.o
 .debug_abbrev  0x00002f37      0x1cf ..\obj\porttimer.o
 .debug_abbrev  0x00003106      0x164 ..\obj\usbd_cdc_vcp.o
 .debug_abbrev  0x0000326a       0xbc ..\obj\list.o
 .debug_abbrev  0x00003326      0x196 ..\obj\mbrtu.o
 .debug_abbrev  0x000034bc      0x136 ..\obj\system_stm32f4xx.o
 .debug_abbrev  0x000035f2      0x155 ..\obj\stm32f4xx_dma.o
 .debug_abbrev  0x00003747      0x229 ..\obj\usb_bsp.o
 .debug_abbrev  0x00003970      0x293 ..\obj\usbd_req.o
 .debug_abbrev  0x00003c03      0x1bb ..\obj\port.o
 .debug_abbrev  0x00003dbe      0x206 ..\obj\queue.o
 .debug_abbrev  0x00003fc4      0x25b ..\obj\usb_dcd_int.o
 .debug_abbrev  0x0000421f      0x31b ..\obj\portserial.o
 .debug_abbrev  0x0000453a      0x22f ..\obj\usbd_cdc_core.o
 .debug_abbrev  0x00004769      0x167 ..\obj\stm32f4xx_spi.o
 .debug_abbrev  0x000048d0       0xb8 ..\obj\mbfunccoils.o
 .debug_abbrev  0x00004988      0x1ea ..\obj\ADS1220.o
 .debug_abbrev  0x00004b72      0x158 ..\obj\frequency.o
 .debug_abbrev  0x00004cca      0x164 ..\obj\stm32f4xx_i2c.o
 .debug_abbrev  0x00004e2e      0x1a5 ..\obj\stm32f4xx_exti.o
 .debug_abbrev  0x00004fd3      0x145 ..\obj\misc.o
 .debug_abbrev  0x00005118      0x259 ..\obj\usb_dcd.o
 .debug_abbrev  0x00005371      0x1ae ..\obj\stm32f4xx_rtc.o
 .debug_abbrev  0x0000551f      0x1af ..\obj\usbd_ioreq.o
 .debug_abbrev  0x000056ce      0x16c ..\obj\heap_2.o
 .debug_abbrev  0x0000583a       0xee ..\obj\controller.o
 .debug_abbrev  0x00005928      0x187 ..\obj\stm32f4xx_tim.o
 .debug_abbrev  0x00005aaf      0x16c ..\obj\power_detector.o

.debug_aranges  0x00000000     0x1f70
 .debug_aranges
                0x00000000       0x48 ..\obj\stm32f4xx_syscfg.o
 .debug_aranges
                0x00000048      0x138 ..\obj\usb_core.o
 .debug_aranges
                0x00000180       0x50 ..\obj\mbport.o
 .debug_aranges
                0x000001d0       0x28 ..\obj\calc.o
 .debug_aranges
                0x000001f8       0x48 ..\obj\mb.o
 .debug_aranges
                0x00000240      0x108 ..\obj\stm32f4xx_sdio.o
 .debug_aranges
                0x00000348       0x38 ..\obj\protocol.o
 .debug_aranges
                0x00000380       0x20 ..\obj\mbfuncdisc.o
 .debug_aranges
                0x000003a0       0x40 ..\obj\usbd_usr.o
 .debug_aranges
                0x000003e0       0x30 ..\obj\portevent.o
 .debug_aranges
                0x00000410       0x28 ..\obj\mbfuncother.o
 .debug_aranges
                0x00000438      0x100 ..\obj\stm32f4xx_usart.o
 .debug_aranges
                0x00000538       0x78 ..\obj\stm32f4xx_pwr.o
 .debug_aranges
                0x000005b0       0x20 ..\obj\rtc.o
 .debug_aranges
                0x000005d0      0x130 ..\obj\sdio_sd.o
 .debug_aranges
                0x00000700       0x30 ..\obj\mbutils.o
 .debug_aranges
                0x00000730       0x68 ..\obj\diskio.o
 .debug_aranges
                0x00000798       0x28 ..\obj\startup_stm32f4xx.o
 .debug_aranges
                0x000007c0       0x48 ..\obj\stm32f4xx_iwdg.o
 .debug_aranges
                0x00000808       0x38 ..\obj\mbfuncholding.o
 .debug_aranges
                0x00000840       0x80 ..\obj\usbd_core.o
 .debug_aranges
                0x000008c0       0x40 ..\obj\main.o
 .debug_aranges
                0x00000900       0x20 ..\obj\mbcrc.o
 .debug_aranges
                0x00000920      0x178 ..\obj\stm32f4xx_rcc.o
 .debug_aranges
                0x00000a98       0x20 ..\obj\mbfuncfile.o
 .debug_aranges
                0x00000ab8       0x98 ..\obj\timers.o
 .debug_aranges
                0x00000b50       0x38 ..\obj\log.o
 .debug_aranges
                0x00000b88       0x20 ..\obj\mbfuncinput.o
 .debug_aranges
                0x00000ba8       0xa0 ..\obj\printf.o
 .debug_aranges
                0x00000c48       0x38 ..\obj\watchdog.o
 .debug_aranges
                0x00000c80      0x1c0 ..\obj\tasks.o
 .debug_aranges
                0x00000e40       0x50 ..\obj\usbd_desc.o
 .debug_aranges
                0x00000e90       0x48 ..\obj\fram_i2c.o
 .debug_aranges
                0x00000ed8       0x88 ..\obj\stm32f4xx_gpio.o
 .debug_aranges
                0x00000f60       0x90 ..\obj\porttimer.o
 .debug_aranges
                0x00000ff0       0x50 ..\obj\usbd_cdc_vcp.o
 .debug_aranges
                0x00001040       0x40 ..\obj\list.o
 .debug_aranges
                0x00001080       0x58 ..\obj\mbrtu.o
 .debug_aranges
                0x000010d8       0x30 ..\obj\system_stm32f4xx.o
 .debug_aranges
                0x00001108       0xb0 ..\obj\stm32f4xx_dma.o
 .debug_aranges
                0x000011b8       0x48 ..\obj\usb_bsp.o
 .debug_aranges
                0x00001200       0x88 ..\obj\usbd_req.o
 .debug_aranges
                0x00001288       0x80 ..\obj\port.o
 .debug_aranges
                0x00001308      0x100 ..\obj\queue.o
 .debug_aranges
                0x00001408       0x80 ..\obj\usb_dcd_int.o
 .debug_aranges
                0x00001488       0xb0 ..\obj\portserial.o
 .debug_aranges
                0x00001538       0x68 ..\obj\usbd_cdc_core.o
 .debug_aranges
                0x000015a0       0xe0 ..\obj\stm32f4xx_spi.o
 .debug_aranges
                0x00001680       0x30 ..\obj\mbfunccoils.o
 .debug_aranges
                0x000016b0       0x70 ..\obj\ADS1220.o
 .debug_aranges
                0x00001720       0x58 ..\obj\frequency.o
 .debug_aranges
                0x00001778      0x120 ..\obj\stm32f4xx_i2c.o
 .debug_aranges
                0x00001898       0x58 ..\obj\stm32f4xx_exti.o
 .debug_aranges
                0x000018f0       0x40 ..\obj\misc.o
 .debug_aranges
                0x00001930       0x80 ..\obj\usb_dcd.o
 .debug_aranges
                0x000019b0      0x1e0 ..\obj\stm32f4xx_rtc.o
 .debug_aranges
                0x00001b90       0x50 ..\obj\usbd_ioreq.o
 .debug_aranges
                0x00001be0       0x40 ..\obj\heap_2.o
 .debug_aranges
                0x00001c20       0x28 ..\obj\controller.o
 .debug_aranges
                0x00001c48      0x2f8 ..\obj\stm32f4xx_tim.o
 .debug_aranges
                0x00001f40       0x30 ..\obj\power_detector.o

.debug_ranges   0x00000000     0x1ba0
 .debug_ranges  0x00000000       0x38 ..\obj\stm32f4xx_syscfg.o
 .debug_ranges  0x00000038      0x128 ..\obj\usb_core.o
 .debug_ranges  0x00000160       0x40 ..\obj\mbport.o
 .debug_ranges  0x000001a0       0x18 ..\obj\calc.o
 .debug_ranges  0x000001b8       0x38 ..\obj\mb.o
 .debug_ranges  0x000001f0       0xf8 ..\obj\stm32f4xx_sdio.o
 .debug_ranges  0x000002e8       0x28 ..\obj\protocol.o
 .debug_ranges  0x00000310       0x10 ..\obj\mbfuncdisc.o
 .debug_ranges  0x00000320       0x30 ..\obj\usbd_usr.o
 .debug_ranges  0x00000350       0x20 ..\obj\portevent.o
 .debug_ranges  0x00000370       0x18 ..\obj\mbfuncother.o
 .debug_ranges  0x00000388       0xf0 ..\obj\stm32f4xx_usart.o
 .debug_ranges  0x00000478       0x68 ..\obj\stm32f4xx_pwr.o
 .debug_ranges  0x000004e0       0x10 ..\obj\rtc.o
 .debug_ranges  0x000004f0      0x120 ..\obj\sdio_sd.o
 .debug_ranges  0x00000610       0x20 ..\obj\mbutils.o
 .debug_ranges  0x00000630       0x58 ..\obj\diskio.o
 .debug_ranges  0x00000688       0x18 ..\obj\startup_stm32f4xx.o
 .debug_ranges  0x000006a0       0x38 ..\obj\stm32f4xx_iwdg.o
 .debug_ranges  0x000006d8       0x28 ..\obj\mbfuncholding.o
 .debug_ranges  0x00000700       0x70 ..\obj\usbd_core.o
 .debug_ranges  0x00000770       0x30 ..\obj\main.o
 .debug_ranges  0x000007a0       0x10 ..\obj\mbcrc.o
 .debug_ranges  0x000007b0      0x168 ..\obj\stm32f4xx_rcc.o
 .debug_ranges  0x00000918       0x10 ..\obj\mbfuncfile.o
 .debug_ranges  0x00000928       0x88 ..\obj\timers.o
 .debug_ranges  0x000009b0       0x28 ..\obj\log.o
 .debug_ranges  0x000009d8       0x10 ..\obj\mbfuncinput.o
 .debug_ranges  0x000009e8       0x90 ..\obj\printf.o
 .debug_ranges  0x00000a78       0x28 ..\obj\watchdog.o
 .debug_ranges  0x00000aa0      0x1b0 ..\obj\tasks.o
 .debug_ranges  0x00000c50       0x40 ..\obj\usbd_desc.o
 .debug_ranges  0x00000c90       0x38 ..\obj\fram_i2c.o
 .debug_ranges  0x00000cc8       0x78 ..\obj\stm32f4xx_gpio.o
 .debug_ranges  0x00000d40       0x80 ..\obj\porttimer.o
 .debug_ranges  0x00000dc0       0x40 ..\obj\usbd_cdc_vcp.o
 .debug_ranges  0x00000e00       0x30 ..\obj\list.o
 .debug_ranges  0x00000e30       0x48 ..\obj\mbrtu.o