Archive member included because of file (symbol)

C:\Program Files\GNU Tools ARM Embedded\4.9 2015q2\arm-none-eabi\lib\armv7e-m\fpu\libc.a(lib_a-memcmp.o)
                              ..\obj\tasks.o (memcmp)
C:\Program Files\GNU Tools ARM Embedded\4.9 2015q2\arm-none-eabi\lib\armv7e-m\fpu\libc.a(lib_a-memcpy.o)
                              ..\obj\mbport.o (memcpy)
C:\Program Files\GNU Tools ARM Embedded\4.9 2015q2\arm-none-eabi\lib\armv7e-m\fpu\libc.a(lib_a-memset.o)
                              ..\obj\tasks.o (memset)
C:\Program Files\GNU Tools ARM Embedded\4.9 2015q2\arm-none-eabi\lib\armv7e-m\fpu\libc.a(lib_a-strlen.o)
                              ..\obj\wiznet.o (strlen)
C:\Program Files\GNU Tools ARM Embedded\4.9 2015q2\arm-none-eabi\lib\armv7e-m\fpu\libm.a(lib_a-sf_sin.o)
                              ..\obj\calc.o (sinf)
C:\Program Files\GNU Tools ARM Embedded\4.9 2015q2\arm-none-eabi\lib\armv7e-m\fpu\libm.a(lib_a-wf_sqrt.o)
                              ..\obj\ADS1220.o (sqrtf)
C:\Program Files\GNU Tools ARM Embedded\4.9 2015q2\arm-none-eabi\lib\armv7e-m\fpu\libm.a(lib_a-ef_rem_pio2.o)
                              C:\Program Files\GNU Tools ARM Embedded\4.9 2015q2\arm-none-eabi\lib\armv7e-m\fpu\libm.a(lib_a-sf_sin.o) (__ieee754_rem_pio2f)
C:\Program Files\GNU Tools ARM Embedded\4.9 2015q2\arm-none-eabi\lib\armv7e-m\fpu\libm.a(lib_a-ef_sqrt.o)
                              C:\Program Files\GNU Tools ARM Embedded\4.9 2015q2\arm-none-eabi\lib\armv7e-m\fpu\libm.a(lib_a-wf_sqrt.o) (__ieee754_sqrtf)
C:\Program Files\GNU Tools ARM Embedded\4.9 2015q2\arm-none-eabi\lib\armv7e-m\fpu\libm.a(lib_a-kf_cos.o)
                              C:\Program Files\GNU Tools ARM Embedded\4.9 2015q2\arm-none-eabi\lib\armv7e-m\fpu\libm.a(lib_a-sf_sin.o) (__kernel_cosf)
C:\Program Files\GNU Tools ARM Embedded\4.9 2015q2\arm-none-eabi\lib\armv7e-m\fpu\libm.a(lib_a-kf_rem_pio2.o)
                              C:\Program Files\GNU Tools ARM Embedded\4.9 2015q2\arm-none-eabi\lib\armv7e-m\fpu\libm.a(lib_a-ef_rem_pio2.o) (__kernel_rem_pio2f)
C:\Program Files\GNU Tools ARM Embedded\4.9 2015q2\arm-none-eabi\lib\armv7e-m\fpu\libm.a(lib_a-kf_sin.o)
                              C:\Program Files\GNU Tools ARM Embedded\4.9 2015q2\arm-none-eabi\lib\armv7e-m\fpu\libm.a(lib_a-sf_sin.o) (__kernel_sinf)
C:\Program Files\GNU Tools ARM Embedded\4.9 2015q2\arm-none-eabi\lib\armv7e-m\fpu\libm.a(lib_a-s_lib_ver.o)
                              C:\Program Files\GNU Tools ARM Embedded\4.9 2015q2\arm-none-eabi\lib\armv7e-m\fpu\libm.a(lib_a-wf_sqrt.o) (__fdlib_version)
C:\Program Files\GNU Tools ARM Embedded\4.9 2015q2\arm-none-eabi\lib\armv7e-m\fpu\libm.a(lib_a-s_matherr.o)
                              C:\Program Files\GNU Tools ARM Embedded\4.9 2015q2\arm-none-eabi\lib\armv7e-m\fpu\libm.a(lib_a-wf_sqrt.o) (matherr)
C:\Program Files\GNU Tools ARM Embedded\4.9 2015q2\arm-none-eabi\lib\armv7e-m\fpu\libm.a(lib_a-sf_fabs.o)
                              C:\Program Files\GNU Tools ARM Embedded\4.9 2015q2\arm-none-eabi\lib\armv7e-m\fpu\libm.a(lib_a-ef_rem_pio2.o) (fabsf)
C:\Program Files\GNU Tools ARM Embedded\4.9 2015q2\arm-none-eabi\lib\armv7e-m\fpu\libm.a(lib_a-sf_floor.o)
                              C:\Program Files\GNU Tools ARM Embedded\4.9 2015q2\arm-none-eabi\lib\armv7e-m\fpu\libm.a(lib_a-kf_rem_pio2.o) (floorf)
C:\Program Files\GNU Tools ARM Embedded\4.9 2015q2\arm-none-eabi\lib\armv7e-m\fpu\libm.a(lib_a-sf_fpclassify.o)
                              C:\Program Files\GNU Tools ARM Embedded\4.9 2015q2\arm-none-eabi\lib\armv7e-m\fpu\libm.a(lib_a-wf_sqrt.o) (__fpclassifyf)
C:\Program Files\GNU Tools ARM Embedded\4.9 2015q2\arm-none-eabi\lib\armv7e-m\fpu\libm.a(lib_a-sf_scalbn.o)
                              C:\Program Files\GNU Tools ARM Embedded\4.9 2015q2\arm-none-eabi\lib\armv7e-m\fpu\libm.a(lib_a-kf_rem_pio2.o) (scalbnf)
C:\Program Files\GNU Tools ARM Embedded\4.9 2015q2\arm-none-eabi\lib\armv7e-m\fpu\libm.a(lib_a-sf_copysign.o)
                              C:\Program Files\GNU Tools ARM Embedded\4.9 2015q2\arm-none-eabi\lib\armv7e-m\fpu\libm.a(lib_a-sf_scalbn.o) (copysignf)
c:/program files/gnu tools arm embedded/4.9 2015q2/bin/../lib/gcc/arm-none-eabi/4.9.3/armv7e-m/fpu\libgcc.a(_arm_addsubdf3.o)
                              ..\obj\ADS1220.o (__aeabi_dsub)
c:/program files/gnu tools arm embedded/4.9 2015q2/bin/../lib/gcc/arm-none-eabi/4.9.3/armv7e-m/fpu\libgcc.a(_arm_muldivdf3.o)
                              ..\obj\ADS1220.o (__aeabi_dmul)
c:/program files/gnu tools arm embedded/4.9 2015q2/bin/../lib/gcc/arm-none-eabi/4.9.3/armv7e-m/fpu\libgcc.a(_arm_truncdfsf2.o)
                              ..\obj\ADS1220.o (__aeabi_d2f)
C:\Program Files\GNU Tools ARM Embedded\4.9 2015q2\arm-none-eabi\lib\armv7e-m\fpu\libg.a(lib_a-errno.o)
                              C:\Program Files\GNU Tools ARM Embedded\4.9 2015q2\arm-none-eabi\lib\armv7e-m\fpu\libm.a(lib_a-wf_sqrt.o) (__errno)

Allocating common symbols
[...]
Memory Configuration

Name             Origin             Length             Attributes
rom              0x08000000         0x00100000         xr
ram              0x20000000         0x00020000         xrw
ram1             0x10000000         0x00010000         xrw
*default*        0x00000000         0xffffffff

Linker script and memory map

                0x20020000                _eram = 0x20020000

.text           0x08000000     0x40f4
 *(.isr_vector)
 .isr_vector    0x08000000      0x188 ..\obj\startup_stm32f4xx.o
                0x08000000                g_pfnVectors
 *(.text*)
 .text.USB_OTG_WritePacket
                0x08000188       0x78 ..\obj\usb_core.o
                0x08000188                USB_OTG_WritePacket
 .text.USB_OTG_ReadPacket
                0x08000200       0x58 ..\obj\usb_core.o
                0x08000200                USB_OTG_ReadPacket
 .text.USB_OTG_FlushTxFifo
                0x08000258       0x7c ..\obj\usb_core.o
                0x08000258                USB_OTG_FlushTxFifo
 .text.USB_OTG_GetMode
                0x080002d4       0x20 ..\obj\usb_core.o
                0x080002d4                USB_OTG_GetMode
 .text.USB_OTG_IsDeviceMode
                0x080002f4       0x24 ..\obj\usb_core.o
                0x080002f4                USB_OTG_IsDeviceMode
 .text.USB_OTG_ReadCoreItr
                0x08000318       0x30 ..\obj\usb_core.o
                0x08000318                USB_OTG_ReadCoreItr
 .text.USB_OTG_GetDeviceSpeed
                0x08000348       0x48 ..\obj\usb_core.o
                0x08000348                USB_OTG_GetDeviceSpeed
 .text.USB_OTG_EP0Activate
                0x08000390       0x78 ..\obj\usb_core.o
                0x08000390                USB_OTG_EP0Activate
 .text.USB_OTG_EPActivate
                0x08000408       0xdc ..\obj\usb_core.o
                0x08000408                USB_OTG_EPActivate
 .text.USB_OTG_EPStartXfer
                0x080004e4      0x280 ..\obj\usb_core.o
                0x080004e4                USB_OTG_EPStartXfer
 .text.USB_OTG_EP0StartXfer
                0x08000764      0x1d4 ..\obj\usb_core.o
                0x08000764                USB_OTG_EP0StartXfer
 .text.USB_OTG_EPSetStall
                0x08000938       0x88 ..\obj\usb_core.o
                0x08000938                USB_OTG_EPSetStall
 .text.USB_OTG_EPClearStall
                0x080009c0       0x78 ..\obj\usb_core.o
                0x080009c0                USB_OTG_EPClearStall
 .text.USB_OTG_ReadDevAllOutEp_itr
                0x08000a38       0x2c ..\obj\usb_core.o
                0x08000a38                USB_OTG_ReadDevAllOutEp_itr
 .text.USB_OTG_ReadDevOutEP_itr
                0x08000a64       0x38 ..\obj\usb_core.o
                0x08000a64                USB_OTG_ReadDevOutEP_itr
 .text.USB_OTG_ReadDevAllInEPItr
                0x08000a9c       0x2c ..\obj\usb_core.o
                0x08000a9c                USB_OTG_ReadDevAllInEPItr
 .text.USB_OTG_EP0_OutStart
                0x08000ac8       0x70 ..\obj\usb_core.o
                0x08000ac8                USB_OTG_EP0_OutStart
 .text.USB_OTG_UngateClock
                0x08000b38       0x54 ..\obj\usb_core.o
                0x08000b38                USB_OTG_UngateClock
 .text.SDIO_ITConfig
                0x08000b8c       0x3c ..\obj\stm32f4xx_sdio.o
                0x08000b8c                SDIO_ITConfig
 .text.SDIO_GetITStatus
                0x08000bc8       0x34 ..\obj\stm32f4xx_sdio.o
                0x08000bc8                SDIO_GetITStatus
 .text.SDIO_ClearITPendingBit
                0x08000bfc       0x1c ..\obj\stm32f4xx_sdio.o
                0x08000bfc                SDIO_ClearITPendingBit
 .text.USART_GetITStatus
                0x08000c18       0xb8 ..\obj\stm32f4xx_usart.o
                0x08000c18                USART_GetITStatus
 .text.SD_ProcessIRQSrc
                0x08000cd0       0xc8 ..\obj\sdio_sd.o
                0x08000cd0                SD_ProcessIRQSrc
 .text.SD_ProcessDMAIRQ
                0x08000d98       0x30 ..\obj\sdio_sd.o
                0x08000d98                SD_ProcessDMAIRQ
 .text.SDIO_IRQHandler
                0x08000dc8        0xc ..\obj\diskio.o
                0x08000dc8                SDIO_IRQHandler
 .text.DMA2_Stream3_IRQHandler
                0x08000dd4        0xc ..\obj\diskio.o
                0x08000dd4                DMA2_Stream3_IRQHandler
 .text.Default_Reset_Handler
                0x08000de0       0x68 ..\obj\startup_stm32f4xx.o
                0x08000de0                Default_Reset_Handler
                0x08000de0                Reset_Handler
 .text.Default_Handler
                0x08000e48        0x8 ..\obj\startup_stm32f4xx.o
                0x08000e48                RTC_Alarm_IRQHandler
                0x08000e48                HASH_RNG_IRQHandler
                0x08000e48                EXTI2_IRQHandler
                0x08000e48                TIM8_CC_IRQHandler
                0x08000e48                DebugMon_Handler
                0x08000e48                TIM1_CC_IRQHandler
                0x08000e48                DMA2_Stream5_IRQHandler
                0x08000e48                HardFault_Handler
                0x08000e48                DMA1_Stream5_IRQHandler
                0x08000e48                TAMP_STAMP_IRQHandler
                0x08000e48                NMI_Handler
                0x08000e48                CAN2_RX1_IRQHandler
                0x08000e48                EXTI3_IRQHandler
                0x08000e48                TIM8_TRG_COM_TIM14_IRQHandler
                0x08000e48                TIM8_UP_TIM13_IRQHandler
                0x08000e48                I2C3_ER_IRQHandler
                0x08000e48                EXTI0_IRQHandler
                0x08000e48                I2C2_EV_IRQHandler
                0x08000e48                DMA1_Stream2_IRQHandler
                0x08000e48                CAN1_RX0_IRQHandler
                0x08000e48                FPU_IRQHandler
                0x08000e48                OTG_HS_WKUP_IRQHandler
                0x08000e48                UsageFault_Handler
                0x08000e48                CAN2_SCE_IRQHandler
                0x08000e48                DMA2_Stream2_IRQHandler
                0x08000e48                SPI1_IRQHandler
                0x08000e48                TIM6_DAC_IRQHandler
                0x08000e48                TIM1_BRK_TIM9_IRQHandler
                0x08000e48                DCMI_IRQHandler
                0x08000e48                CAN2_RX0_IRQHandler
                0x08000e48                CRYP_IRQHandler
                0x08000e48                CAN1_RX1_IRQHandler
                0x08000e48                UART5_IRQHandler
                0x08000e48                DMA2_Stream0_IRQHandler
                0x08000e48                I2C1_EV_IRQHandler
                0x08000e48                DMA1_Stream6_IRQHandler
                0x08000e48                DMA1_Stream1_IRQHandler
                0x08000e48                UART4_IRQHandler
                0x08000e48                TIM3_IRQHandler
                0x08000e48                RCC_IRQHandler
                0x08000e48                TIM8_BRK_TIM12_IRQHandler
                0x08000e48                EXTI15_10_IRQHandler
                0x08000e48                ADC_IRQHandler
                0x08000e48                DMA1_Stream7_IRQHandler
                0x08000e48                TIM7_IRQHandler
                0x08000e48                CAN2_TX_IRQHandler
                0x08000e48                DMA2_Stream7_IRQHandler
                0x08000e48                I2C3_EV_IRQHandler
                0x08000e48                EXTI9_5_IRQHandler
                0x08000e48                RTC_WKUP_IRQHandler
                0x08000e48                ETH_WKUP_IRQHandler
                0x08000e48                SPI2_IRQHandler
                0x08000e48                OTG_HS_EP1_IN_IRQHandler
                0x08000e48                MemManage_Handler
                0x08000e48                DMA1_Stream0_IRQHandler
                0x08000e48                CAN1_TX_IRQHandler
                0x08000e48                EXTI4_IRQHandler
                0x08000e48                FSMC_IRQHandler
                0x08000e48                ETH_IRQHandler
                0x08000e48                OTG_HS_EP1_OUT_IRQHandler
                0x08000e48                WWDG_IRQHandler
                0x08000e48                TIM1_TRG_COM_TIM11_IRQHandler
                0x08000e48                OTG_HS_IRQHandler
                0x08000e48                EXTI1_IRQHandler
                0x08000e48                USART2_IRQHandler
                0x08000e48                I2C2_ER_IRQHandler
                0x08000e48                DMA2_Stream1_IRQHandler
                0x08000e48                CAN1_SCE_IRQHandler
                0x08000e48                FLASH_IRQHandler
                0x08000e48                DMA2_Stream4_IRQHandler
                0x08000e48                BusFault_Handler
                0x08000e48                USART1_IRQHandler
                0x08000e48                SPI3_IRQHandler
                0x08000e48                DMA1_Stream4_IRQHandler
                0x08000e48                I2C1_ER_IRQHandler
                0x08000e48                DMA2_Stream6_IRQHandler
                0x08000e48                DMA1_Stream3_IRQHandler
 .text.USBD_SetupStage
                0x08000e50       0x6c ..\obj\usbd_core.o
 .text.USBD_DataOutStage
                0x08000ebc       0xcc ..\obj\usbd_core.o
 .text.USBD_DataInStage
                0x08000f88      0x104 ..\obj\usbd_core.o
 .text.USBD_Reset
                0x0800108c       0x44 ..\obj\usbd_core.o
 .text.USBD_Resume
                0x080010d0       0x24 ..\obj\usbd_core.o
 .text.USBD_Suspend
                0x080010f4       0x24 ..\obj\usbd_core.o
 .text.USBD_SOF
                0x08001118       0x2c ..\obj\usbd_core.o
 .text.USBD_SetCfg
                0x08001144       0x30 ..\obj\usbd_core.o
                0x08001144                USBD_SetCfg
 .text.USBD_ClrCfg
                0x08001174       0x28 ..\obj\usbd_core.o
                0x08001174                USBD_ClrCfg
 .text.USBD_IsoINIncomplete
                0x0800119c       0x20 ..\obj\usbd_core.o
 .text.USBD_IsoOUTIncomplete
                0x080011bc       0x20 ..\obj\usbd_core.o
 .text.main     0x080011dc       0x10 ..\obj\main.o
                0x080011dc                main
 .text.vApplicationTickHook
                0x080011ec       0x14 ..\obj\main.o
                0x080011ec                vApplicationTickHook
 .text.vApplicationMallocFailedHook
                0x08001200        0x8 ..\obj\main.o
                0x08001200                vApplicationMallocFailedHook
 .text.vApplicationStackOverflowHook
                0x08001208        0xc ..\obj\main.o
                0x08001208                vApplicationStackOverflowHook
 .text.vApplicationIdleHook
                0x08001214       0x18 ..\obj\main.o
                0x08001214                vApplicationIdleHook
 .text.xTaskGenericCreate
                0x0800122c      0x19c ..\obj\tasks.o
                0x0800122c                xTaskGenericCreate
 .text.vTaskStartScheduler
                0x080013c8       0x80 ..\obj\tasks.o
                0x080013c8                vTaskStartScheduler
 .text.vTaskSuspendAll
                0x08001448       0x1c ..\obj\tasks.o
                0x08001448                vTaskSuspendAll
 .text.xTaskResumeAll
                0x08001464      0x12c ..\obj\tasks.o
                0x08001464                xTaskResumeAll
 .text.xTaskIncrementTick
                0x08001590      0x190 ..\obj\tasks.o
                0x08001590                xTaskIncrementTick
 .text.vTaskSwitchContext
                0x08001720       0xfc ..\obj\tasks.o
                0x08001720                vTaskSwitchContext
 .text.xTaskRemoveFromEventList
                0x0800181c       0xc8 ..\obj\tasks.o
                0x0800181c                xTaskRemoveFromEventList
 .text.prvIdleTask
                0x080018e4       0x34 ..\obj\tasks.o
 .text.prvInitialiseTCBVariables
                0x08001918       0xa4 ..\obj\tasks.o
 .text.prvInitialiseTaskLists
                0x080019bc       0x7c ..\obj\tasks.o
 .text.prvCheckTasksWaitingTermination
                0x08001a38       0x74 ..\obj\tasks.o
 .text.prvAllocateTCBAndStack
                0x08001aac       0x70 ..\obj\tasks.o
 .text.prvDeleteTCB
                0x08001b1c       0x20 ..\obj\tasks.o
 .text.prvResetNextTaskUnblockTime
                0x08001b3c       0x48 ..\obj\tasks.o
 .text.TIM4_IRQHandler
                0x08001b84       0x34 ..\obj\porttimer.o
                0x08001b84                TIM4_IRQHandler
 .text.TIM5_IRQHandler
                0x08001bb8       0x34 ..\obj\porttimer.o
                0x08001bb8                TIM5_IRQHandler
 .text.TIM1_UP_TIM10_IRQHandler
                0x08001bec       0x34 ..\obj\porttimer.o
                0x08001bec                TIM1_UP_TIM10_IRQHandler
 .text.vListInitialise
                0x08001c20       0x40 ..\obj\list.o
                0x08001c20                vListInitialise
 .text.vListInitialiseItem
                0x08001c60       0x18 ..\obj\list.o
                0x08001c60                vListInitialiseItem
 .text.vListInsertEnd
                0x08001c78       0x48 ..\obj\list.o
                0x08001c78                vListInsertEnd
 .text.uxListRemove
                0x08001cc0       0x54 ..\obj\list.o
                0x08001cc0                uxListRemove
 .text.SystemInit
                0x08001d14       0x68 ..\obj\system_stm32f4xx.o
                0x08001d14                SystemInit
 .text.SetSysClock
                0x08001d7c       0xf4 ..\obj\system_stm32f4xx.o
 .text.DMA_ClearFlag
                0x08001e70       0x5c ..\obj\stm32f4xx_dma.o
                0x08001e70                DMA_ClearFlag
 .text.USB_OTG_BSP_uDelay
                0x08001ecc       0x48 ..\obj\usb_bsp.o
                0x08001ecc                USB_OTG_BSP_uDelay
 .text.OTG_FS_WKUP_IRQHandler
                0x08001f14       0x34 ..\obj\usb_bsp.o
                0x08001f14                OTG_FS_WKUP_IRQHandler
 .text.OTG_FS_IRQHandler
                0x08001f48       0x10 ..\obj\usb_bsp.o
                0x08001f48                OTG_FS_IRQHandler
 .text.USBD_StdDevReq
                0x08001f58       0xa0 ..\obj\usbd_req.o
                0x08001f58                USBD_StdDevReq
 .text.USBD_StdItfReq
                0x08001ff8       0x68 ..\obj\usbd_req.o
                0x08001ff8                USBD_StdItfReq
 .text.USBD_StdEPReq
                0x08002060      0x1b0 ..\obj\usbd_req.o
                0x08002060                USBD_StdEPReq
 .text.USBD_GetDescriptor
                0x08002210      0x1b8 ..\obj\usbd_req.o
 .text.USBD_SetAddress
                0x080023c8       0x7c ..\obj\usbd_req.o
 .text.USBD_SetConfig
                0x08002444       0xf4 ..\obj\usbd_req.o
 .text.USBD_GetConfig
                0x08002538       0x60 ..\obj\usbd_req.o
 .text.USBD_GetStatus
                0x08002598       0x50 ..\obj\usbd_req.o
 .text.USBD_SetFeature
                0x080025e8       0xcc ..\obj\usbd_req.o
 .text.USBD_ClrFeature
                0x080026b4       0x50 ..\obj\usbd_req.o
 .text.USBD_ParseSetupRequest
                0x08002704       0x90 ..\obj\usbd_req.o
                0x08002704                USBD_ParseSetupRequest
 .text.USBD_CtlError
                0x08002794       0x48 ..\obj\usbd_req.o
                0x08002794                USBD_CtlError
 .text.xQueueGiveFromISR
                0x080027dc       0xd4 ..\obj\queue.o
                0x080027dc                xQueueGiveFromISR
 .text.pxPortInitialiseStack
                0x080028b0       0x64 ..\obj\port.o
                0x080028b0                pxPortInitialiseStack
 .text.prvTaskExitError
                0x08002914       0x3c ..\obj\port.o
 .text.SVC_Handler
                0x08002950       0x20 ..\obj\port.o
                0x08002950                SVC_Handler
 .text.prvPortStartFirstTask
                0x08002970       0x20 ..\obj\port.o
 .text.xPortStartScheduler
                0x08002990       0xd0 ..\obj\port.o
                0x08002990                xPortStartScheduler
 .text.vPortEnterCritical
                0x08002a60       0x5c ..\obj\port.o
                0x08002a60                vPortEnterCritical
 .text.vPortExitCritical
                0x08002abc       0x4c ..\obj\port.o
                0x08002abc                vPortExitCritical
 .text.PendSV_Handler
                0x08002b08       0x60 ..\obj\port.o
                0x08002b08                PendSV_Handler
 .text.SysTick_Handler
                0x08002b68       0x44 ..\obj\port.o
                0x08002b68                SysTick_Handler
 .text.vPortSetupTimerInterrupt
                0x08002bac       0x24 ..\obj\port.o
                0x08002bac                vPortSetupTimerInterrupt
 .text.vPortEnableVFP
                0x08002bd0       0x14 ..\obj\port.o
 .text.vPortValidateInterruptPriority
                0x08002be4       0x78 ..\obj\port.o
                0x08002be4                vPortValidateInterruptPriority
 .text.USBD_OTG_ISR_Handler
                0x08002c5c      0x15c ..\obj\usb_dcd_int.o
                0x08002c5c                USBD_OTG_ISR_Handler
 .text.DCD_HandleResume_ISR
                0x08002db8       0x80 ..\obj\usb_dcd_int.o
 .text.DCD_HandleUSBSuspend_ISR
                0x08002e38       0x9c ..\obj\usb_dcd_int.o
 .text.DCD_HandleInEP_ISR
                0x08002ed4      0x1ec ..\obj\usb_dcd_int.o
 .text.DCD_HandleOutEP_ISR
                0x080030c0      0x178 ..\obj\usb_dcd_int.o
 .text.DCD_HandleSof_ISR
                0x08003238       0x34 ..\obj\usb_dcd_int.o
 .text.DCD_HandleRxStatusQueueLevel_ISR
                0x0800326c      0x104 ..\obj\usb_dcd_int.o
 .text.DCD_WriteEmptyTxFifo
                0x08003370      0x110 ..\obj\usb_dcd_int.o
 .text.DCD_HandleUsbReset_ISR
                0x08003480      0x138 ..\obj\usb_dcd_int.o
 .text.DCD_HandleEnumDone_ISR
                0x080035b8       0x78 ..\obj\usb_dcd_int.o
 .text.DCD_IsoINIncomplete_ISR
                0x08003630       0x34 ..\obj\usb_dcd_int.o
 .text.DCD_IsoOUTIncomplete_ISR
                0x08003664       0x34 ..\obj\usb_dcd_int.o
 .text.DCD_ReadDevInEP
                0x08003698       0x50 ..\obj\usb_dcd_int.o
 .text.USART3_IRQHandler
                0x080036e8       0x94 ..\obj\portserial.o
                0x080036e8                USART3_IRQHandler
 .text.USART6_IRQHandler
                0x0800377c       0x94 ..\obj\portserial.o
                0x0800377c                USART6_IRQHandler
 .text.TIM2_IRQHandler
                0x08003810      0x148 ..\obj\frequency.o
                0x08003810                TIM2_IRQHandler
 .text.EXTI_GetITStatus
                0x08003958       0x48 ..\obj\stm32f4xx_exti.o
                0x08003958                EXTI_GetITStatus
 .text.EXTI_ClearITPendingBit
                0x080039a0       0x1c ..\obj\stm32f4xx_exti.o
                0x080039a0                EXTI_ClearITPendingBit
 .text.DCD_EP_Open
                0x080039bc       0xa8 ..\obj\usb_dcd.o
                0x080039bc                DCD_EP_Open
 .text.DCD_EP_PrepareRx
                0x08003a64       0x84 ..\obj\usb_dcd.o
                0x08003a64                DCD_EP_PrepareRx
 .text.DCD_EP_Tx
                0x08003ae8       0x78 ..\obj\usb_dcd.o
                0x08003ae8                DCD_EP_Tx
 .text.DCD_EP_Stall
                0x08003b60       0x74 ..\obj\usb_dcd.o
                0x08003b60                DCD_EP_Stall
 .text.DCD_EP_ClrStall
                0x08003bd4       0x74 ..\obj\usb_dcd.o
                0x08003bd4                DCD_EP_ClrStall
 .text.DCD_EP_SetAddress
                0x08003c48       0x3c ..\obj\usb_dcd.o
                0x08003c48                DCD_EP_SetAddress
 .text.USBD_CtlSendData
                0x08003c84       0x40 ..\obj\usbd_ioreq.o
                0x08003c84                USBD_CtlSendData
 .text.USBD_CtlContinueSendData
                0x08003cc4       0x28 ..\obj\usbd_ioreq.o
                0x08003cc4                USBD_CtlContinueSendData
 .text.USBD_CtlContinueRx
                0x08003cec       0x28 ..\obj\usbd_ioreq.o
                0x08003cec                USBD_CtlContinueRx
 .text.USBD_CtlSendStatus
                0x08003d14       0x30 ..\obj\usbd_ioreq.o
                0x08003d14                USBD_CtlSendStatus
 .text.USBD_CtlReceiveStatus
                0x08003d44       0x30 ..\obj\usbd_ioreq.o
                0x08003d44                USBD_CtlReceiveStatus
 .text.pvPortMalloc
                0x08003d74      0x124 ..\obj\heap_2.o
                0x08003d74                pvPortMalloc
 .text.vPortFree
                0x08003e98       0x70 ..\obj\heap_2.o
                0x08003e98                vPortFree
 .text.xPortGetFreeHeapSize
                0x08003f08       0x18 ..\obj\heap_2.o
                0x08003f08                xPortGetFreeHeapSize
 .text.prvHeapInit
                0x08003f20       0x50 ..\obj\heap_2.o
 .text.TIM_ClearITPendingBit
                0x08003f70       0x20 ..\obj\stm32f4xx_tim.o
                0x08003f70                TIM_ClearITPendingBit
 .text.NVIC_SystemReset
                0x08003f90       0x28 ..\obj\power_detector.o
 .text.PVD_IRQHandler
                0x08003fb8       0x20 ..\obj\power_detector.o
                0x08003fb8                PVD_IRQHandler
 .text.memcmp   0x08003fd8       0x64 C:\Program Files\GNU Tools ARM Embedded\4.9 2015q2\arm-none-eabi\lib\armv7e-m\fpu\libc.a(lib_a-memcmp.o)
                0x08003fd8                memcmp
 .text.memset   0x0800403c       0x9c C:\Program Files\GNU Tools ARM Embedded\4.9 2015q2\arm-none-eabi\lib\armv7e-m\fpu\libc.a(lib_a-memset.o)
                0x0800403c                memset
 *(.init)
 *(.fini)
 *crtbegin.o(.ctors)
 *crtbegin?.o(.ctors)
 *(EXCLUDE_FILE(*crtend.o *crtend?.o) .ctors)
 *(SORT(.ctors.*))
 *(.ctors)
 *crtbegin.o(.dtors)
 *crtbegin?.o(.dtors)
 *(EXCLUDE_FILE(*crtend.o *crtend?.o) .dtors)
 *(SORT(.dtors.*))
 *(.dtors)
 *(.rodata*)
 .rodata        0x080040d8       0x1c ..\obj\tasks.o
 *(.eh_fram e*)

.glue_7         0x080040f4        0x0
 .glue_7        0x00000000        0x0 linker stubs

.glue_7t        0x080040f4        0x0
 .glue_7t       0x00000000        0x0 linker stubs

.vfp11_veneer   0x080040f4        0x0
 .vfp11_veneer  0x00000000        0x0 linker stubs

.v4_bx          0x080040f4        0x0
 .v4_bx         0x00000000        0x0 linker stubs

.iplt           0x080040f4        0x0
 .iplt          0x00000000        0x0 ..\obj\socket.o

.rel.dyn        0x080040f4        0x0
 .rel.iplt      0x00000000        0x0 ..\obj\socket.o

.ARM.extab
 *(.ARM.extab* .gnu.linkonce.armextab.*)
                0x080040f4                __exidx_start = .

.ARM.exidx
 *(.ARM.exidx* .gnu.linkonce.armexidx.*)
                0x080040f4                __exidx_end = .
                0x080040f4                __etext = .
                0x080040f4                _sidata = __etext

.data           0x20000000       0x3c load address 0x080040f4
                0x20000000                __data_start__ = .
                0x20000000                _sdata = __data_start__
 *(vtable)
 *(.data*)
 .data          0x20000000       0x30 ..\obj\usbd_core.o
                0x20000000                USBD_DCD_INT_cb
                0x2000002c                USBD_DCD_INT_fops
 .data          0x20000030        0x4 ..\obj\tasks.o
 .data          0x20000034        0x4 ..\obj\port.o
 .data          0x20000038        0x4 ..\obj\heap_2.o
                0x2000003c                . = ALIGN (0x4)
                0x2000003c                PROVIDE (__preinit_array_start, .)
 *(.preinit_array)
                0x2000003c                PROVIDE (__preinit_array_end, .)
                0x2000003c                . = ALIGN (0x4)
                0x2000003c                PROVIDE (__init_array_start, .)
 *(SORT(.init_array.*))
 *(.init_array)
                0x2000003c                PROVIDE (__init_array_end, .)
                0x2000003c                . = ALIGN (0x4)
                0x2000003c                PROVIDE (__fini_array_start, .)
 *(SORT(.fini_array.*))
 *(.fini_array)
                0x2000003c                PROVIDE (__fini_array_end, .)
 *(.jcr*)
                0x2000003c                . = ALIGN (0x4)
                0x2000003c                __data_end__ = .
                0x2000003c                _edata = __data_end__

.igot.plt       0x2000003c        0x0 load address 0x08004130
 .igot.plt      0x00000000        0x0 ..\obj\socket.o

.bss            0x2000003c     0x47a8 load address 0x08004130
                0x2000003c                . = ALIGN (0x4)
                0x2000003c                __bss_start__ = .
                0x2000003c                _sbss = __bss_start__
 *(.bss*)
 .bss           0x2000003c       0x48 ..\obj\sdio_sd.o
                0x20000074                StopCondition
                0x20000078                TransferError
                0x2000007c                TransferEnd
                0x20000080                DMAEndOfTransfer
 .bss           0x20000084       0xfc ..\obj\tasks.o
                0x20000084                pxCurrentTCB
 .bss           0x20000180        0xc ..\obj\porttimer.o
 .bss           0x2000018c        0xd ..\obj\usbd_req.o
                0x2000018c                USBD_ep_status
                0x20000190                USBD_default_cfg
                0x20000194                USBD_cfg_status
 *fill*         0x20000199        0x3 
 .bss           0x2000019c        0x8 ..\obj\port.o
 .bss           0x200001a4       0x14 ..\obj\portserial.o
 .bss           0x200001b8       0x1c ..\obj\frequency.o
                0x200001d0                xHigherPriorityTaskWoken
 .bss           0x200001d4     0x4014 ..\obj\heap_2.o
 *(COMMON)
 COMMON         0x200041e8      0x5f4 ..\obj\portserial.o
                0x200041e8                temp_char
                0x200041ec                USB_OTG_dev
 COMMON         0x200047dc        0x8 ..\obj\frequency.o
                0x200047dc                xFrequencySemaphore
                0x200047e4                . = ALIGN (0x4)
                0x200047e4                __bss_end__ = .
                0x200047e4                _ebss = __bss_end__

.heap           0x200047e4        0x0
                0x200047e4                __end__ = .
                0x200047e4                _end = __end__
                0x200047e4                end = __end__
 *(.heap*)
                0x200047e4                __HeapLimit = .

.co_stack       0x200047e4      0x804 load address 0x080088d8
                0x200047e8                . = ALIGN (0x8)
 *fill*         0x200047e4        0x4 
 *(.co_stack .co_stack.*)
 .co_stack      0x200047e8      0x800 ..\obj\startup_stm32f4xx.o
                0x200047e8                pulStack
                0x20020000                __StackTop = (ORIGIN (ram) + 0x20000)
                0x2001f7fc                __StackLimit = (__StackTop - SIZEOF (.co_stack))
                0x20020000                PROVIDE (__stack, __StackTop)
                0x00000001                ASSERT ((__StackLimit >= __HeapLimit), region ram  overflowed with stack)
LOAD C:\Program Files\GNU Tools ARM Embedded\4.9 2015q2\arm-none-eabi\lib\armv7e-m\fpu\libc.a
LOAD ..\obj\socket.o
LOAD ..\obj\stm32f4xx_syscfg.o
LOAD ..\obj\usb_core.o
LOAD ..\obj\low_level_sdio.o
LOAD ..\obj\mbport.o
LOAD ..\obj\calc.o
LOAD ..\obj\mb.o
LOAD ..\obj\stm32f4xx_sdio.o
LOAD ..\obj\protocol.o
LOAD ..\obj\mbfuncdisc.o
LOAD ..\obj\usbd_usr.o
LOAD ..\obj\portevent.o
LOAD ..\obj\mbfuncother.o
LOAD ..\obj\stm32f4xx_usart.o
LOAD ..\obj\stm32f4xx_pwr.o
LOAD ..\obj\rtc.o
LOAD ..\obj\sdio_sd.o
LOAD ..\obj\mbutils.o
LOAD ..\obj\diskio.o
LOAD ..\obj\startup_stm32f4xx.o
LOAD ..\obj\stm32f4xx_iwdg.o
LOAD ..\obj\mbfuncholding.o
LOAD ..\obj\usbd_core.o
LOAD ..\obj\main.o
LOAD ..\obj\mbcrc.o
LOAD ..\obj\wiznet.o
LOAD ..\obj\stm32f4xx_rcc.o
LOAD ..\obj\mbfuncfile.o
LOAD ..\obj\timers.o
LOAD ..\obj\log.o
LOAD ..\obj\wizchip_conf.o
LOAD ..\obj\mbfuncinput.o
LOAD ..\obj\printf.o
LOAD ..\obj\w5500.o
LOAD ..\obj\watchdog.o
LOAD ..\obj\mbfuncdiag.o
LOAD ..\obj\tasks.o
LOAD ..\obj\usbd_desc.o
LOAD ..\obj\fram_i2c.o
LOAD ..\obj\stm32f4xx_gpio.o
LOAD ..\obj\porttimer.o
LOAD ..\obj\usbd_cdc_vcp.o
LOAD ..\obj\list.o
LOAD ..\obj\mbrtu.o
LOAD ..\obj\system_stm32f4xx.o
LOAD ..\obj\syscalls.o
LOAD ..\obj\stm32f4xx_dma.o
LOAD ..\obj\usb_bsp.o
LOAD ..\obj\usbd_req.o
LOAD ..\obj\queue.o
LOAD ..\obj\port.o
LOAD ..\obj\usb_dcd_int.o
LOAD ..\obj\portserial.o
LOAD ..\obj\usbd_cdc_core.o
LOAD ..\obj\ff.o
LOAD ..\obj\croutine.o
LOAD ..\obj\stm32f4xx_spi.o
LOAD ..\obj\mbfunccoils.o
LOAD ..\obj\event_groups.o
LOAD ..\obj\ADS1220.o
LOAD ..\obj\stm32f4xx_i2c.o
LOAD ..\obj\frequency.o
LOAD ..\obj\stm32f4xx_exti.o
LOAD ..\obj\misc.o
LOAD ..\obj\usb_dcd.o
LOAD ..\obj\stm32f4xx_rtc.o
LOAD ..\obj\usbd_ioreq.o
LOAD ..\obj\mbascii.o
LOAD ..\obj\heap_2.o
LOAD ..\obj\controller.o
LOAD ..\obj\stm32f4xx_tim.o
LOAD ..\obj\power_detector.o
LOAD C:\Program Files\GNU Tools ARM Embedded\4.9 2015q2\arm-none-eabi\lib\armv7e-m\fpu\libc.a
LOAD C:\Program Files\GNU Tools ARM Embedded\4.9 2015q2\arm-none-eabi\lib\armv7e-m\fpu\libg.a
LOAD C:\Program Files\GNU Tools ARM Embedded\4.9 2015q2\arm-none-eabi\lib\armv7e-m\fpu\libm.a
START GROUP
LOAD c:/program files/gnu tools arm embedded/4.9 2015q2/bin/../lib/gcc/arm-none-eabi/4.9.3/armv7e-m/fpu\libgcc.a
LOAD C:\Program Files\GNU Tools ARM Embedded\4.9 2015q2\arm-none-eabi\lib\armv7e-m\fpu\libg.a
LOAD C:\Program Files\GNU Tools ARM Embedded\4.9 2015q2\arm-none-eabi\lib\armv7e-m\fpu\libc.a
END GROUP
OUTPUT(IMS_CONTROLLER.elf elf32-littlearm)

.debug_info     0x00000000    0x157f9
 .debug_info    0x00000000     0x251b ..\obj\usb_core.o
 .debug_info    0x0000251b      0x7f5 ..\obj\stm32f4xx_sdio.o
 .debug_info    0x00002d10      0x9c2 ..\obj\stm32f4xx_usart.o
 .debug_info    0x000036d2     0x12d8 ..\obj\sdio_sd.o
 .debug_info    0x000049aa      0x978 ..\obj\diskio.o
 .debug_info    0x00005322       0xed ..\obj\startup_stm32f4xx.o
 .debug_info    0x0000540f      0xe95 ..\obj\usbd_core.o
 .debug_info    0x000062a4      0x172 ..\obj\main.o
 .debug_info    0x00006416     0x1822 ..\obj\tasks.o
 .debug_info    0x00007c38      0xe02 ..\obj\porttimer.o
 .debug_info    0x00008a3a      0x299 ..\obj\list.o
 .debug_info    0x00008cd3      0x592 ..\obj\system_stm32f4xx.o
 .debug_info    0x00009265      0x739 ..\obj\stm32f4xx_dma.o
 .debug_info    0x0000999e      0xfde ..\obj\usb_bsp.o
 .debug_info    0x0000a97c      0xf9b ..\obj\usbd_req.o
 .debug_info    0x0000b917      0xead ..\obj\queue.o
 .debug_info    0x0000c7c4      0x4d2 ..\obj\port.o
 .debug_info    0x0000cc96     0x1d86 ..\obj\usb_dcd_int.o
 .debug_info    0x0000ea1c     0x1bde ..\obj\portserial.o
 .debug_info    0x000105fa      0xc66 ..\obj\frequency.o
 .debug_info    0x00011260      0x347 ..\obj\stm32f4xx_exti.o
 .debug_info    0x000115a7     0x101d ..\obj\usb_dcd.o
 .debug_info    0x000125c4      0xcb7 ..\obj\usbd_ioreq.o
 .debug_info    0x0001327b      0x2ed ..\obj\heap_2.o
 .debug_info    0x00013568     0x1c61 ..\obj\stm32f4xx_tim.o
 .debug_info    0x000151c9      0x630 ..\obj\power_detector.o

.debug_abbrev   0x00000000     0x2e6a
 .debug_abbrev  0x00000000      0x2e7 ..\obj\usb_core.o
 .debug_abbrev  0x000002e7      0x177 ..\obj\stm32f4xx_sdio.o
 .debug_abbrev  0x0000045e      0x155 ..\obj\stm32f4xx_usart.o
 .debug_abbrev  0x000005b3      0x1e9 ..\obj\sdio_sd.o
 .debug_abbrev  0x0000079c      0x1d2 ..\obj\diskio.o
 .debug_abbrev  0x0000096e       0xb0 ..\obj\startup_stm32f4xx.o
 .debug_abbrev  0x00000a1e      0x21d ..\obj\usbd_core.o
 .debug_abbrev  0x00000c3b       0xe1 ..\obj\main.o
 .debug_abbrev  0x00000d1c      0x28d ..\obj\tasks.o
 .debug_abbrev  0x00000fa9      0x1cf ..\obj\porttimer.o
 .debug_abbrev  0x00001178       0xbc ..\obj\list.o
 .debug_abbrev  0x00001234      0x136 ..\obj\system_stm32f4xx.o
 .debug_abbrev  0x0000136a      0x155 ..\obj\stm32f4xx_dma.o
 .debug_abbrev  0x000014bf      0x229 ..\obj\usb_bsp.o
 .debug_abbrev  0x000016e8      0x293 ..\obj\usbd_req.o
 .debug_abbrev  0x0000197b      0x1d4 ..\obj\queue.o
 .debug_abbrev  0x00001b4f      0x1bb ..\obj\port.o
 .debug_abbrev  0x00001d0a      0x25b ..\obj\usb_dcd_int.o
 .debug_abbrev  0x00001f65      0x31b ..\obj\portserial.o
 .debug_abbrev  0x00002280      0x1de ..\obj\frequency.o
 .debug_abbrev  0x0000245e      0x1a5 ..\obj\stm32f4xx_exti.o
 .debug_abbrev  0x00002603      0x259 ..\obj\usb_dcd.o
 .debug_abbrev  0x0000285c      0x1af ..\obj\usbd_ioreq.o
 .debug_abbrev  0x00002a0b      0x16c ..\obj\heap_2.o
 .debug_abbrev  0x00002b77      0x187 ..\obj\stm32f4xx_tim.o
 .debug_abbrev  0x00002cfe      0x16c ..\obj\power_detector.o

.debug_aranges  0x00000000     0x10e8
 .debug_aranges
                0x00000000      0x138 ..\obj\usb_core.o
 .debug_aranges
                0x00000138      0x108 ..\obj\stm32f4xx_sdio.o
 .debug_aranges
                0x00000240      0x100 ..\obj\stm32f4xx_usart.o
 .debug_aranges
                0x00000340      0x130 ..\obj\sdio_sd.o
 .debug_aranges
                0x00000470       0x68 ..\obj\diskio.o
 .debug_aranges
                0x000004d8       0x28 ..\obj\startup_stm32f4xx.o
 .debug_aranges
                0x00000500       0x80 ..\obj\usbd_core.o
 .debug_aranges
                0x00000580       0x40 ..\obj\main.o
 .debug_aranges
                0x000005c0      0x170 ..\obj\tasks.o
 .debug_aranges
                0x00000730       0x90 ..\obj\porttimer.o
 .debug_aranges
                0x000007c0       0x40 ..\obj\list.o
 .debug_aranges
                0x00000800       0x30 ..\obj\system_stm32f4xx.o
 .debug_aranges
                0x00000830       0xb0 ..\obj\stm32f4xx_dma.o
 .debug_aranges
                0x000008e0       0x48 ..\obj\usb_bsp.o
 .debug_aranges
                0x00000928       0x88 ..\obj\usbd_req.o
 .debug_aranges
                0x000009b0       0xb8 ..\obj\queue.o
 .debug_aranges
                0x00000a68       0x80 ..\obj\port.o
 .debug_aranges
                0x00000ae8       0x80 ..\obj\usb_dcd_int.o
 .debug_aranges
                0x00000b68       0xb0 ..\obj\portserial.o
 .debug_aranges
                0x00000c18       0x40 ..\obj\frequency.o
 .debug_aranges
                0x00000c58       0x58 ..\obj\stm32f4xx_exti.o
 .debug_aranges
                0x00000cb0       0x80 ..\obj\usb_dcd.o
 .debug_aranges
                0x00000d30       0x50 ..\obj\usbd_ioreq.o
 .debug_aranges
                0x00000d80       0x40 ..\obj\heap_2.o
 .debug_aranges
                0x00000dc0      0x2f8 ..\obj\stm32f4xx_tim.o
 .debug_aranges
                0x000010b8       0x30 ..\obj\power_detector.o

.debug_ranges   0x00000000      0xf48
 .debug_ranges  0x00000000      0x128 ..\obj\usb_core.o
 .debug_ranges  0x00000128       0xf8 ..\obj\stm32f4xx_sdio.o
 .debug_ranges  0x00000220       0xf0 ..\obj\stm32f4xx_usart.o
 .debug_ranges  0x00000310      0x120 ..\obj\sdio_sd.o
 .debug_ranges  0x00000430       0x58 ..\obj\diskio.o
 .debug_ranges  0x00000488       0x18 ..\obj\startup_stm32f4xx.o
 .debug_ranges  0x000004a0       0x70 ..\obj\usbd_core.o
 .debug_ranges  0x00000510       0x30 ..\obj\main.o
 .debug_ranges  0x00000540      0x160 ..\obj\tasks.o
 .debug_ranges  0x000006a0       0x80 ..\obj\porttimer.o
 .debug_ranges  0x00000720       0x30 ..\obj\list.o
 .debug_ranges  0x00000750       0x20 ..\obj\system_stm32f4xx.o
 .debug_ranges  0x00000770       0xa0 ..\obj\stm32f4xx_dma.o
 .debug_ranges  0x00000810       0x38 ..\obj\usb_bsp.o
 .debug_ranges  0x00000848       0x78 ..\obj\usbd_req.o
 .debug_ranges  0x000008c0       0xa8 ..\obj\queue.o
 .debug_ranges  0x00000968       0x70 ..\obj\port.o
 .debug_ranges  0x000009d8       0x70 ..\obj\usb_dcd_int.o
 .debug_ranges  0x00000a48       0xa0 ..\obj\portserial.o
 .debug_ranges  0x00000ae8       0x30 ..\obj\frequency.o
 .debug_ranges  0x00000b18       0x48 ..\obj\stm32f4xx_exti.o
 .debug_ranges  0x00000b60       0x70 ..\obj\usb_dcd.o
 .debug_ranges  0x00000bd0       0x40 ..\obj\usbd_ioreq.o
 .debug_ranges  0x00000c10       0x30 ..\obj\heap_2.o
 .debug_ranges  0x00000c40      0x2e8 ..\obj\stm32f4xx_tim.o
 .debug_ranges  0x00000f28       0x20 ..\obj\power_detector.o

.debug_line     0x00000000     0x7709
 .debug_line    0x00000000      0x6fd ..\obj\usb_core.o
 .debug_line    0x000006fd      0x484 ..\obj\stm32f4xx_sdio.o
 .debug_line    0x00000b81      0x4e2 ..\obj\stm32f4xx_usart.o
 .debug_line    0x00001063      0x980 ..\obj\sdio_sd.o
 .debug_line    0x000019e3      0x368 ..\obj\diskio.o
 .debug_line    0x00001d4b       0xb0 ..\obj\startup_stm32f4xx.o
 .debug_line    0x00001dfb      0x31e ..\obj\usbd_core.o
 .debug_line    0x00002119      0x2fb ..\obj\main.o
 .debug_line    0x00002414      0xc32 ..\obj\tasks.o
 .debug_line    0x00003046      0x489 ..\obj\porttimer.o
 .debug_line    0x000034cf      0x28a ..\obj\list.o
 .debug_line    0x00003759      0x213 ..\obj\system_stm32f4xx.o
 .debug_line    0x0000396c      0x41c ..\obj\stm32f4xx_dma.o
 .debug_line    0x00003d88      0x2d4 ..\obj\usb_bsp.o
 .debug_line    0x0000405c      0x3e0 ..\obj\usbd_req.o
 .debug_line    0x0000443c      0x86f ..\obj\queue.o
 .debug_line    0x00004cab      0x386 ..\obj\port.o
 .debug_line    0x00005031      0x3bc ..\obj\usb_dcd_int.o
 .debug_line    0x000053ed      0x642 ..\obj\portserial.o
 .debug_line    0x00005a2f      0x452 ..\obj\frequency.o
 .debug_line    0x00005e81      0x2e5 ..\obj\stm32f4xx_exti.o
 .debug_line    0x00006166      0x348 ..\obj\usb_dcd.o
 .debug_line    0x000064ae      0x232 ..\obj\usbd_ioreq.o
 .debug_line    0x000066e0      0x2d6 ..\obj\heap_2.o
 .debug_line    0x000069b6      0xaaa ..\obj\stm32f4xx_tim.o
 .debug_line    0x00007460      0x2a9 ..\obj\power_detector.o

.debug_str      0x00000000     0x6e24
 .debug_str     0x00000000     0x13d0 ..\obj\usb_core.o
                               0x16b7 (size before relaxing)
 .debug_str     0x000013d0      0x4dc ..\obj\stm32f4xx_sdio.o
                                0x671 (size before relaxing)
 .debug_str     0x000018ac      0x4c9 ..\obj\stm32f4xx_usart.o
                                0x6c0 (size before relaxing)
 .debug_str     0x00001d75      0xb50 ..\obj\sdio_sd.o
                                0xf13 (size before relaxing)
 .debug_str     0x000028c5      0x6c6 ..\obj\diskio.o
                                0xbd5 (size before relaxing)
 .debug_str     0x00002f8b       0xbe ..\obj\startup_stm32f4xx.o
                                0x178 (size before relaxing)
 .debug_str     0x00003049      0x196 ..\obj\usbd_core.o
                                0xafc (size before relaxing)
 .debug_str     0x000031df       0xe3 ..\obj\main.o
                                0x257 (size before relaxing)
 .debug_str     0x000032c2      0xac8 ..\obj\tasks.o
                                0xcb2 (size before relaxing)
 .debug_str     0x00003d8a      0x902 ..\obj\porttimer.o
                               0x1006 (size before relaxing)
 .debug_str     0x0000468c       0xe8 ..\obj\list.o
                                0x2d8 (size before relaxing)
 .debug_str     0x00004774      0x19c ..\obj\system_stm32f4xx.o
                                0x3db (size before relaxing)
 .debug_str     0x00004910      0x35b ..\obj\stm32f4xx_dma.o
                                0x573 (size before relaxing)
 .debug_str     0x00004c6b      0x277 ..\obj\usb_bsp.o
                               0x1103 (size before relaxing)
 .debug_str     0x00004ee2      0x189 ..\obj\usbd_req.o
                                0xb27 (size before relaxing)
 .debug_str     0x0000506b      0x361 ..\obj\queue.o
                                0x693 (size before relaxing)
 .debug_str     0x000053cc      0x22a ..\obj\port.o
                                0x43b (size before relaxing)
 .debug_str     0x000055f6      0x292 ..\obj\usb_dcd_int.o
                               0x12b5 (size before relaxing)
 .debug_str     0x00005888      0x22e ..\obj\portserial.o
                               0x199d (size before relaxing)
 .debug_str     0x00005ab6      0x331 ..\obj\frequency.o
                                0xe27 (size before relaxing)
 .debug_str     0x00005de7      0x1db ..\obj\stm32f4xx_exti.o
                                0x38a (size before relaxing)
 .debug_str     0x00005fc2      0x118 ..\obj\usb_dcd.o
                                0xb57 (size before relaxing)
 .debug_str     0x000060da       0xd2 ..\obj\usbd_ioreq.o
                                0x9e6 (size before relaxing)
 .debug_str     0x000061ac      0x19b ..\obj\heap_2.o
                                0x340 (size before relaxing)
 .debug_str     0x00006347      0xa3a ..\obj\stm32f4xx_tim.o
                                0xe01 (size before relaxing)
 .debug_str     0x00006d81       0xa3 ..\obj\power_detector.o
                                0x8fe (size before relaxing)

.comment        0x00000000       0x70
 .comment       0x00000000       0x70 ..\obj\usb_core.o
                                 0x71 (size before relaxing)
 .comment       0x00000000       0x71 ..\obj\stm32f4xx_sdio.o
 .comment       0x00000000       0x71 ..\obj\stm32f4xx_usart.o
 .comment       0x00000000       0x71 ..\obj\sdio_sd.o
 .comment       0x00000000       0x71 ..\obj\diskio.o
 .comment       0x00000000       0x71 ..\obj\startup_stm32f4xx.o
 .comment       0x00000000       0x71 ..\obj\usbd_core.o
 .comment       0x00000000       0x71 ..\obj\main.o
 .comment       0x00000000       0x71 ..\obj\tasks.o
 .comment       0x00000000       0x71 ..\obj\porttimer.o
 .comment       0x00000000       0x71 ..\obj\list.o
 .comment       0x00000000       0x71 ..\obj\system_stm32f4xx.o
 .comment       0x00000000       0x71 ..\obj\stm32f4xx_dma.o
 .comment       0x00000000       0x71 ..\obj\usb_bsp.o
 .comment       0x00000000       0x71 ..\obj\usbd_req.o
 .comment       0x00000000       0x71 ..\obj\queue.o
 .comment       0x00000000       0x71 ..\obj\port.o
 .comment       0x00000000       0x71 ..\obj\usb_dcd_int.o
 .comment       0x00000000       0x71 ..\obj\portserial.o
 .comment       0x00000000       0x71 ..\obj\frequency.o
 .comment       0x00000000       0x71 ..\obj\stm32f4xx_exti.o
 .comment       0x00000000       0x71 ..\obj\usb_dcd.o
 .comment       0x00000000       0x71 ..\obj\usbd_ioreq.o
 .comment       0x00000000       0x71 ..\obj\heap_2.o
 .comment       0x00000000       0x71 ..\obj\stm32f4xx_tim.o
 .comment       0x00000000       0x71 ..\obj\power_detector.o

.ARM.attributes
                0x00000000       0x37
 .ARM.attributes
                0x00000000       0x39 ..\obj\usb_core.o
 .ARM.attributes
                0x00000039       0x39 ..\obj\stm32f4xx_sdio.o
 .ARM.attributes
                0x00000072       0x39 ..\obj\stm32f4xx_usart.o
 .ARM.attributes
                0x000000ab       0x39 ..\obj\sdio_sd.o
 .ARM.attributes
                0x000000e4       0x39 ..\obj\diskio.o
 .ARM.attributes
                0x0000011d       0x39 ..\obj\startup_stm32f4xx.o
 .ARM.attributes
                0x00000156       0x39 ..\obj\usbd_core.o
 .ARM.attributes
                0x0000018f       0x39 ..\obj\main.o
 .ARM.attributes
                0x000001c8       0x39 ..\obj\tasks.o
 .ARM.attributes
                0x00000201       0x39 ..\obj\porttimer.o
 .ARM.attributes
                0x0000023a       0x39 ..\obj\list.o
 .ARM.attributes
                0x00000273       0x39 ..\obj\system_stm32f4xx.o
 .ARM.attributes
                0x000002ac       0x39 ..\obj\stm32f4xx_dma.o
 .ARM.attributes
                0x000002e5       0x39 ..\obj\usb_bsp.o
 .ARM.attributes
                0x0000031e       0x39 ..\obj\usbd_req.o
 .ARM.attributes
                0x00000357       0x39 ..\obj\queue.o
 .ARM.attributes
                0x00000390       0x39 ..\obj\port.o
 .ARM.attributes
                0x000003c9       0x39 ..\obj\usb_dcd_int.o
 .ARM.attributes
                0x00000402       0x39 ..\obj\portserial.o
 .ARM.attributes
                0x0000043b       0x39 ..\obj\frequency.o
 .ARM.attributes
                0x00000474       0x39 ..\obj\stm32f4xx_exti.o
 .ARM.attributes
                0x000004ad       0x39 ..\obj\usb_dcd.o
 .ARM.attributes
                0x000004e6       0x39 ..\obj\usbd_ioreq.o
 .ARM.attributes
                0x0000051f       0x39 ..\obj\heap_2.o
 .ARM.attributes
                0x00000558       0x39 ..\obj\stm32f4xx_tim.o
 .ARM.attributes
                0x00000591       0x39 ..\obj\power_detector.o
 .ARM.attributes
                0x000005ca       0x34 C:\Program Files\GNU Tools ARM Embedded\4.9 2015q2\arm-none-eabi\lib\armv7e-m\fpu\libc.a(lib_a-memcmp.o)
 .ARM.attributes
                0x000005fe       0x34 C:\Program Files\GNU Tools ARM Embedded\4.9 2015q2\arm-none-eabi\lib\armv7e-m\fpu\libc.a(lib_a-memset.o)

.debug_frame    0x00000000     0x4560
 .debug_frame   0x00000000      0x584 ..\obj\usb_core.o
 .debug_frame   0x00000584      0x48c ..\obj\stm32f4xx_sdio.o
 .debug_frame   0x00000a10      0x490 ..\obj\stm32f4xx_usart.o
 .debug_frame   0x00000ea0      0x500 ..\obj\sdio_sd.o
 .debug_frame   0x000013a0      0x174 ..\obj\diskio.o
 .debug_frame   0x00001514       0x4c ..\obj\startup_stm32f4xx.o
 .debug_frame   0x00001560      0x1e8 ..\obj\usbd_core.o
 .debug_frame   0x00001748       0xac ..\obj\main.o
 .debug_frame   0x000017f4      0x624 ..\obj\tasks.o
 .debug_frame   0x00001e18      0x1f0 ..\obj\porttimer.o
 .debug_frame   0x00002008       0xd8 ..\obj\list.o
 .debug_frame   0x000020e0       0x7c ..\obj\system_stm32f4xx.o
 .debug_frame   0x0000215c      0x308 ..\obj\stm32f4xx_dma.o
 .debug_frame   0x00002464       0xdc ..\obj\usb_bsp.o
 .debug_frame   0x00002540      0x210 ..\obj\usbd_req.o
 .debug_frame   0x00002750      0x2ec ..\obj\queue.o
 .debug_frame   0x00002a3c      0x19c ..\obj\port.o
 .debug_frame   0x00002bd8      0x1e8 ..\obj\usb_dcd_int.o
 .debug_frame   0x00002dc0      0x2bc ..\obj\portserial.o
 .debug_frame   0x0000307c       0xbc ..\obj\frequency.o
 .debug_frame   0x00003138      0x148 ..\obj\stm32f4xx_exti.o
 .debug_frame   0x00003280      0x1e8 ..\obj\usb_dcd.o
 .debug_frame   0x00003468      0x110 ..\obj\usbd_ioreq.o
 .debug_frame   0x00003578       0xc0 ..\obj\heap_2.o
 .debug_frame   0x00003638      0xe54 ..\obj\stm32f4xx_tim.o
 .debug_frame   0x0000448c       0x68 ..\obj\power_detector.o
 .debug_frame   0x000044f4       0x38 C:\Program Files\GNU Tools ARM Embedded\4.9 2015q2\arm-none-eabi\lib\armv7e-m\fpu\libc.a(lib_a-memcmp.o)
 .debug_frame   0x0000452c       0x34 C:\Program Files\GNU Tools ARM Embedded\4.9 2015q2\arm-none-eabi\lib\armv7e-m\fpu\libc.a(lib_a-memset.o)
