Archive member included because of file (symbol)

c:/stm32/arm_eabi/bin/../lib/gcc/arm-none-eabi/4.7.2/thumb2\libgcc.a(_arm_addsubdf3.o)
                              ..\obj\ADS1220.o (__aeabi_dadd)
c:/stm32/arm_eabi/bin/../lib/gcc/arm-none-eabi/4.7.2/thumb2\libgcc.a(_arm_muldivdf3.o)
                              ..\obj\ADS1220.o (__aeabi_dmul)
c:/stm32/arm_eabi/bin/../lib/gcc/arm-none-eabi/4.7.2/thumb2\libgcc.a(_arm_truncdfsf2.o)
                              ..\obj\ADS1220.o (__aeabi_d2f)
c:/stm32/arm_eabi/bin/../lib/gcc/arm-none-eabi/4.7.2/thumb2\libgcc.a(_arm_addsubsf3.o)
                              ..\obj\ADS1220.o (__aeabi_ui2f)
c:/stm32/arm_eabi/bin/../lib/gcc/arm-none-eabi/4.7.2/thumb2\libgcc.a(_arm_muldivsf3.o)
                              ..\obj\ADS1220.o (__aeabi_fmul)
c:/stm32/arm_eabi/bin/../lib/gcc/arm-none-eabi/4.7.2/../../../../arm-none-eabi/lib/thumb2\libc.a(lib_a-memcmp.o)
                              ..\obj\tasks.o (memcmp)
c:/stm32/arm_eabi/bin/../lib/gcc/arm-none-eabi/4.7.2/../../../../arm-none-eabi/lib/thumb2\libc.a(lib_a-memcpy.o)
                              ..\obj\mbport.o (memcpy)
c:/stm32/arm_eabi/bin/../lib/gcc/arm-none-eabi/4.7.2/../../../../arm-none-eabi/lib/thumb2\libc.a(lib_a-memset.o)
                              ..\obj\tasks.o (memset)

Allocating common symbols
Common symbol       size              file

APP_Tx_Buffer       0x80              ..\obj\usbd_cdc_vcp.o
log_buf             0x80              ..\obj\log.o
stContext_RS232     0x174             ..\obj\protocol.o
stContext_RS485     0x174             ..\obj\protocol.o
stSettings          0x84              ..\obj\controller.o
usbd_cdc_OtherCfgDesc
                    0x43              ..\obj\usbd_cdc_core.o
APP_tx_ptr_tail     0x4               ..\obj\usbd_cdc_vcp.o
USB_Rx_Buffer       0x40              ..\obj\usbd_cdc_core.o
xMeasureDataMutex   0x4               ..\obj\controller.o
CmdBuff             0x8               ..\obj\usbd_cdc_core.o
xI2CBusMutex        0x4               ..\obj\fram_i2c.o
USB_OTG_dev         0x5f0             ..\obj\controller.o
xFrequencySemaphore
                    0x8               ..\obj\frequency.o
xADC_SPI_Mutex      0x4               ..\obj\ADS1220.o
APP_Rx_Buffer       0x800             ..\obj\usbd_cdc_core.o
stMeasureData       0x40              ..\obj\controller.o
xSettingsMutex      0x4               ..\obj\controller.o
task_watches        0x50              ..\obj\watchdog.o
USBD_StrDesc        0x32              ..\obj\usbd_req.o
APP_tx_ptr_head     0x4               ..\obj\usbd_cdc_vcp.o

Discarded input sections

 .text          0x00000000        0x0 ..\obj\stm32f4xx_syscfg.o
 .data          0x00000000        0x0 ..\obj\stm32f4xx_syscfg.o
 .bss           0x00000000        0x0 ..\obj\stm32f4xx_syscfg.o
 .text.SYSCFG_DeInit
                0x00000000       0x20 ..\obj\stm32f4xx_syscfg.o
 .text.SYSCFG_MemoryRemapConfig
                0x00000000       0x20 ..\obj\stm32f4xx_syscfg.o
 .text.SYSCFG_EXTILineConfig
                0x00000000       0x98 ..\obj\stm32f4xx_syscfg.o
 .text.SYSCFG_ETH_MediaInterfaceConfig
                0x00000000       0x1c ..\obj\stm32f4xx_syscfg.o
 .text.SYSCFG_CompensationCellCmd
                0x00000000       0x20 ..\obj\stm32f4xx_syscfg.o
 .text.SYSCFG_GetCompensationCellStatus
                0x00000000       0x38 ..\obj\stm32f4xx_syscfg.o
 .debug_info    0x00000000      0x279 ..\obj\stm32f4xx_syscfg.o
 .debug_abbrev  0x00000000      0x133 ..\obj\stm32f4xx_syscfg.o
 .debug_loc     0x00000000      0x144 ..\obj\stm32f4xx_syscfg.o
 .debug_aranges
                0x00000000       0x48 ..\obj\stm32f4xx_syscfg.o
 .debug_ranges  0x00000000       0x38 ..\obj\stm32f4xx_syscfg.o
 .debug_line    0x00000000      0x1ed ..\obj\stm32f4xx_syscfg.o
 .debug_str     0x00000000      0x273 ..\obj\stm32f4xx_syscfg.o
 .comment       0x00000000       0x31 ..\obj\stm32f4xx_syscfg.o
 .ARM.attributes
                0x00000000       0x33 ..\obj\stm32f4xx_syscfg.o
 .debug_frame   0x00000000       0xbc ..\obj\stm32f4xx_syscfg.o
 .text          0x00000000        0x0 ..\obj\usb_core.o
 .data          0x00000000        0x0 ..\obj\usb_core.o
 .bss           0x00000000        0x0 ..\obj\usb_core.o
 .text.USB_OTG_IsHostMode
                0x00000000       0x24 ..\obj\usb_core.o
 .text.USB_OTG_ReadOtgItr
                0x00000000       0x1c ..\obj\usb_core.o
 .text.USB_OTG_ActiveRemoteWakeup
                0x00000000       0x94 ..\obj\usb_core.o
 .text.USB_OTG_StopDevice
                0x00000000       0x9c ..\obj\usb_core.o
 .text.USB_OTG_GetEPStatus
                0x00000000       0xc0 ..\obj\usb_core.o
 .text.USB_OTG_SetEPStatus
                0x00000000      0x13c ..\obj\usb_core.o
 .text          0x00000000        0x0 ..\obj\mbport.o
 .bss           0x00000000        0x0 ..\obj\mbport.o
 .text          0x00000000        0x0 ..\obj\mb.o
 .bss           0x00000000        0x0 ..\obj\mb.o
 .text.eMBRegisterCB
                0x00000000       0xf0 ..\obj\mb.o
[...]
Memory Configuration

Name             Origin             Length             Attributes
rom              0x08000000         0x00100000         xr
ram              0x20000000         0x00020000         xrw
ram1             0x10000000         0x00010000         xrw
*default*        0x00000000         0xffffffff

Linker script and memory map

                0x20020000                _eram = 0x20020000

.text           0x08000000     0xe450
 *(.isr_vector)
 .isr_vector    0x08000000      0x188 ..\obj\startup_stm32f4xx.o
                0x08000000                g_pfnVectors
 *(.text*)
 .text.USB_OTG_EnableCommonInt
                0x08000188       0x44 ..\obj\usb_core.o
 .text.USB_OTG_CoreReset
                0x080001cc       0xa4 ..\obj\usb_core.o
 .text.USB_OTG_WritePacket
                0x08000270       0x84 ..\obj\usb_core.o
                0x08000270                USB_OTG_WritePacket
 .text.USB_OTG_ReadPacket
                0x080002f4       0x68 ..\obj\usb_core.o
                0x080002f4                USB_OTG_ReadPacket
 .text.USB_OTG_SelectCore
                0x0800035c      0x1b0 ..\obj\usb_core.o
                0x0800035c                USB_OTG_SelectCore
 .text.USB_OTG_CoreInit
                0x0800050c      0x1f8 ..\obj\usb_core.o
                0x0800050c                USB_OTG_CoreInit
 .text.USB_OTG_EnableGlobalInt
                0x08000704       0x3c ..\obj\usb_core.o
                0x08000704                USB_OTG_EnableGlobalInt
 .text.USB_OTG_DisableGlobalInt
                0x08000740       0x40 ..\obj\usb_core.o
                0x08000740                USB_OTG_DisableGlobalInt
 .text.USB_OTG_FlushTxFifo
                0x08000780       0x80 ..\obj\usb_core.o
                0x08000780                USB_OTG_FlushTxFifo
 .text.USB_OTG_FlushRxFifo
                0x08000800       0x6c ..\obj\usb_core.o
                0x08000800                USB_OTG_FlushRxFifo
 .text.USB_OTG_SetCurrentMode
                0x0800086c       0x64 ..\obj\usb_core.o
                0x0800086c                USB_OTG_SetCurrentMode
 .text.USB_OTG_GetMode
                0x080008d0       0x20 ..\obj\usb_core.o
                0x080008d0                USB_OTG_GetMode
 .text.USB_OTG_IsDeviceMode
                0x080008f0       0x24 ..\obj\usb_core.o
                0x080008f0                USB_OTG_IsDeviceMode
 .text.USB_OTG_ReadCoreItr
                0x08000914       0x30 ..\obj\usb_core.o
                0x08000914                USB_OTG_ReadCoreItr
 .text.USB_OTG_InitDevSpeed
                0x08000944       0x38 ..\obj\usb_core.o
                0x08000944                USB_OTG_InitDevSpeed
 .text.USB_OTG_CoreInitDev
                0x0800097c      0x2d8 ..\obj\usb_core.o
                0x0800097c                USB_OTG_CoreInitDev
 .text.USB_OTG_EnableDevInt
                0x08000c54       0xa4 ..\obj\usb_core.o
                0x08000c54                USB_OTG_EnableDevInt
 .text.USB_OTG_GetDeviceSpeed
                0x08000cf8       0x50 ..\obj\usb_core.o
                0x08000cf8                USB_OTG_GetDeviceSpeed
 .text.USB_OTG_EP0Activate
                0x08000d48       0x80 ..\obj\usb_core.o
                0x08000d48                USB_OTG_EP0Activate
 .text.USB_OTG_EPActivate
                0x08000dc8       0xf8 ..\obj\usb_core.o
                0x08000dc8                USB_OTG_EPActivate
 .text.USB_OTG_EPDeactivate
                0x08000ec0       0xa4 ..\obj\usb_core.o
                0x08000ec0                USB_OTG_EPDeactivate
 .text.USB_OTG_EPStartXfer
                0x08000f64      0x2d0 ..\obj\usb_core.o
                0x08000f64                USB_OTG_EPStartXfer
 .text.USB_OTG_EP0StartXfer
                0x08001234      0x200 ..\obj\usb_core.o
                0x08001234                USB_OTG_EP0StartXfer
 .text.USB_OTG_EPSetStall
                0x08001434       0x94 ..\obj\usb_core.o
                0x08001434                USB_OTG_EPSetStall
 .text.USB_OTG_EPClearStall
                0x080014c8       0x84 ..\obj\usb_core.o
                0x080014c8                USB_OTG_EPClearStall
 .text.USB_OTG_ReadDevAllOutEp_itr
                0x0800154c       0x30 ..\obj\usb_core.o
                0x0800154c                USB_OTG_ReadDevAllOutEp_itr
 .text.USB_OTG_ReadDevOutEP_itr
                0x0800157c       0x3c ..\obj\usb_core.o
                0x0800157c                USB_OTG_ReadDevOutEP_itr
 .text.USB_OTG_ReadDevAllInEPItr
                0x080015b8       0x34 ..\obj\usb_core.o
                0x080015b8                USB_OTG_ReadDevAllInEPItr
 .text.USB_OTG_EP0_OutStart
                0x080015ec       0x78 ..\obj\usb_core.o
                0x080015ec                USB_OTG_EP0_OutStart
 .text.USB_OTG_UngateClock
                0x08001664       0x54 ..\obj\usb_core.o
                0x08001664                USB_OTG_UngateClock
 .text.ENTER_CRITICAL_SECTION
                0x080016b8        0xc ..\obj\mbport.o
                0x080016b8                ENTER_CRITICAL_SECTION
 .text.EXIT_CRITICAL_SECTION
                0x080016c4        0xc ..\obj\mbport.o
                0x080016c4                EXIT_CRITICAL_SECTION
 .text.eMBRegInputCB
                0x080016d0      0x1bc ..\obj\mbport.o
                0x080016d0                eMBRegInputCB
 .text.eMBRegHoldingCB
                0x0800188c      0x6fc ..\obj\mbport.o
                0x0800188c                eMBRegHoldingCB
 .text.eMBRegCoilsCB
                0x08001f88       0x20 ..\obj\mbport.o
                0x08001f88                eMBRegCoilsCB
 .text.eMBRegDiscreteCB
                0x08001fa8       0x20 ..\obj\mbport.o
                0x08001fa8                eMBRegDiscreteCB
 .text.eMBFileCB
                0x08001fc8      0x16c ..\obj\mbport.o
                0x08001fc8                eMBFileCB
 .text.eMBInit  0x08002134      0x100 ..\obj\mb.o
                0x08002134                eMBInit
 .text.eMBEnable
                0x08002234       0x50 ..\obj\mb.o
                0x08002234                eMBEnable
 .text.eMBPoll  0x08002284      0x1ac ..\obj\mb.o
                0x08002284                eMBPoll
 .text.Protocol_Init
                0x08002430       0xd4 ..\obj\protocol.o
                0x08002430                Protocol_Init
 .text.Modbus_RS485_Task
                0x08002504       0x38 ..\obj\protocol.o
 .text.Modbus_RS232_Task
                0x0800253c       0x38 ..\obj\protocol.o
 .text.eMBFuncReadDiscreteInputs
                0x08002574      0x130 ..\obj\mbfuncdisc.o
                0x08002574                eMBFuncReadDiscreteInputs
 .text.USBD_USR_Init
                0x080026a4        0xc ..\obj\usbd_usr.o
                0x080026a4                USBD_USR_Init
 .text.USBD_USR_DeviceReset
                0x080026b0       0x14 ..\obj\usbd_usr.o
                0x080026b0                USBD_USR_DeviceReset
 .text.USBD_USR_DeviceConfigured
                0x080026c4        0xc ..\obj\usbd_usr.o
                0x080026c4                USBD_USR_DeviceConfigured
 .text.USBD_USR_DeviceSuspended
                0x080026d0        0xc ..\obj\usbd_usr.o
                0x080026d0                USBD_USR_DeviceSuspended
 .text.USBD_USR_DeviceResumed
                0x080026dc        0xc ..\obj\usbd_usr.o
                0x080026dc                USBD_USR_DeviceResumed
 .text.xMBPortEventInit
                0x080026e8       0x20 ..\obj\portevent.o
                0x080026e8                xMBPortEventInit
 .text.xMBPortEventPost
                0x08002708       0x2c ..\obj\portevent.o
                0x08002708                xMBPortEventPost
 .text.xMBPortEventGet
                0x08002734       0x3c ..\obj\portevent.o
                0x08002734                xMBPortEventGet
 .text.eMBFuncReportSlaveID
                0x08002770       0x44 ..\obj\mbfuncother.o
                0x08002770                eMBFuncReportSlaveID
 .text.USART_Init
                0x080027b4      0x19c ..\obj\stm32f4xx_usart.o
                0x080027b4                USART_Init
 .text.USART_Cmd
                0x08002950       0x40 ..\obj\stm32f4xx_usart.o
                0x08002950                USART_Cmd
 .text.USART_SendData
                0x08002990       0x28 ..\obj\stm32f4xx_usart.o
                0x08002990                USART_SendData
 .text.USART_ReceiveData
                0x080029b8       0x24 ..\obj\stm32f4xx_usart.o
                0x080029b8                USART_ReceiveData
 .text.USART_ITConfig
                0x080029dc       0xa4 ..\obj\stm32f4xx_usart.o
                0x080029dc                USART_ITConfig
 .text.USART_GetFlagStatus
                0x08002a80       0x40 ..\obj\stm32f4xx_usart.o
                0x08002a80                USART_GetFlagStatus
 .text.USART_ClearFlag
                0x08002ac0       0x24 ..\obj\stm32f4xx_usart.o
                0x08002ac0                USART_ClearFlag
 .text.USART_GetITStatus
                0x08002ae4       0xc4 ..\obj\stm32f4xx_usart.o
                0x08002ae4                USART_GetITStatus
 .text.PWR_BackupAccessCmd
                0x08002ba8       0x20 ..\obj\stm32f4xx_pwr.o
                0x08002ba8                PWR_BackupAccessCmd
 .text.RTC_Clock_Init
                0x08002bc8       0x94 ..\obj\rtc.o
                0x08002bc8                RTC_Clock_Init
 .text.prveMBError2Exception
                0x08002c5c       0x48 ..\obj\mbutils.o
                0x08002c5c                prveMBError2Exception
 .text.Default_Reset_Handler
                0x08002ca4       0x64 ..\obj\startup_stm32f4xx.o
                0x08002ca4                Default_Reset_Handler
                0x08002ca4                Reset_Handler
 .text.Default_Handler
                0x08002d08        0x8 ..\obj\startup_stm32f4xx.o
                0x08002d08                RTC_Alarm_IRQHandler
                0x08002d08                HASH_RNG_IRQHandler
                0x08002d08                EXTI2_IRQHandler
                0x08002d08                TIM8_CC_IRQHandler
                0x08002d08                DebugMon_Handler
                0x08002d08                TIM1_CC_IRQHandler
                0x08002d08                DMA2_Stream5_IRQHandler
                0x08002d08                HardFault_Handler
                0x08002d08                DMA1_Stream5_IRQHandler
                0x08002d08                SDIO_IRQHandler
                0x08002d08                TAMP_STAMP_IRQHandler
                0x08002d08                NMI_Handler
                0x08002d08                CAN2_RX1_IRQHandler
                0x08002d08                EXTI3_IRQHandler
                0x08002d08                TIM8_TRG_COM_TIM14_IRQHandler
                0x08002d08                TIM1_UP_TIM10_IRQHandler
                0x08002d08                TIM8_UP_TIM13_IRQHandler
                0x08002d08                I2C3_ER_IRQHandler
                0x08002d08                EXTI0_IRQHandler
                0x08002d08                I2C2_EV_IRQHandler
                0x08002d08                DMA1_Stream2_IRQHandler
                0x08002d08                CAN1_RX0_IRQHandler
                0x08002d08                FPU_IRQHandler
                0x08002d08                OTG_HS_WKUP_IRQHandler
                0x08002d08                UsageFault_Handler
                0x08002d08                CAN2_SCE_IRQHandler
                0x08002d08                DMA2_Stream2_IRQHandler
                0x08002d08                SPI1_IRQHandler
                0x08002d08                TIM6_DAC_IRQHandler
                0x08002d08                TIM1_BRK_TIM9_IRQHandler
                0x08002d08                DCMI_IRQHandler
                0x08002d08                CAN2_RX0_IRQHandler
                0x08002d08                DMA2_Stream3_IRQHandler
                0x08002d08                CRYP_IRQHandler
                0x08002d08                CAN1_RX1_IRQHandler
                0x08002d08                UART5_IRQHandler
                0x08002d08                DMA2_Stream0_IRQHandler
                0x08002d08                I2C1_EV_IRQHandler
                0x08002d08                DMA1_Stream6_IRQHandler
                0x08002d08                DMA1_Stream1_IRQHandler
                0x08002d08                UART4_IRQHandler
                0x08002d08                TIM3_IRQHandler
                0x08002d08                RCC_IRQHandler
                0x08002d08                TIM8_BRK_TIM12_IRQHandler
                0x08002d08                EXTI15_10_IRQHandler
                0x08002d08                ADC_IRQHandler
                0x08002d08                DMA1_Stream7_IRQHandler
                0x08002d08                TIM7_IRQHandler
                0x08002d08                CAN2_TX_IRQHandler
                0x08002d08                DMA2_Stream7_IRQHandler
                0x08002d08                I2C3_EV_IRQHandler
                0x08002d08                EXTI9_5_IRQHandler
                0x08002d08                RTC_WKUP_IRQHandler
                0x08002d08                ETH_WKUP_IRQHandler
                0x08002d08                SPI2_IRQHandler
                0x08002d08                OTG_HS_EP1_IN_IRQHandler
                0x08002d08                MemManage_Handler
                0x08002d08                DMA1_Stream0_IRQHandler
                0x08002d08                CAN1_TX_IRQHandler
                0x08002d08                EXTI4_IRQHandler
                0x08002d08                FSMC_IRQHandler
                0x08002d08                ETH_IRQHandler
                0x08002d08                OTG_HS_EP1_OUT_IRQHandler
                0x08002d08                WWDG_IRQHandler
                0x08002d08                TIM1_TRG_COM_TIM11_IRQHandler
                0x08002d08                OTG_HS_IRQHandler
                0x08002d08                EXTI1_IRQHandler
                0x08002d08                USART2_IRQHandler
                0x08002d08                I2C2_ER_IRQHandler
                0x08002d08                DMA2_Stream1_IRQHandler
                0x08002d08                CAN1_SCE_IRQHandler
                0x08002d08                FLASH_IRQHandler
                0x08002d08                DMA2_Stream4_IRQHandler
                0x08002d08                BusFault_Handler
                0x08002d08                USART1_IRQHandler
                0x08002d08                SPI3_IRQHandler
                0x08002d08                DMA1_Stream4_IRQHandler
                0x08002d08                I2C1_ER_IRQHandler
                0x08002d08                DMA2_Stream6_IRQHandler
                0x08002d08                DMA1_Stream3_IRQHandler
 .text.eMBFuncWriteHoldingRegister
                0x08002d10       0x80 ..\obj\mbfuncholding.o
                0x08002d10                eMBFuncWriteHoldingRegister
 .text.eMBFuncWriteMultipleHoldingRegister
                0x08002d90       0xd4 ..\obj\mbfuncholding.o
                0x08002d90                eMBFuncWriteMultipleHoldingRegister
 .text.eMBFuncReadHoldingRegister
                0x08002e64      0x10c ..\obj\mbfuncholding.o
                0x08002e64                eMBFuncReadHoldingRegister
 .text.eMBFuncReadWriteMultipleHoldingRegister
                0x08002f70      0x194 ..\obj\mbfuncholding.o
                0x08002f70                eMBFuncReadWriteMultipleHoldingRegister
 .text.USBD_Init
                0x08003104       0x58 ..\obj\usbd_core.o
                0x08003104                USBD_Init
 .text.USBD_DeInit
                0x0800315c       0x18 ..\obj\usbd_core.o
                0x0800315c                USBD_DeInit
 .text.USBD_SetupStage
                0x08003174       0x70 ..\obj\usbd_core.o
 .text.USBD_DataOutStage
                0x080031e4       0xd4 ..\obj\usbd_core.o
 .text.USBD_DataInStage
                0x080032b8      0x114 ..\obj\usbd_core.o
 .text.USBD_Reset
                0x080033cc       0x54 ..\obj\usbd_core.o
 .text.USBD_Resume
                0x08003420       0x2c ..\obj\usbd_core.o
 .text.USBD_Suspend
                0x0800344c       0x2c ..\obj\usbd_core.o
 .text.USBD_SOF
                0x08003478       0x30 ..\obj\usbd_core.o
 .text.USBD_SetCfg
                0x080034a8       0x34 ..\obj\usbd_core.o
                0x080034a8                USBD_SetCfg
 .text.USBD_ClrCfg
                0x080034dc       0x2c ..\obj\usbd_core.o
                0x080034dc                USBD_ClrCfg
 .text.USBD_IsoINIncomplete
                0x08003508       0x24 ..\obj\usbd_core.o
 .text.USBD_IsoOUTIncomplete
                0x0800352c       0x24 ..\obj\usbd_core.o
 .text.main     0x08003550       0x14 ..\obj\main.o
                0x08003550                main
 .text.vApplicationMallocFailedHook
                0x08003564        0x8 ..\obj\main.o
                0x08003564                vApplicationMallocFailedHook
 .text.vApplicationStackOverflowHook
                0x0800356c        0xc ..\obj\main.o
                0x0800356c                vApplicationStackOverflowHook
 .text.vApplicationIdleHook
                0x08003578       0x18 ..\obj\main.o
                0x08003578                vApplicationIdleHook
 .text.usMBCRC16
                0x08003590       0x84 ..\obj\mbcrc.o
                0x08003590                usMBCRC16
 .text.RCC_LSEConfig
                0x08003614       0x4c ..\obj\stm32f4xx_rcc.o
                0x08003614                RCC_LSEConfig
 .text.RCC_GetClocksFreq
                0x08003660      0x178 ..\obj\stm32f4xx_rcc.o
                0x08003660                RCC_GetClocksFreq
 .text.RCC_RTCCLKConfig
                0x080037d8       0x60 ..\obj\stm32f4xx_rcc.o
                0x080037d8                RCC_RTCCLKConfig
 .text.RCC_RTCCLKCmd
                0x08003838       0x20 ..\obj\stm32f4xx_rcc.o
                0x08003838                RCC_RTCCLKCmd
 .text.RCC_AHB1PeriphClockCmd
                0x08003858       0x40 ..\obj\stm32f4xx_rcc.o
                0x08003858                RCC_AHB1PeriphClockCmd
 .text.RCC_AHB2PeriphClockCmd
                0x08003898       0x40 ..\obj\stm32f4xx_rcc.o
                0x08003898                RCC_AHB2PeriphClockCmd
 .text.RCC_APB1PeriphClockCmd
                0x080038d8       0x40 ..\obj\stm32f4xx_rcc.o
                0x080038d8                RCC_APB1PeriphClockCmd
 .text.RCC_APB2PeriphClockCmd
                0x08003918       0x40 ..\obj\stm32f4xx_rcc.o
                0x08003918                RCC_APB2PeriphClockCmd
 .text.RCC_APB1PeriphResetCmd
                0x08003958       0x40 ..\obj\stm32f4xx_rcc.o
                0x08003958                RCC_APB1PeriphResetCmd
 .text.RCC_GetFlagStatus
                0x08003998       0x80 ..\obj\stm32f4xx_rcc.o
                0x08003998                RCC_GetFlagStatus
 .text.eMBFuncReadFile
                0x08003a18      0x260 ..\obj\mbfuncfile.o
                0x08003a18                eMBFuncReadFile
 .text.Log_Read_LogEntry
                0x08003c78       0x58 ..\obj\log.o
                0x08003c78                Log_Read_LogEntry
 .text.eMBFuncReadInputRegister
                0x08003cd0      0x110 ..\obj\mbfuncinput.o
                0x08003cd0                eMBFuncReadInputRegister
 .text.Watchdog_SetTaskStatus
                0x08003de0       0x30 ..\obj\watchdog.o
                0x08003de0                Watchdog_SetTaskStatus
 .text.Watchdog_IncrementCouter
                0x08003e10       0x30 ..\obj\watchdog.o
                0x08003e10                Watchdog_IncrementCouter
 .text.xTaskGenericCreate
                0x08003e40      0x170 ..\obj\tasks.o
                0x08003e40                xTaskGenericCreate
 .text.vTaskDelay
                0x08003fb0       0x90 ..\obj\tasks.o
                0x08003fb0                vTaskDelay
 .text.vTaskStartScheduler
                0x08004040       0x74 ..\obj\tasks.o
                0x08004040                vTaskStartScheduler
 .text.vTaskSuspendAll
                0x080040b4       0x1c ..\obj\tasks.o
                0x080040b4                vTaskSuspendAll
 .text.xTaskResumeAll
                0x080040d0      0x124 ..\obj\tasks.o
                0x080040d0                xTaskResumeAll
 .text.xTaskIncrementTick
                0x080041f4      0x198 ..\obj\tasks.o
                0x080041f4                xTaskIncrementTick
 .text.vTaskSwitchContext
                0x0800438c      0x104 ..\obj\tasks.o
                0x0800438c                vTaskSwitchContext
 .text.vTaskPlaceOnEventList
                0x08004490       0x98 ..\obj\tasks.o
                0x08004490                vTaskPlaceOnEventList
 .text.xTaskRemoveFromEventList
                0x08004528       0xcc ..\obj\tasks.o
                0x08004528                xTaskRemoveFromEventList
 .text.vTaskSetTimeOutState
                0x080045f4       0x34 ..\obj\tasks.o
                0x080045f4                vTaskSetTimeOutState
 .text.xTaskCheckForTimeOut
                0x08004628       0xac ..\obj\tasks.o
                0x08004628                xTaskCheckForTimeOut
 .text.vTaskMissedYield
                0x080046d4       0x18 ..\obj\tasks.o
                0x080046d4                vTaskMissedYield
 .text.prvIdleTask
                0x080046ec       0x24 ..\obj\tasks.o
 .text.prvInitialiseTCBVariables
                0x08004710       0xbc ..\obj\tasks.o
 .text.prvInitialiseTaskLists
                0x080047cc       0x88 ..\obj\tasks.o
 .text.prvCheckTasksWaitingTermination
                0x08004854       0x7c ..\obj\tasks.o
 .text.prvAddCurrentTaskToDelayedList
                0x080048d0       0x70 ..\obj\tasks.o
 .text.prvAllocateTCBAndStack
                0x08004940       0x7c ..\obj\tasks.o
 .text.prvDeleteTCB
                0x080049bc       0x20 ..\obj\tasks.o
 .text.prvResetNextTaskUnblockTime
                0x080049dc       0x4c ..\obj\tasks.o
 .text.vTaskPriorityInherit
                0x08004a28      0x108 ..\obj\tasks.o
                0x08004a28                vTaskPriorityInherit
 .text.xTaskPriorityDisinherit
                0x08004b30       0xf4 ..\obj\tasks.o
                0x08004b30                xTaskPriorityDisinherit
 .text.pvTaskIncrementMutexHeldCount
                0x08004c24       0x28 ..\obj\tasks.o
                0x08004c24                pvTaskIncrementMutexHeldCount
 .text.USBD_USR_DeviceDescriptor
                0x08004c4c       0x28 ..\obj\usbd_desc.o
                0x08004c4c                USBD_USR_DeviceDescriptor
 .text.USBD_USR_LangIDStrDescriptor
                0x08004c74       0x28 ..\obj\usbd_desc.o
                0x08004c74                USBD_USR_LangIDStrDescriptor
 .text.USBD_USR_ProductStrDescriptor
                0x08004c9c       0x40 ..\obj\usbd_desc.o
                0x08004c9c                USBD_USR_ProductStrDescriptor
 .text.USBD_USR_ManufacturerStrDescriptor
                0x08004cdc       0x2c ..\obj\usbd_desc.o
                0x08004cdc                USBD_USR_ManufacturerStrDescriptor
 .text.USBD_USR_SerialStrDescriptor
                0x08004d08       0x40 ..\obj\usbd_desc.o
                0x08004d08                USBD_USR_SerialStrDescriptor
 .text.USBD_USR_ConfigStrDescriptor
                0x08004d48       0x3c ..\obj\usbd_desc.o
                0x08004d48                USBD_USR_ConfigStrDescriptor
 .text.USBD_USR_InterfaceStrDescriptor
                0x08004d84       0x3c ..\obj\usbd_desc.o
                0x08004d84                USBD_USR_InterfaceStrDescriptor
 .text.FRAM_I2C_Init
                0x08004dc0       0xc8 ..\obj\fram_i2c.o
                0x08004dc0                FRAM_I2C_Init
 .text.FRAM_I2C_Reset
                0x08004e88      0x198 ..\obj\fram_i2c.o
                0x08004e88                FRAM_I2C_Reset
 .text.FRAM_I2C_Read_Buffer
                0x08005020      0x6bc ..\obj\fram_i2c.o
                0x08005020                FRAM_I2C_Read_Buffer
 .text.FRAM_I2C_Write_Buffer
                0x080056dc      0x28c ..\obj\fram_i2c.o
                0x080056dc                FRAM_I2C_Write_Buffer
 .text.FRAM_Read_Settings
                0x08005968       0xa8 ..\obj\fram_i2c.o
                0x08005968                FRAM_Read_Settings
 .text.FRAM_Write_Settings
                0x08005a10       0x74 ..\obj\fram_i2c.o
                0x08005a10                FRAM_Write_Settings
 .text.GPIO_Init
                0x08005a84      0x144 ..\obj\stm32f4xx_gpio.o
                0x08005a84                GPIO_Init
 .text.GPIO_ReadInputDataBit
                0x08005bc8       0x3c ..\obj\stm32f4xx_gpio.o
                0x08005bc8                GPIO_ReadInputDataBit
 .text.GPIO_PinAFConfig
                0x08005c04       0xa8 ..\obj\stm32f4xx_gpio.o
                0x08005c04                GPIO_PinAFConfig
 .text.RS485TimersInit
                0x08005cac       0xc4 ..\obj\porttimer.o
                0x08005cac                RS485TimersInit
 .text.RS485TimersEnable
                0x08005d70       0x38 ..\obj\porttimer.o
                0x08005d70                RS485TimersEnable
 .text.RS485TimersDisable
                0x08005da8       0x38 ..\obj\porttimer.o
                0x08005da8                RS485TimersDisable
 .text.TIM4_IRQHandler
                0x08005de0       0x38 ..\obj\porttimer.o
                0x08005de0                TIM4_IRQHandler
 .text.RS485TimerContextInit
                0x08005e18       0x54 ..\obj\porttimer.o
                0x08005e18                RS485TimerContextInit
 .text.RS232TimersInit
                0x08005e6c       0xc4 ..\obj\porttimer.o
                0x08005e6c                RS232TimersInit
 .text.RS232TimersEnable
                0x08005f30       0x38 ..\obj\porttimer.o
                0x08005f30                RS232TimersEnable
 .text.RS232TimersDisable
                0x08005f68       0x38 ..\obj\porttimer.o
                0x08005f68                RS232TimersDisable
 .text.TIM5_IRQHandler
                0x08005fa0       0x38 ..\obj\porttimer.o
                0x08005fa0                TIM5_IRQHandler
 .text.RS232TimerContextInit
                0x08005fd8       0x54 ..\obj\porttimer.o
                0x08005fd8                RS232TimerContextInit
 .text.VCP_Init
                0x0800602c       0x10 ..\obj\usbd_cdc_vcp.o
 .text.VCP_DeInit
                0x0800603c       0x10 ..\obj\usbd_cdc_vcp.o
 .text.VCP_Ctrl
                0x0800604c       0xbc ..\obj\usbd_cdc_vcp.o
 .text.VCP_DataTx
                0x08006108       0x68 ..\obj\usbd_cdc_vcp.o
                0x08006108                VCP_DataTx
 .text.VCP_DataRx
                0x08006170       0x7c ..\obj\usbd_cdc_vcp.o
                0x08006170                VCP_DataRx
 .text.eMBRTUInit
                0x080061ec       0x84 ..\obj\mbrtu.o
                0x080061ec                eMBRTUInit
 .text.eMBRTUStart
                0x08006270       0x38 ..\obj\mbrtu.o
                0x08006270                eMBRTUStart
 .text.eMBRTUStop
                0x080062a8       0x30 ..\obj\mbrtu.o
                0x080062a8                eMBRTUStop
 .text.eMBRTUReceive
                0x080062d8       0x8c ..\obj\mbrtu.o
                0x080062d8                eMBRTUReceive
 .text.eMBRTUSend
                0x08006364       0xe8 ..\obj\mbrtu.o
                0x08006364                eMBRTUSend
 .text.xMBRTUReceiveFSM
                0x0800644c       0xd0 ..\obj\mbrtu.o
                0x0800644c                xMBRTUReceiveFSM
 .text.xMBRTUTransmitFSM
                0x0800651c       0xb0 ..\obj\mbrtu.o
                0x0800651c                xMBRTUTransmitFSM
 .text.xMBRTUTimerT35Expired
                0x080065cc       0x60 ..\obj\mbrtu.o
                0x080065cc                xMBRTUTimerT35Expired
 .text.vListInitialise
                0x0800662c       0x40 ..\obj\list.o
                0x0800662c                vListInitialise
 .text.vListInitialiseItem
                0x0800666c       0x1c ..\obj\list.o
                0x0800666c                vListInitialiseItem
 .text.vListInsertEnd
                0x08006688       0x48 ..\obj\list.o
                0x08006688                vListInsertEnd
 .text.vListInsert
                0x080066d0       0x74 ..\obj\list.o
                0x080066d0                vListInsert
 .text.uxListRemove
                0x08006744       0x58 ..\obj\list.o
                0x08006744                uxListRemove
 .text.SystemInit
                0x0800679c       0x5c ..\obj\system_stm32f4xx.o
                0x0800679c                SystemInit
 .text.SetSysClock
                0x080067f8      0x100 ..\obj\system_stm32f4xx.o
 .text.USB_OTG_BSP_Init
                0x080068f8       0xcc ..\obj\usb_bsp.o
                0x080068f8                USB_OTG_BSP_Init
 .text.USB_OTG_BSP_EnableInterrupt
                0x080069c4       0x3c ..\obj\usb_bsp.o
                0x080069c4                USB_OTG_BSP_EnableInterrupt
 .text.USB_OTG_BSP_uDelay
                0x08006a00       0x58 ..\obj\usb_bsp.o
                0x08006a00                USB_OTG_BSP_uDelay
 .text.USB_OTG_BSP_mDelay
                0x08006a58       0x20 ..\obj\usb_bsp.o
                0x08006a58                USB_OTG_BSP_mDelay
 .text.OTG_FS_WKUP_IRQHandler
                0x08006a78       0x34 ..\obj\usb_bsp.o
                0x08006a78                OTG_FS_WKUP_IRQHandler
 .text.OTG_FS_IRQHandler
                0x08006aac       0x10 ..\obj\usb_bsp.o
                0x08006aac                OTG_FS_IRQHandler
 .text.USBD_StdDevReq
                0x08006abc       0xa4 ..\obj\usbd_req.o
                0x08006abc                USBD_StdDevReq
 .text.USBD_StdItfReq
                0x08006b60       0x6c ..\obj\usbd_req.o
                0x08006b60                USBD_StdItfReq
 .text.USBD_StdEPReq
                0x08006bcc      0x1c8 ..\obj\usbd_req.o
                0x08006bcc                USBD_StdEPReq
 .text.USBD_GetDescriptor
                0x08006d94      0x1c8 ..\obj\usbd_req.o
 .text.USBD_SetAddress
                0x08006f5c       0x80 ..\obj\usbd_req.o
 .text.USBD_SetConfig
                0x08006fdc       0xf8 ..\obj\usbd_req.o
 .text.USBD_GetConfig
                0x080070d4       0x64 ..\obj\usbd_req.o
 .text.USBD_GetStatus
                0x08007138       0x58 ..\obj\usbd_req.o
 .text.USBD_SetFeature
                0x08007190       0xe0 ..\obj\usbd_req.o
 .text.USBD_ClrFeature
                0x08007270       0x58 ..\obj\usbd_req.o
 .text.USBD_ParseSetupRequest
                0x080072c8       0x94 ..\obj\usbd_req.o
                0x080072c8                USBD_ParseSetupRequest
 .text.USBD_CtlError
                0x0800735c       0x50 ..\obj\usbd_req.o
                0x0800735c                USBD_CtlError
 .text.USBD_GetString
                0x080073ac       0x9c ..\obj\usbd_req.o
                0x080073ac                USBD_GetString
 .text.USBD_GetLen
                0x08007448       0x38 ..\obj\usbd_req.o
 .text.pxPortInitialiseStack
                0x08007480       0x60 ..\obj\port.o
                0x08007480                pxPortInitialiseStack
 .text.prvTaskExitError
                0x080074e0       0x20 ..\obj\port.o
 .text.SVC_Handler
                0x08007500       0x24 ..\obj\port.o
                0x08007500                SVC_Handler
 .text.prvPortStartFirstTask
                0x08007524       0x20 ..\obj\port.o
 .text.xPortStartScheduler
                0x08007544       0xcc ..\obj\port.o
                0x08007544                xPortStartScheduler
 .text.vPortYield
                0x08007610       0x20 ..\obj\port.o
                0x08007610                vPortYield
 .text.vPortEnterCritical
                0x08007630       0x40 ..\obj\port.o
                0x08007630                vPortEnterCritical
 .text.vPortExitCritical
                0x08007670       0x34 ..\obj\port.o
                0x08007670                vPortExitCritical
 .text.ulPortSetInterruptMask
                0x080076a4       0x14 ..\obj\port.o
                0x080076a4                ulPortSetInterruptMask
 .text.vPortClearInterruptMask
                0x080076b8        0x8 ..\obj\port.o
                0x080076b8                vPortClearInterruptMask
 .text.PendSV_Handler
                0x080076c0       0x44 ..\obj\port.o
                0x080076c0                PendSV_Handler
 .text.SysTick_Handler
                0x08007704       0x28 ..\obj\port.o
                0x08007704                SysTick_Handler
 .text.vPortSetupTimerInterrupt
                0x0800772c       0x24 ..\obj\port.o
                0x0800772c                vPortSetupTimerInterrupt
 .text.vPortValidateInterruptPriority
                0x08007750       0x5c ..\obj\port.o
                0x08007750                vPortValidateInterruptPriority
 .text.xQueueGenericReset
                0x080077ac       0xc0 ..\obj\queue.o
                0x080077ac                xQueueGenericReset
 .text.xQueueGenericCreate
                0x0800786c       0xa0 ..\obj\queue.o
                0x0800786c                xQueueGenericCreate
 .text.xQueueCreateMutex
                0x0800790c       0xa4 ..\obj\queue.o
                0x0800790c                xQueueCreateMutex
 .text.xQueueGenericSend
                0x080079b0      0x188 ..\obj\queue.o
                0x080079b0                xQueueGenericSend
 .text.xQueueGiveFromISR
                0x08007b38       0xac ..\obj\queue.o
                0x08007b38                xQueueGiveFromISR
 .text.xQueueGenericReceive
                0x08007be4      0x1b8 ..\obj\queue.o
                0x08007be4                xQueueGenericReceive
 .text.prvCopyDataToQueue
                0x08007d9c       0xe8 ..\obj\queue.o
 .text.prvCopyDataFromQueue
                0x08007e84       0x50 ..\obj\queue.o
 .text.prvUnlockQueue
                0x08007ed4       0xa0 ..\obj\queue.o
 .text.prvIsQueueEmpty
                0x08007f74       0x34 ..\obj\queue.o
 .text.prvIsQueueFull
                0x08007fa8       0x38 ..\obj\queue.o
 .text.USBD_OTG_ISR_Handler
                0x08007fe0      0x164 ..\obj\usb_dcd_int.o
                0x08007fe0                USBD_OTG_ISR_Handler
 .text.DCD_HandleResume_ISR
                0x08008144       0x88 ..\obj\usb_dcd_int.o
 .text.DCD_HandleUSBSuspend_ISR
                0x080081cc       0xa4 ..\obj\usb_dcd_int.o
 .text.DCD_HandleInEP_ISR
                0x08008270      0x22c ..\obj\usb_dcd_int.o
 .text.DCD_HandleOutEP_ISR
                0x0800849c      0x1a8 ..\obj\usb_dcd_int.o
 .text.DCD_HandleSof_ISR
                0x08008644       0x3c ..\obj\usb_dcd_int.o
 .text.DCD_HandleRxStatusQueueLevel_ISR
                0x08008680      0x114 ..\obj\usb_dcd_int.o
 .text.DCD_WriteEmptyTxFifo
                0x08008794      0x130 ..\obj\usb_dcd_int.o
 .text.DCD_HandleUsbReset_ISR
                0x080088c4      0x16c ..\obj\usb_dcd_int.o
 .text.DCD_HandleEnumDone_ISR
                0x08008a30       0x88 ..\obj\usb_dcd_int.o
 .text.DCD_IsoINIncomplete_ISR
                0x08008ab8       0x3c ..\obj\usb_dcd_int.o
 .text.DCD_IsoOUTIncomplete_ISR
                0x08008af4       0x3c ..\obj\usb_dcd_int.o
 .text.DCD_ReadDevInEP
                0x08008b30       0x58 ..\obj\usb_dcd_int.o
 .text.NVIC_EnableIRQ
                0x08008b88       0x34 ..\obj\portserial.o
 .text.RS485SerialEnable
                0x08008bbc      0x10c ..\obj\portserial.o
                0x08008bbc                RS485SerialEnable
 .text.RS485SerialInit
                0x08008cc8      0x150 ..\obj\portserial.o
                0x08008cc8                RS485SerialInit
 .text.RS485SerialPutByte
                0x08008e18       0x3c ..\obj\portserial.o
                0x08008e18                RS485SerialPutByte
 .text.RS485SerialGetByte
                0x08008e54       0x34 ..\obj\portserial.o
                0x08008e54                RS485SerialGetByte
 .text.USART3_IRQHandler
                0x08008e88       0x90 ..\obj\portserial.o
                0x08008e88                USART3_IRQHandler
 .text.RS485SerialContextInit
                0x08008f18       0x60 ..\obj\portserial.o
                0x08008f18                RS485SerialContextInit
 .text.RS232SerialEnable
                0x08008f78       0x88 ..\obj\portserial.o
                0x08008f78                RS232SerialEnable
 .text.RS232SerialInit
                0x08009000      0x11c ..\obj\portserial.o
                0x08009000                RS232SerialInit
 .text.RS232SerialPutByte
                0x0800911c       0x3c ..\obj\portserial.o
                0x0800911c                RS232SerialPutByte
 .text.RS232SerialGetByte
                0x08009158       0x34 ..\obj\portserial.o
                0x08009158                RS232SerialGetByte
 .text.USART6_IRQHandler
                0x0800918c       0x90 ..\obj\portserial.o
                0x0800918c                USART6_IRQHandler
 .text.RS232SerialContextInit
                0x0800921c       0x60 ..\obj\portserial.o
                0x0800921c                RS232SerialContextInit
 .text.usbd_cdc_Init
                0x0800927c       0xc0 ..\obj\usbd_cdc_core.o
 .text.usbd_cdc_DeInit
                0x0800933c       0x44 ..\obj\usbd_cdc_core.o
 .text.usbd_cdc_Setup
                0x08009380      0x138 ..\obj\usbd_cdc_core.o
 .text.usbd_cdc_EP0_RxReady
                0x080094b8       0x48 ..\obj\usbd_cdc_core.o
 .text.usbd_cdc_DataIn
                0x08009500       0xd4 ..\obj\usbd_cdc_core.o
 .text.usbd_cdc_DataOut
                0x080095d4       0x60 ..\obj\usbd_cdc_core.o
 .text.usbd_cdc_SOF
                0x08009634       0x44 ..\obj\usbd_cdc_core.o
 .text.Handle_USBAsynchXfer
                0x08009678      0x114 ..\obj\usbd_cdc_core.o
 .text.USBD_cdc_GetCfgDesc
                0x0800978c       0x28 ..\obj\usbd_cdc_core.o
 .text.SPI_Init
                0x080097b4       0x88 ..\obj\stm32f4xx_spi.o
                0x080097b4                SPI_Init
 .text.SPI_Cmd  0x0800983c       0x40 ..\obj\stm32f4xx_spi.o
                0x0800983c                SPI_Cmd
 .text.SPI_CalculateCRC
                0x0800987c       0x40 ..\obj\stm32f4xx_spi.o
                0x0800987c                SPI_CalculateCRC
 .text.eMBFuncReadCoils
                0x080098bc      0x134 ..\obj\mbfunccoils.o
                0x080098bc                eMBFuncReadCoils
 .text.eMBFuncWriteCoil
                0x080099f0       0xcc ..\obj\mbfunccoils.o
                0x080099f0                eMBFuncWriteCoil
 .text.eMBFuncWriteMultipleCoils
                0x08009abc       0xf4 ..\obj\mbfunccoils.o
                0x08009abc                eMBFuncWriteMultipleCoils
 .text.ADS1220_init
                0x08009bb0       0xe8 ..\obj\ADS1220.o
                0x08009bb0                ADS1220_init
 .text.ADC_SPI_config
                0x08009c98      0x13c ..\obj\ADS1220.o
 .text.ADC_SPI_send
                0x08009dd4       0x4c ..\obj\ADS1220.o
                0x08009dd4                ADC_SPI_send
 .text.ADC_SPI_read
                0x08009e20       0x14 ..\obj\ADS1220.o
                0x08009e20                ADC_SPI_read
 .text.ADC_RTD1_Task
                0x08009e34      0x308 ..\obj\ADS1220.o
 .text.ADC_RTD2_Task
                0x0800a13c      0x308 ..\obj\ADS1220.o
 .text.ADC_Current1_Task
                0x0800a444      0x3ac ..\obj\ADS1220.o
 .text.ADC_Current2_Task
                0x0800a7f0      0x3b0 ..\obj\ADS1220.o
 .text.PT100_Code_To_Temperature
                0x0800aba0       0x9c ..\obj\ADS1220.o
                0x0800aba0                PT100_Code_To_Temperature
 .text.Code_To_Current
                0x0800ac3c       0x98 ..\obj\ADS1220.o
                0x0800ac3c                Code_To_Current
 .text.I2C_DeInit
                0x0800acd4       0x80 ..\obj\stm32f4xx_i2c.o
                0x0800acd4                I2C_DeInit
 .text.I2C_Init
                0x0800ad54      0x1a4 ..\obj\stm32f4xx_i2c.o
                0x0800ad54                I2C_Init
 .text.I2C_Cmd  0x0800aef8       0x40 ..\obj\stm32f4xx_i2c.o
                0x0800aef8                I2C_Cmd
 .text.I2C_GenerateSTART
                0x0800af38       0x40 ..\obj\stm32f4xx_i2c.o
                0x0800af38                I2C_GenerateSTART
 .text.I2C_GenerateSTOP
                0x0800af78       0x40 ..\obj\stm32f4xx_i2c.o
                0x0800af78                I2C_GenerateSTOP
 .text.I2C_Send7bitAddress
                0x0800afb8       0x3c ..\obj\stm32f4xx_i2c.o
                0x0800afb8                I2C_Send7bitAddress
 .text.I2C_AcknowledgeConfig
                0x0800aff4       0x40 ..\obj\stm32f4xx_i2c.o
                0x0800aff4                I2C_AcknowledgeConfig
 .text.I2C_NACKPositionConfig
                0x0800b034       0x40 ..\obj\stm32f4xx_i2c.o
                0x0800b034                I2C_NACKPositionConfig
 .text.I2C_SendData
                0x0800b074       0x20 ..\obj\stm32f4xx_i2c.o
                0x0800b074                I2C_SendData
 .text.I2C_ReceiveData
                0x0800b094       0x1c ..\obj\stm32f4xx_i2c.o
                0x0800b094                I2C_ReceiveData
 .text.I2C_CheckEvent
                0x0800b0b0       0x70 ..\obj\stm32f4xx_i2c.o
                0x0800b0b0                I2C_CheckEvent
 .text.I2C_GetFlagStatus
                0x0800b120       0x78 ..\obj\stm32f4xx_i2c.o
                0x0800b120                I2C_GetFlagStatus
 .text.NVIC_EnableIRQ
                0x0800b198       0x34 ..\obj\frequency.o
 .text.FrequencyMeasureInit
                0x0800b1cc      0x340 ..\obj\frequency.o
                0x0800b1cc                FrequencyMeasureInit
 .text.TIM2_IRQHandler
                0x0800b50c      0x13c ..\obj\frequency.o
                0x0800b50c                TIM2_IRQHandler
 .text.FrequencyCH1Measure_Task
                0x0800b648      0x1b0 ..\obj\frequency.o
 .text.FrequencyCH2Measure_Task
                0x0800b7f8      0x1b0 ..\obj\frequency.o
 .text.EXTI_GetITStatus
                0x0800b9a8       0x50 ..\obj\stm32f4xx_exti.o
                0x0800b9a8                EXTI_GetITStatus
 .text.EXTI_ClearITPendingBit
                0x0800b9f8       0x1c ..\obj\stm32f4xx_exti.o
                0x0800b9f8                EXTI_ClearITPendingBit
 .text.NVIC_PriorityGroupConfig
                0x0800ba14       0x24 ..\obj\misc.o
                0x0800ba14                NVIC_PriorityGroupConfig
 .text.NVIC_Init
                0x0800ba38       0xd4 ..\obj\misc.o
                0x0800ba38                NVIC_Init
 .text.DCD_Init
                0x0800bb0c      0x12c ..\obj\usb_dcd.o
                0x0800bb0c                DCD_Init
 .text.DCD_EP_Open
                0x0800bc38       0xac ..\obj\usb_dcd.o
                0x0800bc38                DCD_EP_Open
 .text.DCD_EP_Close
                0x0800bce4       0x80 ..\obj\usb_dcd.o
                0x0800bce4                DCD_EP_Close
 .text.DCD_EP_PrepareRx
                0x0800bd64       0x8c ..\obj\usb_dcd.o
                0x0800bd64                DCD_EP_PrepareRx
 .text.DCD_EP_Tx
                0x0800bdf0       0x84 ..\obj\usb_dcd.o
                0x0800bdf0                DCD_EP_Tx
 .text.DCD_EP_Stall
                0x0800be74       0x84 ..\obj\usb_dcd.o
                0x0800be74                DCD_EP_Stall
 .text.DCD_EP_ClrStall
                0x0800bef8       0x84 ..\obj\usb_dcd.o
                0x0800bef8                DCD_EP_ClrStall
 .text.DCD_EP_SetAddress
                0x0800bf7c       0x3c ..\obj\usb_dcd.o
                0x0800bf7c                DCD_EP_SetAddress
 .text.RTC_Init
                0x0800bfb8       0x88 ..\obj\stm32f4xx_rtc.o
                0x0800bfb8                RTC_Init
 .text.RTC_StructInit
                0x0800c040       0x2c ..\obj\stm32f4xx_rtc.o
                0x0800c040                RTC_StructInit
 .text.RTC_EnterInitMode
                0x0800c06c       0x80 ..\obj\stm32f4xx_rtc.o
                0x0800c06c                RTC_EnterInitMode
 .text.RTC_ExitInitMode
                0x0800c0ec       0x1c ..\obj\stm32f4xx_rtc.o
                0x0800c0ec                RTC_ExitInitMode
 .text.RTC_WaitForSynchro
                0x0800c108       0x88 ..\obj\stm32f4xx_rtc.o
                0x0800c108                RTC_WaitForSynchro
 .text.RTC_SetTime
                0x0800c190      0x124 ..\obj\stm32f4xx_rtc.o
                0x0800c190                RTC_SetTime
 .text.RTC_GetTime
                0x0800c2b4       0xa4 ..\obj\stm32f4xx_rtc.o
                0x0800c2b4                RTC_GetTime
 .text.RTC_SetDate
                0x0800c358      0x12c ..\obj\stm32f4xx_rtc.o
                0x0800c358                RTC_SetDate
 .text.RTC_GetDate
                0x0800c484       0xa4 ..\obj\stm32f4xx_rtc.o
                0x0800c484                RTC_GetDate
 .text.RTC_WriteBackupRegister
                0x0800c528       0x34 ..\obj\stm32f4xx_rtc.o
                0x0800c528                RTC_WriteBackupRegister
 .text.RTC_ByteToBcd2
                0x0800c55c       0x44 ..\obj\stm32f4xx_rtc.o
 .text.RTC_Bcd2ToByte
                0x0800c5a0       0x40 ..\obj\stm32f4xx_rtc.o
 .text.USBD_CtlSendData
                0x0800c5e0       0x48 ..\obj\usbd_ioreq.o
                0x0800c5e0                USBD_CtlSendData
 .text.USBD_CtlContinueSendData
                0x0800c628       0x30 ..\obj\usbd_ioreq.o
                0x0800c628                USBD_CtlContinueSendData
 .text.USBD_CtlPrepareRx
                0x0800c658       0x48 ..\obj\usbd_ioreq.o
                0x0800c658                USBD_CtlPrepareRx
 .text.USBD_CtlContinueRx
                0x0800c6a0       0x30 ..\obj\usbd_ioreq.o
                0x0800c6a0                USBD_CtlContinueRx
 .text.USBD_CtlSendStatus
                0x0800c6d0       0x3c ..\obj\usbd_ioreq.o
                0x0800c6d0                USBD_CtlSendStatus
 .text.USBD_CtlReceiveStatus
                0x0800c70c       0x3c ..\obj\usbd_ioreq.o
                0x0800c70c                USBD_CtlReceiveStatus
 .text.pvPortMalloc
                0x0800c748      0x138 ..\obj\heap_2.o
                0x0800c748                pvPortMalloc
 .text.vPortFree
                0x0800c880       0x7c ..\obj\heap_2.o
                0x0800c880                vPortFree
 .text.xPortGetFreeHeapSize
                0x0800c8fc       0x14 ..\obj\heap_2.o
                0x0800c8fc                xPortGetFreeHeapSize
 .text.prvHeapInit
                0x0800c910       0x54 ..\obj\heap_2.o
 .text.ControllerInit
                0x0800c964       0x68 ..\obj\controller.o
                0x0800c964                ControllerInit
 .text.Controller_RestoreSettings
                0x0800c9cc       0x3c ..\obj\controller.o
                0x0800c9cc                Controller_RestoreSettings
 .text.TIM_TimeBaseInit
                0x0800ca08       0xd8 ..\obj\stm32f4xx_tim.o
                0x0800ca08                TIM_TimeBaseInit
 .text.TIM_TimeBaseStructInit
                0x0800cae0       0x3c ..\obj\stm32f4xx_tim.o
                0x0800cae0                TIM_TimeBaseStructInit
 .text.TIM_SetCounter
                0x0800cb1c       0x1c ..\obj\stm32f4xx_tim.o
                0x0800cb1c                TIM_SetCounter
 .text.TIM_ARRPreloadConfig
                0x0800cb38       0x40 ..\obj\stm32f4xx_tim.o
                0x0800cb38                TIM_ARRPreloadConfig
 .text.TIM_Cmd  0x0800cb78       0x40 ..\obj\stm32f4xx_tim.o
                0x0800cb78                TIM_Cmd
 .text.TIM_ICInit
                0x0800cbb8       0xa8 ..\obj\stm32f4xx_tim.o
                0x0800cbb8                TIM_ICInit
 .text.TIM_SetIC1Prescaler
                0x0800cc60       0x38 ..\obj\stm32f4xx_tim.o
                0x0800cc60                TIM_SetIC1Prescaler
 .text.TIM_SetIC2Prescaler
                0x0800cc98       0x3c ..\obj\stm32f4xx_tim.o
                0x0800cc98                TIM_SetIC2Prescaler
 .text.TIM_SetIC3Prescaler
                0x0800ccd4       0x38 ..\obj\stm32f4xx_tim.o
                0x0800ccd4                TIM_SetIC3Prescaler
 .text.TIM_SetIC4Prescaler
                0x0800cd0c       0x3c ..\obj\stm32f4xx_tim.o
                0x0800cd0c                TIM_SetIC4Prescaler
 .text.TIM_ITConfig
                0x0800cd48       0x48 ..\obj\stm32f4xx_tim.o
                0x0800cd48                TIM_ITConfig
 .text.TIM_ClearFlag
                0x0800cd90       0x24 ..\obj\stm32f4xx_tim.o
                0x0800cd90                TIM_ClearFlag
 .text.TIM_ClearITPendingBit
                0x0800cdb4       0x24 ..\obj\stm32f4xx_tim.o
                0x0800cdb4                TIM_ClearITPendingBit
 .text.TIM_ETRClockMode2Config
                0x0800cdd8       0x34 ..\obj\stm32f4xx_tim.o
                0x0800cdd8                TIM_ETRClockMode2Config
 .text.TIM_ETRConfig
                0x0800ce0c       0x4c ..\obj\stm32f4xx_tim.o
                0x0800ce0c                TIM_ETRConfig
 .text.TI1_Config
                0x0800ce58       0x80 ..\obj\stm32f4xx_tim.o
 .text.TI2_Config
                0x0800ced8       0x9c ..\obj\stm32f4xx_tim.o
 .text.TI3_Config
                0x0800cf74       0x8c ..\obj\stm32f4xx_tim.o
 .text.TI4_Config
                0x0800d000       0xa4 ..\obj\stm32f4xx_tim.o
 .text.NVIC_SystemReset
                0x0800d0a4       0x28 ..\obj\power_detector.o
 .text.PVD_IRQHandler
                0x0800d0cc       0x20 ..\obj\power_detector.o
                0x0800d0cc                PVD_IRQHandler
 .text          0x0800d0ec      0x370 c:/stm32/arm_eabi/bin/../lib/gcc/arm-none-eabi/4.7.2/thumb2\libgcc.a(_arm_addsubdf3.o)
                0x0800d0ec                __aeabi_drsub
                0x0800d0f4                __aeabi_dsub
                0x0800d0f4                __subdf3
                0x0800d0f8                __aeabi_dadd
                0x0800d0f8                __adddf3
                0x0800d370                __floatunsidf
                0x0800d370                __aeabi_ui2d
                0x0800d390                __floatsidf
                0x0800d390                __aeabi_i2d
                0x0800d3b4                __aeabi_f2d
                0x0800d3b4                __extendsfdf2
                0x0800d3f0                __floatundidf
                0x0800d3f0                __aeabi_ul2d
                0x0800d400                __floatdidf
                0x0800d400                __aeabi_l2d
 .text          0x0800d45c      0x424 c:/stm32/arm_eabi/bin/../lib/gcc/arm-none-eabi/4.7.2/thumb2\libgcc.a(_arm_muldivdf3.o)
                0x0800d45c                __aeabi_dmul
                0x0800d45c                __muldf3
                0x0800d6b0                __divdf3
                0x0800d6b0                __aeabi_ddiv
 .text          0x0800d880       0xa0 c:/stm32/arm_eabi/bin/../lib/gcc/arm-none-eabi/4.7.2/thumb2\libgcc.a(_arm_truncdfsf2.o)
                0x0800d880                __truncdfsf2
                0x0800d880                __aeabi_d2f
 .text          0x0800d920      0x21c c:/stm32/arm_eabi/bin/../lib/gcc/arm-none-eabi/4.7.2/thumb2\libgcc.a(_arm_addsubsf3.o)
                0x0800d920                __aeabi_frsub
                0x0800d928                __subsf3
                0x0800d928                __aeabi_fsub
                0x0800d92c                __aeabi_fadd
                0x0800d92c                __addsf3
                0x0800da8c                __aeabi_ui2f
                0x0800da8c                __floatunsisf
                0x0800da94                __aeabi_i2f
                0x0800da94                __floatsisf
                0x0800dab0                __aeabi_ul2f
                0x0800dab0                __floatundisf
                0x0800dac0                __aeabi_l2f
                0x0800dac0                __floatdisf
 .text          0x0800db3c      0x2a0 c:/stm32/arm_eabi/bin/../lib/gcc/arm-none-eabi/4.7.2/thumb2\libgcc.a(_arm_muldivsf3.o)
                0x0800db3c                __mulsf3
                0x0800db3c                __aeabi_fmul
                0x0800dca4                __aeabi_fdiv
                0x0800dca4                __divsf3
 .text          0x0800dddc       0x64 c:/stm32/arm_eabi/bin/../lib/gcc/arm-none-eabi/4.7.2/../../../../arm-none-eabi/lib/thumb2\libc.a(lib_a-memcmp.o)
                0x0800dddc                memcmp
 .text          0x0800de40      0x174 c:/stm32/arm_eabi/bin/../lib/gcc/arm-none-eabi/4.7.2/../../../../arm-none-eabi/lib/thumb2\libc.a(lib_a-memcpy.o)
                0x0800de40                memcpy
 .text          0x0800dfb4       0xcc c:/stm32/arm_eabi/bin/../lib/gcc/arm-none-eabi/4.7.2/../../../../arm-none-eabi/lib/thumb2\libc.a(lib_a-memset.o)
                0x0800dfb4                memset
 *(.init)
 *(.fini)
 *crtbegin.o(.ctors)
 *crtbegin?.o(.ctors)
 *(EXCLUDE_FILE(*crtend.o *crtend?.o) .ctors)
 *(SORT(.ctors.*))
 *(.ctors)
 *crtbegin.o(.dtors)
 *crtbegin?.o(.dtors)
 *(EXCLUDE_FILE(*crtend.o *crtend?.o) .dtors)
 *(SORT(.dtors.*))
 *(.dtors)
 *(.rodata*)
 .rodata        0x0800e080       0x20 ..\obj\protocol.o
 .rodata        0x0800e0a0      0x200 ..\obj\mbcrc.o
 .rodata        0x0800e2a0       0x1c ..\obj\tasks.o
 .rodata        0x0800e2bc       0x98 ..\obj\usbd_desc.o
 .rodata        0x0800e354        0x4 ..\obj\port.o
 .rodata        0x0800e358       0x58 ..\obj\ADS1220.o
 .rodata        0x0800e3b0       0x18 ..\obj\frequency.o
 .rodata        0x0800e3c8        0x2 ..\obj\heap_2.o
 *fill*         0x0800e3ca        0x2 
 .rodata        0x0800e3cc       0x84 ..\obj\controller.o
                0x0800e3cc                stSettingsDefault
 *(.eh_fram e*)

.glue_7         0x0800e450        0x0
 .glue_7        0x00000000        0x0 linker stubs

.glue_7t        0x0800e450        0x0
 .glue_7t       0x00000000        0x0 linker stubs

.vfp11_veneer   0x0800e450        0x0
 .vfp11_veneer  0x00000000        0x0 linker stubs

.v4_bx          0x0800e450        0x0
 .v4_bx         0x00000000        0x0 linker stubs

.iplt           0x0800e450        0x0
 .iplt          0x00000000        0x0 ..\obj\stm32f4xx_syscfg.o

.rel.dyn        0x0800e450        0x0
 .rel.iplt      0x00000000        0x0 ..\obj\stm32f4xx_syscfg.o

.ARM.extab
 *(.ARM.extab* .gnu.linkonce.armextab.*)
                0x0800e450                __exidx_start = .

.ARM.exidx
 *(.ARM.exidx* .gnu.linkonce.armexidx.*)
                0x0800e450                __exidx_end = .
                0x0800e450                __etext = .
                0x0800e450                _sidata = __etext

.data           0x20000000      0x1d4 load address 0x0800e450
                0x20000000                __data_start__ = .
                0x20000000                _sdata = __data_start__
 *(vtable)
 *(.data*)
 .data          0x20000000        0x6 ..\obj\mbport.o
                0x20000000                REG_INPUT_START
                0x20000001                REG_HOLDING_START
                0x20000002                REG_INPUT_NREGS
                0x20000003                REG_HOLDING_NREGS
                0x20000004                usRegInputStart
                0x20000005                usRegHoldingStart
 *fill*         0x20000006        0x2 
 .data          0x20000008       0x88 ..\obj\mb.o
 .data          0x20000090       0x1c ..\obj\usbd_usr.o
                0x20000090                USR_cb
 .data          0x200000ac       0x30 ..\obj\usbd_core.o
                0x200000ac                USBD_DCD_INT_cb
                0x200000d8                USBD_DCD_INT_fops
 .data          0x200000dc       0x10 ..\obj\stm32f4xx_rcc.o
 .data          0x200000ec        0x4 ..\obj\tasks.o
 .data          0x200000f0       0x40 ..\obj\usbd_desc.o
                0x200000f0                USR_desc
                0x2000010c                USBD_DeviceDesc
                0x20000120                USBD_DeviceQualifierDesc
                0x2000012c                USBD_LangIDDesc
 .data          0x20000130       0x14 ..\obj\usbd_cdc_vcp.o
                0x20000130                VCP_fops
 .data          0x20000144       0x14 ..\obj\system_stm32f4xx.o
                0x20000144                SystemCoreClock
                0x20000148                AHBPrescTable
 .data          0x20000158        0x4 ..\obj\port.o
 .data          0x2000015c       0x74 ..\obj\usbd_cdc_core.o
                0x2000015c                usbd_cdc_CfgDesc
                0x200001a4                USBD_CDC_cb
 .data          0x200001d0        0x4 ..\obj\heap_2.o
                0x200001d4                . = ALIGN (0x4)
                0x200001d4                PROVIDE (__preinit_array_start, .)
 *(.preinit_array)
                0x200001d4                PROVIDE (__preinit_array_end, .)
                0x200001d4                . = ALIGN (0x4)
                0x200001d4                PROVIDE (__init_array_start, .)
 *(SORT(.init_array.*))
 *(.init_array)
                0x200001d4                PROVIDE (__init_array_end, .)
                0x200001d4                . = ALIGN (0x4)
                0x200001d4                PROVIDE (__fini_array_start, .)
 *(SORT(.fini_array.*))
 *(.fini_array)
                0x200001d4                PROVIDE (__fini_array_end, .)
 *(.jcr*)
                0x200001d4                . = ALIGN (0x4)
                0x200001d4                __data_end__ = .
                0x200001d4                _edata = __data_end__

.igot.plt       0x200001d4        0x0 load address 0x0800e624
 .igot.plt      0x00000000        0x0 ..\obj\stm32f4xx_syscfg.o

.bss            0x200001d8     0x3cec load address 0x0800e628
                0x200001d8                . = ALIGN (0x4)
                0x200001d8                __bss_start__ = .
                0x200001d8                _sbss = __bss_start__
 *(.bss*)
 .bss           0x200001d8       0x24 ..\obj\mbfuncother.o
 .bss           0x200001fc       0xfc ..\obj\tasks.o
                0x200001fc                pxCurrentTCB
 .bss           0x200002f8        0x8 ..\obj\porttimer.o
 .bss           0x20000300       0x10 ..\obj\usbd_req.o
                0x20000300                USBD_ep_status
                0x20000304                USBD_default_cfg
                0x20000308                USBD_cfg_status
 .bss           0x20000310        0x8 ..\obj\port.o
 .bss           0x20000318       0x10 ..\obj\portserial.o
 .bss           0x20000328       0x20 ..\obj\usbd_cdc_core.o
                0x2000032c                APP_Rx_ptr_in
                0x20000330                APP_Rx_ptr_out
                0x20000334                APP_Rx_length
                0x20000338                USB_Tx_State
 .bss           0x20000348       0x1c ..\obj\frequency.o
                0x20000360                xHigherPriorityTaskWoken
 .bss           0x20000364     0x2814 ..\obj\heap_2.o
 *(COMMON)
 COMMON         0x20002b78      0x2e8 ..\obj\protocol.o
                0x20002b78                stContext_RS232
                0x20002cec                stContext_RS485
 COMMON         0x20002e60       0x50 ..\obj\watchdog.o
                0x20002e60                task_watches
 COMMON         0x20002eb0        0x4 ..\obj\fram_i2c.o
                0x20002eb0                xI2CBusMutex
 COMMON         0x20002eb4       0x88 ..\obj\usbd_cdc_vcp.o
                0x20002eb4                APP_Tx_Buffer
                0x20002f34                APP_tx_ptr_tail
                0x20002f38                APP_tx_ptr_head
 COMMON         0x20002f3c       0x32 ..\obj\usbd_req.o
                0x20002f3c                USBD_StrDesc
 *fill*         0x20002f6e        0x2 
 COMMON         0x20002f70      0x88c ..\obj\usbd_cdc_core.o
                0x20002f70                usbd_cdc_OtherCfgDesc
                0x20002fb4                USB_Rx_Buffer
                0x20002ff4                CmdBuff
                0x20002ffc                APP_Rx_Buffer
 COMMON         0x200037fc        0x4 ..\obj\ADS1220.o
                0x200037fc                xADC_SPI_Mutex
 COMMON         0x20003800        0x8 ..\obj\frequency.o
                0x20003800                xFrequencySemaphore
 COMMON         0x20003808      0x6bc ..\obj\controller.o
                0x20003808                stSettings
                0x2000388c                xMeasureDataMutex
                0x20003890                USB_OTG_dev
                0x20003e80                stMeasureData
                0x20003ec0                xSettingsMutex
                0x20003ec4                . = ALIGN (0x4)
                0x20003ec4                __bss_end__ = .
                0x20003ec4                _ebss = __bss_end__

.heap           0x20003ec4        0x0
                0x20003ec4                __end__ = .
                0x20003ec4                _end = __end__
                0x20003ec4                end = __end__
 *(.heap*)
                0x20003ec4                __HeapLimit = .

.co_stack       0x20003ec4      0x804 load address 0x08012314
                0x20003ec8                . = ALIGN (0x8)
 *fill*         0x20003ec4        0x4 
 *(.co_stack .co_stack.*)
 .co_stack      0x20003ec8      0x800 ..\obj\startup_stm32f4xx.o
                0x20003ec8                pulStack
                0x20020000                __StackTop = (ORIGIN (ram) + 0x20000)
                0x2001f7fc                __StackLimit = (__StackTop - SIZEOF (.co_stack))
                0x20020000                PROVIDE (__stack, __StackTop)
                0x00000001                ASSERT ((__StackLimit >= __HeapLimit), region ram  overflowed with stack)
LOAD ..\obj\stm32f4xx_syscfg.o
LOAD ..\obj\usb_core.o
LOAD ..\obj\mbport.o
LOAD ..\obj\mb.o
LOAD ..\obj\protocol.o
LOAD ..\obj\mbfuncdisc.o
LOAD ..\obj\core_cm3.o
LOAD ..\obj\usbd_usr.o
LOAD ..\obj\portevent.o
LOAD ..\obj\mbfuncother.o
LOAD ..\obj\stm32f4xx_usart.o
LOAD ..\obj\stm32f4xx_pwr.o
LOAD ..\obj\rtc.o
LOAD ..\obj\mbutils.o
LOAD ..\obj\startup_stm32f4xx.o
LOAD ..\obj\stm32f4xx_iwdg.o
LOAD ..\obj\mbfuncholding.o
LOAD ..\obj\usbd_core.o
LOAD ..\obj\main.o
LOAD ..\obj\mbcrc.o
LOAD ..\obj\stm32f4xx_rcc.o
LOAD ..\obj\mbfuncfile.o
LOAD ..\obj\timers.o
LOAD ..\obj\log.o
LOAD ..\obj\mbfuncinput.o
LOAD ..\obj\printf.o
LOAD ..\obj\watchdog.o
LOAD ..\obj\mbfuncdiag.o
LOAD ..\obj\tasks.o
LOAD ..\obj\usbd_desc.o
LOAD ..\obj\fram_i2c.o
LOAD ..\obj\stm32f4xx_gpio.o
LOAD ..\obj\porttimer.o
LOAD ..\obj\usbd_cdc_vcp.o
LOAD ..\obj\mbrtu.o
LOAD ..\obj\list.o
LOAD ..\obj\system_stm32f4xx.o
LOAD ..\obj\syscalls.o
LOAD ..\obj\usb_bsp.o
LOAD ..\obj\usbd_req.o
LOAD ..\obj\port.o
LOAD ..\obj\queue.o
LOAD ..\obj\usb_dcd_int.o
LOAD ..\obj\portserial.o
LOAD ..\obj\usbd_cdc_core.o
LOAD ..\obj\croutine.o
LOAD ..\obj\stm32f4xx_spi.o
LOAD ..\obj\mbfunccoils.o
LOAD ..\obj\event_groups.o
LOAD ..\obj\ADS1220.o
LOAD ..\obj\stm32f4xx_i2c.o
LOAD ..\obj\frequency.o
LOAD ..\obj\stm32f4xx_exti.o
LOAD ..\obj\misc.o
LOAD ..\obj\usb_dcd.o
LOAD ..\obj\stm32f4xx_rtc.o
LOAD ..\obj\usbd_ioreq.o
LOAD ..\obj\mbascii.o
LOAD ..\obj\heap_2.o
LOAD ..\obj\controller.o
LOAD ..\obj\stm32f4xx_tim.o
LOAD ..\obj\power_detector.o
START GROUP
LOAD c:/stm32/arm_eabi/bin/../lib/gcc/arm-none-eabi/4.7.2/thumb2\libgcc.a
LOAD c:/stm32/arm_eabi/bin/../lib/gcc/arm-none-eabi/4.7.2/../../../../arm-none-eabi/lib/thumb2\libc.a
END GROUP
OUTPUT(IMS_CONTROLLER.elf elf32-littlearm)

.debug_info     0x00000000    0x1e48b
 .debug_info    0x00000000     0x2819 ..\obj\usb_core.o
 .debug_info    0x00002819      0x895 ..\obj\mbport.o
 .debug_info    0x000030ae      0x9a0 ..\obj\mb.o
 .debug_info    0x00003a4e      0x82f ..\obj\protocol.o
 .debug_info    0x0000427d      0x1f3 ..\obj\mbfuncdisc.o
 .debug_info    0x00004470      0x1c3 ..\obj\usbd_usr.o
 .debug_info    0x00004633      0x1c0 ..\obj\portevent.o
 .debug_info    0x000047f3      0x257 ..\obj\mbfuncother.o
 .debug_info    0x00004a4a      0xa65 ..\obj\stm32f4xx_usart.o
 .debug_info    0x000054af      0x543 ..\obj\stm32f4xx_pwr.o
 .debug_info    0x000059f2      0x165 ..\obj\rtc.o
 .debug_info    0x00005b57      0x2cd ..\obj\mbutils.o
 .debug_info    0x00005e24      0x103 ..\obj\startup_stm32f4xx.o
 .debug_info    0x00005f27      0x38b ..\obj\mbfuncholding.o
 .debug_info    0x000062b2      0xff1 ..\obj\usbd_core.o
 .debug_info    0x000072a3      0x186 ..\obj\main.o
 .debug_info    0x00007429      0x146 ..\obj\mbcrc.o
 .debug_info    0x0000756f      0xd49 ..\obj\stm32f4xx_rcc.o
 .debug_info    0x000082b8      0x257 ..\obj\mbfuncfile.o
 .debug_info    0x0000850f      0x429 ..\obj\log.o
 .debug_info    0x00008938      0x1e5 ..\obj\mbfuncinput.o
 .debug_info    0x00008b1d      0x1f9 ..\obj\watchdog.o
 .debug_info    0x00008d16     0x12cc ..\obj\tasks.o
 .debug_info    0x00009fe2      0x380 ..\obj\usbd_desc.o
 .debug_info    0x0000a362      0x758 ..\obj\fram_i2c.o
 .debug_info    0x0000aaba      0x640 ..\obj\stm32f4xx_gpio.o
 .debug_info    0x0000b0fa      0xe02 ..\obj\porttimer.o
 .debug_info    0x0000befc      0x364 ..\obj\usbd_cdc_vcp.o
 .debug_info    0x0000c260      0x7fe ..\obj\mbrtu.o
 .debug_info    0x0000ca5e      0x2c1 ..\obj\list.o
 .debug_info    0x0000cd1f      0x5f5 ..\obj\system_stm32f4xx.o
 .debug_info    0x0000d314     0x112e ..\obj\usb_bsp.o
 .debug_info    0x0000e442     0x10fb ..\obj\usbd_req.o
 .debug_info    0x0000f53d      0x346 ..\obj\port.o
 .debug_info    0x0000f883      0xa05 ..\obj\queue.o
 .debug_info    0x00010288     0x2020 ..\obj\usb_dcd_int.o
 .debug_info    0x000122a8     0x1166 ..\obj\portserial.o
 .debug_info    0x0001340e     0x1083 ..\obj\usbd_cdc_core.o
 .debug_info    0x00014491      0xbde ..\obj\stm32f4xx_spi.o
 .debug_info    0x0001506f      0x31a ..\obj\mbfunccoils.o
 .debug_info    0x00015389      0x816 ..\obj\ADS1220.o
 .debug_info    0x00015b9f      0xbab ..\obj\stm32f4xx_i2c.o
 .debug_info    0x0001674a      0xcfa ..\obj\frequency.o
 .debug_info    0x00017444      0x373 ..\obj\stm32f4xx_exti.o
 .debug_info    0x000177b7      0x592 ..\obj\misc.o
 .debug_info    0x00017d49     0x118a ..\obj\usb_dcd.o
 .debug_info    0x00018ed3     0x1255 ..\obj\stm32f4xx_rtc.o
 .debug_info    0x0001a128      0xde4 ..\obj\usbd_ioreq.o
 .debug_info    0x0001af0c      0x2ef ..\obj\heap_2.o
 .debug_info    0x0001b1fb      0xdbf ..\obj\controller.o
 .debug_info    0x0001bfba     0x1e7d ..\obj\stm32f4xx_tim.o
 .debug_info    0x0001de37      0x654 ..\obj\power_detector.o

.debug_abbrev   0x00000000     0x4a5a
 .debug_abbrev  0x00000000      0x2bc ..\obj\usb_core.o
 .debug_abbrev  0x000002bc      0x1b5 ..\obj\mbport.o
 .debug_abbrev  0x00000471      0x19f ..\obj\mb.o
 .debug_abbrev  0x00000610      0x145 ..\obj\protocol.o
 .debug_abbrev  0x00000755       0xa8 ..\obj\mbfuncdisc.o
 .debug_abbrev  0x000007fd       0xdf ..\obj\usbd_usr.o
 .debug_abbrev  0x000008dc       0xc4 ..\obj\portevent.o
 .debug_abbrev  0x000009a0       0xc1 ..\obj\mbfuncother.o
 .debug_abbrev  0x00000a61      0x157 ..\obj\stm32f4xx_usart.o
 .debug_abbrev  0x00000bb8      0x181 ..\obj\stm32f4xx_pwr.o
 .debug_abbrev  0x00000d39       0xc9 ..\obj\rtc.o
 .debug_abbrev  0x00000e02       0xd8 ..\obj\mbutils.o
 .debug_abbrev  0x00000eda       0xb2 ..\obj\startup_stm32f4xx.o
 .debug_abbrev  0x00000f8c       0xa8 ..\obj\mbfuncholding.o
 .debug_abbrev  0x00001034      0x1f2 ..\obj\usbd_core.o
 .debug_abbrev  0x00001226       0xe3 ..\obj\main.o
 .debug_abbrev  0x00001309       0x93 ..\obj\mbcrc.o
 .debug_abbrev  0x0000139c      0x1e5 ..\obj\stm32f4xx_rcc.o
 .debug_abbrev  0x00001581       0xe5 ..\obj\mbfuncfile.o
 .debug_abbrev  0x00001666      0x167 ..\obj\log.o
 .debug_abbrev  0x000017cd       0xa8 ..\obj\mbfuncinput.o
 .debug_abbrev  0x00001875      0x12f ..\obj\watchdog.o
 .debug_abbrev  0x000019a4      0x253 ..\obj\tasks.o
 .debug_abbrev  0x00001bf7      0x12e ..\obj\usbd_desc.o
 .debug_abbrev  0x00001d25      0x1ed ..\obj\fram_i2c.o
 .debug_abbrev  0x00001f12      0x1a5 ..\obj\stm32f4xx_gpio.o
 .debug_abbrev  0x000020b7      0x1c2 ..\obj\porttimer.o
 .debug_abbrev  0x00002279      0x14c ..\obj\usbd_cdc_vcp.o
 .debug_abbrev  0x000023c5      0x189 ..\obj\mbrtu.o
 .debug_abbrev  0x0000254e       0xbe ..\obj\list.o
 .debug_abbrev  0x0000260c      0x138 ..\obj\system_stm32f4xx.o
 .debug_abbrev  0x00002744      0x1fe ..\obj\usb_bsp.o
 .debug_abbrev  0x00002942      0x268 ..\obj\usbd_req.o
 .debug_abbrev  0x00002baa      0x1bc ..\obj\port.o
 .debug_abbrev  0x00002d66      0x141 ..\obj\queue.o
 .debug_abbrev  0x00002ea7      0x230 ..\obj\usb_dcd_int.o
 .debug_abbrev  0x000030d7      0x246 ..\obj\portserial.o
 .debug_abbrev  0x0000331d      0x204 ..\obj\usbd_cdc_core.o
 .debug_abbrev  0x00003521      0x169 ..\obj\stm32f4xx_spi.o
 .debug_abbrev  0x0000368a       0xba ..\obj\mbfunccoils.o
 .debug_abbrev  0x00003744      0x1d0 ..\obj\ADS1220.o
 .debug_abbrev  0x00003914      0x166 ..\obj\stm32f4xx_i2c.o
 .debug_abbrev  0x00003a7a      0x1c2 ..\obj\frequency.o
 .debug_abbrev  0x00003c3c      0x1a7 ..\obj\stm32f4xx_exti.o
 .debug_abbrev  0x00003de3      0x129 ..\obj\misc.o
 .debug_abbrev  0x00003f0c      0x22e ..\obj\usb_dcd.o
 .debug_abbrev  0x0000413a      0x1b0 ..\obj\stm32f4xx_rtc.o
 .debug_abbrev  0x000042ea      0x184 ..\obj\usbd_ioreq.o
 .debug_abbrev  0x0000446e      0x16e ..\obj\heap_2.o
 .debug_abbrev  0x000045dc      0x187 ..\obj\controller.o
 .debug_abbrev  0x00004763      0x189 ..\obj\stm32f4xx_tim.o
 .debug_abbrev  0x000048ec      0x16e ..\obj\power_detector.o

.debug_loc      0x00000000     0x8a51
 .debug_loc     0x00000000      0x7e0 ..\obj\usb_core.o
 .debug_loc     0x000007e0      0x176 ..\obj\mbport.o
 .debug_loc     0x00000956      0x150 ..\obj\mb.o
 .debug_loc     0x00000aa6       0xa8 ..\obj\protocol.o
 .debug_loc     0x00000b4e       0x38 ..\obj\mbfuncdisc.o
 .debug_loc     0x00000b86       0xe8 ..\obj\usbd_usr.o
 .debug_loc     0x00000c6e       0xa8 ..\obj\portevent.o
 .debug_loc     0x00000d16       0x70 ..\obj\mbfuncother.o
 .debug_loc     0x00000d86      0x658 ..\obj\stm32f4xx_usart.o
 .debug_loc     0x000013de      0x288 ..\obj\stm32f4xx_pwr.o
 .debug_loc     0x00001666       0x38 ..\obj\rtc.o
 .debug_loc     0x0000169e       0xa8 ..\obj\mbutils.o
 .debug_loc     0x00001746       0x64 ..\obj\startup_stm32f4xx.o
 .debug_loc     0x000017aa       0xe0 ..\obj\mbfuncholding.o
 .debug_loc     0x0000188a      0x2d8 ..\obj\usbd_core.o
 .debug_loc     0x00001b62      0x100 ..\obj\main.o
 .debug_loc     0x00001c62       0x38 ..\obj\mbcrc.o
 .debug_loc     0x00001c9a      0x97c ..\obj\stm32f4xx_rcc.o
 .debug_loc     0x00002616       0x3a ..\obj\mbfuncfile.o
 .debug_loc     0x00002650       0xe2 ..\obj\log.o
 .debug_loc     0x00002732       0x38 ..\obj\mbfuncinput.o
 .debug_loc     0x0000276a       0xe0 ..\obj\watchdog.o
 .debug_loc     0x0000284a      0x92c ..\obj\tasks.o
 .debug_loc     0x00003176      0x188 ..\obj\usbd_desc.o
 .debug_loc     0x000032fe      0x15e ..\obj\fram_i2c.o
 .debug_loc     0x0000345c      0x310 ..\obj\stm32f4xx_gpio.o
 .debug_loc     0x0000376c      0x1e8 ..\obj\porttimer.o
 .debug_loc     0x00003954      0x138 ..\obj\usbd_cdc_vcp.o
 .debug_loc     0x00003a8c      0x1c0 ..\obj\mbrtu.o
 .debug_loc     0x00003c4c      0x118 ..\obj\list.o
 .debug_loc     0x00003d64       0x9c ..\obj\system_stm32f4xx.o
 .debug_loc     0x00003e00      0x138 ..\obj\usb_bsp.o
 .debug_loc     0x00003f38      0x310 ..\obj\usbd_req.o
 .debug_loc     0x00004248      0x1dc ..\obj\port.o
 .debug_loc     0x00004424      0x460 ..\obj\queue.o
 .debug_loc     0x00004884      0x2d8 ..\obj\usb_dcd_int.o
 .debug_loc     0x00004b5c      0x2c0 ..\obj\portserial.o
 .debug_loc     0x00004e1c      0x224 ..\obj\usbd_cdc_core.o
 .debug_loc     0x00005040      0x578 ..\obj\stm32f4xx_spi.o
 .debug_loc     0x000055b8       0xa8 ..\obj\mbfunccoils.o
 .debug_loc     0x00005660      0x224 ..\obj\ADS1220.o
 .debug_loc     0x00005884      0x738 ..\obj\stm32f4xx_i2c.o
 .debug_loc     0x00005fbc      0x10d ..\obj\frequency.o
 .debug_loc     0x000060c9      0x1b4 ..\obj\stm32f4xx_exti.o
 .debug_loc     0x0000627d      0x118 ..\obj\misc.o
 .debug_loc     0x00006395      0x2d8 ..\obj\usb_dcd.o
 .debug_loc     0x0000666d      0xc48 ..\obj\stm32f4xx_rtc.o
 .debug_loc     0x000072b5      0x188 ..\obj\usbd_ioreq.o
 .debug_loc     0x0000743d      0x100 ..\obj\heap_2.o
 .debug_loc     0x0000753d       0x64 ..\obj\controller.o
 .debug_loc     0x000075a1     0x1420 ..\obj\stm32f4xx_tim.o
 .debug_loc     0x000089c1       0x90 ..\obj\power_detector.o

.debug_aranges  0x00000000     0x1920
 .debug_aranges
                0x00000000      0x138 ..\obj\usb_core.o
 .debug_aranges
                0x00000138       0x50 ..\obj\mbport.o
 .debug_aranges
                0x00000188       0x48 ..\obj\mb.o
 .debug_aranges
                0x000001d0       0x30 ..\obj\protocol.o
 .debug_aranges
                0x00000200       0x20 ..\obj\mbfuncdisc.o
 .debug_aranges
                0x00000220       0x40 ..\obj\usbd_usr.o
 .debug_aranges
                0x00000260       0x30 ..\obj\portevent.o
 .debug_aranges
                0x00000290       0x28 ..\obj\mbfuncother.o
 .debug_aranges
                0x000002b8      0x100 ..\obj\stm32f4xx_usart.o
 .debug_aranges
                0x000003b8       0x78 ..\obj\stm32f4xx_pwr.o
 .debug_aranges
                0x00000430       0x20 ..\obj\rtc.o
 .debug_aranges
                0x00000450       0x30 ..\obj\mbutils.o
 .debug_aranges
                0x00000480       0x28 ..\obj\startup_stm32f4xx.o
 .debug_aranges
                0x000004a8       0x38 ..\obj\mbfuncholding.o
 .debug_aranges
                0x000004e0       0x80 ..\obj\usbd_core.o
 .debug_aranges
                0x00000560       0x40 ..\obj\main.o
 .debug_aranges
                0x000005a0       0x20 ..\obj\mbcrc.o
 .debug_aranges
                0x000005c0      0x178 ..\obj\stm32f4xx_rcc.o
 .debug_aranges
                0x00000738       0x20 ..\obj\mbfuncfile.o
 .debug_aranges
                0x00000758       0x38 ..\obj\log.o
 .debug_aranges
                0x00000790       0x20 ..\obj\mbfuncinput.o
 .debug_aranges
                0x000007b0       0x38 ..\obj\watchdog.o
 .debug_aranges
                0x000007e8      0x170 ..\obj\tasks.o
 .debug_aranges
                0x00000958       0x50 ..\obj\usbd_desc.o
 .debug_aranges
                0x000009a8       0x48 ..\obj\fram_i2c.o
 .debug_aranges
                0x000009f0       0x88 ..\obj\stm32f4xx_gpio.o
 .debug_aranges
                0x00000a78       0x68 ..\obj\porttimer.o
 .debug_aranges
                0x00000ae0       0x48 ..\obj\usbd_cdc_vcp.o
 .debug_aranges
                0x00000b28       0x58 ..\obj\mbrtu.o
 .debug_aranges
                0x00000b80       0x40 ..\obj\list.o
 .debug_aranges
                0x00000bc0       0x30 ..\obj\system_stm32f4xx.o
 .debug_aranges
                0x00000bf0       0x48 ..\obj\usb_bsp.o
 .debug_aranges
                0x00000c38       0x88 ..\obj\usbd_req.o
 .debug_aranges
                0x00000cc0       0x90 ..\obj\port.o
 .debug_aranges
                0x00000d50       0xb8 ..\obj\queue.o
 .debug_aranges
                0x00000e08       0x80 ..\obj\usb_dcd_int.o
 .debug_aranges
                0x00000e88       0x80 ..\obj\portserial.o
 .debug_aranges
                0x00000f08       0x68 ..\obj\usbd_cdc_core.o
 .debug_aranges
                0x00000f70       0xe0 ..\obj\stm32f4xx_spi.o
 .debug_aranges
                0x00001050       0x30 ..\obj\mbfunccoils.o
 .debug_aranges
                0x00001080       0x68 ..\obj\ADS1220.o
 .debug_aranges
                0x000010e8      0x120 ..\obj\stm32f4xx_i2c.o
 .debug_aranges
                0x00001208       0x40 ..\obj\frequency.o
 .debug_aranges
                0x00001248       0x58 ..\obj\stm32f4xx_exti.o
 .debug_aranges
                0x000012a0       0x40 ..\obj\misc.o
 .debug_aranges
                0x000012e0       0x80 ..\obj\usb_dcd.o
 .debug_aranges
                0x00001360      0x1e0 ..\obj\stm32f4xx_rtc.o
 .debug_aranges
                0x00001540       0x50 ..\obj\usbd_ioreq.o
 .debug_aranges
                0x00001590       0x40 ..\obj\heap_2.o
 .debug_aranges
                0x000015d0       0x28 ..\obj\controller.o
 .debug_aranges
                0x000015f8      0x2f8 ..\obj\stm32f4xx_tim.o
 .debug_aranges
                0x000018f0       0x30 ..\obj\power_detector.o

.debug_ranges   0x00000000     0x15e0
 .debug_ranges  0x00000000      0x128 ..\obj\usb_core.o
 .debug_ranges  0x00000128       0x40 ..\obj\mbport.o
 .debug_ranges  0x00000168       0x38 ..\obj\mb.o
 .debug_ranges  0x000001a0       0x20 ..\obj\protocol.o
 .debug_ranges  0x000001c0       0x10 ..\obj\mbfuncdisc.o
 .debug_ranges  0x000001d0       0x30 ..\obj\usbd_usr.o
 .debug_ranges  0x00000200       0x20 ..\obj\portevent.o
 .debug_ranges  0x00000220       0x18 ..\obj\mbfuncother.o
 .debug_ranges  0x00000238       0xf0 ..\obj\stm32f4xx_usart.o
 .debug_ranges  0x00000328       0x68 ..\obj\stm32f4xx_pwr.o
 .debug_ranges  0x00000390       0x10 ..\obj\rtc.o
 .debug_ranges  0x000003a0       0x20 ..\obj\mbutils.o
 .debug_ranges  0x000003c0       0x18 ..\obj\startup_stm32f4xx.o
 .debug_ranges  0x000003d8       0x28 ..\obj\mbfuncholding.o
 .debug_ranges  0x00000400       0x70 ..\obj\usbd_core.o
 .debug_ranges  0x00000470       0x30 ..\obj\main.o
 .debug_ranges  0x000004a0       0x10 ..\obj\mbcrc.o
 .debug_ranges  0x000004b0      0x168 ..\obj\stm32f4xx_rcc.o
 .debug_ranges  0x00000618       0x10 ..\obj\mbfuncfile.o
 .debug_ranges  0x00000628       0x28 ..\obj\log.o
 .debug_ranges  0x00000650       0x10 ..\obj\mbfuncinput.o
 .debug_ranges  0x00000660       0x28 ..\obj\watchdog.o
 .debug_ranges  0x00000688      0x160 ..\obj\tasks.o
 .debug_ranges  0x000007e8       0x40 ..\obj\usbd_desc.o
 .debug_ranges  0x00000828       0x38 ..\obj\fram_i2c.o
 .debug_ranges  0x00000860       0x78 ..\obj\stm32f4xx_gpio.o
 .debug_ranges  0x000008d8       0x58 ..\obj\porttimer.o
 .debug_ranges  0x00000930       0x38 ..\obj\usbd_cdc_vcp.o
 .debug_ranges  0x00000968       0x48 ..\obj\mbrtu.o
 .debug_ranges  0x000009b0       0x30 ..\obj\list.o
 .debug_ranges  0x000009e0       0x20 ..\obj\system_stm32f4xx.o
 .debug_ranges  0x00000a00       0x38 ..\obj\usb_bsp.o
 .debug_ranges  0x00000a38       0x78 ..\obj\usbd_req.o
 .debug_ranges  0x00000ab0       0x80 ..\obj\port.o
 .debug_ranges  0x00000b30       0xa8 ..\obj\queue.o
 .debug_ranges  0x00000bd8       0x70 ..\obj\usb_dcd_int.o
 .debug_ranges  0x00000c48       0x70 ..\obj\portserial.o
 .debug_ranges  0x00000cb8       0x58 ..\obj\usbd_cdc_core.o
 .debug_ranges  0x00000d10       0xd0 ..\obj\stm32f4xx_spi.o
 .debug_ranges  0x00000de0       0x20 ..\obj\mbfunccoils.o
 .debug_ranges  0x00000e00       0x58 ..\obj\ADS1220.o
 .debug_ranges  0x00000e58      0x110 ..\obj\stm32f4xx_i2c.o
 .debug_ranges  0x00000f68       0x30 ..\obj\frequency.o
 .debug_ranges  0x00000f98       0x48 ..\obj\stm32f4xx_exti.o
 .debug_ranges  0x00000fe0       0x30 ..\obj\misc.o
 .debug_ranges  0x00001010       0x70 ..\obj\usb_dcd.o
 .debug_ranges  0x00001080      0x1d0 ..\obj\stm32f4xx_rtc.o
 .debug_ranges  0x00001250       0x40 ..\obj\usbd_ioreq.o
 .debug_ranges  0x00001290       0x30 ..\obj\heap_2.o
 .debug_ranges  0x000012c0       0x18 ..\obj\controller.o
 .debug_ranges  0x000012d8      0x2e8 ..\obj\stm32f4xx_tim.o
 .debug_ranges  0x000015c0       0x20 ..\obj\power_detector.o

.debug_line     0x00000000     0xae26
 .debug_line    0x00000000      0x67b ..\obj\usb_core.o
 .debug_line    0x0000067b      0x4f3 ..\obj\mbport.o
 .debug_line    0x00000b6e      0x312 ..\obj\mb.o
 .debug_line    0x00000e80      0x31f ..\obj\protocol.o
 .debug_line    0x0000119f      0x1d9 ..\obj\mbfuncdisc.o
 .debug_line    0x00001378      0x17a ..\obj\usbd_usr.o
 .debug_line    0x000014f2      0x1bd ..\obj\portevent.o
 .debug_line    0x000016af      0x22f ..\obj\mbfuncother.o
 .debug_line    0x000018de      0x485 ..\obj\stm32f4xx_usart.o
 .debug_line    0x00001d63      0x28b ..\obj\stm32f4xx_pwr.o
 .debug_line    0x00001fee      0x1ea ..\obj\rtc.o
 .debug_line    0x000021d8      0x239 ..\obj\mbutils.o
 .debug_line    0x00002411       0xaf ..\obj\startup_stm32f4xx.o
 .debug_line    0x000024c0      0x26f ..\obj\mbfuncholding.o
 .debug_line    0x0000272f      0x2ce ..\obj\usbd_core.o
 .debug_line    0x000029fd      0x285 ..\obj\main.o
 .debug_line    0x00002c82      0x150 ..\obj\mbcrc.o
 .debug_line    0x00002dd2      0x57b ..\obj\stm32f4xx_rcc.o
 .debug_line    0x0000334d      0x211 ..\obj\mbfuncfile.o
 .debug_line    0x0000355e      0x33f ..\obj\log.o
 .debug_line    0x0000389d      0x1cf ..\obj\mbfuncinput.o
 .debug_line    0x00003a6c      0x221 ..\obj\watchdog.o
 .debug_line    0x00003c8d      0xa6a ..\obj\tasks.o
 .debug_line    0x000046f7      0x1c0 ..\obj\usbd_desc.o
 .debug_line    0x000048b7      0x4fb ..\obj\fram_i2c.o
 .debug_line    0x00004db2      0x323 ..\obj\stm32f4xx_gpio.o
 .debug_line    0x000050d5      0x3b5 ..\obj\porttimer.o
 .debug_line    0x0000548a      0x1d6 ..\obj\usbd_cdc_vcp.o
 .debug_line    0x00005660      0x27f ..\obj\mbrtu.o
 .debug_line    0x000058df      0x22d ..\obj\list.o
 .debug_line    0x00005b0c      0x1af ..\obj\system_stm32f4xx.o
 .debug_line    0x00005cbb      0x279 ..\obj\usb_bsp.o
 .debug_line    0x00005f34      0x38d ..\obj\usbd_req.o
 .debug_line    0x000062c1      0x2f6 ..\obj\port.o
 .debug_line    0x000065b7      0x6d3 ..\obj\queue.o
 .debug_line    0x00006c8a      0x379 ..\obj\usb_dcd_int.o
 .debug_line    0x00007003      0x4c7 ..\obj\portserial.o
 .debug_line    0x000074ca      0x265 ..\obj\usbd_cdc_core.o
 .debug_line    0x0000772f      0x437 ..\obj\stm32f4xx_spi.o
 .debug_line    0x00007b66      0x247 ..\obj\mbfunccoils.o
 .debug_line    0x00007dad      0x4e7 ..\obj\ADS1220.o
 .debug_line    0x00008294      0x4c0 ..\obj\stm32f4xx_i2c.o
 .debug_line    0x00008754      0x3f7 ..\obj\frequency.o
 .debug_line    0x00008b4b      0x289 ..\obj\stm32f4xx_exti.o
 .debug_line    0x00008dd4      0x229 ..\obj\misc.o
 .debug_line    0x00008ffd      0x2ec ..\obj\usb_dcd.o
 .debug_line    0x000092e9      0x7f1 ..\obj\stm32f4xx_rtc.o
 .debug_line    0x00009ada      0x1d6 ..\obj\usbd_ioreq.o
 .debug_line    0x00009cb0      0x263 ..\obj\heap_2.o
 .debug_line    0x00009f13      0x269 ..\obj\controller.o
 .debug_line    0x0000a17c      0xa5d ..\obj\stm32f4xx_tim.o
 .debug_line    0x0000abd9      0x24d ..\obj\power_detector.o

.debug_str      0x00000000     0x8827
 .debug_str     0x00000000     0x12c9 ..\obj\usb_core.o
                               0x15fa (size before relaxing)
 .debug_str     0x000012c9      0x45a ..\obj\mbport.o
                                0x589 (size before relaxing)
 .debug_str     0x00001723      0x5cc ..\obj\mb.o
                                0x78e (size before relaxing)
 .debug_str     0x00001cef      0x1d0 ..\obj\protocol.o
                                0x829 (size before relaxing)
 .debug_str     0x00001ebf       0xc3 ..\obj\mbfuncdisc.o
                                0x2ec (size before relaxing)
 .debug_str     0x00001f82       0xbc ..\obj\usbd_usr.o
                                0x1fe (size before relaxing)
 .debug_str     0x0000203e       0x9a ..\obj\portevent.o
                                0x1ca (size before relaxing)
 .debug_str     0x000020d8       0xd8 ..\obj\mbfuncother.o
                                0x315 (size before relaxing)
 .debug_str     0x000021b0      0x516 ..\obj\stm32f4xx_usart.o
                                0x603 (size before relaxing)
 .debug_str     0x000026c6      0x1e9 ..\obj\stm32f4xx_pwr.o
                                0x305 (size before relaxing)
 .debug_str     0x000028af       0xa9 ..\obj\rtc.o
                                0x1aa (size before relaxing)
 .debug_str     0x00002958       0xee ..\obj\mbutils.o
                                0x329 (size before relaxing)
 .debug_str     0x00002a46       0xbe ..\obj\startup_stm32f4xx.o
                                 0xe5 (size before relaxing)
 .debug_str     0x00002b04      0x155 ..\obj\mbfuncholding.o
                                0x3ca (size before relaxing)
 .debug_str     0x00002c59      0x196 ..\obj\usbd_core.o
                                0xa3f (size before relaxing)
 .debug_str     0x00002def       0xd6 ..\obj\main.o
                                0x1ba (size before relaxing)
 .debug_str     0x00002ec5       0x77 ..\obj\mbcrc.o
                                0x14d (size before relaxing)
 .debug_str     0x00002f3c      0x5eb ..\obj\stm32f4xx_rcc.o
                                0x7c4 (size before relaxing)
 .debug_str     0x00003527       0x93 ..\obj\mbfuncfile.o
                                0x323 (size before relaxing)
 .debug_str     0x000035ba       0xb8 ..\obj\log.o
                                0x3ca (size before relaxing)
 .debug_str     0x00003672       0x79 ..\obj\mbfuncinput.o
                                0x2e0 (size before relaxing)
 .debug_str     0x000036eb       0xd5 ..\obj\watchdog.o
                                0x1e0 (size before relaxing)
 .debug_str     0x000037c0      0xa41 ..\obj\tasks.o
                                0xb9c (size before relaxing)
 .debug_str     0x00004201      0x16a ..\obj\usbd_desc.o
                                0x301 (size before relaxing)
 .debug_str     0x0000436b      0x35d ..\obj\fram_i2c.o
                                0x57c (size before relaxing)
 .debug_str     0x000046c8      0x1ac ..\obj\stm32f4xx_gpio.o
                                0x417 (size before relaxing)
 .debug_str     0x00004874      0x7d6 ..\obj\porttimer.o
                                0xebe (size before relaxing)
 .debug_str     0x0000504a      0x13c ..\obj\usbd_cdc_vcp.o
                                0x228 (size before relaxing)
 .debug_str     0x00005186      0x121 ..\obj\mbrtu.o
                                0x560 (size before relaxing)
 .debug_str     0x000052a7       0xe8 ..\obj\list.o
                                0x23a (size before relaxing)
 .debug_str     0x0000538f       0xb6 ..\obj\system_stm32f4xx.o
                                0x31e (size before relaxing)
 .debug_str     0x00005445       0xdf ..\obj\usb_bsp.o
                               0x1046 (size before relaxing)
 .debug_str     0x00005524      0x17c ..\obj\usbd_req.o
                                0xa6a (size before relaxing)
 .debug_str     0x000056a0      0x263 ..\obj\port.o
                                0x369 (size before relaxing)
 .debug_str     0x00005903      0x353 ..\obj\queue.o
                                0x57f (size before relaxing)
 .debug_str     0x00005c56      0x292 ..\obj\usb_dcd_int.o
                               0x11f8 (size before relaxing)
 .debug_str     0x00005ee8      0x1b4 ..\obj\portserial.o
                               0x1082 (size before relaxing)
 .debug_str     0x0000609c      0x1be ..\obj\usbd_cdc_core.o
                                0xab5 (size before relaxing)
 .debug_str     0x0000625a      0x3b4 ..\obj\stm32f4xx_spi.o
                                0x5fe (size before relaxing)
 .debug_str     0x0000660e       0xd6 ..\obj\mbfunccoils.o
                                0x354 (size before relaxing)
 .debug_str     0x000066e4      0x1df ..\obj\ADS1220.o
                                0x72e (size before relaxing)
 .debug_str     0x000068c3      0x34c ..\obj\stm32f4xx_i2c.o
                                0x5d9 (size before relaxing)
 .debug_str     0x00006c0f      0x17f ..\obj\frequency.o
                                0xd39 (size before relaxing)
 .debug_str     0x00006d8e      0x1db ..\obj\stm32f4xx_exti.o
                                0x2e2 (size before relaxing)
 .debug_str     0x00006f69      0x137 ..\obj\misc.o
                                0x34d (size before relaxing)
 .debug_str     0x000070a0      0x110 ..\obj\usb_dcd.o
                                0xa9a (size before relaxing)
 .debug_str     0x000071b0      0x8b1 ..\obj\stm32f4xx_rtc.o
                                0xac7 (size before relaxing)
 .debug_str     0x00007a61       0xd2 ..\obj\usbd_ioreq.o
                                0x929 (size before relaxing)
 .debug_str     0x00007b33      0x19b ..\obj\heap_2.o
                                0x28d (size before relaxing)
 .debug_str     0x00007cce       0x7c ..\obj\controller.o
                                0xa13 (size before relaxing)
 .debug_str     0x00007d4a      0xa3a ..\obj\stm32f4xx_tim.o
                                0xd44 (size before relaxing)
 .debug_str     0x00008784       0xa3 ..\obj\power_detector.o
                                0x841 (size before relaxing)

.comment        0x00000000       0x30
 .comment       0x00000000       0x30 ..\obj\usb_core.o
                                 0x31 (size before relaxing)
 .comment       0x00000000       0x31 ..\obj\mbport.o
 .comment       0x00000000       0x31 ..\obj\mb.o
 .comment       0x00000000       0x31 ..\obj\protocol.o
 .comment       0x00000000       0x31 ..\obj\mbfuncdisc.o
 .comment       0x00000000       0x31 ..\obj\usbd_usr.o
 .comment       0x00000000       0x31 ..\obj\portevent.o
 .comment       0x00000000       0x31 ..\obj\mbfuncother.o
 .comment       0x00000000       0x31 ..\obj\stm32f4xx_usart.o
 .comment       0x00000000       0x31 ..\obj\stm32f4xx_pwr.o
 .comment       0x00000000       0x31 ..\obj\rtc.o
 .comment       0x00000000       0x31 ..\obj\mbutils.o
 .comment       0x00000000       0x31 ..\obj\startup_stm32f4xx.o
 .comment       0x00000000       0x31 ..\obj\mbfuncholding.o
 .comment       0x00000000       0x31 ..\obj\usbd_core.o
 .comment       0x00000000       0x31 ..\obj\main.o
 .comment       0x00000000       0x31 ..\obj\mbcrc.o
 .comment       0x00000000       0x31 ..\obj\stm32f4xx_rcc.o
 .comment       0x00000000       0x31 ..\obj\mbfuncfile.o
 .comment       0x00000000       0x31 ..\obj\log.o
 .comment       0x00000000       0x31 ..\obj\mbfuncinput.o
 .comment       0x00000000       0x31 ..\obj\watchdog.o
 .comment       0x00000000       0x31 ..\obj\tasks.o
 .comment       0x00000000       0x31 ..\obj\usbd_desc.o
 .comment       0x00000000       0x31 ..\obj\fram_i2c.o
 .comment       0x00000000       0x31 ..\obj\stm32f4xx_gpio.o
 .comment       0x00000000       0x31 ..\obj\porttimer.o
 .comment       0x00000000       0x31 ..\obj\usbd_cdc_vcp.o
 .comment       0x00000000       0x31 ..\obj\mbrtu.o
 .comment       0x00000000       0x31 ..\obj\list.o
 .comment       0x00000000       0x31 ..\obj\system_stm32f4xx.o
 .comment       0x00000000       0x31 ..\obj\usb_bsp.o
 .comment       0x00000000       0x31 ..\obj\usbd_req.o
 .comment       0x00000000       0x31 ..\obj\port.o
 .comment       0x00000000       0x31 ..\obj\queue.o
 .comment       0x00000000       0x31 ..\obj\usb_dcd_int.o
 .comment       0x00000000       0x31 ..\obj\portserial.o
 .comment       0x00000000       0x31 ..\obj\usbd_cdc_core.o
 .comment       0x00000000       0x31 ..\obj\stm32f4xx_spi.o
 .comment       0x00000000       0x31 ..\obj\mbfunccoils.o
 .comment       0x00000000       0x31 ..\obj\ADS1220.o
 .comment       0x00000000       0x31 ..\obj\stm32f4xx_i2c.o
 .comment       0x00000000       0x31 ..\obj\frequency.o
 .comment       0x00000000       0x31 ..\obj\stm32f4xx_exti.o
 .comment       0x00000000       0x31 ..\obj\misc.o
 .comment       0x00000000       0x31 ..\obj\usb_dcd.o
 .comment       0x00000000       0x31 ..\obj\stm32f4xx_rtc.o
 .comment       0x00000000       0x31 ..\obj\usbd_ioreq.o
 .comment       0x00000000       0x31 ..\obj\heap_2.o
 .comment       0x00000000       0x31 ..\obj\controller.o
 .comment       0x00000000       0x31 ..\obj\stm32f4xx_tim.o
 .comment       0x00000000       0x31 ..\obj\power_detector.o

.ARM.attributes
                0x00000000       0x33
 .ARM.attributes
                0x00000000       0x33 ..\obj\usb_core.o
 .ARM.attributes
                0x00000033       0x33 ..\obj\mbport.o
 .ARM.attributes
                0x00000066       0x33 ..\obj\mb.o
 .ARM.attributes
                0x00000099       0x33 ..\obj\protocol.o
 .ARM.attributes
                0x000000cc       0x33 ..\obj\mbfuncdisc.o
 .ARM.attributes
                0x000000ff       0x33 ..\obj\usbd_usr.o
 .ARM.attributes
                0x00000132       0x33 ..\obj\portevent.o
 .ARM.attributes
                0x00000165       0x33 ..\obj\mbfuncother.o
 .ARM.attributes
                0x00000198       0x33 ..\obj\stm32f4xx_usart.o
 .ARM.attributes
                0x000001cb       0x33 ..\obj\stm32f4xx_pwr.o
 .ARM.attributes
                0x000001fe       0x33 ..\obj\rtc.o
 .ARM.attributes
                0x00000231       0x33 ..\obj\mbutils.o
 .ARM.attributes
                0x00000264       0x33 ..\obj\startup_stm32f4xx.o
 .ARM.attributes
                0x00000297       0x33 ..\obj\mbfuncholding.o
 .ARM.attributes
                0x000002ca       0x33 ..\obj\usbd_core.o
 .ARM.attributes
                0x000002fd       0x33 ..\obj\main.o
 .ARM.attributes
                0x00000330       0x33 ..\obj\mbcrc.o
 .ARM.attributes
                0x00000363       0x33 ..\obj\stm32f4xx_rcc.o
 .ARM.attributes
                0x00000396       0x33 ..\obj\mbfuncfile.o
 .ARM.attributes
                0x000003c9       0x33 ..\obj\log.o
 .ARM.attributes
                0x000003fc       0x33 ..\obj\mbfuncinput.o
 .ARM.attributes
                0x0000042f       0x33 ..\obj\watchdog.o
 .ARM.attributes
                0x00000462       0x33 ..\obj\tasks.o
 .ARM.attributes
                0x00000495       0x33 ..\obj\usbd_desc.o
 .ARM.attributes
                0x000004c8       0x33 ..\obj\fram_i2c.o
 .ARM.attributes
                0x000004fb       0x33 ..\obj\stm32f4xx_gpio.o
 .ARM.attributes
                0x0000052e       0x33 ..\obj\porttimer.o
 .ARM.attributes
                0x00000561       0x33 ..\obj\usbd_cdc_vcp.o
 .ARM.attributes
                0x00000594       0x33 ..\obj\mbrtu.o
 .ARM.attributes
                0x000005c7       0x33 ..\obj\list.o
 .ARM.attributes
                0x000005fa       0x33 ..\obj\system_stm32f4xx.o
 .ARM.attributes
                0x0000062d       0x33 ..\obj\usb_bsp.o
 .ARM.attributes
                0x00000660       0x33 ..\obj\usbd_req.o
 .ARM.attributes
                0x00000693       0x33 ..\obj\port.o
 .ARM.attributes
                0x000006c6       0x33 ..\obj\queue.o
 .ARM.attributes
                0x000006f9       0x33 ..\obj\usb_dcd_int.o
 .ARM.attributes
                0x0000072c       0x33 ..\obj\portserial.o
 .ARM.attributes
                0x0000075f       0x33 ..\obj\usbd_cdc_core.o
 .ARM.attributes
                0x00000792       0x33 ..\obj\stm32f4xx_spi.o
 .ARM.attributes
                0x000007c5       0x33 ..\obj\mbfunccoils.o
 .ARM.attributes
                0x000007f8       0x33 ..\obj\ADS1220.o
 .ARM.attributes
                0x0000082b       0x33 ..\obj\stm32f4xx_i2c.o
 .ARM.attributes
                0x0000085e       0x33 ..\obj\frequency.o
 .ARM.attributes
                0x00000891       0x33 ..\obj\stm32f4xx_exti.o
 .ARM.attributes
                0x000008c4       0x33 ..\obj\misc.o
 .ARM.attributes
                0x000008f7       0x33 ..\obj\usb_dcd.o