Archive member included because of file (symbol)

c:/coocox/coide/gcc/sourcery g++ lite/bin/../lib/gcc/arm-none-eabi/4.5.1/thumb2\libgcc.a(_arm_addsubdf3.o)
                              ..\obj\ADS1120.o (__aeabi_dadd)
c:/coocox/coide/gcc/sourcery g++ lite/bin/../lib/gcc/arm-none-eabi/4.5.1/thumb2\libgcc.a(_arm_muldivdf3.o)
                              ..\obj\ADS1120.o (__aeabi_dmul)
c:/coocox/coide/gcc/sourcery g++ lite/bin/../lib/gcc/arm-none-eabi/4.5.1/thumb2\libgcc.a(_arm_truncdfsf2.o)
                              ..\obj\ADS1120.o (__aeabi_d2f)
c:/coocox/coide/gcc/sourcery g++ lite/bin/../lib/gcc/arm-none-eabi/4.5.1/thumb2\libgcc.a(_arm_addsubsf3.o)
                              ..\obj\frequency.o (__aeabi_ui2f)
c:/coocox/coide/gcc/sourcery g++ lite/bin/../lib/gcc/arm-none-eabi/4.5.1/thumb2\libgcc.a(_arm_muldivsf3.o)
                              ..\obj\frequency.o (__aeabi_fmul)
c:/coocox/coide/gcc/sourcery g++ lite/bin/../lib/gcc/arm-none-eabi/4.5.1/../../../../arm-none-eabi/lib/thumb2\libc.a(lib_a-memcmp.o)
                              ..\obj\tasks.o (memcmp)
c:/coocox/coide/gcc/sourcery g++ lite/bin/../lib/gcc/arm-none-eabi/4.5.1/../../../../arm-none-eabi/lib/thumb2\libc.a(lib_a-memcpy.o)
                              ..\obj\mbfuncother.o (memcpy)
c:/coocox/coide/gcc/sourcery g++ lite/bin/../lib/gcc/arm-none-eabi/4.5.1/../../../../arm-none-eabi/lib/thumb2\libc.a(lib_a-memset.o)
                              ..\obj\tasks.o (memset)

Allocating common symbols
Common symbol       size              file

ADC_result          0x4               ..\obj\ADS1120.o
stContext_RS232     0x174             ..\obj\protocol.o
stContext_RS485     0x174             ..\obj\protocol.o
adc_reg             0x1               ..\obj\ADS1120.o
xFrequencyMeasureCH2Queue
                    0x4               ..\obj\frequency.o
xSPI_Buf_Mutex      0x4               ..\obj\ADS1120.o
ADC_result_temp     0x4               ..\obj\ADS1120.o
task_watches        0x50              ..\obj\watchdog.o
xFrequencyMeasureCH1Queue
                    0x4               ..\obj\frequency.o

Discarded input sections

 .text          0x00000000        0x0 ..\obj\stm32f4xx_syscfg.o
 .data          0x00000000        0x0 ..\obj\stm32f4xx_syscfg.o
 .bss           0x00000000        0x0 ..\obj\stm32f4xx_syscfg.o
 .text.SYSCFG_DeInit
                0x00000000       0x20 ..\obj\stm32f4xx_syscfg.o
 .text.SYSCFG_MemoryRemapConfig
                0x00000000       0x20 ..\obj\stm32f4xx_syscfg.o
 .text.SYSCFG_EXTILineConfig
                0x00000000       0xb4 ..\obj\stm32f4xx_syscfg.o
 .text.SYSCFG_ETH_MediaInterfaceConfig
                0x00000000       0x20 ..\obj\stm32f4xx_syscfg.o
 .text.SYSCFG_CompensationCellCmd
                0x00000000       0x20 ..\obj\stm32f4xx_syscfg.o
 .text.SYSCFG_GetCompensationCellStatus
                0x00000000       0x3c ..\obj\stm32f4xx_syscfg.o
 .text          0x00000000        0x0 ..\obj\mbport.o
 .text          0x00000000        0x0 ..\obj\mb.o
 .bss           0x00000000        0x0 ..\obj\mb.o
 .text.eMBRegisterCB
                0x00000000      0x114 ..\obj\mb.o
 .text.eMBClose
                0x00000000       0x3c ..\obj\mb.o
 .text.eMBDisable
                0x00000000       0x60 ..\obj\mb.o
 .text          0x00000000        0x0 ..\obj\protocol.o
 .data          0x00000000        0x0 ..\obj\protocol.o
 .bss           0x00000000        0x0 ..\obj\protocol.o
 .text          0x00000000        0x0 ..\obj\mbfuncdisc.o
 .data          0x00000000        0x0 ..\obj\mbfuncdisc.o
 .bss           0x00000000        0x0 ..\obj\mbfuncdisc.o
 .text          0x00000000        0x0 ..\obj\core_cm3.o
 .data          0x00000000        0x0 ..\obj\core_cm3.o
 .bss           0x00000000        0x0 ..\obj\core_cm3.o
 .text.__get_PSP
                0x00000000       0x10 ..\obj\core_cm3.o
 .text.__set_PSP
                0x00000000        0x8 ..\obj\core_cm3.o
 .text.__get_MSP
                0x00000000       0x10 ..\obj\core_cm3.o
 .text.__set_MSP
                0x00000000        0x8 ..\obj\core_cm3.o
 .text.__get_BASEPRI
                0x00000000       0x20 ..\obj\core_cm3.o
 .text.__set_BASEPRI
                0x00000000       0x18 ..\obj\core_cm3.o
 .text.__get_PRIMASK
                0x00000000       0x20 ..\obj\core_cm3.o
 .text.__set_PRIMASK
                0x00000000       0x18 ..\obj\core_cm3.o
 .text.__get_FAULTMASK
                0x00000000       0x20 ..\obj\core_cm3.o
 .text.__set_FAULTMASK
                0x00000000       0x18 ..\obj\core_cm3.o
 .text.__get_CONTROL
                0x00000000       0x20 ..\obj\core_cm3.o
 .text.__set_CONTROL
                0x00000000       0x18 ..\obj\core_cm3.o
 .text.__REV    0x00000000       0x24 ..\obj\core_cm3.o
 .text.__REV16  0x00000000       0x24 ..\obj\core_cm3.o
 .text.__REVSH  0x00000000       0x24 ..\obj\core_cm3.o
 .text.__RBIT   0x00000000       0x24 ..\obj\core_cm3.o
 .text.__LDREXB
                0x00000000       0x24 ..\obj\core_cm3.o
 .text.__LDREXH
[...]
Memory Configuration

Name             Origin             Length             Attributes
rom              0x08000000         0x00100000         xr
ram              0x20000000         0x00020000         xrw
ram1             0x10000000         0x00010000         xrw
*default*        0x00000000         0xffffffff

Linker script and memory map

                0x20020000                _eram = 0x20020000

.text           0x08000000     0x67da
 *(.isr_vector .isr_vector.*)
 .isr_vector    0x08000000      0x188 ..\obj\startup_stm32f4xx.o
                0x08000000                g_pfnVectors
 *(.text .text.* .gnu.linkonce.t.*)
 .text.ENTER_CRITICAL_SECTION
                0x08000188        0xc ..\obj\mbport.o
                0x08000188                ENTER_CRITICAL_SECTION
 .text.EXIT_CRITICAL_SECTION
                0x08000194        0xc ..\obj\mbport.o
                0x08000194                EXIT_CRITICAL_SECTION
 .text.eMBRegInputCB
                0x080001a0      0x114 ..\obj\mbport.o
                0x080001a0                eMBRegInputCB
 .text.eMBRegHoldingCB
                0x080002b4       0x24 ..\obj\mbport.o
                0x080002b4                eMBRegHoldingCB
 .text.eMBRegCoilsCB
                0x080002d8       0x20 ..\obj\mbport.o
                0x080002d8                eMBRegCoilsCB
 .text.eMBRegDiscreteCB
                0x080002f8       0x20 ..\obj\mbport.o
                0x080002f8                eMBRegDiscreteCB
 .text.eMBInit  0x08000318      0x110 ..\obj\mb.o
                0x08000318                eMBInit
 .text.eMBEnable
                0x08000428       0x50 ..\obj\mb.o
                0x08000428                eMBEnable
 .text.eMBPoll  0x08000478      0x1c0 ..\obj\mb.o
                0x08000478                eMBPoll
 .text.Protocol_Init
                0x08000638       0xf8 ..\obj\protocol.o
                0x08000638                Protocol_Init
 .text.Modbus_RS485_Task
                0x08000730       0x50 ..\obj\protocol.o
 .text.Modbus_RS232_Task
                0x08000780       0x50 ..\obj\protocol.o
 .text.eMBFuncReadDiscreteInputs
                0x080007d0      0x130 ..\obj\mbfuncdisc.o
                0x080007d0                eMBFuncReadDiscreteInputs
 .text.xMBPortEventInit
                0x08000900       0x20 ..\obj\portevent.o
                0x08000900                xMBPortEventInit
 .text.xMBPortEventPost
                0x08000920       0x2c ..\obj\portevent.o
                0x08000920                xMBPortEventPost
 .text.xMBPortEventGet
                0x0800094c       0x3c ..\obj\portevent.o
                0x0800094c                xMBPortEventGet
 .text.eMBFuncReportSlaveID
                0x08000988       0x4c ..\obj\mbfuncother.o
                0x08000988                eMBFuncReportSlaveID
 .text.USART_Init
                0x080009d4      0x1bc ..\obj\stm32f4xx_usart.o
                0x080009d4                USART_Init
 .text.USART_Cmd
                0x08000b90       0x40 ..\obj\stm32f4xx_usart.o
                0x08000b90                USART_Cmd
 .text.USART_SendData
                0x08000bd0       0x28 ..\obj\stm32f4xx_usart.o
                0x08000bd0                USART_SendData
 .text.USART_ReceiveData
                0x08000bf8       0x24 ..\obj\stm32f4xx_usart.o
                0x08000bf8                USART_ReceiveData
 .text.USART_ITConfig
                0x08000c1c       0xa8 ..\obj\stm32f4xx_usart.o
                0x08000c1c                USART_ITConfig
 .text.USART_GetFlagStatus
                0x08000cc4       0x40 ..\obj\stm32f4xx_usart.o
                0x08000cc4                USART_GetFlagStatus
 .text.USART_ClearFlag
                0x08000d04       0x24 ..\obj\stm32f4xx_usart.o
                0x08000d04                USART_ClearFlag
 .text.USART_GetITStatus
                0x08000d28       0xcc ..\obj\stm32f4xx_usart.o
                0x08000d28                USART_GetITStatus
 .text.prveMBError2Exception
                0x08000df4       0x48 ..\obj\mbutils.o
                0x08000df4                prveMBError2Exception
 .text.Default_Reset_Handler
                0x08000e3c       0x68 ..\obj\startup_stm32f4xx.o
                0x08000e3c                Default_Reset_Handler
                0x08000e3c                Reset_Handler
 .text.Default_Handler
                0x08000ea4        0x8 ..\obj\startup_stm32f4xx.o
                0x08000ea4                RTC_Alarm_IRQHandler
                0x08000ea4                HASH_RNG_IRQHandler
                0x08000ea4                EXTI2_IRQHandler
                0x08000ea4                TIM8_CC_IRQHandler
                0x08000ea4                DebugMon_Handler
                0x08000ea4                TIM1_CC_IRQHandler
                0x08000ea4                DMA2_Stream5_IRQHandler
                0x08000ea4                HardFault_Handler
                0x08000ea4                DMA1_Stream5_IRQHandler
                0x08000ea4                SDIO_IRQHandler
                0x08000ea4                TAMP_STAMP_IRQHandler
                0x08000ea4                NMI_Handler
                0x08000ea4                CAN2_RX1_IRQHandler
                0x08000ea4                EXTI3_IRQHandler
                0x08000ea4                TIM8_TRG_COM_TIM14_IRQHandler
                0x08000ea4                TIM1_UP_TIM10_IRQHandler
                0x08000ea4                TIM8_UP_TIM13_IRQHandler
                0x08000ea4                I2C3_ER_IRQHandler
                0x08000ea4                EXTI0_IRQHandler
                0x08000ea4                I2C2_EV_IRQHandler
                0x08000ea4                DMA1_Stream2_IRQHandler
                0x08000ea4                CAN1_RX0_IRQHandler
                0x08000ea4                FPU_IRQHandler
                0x08000ea4                OTG_HS_WKUP_IRQHandler
                0x08000ea4                UsageFault_Handler
                0x08000ea4                CAN2_SCE_IRQHandler
                0x08000ea4                DMA2_Stream2_IRQHandler
                0x08000ea4                SPI1_IRQHandler
                0x08000ea4                TIM6_DAC_IRQHandler
                0x08000ea4                TIM1_BRK_TIM9_IRQHandler
                0x08000ea4                DCMI_IRQHandler
                0x08000ea4                CAN2_RX0_IRQHandler
                0x08000ea4                DMA2_Stream3_IRQHandler
                0x08000ea4                USART6_IRQHandler
                0x08000ea4                CRYP_IRQHandler
                0x08000ea4                CAN1_RX1_IRQHandler
                0x08000ea4                UART5_IRQHandler
                0x08000ea4                DMA2_Stream0_IRQHandler
                0x08000ea4                I2C1_EV_IRQHandler
                0x08000ea4                DMA1_Stream6_IRQHandler
                0x08000ea4                DMA1_Stream1_IRQHandler
                0x08000ea4                RCC_IRQHandler
                0x08000ea4                TIM8_BRK_TIM12_IRQHandler
                0x08000ea4                EXTI15_10_IRQHandler
                0x08000ea4                ADC_IRQHandler
                0x08000ea4                DMA1_Stream7_IRQHandler
                0x08000ea4                TIM7_IRQHandler
                0x08000ea4                CAN2_TX_IRQHandler
                0x08000ea4                TIM5_IRQHandler
                0x08000ea4                DMA2_Stream7_IRQHandler
                0x08000ea4                I2C3_EV_IRQHandler
                0x08000ea4                EXTI9_5_IRQHandler
                0x08000ea4                RTC_WKUP_IRQHandler
                0x08000ea4                ETH_WKUP_IRQHandler
                0x08000ea4                SPI2_IRQHandler
                0x08000ea4                OTG_HS_EP1_IN_IRQHandler
                0x08000ea4                MemManage_Handler
                0x08000ea4                DMA1_Stream0_IRQHandler
                0x08000ea4                CAN1_TX_IRQHandler
                0x08000ea4                EXTI4_IRQHandler
                0x08000ea4                FSMC_IRQHandler
                0x08000ea4                ETH_IRQHandler
                0x08000ea4                OTG_HS_EP1_OUT_IRQHandler
                0x08000ea4                WWDG_IRQHandler
                0x08000ea4                OTG_FS_WKUP_IRQHandler
                0x08000ea4                TIM1_TRG_COM_TIM11_IRQHandler
                0x08000ea4                OTG_HS_IRQHandler
                0x08000ea4                EXTI1_IRQHandler
                0x08000ea4                USART2_IRQHandler
                0x08000ea4                I2C2_ER_IRQHandler
                0x08000ea4                DMA2_Stream1_IRQHandler
                0x08000ea4                CAN1_SCE_IRQHandler
                0x08000ea4                FLASH_IRQHandler
                0x08000ea4                DMA2_Stream4_IRQHandler
                0x08000ea4                BusFault_Handler
                0x08000ea4                USART1_IRQHandler
                0x08000ea4                OTG_FS_IRQHandler
                0x08000ea4                SPI3_IRQHandler
                0x08000ea4                DMA1_Stream4_IRQHandler
                0x08000ea4                I2C1_ER_IRQHandler
                0x08000ea4                DMA2_Stream6_IRQHandler
                0x08000ea4                DMA1_Stream3_IRQHandler
 .text.eMBFuncWriteHoldingRegister
                0x08000eac       0x84 ..\obj\mbfuncholding.o
                0x08000eac                eMBFuncWriteHoldingRegister
 .text.eMBFuncWriteMultipleHoldingRegister
                0x08000f30       0xdc ..\obj\mbfuncholding.o
                0x08000f30                eMBFuncWriteMultipleHoldingRegister
 .text.eMBFuncReadHoldingRegister
                0x0800100c      0x10c ..\obj\mbfuncholding.o
                0x0800100c                eMBFuncReadHoldingRegister
 .text.eMBFuncReadWriteMultipleHoldingRegister
                0x08001118      0x1a0 ..\obj\mbfuncholding.o
                0x08001118                eMBFuncReadWriteMultipleHoldingRegister
 .text.main     0x080012b8       0x18 ..\obj\main.o
                0x080012b8                main
 .text.vApplicationMallocFailedHook
                0x080012d0        0x8 ..\obj\main.o
                0x080012d0                vApplicationMallocFailedHook
 .text.vApplicationStackOverflowHook
                0x080012d8        0xc ..\obj\main.o
                0x080012d8                vApplicationStackOverflowHook
 .text.vApplicationIdleHook
                0x080012e4       0x18 ..\obj\main.o
                0x080012e4                vApplicationIdleHook
 .text.usMBCRC16
                0x080012fc       0x90 ..\obj\mbcrc.o
                0x080012fc                usMBCRC16
 .text.RCC_GetClocksFreq
                0x0800138c      0x1d4 ..\obj\stm32f4xx_rcc.o
                0x0800138c                RCC_GetClocksFreq
 .text.RCC_AHB1PeriphClockCmd
                0x08001560       0x5c ..\obj\stm32f4xx_rcc.o
                0x08001560                RCC_AHB1PeriphClockCmd
 .text.RCC_APB1PeriphClockCmd
                0x080015bc       0x5c ..\obj\stm32f4xx_rcc.o
                0x080015bc                RCC_APB1PeriphClockCmd
 .text.RCC_APB1PeriphResetCmd
                0x08001618       0x5c ..\obj\stm32f4xx_rcc.o
                0x08001618                RCC_APB1PeriphResetCmd
 .text.RCC_APB2PeriphResetCmd
                0x08001674       0x5c ..\obj\stm32f4xx_rcc.o
                0x08001674                RCC_APB2PeriphResetCmd
 .text.eMBFuncReadInputRegister
                0x080016d0      0x110 ..\obj\mbfuncinput.o
                0x080016d0                eMBFuncReadInputRegister
 .text.xTaskGenericCreate
                0x080017e0      0x1b8 ..\obj\tasks.o
                0x080017e0                xTaskGenericCreate
 .text.vTaskDelay
                0x08001998       0xa4 ..\obj\tasks.o
                0x08001998                vTaskDelay
 .text.vTaskStartScheduler
                0x08001a3c       0x7c ..\obj\tasks.o
                0x08001a3c                vTaskStartScheduler
 .text.vTaskSuspendAll
                0x08001ab8       0x24 ..\obj\tasks.o
                0x08001ab8                vTaskSuspendAll
 .text.xTaskResumeAll
                0x08001adc      0x178 ..\obj\tasks.o
                0x08001adc                xTaskResumeAll
 .text.xTaskIncrementTick
                0x08001c54      0x204 ..\obj\tasks.o
                0x08001c54                xTaskIncrementTick
 .text.vTaskSwitchContext
                0x08001e58      0x14c ..\obj\tasks.o
                0x08001e58                vTaskSwitchContext
 .text.vTaskPlaceOnEventList
                0x08001fa4       0xb8 ..\obj\tasks.o
                0x08001fa4                vTaskPlaceOnEventList
 .text.xTaskRemoveFromEventList
                0x0800205c       0xe0 ..\obj\tasks.o
                0x0800205c                xTaskRemoveFromEventList
 .text.vTaskSetTimeOutState
                0x0800213c       0x38 ..\obj\tasks.o
                0x0800213c                vTaskSetTimeOutState
 .text.xTaskCheckForTimeOut
                0x08002174       0xb0 ..\obj\tasks.o
                0x08002174                xTaskCheckForTimeOut
 .text.vTaskMissedYield
                0x08002224       0x18 ..\obj\tasks.o
                0x08002224                vTaskMissedYield
 .text.prvIdleTask
                0x0800223c       0x24 ..\obj\tasks.o
 .text.prvInitialiseTCBVariables
                0x08002260       0xbc ..\obj\tasks.o
 .text.prvInitialiseTaskLists
                0x0800231c       0xa4 ..\obj\tasks.o
 .text.prvCheckTasksWaitingTermination
                0x080023c0       0x98 ..\obj\tasks.o
 .text.prvAddCurrentTaskToDelayedList
                0x08002458       0x8c ..\obj\tasks.o
 .text.prvAllocateTCBAndStack
                0x080024e4       0x7c ..\obj\tasks.o
 .text.prvDeleteTCB
                0x08002560       0x20 ..\obj\tasks.o
 .text.prvResetNextTaskUnblockTime
                0x08002580       0x5c ..\obj\tasks.o
 .text.vTaskPriorityInherit
                0x080025dc      0x148 ..\obj\tasks.o
                0x080025dc                vTaskPriorityInherit
 .text.xTaskPriorityDisinherit
                0x08002724      0x114 ..\obj\tasks.o
                0x08002724                xTaskPriorityDisinherit
 .text.pvTaskIncrementMutexHeldCount
                0x08002838       0x38 ..\obj\tasks.o
                0x08002838                pvTaskIncrementMutexHeldCount
 .text.GPIO_Init
                0x08002870      0x158 ..\obj\stm32f4xx_gpio.o
                0x08002870                GPIO_Init
 .text.GPIO_PinAFConfig
                0x080029c8       0xb0 ..\obj\stm32f4xx_gpio.o
                0x080029c8                GPIO_PinAFConfig
 .text.RS485TimersInit
                0x08002a78       0xe0 ..\obj\porttimer.o
                0x08002a78                RS485TimersInit
 .text.RS485TimersEnable
                0x08002b58       0x4c ..\obj\porttimer.o
                0x08002b58                RS485TimersEnable
 .text.RS485TimersDisable
                0x08002ba4       0x4c ..\obj\porttimer.o
                0x08002ba4                RS485TimersDisable
 .text.TIM4_IRQHandler
                0x08002bf0       0x54 ..\obj\porttimer.o
                0x08002bf0                TIM4_IRQHandler
 .text.RS485TimerContextInit
                0x08002c44       0x7c ..\obj\porttimer.o
                0x08002c44                RS485TimerContextInit
 .text.RS232TimersInit
                0x08002cc0       0xcc ..\obj\porttimer.o
                0x08002cc0                RS232TimersInit
 .text.RS232TimersEnable
                0x08002d8c       0x3c ..\obj\porttimer.o
                0x08002d8c                RS232TimersEnable
 .text.RS232TimersDisable
                0x08002dc8       0x3c ..\obj\porttimer.o
                0x08002dc8                RS232TimersDisable
 .text.TIM2_IRQHandler
                0x08002e04       0x50 ..\obj\porttimer.o
                0x08002e04                TIM2_IRQHandler
 .text.RS232TimerContextInit
                0x08002e54       0x7c ..\obj\porttimer.o
                0x08002e54                RS232TimerContextInit
 .text.eMBRTUInit
                0x08002ed0       0x88 ..\obj\mbrtu.o
                0x08002ed0                eMBRTUInit
 .text.eMBRTUStart
                0x08002f58       0x38 ..\obj\mbrtu.o
                0x08002f58                eMBRTUStart
 .text.eMBRTUStop
                0x08002f90       0x30 ..\obj\mbrtu.o
                0x08002f90                eMBRTUStop
 .text.eMBRTUReceive
                0x08002fc0       0x90 ..\obj\mbrtu.o
                0x08002fc0                eMBRTUReceive
 .text.eMBRTUSend
                0x08003050       0xe8 ..\obj\mbrtu.o
                0x08003050                eMBRTUSend
 .text.xMBRTUReceiveFSM
                0x08003138       0xd0 ..\obj\mbrtu.o
                0x08003138                xMBRTUReceiveFSM
 .text.xMBRTUTransmitFSM
                0x08003208       0xb0 ..\obj\mbrtu.o
                0x08003208                xMBRTUTransmitFSM
 .text.xMBRTUTimerT35Expired
                0x080032b8       0x60 ..\obj\mbrtu.o
                0x080032b8                xMBRTUTimerT35Expired
 .text.vListInitialise
                0x08003318       0x48 ..\obj\list.o
                0x08003318                vListInitialise
 .text.vListInitialiseItem
                0x08003360       0x1c ..\obj\list.o
                0x08003360                vListInitialiseItem
 .text.vListInsertEnd
                0x0800337c       0x48 ..\obj\list.o
                0x0800337c                vListInsertEnd
 .text.vListInsert
                0x080033c4       0x74 ..\obj\list.o
                0x080033c4                vListInsert
 .text.uxListRemove
                0x08003438       0x58 ..\obj\list.o
                0x08003438                uxListRemove
 .text.SystemInit
                0x08003490       0x94 ..\obj\system_stm32f4xx.o
                0x08003490                SystemInit
 .text.SetSysClock
                0x08003524      0x154 ..\obj\system_stm32f4xx.o
 .text.pxPortInitialiseStack
                0x08003678       0x64 ..\obj\port.o
                0x08003678                pxPortInitialiseStack
 .text.prvTaskExitError
                0x080036dc       0x20 ..\obj\port.o
 .text.SVC_Handler
                0x080036fc       0x24 ..\obj\port.o
                0x080036fc                SVC_Handler
 .text.prvPortStartFirstTask
                0x08003720       0x20 ..\obj\port.o
 .text.xPortStartScheduler
                0x08003740      0x10c ..\obj\port.o
                0x08003740                xPortStartScheduler
 .text.vPortYield
                0x0800384c       0x20 ..\obj\port.o
                0x0800384c                vPortYield
 .text.vPortEnterCritical
                0x0800386c       0x50 ..\obj\port.o
                0x0800386c                vPortEnterCritical
 .text.vPortExitCritical
                0x080038bc       0x48 ..\obj\port.o
                0x080038bc                vPortExitCritical
 .text.ulPortSetInterruptMask
                0x08003904       0x14 ..\obj\port.o
                0x08003904                ulPortSetInterruptMask
 .text.vPortClearInterruptMask
                0x08003918        0x8 ..\obj\port.o
                0x08003918                vPortClearInterruptMask
 .text.PendSV_Handler
                0x08003920       0x44 ..\obj\port.o
                0x08003920                PendSV_Handler
 .text.SysTick_Handler
                0x08003964       0x2c ..\obj\port.o
                0x08003964                SysTick_Handler
 .text.vPortSetupTimerInterrupt
                0x08003990       0x28 ..\obj\port.o
                0x08003990                vPortSetupTimerInterrupt
 .text.vPortValidateInterruptPriority
                0x080039b8       0x64 ..\obj\port.o
                0x080039b8                vPortValidateInterruptPriority
 .text.xQueueGenericReset
                0x08003a1c       0xc0 ..\obj\queue.o
                0x08003a1c                xQueueGenericReset
 .text.xQueueGenericCreate
                0x08003adc       0xa0 ..\obj\queue.o
                0x08003adc                xQueueGenericCreate
 .text.xQueueGenericSendFromISR
                0x08003b7c       0xec ..\obj\queue.o
                0x08003b7c                xQueueGenericSendFromISR
 .text.xQueueGenericReceive
                0x08003c68      0x1b8 ..\obj\queue.o
                0x08003c68                xQueueGenericReceive
 .text.uxQueueMessagesWaiting
                0x08003e20       0x30 ..\obj\queue.o
                0x08003e20                uxQueueMessagesWaiting
 .text.prvCopyDataToQueue
                0x08003e50       0xe8 ..\obj\queue.o
 .text.prvCopyDataFromQueue
                0x08003f38       0x50 ..\obj\queue.o
 .text.prvUnlockQueue
                0x08003f88       0xa0 ..\obj\queue.o
 .text.prvIsQueueEmpty
                0x08004028       0x34 ..\obj\queue.o
 .text.NVIC_EnableIRQ
                0x0800405c       0x38 ..\obj\portserial.o
 .text.RS485SerialEnable
                0x08004094      0x194 ..\obj\portserial.o
                0x08004094                RS485SerialEnable
 .text.RS485SerialInit
                0x08004228      0x16c ..\obj\portserial.o
                0x08004228                RS485SerialInit
 .text.RS485SerialPutByte
                0x08004394       0x44 ..\obj\portserial.o
                0x08004394                RS485SerialPutByte
 .text.RS485SerialGetByte
                0x080043d8       0x3c ..\obj\portserial.o
                0x080043d8                RS485SerialGetByte
 .text.USART3_IRQHandler
                0x08004414       0xdc ..\obj\portserial.o
                0x08004414                USART3_IRQHandler
 .text.RS485SerialContextInit
                0x080044f0       0x90 ..\obj\portserial.o
                0x080044f0                RS485SerialContextInit
 .text.RS232SerialEnable
                0x08004580       0xb4 ..\obj\portserial.o
                0x08004580                RS232SerialEnable
 .text.RS232SerialInit
                0x08004634      0x134 ..\obj\portserial.o
                0x08004634                RS232SerialInit
 .text.RS232SerialPutByte
                0x08004768       0x44 ..\obj\portserial.o
                0x08004768                RS232SerialPutByte
 .text.RS232SerialGetByte
                0x080047ac       0x3c ..\obj\portserial.o
                0x080047ac                RS232SerialGetByte
 .text.UART4_IRQHandler
                0x080047e8       0xdc ..\obj\portserial.o
                0x080047e8                UART4_IRQHandler
 .text.RS232SerialContextInit
                0x080048c4       0x90 ..\obj\portserial.o
                0x080048c4                RS232SerialContextInit
 .text.eMBFuncReadCoils
                0x08004954      0x134 ..\obj\mbfunccoils.o
                0x08004954                eMBFuncReadCoils
 .text.eMBFuncWriteCoil
                0x08004a88       0xcc ..\obj\mbfunccoils.o
                0x08004a88                eMBFuncWriteCoil
 .text.eMBFuncWriteMultipleCoils
                0x08004b54       0xfc ..\obj\mbfunccoils.o
                0x08004b54                eMBFuncWriteMultipleCoils
 .text.NVIC_EnableIRQ
                0x08004c50       0x38 ..\obj\frequency.o
 .text.FrequencyMeasureInit
                0x08004c88      0x1fc ..\obj\frequency.o
                0x08004c88                FrequencyMeasureInit
 .text.TIM3_IRQHandler
                0x08004e84      0x210 ..\obj\frequency.o
                0x08004e84                TIM3_IRQHandler
 .text.FrequencyMeasure_Task
                0x08005094       0xf0 ..\obj\frequency.o
 .text.EXTI_GetITStatus
                0x08005184       0x60 ..\obj\stm32f4xx_exti.o
                0x08005184                EXTI_GetITStatus
 .text.EXTI_ClearITPendingBit
                0x080051e4       0x20 ..\obj\stm32f4xx_exti.o
                0x080051e4                EXTI_ClearITPendingBit
 .text.NVIC_PriorityGroupConfig
                0x08005204       0x28 ..\obj\misc.o
                0x08005204                NVIC_PriorityGroupConfig
 .text.NVIC_Init
                0x0800522c       0xe8 ..\obj\misc.o
                0x0800522c                NVIC_Init
 .text.pvPortMalloc
                0x08005314      0x164 ..\obj\heap_2.o
                0x08005314                pvPortMalloc
 .text.vPortFree
                0x08005478       0x88 ..\obj\heap_2.o
                0x08005478                vPortFree
 .text.xPortGetFreeHeapSize
                0x08005500       0x18 ..\obj\heap_2.o
                0x08005500                xPortGetFreeHeapSize
 .text.prvHeapInit
                0x08005518       0x6c ..\obj\heap_2.o
 .text.TIM_DeInit
                0x08005584      0x238 ..\obj\stm32f4xx_tim.o
                0x08005584                TIM_DeInit
 .text.TIM_TimeBaseInit
                0x080057bc       0xf8 ..\obj\stm32f4xx_tim.o
                0x080057bc                TIM_TimeBaseInit
 .text.TIM_TimeBaseStructInit
                0x080058b4       0x3c ..\obj\stm32f4xx_tim.o
                0x080058b4                TIM_TimeBaseStructInit
 .text.TIM_SetCounter
                0x080058f0       0x1c ..\obj\stm32f4xx_tim.o
                0x080058f0                TIM_SetCounter
 .text.TIM_ARRPreloadConfig
                0x0800590c       0x40 ..\obj\stm32f4xx_tim.o
                0x0800590c                TIM_ARRPreloadConfig
 .text.TIM_Cmd  0x0800594c       0x40 ..\obj\stm32f4xx_tim.o
                0x0800594c                TIM_Cmd
 .text.TIM_ICInit
                0x0800598c       0xa8 ..\obj\stm32f4xx_tim.o
                0x0800598c                TIM_ICInit
 .text.TIM_SetIC1Prescaler
                0x08005a34       0x38 ..\obj\stm32f4xx_tim.o
                0x08005a34                TIM_SetIC1Prescaler
 .text.TIM_SetIC2Prescaler
                0x08005a6c       0x40 ..\obj\stm32f4xx_tim.o
                0x08005a6c                TIM_SetIC2Prescaler
 .text.TIM_SetIC3Prescaler
                0x08005aac       0x38 ..\obj\stm32f4xx_tim.o
                0x08005aac                TIM_SetIC3Prescaler
 .text.TIM_SetIC4Prescaler
                0x08005ae4       0x40 ..\obj\stm32f4xx_tim.o
                0x08005ae4                TIM_SetIC4Prescaler
 .text.TIM_ITConfig
                0x08005b24       0x4c ..\obj\stm32f4xx_tim.o
                0x08005b24                TIM_ITConfig
 .text.TIM_ClearFlag
                0x08005b70       0x24 ..\obj\stm32f4xx_tim.o
                0x08005b70                TIM_ClearFlag
 .text.TIM_ClearITPendingBit
                0x08005b94       0x24 ..\obj\stm32f4xx_tim.o
                0x08005b94                TIM_ClearITPendingBit
 .text.TI1_Config
                0x08005bb8       0x84 ..\obj\stm32f4xx_tim.o
 .text.TI2_Config
                0x08005c3c       0xa4 ..\obj\stm32f4xx_tim.o
 .text.TI3_Config
                0x08005ce0       0x94 ..\obj\stm32f4xx_tim.o
 .text.TI4_Config
                0x08005d74       0xac ..\obj\stm32f4xx_tim.o
 .text.NVIC_SystemReset
                0x08005e20       0x34 ..\obj\power_detector.o
 .text.PVD_IRQHandler
                0x08005e54       0x20 ..\obj\power_detector.o
                0x08005e54                PVD_IRQHandler
 .text          0x08005e74      0x21c c:/coocox/coide/gcc/sourcery g++ lite/bin/../lib/gcc/arm-none-eabi/4.5.1/thumb2\libgcc.a(_arm_addsubsf3.o)
                0x08005e74                __aeabi_frsub
                0x08005e7c                __subsf3
                0x08005e7c                __aeabi_fsub
                0x08005e80                __aeabi_fadd
                0x08005e80                __addsf3
                0x08005fe0                __aeabi_ui2f
                0x08005fe0                __floatunsisf
                0x08005fe8                __aeabi_i2f
                0x08005fe8                __floatsisf
                0x08006004                __aeabi_ul2f
                0x08006004                __floatundisf
                0x08006014                __aeabi_l2f
                0x08006014                __floatdisf
 .text          0x08006090      0x2a0 c:/coocox/coide/gcc/sourcery g++ lite/bin/../lib/gcc/arm-none-eabi/4.5.1/thumb2\libgcc.a(_arm_muldivsf3.o)
                0x08006090                __mulsf3
                0x08006090                __aeabi_fmul
                0x080061f8                __aeabi_fdiv
                0x080061f8                __divsf3
 .text          0x08006330       0x58 c:/coocox/coide/gcc/sourcery g++ lite/bin/../lib/gcc/arm-none-eabi/4.5.1/../../../../arm-none-eabi/lib/thumb2\libc.a(lib_a-memcmp.o)
                0x08006330                memcmp
 .text          0x08006388      0x150 c:/coocox/coide/gcc/sourcery g++ lite/bin/../lib/gcc/arm-none-eabi/4.5.1/../../../../arm-none-eabi/lib/thumb2\libc.a(lib_a-memcpy.o)
                0x08006388                memcpy
 .text          0x080064d8       0xb4 c:/coocox/coide/gcc/sourcery g++ lite/bin/../lib/gcc/arm-none-eabi/4.5.1/../../../../arm-none-eabi/lib/thumb2\libc.a(lib_a-memset.o)
                0x080064d8                memset
 *(.glue_7t)
 .glue_7t       0x00000000        0x0 linker stubs
 *(.glue_7)
 .glue_7        0x00000000        0x0 linker stubs
 *(.rodata .rodata* .gnu.linkonce.r.*)
 .rodata        0x0800658c       0x20 ..\obj\protocol.o
 .rodata        0x080065ac      0x200 ..\obj\mbcrc.o
 .rodata        0x080067ac       0x1c ..\obj\tasks.o
 .rodata        0x080067c8        0x4 ..\obj\port.o
 .rodata        0x080067cc        0xc ..\obj\frequency.o
 .rodata        0x080067d8        0x2 ..\obj\heap_2.o

.vfp11_veneer   0x080067dc        0x0 load address 0x080067da
 .vfp11_veneer  0x00000000        0x0 linker stubs

.v4_bx          0x080067dc        0x0 load address 0x080067da
 .v4_bx         0x00000000        0x0 linker stubs

.ARM.extab
 *(.ARM.extab* .gnu.linkonce.armextab.*)

.ARM.exidx
 *(.ARM.exidx* .gnu.linkonce.armexidx.*)
                0x080067dc                . = ALIGN (0x4)
                0x080067dc                _etext = .
                0x080067dc                _sidata = .

.data           0x20000000       0xbc load address 0x080067dc
                0x20000000                _sdata = .
 *(.data .data.*)
 .data          0x20000000        0xc ..\obj\mbport.o
                0x20000000                usRegHoldingBuf
                0x20000004                REG_INPUT_START
                0x20000005                REG_HOLDING_START
                0x20000006                REG_INPUT_NREGS
                0x20000007                REG_HOLDING_NREGS
                0x20000008                usRegInputStart
                0x20000009                usRegHoldingStart
 .data          0x2000000c       0x80 ..\obj\mb.o
 .data          0x2000008c       0x10 ..\obj\stm32f4xx_rcc.o
 .data          0x2000009c        0x4 ..\obj\tasks.o
 .data          0x200000a0       0x14 ..\obj\system_stm32f4xx.o
                0x200000a0                SystemCoreClock
                0x200000a4                AHBPrescTable
 .data          0x200000b4        0x4 ..\obj\port.o
 .data          0x200000b8        0x4 ..\obj\heap_2.o
                0x200000bc                . = ALIGN (0x4)
                0x200000bc                _edata = .

.bss            0x200000bc     0x499c load address 0x08006898
                0x200000bc                _sbss = .
 *(.bss .bss.*)
 .bss           0x200000bc      0x100 ..\obj\mbport.o
 .bss           0x200001bc       0x24 ..\obj\mbfuncother.o
 .bss           0x200001e0       0xfc ..\obj\tasks.o
                0x200001e0                pxCurrentTCB
 .bss           0x200002dc        0x8 ..\obj\porttimer.o
 .bss           0x200002e4        0x8 ..\obj\port.o
 .bss           0x200002ec       0x10 ..\obj\portserial.o
 .bss           0x200002fc      0x408 ..\obj\frequency.o
 .bss           0x20000704     0x4014 ..\obj\heap_2.o
 *(COMMON)
 COMMON         0x20004718      0x2e8 ..\obj\protocol.o
                0x20004718                stContext_RS232
                0x2000488c                stContext_RS485
 COMMON         0x20004a00       0x50 ..\obj\watchdog.o
                0x20004a00                task_watches
 COMMON         0x20004a50        0x8 ..\obj\frequency.o
                0x20004a50                xFrequencyMeasureCH2Queue
                0x20004a54                xFrequencyMeasureCH1Queue
                0x20004a58                . = ALIGN (0x4)
                0x20004a58                _ebss = .

.co_stack       0x20004a58      0x800 load address 0x0800b234
                0x20004a58                . = ALIGN (0x8)
 *(.co_stack .co_stack.*)
 .co_stack      0x20004a58      0x800 ..\obj\startup_stm32f4xx.o
                0x20004a58                pulStack
                0x20005258                . = ALIGN (0x4)
                0x20005258                _end = .
LOAD ..\obj\stm32f4xx_syscfg.o
LOAD ..\obj\mbport.o
LOAD ..\obj\mb.o
LOAD ..\obj\protocol.o
LOAD ..\obj\mbfuncdisc.o
LOAD ..\obj\core_cm3.o
LOAD ..\obj\portevent.o
LOAD ..\obj\mbfuncother.o
LOAD ..\obj\stm32f4xx_usart.o
LOAD ..\obj\stm32f4xx_pwr.o
LOAD ..\obj\rtc.o
LOAD ..\obj\mbutils.o
LOAD ..\obj\startup_stm32f4xx.o
LOAD ..\obj\backup_sram.o
LOAD ..\obj\stm32f4xx_iwdg.o
LOAD ..\obj\ADS1120.o
LOAD ..\obj\mbfuncholding.o
LOAD ..\obj\main.o
LOAD ..\obj\mbcrc.o
LOAD ..\obj\stm32f4xx_rcc.o
LOAD ..\obj\timers.o
LOAD ..\obj\mbfuncinput.o
LOAD ..\obj\printf.o
LOAD ..\obj\watchdog.o
LOAD ..\obj\mbfuncdiag.o
LOAD ..\obj\tasks.o
LOAD ..\obj\stm32f4xx_gpio.o
LOAD ..\obj\porttimer.o
LOAD ..\obj\mbrtu.o
LOAD ..\obj\list.o
LOAD ..\obj\system_stm32f4xx.o
LOAD ..\obj\syscalls.o
LOAD ..\obj\port.o
LOAD ..\obj\queue.o
LOAD ..\obj\portserial.o
LOAD ..\obj\croutine.o
LOAD ..\obj\stm32f4xx_spi.o
LOAD ..\obj\mbfunccoils.o
LOAD ..\obj\event_groups.o
LOAD ..\obj\frequency.o
LOAD ..\obj\stm32f4xx_exti.o
LOAD ..\obj\misc.o
LOAD ..\obj\stm32f4xx_rtc.o
LOAD ..\obj\mbascii.o
LOAD ..\obj\heap_2.o
LOAD ..\obj\stm32f4xx_tim.o
LOAD ..\obj\power_detector.o
START GROUP
LOAD c:/coocox/coide/gcc/sourcery g++ lite/bin/../lib/gcc/arm-none-eabi/4.5.1/thumb2\libgcc.a
LOAD c:/coocox/coide/gcc/sourcery g++ lite/bin/../lib/gcc/arm-none-eabi/4.5.1/../../../../arm-none-eabi/lib/thumb2\libc.a
END GROUP
OUTPUT(IMS_CONTROLLER.elf elf32-littlearm)

.debug_abbrev   0x00000000     0x35f7
 .debug_abbrev  0x00000000      0x12a ..\obj\stm32f4xx_syscfg.o
 .debug_abbrev  0x0000012a      0x132 ..\obj\mbport.o
 .debug_abbrev  0x0000025c      0x199 ..\obj\mb.o
 .debug_abbrev  0x000003f5      0x164 ..\obj\protocol.o
 .debug_abbrev  0x00000559       0xa5 ..\obj\mbfuncdisc.o
 .debug_abbrev  0x000005fe       0xd5 ..\obj\core_cm3.o
 .debug_abbrev  0x000006d3       0xc1 ..\obj\portevent.o
 .debug_abbrev  0x00000794       0xbe ..\obj\mbfuncother.o
 .debug_abbrev  0x00000852      0x14e ..\obj\stm32f4xx_usart.o
 .debug_abbrev  0x000009a0      0x175 ..\obj\stm32f4xx_pwr.o
 .debug_abbrev  0x00000b15      0x125 ..\obj\rtc.o
 .debug_abbrev  0x00000c3a       0xd2 ..\obj\mbutils.o
 .debug_abbrev  0x00000d0c       0xac ..\obj\startup_stm32f4xx.o
 .debug_abbrev  0x00000db8       0xa7 ..\obj\backup_sram.o
 .debug_abbrev  0x00000e5f       0xfa ..\obj\stm32f4xx_iwdg.o
 .debug_abbrev  0x00000f59      0x17a ..\obj\ADS1120.o
 .debug_abbrev  0x000010d3       0xa5 ..\obj\mbfuncholding.o
 .debug_abbrev  0x00001178       0xc0 ..\obj\main.o
 .debug_abbrev  0x00001238       0x90 ..\obj\mbcrc.o
 .debug_abbrev  0x000012c8      0x1b7 ..\obj\stm32f4xx_rcc.o
 .debug_abbrev  0x0000147f       0x28 ..\obj\timers.o
 .debug_abbrev  0x000014a7       0xa5 ..\obj\mbfuncinput.o
 .debug_abbrev  0x0000154c      0x238 ..\obj\printf.o
 .debug_abbrev  0x00001784      0x120 ..\obj\watchdog.o
 .debug_abbrev  0x000018a4        0x1 ..\obj\mbfuncdiag.o
 .debug_abbrev  0x000018a5      0x206 ..\obj\tasks.o
 .debug_abbrev  0x00001aab      0x182 ..\obj\stm32f4xx_gpio.o
 .debug_abbrev  0x00001c2d      0x1b6 ..\obj\porttimer.o
 .debug_abbrev  0x00001de3      0x180 ..\obj\mbrtu.o
 .debug_abbrev  0x00001f63       0xb8 ..\obj\list.o
 .debug_abbrev  0x0000201b      0x140 ..\obj\system_stm32f4xx.o
 .debug_abbrev  0x0000215b       0xde ..\obj\syscalls.o
 .debug_abbrev  0x00002239      0x186 ..\obj\port.o
 .debug_abbrev  0x000023bf      0x132 ..\obj\queue.o
 .debug_abbrev  0x000024f1      0x203 ..\obj\portserial.o
 .debug_abbrev  0x000026f4      0x17f ..\obj\croutine.o
 .debug_abbrev  0x00002873      0x160 ..\obj\stm32f4xx_spi.o
 .debug_abbrev  0x000029d3       0xb7 ..\obj\mbfunccoils.o
 .debug_abbrev  0x00002a8a      0x10f ..\obj\event_groups.o
 .debug_abbrev  0x00002b99      0x1c1 ..\obj\frequency.o
 .debug_abbrev  0x00002d5a      0x198 ..\obj\stm32f4xx_exti.o
 .debug_abbrev  0x00002ef2      0x126 ..\obj\misc.o
 .debug_abbrev  0x00003018      0x16b ..\obj\stm32f4xx_rtc.o
 .debug_abbrev  0x00003183       0x4d ..\obj\mbascii.o
 .debug_abbrev  0x000031d0      0x15f ..\obj\heap_2.o
 .debug_abbrev  0x0000332f      0x163 ..\obj\stm32f4xx_tim.o
 .debug_abbrev  0x00003492      0x165 ..\obj\power_detector.o

.debug_info     0x00000000    0x12d4a
 .debug_info    0x00000000      0x27a ..\obj\stm32f4xx_syscfg.o
 .debug_info    0x0000027a      0x3bb ..\obj\mbport.o
 .debug_info    0x00000635      0x9a1 ..\obj\mb.o
 .debug_info    0x00000fd6      0x884 ..\obj\protocol.o
 .debug_info    0x0000185a      0x1f9 ..\obj\mbfuncdisc.o
 .debug_info    0x00001a53      0x548 ..\obj\core_cm3.o
 .debug_info    0x00001f9b      0x1c4 ..\obj\portevent.o
 .debug_info    0x0000215f      0x25c ..\obj\mbfuncother.o
 .debug_info    0x000023bb      0xa4f ..\obj\stm32f4xx_usart.o
 .debug_info    0x00002e0a      0x53e ..\obj\stm32f4xx_pwr.o
 .debug_info    0x00003348      0x2a8 ..\obj\rtc.o
 .debug_info    0x000035f0      0x2d1 ..\obj\mbutils.o
 .debug_info    0x000038c1      0x135 ..\obj\startup_stm32f4xx.o
 .debug_info    0x000039f6      0x11f ..\obj\backup_sram.o
 .debug_info    0x00003b15      0x20b ..\obj\stm32f4xx_iwdg.o
 .debug_info    0x00003d20      0x6cb ..\obj\ADS1120.o
 .debug_info    0x000043eb      0x38e ..\obj\mbfuncholding.o
 .debug_info    0x00004779      0x181 ..\obj\main.o
 .debug_info    0x000048fa      0x13e ..\obj\mbcrc.o
 .debug_info    0x00004a38      0xd24 ..\obj\stm32f4xx_rcc.o
 .debug_info    0x0000575c       0x6f ..\obj\timers.o
 .debug_info    0x000057cb      0x1eb ..\obj\mbfuncinput.o
 .debug_info    0x000059b6      0xed2 ..\obj\printf.o
 .debug_info    0x00006888      0x1ab ..\obj\watchdog.o
 .debug_info    0x00006a33        0x0 ..\obj\mbfuncdiag.o
 .debug_info    0x00006a33     0x12a7 ..\obj\tasks.o
 .debug_info    0x00007cda      0x639 ..\obj\stm32f4xx_gpio.o
 .debug_info    0x00008313      0xe0c ..\obj\porttimer.o
 .debug_info    0x0000911f      0x7fd ..\obj\mbrtu.o
 .debug_info    0x0000991c      0x2b5 ..\obj\list.o
 .debug_info    0x00009bd1      0x5ea ..\obj\system_stm32f4xx.o
 .debug_info    0x0000a1bb      0x440 ..\obj\syscalls.o
 .debug_info    0x0000a5fb      0x330 ..\obj\port.o
 .debug_info    0x0000a92b      0x9ea ..\obj\queue.o
 .debug_info    0x0000b315     0x1160 ..\obj\portserial.o
 .debug_info    0x0000c475      0x4ec ..\obj\croutine.o
 .debug_info    0x0000c961      0xbcc ..\obj\stm32f4xx_spi.o
 .debug_info    0x0000d52d      0x31e ..\obj\mbfunccoils.o
 .debug_info    0x0000d84b      0x639 ..\obj\event_groups.o
 .debug_info    0x0000de84      0xb9f ..\obj\frequency.o
 .debug_info    0x0000ea23      0x372 ..\obj\stm32f4xx_exti.o
 .debug_info    0x0000ed95      0x594 ..\obj\misc.o
 .debug_info    0x0000f329     0x1223 ..\obj\stm32f4xx_rtc.o
 .debug_info    0x0001054c       0x9b ..\obj\mbascii.o
 .debug_info    0x000105e7      0x2e3 ..\obj\heap_2.o
 .debug_info    0x000108ca     0x1e28 ..\obj\stm32f4xx_tim.o
 .debug_info    0x000126f2      0x658 ..\obj\power_detector.o

.debug_line     0x00000000     0x9385
 .debug_line    0x00000000      0x202 ..\obj\stm32f4xx_syscfg.o
 .debug_line    0x00000202      0x292 ..\obj\mbport.o
 .debug_line    0x00000494      0x326 ..\obj\mb.o
 .debug_line    0x000007ba      0x333 ..\obj\protocol.o
 .debug_line    0x00000aed      0x1ed ..\obj\mbfuncdisc.o
 .debug_line    0x00000cda      0x28e ..\obj\core_cm3.o
 .debug_line    0x00000f68      0x1d1 ..\obj\portevent.o
 .debug_line    0x00001139      0x259 ..\obj\mbfuncother.o
 .debug_line    0x00001392      0x49c ..\obj\stm32f4xx_usart.o
 .debug_line    0x0000182e      0x29f ..\obj\stm32f4xx_pwr.o
 .debug_line    0x00001acd      0x2b6 ..\obj\rtc.o
 .debug_line    0x00001d83      0x261 ..\obj\mbutils.o
 .debug_line    0x00001fe4       0xaf ..\obj\startup_stm32f4xx.o
 .debug_line    0x00002093      0x1a8 ..\obj\backup_sram.o
 .debug_line    0x0000223b      0x1f9 ..\obj\stm32f4xx_iwdg.o
 .debug_line    0x00002434      0x3e7 ..\obj\ADS1120.o
 .debug_line    0x0000281b      0x283 ..\obj\mbfuncholding.o
 .debug_line    0x00002a9e      0x2ae ..\obj\main.o
 .debug_line    0x00002d4c      0x164 ..\obj\mbcrc.o
 .debug_line    0x00002eb0      0x598 ..\obj\stm32f4xx_rcc.o
 .debug_line    0x00003448       0x1d ..\obj\timers.o
 .debug_line    0x00003465      0x1e3 ..\obj\mbfuncinput.o
 .debug_line    0x00003648      0x3cf ..\obj\printf.o
 .debug_line    0x00003a17      0x257 ..\obj\watchdog.o
 .debug_line    0x00003c6e        0x0 ..\obj\mbfuncdiag.o
 .debug_line    0x00003c6e      0xab6 ..\obj\tasks.o
 .debug_line    0x00004724      0x337 ..\obj\stm32f4xx_gpio.o
 .debug_line    0x00004a5b      0x3cd ..\obj\porttimer.o
 .debug_line    0x00004e28      0x293 ..\obj\mbrtu.o
 .debug_line    0x000050bb      0x241 ..\obj\list.o
 .debug_line    0x000052fc      0x21b ..\obj\system_stm32f4xx.o
 .debug_line    0x00005517      0x19d ..\obj\syscalls.o
 .debug_line    0x000056b4      0x30a ..\obj\port.o
 .debug_line    0x000059be      0x6fb ..\obj\queue.o
 .debug_line    0x000060b9      0x4df ..\obj\portserial.o
 .debug_line    0x00006598      0x30d ..\obj\croutine.o
 .debug_line    0x000068a5      0x44c ..\obj\stm32f4xx_spi.o
 .debug_line    0x00006cf1      0x25b ..\obj\mbfunccoils.o
 .debug_line    0x00006f4c      0x395 ..\obj\event_groups.o
 .debug_line    0x000072e1      0x37c ..\obj\frequency.o
 .debug_line    0x0000765d      0x2a1 ..\obj\stm32f4xx_exti.o
 .debug_line    0x000078fe      0x23d ..\obj\misc.o
 .debug_line    0x00007b3b      0x80f ..\obj\stm32f4xx_rtc.o
 .debug_line    0x0000834a       0xde ..\obj\mbascii.o
 .debug_line    0x00008428      0x28b ..\obj\heap_2.o
 .debug_line    0x000086b3      0xa71 ..\obj\stm32f4xx_tim.o
 .debug_line    0x00009124      0x261 ..\obj\power_detector.o

.debug_loc      0x00000000     0x7313
 .debug_loc     0x00000000      0x144 ..\obj\stm32f4xx_syscfg.o
 .debug_loc     0x00000144      0x138 ..\obj\mbport.o
 .debug_loc     0x0000027c      0x150 ..\obj\mb.o
 .debug_loc     0x000003cc       0xa8 ..\obj\protocol.o
 .debug_loc     0x00000474       0x38 ..\obj\mbfuncdisc.o
 .debug_loc     0x000004ac      0x3f0 ..\obj\core_cm3.o
 .debug_loc     0x0000089c       0xa8 ..\obj\portevent.o
 .debug_loc     0x00000944       0x70 ..\obj\mbfuncother.o
 .debug_loc     0x000009b4      0x658 ..\obj\stm32f4xx_usart.o
 .debug_loc     0x0000100c      0x288 ..\obj\stm32f4xx_pwr.o
 .debug_loc     0x00001294       0x70 ..\obj\rtc.o
 .debug_loc     0x00001304       0xa8 ..\obj\mbutils.o
 .debug_loc     0x000013ac       0x64 ..\obj\startup_stm32f4xx.o
 .debug_loc     0x00001410       0x64 ..\obj\backup_sram.o
 .debug_loc     0x00001474      0x138 ..\obj\stm32f4xx_iwdg.o
 .debug_loc     0x000015ac      0x144 ..\obj\ADS1120.o
 .debug_loc     0x000016f0       0xe0 ..\obj\mbfuncholding.o
 .debug_loc     0x000017d0      0x100 ..\obj\main.o
 .debug_loc     0x000018d0       0x38 ..\obj\mbcrc.o
 .debug_loc     0x00001908      0x97c ..\obj\stm32f4xx_rcc.o
 .debug_loc     0x00002284       0x38 ..\obj\mbfuncinput.o
 .debug_loc     0x000022bc      0x3ea ..\obj\printf.o
 .debug_loc     0x000026a6       0x70 ..\obj\watchdog.o
 .debug_loc     0x00002716      0x92c ..\obj\tasks.o
 .debug_loc     0x00003042      0x310 ..\obj\stm32f4xx_gpio.o
 .debug_loc     0x00003352      0x1e8 ..\obj\porttimer.o
 .debug_loc     0x0000353a      0x1c0 ..\obj\mbrtu.o
 .debug_loc     0x000036fa      0x118 ..\obj\list.o
 .debug_loc     0x00003812       0x9c ..\obj\system_stm32f4xx.o
 .debug_loc     0x000038ae      0x1ec ..\obj\syscalls.o
 .debug_loc     0x00003a9a      0x1dc ..\obj\port.o
 .debug_loc     0x00003c76      0x460 ..\obj\queue.o
 .debug_loc     0x000040d6      0x2c0 ..\obj\portserial.o
 .debug_loc     0x00004396      0x188 ..\obj\croutine.o
 .debug_loc     0x0000451e      0x578 ..\obj\stm32f4xx_spi.o
 .debug_loc     0x00004a96       0xa8 ..\obj\mbfunccoils.o
 .debug_loc     0x00004b3e      0x230 ..\obj\event_groups.o
 .debug_loc     0x00004d6e       0xe1 ..\obj\frequency.o
 .debug_loc     0x00004e4f      0x1b4 ..\obj\stm32f4xx_exti.o
 .debug_loc     0x00005003      0x118 ..\obj\misc.o
 .debug_loc     0x0000511b      0xc48 ..\obj\stm32f4xx_rtc.o
 .debug_loc     0x00005d63      0x100 ..\obj\heap_2.o
 .debug_loc     0x00005e63     0x1420 ..\obj\stm32f4xx_tim.o
 .debug_loc     0x00007283       0x90 ..\obj\power_detector.o

.debug_pubnames
                0x00000000     0x3014
 .debug_pubnames
                0x00000000       0xc3 ..\obj\stm32f4xx_syscfg.o
 .debug_pubnames
                0x000000c3      0x126 ..\obj\mbport.o
 .debug_pubnames
                0x000001e9       0x66 ..\obj\mb.o
 .debug_pubnames
                0x0000024f       0x4c ..\obj\protocol.o
 .debug_pubnames
                0x0000029b       0x30 ..\obj\mbfuncdisc.o
 .debug_pubnames
                0x000002cb      0x159 ..\obj\core_cm3.o
 .debug_pubnames
                0x00000424       0x50 ..\obj\portevent.o
 .debug_pubnames
                0x00000474       0x3d ..\obj\mbfuncother.o
 .debug_pubnames
                0x000004b1      0x294 ..\obj\stm32f4xx_usart.o
 .debug_pubnames
                0x00000745      0x120 ..\obj\stm32f4xx_pwr.o
 .debug_pubnames
                0x00000865       0x46 ..\obj\rtc.o
 .debug_pubnames
                0x000008ab       0x52 ..\obj\mbutils.o
 .debug_pubnames
                0x000008fd       0x4a ..\obj\startup_stm32f4xx.o
 .debug_pubnames
                0x00000947       0x41 ..\obj\backup_sram.o
 .debug_pubnames
                0x00000988       0x91 ..\obj\stm32f4xx_iwdg.o
 .debug_pubnames
                0x00000a19       0x9f ..\obj\ADS1120.o
 .debug_pubnames
                0x00000ab8       0xa5 ..\obj\mbfuncholding.o
 .debug_pubnames
                0x00000b5d       0x90 ..\obj\main.o
 .debug_pubnames
                0x00000bed       0x20 ..\obj\mbcrc.o
 .debug_pubnames
                0x00000c0d      0x417 ..\obj\stm32f4xx_rcc.o
 .debug_pubnames
                0x00001024       0x2f ..\obj\mbfuncinput.o
 .debug_pubnames
                0x00001053      0x101 ..\obj\printf.o
 .debug_pubnames
                0x00001154       0x35 ..\obj\watchdog.o
 .debug_pubnames
                0x00001189      0x350 ..\obj\tasks.o
 .debug_pubnames
                0x000014d9      0x12d ..\obj\stm32f4xx_gpio.o
 .debug_pubnames
                0x00001606       0xf0 ..\obj\porttimer.o
 .debug_pubnames
                0x000016f6       0xa6 ..\obj\mbrtu.o
 .debug_pubnames
                0x0000179c       0x72 ..\obj\list.o
 .debug_pubnames
                0x0000180e       0x61 ..\obj\system_stm32f4xx.o
 .debug_pubnames
                0x0000186f       0x71 ..\obj\syscalls.o
 .debug_pubnames
                0x000018e0      0x144 ..\obj\port.o
 .debug_pubnames
                0x00001a24      0x18c ..\obj\queue.o
 .debug_pubnames
                0x00001bb0      0x123 ..\obj\portserial.o
 .debug_pubnames
                0x00001cd3       0x96 ..\obj\croutine.o
 .debug_pubnames
                0x00001d69      0x221 ..\obj\stm32f4xx_spi.o
 .debug_pubnames
                0x00001f8a       0x5a ..\obj\mbfunccoils.o
 .debug_pubnames
                0x00001fe4       0xf8 ..\obj\event_groups.o
 .debug_pubnames
                0x000020dc       0x7b ..\obj\frequency.o
 .debug_pubnames
                0x00002157       0xbb ..\obj\stm32f4xx_exti.o
 .debug_pubnames
                0x00002212       0x89 ..\obj\misc.o
 .debug_pubnames
                0x0000229b      0x514 ..\obj\stm32f4xx_rtc.o
 .debug_pubnames
                0x000027af       0x64 ..\obj\heap_2.o
 .debug_pubnames
                0x00002813      0x7c4 ..\obj\stm32f4xx_tim.o
 .debug_pubnames
                0x00002fd7       0x3d ..\obj\power_detector.o

.debug_pubtypes
                0x00000000     0x2111
 .debug_pubtypes
                0x00000000       0x6d ..\obj\stm32f4xx_syscfg.o
 .debug_pubtypes
                0x0000006d       0x80 ..\obj\mbport.o
 .debug_pubtypes
                0x000000ed      0x17e ..\obj\mb.o
 .debug_pubtypes
                0x0000026b      0x16e ..\obj\protocol.o
 .debug_pubtypes
                0x000003d9       0x6e ..\obj\mbfuncdisc.o
 .debug_pubtypes
                0x00000447       0x50 ..\obj\core_cm3.o
 .debug_pubtypes
                0x00000497       0x52 ..\obj\portevent.o
 .debug_pubtypes
                0x000004e9       0x82 ..\obj\mbfuncother.o
 .debug_pubtypes
                0x0000056b       0xcd ..\obj\stm32f4xx_usart.o
 .debug_pubtypes
                0x00000638       0x84 ..\obj\stm32f4xx_pwr.o
 .debug_pubtypes
                0x000006bc       0x83 ..\obj\rtc.o
 .debug_pubtypes
                0x0000073f       0x79 ..\obj\mbutils.o
 .debug_pubtypes
                0x000007b8       0x37 ..\obj\backup_sram.o
 .debug_pubtypes
                0x000007ef       0x64 ..\obj\stm32f4xx_iwdg.o
 .debug_pubtypes
                0x00000853      0x12b ..\obj\ADS1120.o
 .debug_pubtypes
                0x0000097e       0x6e ..\obj\mbfuncholding.o
 .debug_pubtypes
                0x000009ec       0x49 ..\obj\main.o
 .debug_pubtypes
                0x00000a35       0x40 ..\obj\mbcrc.o
 .debug_pubtypes
                0x00000a75       0xaa ..\obj\stm32f4xx_rcc.o
 .debug_pubtypes
                0x00000b1f       0x12 ..\obj\timers.o
 .debug_pubtypes
                0x00000b31       0x6e ..\obj\mbfuncinput.o
 .debug_pubtypes
                0x00000b9f      0x139 ..\obj\printf.o
 .debug_pubtypes
                0x00000cd8       0x63 ..\obj\watchdog.o
 .debug_pubtypes
                0x00000d3b      0x191 ..\obj\tasks.o
 .debug_pubtypes
                0x00000ecc       0xce ..\obj\stm32f4xx_gpio.o
 .debug_pubtypes
                0x00000f9a      0x1ad ..\obj\porttimer.o
 .debug_pubtypes
                0x00001147      0x115 ..\obj\mbrtu.o
 .debug_pubtypes
                0x0000125c       0x98 ..\obj\list.o
 .debug_pubtypes
                0x000012f4       0x73 ..\obj\system_stm32f4xx.o
 .debug_pubtypes
                0x00001367       0xaa ..\obj\syscalls.o
 .debug_pubtypes
                0x00001411       0x7c ..\obj\port.o
 .debug_pubtypes
                0x0000148d      0x122 ..\obj\queue.o
 .debug_pubtypes
                0x000015af      0x257 ..\obj\portserial.o
 .debug_pubtypes
                0x00001806      0x107 ..\obj\croutine.o
 .debug_pubtypes
                0x0000190d       0xbc ..\obj\stm32f4xx_spi.o
 .debug_pubtypes
                0x000019c9       0x6e ..\obj\mbfunccoils.o
 .debug_pubtypes
                0x00001a37       0xf9 ..\obj\event_groups.o
 .debug_pubtypes
                0x00001b30      0x195 ..\obj\frequency.o
 .debug_pubtypes
                0x00001cc5       0xae ..\obj\stm32f4xx_exti.o
 .debug_pubtypes
                0x00001d73       0x8c ..\obj\misc.o
 .debug_pubtypes
                0x00001dff       0xd8 ..\obj\stm32f4xx_rtc.o
 .debug_pubtypes
                0x00001ed7       0x1e ..\obj\mbascii.o
 .debug_pubtypes
                0x00001ef5       0x73 ..\obj\heap_2.o
 .debug_pubtypes
                0x00001f68       0xe4 ..\obj\stm32f4xx_tim.o
 .debug_pubtypes
                0x0000204c       0xc5 ..\obj\power_detector.o

.debug_aranges  0x00000000     0x1520
 .debug_aranges
                0x00000000       0x48 ..\obj\stm32f4xx_syscfg.o
 .debug_aranges
                0x00000048       0x48 ..\obj\mbport.o
 .debug_aranges
                0x00000090       0x48 ..\obj\mb.o
 .debug_aranges
                0x000000d8       0x30 ..\obj\protocol.o
 .debug_aranges
                0x00000108       0x20 ..\obj\mbfuncdisc.o
 .debug_aranges
                0x00000128       0xc8 ..\obj\core_cm3.o
 .debug_aranges
                0x000001f0       0x30 ..\obj\portevent.o
 .debug_aranges
                0x00000220       0x28 ..\obj\mbfuncother.o
 .debug_aranges
                0x00000248      0x100 ..\obj\stm32f4xx_usart.o
 .debug_aranges
                0x00000348       0x78 ..\obj\stm32f4xx_pwr.o
 .debug_aranges
                0x000003c0       0x28 ..\obj\rtc.o
 .debug_aranges
                0x000003e8       0x30 ..\obj\mbutils.o
 .debug_aranges
                0x00000418       0x28 ..\obj\startup_stm32f4xx.o
 .debug_aranges
                0x00000440       0x28 ..\obj\backup_sram.o
 .debug_aranges
                0x00000468       0x48 ..\obj\stm32f4xx_iwdg.o
 .debug_aranges
                0x000004b0       0x48 ..\obj\ADS1120.o
 .debug_aranges
                0x000004f8       0x38 ..\obj\mbfuncholding.o
 .debug_aranges
                0x00000530       0x40 ..\obj\main.o
 .debug_aranges
                0x00000570       0x20 ..\obj\mbcrc.o
 .debug_aranges
                0x00000590      0x178 ..\obj\stm32f4xx_rcc.o
 .debug_aranges
                0x00000708       0x20 ..\obj\mbfuncinput.o
 .debug_aranges
                0x00000728       0xa0 ..\obj\printf.o
 .debug_aranges
                0x000007c8       0x28 ..\obj\watchdog.o
 .debug_aranges
                0x000007f0      0x170 ..\obj\tasks.o
 .debug_aranges
                0x00000960       0x88 ..\obj\stm32f4xx_gpio.o
 .debug_aranges
                0x000009e8       0x68 ..\obj\porttimer.o
 .debug_aranges
                0x00000a50       0x58 ..\obj\mbrtu.o
 .debug_aranges
                0x00000aa8       0x40 ..\obj\list.o
 .debug_aranges
                0x00000ae8       0x30 ..\obj\system_stm32f4xx.o
 .debug_aranges
                0x00000b18       0x60 ..\obj\syscalls.o
 .debug_aranges
                0x00000b78       0x90 ..\obj\port.o
 .debug_aranges
                0x00000c08       0xb8 ..\obj\queue.o
 .debug_aranges
                0x00000cc0       0x80 ..\obj\portserial.o
 .debug_aranges
                0x00000d40       0x50 ..\obj\croutine.o
 .debug_aranges
                0x00000d90       0xe0 ..\obj\stm32f4xx_spi.o
 .debug_aranges
                0x00000e70       0x30 ..\obj\mbfunccoils.o
 .debug_aranges
                0x00000ea0       0x68 ..\obj\event_groups.o
 .debug_aranges
                0x00000f08       0x38 ..\obj\frequency.o
 .debug_aranges
                0x00000f40       0x58 ..\obj\stm32f4xx_exti.o
 .debug_aranges
                0x00000f98       0x40 ..\obj\misc.o
 .debug_aranges
                0x00000fd8      0x1e0 ..\obj\stm32f4xx_rtc.o
 .debug_aranges
                0x000011b8       0x40 ..\obj\heap_2.o
 .debug_aranges
                0x000011f8      0x2f8 ..\obj\stm32f4xx_tim.o
 .debug_aranges
                0x000014f0       0x30 ..\obj\power_detector.o

.debug_ranges   0x00000000     0x1260
 .debug_ranges  0x00000000       0x38 ..\obj\stm32f4xx_syscfg.o
 .debug_ranges  0x00000038       0x38 ..\obj\mbport.o
 .debug_ranges  0x00000070       0x38 ..\obj\mb.o
 .debug_ranges  0x000000a8       0x20 ..\obj\protocol.o
 .debug_ranges  0x000000c8       0x10 ..\obj\mbfuncdisc.o
 .debug_ranges  0x000000d8       0xb8 ..\obj\core_cm3.o
 .debug_ranges  0x00000190       0x20 ..\obj\portevent.o
 .debug_ranges  0x000001b0       0x18 ..\obj\mbfuncother.o
 .debug_ranges  0x000001c8       0xf0 ..\obj\stm32f4xx_usart.o
 .debug_ranges  0x000002b8       0x68 ..\obj\stm32f4xx_pwr.o
 .debug_ranges  0x00000320       0x18 ..\obj\rtc.o
 .debug_ranges  0x00000338       0x20 ..\obj\mbutils.o
 .debug_ranges  0x00000358       0x18 ..\obj\startup_stm32f4xx.o
 .debug_ranges  0x00000370       0x18 ..\obj\backup_sram.o
 .debug_ranges  0x00000388       0x38 ..\obj\stm32f4xx_iwdg.o
 .debug_ranges  0x000003c0       0x38 ..\obj\ADS1120.o
 .debug_ranges  0x000003f8       0x28 ..\obj\mbfuncholding.o
 .debug_ranges  0x00000420       0x30 ..\obj\main.o
 .debug_ranges  0x00000450       0x10 ..\obj\mbcrc.o
 .debug_ranges  0x00000460      0x168 ..\obj\stm32f4xx_rcc.o
 .debug_ranges  0x000005c8       0x10 ..\obj\mbfuncinput.o
 .debug_ranges  0x000005d8       0x90 ..\obj\printf.o
 .debug_ranges  0x00000668       0x18 ..\obj\watchdog.o
 .debug_ranges  0x00000680      0x160 ..\obj\tasks.o
 .debug_ranges  0x000007e0       0x78 ..\obj\stm32f4xx_gpio.o
 .debug_ranges  0x00000858       0x58 ..\obj\porttimer.o
 .debug_ranges  0x000008b0       0x48 ..\obj\mbrtu.o
 .debug_ranges  0x000008f8       0x30 ..\obj\list.o
 .debug_ranges  0x00000928       0x20 ..\obj\system_stm32f4xx.o
 .debug_ranges  0x00000948       0x50 ..\obj\syscalls.o
 .debug_ranges  0x00000998       0x80 ..\obj\port.o
 .debug_ranges  0x00000a18       0xa8 ..\obj\queue.o
 .debug_ranges  0x00000ac0       0x70 ..\obj\portserial.o
 .debug_ranges  0x00000b30       0x40 ..\obj\croutine.o
 .debug_ranges  0x00000b70       0xd0 ..\obj\stm32f4xx_spi.o
 .debug_ranges  0x00000c40       0x20 ..\obj\mbfunccoils.o
 .debug_ranges  0x00000c60       0x58 ..\obj\event_groups.o
 .debug_ranges  0x00000cb8       0x28 ..\obj\frequency.o
 .debug_ranges  0x00000ce0       0x48 ..\obj\stm32f4xx_exti.o
 .debug_ranges  0x00000d28       0x30 ..\obj\misc.o
 .debug_ranges  0x00000d58      0x1d0 ..\obj\stm32f4xx_rtc.o
 .debug_ranges  0x00000f28       0x30 ..\obj\heap_2.o
 .debug_ranges  0x00000f58      0x2e8 ..\obj\stm32f4xx_tim.o
 .debug_ranges  0x00001240       0x20 ..\obj\power_detector.o

.debug_str      0x00000000     0x7011
 .debug_str     0x00000000      0x21d ..\obj\stm32f4xx_syscfg.o
                                0x26a (size before relaxing)
 .debug_str     0x0000021d      0x22b ..\obj\mbport.o
                                0x2de (size before relaxing)
 .debug_str     0x00000448      0x5d4 ..\obj\mb.o
                                0x785 (size before relaxing)
 .debug_str     0x00000a1c      0x1c9 ..\obj\protocol.o
                                0x821 (size before relaxing)
 .debug_str     0x00000be5       0xc3 ..\obj\mbfuncdisc.o
                                0x2e3 (size before relaxing)
 .debug_str     0x00000ca8      0x173 ..\obj\core_cm3.o
                                0x23a (size before relaxing)
 .debug_str     0x00000e1b       0x9a ..\obj\portevent.o
                                0x1c1 (size before relaxing)
 .debug_str     0x00000eb5       0xd8 ..\obj\mbfuncother.o
                                0x30c (size before relaxing)
 .debug_str     0x00000f8d      0x4e4 ..\obj\stm32f4xx_usart.o
                                0x5fa (size before relaxing)
 .debug_str     0x00001471      0x1e9 ..\obj\stm32f4xx_pwr.o
                                0x2fc (size before relaxing)
 .debug_str     0x0000165a      0x15c ..\obj\rtc.o
                                0x272 (size before relaxing)
 .debug_str     0x000017b6       0xf9 ..\obj\mbutils.o
                                0x320 (size before relaxing)
 .debug_str     0x000018af       0xbe ..\obj\startup_stm32f4xx.o
                                 0xe9 (size before relaxing)
 .debug_str     0x0000196d       0x99 ..\obj\backup_sram.o
                                0x15e (size before relaxing)
 .debug_str     0x00001a06       0xf6 ..\obj\stm32f4xx_iwdg.o
                                0x1d7 (size before relaxing)
 .debug_str     0x00001afc      0x3bf ..\obj\ADS1120.o
                                0x61d (size before relaxing)
 .debug_str     0x00001ebb      0x155 ..\obj\mbfuncholding.o
                                0x3c1 (size before relaxing)
 .debug_str     0x00002010       0xd6 ..\obj\main.o
                                0x1ab (size before relaxing)
 .debug_str     0x000020e6       0x77 ..\obj\mbcrc.o
                                0x144 (size before relaxing)
 .debug_str     0x0000215d      0x5eb ..\obj\stm32f4xx_rcc.o
                                0x7bb (size before relaxing)
 .debug_str     0x00002748       0x56 ..\obj\timers.o
                                 0xeb (size before relaxing)
 .debug_str     0x0000279e       0x79 ..\obj\mbfuncinput.o
                                0x2d7 (size before relaxing)
 .debug_str     0x00002817      0x49c ..\obj\printf.o
                                0x5fc (size before relaxing)
 .debug_str     0x00002cb3       0x7c ..\obj\watchdog.o
                                0x19b (size before relaxing)
 .debug_str     0x00002d2f      0xa43 ..\obj\tasks.o
                                0xb93 (size before relaxing)
 .debug_str     0x00003772      0x194 ..\obj\stm32f4xx_gpio.o
                                0x40e (size before relaxing)
 .debug_str     0x00003906      0x7e5 ..\obj\porttimer.o
                                0xeb5 (size before relaxing)
 .debug_str     0x000040eb      0x121 ..\obj\mbrtu.o
                                0x557 (size before relaxing)
 .debug_str     0x0000420c       0xe8 ..\obj\list.o
                                0x231 (size before relaxing)
 .debug_str     0x000042f4       0xb6 ..\obj\system_stm32f4xx.o
                                0x309 (size before relaxing)
 .debug_str     0x000043aa      0x158 ..\obj\syscalls.o
                                0x27c (size before relaxing)
 .debug_str     0x00004502      0x263 ..\obj\port.o
                                0x360 (size before relaxing)
 .debug_str     0x00004765      0x353 ..\obj\queue.o
                                0x576 (size before relaxing)
 .debug_str     0x00004ab8      0x1b3 ..\obj\portserial.o
                               0x1078 (size before relaxing)
 .debug_str     0x00004c6b      0x28c ..\obj\croutine.o
                                0x455 (size before relaxing)
 .debug_str     0x00004ef7      0x30b ..\obj\stm32f4xx_spi.o
                                0x5f5 (size before relaxing)
 .debug_str     0x00005202       0xd6 ..\obj\mbfunccoils.o
                                0x34b (size before relaxing)
 .debug_str     0x000052d8      0x2a5 ..\obj\event_groups.o
                                0x452 (size before relaxing)
 .debug_str     0x0000557d      0x21f ..\obj\frequency.o
                                0xc04 (size before relaxing)
 .debug_str     0x0000579c      0x1db ..\obj\stm32f4xx_exti.o
                                0x2d9 (size before relaxing)
 .debug_str     0x00005977      0x137 ..\obj\misc.o
                                0x344 (size before relaxing)
 .debug_str     0x00005aae      0x893 ..\obj\stm32f4xx_rtc.o
                                0xabe (size before relaxing)
 .debug_str     0x00006341       0x58 ..\obj\mbascii.o
                                0x102 (size before relaxing)
 .debug_str     0x00006399      0x19b ..\obj\heap_2.o
                                0x284 (size before relaxing)
 .debug_str     0x00006534      0xa3a ..\obj\stm32f4xx_tim.o
                                0xd3b (size before relaxing)
 .debug_str     0x00006f6e       0xa3 ..\obj\power_detector.o
                                0x838 (size before relaxing)

.comment        0x00000000       0x2a
 .comment       0x00000000       0x2a ..\obj\stm32f4xx_syscfg.o
                                 0x2b (size before relaxing)
 .comment       0x00000000       0x2b ..\obj\mbport.o
 .comment       0x00000000       0x2b ..\obj\mb.o
 .comment       0x00000000       0x2b ..\obj\protocol.o
 .comment       0x00000000       0x2b ..\obj\mbfuncdisc.o
 .comment       0x00000000       0x2b ..\obj\core_cm3.o
 .comment       0x00000000       0x2b ..\obj\portevent.o
 .comment       0x00000000       0x2b ..\obj\mbfuncother.o
 .comment       0x00000000       0x2b ..\obj\stm32f4xx_usart.o
 .comment       0x00000000       0x2b ..\obj\stm32f4xx_pwr.o
 .comment       0x00000000       0x2b ..\obj\rtc.o
 .comment       0x00000000       0x2b ..\obj\mbutils.o
 .comment       0x00000000       0x2b ..\obj\startup_stm32f4xx.o
 .comment       0x00000000       0x2b ..\obj\backup_sram.o
 .comment       0x00000000       0x2b ..\obj\stm32f4xx_iwdg.o
 .comment       0x00000000       0x2b ..\obj\ADS1120.o
 .comment       0x00000000       0x2b ..\obj\mbfuncholding.o
 .comment       0x00000000       0x2b ..\obj\main.o
 .comment       0x00000000       0x2b ..\obj\mbcrc.o
 .comment       0x00000000       0x2b ..\obj\stm32f4xx_rcc.o
 .comment       0x00000000       0x2b ..\obj\timers.o
 .comment       0x00000000       0x2b ..\obj\mbfuncinput.o
 .comment       0x00000000       0x2b ..\obj\printf.o
 .comment       0x00000000       0x2b ..\obj\watchdog.o
 .comment       0x00000000       0x2b ..\obj\mbfuncdiag.o
 .comment       0x00000000       0x2b ..\obj\tasks.o
 .comment       0x00000000       0x2b ..\obj\stm32f4xx_gpio.o
 .comment       0x00000000       0x2b ..\obj\porttimer.o
 .comment       0x00000000       0x2b ..\obj\mbrtu.o
 .comment       0x00000000       0x2b ..\obj\list.o
 .comment       0x00000000       0x2b ..\obj\system_stm32f4xx.o
 .comment       0x00000000       0x2b ..\obj\syscalls.o
 .comment       0x00000000       0x2b ..\obj\port.o
 .comment       0x00000000       0x2b ..\obj\queue.o
 .comment       0x00000000       0x2b ..\obj\portserial.o
 .comment       0x00000000       0x2b ..\obj\croutine.o
 .comment       0x00000000       0x2b ..\obj\stm32f4xx_spi.o
 .comment       0x00000000       0x2b ..\obj\mbfunccoils.o
 .comment       0x00000000       0x2b ..\obj\event_groups.o
 .comment       0x00000000       0x2b ..\obj\frequency.o
 .comment       0x00000000       0x2b ..\obj\stm32f4xx_exti.o
 .comment       0x00000000       0x2b ..\obj\misc.o
 .comment       0x00000000       0x2b ..\obj\stm32f4xx_rtc.o
 .comment       0x00000000       0x2b ..\obj\mbascii.o
 .comment       0x00000000       0x2b ..\obj\heap_2.o
 .comment       0x00000000       0x2b ..\obj\stm32f4xx_tim.o
 .comment       0x00000000       0x2b ..\obj\power_detector.o

.ARM.attributes
                0x00000000       0x31
 .ARM.attributes
                0x00000000       0x31 ..\obj\stm32f4xx_syscfg.o
 .ARM.attributes
                0x00000031       0x31 ..\obj\mbport.o
 .ARM.attributes
                0x00000062       0x31 ..\obj\mb.o
 .ARM.attributes
                0x00000093       0x31 ..\obj\protocol.o
 .ARM.attributes
                0x000000c4       0x31 ..\obj\mbfuncdisc.o
 .ARM.attributes
                0x000000f5       0x31 ..\obj\core_cm3.o
 .ARM.attributes
                0x00000126       0x31 ..\obj\portevent.o
 .ARM.attributes
                0x00000157       0x31 ..\obj\mbfuncother.o
 .ARM.attributes
                0x00000188       0x31 ..\obj\stm32f4xx_usart.o
 .ARM.attributes
                0x000001b9       0x31 ..\obj\stm32f4xx_pwr.o
 .ARM.attributes
                0x000001ea       0x31 ..\obj\rtc.o
 .ARM.attributes
                0x0000021b       0x31 ..\obj\mbutils.o
 .ARM.attributes
                0x0000024c       0x31 ..\obj\startup_stm32f4xx.o
 .ARM.attributes
                0x0000027d       0x31 ..\obj\backup_sram.o
 .ARM.attributes
                0x000002ae       0x31 ..\obj\stm32f4xx_iwdg.o
 .ARM.attributes
                0x000002df       0x31 ..\obj\ADS1120.o
 .ARM.attributes
                0x00000310       0x31 ..\obj\mbfuncholding.o
 .ARM.attributes
                0x00000341       0x31 ..\obj\main.o
 .ARM.attributes
                0x00000372       0x31 ..\obj\mbcrc.o
 .ARM.attributes
                0x000003a3       0x31 ..\obj\stm32f4xx_rcc.o
 .ARM.attributes
                0x000003d4       0x31 ..\obj\timers.o
 .ARM.attributes
                0x00000405       0x31 ..\obj\mbfuncinput.o
 .ARM.attributes
                0x00000436       0x31 ..\obj\printf.o
 .ARM.attributes
                0x00000467       0x31 ..\obj\watchdog.o
 .ARM.attributes
                0x00000498       0x31 ..\obj\mbfuncdiag.o
 .ARM.attributes
                0x000004c9       0x31 ..\obj\tasks.o
 .ARM.attributes
                0x000004fa       0x31 ..\obj\stm32f4xx_gpio.o
 .ARM.attributes
                0x0000052b       0x31 ..\obj\porttimer.o
 .ARM.attributes
                0x0000055c       0x31 ..\obj\mbrtu.o
 .ARM.attributes
                0x0000058d       0x31 ..\obj\list.o
 .ARM.attributes
                0x000005be       0x31 ..\obj\system_stm32f4xx.o
 .ARM.attributes
                0x000005ef       0x31 ..\obj\syscalls.o
 .ARM.attributes
                0x00000620       0x31 ..\obj\port.o
 .ARM.attributes
                0x00000651       0x31 ..\obj\queue.o
 .ARM.attributes
                0x00000682       0x31 ..\obj\portserial.o
 .ARM.attributes
                0x000006b3       0x31 ..\obj\croutine.o
 .ARM.attributes
                0x000006e4       0x31 ..\obj\stm32f4xx_spi.o
 .ARM.attributes
                0x00000715       0x31 ..\obj\mbfunccoils.o
 .ARM.attributes
                0x00000746       0x31 ..\obj\event_groups.o
 .ARM.attributes
                0x00000777       0x31 ..\obj\frequency.o
 .ARM.attributes
                0x000007a8       0x31 ..\obj\stm32f4xx_exti.o
 .ARM.attributes
                0x000007d9       0x31 ..\obj\misc.o
 .ARM.attributes
                0x0000080a       0x31 ..\obj\stm32f4xx_rtc.o
 .ARM.attributes
                0x0000083b       0x31 ..\obj\mbascii.o
 .ARM.attributes
                0x0000086c       0x31 ..\obj\heap_2.o
 .ARM.attributes
                0x0000089d       0x31 ..\obj\stm32f4xx_tim.o
 .ARM.attributes
                0x000008ce       0x31 ..\obj\power_detector.o
 .ARM.attributes
                0x000008ff       0x1b c:/coocox/coide/gcc/sourcery g++ lite/bin/../lib/gcc/arm-none-eabi/4.5.1/thumb2\libgcc.a(_arm_addsubdf3.o)
 .ARM.attributes
                0x0000091a       0x1b c:/coocox/coide/gcc/sourcery g++ lite/bin/../lib/gcc/arm-none-eabi/4.5.1/thumb2\libgcc.a(_arm_muldivdf3.o)
 .ARM.attributes
                0x00000935       0x1b c:/coocox/coide/gcc/sourcery g++ lite/bin/../lib/gcc/arm-none-eabi/4.5.1/thumb2\libgcc.a(_arm_truncdfsf2.o)
 .ARM.attributes
                0x00000950       0x1b c:/coocox/coide/gcc/sourcery g++ lite/bin/../lib/gcc/arm-none-eabi/4.5.1/thumb2\libgcc.a(_arm_addsubsf3.o)
 .ARM.attributes
                0x0000096b       0x1b c:/coocox/coide/gcc/sourcery g++ lite/bin/../lib/gcc/arm-none-eabi/4.5.1/thumb2\libgcc.a(_arm_muldivsf3.o)
 .ARM.attributes
                0x00000986       0x29 c:/coocox/coide/gcc/sourcery g++ lite/bin/../lib/gcc/arm-none-eabi/4.5.1/../../../../arm-none-eabi/lib/thumb2\libc.a(lib_a-memcmp.o)
 .ARM.attributes
                0x000009af       0x29 c:/coocox/coide/gcc/sourcery g++ lite/bin/../lib/gcc/arm-none-eabi/4.5.1/../../../../arm-none-eabi/lib/thumb2\libc.a(lib_a-memcpy.o)
 .ARM.attributes
                0x000009d8       0x29 c:/coocox/coide/gcc/sourcery g++ lite/bin/../lib/gcc/arm-none-eabi/4.5.1/../../../../arm-none-eabi/lib/thumb2\libc.a(lib_a-memset.o)

.debug_frame    0x00000000     0x4104
 .debug_frame   0x00000000       0xbc ..\obj\stm32f4xx_syscfg.o
 .debug_frame   0x000000bc       0xb0 ..\obj\mbport.o
 .debug_frame   0x0000016c       0xd4 ..\obj\mb.o
 .debug_frame   0x00000240       0x70 ..\obj\protocol.o
 .debug_frame   0x000002b0       0x30 ..\obj\mbfuncdisc.o
 .debug_frame   0x000002e0      0x280 ..\obj\core_cm3.o
 .debug_frame   0x00000560       0x64 ..\obj\portevent.o
 .debug_frame   0x000005c4       0x50 ..\obj\mbfuncother.o
 .debug_frame   0x00000614      0x344 ..\obj\stm32f4xx_usart.o
 .debug_frame   0x00000958      0x15c ..\obj\stm32f4xx_pwr.o
 .debug_frame   0x00000ab4       0x50 ..\obj\rtc.o
 .debug_frame   0x00000b04       0x68 ..\obj\mbutils.o
 .debug_frame   0x00000b6c       0x48 ..\obj\startup_stm32f4xx.o
 .debug_frame   0x00000bb4       0x48 ..\obj\backup_sram.o
 .debug_frame   0x00000bfc       0xb0 ..\obj\stm32f4xx_iwdg.o
 .debug_frame   0x00000cac       0xcc ..\obj\ADS1120.o
 .debug_frame   0x00000d78       0x90 ..\obj\mbfuncholding.o
 .debug_frame   0x00000e08       0x9c ..\obj\main.o
 .debug_frame   0x00000ea4       0x2c ..\obj\mbcrc.o
 .debug_frame   0x00000ed0      0x4d8 ..\obj\stm32f4xx_rcc.o
 .debug_frame   0x000013a8       0x30 ..\obj\mbfuncinput.o
 .debug_frame   0x000013d8      0x244 ..\obj\printf.o
 .debug_frame   0x0000161c       0x50 ..\obj\watchdog.o
 .debug_frame   0x0000166c      0x53c ..\obj\tasks.o
 .debug_frame   0x00001ba8      0x19c ..\obj\stm32f4xx_gpio.o
 .debug_frame   0x00001d44      0x138 ..\obj\porttimer.o
 .debug_frame   0x00001e7c      0x110 ..\obj\mbrtu.o
 .debug_frame   0x00001f8c       0x9c ..\obj\list.o
 .debug_frame   0x00002028       0x64 ..\obj\system_stm32f4xx.o
 .debug_frame   0x0000208c      0x108 ..\obj\syscalls.o
 .debug_frame   0x00002194      0x178 ..\obj\port.o
 .debug_frame   0x0000230c      0x290 ..\obj\queue.o
 .debug_frame   0x0000259c      0x1a4 ..\obj\portserial.o
 .debug_frame   0x00002740       0xf0 ..\obj\croutine.o
 .debug_frame   0x00002830      0x2d0 ..\obj\stm32f4xx_spi.o
 .debug_frame   0x00002b00       0x70 ..\obj\mbfunccoils.o
 .debug_frame   0x00002b70      0x14c ..\obj\event_groups.o
 .debug_frame   0x00002cbc       0x8c ..\obj\frequency.o
 .debug_frame   0x00002d48       0xec ..\obj\stm32f4xx_exti.o
 .debug_frame   0x00002e34       0x9c ..\obj\misc.o
 .debug_frame   0x00002ed0      0x670 ..\obj\stm32f4xx_rtc.o
 .debug_frame   0x00003540       0x9c ..\obj\heap_2.o
 .debug_frame   0x000035dc      0xa3c ..\obj\stm32f4xx_tim.o
 .debug_frame   0x00004018       0x64 ..\obj\power_detector.o
 .debug_frame   0x0000407c       0x2c c:/coocox/coide/gcc/sourcery g++ lite/bin/../lib/gcc/arm-none-eabi/4.5.1/../../../../arm-none-eabi/lib/thumb2\libc.a(lib_a-memcmp.o)
 .debug_frame   0x000040a8       0x30 c:/coocox/coide/gcc/sourcery g++ lite/bin/../lib/gcc/arm-none-eabi/4.5.1/../../../../arm-none-eabi/lib/thumb2\libc.a(lib_a-memcpy.o)
 .debug_frame   0x000040d8       0x2c c:/coocox/coide/gcc/sourcery g++ lite/bin/../lib/gcc/arm-none-eabi/4.5.1/../../../../arm-none-eabi/lib/thumb2\libc.a(lib_a-memset.o)
