Archive member included because of file (symbol)

c:/coocox/coide/gcc/sourcery g++ lite/bin/../lib/gcc/arm-none-eabi/4.5.1/thumb2\libgcc.a(_arm_addsubdf3.o)
                              ..\obj\ADS1220.o (__aeabi_dadd)
c:/coocox/coide/gcc/sourcery g++ lite/bin/../lib/gcc/arm-none-eabi/4.5.1/thumb2\libgcc.a(_arm_muldivdf3.o)
                              ..\obj\ADS1220.o (__aeabi_dmul)
c:/coocox/coide/gcc/sourcery g++ lite/bin/../lib/gcc/arm-none-eabi/4.5.1/thumb2\libgcc.a(_arm_truncdfsf2.o)
                              ..\obj\ADS1220.o (__aeabi_d2f)
c:/coocox/coide/gcc/sourcery g++ lite/bin/../lib/gcc/arm-none-eabi/4.5.1/thumb2\libgcc.a(_arm_addsubsf3.o)
                              ..\obj\frequency.o (__aeabi_ui2f)
c:/coocox/coide/gcc/sourcery g++ lite/bin/../lib/gcc/arm-none-eabi/4.5.1/thumb2\libgcc.a(_arm_muldivsf3.o)
                              ..\obj\frequency.o (__aeabi_fmul)
c:/coocox/coide/gcc/sourcery g++ lite/bin/../lib/gcc/arm-none-eabi/4.5.1/../../../../arm-none-eabi/lib/thumb2\libc.a(lib_a-memcmp.o)
                              ..\obj\tasks.o (memcmp)
c:/coocox/coide/gcc/sourcery g++ lite/bin/../lib/gcc/arm-none-eabi/4.5.1/../../../../arm-none-eabi/lib/thumb2\libc.a(lib_a-memcpy.o)
                              ..\obj\mbfuncother.o (memcpy)
c:/coocox/coide/gcc/sourcery g++ lite/bin/../lib/gcc/arm-none-eabi/4.5.1/../../../../arm-none-eabi/lib/thumb2\libc.a(lib_a-memset.o)
                              ..\obj\tasks.o (memset)

Allocating common symbols
Common symbol       size              file

stContext_RS232     0x174             ..\obj\protocol.o
stContext_RS485     0x174             ..\obj\protocol.o
stSettings          0x4               ..\obj\controller.o
xMeasureDataMutex   0x4               ..\obj\controller.o
xI2CBusMutex        0x4               ..\obj\fram_i2c.o
xFrequencySemaphore
                    0x8               ..\obj\frequency.o
xADC_SPI_Mutex      0x4               ..\obj\ADS1220.o
stMeasureData       0x40              ..\obj\controller.o
xSettingsMutex      0x4               ..\obj\controller.o
task_watches        0x50              ..\obj\watchdog.o

Discarded input sections

 .text          0x00000000        0x0 ..\obj\stm32f4xx_syscfg.o
 .data          0x00000000        0x0 ..\obj\stm32f4xx_syscfg.o
 .bss           0x00000000        0x0 ..\obj\stm32f4xx_syscfg.o
 .text.SYSCFG_DeInit
                0x00000000       0x20 ..\obj\stm32f4xx_syscfg.o
 .text.SYSCFG_MemoryRemapConfig
                0x00000000       0x20 ..\obj\stm32f4xx_syscfg.o
 .text.SYSCFG_EXTILineConfig
                0x00000000       0xb4 ..\obj\stm32f4xx_syscfg.o
 .text.SYSCFG_ETH_MediaInterfaceConfig
                0x00000000       0x20 ..\obj\stm32f4xx_syscfg.o
 .text.SYSCFG_CompensationCellCmd
                0x00000000       0x20 ..\obj\stm32f4xx_syscfg.o
 .text.SYSCFG_GetCompensationCellStatus
                0x00000000       0x3c ..\obj\stm32f4xx_syscfg.o
 .text          0x00000000        0x0 ..\obj\mbport.o
 .bss           0x00000000        0x0 ..\obj\mbport.o
 .text          0x00000000        0x0 ..\obj\mb.o
 .bss           0x00000000        0x0 ..\obj\mb.o
 .text.eMBRegisterCB
                0x00000000      0x114 ..\obj\mb.o
 .text.eMBClose
                0x00000000       0x3c ..\obj\mb.o
 .text.eMBDisable
                0x00000000       0x60 ..\obj\mb.o
 .text          0x00000000        0x0 ..\obj\protocol.o
 .data          0x00000000        0x0 ..\obj\protocol.o
 .bss           0x00000000        0x0 ..\obj\protocol.o
 .text          0x00000000        0x0 ..\obj\mbfuncdisc.o
 .data          0x00000000        0x0 ..\obj\mbfuncdisc.o
 .bss           0x00000000        0x0 ..\obj\mbfuncdisc.o
 .text          0x00000000        0x0 ..\obj\core_cm3.o
 .data          0x00000000        0x0 ..\obj\core_cm3.o
 .bss           0x00000000        0x0 ..\obj\core_cm3.o
 .text.__get_PSP
                0x00000000       0x10 ..\obj\core_cm3.o
 .text.__set_PSP
                0x00000000        0x8 ..\obj\core_cm3.o
 .text.__get_MSP
                0x00000000       0x10 ..\obj\core_cm3.o
 .text.__set_MSP
                0x00000000        0x8 ..\obj\core_cm3.o
 .text.__get_BASEPRI
                0x00000000       0x20 ..\obj\core_cm3.o
 .text.__set_BASEPRI
                0x00000000       0x18 ..\obj\core_cm3.o
 .text.__get_PRIMASK
                0x00000000       0x20 ..\obj\core_cm3.o
 .text.__set_PRIMASK
                0x00000000       0x18 ..\obj\core_cm3.o
 .text.__get_FAULTMASK
                0x00000000       0x20 ..\obj\core_cm3.o
 .text.__set_FAULTMASK
                0x00000000       0x18 ..\obj\core_cm3.o
 .text.__get_CONTROL
                0x00000000       0x20 ..\obj\core_cm3.o
 .text.__set_CONTROL
                0x00000000       0x18 ..\obj\core_cm3.o
 .text.__REV    0x00000000       0x24 ..\obj\core_cm3.o
 .text.__REV16  0x00000000       0x24 ..\obj\core_cm3.o
 .text.__REVSH  0x00000000       0x24 ..\obj\core_cm3.o
 .text.__RBIT   0x00000000       0x24 ..\obj\core_cm3.o
 .text.__LDREXB
[...]
Memory Configuration

Name             Origin             Length             Attributes
rom              0x08000000         0x00100000         xr
ram              0x20000000         0x00020000         xrw
ram1             0x10000000         0x00010000         xrw
*default*        0x00000000         0xffffffff

Linker script and memory map

                0x20020000                _eram = 0x20020000

.text           0x08000000     0x9d68
 *(.isr_vector .isr_vector.*)
 .isr_vector    0x08000000      0x188 ..\obj\startup_stm32f4xx.o
                0x08000000                g_pfnVectors
 *(.text .text.* .gnu.linkonce.t.*)
 .text.ENTER_CRITICAL_SECTION
                0x08000188        0xc ..\obj\mbport.o
                0x08000188                ENTER_CRITICAL_SECTION
 .text.EXIT_CRITICAL_SECTION
                0x08000194        0xc ..\obj\mbport.o
                0x08000194                EXIT_CRITICAL_SECTION
 .text.eMBRegInputCB
                0x080001a0      0x1c8 ..\obj\mbport.o
                0x080001a0                eMBRegInputCB
 .text.eMBRegHoldingCB
                0x08000368      0x554 ..\obj\mbport.o
                0x08000368                eMBRegHoldingCB
 .text.eMBRegCoilsCB
                0x080008bc       0x20 ..\obj\mbport.o
                0x080008bc                eMBRegCoilsCB
 .text.eMBRegDiscreteCB
                0x080008dc       0x20 ..\obj\mbport.o
                0x080008dc                eMBRegDiscreteCB
 .text.eMBFileCB
                0x080008fc      0x170 ..\obj\mbport.o
                0x080008fc                eMBFileCB
 .text.eMBInit  0x08000a6c      0x110 ..\obj\mb.o
                0x08000a6c                eMBInit
 .text.eMBEnable
                0x08000b7c       0x50 ..\obj\mb.o
                0x08000b7c                eMBEnable
 .text.eMBPoll  0x08000bcc      0x1c0 ..\obj\mb.o
                0x08000bcc                eMBPoll
 .text.Protocol_Init
                0x08000d8c       0xf8 ..\obj\protocol.o
                0x08000d8c                Protocol_Init
 .text.Modbus_RS485_Task
                0x08000e84       0x50 ..\obj\protocol.o
 .text.Modbus_RS232_Task
                0x08000ed4       0x50 ..\obj\protocol.o
 .text.eMBFuncReadDiscreteInputs
                0x08000f24      0x130 ..\obj\mbfuncdisc.o
                0x08000f24                eMBFuncReadDiscreteInputs
 .text.xMBPortEventInit
                0x08001054       0x20 ..\obj\portevent.o
                0x08001054                xMBPortEventInit
 .text.xMBPortEventPost
                0x08001074       0x2c ..\obj\portevent.o
                0x08001074                xMBPortEventPost
 .text.xMBPortEventGet
                0x080010a0       0x3c ..\obj\portevent.o
                0x080010a0                xMBPortEventGet
 .text.eMBFuncReportSlaveID
                0x080010dc       0x4c ..\obj\mbfuncother.o
                0x080010dc                eMBFuncReportSlaveID
 .text.USART_Init
                0x08001128      0x1bc ..\obj\stm32f4xx_usart.o
                0x08001128                USART_Init
 .text.USART_Cmd
                0x080012e4       0x40 ..\obj\stm32f4xx_usart.o
                0x080012e4                USART_Cmd
 .text.USART_SendData
                0x08001324       0x28 ..\obj\stm32f4xx_usart.o
                0x08001324                USART_SendData
 .text.USART_ReceiveData
                0x0800134c       0x24 ..\obj\stm32f4xx_usart.o
                0x0800134c                USART_ReceiveData
 .text.USART_ITConfig
                0x08001370       0xa8 ..\obj\stm32f4xx_usart.o
                0x08001370                USART_ITConfig
 .text.USART_GetFlagStatus
                0x08001418       0x40 ..\obj\stm32f4xx_usart.o
                0x08001418                USART_GetFlagStatus
 .text.USART_ClearFlag
                0x08001458       0x24 ..\obj\stm32f4xx_usart.o
                0x08001458                USART_ClearFlag
 .text.USART_GetITStatus
                0x0800147c       0xcc ..\obj\stm32f4xx_usart.o
                0x0800147c                USART_GetITStatus
 .text.PWR_BackupAccessCmd
                0x08001548       0x20 ..\obj\stm32f4xx_pwr.o
                0x08001548                PWR_BackupAccessCmd
 .text.RTC_Clock_Init
                0x08001568       0x94 ..\obj\rtc.o
                0x08001568                RTC_Clock_Init
 .text.prveMBError2Exception
                0x080015fc       0x48 ..\obj\mbutils.o
                0x080015fc                prveMBError2Exception
 .text.Default_Reset_Handler
                0x08001644       0x68 ..\obj\startup_stm32f4xx.o
                0x08001644                Default_Reset_Handler
                0x08001644                Reset_Handler
 .text.Default_Handler
                0x080016ac        0x8 ..\obj\startup_stm32f4xx.o
                0x080016ac                RTC_Alarm_IRQHandler
                0x080016ac                HASH_RNG_IRQHandler
                0x080016ac                EXTI2_IRQHandler
                0x080016ac                TIM8_CC_IRQHandler
                0x080016ac                DebugMon_Handler
                0x080016ac                TIM1_CC_IRQHandler
                0x080016ac                DMA2_Stream5_IRQHandler
                0x080016ac                HardFault_Handler
                0x080016ac                DMA1_Stream5_IRQHandler
                0x080016ac                SDIO_IRQHandler
                0x080016ac                TAMP_STAMP_IRQHandler
                0x080016ac                NMI_Handler
                0x080016ac                CAN2_RX1_IRQHandler
                0x080016ac                EXTI3_IRQHandler
                0x080016ac                TIM8_TRG_COM_TIM14_IRQHandler
                0x080016ac                TIM1_UP_TIM10_IRQHandler
                0x080016ac                TIM8_UP_TIM13_IRQHandler
                0x080016ac                I2C3_ER_IRQHandler
                0x080016ac                EXTI0_IRQHandler
                0x080016ac                I2C2_EV_IRQHandler
                0x080016ac                DMA1_Stream2_IRQHandler
                0x080016ac                CAN1_RX0_IRQHandler
                0x080016ac                FPU_IRQHandler
                0x080016ac                OTG_HS_WKUP_IRQHandler
                0x080016ac                UsageFault_Handler
                0x080016ac                CAN2_SCE_IRQHandler
                0x080016ac                DMA2_Stream2_IRQHandler
                0x080016ac                SPI1_IRQHandler
                0x080016ac                TIM6_DAC_IRQHandler
                0x080016ac                TIM1_BRK_TIM9_IRQHandler
                0x080016ac                DCMI_IRQHandler
                0x080016ac                CAN2_RX0_IRQHandler
                0x080016ac                DMA2_Stream3_IRQHandler
                0x080016ac                USART6_IRQHandler
                0x080016ac                CRYP_IRQHandler
                0x080016ac                CAN1_RX1_IRQHandler
                0x080016ac                UART5_IRQHandler
                0x080016ac                DMA2_Stream0_IRQHandler
                0x080016ac                I2C1_EV_IRQHandler
                0x080016ac                DMA1_Stream6_IRQHandler
                0x080016ac                DMA1_Stream1_IRQHandler
                0x080016ac                TIM3_IRQHandler
                0x080016ac                RCC_IRQHandler
                0x080016ac                TIM8_BRK_TIM12_IRQHandler
                0x080016ac                EXTI15_10_IRQHandler
                0x080016ac                ADC_IRQHandler
                0x080016ac                DMA1_Stream7_IRQHandler
                0x080016ac                TIM7_IRQHandler
                0x080016ac                CAN2_TX_IRQHandler
                0x080016ac                DMA2_Stream7_IRQHandler
                0x080016ac                I2C3_EV_IRQHandler
                0x080016ac                EXTI9_5_IRQHandler
                0x080016ac                RTC_WKUP_IRQHandler
                0x080016ac                ETH_WKUP_IRQHandler
                0x080016ac                SPI2_IRQHandler
                0x080016ac                OTG_HS_EP1_IN_IRQHandler
                0x080016ac                MemManage_Handler
                0x080016ac                DMA1_Stream0_IRQHandler
                0x080016ac                CAN1_TX_IRQHandler
                0x080016ac                EXTI4_IRQHandler
                0x080016ac                FSMC_IRQHandler
                0x080016ac                ETH_IRQHandler
                0x080016ac                OTG_HS_EP1_OUT_IRQHandler
                0x080016ac                WWDG_IRQHandler
                0x080016ac                OTG_FS_WKUP_IRQHandler
                0x080016ac                TIM1_TRG_COM_TIM11_IRQHandler
                0x080016ac                OTG_HS_IRQHandler
                0x080016ac                EXTI1_IRQHandler
                0x080016ac                USART2_IRQHandler
                0x080016ac                I2C2_ER_IRQHandler
                0x080016ac                DMA2_Stream1_IRQHandler
                0x080016ac                CAN1_SCE_IRQHandler
                0x080016ac                FLASH_IRQHandler
                0x080016ac                DMA2_Stream4_IRQHandler
                0x080016ac                BusFault_Handler
                0x080016ac                USART1_IRQHandler
                0x080016ac                OTG_FS_IRQHandler
                0x080016ac                SPI3_IRQHandler
                0x080016ac                DMA1_Stream4_IRQHandler
                0x080016ac                I2C1_ER_IRQHandler
                0x080016ac                DMA2_Stream6_IRQHandler
                0x080016ac                DMA1_Stream3_IRQHandler
 .text.eMBFuncWriteHoldingRegister
                0x080016b4       0x84 ..\obj\mbfuncholding.o
                0x080016b4                eMBFuncWriteHoldingRegister
 .text.eMBFuncWriteMultipleHoldingRegister
                0x08001738       0xdc ..\obj\mbfuncholding.o
                0x08001738                eMBFuncWriteMultipleHoldingRegister
 .text.eMBFuncReadHoldingRegister
                0x08001814      0x10c ..\obj\mbfuncholding.o
                0x08001814                eMBFuncReadHoldingRegister
 .text.eMBFuncReadWriteMultipleHoldingRegister
                0x08001920      0x1a0 ..\obj\mbfuncholding.o
                0x08001920                eMBFuncReadWriteMultipleHoldingRegister
 .text.main     0x08001ac0       0x14 ..\obj\main.o
                0x08001ac0                main
 .text.vApplicationMallocFailedHook
                0x08001ad4        0x8 ..\obj\main.o
                0x08001ad4                vApplicationMallocFailedHook
 .text.vApplicationStackOverflowHook
                0x08001adc        0xc ..\obj\main.o
                0x08001adc                vApplicationStackOverflowHook
 .text.vApplicationIdleHook
                0x08001ae8       0x18 ..\obj\main.o
                0x08001ae8                vApplicationIdleHook
 .text.usMBCRC16
                0x08001b00       0x90 ..\obj\mbcrc.o
                0x08001b00                usMBCRC16
 .text.RCC_LSEConfig
                0x08001b90       0x5c ..\obj\stm32f4xx_rcc.o
                0x08001b90                RCC_LSEConfig
 .text.RCC_GetClocksFreq
                0x08001bec      0x1d4 ..\obj\stm32f4xx_rcc.o
                0x08001bec                RCC_GetClocksFreq
 .text.RCC_RTCCLKConfig
                0x08001dc0       0x7c ..\obj\stm32f4xx_rcc.o
                0x08001dc0                RCC_RTCCLKConfig
 .text.RCC_RTCCLKCmd
                0x08001e3c       0x20 ..\obj\stm32f4xx_rcc.o
                0x08001e3c                RCC_RTCCLKCmd
 .text.RCC_AHB1PeriphClockCmd
                0x08001e5c       0x5c ..\obj\stm32f4xx_rcc.o
                0x08001e5c                RCC_AHB1PeriphClockCmd
 .text.RCC_APB1PeriphClockCmd
                0x08001eb8       0x5c ..\obj\stm32f4xx_rcc.o
                0x08001eb8                RCC_APB1PeriphClockCmd
 .text.RCC_APB2PeriphClockCmd
                0x08001f14       0x5c ..\obj\stm32f4xx_rcc.o
                0x08001f14                RCC_APB2PeriphClockCmd
 .text.RCC_APB1PeriphResetCmd
                0x08001f70       0x5c ..\obj\stm32f4xx_rcc.o
                0x08001f70                RCC_APB1PeriphResetCmd
 .text.RCC_GetFlagStatus
                0x08001fcc       0x90 ..\obj\stm32f4xx_rcc.o
                0x08001fcc                RCC_GetFlagStatus
 .text.eMBFuncReadFile
                0x0800205c      0x264 ..\obj\mbfuncfile.o
                0x0800205c                eMBFuncReadFile
 .text.eMBFuncReadInputRegister
                0x080022c0      0x110 ..\obj\mbfuncinput.o
                0x080022c0                eMBFuncReadInputRegister
 .text.xTaskGenericCreate
                0x080023d0      0x1b8 ..\obj\tasks.o
                0x080023d0                xTaskGenericCreate
 .text.vTaskDelay
                0x08002588       0xa4 ..\obj\tasks.o
                0x08002588                vTaskDelay
 .text.vTaskStartScheduler
                0x0800262c       0x7c ..\obj\tasks.o
                0x0800262c                vTaskStartScheduler
 .text.vTaskSuspendAll
                0x080026a8       0x24 ..\obj\tasks.o
                0x080026a8                vTaskSuspendAll
 .text.xTaskResumeAll
                0x080026cc      0x178 ..\obj\tasks.o
                0x080026cc                xTaskResumeAll
 .text.xTaskIncrementTick
                0x08002844      0x204 ..\obj\tasks.o
                0x08002844                xTaskIncrementTick
 .text.vTaskSwitchContext
                0x08002a48      0x14c ..\obj\tasks.o
                0x08002a48                vTaskSwitchContext
 .text.vTaskPlaceOnEventList
                0x08002b94       0xb8 ..\obj\tasks.o
                0x08002b94                vTaskPlaceOnEventList
 .text.xTaskRemoveFromEventList
                0x08002c4c       0xe0 ..\obj\tasks.o
                0x08002c4c                xTaskRemoveFromEventList
 .text.vTaskSetTimeOutState
                0x08002d2c       0x38 ..\obj\tasks.o
                0x08002d2c                vTaskSetTimeOutState
 .text.xTaskCheckForTimeOut
                0x08002d64       0xb0 ..\obj\tasks.o
                0x08002d64                xTaskCheckForTimeOut
 .text.vTaskMissedYield
                0x08002e14       0x18 ..\obj\tasks.o
                0x08002e14                vTaskMissedYield
 .text.prvIdleTask
                0x08002e2c       0x24 ..\obj\tasks.o
 .text.prvInitialiseTCBVariables
                0x08002e50       0xbc ..\obj\tasks.o
 .text.prvInitialiseTaskLists
                0x08002f0c       0xa4 ..\obj\tasks.o
 .text.prvCheckTasksWaitingTermination
                0x08002fb0       0x98 ..\obj\tasks.o
 .text.prvAddCurrentTaskToDelayedList
                0x08003048       0x8c ..\obj\tasks.o
 .text.prvAllocateTCBAndStack
                0x080030d4       0x7c ..\obj\tasks.o
 .text.prvDeleteTCB
                0x08003150       0x20 ..\obj\tasks.o
 .text.prvResetNextTaskUnblockTime
                0x08003170       0x5c ..\obj\tasks.o
 .text.vTaskPriorityInherit
                0x080031cc      0x148 ..\obj\tasks.o
                0x080031cc                vTaskPriorityInherit
 .text.xTaskPriorityDisinherit
                0x08003314      0x114 ..\obj\tasks.o
                0x08003314                xTaskPriorityDisinherit
 .text.pvTaskIncrementMutexHeldCount
                0x08003428       0x38 ..\obj\tasks.o
                0x08003428                pvTaskIncrementMutexHeldCount
 .text.FRAM_I2C_Init
                0x08003460       0xe8 ..\obj\fram_i2c.o
                0x08003460                FRAM_I2C_Init
 .text.FRAM_I2C_Read_Buffer
                0x08003548      0x2e4 ..\obj\fram_i2c.o
                0x08003548                FRAM_I2C_Read_Buffer
 .text.FRAM_I2C_Write_Buffer
                0x0800382c      0x210 ..\obj\fram_i2c.o
                0x0800382c                FRAM_I2C_Write_Buffer
 .text.FRAM_Read_Settings
                0x08003a3c       0x8c ..\obj\fram_i2c.o
                0x08003a3c                FRAM_Read_Settings
 .text.FRAM_Write_Settings
                0x08003ac8       0x6c ..\obj\fram_i2c.o
                0x08003ac8                FRAM_Write_Settings
 .text.FRAM_Read_LogEntry
                0x08003b34       0x58 ..\obj\fram_i2c.o
                0x08003b34                FRAM_Read_LogEntry
 .text.GPIO_Init
                0x08003b8c      0x158 ..\obj\stm32f4xx_gpio.o
                0x08003b8c                GPIO_Init
 .text.GPIO_ReadInputDataBit
                0x08003ce4       0x40 ..\obj\stm32f4xx_gpio.o
                0x08003ce4                GPIO_ReadInputDataBit
 .text.GPIO_PinAFConfig
                0x08003d24       0xb0 ..\obj\stm32f4xx_gpio.o
                0x08003d24                GPIO_PinAFConfig
 .text.RS485TimersInit
                0x08003dd4       0xe0 ..\obj\porttimer.o
                0x08003dd4                RS485TimersInit
 .text.RS485TimersEnable
                0x08003eb4       0x4c ..\obj\porttimer.o
                0x08003eb4                RS485TimersEnable
 .text.RS485TimersDisable
                0x08003f00       0x4c ..\obj\porttimer.o
                0x08003f00                RS485TimersDisable
 .text.TIM4_IRQHandler
                0x08003f4c       0x54 ..\obj\porttimer.o
                0x08003f4c                TIM4_IRQHandler
 .text.RS485TimerContextInit
                0x08003fa0       0x7c ..\obj\porttimer.o
                0x08003fa0                RS485TimerContextInit
 .text.RS232TimersInit
                0x0800401c       0xe0 ..\obj\porttimer.o
                0x0800401c                RS232TimersInit
 .text.RS232TimersEnable
                0x080040fc       0x4c ..\obj\porttimer.o
                0x080040fc                RS232TimersEnable
 .text.RS232TimersDisable
                0x08004148       0x4c ..\obj\porttimer.o
                0x08004148                RS232TimersDisable
 .text.TIM5_IRQHandler
                0x08004194       0x54 ..\obj\porttimer.o
                0x08004194                TIM5_IRQHandler
 .text.RS232TimerContextInit
                0x080041e8       0x7c ..\obj\porttimer.o
                0x080041e8                RS232TimerContextInit
 .text.eMBRTUInit
                0x08004264       0x88 ..\obj\mbrtu.o
                0x08004264                eMBRTUInit
 .text.eMBRTUStart
                0x080042ec       0x38 ..\obj\mbrtu.o
                0x080042ec                eMBRTUStart
 .text.eMBRTUStop
                0x08004324       0x30 ..\obj\mbrtu.o
                0x08004324                eMBRTUStop
 .text.eMBRTUReceive
                0x08004354       0x90 ..\obj\mbrtu.o
                0x08004354                eMBRTUReceive
 .text.eMBRTUSend
                0x080043e4       0xe8 ..\obj\mbrtu.o
                0x080043e4                eMBRTUSend
 .text.xMBRTUReceiveFSM
                0x080044cc       0xd0 ..\obj\mbrtu.o
                0x080044cc                xMBRTUReceiveFSM
 .text.xMBRTUTransmitFSM
                0x0800459c       0xb0 ..\obj\mbrtu.o
                0x0800459c                xMBRTUTransmitFSM
 .text.xMBRTUTimerT35Expired
                0x0800464c       0x60 ..\obj\mbrtu.o
                0x0800464c                xMBRTUTimerT35Expired
 .text.vListInitialise
                0x080046ac       0x48 ..\obj\list.o
                0x080046ac                vListInitialise
 .text.vListInitialiseItem
                0x080046f4       0x1c ..\obj\list.o
                0x080046f4                vListInitialiseItem
 .text.vListInsertEnd
                0x08004710       0x48 ..\obj\list.o
                0x08004710                vListInsertEnd
 .text.vListInsert
                0x08004758       0x74 ..\obj\list.o
                0x08004758                vListInsert
 .text.uxListRemove
                0x080047cc       0x58 ..\obj\list.o
                0x080047cc                uxListRemove
 .text.SystemInit
                0x08004824       0x94 ..\obj\system_stm32f4xx.o
                0x08004824                SystemInit
 .text.SetSysClock
                0x080048b8      0x110 ..\obj\system_stm32f4xx.o
 .text.pxPortInitialiseStack
                0x080049c8       0x64 ..\obj\port.o
                0x080049c8                pxPortInitialiseStack
 .text.prvTaskExitError
                0x08004a2c       0x20 ..\obj\port.o
 .text.SVC_Handler
                0x08004a4c       0x24 ..\obj\port.o
                0x08004a4c                SVC_Handler
 .text.prvPortStartFirstTask
                0x08004a70       0x20 ..\obj\port.o
 .text.xPortStartScheduler
                0x08004a90      0x10c ..\obj\port.o
                0x08004a90                xPortStartScheduler
 .text.vPortYield
                0x08004b9c       0x20 ..\obj\port.o
                0x08004b9c                vPortYield
 .text.vPortEnterCritical
                0x08004bbc       0x50 ..\obj\port.o
                0x08004bbc                vPortEnterCritical
 .text.vPortExitCritical
                0x08004c0c       0x48 ..\obj\port.o
                0x08004c0c                vPortExitCritical
 .text.ulPortSetInterruptMask
                0x08004c54       0x14 ..\obj\port.o
                0x08004c54                ulPortSetInterruptMask
 .text.vPortClearInterruptMask
                0x08004c68        0x8 ..\obj\port.o
                0x08004c68                vPortClearInterruptMask
 .text.PendSV_Handler
                0x08004c70       0x44 ..\obj\port.o
                0x08004c70                PendSV_Handler
 .text.SysTick_Handler
                0x08004cb4       0x2c ..\obj\port.o
                0x08004cb4                SysTick_Handler
 .text.vPortSetupTimerInterrupt
                0x08004ce0       0x28 ..\obj\port.o
                0x08004ce0                vPortSetupTimerInterrupt
 .text.vPortValidateInterruptPriority
                0x08004d08       0x64 ..\obj\port.o
                0x08004d08                vPortValidateInterruptPriority
 .text.xQueueGenericReset
                0x08004d6c       0xc0 ..\obj\queue.o
                0x08004d6c                xQueueGenericReset
 .text.xQueueGenericCreate
                0x08004e2c       0xa0 ..\obj\queue.o
                0x08004e2c                xQueueGenericCreate
 .text.xQueueCreateMutex
                0x08004ecc       0xa8 ..\obj\queue.o
                0x08004ecc                xQueueCreateMutex
 .text.xQueueGenericSend
                0x08004f74      0x188 ..\obj\queue.o
                0x08004f74                xQueueGenericSend
 .text.xQueueGiveFromISR
                0x080050fc       0xac ..\obj\queue.o
                0x080050fc                xQueueGiveFromISR
 .text.xQueueGenericReceive
                0x080051a8      0x1b8 ..\obj\queue.o
                0x080051a8                xQueueGenericReceive
 .text.prvCopyDataToQueue
                0x08005360       0xe8 ..\obj\queue.o
 .text.prvCopyDataFromQueue
                0x08005448       0x50 ..\obj\queue.o
 .text.prvUnlockQueue
                0x08005498       0xa0 ..\obj\queue.o
 .text.prvIsQueueEmpty
                0x08005538       0x34 ..\obj\queue.o
 .text.prvIsQueueFull
                0x0800556c       0x38 ..\obj\queue.o
 .text.NVIC_EnableIRQ
                0x080055a4       0x38 ..\obj\portserial.o
 .text.RS485SerialEnable
                0x080055dc      0x194 ..\obj\portserial.o
                0x080055dc                RS485SerialEnable
 .text.RS485SerialInit
                0x08005770      0x178 ..\obj\portserial.o
                0x08005770                RS485SerialInit
 .text.RS485SerialPutByte
                0x080058e8       0x44 ..\obj\portserial.o
                0x080058e8                RS485SerialPutByte
 .text.RS485SerialGetByte
                0x0800592c       0x3c ..\obj\portserial.o
                0x0800592c                RS485SerialGetByte
 .text.USART3_IRQHandler
                0x08005968       0xdc ..\obj\portserial.o
                0x08005968                USART3_IRQHandler
 .text.RS485SerialContextInit
                0x08005a44       0x90 ..\obj\portserial.o
                0x08005a44                RS485SerialContextInit
 .text.RS232SerialEnable
                0x08005ad4       0xb4 ..\obj\portserial.o
                0x08005ad4                RS232SerialEnable
 .text.RS232SerialInit
                0x08005b88      0x140 ..\obj\portserial.o
                0x08005b88                RS232SerialInit
 .text.RS232SerialPutByte
                0x08005cc8       0x44 ..\obj\portserial.o
                0x08005cc8                RS232SerialPutByte
 .text.RS232SerialGetByte
                0x08005d0c       0x3c ..\obj\portserial.o
                0x08005d0c                RS232SerialGetByte
 .text.UART4_IRQHandler
                0x08005d48       0xdc ..\obj\portserial.o
                0x08005d48                UART4_IRQHandler
 .text.RS232SerialContextInit
                0x08005e24       0x90 ..\obj\portserial.o
                0x08005e24                RS232SerialContextInit
 .text.SPI_Init
                0x08005eb4       0x98 ..\obj\stm32f4xx_spi.o
                0x08005eb4                SPI_Init
 .text.SPI_Cmd  0x08005f4c       0x40 ..\obj\stm32f4xx_spi.o
                0x08005f4c                SPI_Cmd
 .text.SPI_CalculateCRC
                0x08005f8c       0x40 ..\obj\stm32f4xx_spi.o
                0x08005f8c                SPI_CalculateCRC
 .text.eMBFuncReadCoils
                0x08005fcc      0x134 ..\obj\mbfunccoils.o
                0x08005fcc                eMBFuncReadCoils
 .text.eMBFuncWriteCoil
                0x08006100       0xcc ..\obj\mbfunccoils.o
                0x08006100                eMBFuncWriteCoil
 .text.eMBFuncWriteMultipleCoils
                0x080061cc       0xfc ..\obj\mbfunccoils.o
                0x080061cc                eMBFuncWriteMultipleCoils
 .text.ADS1220_init
                0x080062c8       0xf8 ..\obj\ADS1220.o
                0x080062c8                ADS1220_init
 .text.ADC_SPI_config
                0x080063c0      0x170 ..\obj\ADS1220.o
 .text.ADC_SPI_send
                0x08006530       0x60 ..\obj\ADS1220.o
                0x08006530                ADC_SPI_send
 .text.ADC_SPI_read
                0x08006590       0x14 ..\obj\ADS1220.o
                0x08006590                ADC_SPI_read
 .text.ADC_RTD1_Task
                0x080065a4      0x3d8 ..\obj\ADS1220.o
 .text.ADC_RTD2_Task
                0x0800697c       0x84 ..\obj\ADS1220.o
 .text.ADC_Current1_Task
                0x08006a00       0x84 ..\obj\ADS1220.o
 .text.ADC_Current2_Task
                0x08006a84       0x84 ..\obj\ADS1220.o
 .text.PT100_Code_To_Temperature
                0x08006b08       0xa0 ..\obj\ADS1220.o
                0x08006b08                PT100_Code_To_Temperature
 .text.I2C_DeInit
                0x08006ba8       0x88 ..\obj\stm32f4xx_i2c.o
                0x08006ba8                I2C_DeInit
 .text.I2C_Init
                0x08006c30      0x1b8 ..\obj\stm32f4xx_i2c.o
                0x08006c30                I2C_Init
 .text.I2C_Cmd  0x08006de8       0x40 ..\obj\stm32f4xx_i2c.o
                0x08006de8                I2C_Cmd
 .text.I2C_GenerateSTART
                0x08006e28       0x40 ..\obj\stm32f4xx_i2c.o
                0x08006e28                I2C_GenerateSTART
 .text.I2C_GenerateSTOP
                0x08006e68       0x40 ..\obj\stm32f4xx_i2c.o
                0x08006e68                I2C_GenerateSTOP
 .text.I2C_Send7bitAddress
                0x08006ea8       0x3c ..\obj\stm32f4xx_i2c.o
                0x08006ea8                I2C_Send7bitAddress
 .text.I2C_AcknowledgeConfig
                0x08006ee4       0x40 ..\obj\stm32f4xx_i2c.o
                0x08006ee4                I2C_AcknowledgeConfig
 .text.I2C_SendData
                0x08006f24       0x20 ..\obj\stm32f4xx_i2c.o
                0x08006f24                I2C_SendData
 .text.I2C_ReceiveData
                0x08006f44       0x1c ..\obj\stm32f4xx_i2c.o
                0x08006f44                I2C_ReceiveData
 .text.I2C_CheckEvent
                0x08006f60       0x70 ..\obj\stm32f4xx_i2c.o
                0x08006f60                I2C_CheckEvent
 .text.I2C_GetFlagStatus
                0x08006fd0       0x7c ..\obj\stm32f4xx_i2c.o
                0x08006fd0                I2C_GetFlagStatus
 .text.NVIC_EnableIRQ
                0x0800704c       0x38 ..\obj\frequency.o
 .text.FrequencyMeasureInit
                0x08007084      0x3a4 ..\obj\frequency.o
                0x08007084                FrequencyMeasureInit
 .text.TIM2_IRQHandler
                0x08007428      0x160 ..\obj\frequency.o
                0x08007428                TIM2_IRQHandler
 .text.FrequencyCH1Measure_Task
                0x08007588      0x180 ..\obj\frequency.o
 .text.FrequencyCH2Measure_Task
                0x08007708      0x180 ..\obj\frequency.o
 .text.EXTI_GetITStatus
                0x08007888       0x60 ..\obj\stm32f4xx_exti.o
                0x08007888                EXTI_GetITStatus
 .text.EXTI_ClearITPendingBit
                0x080078e8       0x20 ..\obj\stm32f4xx_exti.o
                0x080078e8                EXTI_ClearITPendingBit
 .text.NVIC_PriorityGroupConfig
                0x08007908       0x28 ..\obj\misc.o
                0x08007908                NVIC_PriorityGroupConfig
 .text.NVIC_Init
                0x08007930       0xe8 ..\obj\misc.o
                0x08007930                NVIC_Init
 .text.RTC_Init
                0x08007a18       0xc8 ..\obj\stm32f4xx_rtc.o
                0x08007a18                RTC_Init
 .text.RTC_StructInit
                0x08007ae0       0x2c ..\obj\stm32f4xx_rtc.o
                0x08007ae0                RTC_StructInit
 .text.RTC_EnterInitMode
                0x08007b0c       0x94 ..\obj\stm32f4xx_rtc.o
                0x08007b0c                RTC_EnterInitMode
 .text.RTC_ExitInitMode
                0x08007ba0       0x24 ..\obj\stm32f4xx_rtc.o
                0x08007ba0                RTC_ExitInitMode
 .text.RTC_WaitForSynchro
                0x08007bc4       0xb0 ..\obj\stm32f4xx_rtc.o
                0x08007bc4                RTC_WaitForSynchro
 .text.RTC_SetTime
                0x08007c74      0x14c ..\obj\stm32f4xx_rtc.o
                0x08007c74                RTC_SetTime
 .text.RTC_GetTime
                0x08007dc0       0xac ..\obj\stm32f4xx_rtc.o
                0x08007dc0                RTC_GetTime
 .text.RTC_SetDate
                0x08007e6c      0x144 ..\obj\stm32f4xx_rtc.o
                0x08007e6c                RTC_SetDate
 .text.RTC_GetDate
                0x08007fb0       0xa8 ..\obj\stm32f4xx_rtc.o
                0x08007fb0                RTC_GetDate
 .text.RTC_WriteBackupRegister
                0x08008058       0x38 ..\obj\stm32f4xx_rtc.o
                0x08008058                RTC_WriteBackupRegister
 .text.RTC_ByteToBcd2
                0x08008090       0x44 ..\obj\stm32f4xx_rtc.o
 .text.RTC_Bcd2ToByte
                0x080080d4       0x40 ..\obj\stm32f4xx_rtc.o
 .text.pvPortMalloc
                0x08008114      0x164 ..\obj\heap_2.o
                0x08008114                pvPortMalloc
 .text.vPortFree
                0x08008278       0x88 ..\obj\heap_2.o
                0x08008278                vPortFree
 .text.xPortGetFreeHeapSize
                0x08008300       0x18 ..\obj\heap_2.o
                0x08008300                xPortGetFreeHeapSize
 .text.prvHeapInit
                0x08008318       0x6c ..\obj\heap_2.o
 .text.ControllerInit
                0x08008384       0x48 ..\obj\controller.o
                0x08008384                ControllerInit
 .text.Controller_RestoreSettings
                0x080083cc       0x58 ..\obj\controller.o
                0x080083cc                Controller_RestoreSettings
 .text.TIM_TimeBaseInit
                0x08008424       0xf8 ..\obj\stm32f4xx_tim.o
                0x08008424                TIM_TimeBaseInit
 .text.TIM_TimeBaseStructInit
                0x0800851c       0x3c ..\obj\stm32f4xx_tim.o
                0x0800851c                TIM_TimeBaseStructInit
 .text.TIM_SetCounter
                0x08008558       0x1c ..\obj\stm32f4xx_tim.o
                0x08008558                TIM_SetCounter
 .text.TIM_ARRPreloadConfig
                0x08008574       0x40 ..\obj\stm32f4xx_tim.o
                0x08008574                TIM_ARRPreloadConfig
 .text.TIM_Cmd  0x080085b4       0x40 ..\obj\stm32f4xx_tim.o
                0x080085b4                TIM_Cmd
 .text.TIM_ICInit
                0x080085f4       0xa8 ..\obj\stm32f4xx_tim.o
                0x080085f4                TIM_ICInit
 .text.TIM_SetIC1Prescaler
                0x0800869c       0x38 ..\obj\stm32f4xx_tim.o
                0x0800869c                TIM_SetIC1Prescaler
 .text.TIM_SetIC2Prescaler
                0x080086d4       0x40 ..\obj\stm32f4xx_tim.o
                0x080086d4                TIM_SetIC2Prescaler
 .text.TIM_SetIC3Prescaler
                0x08008714       0x38 ..\obj\stm32f4xx_tim.o
                0x08008714                TIM_SetIC3Prescaler
 .text.TIM_SetIC4Prescaler
                0x0800874c       0x40 ..\obj\stm32f4xx_tim.o
                0x0800874c                TIM_SetIC4Prescaler
 .text.TIM_ITConfig
                0x0800878c       0x4c ..\obj\stm32f4xx_tim.o
                0x0800878c                TIM_ITConfig
 .text.TIM_ClearFlag
                0x080087d8       0x24 ..\obj\stm32f4xx_tim.o
                0x080087d8                TIM_ClearFlag
 .text.TIM_ClearITPendingBit
                0x080087fc       0x24 ..\obj\stm32f4xx_tim.o
                0x080087fc                TIM_ClearITPendingBit
 .text.TIM_ETRClockMode2Config
                0x08008820       0x34 ..\obj\stm32f4xx_tim.o
                0x08008820                TIM_ETRClockMode2Config
 .text.TIM_ETRConfig
                0x08008854       0x54 ..\obj\stm32f4xx_tim.o
                0x08008854                TIM_ETRConfig
 .text.TI1_Config
                0x080088a8       0x84 ..\obj\stm32f4xx_tim.o
 .text.TI2_Config
                0x0800892c       0xa4 ..\obj\stm32f4xx_tim.o
 .text.TI3_Config
                0x080089d0       0x94 ..\obj\stm32f4xx_tim.o
 .text.TI4_Config
                0x08008a64       0xac ..\obj\stm32f4xx_tim.o
 .text.NVIC_SystemReset
                0x08008b10       0x34 ..\obj\power_detector.o
 .text.PVD_IRQHandler
                0x08008b44       0x20 ..\obj\power_detector.o
                0x08008b44                PVD_IRQHandler
 .text          0x08008b64      0x370 c:/coocox/coide/gcc/sourcery g++ lite/bin/../lib/gcc/arm-none-eabi/4.5.1/thumb2\libgcc.a(_arm_addsubdf3.o)
                0x08008b64                __aeabi_drsub
                0x08008b6c                __aeabi_dsub
                0x08008b6c                __subdf3
                0x08008b70                __aeabi_dadd
                0x08008b70                __adddf3
                0x08008de8                __floatunsidf
                0x08008de8                __aeabi_ui2d
                0x08008e08                __floatsidf
                0x08008e08                __aeabi_i2d
                0x08008e2c                __aeabi_f2d
                0x08008e2c                __extendsfdf2
                0x08008e68                __floatundidf
                0x08008e68                __aeabi_ul2d
                0x08008e78                __floatdidf
                0x08008e78                __aeabi_l2d
 .text          0x08008ed4      0x424 c:/coocox/coide/gcc/sourcery g++ lite/bin/../lib/gcc/arm-none-eabi/4.5.1/thumb2\libgcc.a(_arm_muldivdf3.o)
                0x08008ed4                __aeabi_dmul
                0x08008ed4                __muldf3
                0x08009128                __divdf3
                0x08009128                __aeabi_ddiv
 .text          0x080092f8       0xa0 c:/coocox/coide/gcc/sourcery g++ lite/bin/../lib/gcc/arm-none-eabi/4.5.1/thumb2\libgcc.a(_arm_truncdfsf2.o)
                0x080092f8                __truncdfsf2
                0x080092f8                __aeabi_d2f
 .text          0x08009398      0x21c c:/coocox/coide/gcc/sourcery g++ lite/bin/../lib/gcc/arm-none-eabi/4.5.1/thumb2\libgcc.a(_arm_addsubsf3.o)
                0x08009398                __aeabi_frsub
                0x080093a0                __subsf3
                0x080093a0                __aeabi_fsub
                0x080093a4                __aeabi_fadd
                0x080093a4                __addsf3
                0x08009504                __aeabi_ui2f
                0x08009504                __floatunsisf
                0x0800950c                __aeabi_i2f
                0x0800950c                __floatsisf
                0x08009528                __aeabi_ul2f
                0x08009528                __floatundisf
                0x08009538                __aeabi_l2f
                0x08009538                __floatdisf
 .text          0x080095b4      0x2a0 c:/coocox/coide/gcc/sourcery g++ lite/bin/../lib/gcc/arm-none-eabi/4.5.1/thumb2\libgcc.a(_arm_muldivsf3.o)
                0x080095b4                __mulsf3
                0x080095b4                __aeabi_fmul
                0x0800971c                __aeabi_fdiv
                0x0800971c                __divsf3
 .text          0x08009854       0x58 c:/coocox/coide/gcc/sourcery g++ lite/bin/../lib/gcc/arm-none-eabi/4.5.1/../../../../arm-none-eabi/lib/thumb2\libc.a(lib_a-memcmp.o)
                0x08009854                memcmp
 .text          0x080098ac      0x150 c:/coocox/coide/gcc/sourcery g++ lite/bin/../lib/gcc/arm-none-eabi/4.5.1/../../../../arm-none-eabi/lib/thumb2\libc.a(lib_a-memcpy.o)
                0x080098ac                memcpy
 .text          0x080099fc       0xb4 c:/coocox/coide/gcc/sourcery g++ lite/bin/../lib/gcc/arm-none-eabi/4.5.1/../../../../arm-none-eabi/lib/thumb2\libc.a(lib_a-memset.o)
                0x080099fc                memset
 *(.glue_7t)
 .glue_7t       0x00000000        0x0 linker stubs
 *(.glue_7)
 .glue_7        0x00000000        0x0 linker stubs
 *(.rodata .rodata* .gnu.linkonce.r.*)
 .rodata        0x08009ab0       0x20 ..\obj\protocol.o
 .rodata        0x08009ad0      0x200 ..\obj\mbcrc.o
 .rodata        0x08009cd0       0x1c ..\obj\tasks.o
 .rodata        0x08009cec        0x4 ..\obj\port.o
 .rodata        0x08009cf0       0x58 ..\obj\ADS1220.o
 .rodata        0x08009d48       0x18 ..\obj\frequency.o
 .rodata        0x08009d60        0x2 ..\obj\heap_2.o
 *fill*         0x08009d62        0x2 00
 .rodata        0x08009d64        0x4 ..\obj\controller.o
                0x08009d64                stSettingsDefault

.vfp11_veneer   0x08009d68        0x0
 .vfp11_veneer  0x00000000        0x0 linker stubs

.v4_bx          0x08009d68        0x0
 .v4_bx         0x00000000        0x0 linker stubs

.ARM.extab
 *(.ARM.extab* .gnu.linkonce.armextab.*)

.ARM.exidx
 *(.ARM.exidx* .gnu.linkonce.armexidx.*)
                0x08009d68                . = ALIGN (0x4)
                0x08009d68                _etext = .
                0x08009d68                _sidata = .

.data           0x20000000       0xc0 load address 0x08009d68
                0x20000000                _sdata = .
 *(.data .data.*)
 .data          0x20000000        0x6 ..\obj\mbport.o
                0x20000000                REG_INPUT_START
                0x20000001                REG_HOLDING_START
                0x20000002                REG_INPUT_NREGS
                0x20000003                REG_HOLDING_NREGS
                0x20000004                usRegInputStart
                0x20000005                usRegHoldingStart
 *fill*         0x20000006        0x2 00
 .data          0x20000008       0x88 ..\obj\mb.o
 .data          0x20000090       0x10 ..\obj\stm32f4xx_rcc.o
 .data          0x200000a0        0x4 ..\obj\tasks.o
 .data          0x200000a4       0x14 ..\obj\system_stm32f4xx.o
                0x200000a4                SystemCoreClock
                0x200000a8                AHBPrescTable
 .data          0x200000b8        0x4 ..\obj\port.o
 .data          0x200000bc        0x4 ..\obj\heap_2.o
                0x200000c0                . = ALIGN (0x4)
                0x200000c0                _edata = .

.bss            0x200000c0     0x2504 load address 0x08009e28
                0x200000c0                _sbss = .
 *(.bss .bss.*)
 .bss           0x200000c0       0x24 ..\obj\mbfuncother.o
 .bss           0x200000e4       0xfc ..\obj\tasks.o
                0x200000e4                pxCurrentTCB
 .bss           0x200001e0        0x8 ..\obj\porttimer.o
 .bss           0x200001e8        0x8 ..\obj\port.o
 .bss           0x200001f0       0x10 ..\obj\portserial.o
 .bss           0x20000200       0x1c ..\obj\frequency.o
                0x20000218                xHigherPriorityTaskWoken
 .bss           0x2000021c     0x2014 ..\obj\heap_2.o
 *(COMMON)
 COMMON         0x20002230      0x2e8 ..\obj\protocol.o
                0x20002230                stContext_RS232
                0x200023a4                stContext_RS485
 COMMON         0x20002518       0x50 ..\obj\watchdog.o
                0x20002518                task_watches
 COMMON         0x20002568        0x4 ..\obj\fram_i2c.o
                0x20002568                xI2CBusMutex
 COMMON         0x2000256c        0x4 ..\obj\ADS1220.o
                0x2000256c                xADC_SPI_Mutex
 COMMON         0x20002570        0x8 ..\obj\frequency.o
                0x20002570                xFrequencySemaphore
 COMMON         0x20002578       0x4c ..\obj\controller.o
                0x20002578                stSettings
                0x2000257c                xMeasureDataMutex
                0x20002580                stMeasureData
                0x200025c0                xSettingsMutex
                0x200025c4                . = ALIGN (0x4)
                0x200025c4                _ebss = .

.co_stack       0x200025c4      0x804 load address 0x0800c32c
                0x200025c8                . = ALIGN (0x8)
 *fill*         0x200025c4        0x4 00
 *(.co_stack .co_stack.*)
 .co_stack      0x200025c8      0x800 ..\obj\startup_stm32f4xx.o
                0x200025c8                pulStack
                0x20002dc8                . = ALIGN (0x4)
                0x20002dc8                _end = .
LOAD ..\obj\stm32f4xx_syscfg.o
LOAD ..\obj\mbport.o
LOAD ..\obj\mb.o
LOAD ..\obj\protocol.o
LOAD ..\obj\mbfuncdisc.o
LOAD ..\obj\core_cm3.o
LOAD ..\obj\portevent.o
LOAD ..\obj\mbfuncother.o
LOAD ..\obj\stm32f4xx_usart.o
LOAD ..\obj\stm32f4xx_pwr.o
LOAD ..\obj\rtc.o
LOAD ..\obj\mbutils.o
LOAD ..\obj\startup_stm32f4xx.o
LOAD ..\obj\stm32f4xx_iwdg.o
LOAD ..\obj\mbfuncholding.o
LOAD ..\obj\main.o
LOAD ..\obj\mbcrc.o
LOAD ..\obj\stm32f4xx_rcc.o
LOAD ..\obj\mbfuncfile.o
LOAD ..\obj\timers.o
LOAD ..\obj\mbfuncinput.o
LOAD ..\obj\printf.o
LOAD ..\obj\watchdog.o
LOAD ..\obj\mbfuncdiag.o
LOAD ..\obj\tasks.o
LOAD ..\obj\fram_i2c.o
LOAD ..\obj\stm32f4xx_gpio.o
LOAD ..\obj\porttimer.o
LOAD ..\obj\mbrtu.o
LOAD ..\obj\list.o
LOAD ..\obj\system_stm32f4xx.o
LOAD ..\obj\syscalls.o
LOAD ..\obj\port.o
LOAD ..\obj\queue.o
LOAD ..\obj\portserial.o
LOAD ..\obj\croutine.o
LOAD ..\obj\stm32f4xx_spi.o
LOAD ..\obj\mbfunccoils.o
LOAD ..\obj\event_groups.o
LOAD ..\obj\ADS1220.o
LOAD ..\obj\stm32f4xx_i2c.o
LOAD ..\obj\frequency.o
LOAD ..\obj\stm32f4xx_exti.o
LOAD ..\obj\misc.o
LOAD ..\obj\stm32f4xx_rtc.o
LOAD ..\obj\mbascii.o
LOAD ..\obj\heap_2.o
LOAD ..\obj\controller.o
LOAD ..\obj\stm32f4xx_tim.o
LOAD ..\obj\power_detector.o
START GROUP
LOAD c:/coocox/coide/gcc/sourcery g++ lite/bin/../lib/gcc/arm-none-eabi/4.5.1/thumb2\libgcc.a
LOAD c:/coocox/coide/gcc/sourcery g++ lite/bin/../lib/gcc/arm-none-eabi/4.5.1/../../../../arm-none-eabi/lib/thumb2\libc.a
END GROUP
OUTPUT(IMS_CONTROLLER.elf elf32-littlearm)

.debug_abbrev   0x00000000     0x3a81
 .debug_abbrev  0x00000000      0x12a ..\obj\stm32f4xx_syscfg.o
 .debug_abbrev  0x0000012a      0x190 ..\obj\mbport.o
 .debug_abbrev  0x000002ba      0x199 ..\obj\mb.o
 .debug_abbrev  0x00000453      0x164 ..\obj\protocol.o
 .debug_abbrev  0x000005b7       0xa5 ..\obj\mbfuncdisc.o
 .debug_abbrev  0x0000065c       0xd5 ..\obj\core_cm3.o
 .debug_abbrev  0x00000731       0xc1 ..\obj\portevent.o
 .debug_abbrev  0x000007f2       0xbe ..\obj\mbfuncother.o
 .debug_abbrev  0x000008b0      0x14e ..\obj\stm32f4xx_usart.o
 .debug_abbrev  0x000009fe      0x175 ..\obj\stm32f4xx_pwr.o
 .debug_abbrev  0x00000b73       0xc6 ..\obj\rtc.o
 .debug_abbrev  0x00000c39       0xd2 ..\obj\mbutils.o
 .debug_abbrev  0x00000d0b       0xac ..\obj\startup_stm32f4xx.o
 .debug_abbrev  0x00000db7       0xfa ..\obj\stm32f4xx_iwdg.o
 .debug_abbrev  0x00000eb1       0xa5 ..\obj\mbfuncholding.o
 .debug_abbrev  0x00000f56       0xc0 ..\obj\main.o
 .debug_abbrev  0x00001016       0x90 ..\obj\mbcrc.o
 .debug_abbrev  0x000010a6      0x1b7 ..\obj\stm32f4xx_rcc.o
 .debug_abbrev  0x0000125d       0xe2 ..\obj\mbfuncfile.o
 .debug_abbrev  0x0000133f       0x28 ..\obj\timers.o
 .debug_abbrev  0x00001367       0xa5 ..\obj\mbfuncinput.o
 .debug_abbrev  0x0000140c      0x238 ..\obj\printf.o
 .debug_abbrev  0x00001644      0x120 ..\obj\watchdog.o
 .debug_abbrev  0x00001764        0x1 ..\obj\mbfuncdiag.o
 .debug_abbrev  0x00001765      0x206 ..\obj\tasks.o
 .debug_abbrev  0x0000196b      0x1e4 ..\obj\fram_i2c.o
 .debug_abbrev  0x00001b4f      0x182 ..\obj\stm32f4xx_gpio.o
 .debug_abbrev  0x00001cd1      0x1b6 ..\obj\porttimer.o
 .debug_abbrev  0x00001e87      0x180 ..\obj\mbrtu.o
 .debug_abbrev  0x00002007       0xb8 ..\obj\list.o
 .debug_abbrev  0x000020bf      0x140 ..\obj\system_stm32f4xx.o
 .debug_abbrev  0x000021ff       0xde ..\obj\syscalls.o
 .debug_abbrev  0x000022dd      0x186 ..\obj\port.o
 .debug_abbrev  0x00002463      0x132 ..\obj\queue.o
 .debug_abbrev  0x00002595      0x203 ..\obj\portserial.o
 .debug_abbrev  0x00002798      0x17f ..\obj\croutine.o
 .debug_abbrev  0x00002917      0x160 ..\obj\stm32f4xx_spi.o
 .debug_abbrev  0x00002a77       0xb7 ..\obj\mbfunccoils.o
 .debug_abbrev  0x00002b2e      0x10f ..\obj\event_groups.o
 .debug_abbrev  0x00002c3d      0x1ac ..\obj\ADS1220.o
 .debug_abbrev  0x00002de9      0x15d ..\obj\stm32f4xx_i2c.o
 .debug_abbrev  0x00002f46      0x1b6 ..\obj\frequency.o
 .debug_abbrev  0x000030fc      0x198 ..\obj\stm32f4xx_exti.o
 .debug_abbrev  0x00003294      0x126 ..\obj\misc.o
 .debug_abbrev  0x000033ba      0x16b ..\obj\stm32f4xx_rtc.o
 .debug_abbrev  0x00003525       0x4d ..\obj\mbascii.o
 .debug_abbrev  0x00003572      0x15f ..\obj\heap_2.o
 .debug_abbrev  0x000036d1       0xe8 ..\obj\controller.o
 .debug_abbrev  0x000037b9      0x163 ..\obj\stm32f4xx_tim.o
 .debug_abbrev  0x0000391c      0x165 ..\obj\power_detector.o

.debug_info     0x00000000    0x14848
 .debug_info    0x00000000      0x27a ..\obj\stm32f4xx_syscfg.o
 .debug_info    0x0000027a      0x8aa ..\obj\mbport.o
 .debug_info    0x00000b24      0x9a1 ..\obj\mb.o
 .debug_info    0x000014c5      0x884 ..\obj\protocol.o
 .debug_info    0x00001d49      0x1f9 ..\obj\mbfuncdisc.o
 .debug_info    0x00001f42      0x548 ..\obj\core_cm3.o
 .debug_info    0x0000248a      0x1c4 ..\obj\portevent.o
 .debug_info    0x0000264e      0x25c ..\obj\mbfuncother.o
 .debug_info    0x000028aa      0xa4f ..\obj\stm32f4xx_usart.o
 .debug_info    0x000032f9      0x53e ..\obj\stm32f4xx_pwr.o
 .debug_info    0x00003837      0x16b ..\obj\rtc.o
 .debug_info    0x000039a2      0x2d1 ..\obj\mbutils.o
 .debug_info    0x00003c73      0x135 ..\obj\startup_stm32f4xx.o
 .debug_info    0x00003da8      0x20b ..\obj\stm32f4xx_iwdg.o
 .debug_info    0x00003fb3      0x38e ..\obj\mbfuncholding.o
 .debug_info    0x00004341      0x188 ..\obj\main.o
 .debug_info    0x000044c9      0x13e ..\obj\mbcrc.o
 .debug_info    0x00004607      0xd24 ..\obj\stm32f4xx_rcc.o
 .debug_info    0x0000532b      0x25d ..\obj\mbfuncfile.o
 .debug_info    0x00005588       0x6f ..\obj\timers.o
 .debug_info    0x000055f7      0x1eb ..\obj\mbfuncinput.o
 .debug_info    0x000057e2      0xed2 ..\obj\printf.o
 .debug_info    0x000066b4      0x1ab ..\obj\watchdog.o
 .debug_info    0x0000685f        0x0 ..\obj\mbfuncdiag.o
 .debug_info    0x0000685f     0x12a7 ..\obj\tasks.o
 .debug_info    0x00007b06      0x6e2 ..\obj\fram_i2c.o
 .debug_info    0x000081e8      0x639 ..\obj\stm32f4xx_gpio.o
 .debug_info    0x00008821      0xe0c ..\obj\porttimer.o
 .debug_info    0x0000962d      0x7fd ..\obj\mbrtu.o
 .debug_info    0x00009e2a      0x2b5 ..\obj\list.o
 .debug_info    0x0000a0df      0x5ea ..\obj\system_stm32f4xx.o
 .debug_info    0x0000a6c9      0x440 ..\obj\syscalls.o
 .debug_info    0x0000ab09      0x330 ..\obj\port.o
 .debug_info    0x0000ae39      0x9ea ..\obj\queue.o
 .debug_info    0x0000b823     0x1160 ..\obj\portserial.o
 .debug_info    0x0000c983      0x4ec ..\obj\croutine.o
 .debug_info    0x0000ce6f      0xbcc ..\obj\stm32f4xx_spi.o
 .debug_info    0x0000da3b      0x31e ..\obj\mbfunccoils.o
 .debug_info    0x0000dd59      0x639 ..\obj\event_groups.o
 .debug_info    0x0000e392      0x747 ..\obj\ADS1220.o
 .debug_info    0x0000ead9      0xb91 ..\obj\stm32f4xx_i2c.o
 .debug_info    0x0000f66a      0xc86 ..\obj\frequency.o
 .debug_info    0x000102f0      0x372 ..\obj\stm32f4xx_exti.o
 .debug_info    0x00010662      0x594 ..\obj\misc.o
 .debug_info    0x00010bf6     0x1223 ..\obj\stm32f4xx_rtc.o
 .debug_info    0x00011e19       0x9b ..\obj\mbascii.o
 .debug_info    0x00011eb4      0x2e3 ..\obj\heap_2.o
 .debug_info    0x00012197      0x231 ..\obj\controller.o
 .debug_info    0x000123c8     0x1e28 ..\obj\stm32f4xx_tim.o
 .debug_info    0x000141f0      0x658 ..\obj\power_detector.o

.debug_line     0x00000000     0xa262
 .debug_line    0x00000000      0x202 ..\obj\stm32f4xx_syscfg.o
 .debug_line    0x00000202      0x500 ..\obj\mbport.o
 .debug_line    0x00000702      0x326 ..\obj\mb.o
 .debug_line    0x00000a28      0x333 ..\obj\protocol.o
 .debug_line    0x00000d5b      0x1ed ..\obj\mbfuncdisc.o
 .debug_line    0x00000f48      0x28e ..\obj\core_cm3.o
 .debug_line    0x000011d6      0x1d1 ..\obj\portevent.o
 .debug_line    0x000013a7      0x259 ..\obj\mbfuncother.o
 .debug_line    0x00001600      0x49c ..\obj\stm32f4xx_usart.o
 .debug_line    0x00001a9c      0x29f ..\obj\stm32f4xx_pwr.o
 .debug_line    0x00001d3b      0x1fe ..\obj\rtc.o
 .debug_line    0x00001f39      0x261 ..\obj\mbutils.o
 .debug_line    0x0000219a       0xaf ..\obj\startup_stm32f4xx.o
 .debug_line    0x00002249      0x1f9 ..\obj\stm32f4xx_iwdg.o
 .debug_line    0x00002442      0x283 ..\obj\mbfuncholding.o
 .debug_line    0x000026c5      0x2ad ..\obj\main.o
 .debug_line    0x00002972      0x164 ..\obj\mbcrc.o
 .debug_line    0x00002ad6      0x598 ..\obj\stm32f4xx_rcc.o
 .debug_line    0x0000306e      0x226 ..\obj\mbfuncfile.o
 .debug_line    0x00003294       0x1d ..\obj\timers.o
 .debug_line    0x000032b1      0x1e3 ..\obj\mbfuncinput.o
 .debug_line    0x00003494      0x3cf ..\obj\printf.o
 .debug_line    0x00003863      0x257 ..\obj\watchdog.o
 .debug_line    0x00003aba        0x0 ..\obj\mbfuncdiag.o
 .debug_line    0x00003aba      0xab6 ..\obj\tasks.o
 .debug_line    0x00004570      0x474 ..\obj\fram_i2c.o
 .debug_line    0x000049e4      0x337 ..\obj\stm32f4xx_gpio.o
 .debug_line    0x00004d1b      0x3cd ..\obj\porttimer.o
 .debug_line    0x000050e8      0x293 ..\obj\mbrtu.o
 .debug_line    0x0000537b      0x241 ..\obj\list.o
 .debug_line    0x000055bc      0x211 ..\obj\system_stm32f4xx.o
 .debug_line    0x000057cd      0x19d ..\obj\syscalls.o
 .debug_line    0x0000596a      0x30a ..\obj\port.o
 .debug_line    0x00005c74      0x6fb ..\obj\queue.o
 .debug_line    0x0000636f      0x4e1 ..\obj\portserial.o
 .debug_line    0x00006850      0x30d ..\obj\croutine.o
 .debug_line    0x00006b5d      0x44c ..\obj\stm32f4xx_spi.o
 .debug_line    0x00006fa9      0x25b ..\obj\mbfunccoils.o
 .debug_line    0x00007204      0x395 ..\obj\event_groups.o
 .debug_line    0x00007599      0x47f ..\obj\ADS1220.o
 .debug_line    0x00007a18      0x4d4 ..\obj\stm32f4xx_i2c.o
 .debug_line    0x00007eec      0x426 ..\obj\frequency.o
 .debug_line    0x00008312      0x2a1 ..\obj\stm32f4xx_exti.o
 .debug_line    0x000085b3      0x23d ..\obj\misc.o
 .debug_line    0x000087f0      0x80f ..\obj\stm32f4xx_rtc.o
 .debug_line    0x00008fff       0xde ..\obj\mbascii.o
 .debug_line    0x000090dd      0x28b ..\obj\heap_2.o
 .debug_line    0x00009368      0x228 ..\obj\controller.o
 .debug_line    0x00009590      0xa71 ..\obj\stm32f4xx_tim.o
 .debug_line    0x0000a001      0x261 ..\obj\power_detector.o

.debug_loc      0x00000000     0x7ca3
 .debug_loc     0x00000000      0x144 ..\obj\stm32f4xx_syscfg.o
 .debug_loc     0x00000144      0x176 ..\obj\mbport.o
 .debug_loc     0x000002ba      0x150 ..\obj\mb.o
 .debug_loc     0x0000040a       0xa8 ..\obj\protocol.o
 .debug_loc     0x000004b2       0x38 ..\obj\mbfuncdisc.o
 .debug_loc     0x000004ea      0x3f0 ..\obj\core_cm3.o
 .debug_loc     0x000008da       0xa8 ..\obj\portevent.o
 .debug_loc     0x00000982       0x70 ..\obj\mbfuncother.o
 .debug_loc     0x000009f2      0x658 ..\obj\stm32f4xx_usart.o
 .debug_loc     0x0000104a      0x288 ..\obj\stm32f4xx_pwr.o
 .debug_loc     0x000012d2       0x38 ..\obj\rtc.o
 .debug_loc     0x0000130a       0xa8 ..\obj\mbutils.o
 .debug_loc     0x000013b2       0x64 ..\obj\startup_stm32f4xx.o
 .debug_loc     0x00001416      0x138 ..\obj\stm32f4xx_iwdg.o
 .debug_loc     0x0000154e       0xe0 ..\obj\mbfuncholding.o
 .debug_loc     0x0000162e      0x100 ..\obj\main.o
 .debug_loc     0x0000172e       0x38 ..\obj\mbcrc.o
 .debug_loc     0x00001766      0x97c ..\obj\stm32f4xx_rcc.o
 .debug_loc     0x000020e2       0x3a ..\obj\mbfuncfile.o
 .debug_loc     0x0000211c       0x38 ..\obj\mbfuncinput.o
 .debug_loc     0x00002154      0x3ea ..\obj\printf.o
 .debug_loc     0x0000253e       0x70 ..\obj\watchdog.o
 .debug_loc     0x000025ae      0x92c ..\obj\tasks.o
 .debug_loc     0x00002eda      0x150 ..\obj\fram_i2c.o
 .debug_loc     0x0000302a      0x310 ..\obj\stm32f4xx_gpio.o
 .debug_loc     0x0000333a      0x1e8 ..\obj\porttimer.o
 .debug_loc     0x00003522      0x1c0 ..\obj\mbrtu.o
 .debug_loc     0x000036e2      0x118 ..\obj\list.o
 .debug_loc     0x000037fa       0x9c ..\obj\system_stm32f4xx.o
 .debug_loc     0x00003896      0x1ec ..\obj\syscalls.o
 .debug_loc     0x00003a82      0x1dc ..\obj\port.o
 .debug_loc     0x00003c5e      0x460 ..\obj\queue.o
 .debug_loc     0x000040be      0x2c0 ..\obj\portserial.o
 .debug_loc     0x0000437e      0x188 ..\obj\croutine.o
 .debug_loc     0x00004506      0x578 ..\obj\stm32f4xx_spi.o
 .debug_loc     0x00004a7e       0xa8 ..\obj\mbfunccoils.o
 .debug_loc     0x00004b26      0x230 ..\obj\event_groups.o
 .debug_loc     0x00004d56      0x1ec ..\obj\ADS1220.o
 .debug_loc     0x00004f42      0x738 ..\obj\stm32f4xx_i2c.o
 .debug_loc     0x0000567a      0x10d ..\obj\frequency.o
 .debug_loc     0x00005787      0x1b4 ..\obj\stm32f4xx_exti.o
 .debug_loc     0x0000593b      0x118 ..\obj\misc.o
 .debug_loc     0x00005a53      0xc48 ..\obj\stm32f4xx_rtc.o
 .debug_loc     0x0000669b      0x100 ..\obj\heap_2.o
 .debug_loc     0x0000679b       0x58 ..\obj\controller.o
 .debug_loc     0x000067f3     0x1420 ..\obj\stm32f4xx_tim.o
 .debug_loc     0x00007c13       0x90 ..\obj\power_detector.o

.debug_pubnames
                0x00000000     0x33bf
 .debug_pubnames
                0x00000000       0xc3 ..\obj\stm32f4xx_syscfg.o
 .debug_pubnames
                0x000000c3      0x120 ..\obj\mbport.o
 .debug_pubnames
                0x000001e3       0x66 ..\obj\mb.o
 .debug_pubnames
                0x00000249       0x4c ..\obj\protocol.o
 .debug_pubnames
                0x00000295       0x30 ..\obj\mbfuncdisc.o
 .debug_pubnames
                0x000002c5      0x159 ..\obj\core_cm3.o
 .debug_pubnames
                0x0000041e       0x50 ..\obj\portevent.o
 .debug_pubnames
                0x0000046e       0x3d ..\obj\mbfuncother.o
 .debug_pubnames
                0x000004ab      0x294 ..\obj\stm32f4xx_usart.o
 .debug_pubnames
                0x0000073f      0x120 ..\obj\stm32f4xx_pwr.o
 .debug_pubnames
                0x0000085f       0x25 ..\obj\rtc.o
 .debug_pubnames
                0x00000884       0x52 ..\obj\mbutils.o
 .debug_pubnames
                0x000008d6       0x4a ..\obj\startup_stm32f4xx.o
 .debug_pubnames
                0x00000920       0x91 ..\obj\stm32f4xx_iwdg.o
 .debug_pubnames
                0x000009b1       0xa5 ..\obj\mbfuncholding.o
 .debug_pubnames
                0x00000a56       0x90 ..\obj\main.o
 .debug_pubnames
                0x00000ae6       0x20 ..\obj\mbcrc.o
 .debug_pubnames
                0x00000b06      0x417 ..\obj\stm32f4xx_rcc.o
 .debug_pubnames
                0x00000f1d       0x26 ..\obj\mbfuncfile.o
 .debug_pubnames
                0x00000f43       0x2f ..\obj\mbfuncinput.o
 .debug_pubnames
                0x00000f72      0x101 ..\obj\printf.o
 .debug_pubnames
                0x00001073       0x35 ..\obj\watchdog.o
 .debug_pubnames
                0x000010a8      0x350 ..\obj\tasks.o
 .debug_pubnames
                0x000013f8       0xae ..\obj\fram_i2c.o
 .debug_pubnames
                0x000014a6      0x12d ..\obj\stm32f4xx_gpio.o
 .debug_pubnames
                0x000015d3       0xf0 ..\obj\porttimer.o
 .debug_pubnames
                0x000016c3       0xa6 ..\obj\mbrtu.o
 .debug_pubnames
                0x00001769       0x72 ..\obj\list.o
 .debug_pubnames
                0x000017db       0x61 ..\obj\system_stm32f4xx.o
 .debug_pubnames
                0x0000183c       0x71 ..\obj\syscalls.o
 .debug_pubnames
                0x000018ad      0x144 ..\obj\port.o
 .debug_pubnames
                0x000019f1      0x18c ..\obj\queue.o
 .debug_pubnames
                0x00001b7d      0x123 ..\obj\portserial.o
 .debug_pubnames
                0x00001ca0       0x96 ..\obj\croutine.o
 .debug_pubnames
                0x00001d36      0x221 ..\obj\stm32f4xx_spi.o
 .debug_pubnames
                0x00001f57       0x5a ..\obj\mbfunccoils.o
 .debug_pubnames
                0x00001fb1       0xf8 ..\obj\event_groups.o
 .debug_pubnames
                0x000020a9       0x76 ..\obj\ADS1220.o
 .debug_pubnames
                0x0000211f      0x2cb ..\obj\stm32f4xx_i2c.o
 .debug_pubnames
                0x000023ea       0x74 ..\obj\frequency.o
 .debug_pubnames
                0x0000245e       0xbb ..\obj\stm32f4xx_exti.o
 .debug_pubnames
                0x00002519       0x89 ..\obj\misc.o
 .debug_pubnames
                0x000025a2      0x514 ..\obj\stm32f4xx_rtc.o
 .debug_pubnames
                0x00002ab6       0x64 ..\obj\heap_2.o
 .debug_pubnames
                0x00002b1a       0xa4 ..\obj\controller.o
 .debug_pubnames
                0x00002bbe      0x7c4 ..\obj\stm32f4xx_tim.o
 .debug_pubnames
                0x00003382       0x3d ..\obj\power_detector.o

.debug_pubtypes
                0x00000000     0x255a
 .debug_pubtypes
                0x00000000       0x6d ..\obj\stm32f4xx_syscfg.o
 .debug_pubtypes
                0x0000006d      0x163 ..\obj\mbport.o
 .debug_pubtypes
                0x000001d0      0x17e ..\obj\mb.o
 .debug_pubtypes
                0x0000034e      0x16e ..\obj\protocol.o
 .debug_pubtypes
                0x000004bc       0x6e ..\obj\mbfuncdisc.o
 .debug_pubtypes
                0x0000052a       0x50 ..\obj\core_cm3.o
 .debug_pubtypes
                0x0000057a       0x52 ..\obj\portevent.o
 .debug_pubtypes
                0x000005cc       0x82 ..\obj\mbfuncother.o
 .debug_pubtypes
                0x0000064e       0xcd ..\obj\stm32f4xx_usart.o
 .debug_pubtypes
                0x0000071b       0x84 ..\obj\stm32f4xx_pwr.o
 .debug_pubtypes
                0x0000079f       0x4b ..\obj\rtc.o
 .debug_pubtypes
                0x000007ea       0x79 ..\obj\mbutils.o
 .debug_pubtypes
                0x00000863       0x64 ..\obj\stm32f4xx_iwdg.o
 .debug_pubtypes
                0x000008c7       0x6e ..\obj\mbfuncholding.o
 .debug_pubtypes
                0x00000935       0x49 ..\obj\main.o
 .debug_pubtypes
                0x0000097e       0x40 ..\obj\mbcrc.o
 .debug_pubtypes
                0x000009be       0xaa ..\obj\stm32f4xx_rcc.o
 .debug_pubtypes
                0x00000a68       0x85 ..\obj\mbfuncfile.o
 .debug_pubtypes
                0x00000aed       0x12 ..\obj\timers.o
 .debug_pubtypes
                0x00000aff       0x6e ..\obj\mbfuncinput.o
 .debug_pubtypes
                0x00000b6d      0x139 ..\obj\printf.o
 .debug_pubtypes
                0x00000ca6       0x63 ..\obj\watchdog.o
 .debug_pubtypes
                0x00000d09      0x191 ..\obj\tasks.o
 .debug_pubtypes
                0x00000e9a      0x152 ..\obj\fram_i2c.o
 .debug_pubtypes
                0x00000fec       0xce ..\obj\stm32f4xx_gpio.o
 .debug_pubtypes
                0x000010ba      0x1ad ..\obj\porttimer.o
 .debug_pubtypes
                0x00001267      0x115 ..\obj\mbrtu.o
 .debug_pubtypes
                0x0000137c       0x98 ..\obj\list.o
 .debug_pubtypes
                0x00001414       0x73 ..\obj\system_stm32f4xx.o
 .debug_pubtypes
                0x00001487       0xaa ..\obj\syscalls.o
 .debug_pubtypes
                0x00001531       0x7c ..\obj\port.o
 .debug_pubtypes
                0x000015ad      0x122 ..\obj\queue.o
 .debug_pubtypes
                0x000016cf      0x257 ..\obj\portserial.o
 .debug_pubtypes
                0x00001926      0x107 ..\obj\croutine.o
 .debug_pubtypes
                0x00001a2d       0xbc ..\obj\stm32f4xx_spi.o
 .debug_pubtypes
                0x00001ae9       0x6e ..\obj\mbfunccoils.o
 .debug_pubtypes
                0x00001b57       0xf9 ..\obj\event_groups.o
 .debug_pubtypes
                0x00001c50      0x163 ..\obj\ADS1220.o
 .debug_pubtypes
                0x00001db3       0xbe ..\obj\stm32f4xx_i2c.o
 .debug_pubtypes
                0x00001e71      0x1fc ..\obj\frequency.o
 .debug_pubtypes
                0x0000206d       0xae ..\obj\stm32f4xx_exti.o
 .debug_pubtypes
                0x0000211b       0x8c ..\obj\misc.o
 .debug_pubtypes
                0x000021a7       0xd8 ..\obj\stm32f4xx_rtc.o
 .debug_pubtypes
                0x0000227f       0x1e ..\obj\mbascii.o
 .debug_pubtypes
                0x0000229d       0x73 ..\obj\heap_2.o
 .debug_pubtypes
                0x00002310       0xa1 ..\obj\controller.o
 .debug_pubtypes
                0x000023b1       0xe4 ..\obj\stm32f4xx_tim.o
 .debug_pubtypes
                0x00002495       0xc5 ..\obj\power_detector.o

.debug_aranges  0x00000000     0x16c8
 .debug_aranges
                0x00000000       0x48 ..\obj\stm32f4xx_syscfg.o
 .debug_aranges
                0x00000048       0x50 ..\obj\mbport.o
 .debug_aranges
                0x00000098       0x48 ..\obj\mb.o
 .debug_aranges
                0x000000e0       0x30 ..\obj\protocol.o
 .debug_aranges
                0x00000110       0x20 ..\obj\mbfuncdisc.o
 .debug_aranges
                0x00000130       0xc8 ..\obj\core_cm3.o
 .debug_aranges
                0x000001f8       0x30 ..\obj\portevent.o
 .debug_aranges
                0x00000228       0x28 ..\obj\mbfuncother.o
 .debug_aranges
                0x00000250      0x100 ..\obj\stm32f4xx_usart.o
 .debug_aranges
                0x00000350       0x78 ..\obj\stm32f4xx_pwr.o
 .debug_aranges
                0x000003c8       0x20 ..\obj\rtc.o
 .debug_aranges
                0x000003e8       0x30 ..\obj\mbutils.o
 .debug_aranges
                0x00000418       0x28 ..\obj\startup_stm32f4xx.o
 .debug_aranges
                0x00000440       0x48 ..\obj\stm32f4xx_iwdg.o
 .debug_aranges
                0x00000488       0x38 ..\obj\mbfuncholding.o
 .debug_aranges
                0x000004c0       0x40 ..\obj\main.o
 .debug_aranges
                0x00000500       0x20 ..\obj\mbcrc.o
 .debug_aranges
                0x00000520      0x178 ..\obj\stm32f4xx_rcc.o
 .debug_aranges
                0x00000698       0x20 ..\obj\mbfuncfile.o
 .debug_aranges
                0x000006b8       0x20 ..\obj\mbfuncinput.o
 .debug_aranges
                0x000006d8       0xa0 ..\obj\printf.o
 .debug_aranges
                0x00000778       0x28 ..\obj\watchdog.o
 .debug_aranges
                0x000007a0      0x170 ..\obj\tasks.o
 .debug_aranges
                0x00000910       0x48 ..\obj\fram_i2c.o
 .debug_aranges
                0x00000958       0x88 ..\obj\stm32f4xx_gpio.o
 .debug_aranges
                0x000009e0       0x68 ..\obj\porttimer.o
 .debug_aranges
                0x00000a48       0x58 ..\obj\mbrtu.o
 .debug_aranges
                0x00000aa0       0x40 ..\obj\list.o
 .debug_aranges
                0x00000ae0       0x30 ..\obj\system_stm32f4xx.o
 .debug_aranges
                0x00000b10       0x60 ..\obj\syscalls.o
 .debug_aranges
                0x00000b70       0x90 ..\obj\port.o
 .debug_aranges
                0x00000c00       0xb8 ..\obj\queue.o
 .debug_aranges
                0x00000cb8       0x80 ..\obj\portserial.o
 .debug_aranges
                0x00000d38       0x50 ..\obj\croutine.o
 .debug_aranges
                0x00000d88       0xe0 ..\obj\stm32f4xx_spi.o
 .debug_aranges
                0x00000e68       0x30 ..\obj\mbfunccoils.o
 .debug_aranges
                0x00000e98       0x68 ..\obj\event_groups.o
 .debug_aranges
                0x00000f00       0x60 ..\obj\ADS1220.o
 .debug_aranges
                0x00000f60      0x120 ..\obj\stm32f4xx_i2c.o
 .debug_aranges
                0x00001080       0x40 ..\obj\frequency.o
 .debug_aranges
                0x000010c0       0x58 ..\obj\stm32f4xx_exti.o
 .debug_aranges
                0x00001118       0x40 ..\obj\misc.o
 .debug_aranges
                0x00001158      0x1e0 ..\obj\stm32f4xx_rtc.o
 .debug_aranges
                0x00001338       0x40 ..\obj\heap_2.o
 .debug_aranges
                0x00001378       0x28 ..\obj\controller.o
 .debug_aranges
                0x000013a0      0x2f8 ..\obj\stm32f4xx_tim.o
 .debug_aranges
                0x00001698       0x30 ..\obj\power_detector.o

.debug_ranges   0x00000000     0x13d8
 .debug_ranges  0x00000000       0x38 ..\obj\stm32f4xx_syscfg.o
 .debug_ranges  0x00000038       0x40 ..\obj\mbport.o
 .debug_ranges  0x00000078       0x38 ..\obj\mb.o
 .debug_ranges  0x000000b0       0x20 ..\obj\protocol.o
 .debug_ranges  0x000000d0       0x10 ..\obj\mbfuncdisc.o
 .debug_ranges  0x000000e0       0xb8 ..\obj\core_cm3.o
 .debug_ranges  0x00000198       0x20 ..\obj\portevent.o
 .debug_ranges  0x000001b8       0x18 ..\obj\mbfuncother.o
 .debug_ranges  0x000001d0       0xf0 ..\obj\stm32f4xx_usart.o
 .debug_ranges  0x000002c0       0x68 ..\obj\stm32f4xx_pwr.o
 .debug_ranges  0x00000328       0x10 ..\obj\rtc.o
 .debug_ranges  0x00000338       0x20 ..\obj\mbutils.o
 .debug_ranges  0x00000358       0x18 ..\obj\startup_stm32f4xx.o
 .debug_ranges  0x00000370       0x38 ..\obj\stm32f4xx_iwdg.o
 .debug_ranges  0x000003a8       0x28 ..\obj\mbfuncholding.o
 .debug_ranges  0x000003d0       0x30 ..\obj\main.o
 .debug_ranges  0x00000400       0x10 ..\obj\mbcrc.o
 .debug_ranges  0x00000410      0x168 ..\obj\stm32f4xx_rcc.o
 .debug_ranges  0x00000578       0x10 ..\obj\mbfuncfile.o
 .debug_ranges  0x00000588       0x10 ..\obj\mbfuncinput.o
 .debug_ranges  0x00000598       0x90 ..\obj\printf.o
 .debug_ranges  0x00000628       0x18 ..\obj\watchdog.o
 .debug_ranges  0x00000640      0x160 ..\obj\tasks.o
 .debug_ranges  0x000007a0       0x38 ..\obj\fram_i2c.o
 .debug_ranges  0x000007d8       0x78 ..\obj\stm32f4xx_gpio.o
 .debug_ranges  0x00000850       0x58 ..\obj\porttimer.o
 .debug_ranges  0x000008a8       0x48 ..\obj\mbrtu.o
 .debug_ranges  0x000008f0       0x30 ..\obj\list.o
 .debug_ranges  0x00000920       0x20 ..\obj\system_stm32f4xx.o
 .debug_ranges  0x00000940       0x50 ..\obj\syscalls.o
 .debug_ranges  0x00000990       0x80 ..\obj\port.o
 .debug_ranges  0x00000a10       0xa8 ..\obj\queue.o
 .debug_ranges  0x00000ab8       0x70 ..\obj\portserial.o
 .debug_ranges  0x00000b28       0x40 ..\obj\croutine.o
 .debug_ranges  0x00000b68       0xd0 ..\obj\stm32f4xx_spi.o
 .debug_ranges  0x00000c38       0x20 ..\obj\mbfunccoils.o
 .debug_ranges  0x00000c58       0x58 ..\obj\event_groups.o
 .debug_ranges  0x00000cb0       0x50 ..\obj\ADS1220.o
 .debug_ranges  0x00000d00      0x110 ..\obj\stm32f4xx_i2c.o
 .debug_ranges  0x00000e10       0x30 ..\obj\frequency.o
 .debug_ranges  0x00000e40       0x48 ..\obj\stm32f4xx_exti.o
 .debug_ranges  0x00000e88       0x30 ..\obj\misc.o
 .debug_ranges  0x00000eb8      0x1d0 ..\obj\stm32f4xx_rtc.o
 .debug_ranges  0x00001088       0x30 ..\obj\heap_2.o
 .debug_ranges  0x000010b8       0x18 ..\obj\controller.o
 .debug_ranges  0x000010d0      0x2e8 ..\obj\stm32f4xx_tim.o
 .debug_ranges  0x000013b8       0x20 ..\obj\power_detector.o

.debug_str      0x00000000     0x7654
 .debug_str     0x00000000      0x21d ..\obj\stm32f4xx_syscfg.o
                                0x26a (size before relaxing)
 .debug_str     0x0000021d      0x429 ..\obj\mbport.o
                                0x532 (size before relaxing)
 .debug_str     0x00000646      0x5cc ..\obj\mb.o
                                0x785 (size before relaxing)
 .debug_str     0x00000c12      0x1c9 ..\obj\protocol.o
                                0x821 (size before relaxing)
 .debug_str     0x00000ddb       0xc3 ..\obj\mbfuncdisc.o
                                0x2e3 (size before relaxing)
 .debug_str     0x00000e9e      0x173 ..\obj\core_cm3.o
                                0x23a (size before relaxing)
 .debug_str     0x00001011       0x9a ..\obj\portevent.o
                                0x1c1 (size before relaxing)
 .debug_str     0x000010ab       0xd8 ..\obj\mbfuncother.o
                                0x30c (size before relaxing)
 .debug_str     0x00001183      0x4e4 ..\obj\stm32f4xx_usart.o
                                0x5fa (size before relaxing)
 .debug_str     0x00001667      0x1e9 ..\obj\stm32f4xx_pwr.o
                                0x2fc (size before relaxing)
 .debug_str     0x00001850       0xa9 ..\obj\rtc.o
                                0x1a1 (size before relaxing)
 .debug_str     0x000018f9       0xee ..\obj\mbutils.o
                                0x320 (size before relaxing)
 .debug_str     0x000019e7       0xbe ..\obj\startup_stm32f4xx.o
                                 0xe9 (size before relaxing)
 .debug_str     0x00001aa5       0xf6 ..\obj\stm32f4xx_iwdg.o
                                0x1d7 (size before relaxing)
 .debug_str     0x00001b9b      0x155 ..\obj\mbfuncholding.o
                                0x3c1 (size before relaxing)
 .debug_str     0x00001cf0       0xd6 ..\obj\main.o
                                0x1b1 (size before relaxing)
 .debug_str     0x00001dc6       0x77 ..\obj\mbcrc.o
                                0x144 (size before relaxing)
 .debug_str     0x00001e3d      0x5eb ..\obj\stm32f4xx_rcc.o
                                0x7bb (size before relaxing)
 .debug_str     0x00002428       0x93 ..\obj\mbfuncfile.o
                                0x31a (size before relaxing)
 .debug_str     0x000024bb       0x56 ..\obj\timers.o
                                 0xeb (size before relaxing)
 .debug_str     0x00002511       0x79 ..\obj\mbfuncinput.o
                                0x2d7 (size before relaxing)
 .debug_str     0x0000258a      0x4a4 ..\obj\printf.o
                                0x5fc (size before relaxing)
 .debug_str     0x00002a2e       0x7c ..\obj\watchdog.o
                                0x19b (size before relaxing)
 .debug_str     0x00002aaa      0xa38 ..\obj\tasks.o
                                0xb93 (size before relaxing)
 .debug_str     0x000034e2      0x35f ..\obj\fram_i2c.o
                                0x521 (size before relaxing)
 .debug_str     0x00003841      0x1a6 ..\obj\stm32f4xx_gpio.o
                                0x40e (size before relaxing)
 .debug_str     0x000039e7      0x7e5 ..\obj\porttimer.o
                                0xeb5 (size before relaxing)
 .debug_str     0x000041cc      0x121 ..\obj\mbrtu.o
                                0x557 (size before relaxing)
 .debug_str     0x000042ed       0xe8 ..\obj\list.o
                                0x231 (size before relaxing)
 .debug_str     0x000043d5       0xb6 ..\obj\system_stm32f4xx.o
                                0x309 (size before relaxing)
 .debug_str     0x0000448b      0x158 ..\obj\syscalls.o
                                0x27c (size before relaxing)
 .debug_str     0x000045e3      0x263 ..\obj\port.o
                                0x360 (size before relaxing)
 .debug_str     0x00004846      0x353 ..\obj\queue.o
                                0x576 (size before relaxing)
 .debug_str     0x00004b99      0x1b3 ..\obj\portserial.o
                               0x1078 (size before relaxing)
 .debug_str     0x00004d4c      0x28c ..\obj\croutine.o
                                0x455 (size before relaxing)
 .debug_str     0x00004fd8      0x3b4 ..\obj\stm32f4xx_spi.o
                                0x5f5 (size before relaxing)
 .debug_str     0x0000538c       0xd6 ..\obj\mbfunccoils.o
                                0x34b (size before relaxing)
 .debug_str     0x00005462      0x2a5 ..\obj\event_groups.o
                                0x452 (size before relaxing)
 .debug_str     0x00005707      0x17a ..\obj\ADS1220.o
                                0x60c (size before relaxing)
 .debug_str     0x00005881      0x345 ..\obj\stm32f4xx_i2c.o
                                0x5d0 (size before relaxing)
 .debug_str     0x00005bc6      0x17f ..\obj\frequency.o
                                0xc2e (size before relaxing)
 .debug_str     0x00005d45      0x1db ..\obj\stm32f4xx_exti.o
                                0x2d9 (size before relaxing)
 .debug_str     0x00005f20      0x137 ..\obj\misc.o
                                0x344 (size before relaxing)
 .debug_str     0x00006057      0x8b1 ..\obj\stm32f4xx_rtc.o
                                0xabe (size before relaxing)
 .debug_str     0x00006908       0x58 ..\obj\mbascii.o
                                0x102 (size before relaxing)
 .debug_str     0x00006960      0x19b ..\obj\heap_2.o
                                0x284 (size before relaxing)
 .debug_str     0x00006afb       0x7c ..\obj\controller.o
                                0x20e (size before relaxing)
 .debug_str     0x00006b77      0xa3a ..\obj\stm32f4xx_tim.o
                                0xd3b (size before relaxing)
 .debug_str     0x000075b1       0xa3 ..\obj\power_detector.o
                                0x838 (size before relaxing)

.comment        0x00000000       0x2a
 .comment       0x00000000       0x2a ..\obj\stm32f4xx_syscfg.o
                                 0x2b (size before relaxing)
 .comment       0x00000000       0x2b ..\obj\mbport.o
 .comment       0x00000000       0x2b ..\obj\mb.o
 .comment       0x00000000       0x2b ..\obj\protocol.o
 .comment       0x00000000       0x2b ..\obj\mbfuncdisc.o
 .comment       0x00000000       0x2b ..\obj\core_cm3.o
 .comment       0x00000000       0x2b ..\obj\portevent.o
 .comment       0x00000000       0x2b ..\obj\mbfuncother.o
 .comment       0x00000000       0x2b ..\obj\stm32f4xx_usart.o
 .comment       0x00000000       0x2b ..\obj\stm32f4xx_pwr.o
 .comment       0x00000000       0x2b ..\obj\rtc.o
 .comment       0x00000000       0x2b ..\obj\mbutils.o
 .comment       0x00000000       0x2b ..\obj\startup_stm32f4xx.o
 .comment       0x00000000       0x2b ..\obj\stm32f4xx_iwdg.o
 .comment       0x00000000       0x2b ..\obj\mbfuncholding.o
 .comment       0x00000000       0x2b ..\obj\main.o
 .comment       0x00000000       0x2b ..\obj\mbcrc.o
 .comment       0x00000000       0x2b ..\obj\stm32f4xx_rcc.o
 .comment       0x00000000       0x2b ..\obj\mbfuncfile.o
 .comment       0x00000000       0x2b ..\obj\timers.o
 .comment       0x00000000       0x2b ..\obj\mbfuncinput.o
 .comment       0x00000000       0x2b ..\obj\printf.o
 .comment       0x00000000       0x2b ..\obj\watchdog.o
 .comment       0x00000000       0x2b ..\obj\mbfuncdiag.o
 .comment       0x00000000       0x2b ..\obj\tasks.o
 .comment       0x00000000       0x2b ..\obj\fram_i2c.o
 .comment       0x00000000       0x2b ..\obj\stm32f4xx_gpio.o
 .comment       0x00000000       0x2b ..\obj\porttimer.o
 .comment       0x00000000       0x2b ..\obj\mbrtu.o
 .comment       0x00000000       0x2b ..\obj\list.o
 .comment       0x00000000       0x2b ..\obj\system_stm32f4xx.o
 .comment       0x00000000       0x2b ..\obj\syscalls.o
 .comment       0x00000000       0x2b ..\obj\port.o
 .comment       0x00000000       0x2b ..\obj\queue.o
 .comment       0x00000000       0x2b ..\obj\portserial.o
 .comment       0x00000000       0x2b ..\obj\croutine.o
 .comment       0x00000000       0x2b ..\obj\stm32f4xx_spi.o
 .comment       0x00000000       0x2b ..\obj\mbfunccoils.o
 .comment       0x00000000       0x2b ..\obj\event_groups.o
 .comment       0x00000000       0x2b ..\obj\ADS1220.o
 .comment       0x00000000       0x2b ..\obj\stm32f4xx_i2c.o
 .comment       0x00000000       0x2b ..\obj\frequency.o
 .comment       0x00000000       0x2b ..\obj\stm32f4xx_exti.o
 .comment       0x00000000       0x2b ..\obj\misc.o
 .comment       0x00000000       0x2b ..\obj\stm32f4xx_rtc.o
 .comment       0x00000000       0x2b ..\obj\mbascii.o
 .comment       0x00000000       0x2b ..\obj\heap_2.o
 .comment       0x00000000       0x2b ..\obj\controller.o
 .comment       0x00000000       0x2b ..\obj\stm32f4xx_tim.o
 .comment       0x00000000       0x2b ..\obj\power_detector.o

.ARM.attributes
                0x00000000       0x31
 .ARM.attributes
                0x00000000       0x31 ..\obj\stm32f4xx_syscfg.o
 .ARM.attributes
                0x00000031       0x31 ..\obj\mbport.o
 .ARM.attributes
                0x00000062       0x31 ..\obj\mb.o
 .ARM.attributes
                0x00000093       0x31 ..\obj\protocol.o
 .ARM.attributes
                0x000000c4       0x31 ..\obj\mbfuncdisc.o
 .ARM.attributes
                0x000000f5       0x31 ..\obj\core_cm3.o
 .ARM.attributes
                0x00000126       0x31 ..\obj\portevent.o
 .ARM.attributes
                0x00000157       0x31 ..\obj\mbfuncother.o
 .ARM.attributes
                0x00000188       0x31 ..\obj\stm32f4xx_usart.o
 .ARM.attributes
                0x000001b9       0x31 ..\obj\stm32f4xx_pwr.o
 .ARM.attributes
                0x000001ea       0x31 ..\obj\rtc.o
 .ARM.attributes
                0x0000021b       0x31 ..\obj\mbutils.o
 .ARM.attributes
                0x0000024c       0x31 ..\obj\startup_stm32f4xx.o
 .ARM.attributes
                0x0000027d       0x31 ..\obj\stm32f4xx_iwdg.o
 .ARM.attributes
                0x000002ae       0x31 ..\obj\mbfuncholding.o
 .ARM.attributes
                0x000002df       0x31 ..\obj\main.o
 .ARM.attributes
                0x00000310       0x31 ..\obj\mbcrc.o
 .ARM.attributes
                0x00000341       0x31 ..\obj\stm32f4xx_rcc.o
 .ARM.attributes
                0x00000372       0x31 ..\obj\mbfuncfile.o
 .ARM.attributes
                0x000003a3       0x31 ..\obj\timers.o
 .ARM.attributes
                0x000003d4       0x31 ..\obj\mbfuncinput.o
 .ARM.attributes
                0x00000405       0x31 ..\obj\printf.o
 .ARM.attributes
                0x00000436       0x31 ..\obj\watchdog.o
 .ARM.attributes
                0x00000467       0x31 ..\obj\mbfuncdiag.o
 .ARM.attributes
                0x00000498       0x31 ..\obj\tasks.o
 .ARM.attributes
                0x000004c9       0x31 ..\obj\fram_i2c.o
 .ARM.attributes
                0x000004fa       0x31 ..\obj\stm32f4xx_gpio.o
 .ARM.attributes
                0x0000052b       0x31 ..\obj\porttimer.o
 .ARM.attributes
                0x0000055c       0x31 ..\obj\mbrtu.o
 .ARM.attributes
                0x0000058d       0x31 ..\obj\list.o
 .ARM.attributes
                0x000005be       0x31 ..\obj\system_stm32f4xx.o
 .ARM.attributes
                0x000005ef       0x31 ..\obj\syscalls.o
 .ARM.attributes
                0x00000620       0x31 ..\obj\port.o
 .ARM.attributes
                0x00000651       0x31 ..\obj\queue.o
 .ARM.attributes
                0x00000682       0x31 ..\obj\portserial.o
 .ARM.attributes
                0x000006b3       0x31 ..\obj\croutine.o
 .ARM.attributes
                0x000006e4       0x31 ..\obj\stm32f4xx_spi.o
 .ARM.attributes
                0x00000715       0x31 ..\obj\mbfunccoils.o
 .ARM.attributes
                0x00000746       0x31 ..\obj\event_groups.o
 .ARM.attributes
                0x00000777       0x31 ..\obj\ADS1220.o
 .ARM.attributes
                0x000007a8       0x31 ..\obj\stm32f4xx_i2c.o
 .ARM.attributes
                0x000007d9       0x31 ..\obj\frequency.o
 .ARM.attributes
                0x0000080a       0x31 ..\obj\stm32f4xx_exti.o
 .ARM.attributes
                0x0000083b       0x31 ..\obj\misc.o
 .ARM.attributes
                0x0000086c       0x31 ..\obj\stm32f4xx_rtc.o
 .ARM.attributes
                0x0000089d       0x31 ..\obj\mbascii.o
 .ARM.attributes
                0x000008ce       0x31 ..\obj\heap_2.o
 .ARM.attributes
                0x000008ff       0x31 ..\obj\controller.o
 .ARM.attributes
                0x00000930       0x31 ..\obj\stm32f4xx_tim.o
 .ARM.attributes
                0x00000961       0x31 ..\obj\power_detector.o
 .ARM.attributes
                0x00000992       0x1b c:/coocox/coide/gcc/sourcery g++ lite/bin/../lib/gcc/arm-none-eabi/4.5.1/thumb2\libgcc.a(_arm_addsubdf3.o)
 .ARM.attributes
                0x000009ad       0x1b c:/coocox/coide/gcc/sourcery g++ lite/bin/../lib/gcc/arm-none-eabi/4.5.1/thumb2\libgcc.a(_arm_muldivdf3.o)
 .ARM.attributes
                0x000009c8       0x1b c:/coocox/coide/gcc/sourcery g++ lite/bin/../lib/gcc/arm-none-eabi/4.5.1/thumb2\libgcc.a(_arm_truncdfsf2.o)
 .ARM.attributes
                0x000009e3       0x1b c:/coocox/coide/gcc/sourcery g++ lite/bin/../lib/gcc/arm-none-eabi/4.5.1/thumb2\libgcc.a(_arm_addsubsf3.o)
 .ARM.attributes
                0x000009fe       0x1b c:/coocox/coide/gcc/sourcery g++ lite/bin/../lib/gcc/arm-none-eabi/4.5.1/thumb2\libgcc.a(_arm_muldivsf3.o)
 .ARM.attributes
                0x00000a19       0x29 c:/coocox/coide/gcc/sourcery g++ lite/bin/../lib/gcc/arm-none-eabi/4.5.1/../../../../arm-none-eabi/lib/thumb2\libc.a(lib_a-memcmp.o)
 .ARM.attributes
                0x00000a42       0x29 c:/coocox/coide/gcc/sourcery g++ lite/bin/../lib/gcc/arm-none-eabi/4.5.1/../../../../arm-none-eabi/lib/thumb2\libc.a(lib_a-memcpy.o)
 .ARM.attributes
                0x00000a6b       0x29 c:/coocox/coide/gcc/sourcery g++ lite/bin/../lib/gcc/arm-none-eabi/4.5.1/../../../../arm-none-eabi/lib/thumb2\libc.a(lib_a-memset.o)

.debug_frame    0x00000000     0x463c
 .debug_frame   0x00000000       0xbc ..\obj\stm32f4xx_syscfg.o
 .debug_frame   0x000000bc       0xd8 ..\obj\mbport.o
 .debug_frame   0x00000194       0xd4 ..\obj\mb.o
 .debug_frame   0x00000268       0x70 ..\obj\protocol.o
 .debug_frame   0x000002d8       0x30 ..\obj\mbfuncdisc.o
 .debug_frame   0x00000308      0x280 ..\obj\core_cm3.o
 .debug_frame   0x00000588       0x64 ..\obj\portevent.o
 .debug_frame   0x000005ec       0x50 ..\obj\mbfuncother.o
 .debug_frame   0x0000063c      0x344 ..\obj\stm32f4xx_usart.o
 .debug_frame   0x00000980      0x15c ..\obj\stm32f4xx_pwr.o
 .debug_frame   0x00000adc       0x30 ..\obj\rtc.o
 .debug_frame   0x00000b0c       0x68 ..\obj\mbutils.o
 .debug_frame   0x00000b74       0x48 ..\obj\startup_stm32f4xx.o
 .debug_frame   0x00000bbc       0xb0 ..\obj\stm32f4xx_iwdg.o
 .debug_frame   0x00000c6c       0x90 ..\obj\mbfuncholding.o
 .debug_frame   0x00000cfc       0x9c ..\obj\main.o
 .debug_frame   0x00000d98       0x2c ..\obj\mbcrc.o
 .debug_frame   0x00000dc4      0x4d8 ..\obj\stm32f4xx_rcc.o
 .debug_frame   0x0000129c       0x30 ..\obj\mbfuncfile.o
 .debug_frame   0x000012cc       0x30 ..\obj\mbfuncinput.o
 .debug_frame   0x000012fc      0x244 ..\obj\printf.o
 .debug_frame   0x00001540       0x50 ..\obj\watchdog.o
 .debug_frame   0x00001590      0x53c ..\obj\tasks.o
 .debug_frame   0x00001acc       0xd0 ..\obj\fram_i2c.o
 .debug_frame   0x00001b9c      0x19c ..\obj\stm32f4xx_gpio.o
 .debug_frame   0x00001d38      0x138 ..\obj\porttimer.o
 .debug_frame   0x00001e70      0x110 ..\obj\mbrtu.o
 .debug_frame   0x00001f80       0x9c ..\obj\list.o
 .debug_frame   0x0000201c       0x64 ..\obj\system_stm32f4xx.o
 .debug_frame   0x00002080      0x108 ..\obj\syscalls.o
 .debug_frame   0x00002188      0x178 ..\obj\port.o
 .debug_frame   0x00002300      0x290 ..\obj\queue.o
 .debug_frame   0x00002590      0x1a4 ..\obj\portserial.o
 .debug_frame   0x00002734       0xf0 ..\obj\croutine.o
 .debug_frame   0x00002824      0x2d0 ..\obj\stm32f4xx_spi.o
 .debug_frame   0x00002af4       0x70 ..\obj\mbfunccoils.o
 .debug_frame   0x00002b64      0x14c ..\obj\event_groups.o
 .debug_frame   0x00002cb0      0x12c ..\obj\ADS1220.o
 .debug_frame   0x00002ddc      0x3b4 ..\obj\stm32f4xx_i2c.o
 .debug_frame   0x00003190       0xa8 ..\obj\frequency.o
 .debug_frame   0x00003238       0xec ..\obj\stm32f4xx_exti.o
 .debug_frame   0x00003324       0x9c ..\obj\misc.o
 .debug_frame   0x000033c0      0x670 ..\obj\stm32f4xx_rtc.o
 .debug_frame   0x00003a30       0x9c ..\obj\heap_2.o
 .debug_frame   0x00003acc       0x48 ..\obj\controller.o
 .debug_frame   0x00003b14      0xa3c ..\obj\stm32f4xx_tim.o
 .debug_frame   0x00004550       0x64 ..\obj\power_detector.o
 .debug_frame   0x000045b4       0x2c c:/coocox/coide/gcc/sourcery g++ lite/bin/../lib/gcc/arm-none-eabi/4.5.1/../../../../arm-none-eabi/lib/thumb2\libc.a(lib_a-memcmp.o)
 .debug_frame   0x000045e0       0x30 c:/coocox/coide/gcc/sourcery g++ lite/bin/../lib/gcc/arm-none-eabi/4.5.1/../../../../arm-none-eabi/lib/thumb2\libc.a(lib_a-memcpy.o)
 .debug_frame   0x00004610       0x2c c:/coocox/coide/gcc/sourcery g++ lite/bin/../lib/gcc/arm-none-eabi/4.5.1/../../../../arm-none-eabi/lib/thumb2\libc.a(lib_a-memset.o)
