Archive member included because of file (symbol)

c:/coocox/coide/gcc/sourcery g++ lite/bin/../lib/gcc/arm-none-eabi/4.5.1/thumb2\libgcc.a(_arm_addsubdf3.o)
                              ..\obj\ADS1120.o (__aeabi_dadd)
c:/coocox/coide/gcc/sourcery g++ lite/bin/../lib/gcc/arm-none-eabi/4.5.1/thumb2\libgcc.a(_arm_muldivdf3.o)
                              ..\obj\ADS1120.o (__aeabi_dmul)
c:/coocox/coide/gcc/sourcery g++ lite/bin/../lib/gcc/arm-none-eabi/4.5.1/thumb2\libgcc.a(_arm_truncdfsf2.o)
                              ..\obj\ADS1120.o (__aeabi_d2f)
c:/coocox/coide/gcc/sourcery g++ lite/bin/../lib/gcc/arm-none-eabi/4.5.1/thumb2\libgcc.a(_arm_addsubsf3.o)
                              ..\obj\ADS1120.o (__aeabi_i2f)
c:/coocox/coide/gcc/sourcery g++ lite/bin/../lib/gcc/arm-none-eabi/4.5.1/../../../../arm-none-eabi/lib/thumb2\libc.a(lib_a-memcmp.o)
                              ..\obj\tasks.o (memcmp)
c:/coocox/coide/gcc/sourcery g++ lite/bin/../lib/gcc/arm-none-eabi/4.5.1/../../../../arm-none-eabi/lib/thumb2\libc.a(lib_a-memcpy.o)
                              ..\obj\mbfuncother.o (memcpy)
c:/coocox/coide/gcc/sourcery g++ lite/bin/../lib/gcc/arm-none-eabi/4.5.1/../../../../arm-none-eabi/lib/thumb2\libc.a(lib_a-memset.o)
                              ..\obj\tasks.o (memset)

Allocating common symbols
Common symbol       size              file

ADC_result          0x4               ..\obj\ADS1120.o
stContext_RS485     0x38              ..\obj\protocol.o
adc_reg             0x1               ..\obj\ADS1120.o
ucRTUBuf            0x100             ..\obj\mbrtu.o
xSPI_Buf_Mutex      0x4               ..\obj\ADS1120.o
ADC_result_temp     0x4               ..\obj\ADS1120.o
task_watches        0x50              ..\obj\watchdog.o

Discarded input sections

 .text          0x00000000        0x0 ..\obj\stm32f4xx_syscfg.o
 .data          0x00000000        0x0 ..\obj\stm32f4xx_syscfg.o
 .bss           0x00000000        0x0 ..\obj\stm32f4xx_syscfg.o
 .text.SYSCFG_DeInit
                0x00000000       0x20 ..\obj\stm32f4xx_syscfg.o
 .text.SYSCFG_MemoryRemapConfig
                0x00000000       0x20 ..\obj\stm32f4xx_syscfg.o
 .text.SYSCFG_EXTILineConfig
                0x00000000       0xb4 ..\obj\stm32f4xx_syscfg.o
 .text.SYSCFG_ETH_MediaInterfaceConfig
                0x00000000       0x20 ..\obj\stm32f4xx_syscfg.o
 .text.SYSCFG_CompensationCellCmd
                0x00000000       0x20 ..\obj\stm32f4xx_syscfg.o
 .text.SYSCFG_GetCompensationCellStatus
                0x00000000       0x3c ..\obj\stm32f4xx_syscfg.o
 .text          0x00000000        0x0 ..\obj\mbport.o
 .text          0x00000000        0x0 ..\obj\mb.o
 .bss           0x00000000        0x0 ..\obj\mb.o
 .text.eMBRegisterCB
                0x00000000      0x114 ..\obj\mb.o
 .text.eMBClose
                0x00000000       0x3c ..\obj\mb.o
 .text.eMBDisable
                0x00000000       0x50 ..\obj\mb.o
 .text          0x00000000        0x0 ..\obj\protocol.o
 .data          0x00000000        0x0 ..\obj\protocol.o
 .bss           0x00000000        0x0 ..\obj\protocol.o
 .text          0x00000000        0x0 ..\obj\mbfuncdisc.o
 .data          0x00000000        0x0 ..\obj\mbfuncdisc.o
 .bss           0x00000000        0x0 ..\obj\mbfuncdisc.o
 .text          0x00000000        0x0 ..\obj\core_cm3.o
 .data          0x00000000        0x0 ..\obj\core_cm3.o
 .bss           0x00000000        0x0 ..\obj\core_cm3.o
 .text.__get_PSP
                0x00000000       0x10 ..\obj\core_cm3.o
 .text.__set_PSP
                0x00000000        0x8 ..\obj\core_cm3.o
 .text.__get_MSP
                0x00000000       0x10 ..\obj\core_cm3.o
 .text.__set_MSP
                0x00000000        0x8 ..\obj\core_cm3.o
 .text.__get_BASEPRI
                0x00000000       0x20 ..\obj\core_cm3.o
 .text.__set_BASEPRI
                0x00000000       0x18 ..\obj\core_cm3.o
 .text.__get_PRIMASK
                0x00000000       0x20 ..\obj\core_cm3.o
 .text.__set_PRIMASK
                0x00000000       0x18 ..\obj\core_cm3.o
 .text.__get_FAULTMASK
                0x00000000       0x20 ..\obj\core_cm3.o
 .text.__set_FAULTMASK
                0x00000000       0x18 ..\obj\core_cm3.o
 .text.__get_CONTROL
                0x00000000       0x20 ..\obj\core_cm3.o
 .text.__set_CONTROL
                0x00000000       0x18 ..\obj\core_cm3.o
 .text.__REV    0x00000000       0x24 ..\obj\core_cm3.o
 .text.__REV16  0x00000000       0x24 ..\obj\core_cm3.o
 .text.__REVSH  0x00000000       0x24 ..\obj\core_cm3.o
 .text.__RBIT   0x00000000       0x24 ..\obj\core_cm3.o
 .text.__LDREXB
                0x00000000       0x24 ..\obj\core_cm3.o
 .text.__LDREXH
                0x00000000       0x24 ..\obj\core_cm3.o
 .text.__LDREXW
                0x00000000       0x24 ..\obj\core_cm3.o
 .text.__STREXB
                0x00000000       0x2c ..\obj\core_cm3.o
 .text.__STREXH
                0x00000000       0x2c ..\obj\core_cm3.o
 .text.__STREXW
                0x00000000       0x28 ..\obj\core_cm3.o
[...]
Memory Configuration

Name             Origin             Length             Attributes
rom              0x08000000         0x00100000         xr
ram              0x20000000         0x00020000         xrw
ram1             0x10000000         0x00010000         xrw
*default*        0x00000000         0xffffffff

Linker script and memory map

                0x20020000                _eram = 0x20020000

.text           0x08000000     0x4282
 *(.isr_vector .isr_vector.*)
 .isr_vector    0x08000000      0x188 ..\obj\startup_stm32f4xx.o
                0x08000000                g_pfnVectors
 *(.text .text.* .gnu.linkonce.t.*)
 .text.ENTER_CRITICAL_SECTION
                0x08000188        0xc ..\obj\mbport.o
                0x08000188                ENTER_CRITICAL_SECTION
 .text.EXIT_CRITICAL_SECTION
                0x08000194        0xc ..\obj\mbport.o
                0x08000194                EXIT_CRITICAL_SECTION
 .text.eMBRegInputCB
                0x080001a0      0x114 ..\obj\mbport.o
                0x080001a0                eMBRegInputCB
 .text.eMBRegHoldingCB
                0x080002b4       0x24 ..\obj\mbport.o
                0x080002b4                eMBRegHoldingCB
 .text.eMBRegCoilsCB
                0x080002d8       0x20 ..\obj\mbport.o
                0x080002d8                eMBRegCoilsCB
 .text.eMBRegDiscreteCB
                0x080002f8       0x20 ..\obj\mbport.o
                0x080002f8                eMBRegDiscreteCB
 .text.eMBInit  0x08000318       0xf8 ..\obj\mb.o
                0x08000318                eMBInit
 .text.eMBEnable
                0x08000410       0x3c ..\obj\mb.o
                0x08000410                eMBEnable
 .text.eMBPoll  0x0800044c      0x198 ..\obj\mb.o
                0x0800044c                eMBPoll
 .text.Protocol_Init
                0x080005e4       0xa0 ..\obj\protocol.o
                0x080005e4                Protocol_Init
 .text.Modbus_RS485_Task
                0x08000684       0x50 ..\obj\protocol.o
 .text.Modbus_RS232_Task
                0x080006d4       0x14 ..\obj\protocol.o
 .text.eMBFuncReadDiscreteInputs
                0x080006e8      0x130 ..\obj\mbfuncdisc.o
                0x080006e8                eMBFuncReadDiscreteInputs
 .text.xMBPortEventInit
                0x08000818       0x20 ..\obj\portevent.o
                0x08000818                xMBPortEventInit
 .text.xMBPortEventPost
                0x08000838       0x34 ..\obj\portevent.o
                0x08000838                xMBPortEventPost
 .text.xMBPortEventGet
                0x0800086c       0x4c ..\obj\portevent.o
                0x0800086c                xMBPortEventGet
 .text.eMBFuncReportSlaveID
                0x080008b8       0x4c ..\obj\mbfuncother.o
                0x080008b8                eMBFuncReportSlaveID
 .text.USART_Init
                0x08000904      0x1bc ..\obj\stm32f4xx_usart.o
                0x08000904                USART_Init
 .text.USART_Cmd
                0x08000ac0       0x40 ..\obj\stm32f4xx_usart.o
                0x08000ac0                USART_Cmd
 .text.USART_SendData
                0x08000b00       0x28 ..\obj\stm32f4xx_usart.o
                0x08000b00                USART_SendData
 .text.USART_ReceiveData
                0x08000b28       0x24 ..\obj\stm32f4xx_usart.o
                0x08000b28                USART_ReceiveData
 .text.USART_ITConfig
                0x08000b4c       0xa8 ..\obj\stm32f4xx_usart.o
                0x08000b4c                USART_ITConfig
 .text.USART_GetFlagStatus
                0x08000bf4       0x40 ..\obj\stm32f4xx_usart.o
                0x08000bf4                USART_GetFlagStatus
 .text.USART_ClearFlag
                0x08000c34       0x24 ..\obj\stm32f4xx_usart.o
                0x08000c34                USART_ClearFlag
 .text.USART_GetITStatus
                0x08000c58       0xcc ..\obj\stm32f4xx_usart.o
                0x08000c58                USART_GetITStatus
 .text.prveMBError2Exception
                0x08000d24       0x48 ..\obj\mbutils.o
                0x08000d24                prveMBError2Exception
 .text.Default_Reset_Handler
                0x08000d6c       0x68 ..\obj\startup_stm32f4xx.o
                0x08000d6c                Default_Reset_Handler
                0x08000d6c                Reset_Handler
 .text.Default_Handler
                0x08000dd4        0x8 ..\obj\startup_stm32f4xx.o
                0x08000dd4                RTC_Alarm_IRQHandler
                0x08000dd4                HASH_RNG_IRQHandler
                0x08000dd4                EXTI2_IRQHandler
                0x08000dd4                TIM8_CC_IRQHandler
                0x08000dd4                DebugMon_Handler
                0x08000dd4                TIM1_CC_IRQHandler
                0x08000dd4                DMA2_Stream5_IRQHandler
                0x08000dd4                HardFault_Handler
                0x08000dd4                DMA1_Stream5_IRQHandler
                0x08000dd4                SDIO_IRQHandler
                0x08000dd4                TAMP_STAMP_IRQHandler
                0x08000dd4                NMI_Handler
                0x08000dd4                CAN2_RX1_IRQHandler
                0x08000dd4                EXTI3_IRQHandler
                0x08000dd4                TIM8_TRG_COM_TIM14_IRQHandler
                0x08000dd4                TIM1_UP_TIM10_IRQHandler
                0x08000dd4                TIM8_UP_TIM13_IRQHandler
                0x08000dd4                I2C3_ER_IRQHandler
                0x08000dd4                EXTI0_IRQHandler
                0x08000dd4                I2C2_EV_IRQHandler
                0x08000dd4                DMA1_Stream2_IRQHandler
                0x08000dd4                CAN1_RX0_IRQHandler
                0x08000dd4                FPU_IRQHandler
                0x08000dd4                OTG_HS_WKUP_IRQHandler
                0x08000dd4                UsageFault_Handler
                0x08000dd4                CAN2_SCE_IRQHandler
                0x08000dd4                DMA2_Stream2_IRQHandler
                0x08000dd4                SPI1_IRQHandler
                0x08000dd4                TIM6_DAC_IRQHandler
                0x08000dd4                TIM1_BRK_TIM9_IRQHandler
                0x08000dd4                DCMI_IRQHandler
                0x08000dd4                CAN2_RX0_IRQHandler
                0x08000dd4                DMA2_Stream3_IRQHandler
                0x08000dd4                USART6_IRQHandler
                0x08000dd4                CRYP_IRQHandler
                0x08000dd4                CAN1_RX1_IRQHandler
                0x08000dd4                UART5_IRQHandler
                0x08000dd4                DMA2_Stream0_IRQHandler
                0x08000dd4                I2C1_EV_IRQHandler
                0x08000dd4                DMA1_Stream6_IRQHandler
                0x08000dd4                DMA1_Stream1_IRQHandler
                0x08000dd4                UART4_IRQHandler
                0x08000dd4                TIM3_IRQHandler
                0x08000dd4                RCC_IRQHandler
                0x08000dd4                TIM8_BRK_TIM12_IRQHandler
                0x08000dd4                EXTI15_10_IRQHandler
                0x08000dd4                ADC_IRQHandler
                0x08000dd4                DMA1_Stream7_IRQHandler
                0x08000dd4                TIM7_IRQHandler
                0x08000dd4                CAN2_TX_IRQHandler
                0x08000dd4                TIM5_IRQHandler
                0x08000dd4                DMA2_Stream7_IRQHandler
                0x08000dd4                I2C3_EV_IRQHandler
                0x08000dd4                EXTI9_5_IRQHandler
                0x08000dd4                RTC_WKUP_IRQHandler
                0x08000dd4                ETH_WKUP_IRQHandler
                0x08000dd4                SPI2_IRQHandler
                0x08000dd4                OTG_HS_EP1_IN_IRQHandler
                0x08000dd4                MemManage_Handler
                0x08000dd4                DMA1_Stream0_IRQHandler
                0x08000dd4                CAN1_TX_IRQHandler
                0x08000dd4                EXTI4_IRQHandler
                0x08000dd4                FSMC_IRQHandler
                0x08000dd4                ETH_IRQHandler
                0x08000dd4                OTG_HS_EP1_OUT_IRQHandler
                0x08000dd4                WWDG_IRQHandler
                0x08000dd4                TIM2_IRQHandler
                0x08000dd4                OTG_FS_WKUP_IRQHandler
                0x08000dd4                TIM1_TRG_COM_TIM11_IRQHandler
                0x08000dd4                OTG_HS_IRQHandler
                0x08000dd4                EXTI1_IRQHandler
                0x08000dd4                USART2_IRQHandler
                0x08000dd4                I2C2_ER_IRQHandler
                0x08000dd4                DMA2_Stream1_IRQHandler
                0x08000dd4                CAN1_SCE_IRQHandler
                0x08000dd4                FLASH_IRQHandler
                0x08000dd4                DMA2_Stream4_IRQHandler
                0x08000dd4                BusFault_Handler
                0x08000dd4                USART1_IRQHandler
                0x08000dd4                OTG_FS_IRQHandler
                0x08000dd4                SPI3_IRQHandler
                0x08000dd4                DMA1_Stream4_IRQHandler
                0x08000dd4                I2C1_ER_IRQHandler
                0x08000dd4                DMA2_Stream6_IRQHandler
                0x08000dd4                DMA1_Stream3_IRQHandler
 .text.eMBFuncWriteHoldingRegister
                0x08000ddc       0x84 ..\obj\mbfuncholding.o
                0x08000ddc                eMBFuncWriteHoldingRegister
 .text.eMBFuncWriteMultipleHoldingRegister
                0x08000e60       0xdc ..\obj\mbfuncholding.o
                0x08000e60                eMBFuncWriteMultipleHoldingRegister
 .text.eMBFuncReadHoldingRegister
                0x08000f3c      0x10c ..\obj\mbfuncholding.o
                0x08000f3c                eMBFuncReadHoldingRegister
 .text.eMBFuncReadWriteMultipleHoldingRegister
                0x08001048      0x1a0 ..\obj\mbfuncholding.o
                0x08001048                eMBFuncReadWriteMultipleHoldingRegister
 .text.main     0x080011e8       0x14 ..\obj\main.o
                0x080011e8                main
 .text.vApplicationMallocFailedHook
                0x080011fc        0x8 ..\obj\main.o
                0x080011fc                vApplicationMallocFailedHook
 .text.vApplicationStackOverflowHook
                0x08001204        0xc ..\obj\main.o
                0x08001204                vApplicationStackOverflowHook
 .text.vApplicationIdleHook
                0x08001210       0x18 ..\obj\main.o
                0x08001210                vApplicationIdleHook
 .text.usMBCRC16
                0x08001228       0x90 ..\obj\mbcrc.o
                0x08001228                usMBCRC16
 .text.RCC_GetClocksFreq
                0x080012b8      0x1d4 ..\obj\stm32f4xx_rcc.o
                0x080012b8                RCC_GetClocksFreq
 .text.RCC_AHB1PeriphClockCmd
                0x0800148c       0x5c ..\obj\stm32f4xx_rcc.o
                0x0800148c                RCC_AHB1PeriphClockCmd
 .text.RCC_APB1PeriphClockCmd
                0x080014e8       0x5c ..\obj\stm32f4xx_rcc.o
                0x080014e8                RCC_APB1PeriphClockCmd
 .text.eMBFuncReadInputRegister
                0x08001544      0x110 ..\obj\mbfuncinput.o
                0x08001544                eMBFuncReadInputRegister
 .text.xTaskGenericCreate
                0x08001654      0x1b8 ..\obj\tasks.o
                0x08001654                xTaskGenericCreate
 .text.vTaskDelay
                0x0800180c       0xa4 ..\obj\tasks.o
                0x0800180c                vTaskDelay
 .text.vTaskStartScheduler
                0x080018b0       0x7c ..\obj\tasks.o
                0x080018b0                vTaskStartScheduler
 .text.vTaskSuspendAll
                0x0800192c       0x24 ..\obj\tasks.o
                0x0800192c                vTaskSuspendAll
 .text.xTaskResumeAll
                0x08001950      0x178 ..\obj\tasks.o
                0x08001950                xTaskResumeAll
 .text.xTaskIncrementTick
                0x08001ac8      0x204 ..\obj\tasks.o
                0x08001ac8                xTaskIncrementTick
 .text.vTaskSwitchContext
                0x08001ccc      0x14c ..\obj\tasks.o
                0x08001ccc                vTaskSwitchContext
 .text.prvIdleTask
                0x08001e18       0x24 ..\obj\tasks.o
 .text.prvInitialiseTCBVariables
                0x08001e3c       0xbc ..\obj\tasks.o
 .text.prvInitialiseTaskLists
                0x08001ef8       0xa4 ..\obj\tasks.o
 .text.prvCheckTasksWaitingTermination
                0x08001f9c       0x98 ..\obj\tasks.o
 .text.prvAddCurrentTaskToDelayedList
                0x08002034       0x8c ..\obj\tasks.o
 .text.prvAllocateTCBAndStack
                0x080020c0       0x7c ..\obj\tasks.o
 .text.prvDeleteTCB
                0x0800213c       0x20 ..\obj\tasks.o
 .text.prvResetNextTaskUnblockTime
                0x0800215c       0x5c ..\obj\tasks.o
 .text.GPIO_Init
                0x080021b8      0x158 ..\obj\stm32f4xx_gpio.o
                0x080021b8                GPIO_Init
 .text.GPIO_PinAFConfig
                0x08002310       0xb0 ..\obj\stm32f4xx_gpio.o
                0x08002310                GPIO_PinAFConfig
 .text.xMBPortTimersInit
                0x080023c0       0xe0 ..\obj\porttimer.o
                0x080023c0                xMBPortTimersInit
 .text.vMBPortTimersEnable
                0x080024a0       0x4c ..\obj\porttimer.o
                0x080024a0                vMBPortTimersEnable
 .text.vMBPortTimersDisable
                0x080024ec       0x4c ..\obj\porttimer.o
                0x080024ec                vMBPortTimersDisable
 .text.TIM4_IRQHandler
                0x08002538       0x24 ..\obj\porttimer.o
                0x08002538                TIM4_IRQHandler
 .text.eMBRTUInit
                0x0800255c       0x84 ..\obj\mbrtu.o
                0x0800255c                eMBRTUInit
 .text.eMBRTUStart
                0x080025e0       0x2c ..\obj\mbrtu.o
                0x080025e0                eMBRTUStart
 .text.eMBRTUStop
                0x0800260c       0x20 ..\obj\mbrtu.o
                0x0800260c                eMBRTUStop
 .text.eMBRTUReceive
                0x0800262c       0x9c ..\obj\mbrtu.o
                0x0800262c                eMBRTUReceive
 .text.eMBRTUSend
                0x080026c8      0x124 ..\obj\mbrtu.o
                0x080026c8                eMBRTUSend
 .text.xMBRTUReceiveFSM
                0x080027ec       0xf0 ..\obj\mbrtu.o
                0x080027ec                xMBRTUReceiveFSM
 .text.xMBRTUTransmitFSM
                0x080028dc       0xc4 ..\obj\mbrtu.o
                0x080028dc                xMBRTUTransmitFSM
 .text.xMBRTUTimerT35Expired
                0x080029a0       0x60 ..\obj\mbrtu.o
                0x080029a0                xMBRTUTimerT35Expired
 .text.vListInitialise
                0x08002a00       0x48 ..\obj\list.o
                0x08002a00                vListInitialise
 .text.vListInitialiseItem
                0x08002a48       0x1c ..\obj\list.o
                0x08002a48                vListInitialiseItem
 .text.vListInsertEnd
                0x08002a64       0x48 ..\obj\list.o
                0x08002a64                vListInsertEnd
 .text.vListInsert
                0x08002aac       0x74 ..\obj\list.o
                0x08002aac                vListInsert
 .text.uxListRemove
                0x08002b20       0x58 ..\obj\list.o
                0x08002b20                uxListRemove
 .text.SystemInit
                0x08002b78       0x94 ..\obj\system_stm32f4xx.o
                0x08002b78                SystemInit
 .text.SetSysClock
                0x08002c0c      0x154 ..\obj\system_stm32f4xx.o
 .text.pxPortInitialiseStack
                0x08002d60       0x64 ..\obj\port.o
                0x08002d60                pxPortInitialiseStack
 .text.prvTaskExitError
                0x08002dc4       0x20 ..\obj\port.o
 .text.SVC_Handler
                0x08002de4       0x24 ..\obj\port.o
                0x08002de4                SVC_Handler
 .text.prvPortStartFirstTask
                0x08002e08       0x20 ..\obj\port.o
 .text.xPortStartScheduler
                0x08002e28      0x10c ..\obj\port.o
                0x08002e28                xPortStartScheduler
 .text.vPortYield
                0x08002f34       0x20 ..\obj\port.o
                0x08002f34                vPortYield
 .text.vPortEnterCritical
                0x08002f54       0x50 ..\obj\port.o
                0x08002f54                vPortEnterCritical
 .text.vPortExitCritical
                0x08002fa4       0x48 ..\obj\port.o
                0x08002fa4                vPortExitCritical
 .text.ulPortSetInterruptMask
                0x08002fec       0x14 ..\obj\port.o
                0x08002fec                ulPortSetInterruptMask
 .text.vPortClearInterruptMask
                0x08003000        0x8 ..\obj\port.o
                0x08003000                vPortClearInterruptMask
 .text.PendSV_Handler
                0x08003008       0x44 ..\obj\port.o
                0x08003008                PendSV_Handler
 .text.SysTick_Handler
                0x0800304c       0x2c ..\obj\port.o
                0x0800304c                SysTick_Handler
 .text.vPortSetupTimerInterrupt
                0x08003078       0x28 ..\obj\port.o
                0x08003078                vPortSetupTimerInterrupt
 .text.NVIC_EnableIRQ
                0x080030a0       0x38 ..\obj\portserial.o
 .text.vMBPortSerialEnable
                0x080030d8      0x164 ..\obj\portserial.o
                0x080030d8                vMBPortSerialEnable
 .text.xMBPortSerialInit
                0x0800323c      0x160 ..\obj\portserial.o
                0x0800323c                xMBPortSerialInit
 .text.xMBPortSerialPutByte
                0x0800339c       0x44 ..\obj\portserial.o
                0x0800339c                xMBPortSerialPutByte
 .text.xMBPortSerialGetByte
                0x080033e0       0x3c ..\obj\portserial.o
                0x080033e0                xMBPortSerialGetByte
 .text.USART3_IRQHandler
                0x0800341c       0x78 ..\obj\portserial.o
                0x0800341c                USART3_IRQHandler
 .text.eMBFuncReadCoils
                0x08003494      0x134 ..\obj\mbfunccoils.o
                0x08003494                eMBFuncReadCoils
 .text.eMBFuncWriteCoil
                0x080035c8       0xcc ..\obj\mbfunccoils.o
                0x080035c8                eMBFuncWriteCoil
 .text.eMBFuncWriteMultipleCoils
                0x08003694       0xfc ..\obj\mbfunccoils.o
                0x08003694                eMBFuncWriteMultipleCoils
 .text.EXTI_GetITStatus
                0x08003790       0x60 ..\obj\stm32f4xx_exti.o
                0x08003790                EXTI_GetITStatus
 .text.EXTI_ClearITPendingBit
                0x080037f0       0x20 ..\obj\stm32f4xx_exti.o
                0x080037f0                EXTI_ClearITPendingBit
 .text.NVIC_PriorityGroupConfig
                0x08003810       0x28 ..\obj\misc.o
                0x08003810                NVIC_PriorityGroupConfig
 .text.NVIC_Init
                0x08003838       0xe8 ..\obj\misc.o
                0x08003838                NVIC_Init
 .text.pvPortMalloc
                0x08003920      0x164 ..\obj\heap_2.o
                0x08003920                pvPortMalloc
 .text.vPortFree
                0x08003a84       0x88 ..\obj\heap_2.o
                0x08003a84                vPortFree
 .text.xPortGetFreeHeapSize
                0x08003b0c       0x18 ..\obj\heap_2.o
                0x08003b0c                xPortGetFreeHeapSize
 .text.prvHeapInit
                0x08003b24       0x6c ..\obj\heap_2.o
 .text.TIM_TimeBaseInit
                0x08003b90       0xf8 ..\obj\stm32f4xx_tim.o
                0x08003b90                TIM_TimeBaseInit
 .text.TIM_SetCounter
                0x08003c88       0x1c ..\obj\stm32f4xx_tim.o
                0x08003c88                TIM_SetCounter
 .text.TIM_ARRPreloadConfig
                0x08003ca4       0x40 ..\obj\stm32f4xx_tim.o
                0x08003ca4                TIM_ARRPreloadConfig
 .text.TIM_Cmd  0x08003ce4       0x40 ..\obj\stm32f4xx_tim.o
                0x08003ce4                TIM_Cmd
 .text.TIM_ITConfig
                0x08003d24       0x4c ..\obj\stm32f4xx_tim.o
                0x08003d24                TIM_ITConfig
 .text.TIM_ClearITPendingBit
                0x08003d70       0x24 ..\obj\stm32f4xx_tim.o
                0x08003d70                TIM_ClearITPendingBit
 .text.NVIC_SystemReset
                0x08003d94       0x34 ..\obj\power_detector.o
 .text.PVD_IRQHandler
                0x08003dc8       0x20 ..\obj\power_detector.o
                0x08003dc8                PVD_IRQHandler
 .text          0x08003de8       0x58 c:/coocox/coide/gcc/sourcery g++ lite/bin/../lib/gcc/arm-none-eabi/4.5.1/../../../../arm-none-eabi/lib/thumb2\libc.a(lib_a-memcmp.o)
                0x08003de8                memcmp
 .text          0x08003e40      0x150 c:/coocox/coide/gcc/sourcery g++ lite/bin/../lib/gcc/arm-none-eabi/4.5.1/../../../../arm-none-eabi/lib/thumb2\libc.a(lib_a-memcpy.o)
                0x08003e40                memcpy
 .text          0x08003f90       0xb4 c:/coocox/coide/gcc/sourcery g++ lite/bin/../lib/gcc/arm-none-eabi/4.5.1/../../../../arm-none-eabi/lib/thumb2\libc.a(lib_a-memset.o)
                0x08003f90                memset
 *(.glue_7t)
 .glue_7t       0x00000000        0x0 linker stubs
 *(.glue_7)
 .glue_7        0x00000000        0x0 linker stubs
 *(.rodata .rodata* .gnu.linkonce.r.*)
 .rodata        0x08004044       0x20 ..\obj\protocol.o
 .rodata        0x08004064      0x200 ..\obj\mbcrc.o
 .rodata        0x08004264       0x1c ..\obj\tasks.o
 .rodata        0x08004280        0x2 ..\obj\heap_2.o

.vfp11_veneer   0x08004284        0x0 load address 0x08004282
 .vfp11_veneer  0x00000000        0x0 linker stubs

.v4_bx          0x08004284        0x0 load address 0x08004282
 .v4_bx         0x00000000        0x0 linker stubs

.ARM.extab
 *(.ARM.extab* .gnu.linkonce.armextab.*)

.ARM.exidx
 *(.ARM.exidx* .gnu.linkonce.armexidx.*)
                0x08004284                . = ALIGN (0x4)
                0x08004284                _etext = .
                0x08004284                _sidata = .

.data           0x20000000       0xbc load address 0x08004284
                0x20000000                _sdata = .
 *(.data .data.*)
 .data          0x20000000        0xc ..\obj\mbport.o
                0x20000000                usRegHoldingBuf
                0x20000004                REG_INPUT_START
                0x20000005                REG_HOLDING_START
                0x20000006                REG_INPUT_NREGS
                0x20000007                REG_HOLDING_NREGS
                0x20000008                usRegInputStart
                0x20000009                usRegHoldingStart
 .data          0x2000000c       0x80 ..\obj\mb.o
 .data          0x2000008c       0x10 ..\obj\stm32f4xx_rcc.o
 .data          0x2000009c        0x4 ..\obj\tasks.o
 .data          0x200000a0       0x14 ..\obj\system_stm32f4xx.o
                0x200000a0                SystemCoreClock
                0x200000a4                AHBPrescTable
 .data          0x200000b4        0x4 ..\obj\port.o
 .data          0x200000b8        0x4 ..\obj\heap_2.o
                0x200000bc                . = ALIGN (0x4)
                0x200000bc                _edata = .

.bss            0x200000bc     0x27d8 load address 0x08004340
                0x200000bc                _sbss = .
 *(.bss .bss.*)
 .bss           0x200000bc      0x100 ..\obj\mbport.o
 .bss           0x200001bc        0x2 ..\obj\portevent.o
 *fill*         0x200001be        0x2 00
 .bss           0x200001c0       0x24 ..\obj\mbfuncother.o
 .bss           0x200001e4       0xfc ..\obj\tasks.o
                0x200001e4                pxCurrentTCB
 .bss           0x200002e0        0xc ..\obj\mbrtu.o
 .bss           0x200002ec        0x8 ..\obj\port.o
 .bss           0x200002f4        0x4 ..\obj\portserial.o
 .bss           0x200002f8     0x2414 ..\obj\heap_2.o
 *(COMMON)
 COMMON         0x2000270c       0x38 ..\obj\protocol.o
                0x2000270c                stContext_RS485
 COMMON         0x20002744       0x50 ..\obj\watchdog.o
                0x20002744                task_watches
 COMMON         0x20002794      0x100 ..\obj\mbrtu.o
                0x20002794                ucRTUBuf
                0x20002894                . = ALIGN (0x4)
                0x20002894                _ebss = .

.co_stack       0x20002894      0x804 load address 0x08006b18
                0x20002898                . = ALIGN (0x8)
 *fill*         0x20002894        0x4 00
 *(.co_stack .co_stack.*)
 .co_stack      0x20002898      0x800 ..\obj\startup_stm32f4xx.o
                0x20002898                pulStack
                0x20003098                . = ALIGN (0x4)
                0x20003098                _end = .
LOAD ..\obj\stm32f4xx_syscfg.o
LOAD ..\obj\mbport.o
LOAD ..\obj\mb.o
LOAD ..\obj\protocol.o
LOAD ..\obj\mbfuncdisc.o
LOAD ..\obj\core_cm3.o
LOAD ..\obj\portevent.o
LOAD ..\obj\mbfuncother.o
LOAD ..\obj\stm32f4xx_usart.o
LOAD ..\obj\stm32f4xx_pwr.o
LOAD ..\obj\rtc.o
LOAD ..\obj\mbutils.o
LOAD ..\obj\startup_stm32f4xx.o
LOAD ..\obj\backup_sram.o
LOAD ..\obj\stm32f4xx_iwdg.o
LOAD ..\obj\ADS1120.o
LOAD ..\obj\mbfuncholding.o
LOAD ..\obj\main.o
LOAD ..\obj\mbcrc.o
LOAD ..\obj\stm32f4xx_rcc.o
LOAD ..\obj\timers.o
LOAD ..\obj\mbfuncinput.o
LOAD ..\obj\printf.o
LOAD ..\obj\watchdog.o
LOAD ..\obj\mbfuncdiag.o
LOAD ..\obj\tasks.o
LOAD ..\obj\stm32f4xx_gpio.o
LOAD ..\obj\porttimer.o
LOAD ..\obj\mbrtu.o
LOAD ..\obj\list.o
LOAD ..\obj\system_stm32f4xx.o
LOAD ..\obj\syscalls.o
LOAD ..\obj\port.o
LOAD ..\obj\queue.o
LOAD ..\obj\portserial.o
LOAD ..\obj\croutine.o
LOAD ..\obj\mbfunccoils.o
LOAD ..\obj\event_groups.o
LOAD ..\obj\frequency.o
LOAD ..\obj\stm32f4xx_exti.o
LOAD ..\obj\misc.o
LOAD ..\obj\mbascii.o
LOAD ..\obj\heap_2.o
LOAD ..\obj\stm32f4xx_tim.o
LOAD ..\obj\power_detector.o
START GROUP
LOAD c:/coocox/coide/gcc/sourcery g++ lite/bin/../lib/gcc/arm-none-eabi/4.5.1/thumb2\libgcc.a
LOAD c:/coocox/coide/gcc/sourcery g++ lite/bin/../lib/gcc/arm-none-eabi/4.5.1/../../../../arm-none-eabi/lib/thumb2\libc.a
END GROUP
OUTPUT(IMS_CONTROLLER.elf elf32-littlearm)

.debug_abbrev   0x00000000     0x3024
 .debug_abbrev  0x00000000      0x12a ..\obj\stm32f4xx_syscfg.o
 .debug_abbrev  0x0000012a      0x132 ..\obj\mbport.o
 .debug_abbrev  0x0000025c      0x183 ..\obj\mb.o
 .debug_abbrev  0x000003df      0x152 ..\obj\protocol.o
 .debug_abbrev  0x00000531       0xa5 ..\obj\mbfuncdisc.o
 .debug_abbrev  0x000005d6       0xd5 ..\obj\core_cm3.o
 .debug_abbrev  0x000006ab       0xbc ..\obj\portevent.o
 .debug_abbrev  0x00000767       0xbe ..\obj\mbfuncother.o
 .debug_abbrev  0x00000825      0x14e ..\obj\stm32f4xx_usart.o
 .debug_abbrev  0x00000973      0x175 ..\obj\stm32f4xx_pwr.o
 .debug_abbrev  0x00000ae8      0x125 ..\obj\rtc.o
 .debug_abbrev  0x00000c0d       0xd2 ..\obj\mbutils.o
 .debug_abbrev  0x00000cdf       0xac ..\obj\startup_stm32f4xx.o
 .debug_abbrev  0x00000d8b       0xa7 ..\obj\backup_sram.o
 .debug_abbrev  0x00000e32       0xfa ..\obj\stm32f4xx_iwdg.o
 .debug_abbrev  0x00000f2c      0x17a ..\obj\ADS1120.o
 .debug_abbrev  0x000010a6       0xa5 ..\obj\mbfuncholding.o
 .debug_abbrev  0x0000114b       0xc0 ..\obj\main.o
 .debug_abbrev  0x0000120b       0x90 ..\obj\mbcrc.o
 .debug_abbrev  0x0000129b      0x1b7 ..\obj\stm32f4xx_rcc.o
 .debug_abbrev  0x00001452       0x28 ..\obj\timers.o
 .debug_abbrev  0x0000147a       0xa5 ..\obj\mbfuncinput.o
 .debug_abbrev  0x0000151f      0x238 ..\obj\printf.o
 .debug_abbrev  0x00001757      0x120 ..\obj\watchdog.o
 .debug_abbrev  0x00001877        0x1 ..\obj\mbfuncdiag.o
 .debug_abbrev  0x00001878      0x206 ..\obj\tasks.o
 .debug_abbrev  0x00001a7e      0x182 ..\obj\stm32f4xx_gpio.o
 .debug_abbrev  0x00001c00      0x137 ..\obj\porttimer.o
 .debug_abbrev  0x00001d37      0x148 ..\obj\mbrtu.o
 .debug_abbrev  0x00001e7f       0xb8 ..\obj\list.o
 .debug_abbrev  0x00001f37      0x140 ..\obj\system_stm32f4xx.o
 .debug_abbrev  0x00002077       0xde ..\obj\syscalls.o
 .debug_abbrev  0x00002155      0x186 ..\obj\port.o
 .debug_abbrev  0x000022db      0x132 ..\obj\queue.o
 .debug_abbrev  0x0000240d      0x19f ..\obj\portserial.o
 .debug_abbrev  0x000025ac      0x17f ..\obj\croutine.o
 .debug_abbrev  0x0000272b       0xb7 ..\obj\mbfunccoils.o
 .debug_abbrev  0x000027e2      0x10f ..\obj\event_groups.o
 .debug_abbrev  0x000028f1        0x1 ..\obj\frequency.o
 .debug_abbrev  0x000028f2      0x198 ..\obj\stm32f4xx_exti.o
 .debug_abbrev  0x00002a8a      0x126 ..\obj\misc.o
 .debug_abbrev  0x00002bb0       0x4d ..\obj\mbascii.o
 .debug_abbrev  0x00002bfd      0x15f ..\obj\heap_2.o
 .debug_abbrev  0x00002d5c      0x163 ..\obj\stm32f4xx_tim.o
 .debug_abbrev  0x00002ebf      0x165 ..\obj\power_detector.o

.debug_info     0x00000000     0xeb48
 .debug_info    0x00000000      0x27a ..\obj\stm32f4xx_syscfg.o
 .debug_info    0x0000027a      0x3bb ..\obj\mbport.o
 .debug_info    0x00000635      0x660 ..\obj\mb.o
 .debug_info    0x00000c95      0x4dd ..\obj\protocol.o
 .debug_info    0x00001172      0x1f9 ..\obj\mbfuncdisc.o
 .debug_info    0x0000136b      0x548 ..\obj\core_cm3.o
 .debug_info    0x000018b3      0x181 ..\obj\portevent.o
 .debug_info    0x00001a34      0x25c ..\obj\mbfuncother.o
 .debug_info    0x00001c90      0xa4f ..\obj\stm32f4xx_usart.o
 .debug_info    0x000026df      0x53e ..\obj\stm32f4xx_pwr.o
 .debug_info    0x00002c1d      0x2a8 ..\obj\rtc.o
 .debug_info    0x00002ec5      0x2d1 ..\obj\mbutils.o
 .debug_info    0x00003196      0x135 ..\obj\startup_stm32f4xx.o
 .debug_info    0x000032cb      0x11f ..\obj\backup_sram.o
 .debug_info    0x000033ea      0x20b ..\obj\stm32f4xx_iwdg.o
 .debug_info    0x000035f5      0x6cb ..\obj\ADS1120.o
 .debug_info    0x00003cc0      0x38e ..\obj\mbfuncholding.o
 .debug_info    0x0000404e      0x181 ..\obj\main.o
 .debug_info    0x000041cf      0x13e ..\obj\mbcrc.o
 .debug_info    0x0000430d      0xd24 ..\obj\stm32f4xx_rcc.o
 .debug_info    0x00005031       0x6f ..\obj\timers.o
 .debug_info    0x000050a0      0x1eb ..\obj\mbfuncinput.o
 .debug_info    0x0000528b      0xed2 ..\obj\printf.o
 .debug_info    0x0000615d      0x1ab ..\obj\watchdog.o
 .debug_info    0x00006308        0x0 ..\obj\mbfuncdiag.o
 .debug_info    0x00006308     0x12a7 ..\obj\tasks.o
 .debug_info    0x000075af      0x639 ..\obj\stm32f4xx_gpio.o
 .debug_info    0x00007be8      0x6e1 ..\obj\porttimer.o
 .debug_info    0x000082c9      0x54c ..\obj\mbrtu.o
 .debug_info    0x00008815      0x2b5 ..\obj\list.o
 .debug_info    0x00008aca      0x5ea ..\obj\system_stm32f4xx.o
 .debug_info    0x000090b4      0x440 ..\obj\syscalls.o
 .debug_info    0x000094f4      0x330 ..\obj\port.o
 .debug_info    0x00009824      0x9ea ..\obj\queue.o
 .debug_info    0x0000a20e      0x9f3 ..\obj\portserial.o
 .debug_info    0x0000ac01      0x4ec ..\obj\croutine.o
 .debug_info    0x0000b0ed      0x31e ..\obj\mbfunccoils.o
 .debug_info    0x0000b40b      0x639 ..\obj\event_groups.o
 .debug_info    0x0000ba44        0x0 ..\obj\frequency.o
 .debug_info    0x0000ba44      0x372 ..\obj\stm32f4xx_exti.o
 .debug_info    0x0000bdb6      0x594 ..\obj\misc.o
 .debug_info    0x0000c34a       0x9b ..\obj\mbascii.o
 .debug_info    0x0000c3e5      0x2e3 ..\obj\heap_2.o
 .debug_info    0x0000c6c8     0x1e28 ..\obj\stm32f4xx_tim.o
 .debug_info    0x0000e4f0      0x658 ..\obj\power_detector.o

.debug_line     0x00000000     0x808a
 .debug_line    0x00000000      0x202 ..\obj\stm32f4xx_syscfg.o
 .debug_line    0x00000202      0x292 ..\obj\mbport.o
 .debug_line    0x00000494      0x2cd ..\obj\mb.o
 .debug_line    0x00000761      0x2ca ..\obj\protocol.o
 .debug_line    0x00000a2b      0x1ed ..\obj\mbfuncdisc.o
 .debug_line    0x00000c18      0x28e ..\obj\core_cm3.o
 .debug_line    0x00000ea6      0x1d1 ..\obj\portevent.o
 .debug_line    0x00001077      0x259 ..\obj\mbfuncother.o
 .debug_line    0x000012d0      0x49c ..\obj\stm32f4xx_usart.o
 .debug_line    0x0000176c      0x29f ..\obj\stm32f4xx_pwr.o
 .debug_line    0x00001a0b      0x2b6 ..\obj\rtc.o
 .debug_line    0x00001cc1      0x261 ..\obj\mbutils.o
 .debug_line    0x00001f22       0xaf ..\obj\startup_stm32f4xx.o
 .debug_line    0x00001fd1      0x1a8 ..\obj\backup_sram.o
 .debug_line    0x00002179      0x1f9 ..\obj\stm32f4xx_iwdg.o
 .debug_line    0x00002372      0x3e7 ..\obj\ADS1120.o
 .debug_line    0x00002759      0x283 ..\obj\mbfuncholding.o
 .debug_line    0x000029dc      0x2ad ..\obj\main.o
 .debug_line    0x00002c89      0x164 ..\obj\mbcrc.o
 .debug_line    0x00002ded      0x598 ..\obj\stm32f4xx_rcc.o
 .debug_line    0x00003385       0x1d ..\obj\timers.o
 .debug_line    0x000033a2      0x1e3 ..\obj\mbfuncinput.o
 .debug_line    0x00003585      0x3cf ..\obj\printf.o
 .debug_line    0x00003954      0x257 ..\obj\watchdog.o
 .debug_line    0x00003bab        0x0 ..\obj\mbfuncdiag.o
 .debug_line    0x00003bab      0xab6 ..\obj\tasks.o
 .debug_line    0x00004661      0x337 ..\obj\stm32f4xx_gpio.o
 .debug_line    0x00004998      0x2c2 ..\obj\porttimer.o
 .debug_line    0x00004c5a      0x28d ..\obj\mbrtu.o
 .debug_line    0x00004ee7      0x241 ..\obj\list.o
 .debug_line    0x00005128      0x21b ..\obj\system_stm32f4xx.o
 .debug_line    0x00005343      0x19d ..\obj\syscalls.o
 .debug_line    0x000054e0      0x30a ..\obj\port.o
 .debug_line    0x000057ea      0x6fb ..\obj\queue.o
 .debug_line    0x00005ee5      0x38f ..\obj\portserial.o
 .debug_line    0x00006274      0x30d ..\obj\croutine.o
 .debug_line    0x00006581      0x25b ..\obj\mbfunccoils.o
 .debug_line    0x000067dc      0x395 ..\obj\event_groups.o
 .debug_line    0x00006b71        0x0 ..\obj\frequency.o
 .debug_line    0x00006b71      0x2a1 ..\obj\stm32f4xx_exti.o
 .debug_line    0x00006e12      0x23d ..\obj\misc.o
 .debug_line    0x0000704f       0xde ..\obj\mbascii.o
 .debug_line    0x0000712d      0x28b ..\obj\heap_2.o
 .debug_line    0x000073b8      0xa71 ..\obj\stm32f4xx_tim.o
 .debug_line    0x00007e29      0x261 ..\obj\power_detector.o

.debug_loc      0x00000000     0x5da6
 .debug_loc     0x00000000      0x144 ..\obj\stm32f4xx_syscfg.o
 .debug_loc     0x00000144      0x138 ..\obj\mbport.o
 .debug_loc     0x0000027c      0x150 ..\obj\mb.o
 .debug_loc     0x000003cc       0xa8 ..\obj\protocol.o
 .debug_loc     0x00000474       0x38 ..\obj\mbfuncdisc.o
 .debug_loc     0x000004ac      0x3f0 ..\obj\core_cm3.o
 .debug_loc     0x0000089c       0x9c ..\obj\portevent.o
 .debug_loc     0x00000938       0x70 ..\obj\mbfuncother.o
 .debug_loc     0x000009a8      0x658 ..\obj\stm32f4xx_usart.o
 .debug_loc     0x00001000      0x288 ..\obj\stm32f4xx_pwr.o
 .debug_loc     0x00001288       0x70 ..\obj\rtc.o
 .debug_loc     0x000012f8       0xa8 ..\obj\mbutils.o
 .debug_loc     0x000013a0       0x64 ..\obj\startup_stm32f4xx.o
 .debug_loc     0x00001404       0x64 ..\obj\backup_sram.o
 .debug_loc     0x00001468      0x138 ..\obj\stm32f4xx_iwdg.o
 .debug_loc     0x000015a0      0x144 ..\obj\ADS1120.o
 .debug_loc     0x000016e4       0xe0 ..\obj\mbfuncholding.o
 .debug_loc     0x000017c4      0x100 ..\obj\main.o
 .debug_loc     0x000018c4       0x38 ..\obj\mbcrc.o
 .debug_loc     0x000018fc      0x97c ..\obj\stm32f4xx_rcc.o
 .debug_loc     0x00002278       0x38 ..\obj\mbfuncinput.o
 .debug_loc     0x000022b0      0x3ea ..\obj\printf.o
 .debug_loc     0x0000269a       0x70 ..\obj\watchdog.o
 .debug_loc     0x0000270a      0x92c ..\obj\tasks.o
 .debug_loc     0x00003036      0x310 ..\obj\stm32f4xx_gpio.o
 .debug_loc     0x00003346       0xbc ..\obj\porttimer.o
 .debug_loc     0x00003402      0x1a8 ..\obj\mbrtu.o
 .debug_loc     0x000035aa      0x118 ..\obj\list.o
 .debug_loc     0x000036c2       0x9c ..\obj\system_stm32f4xx.o
 .debug_loc     0x0000375e      0x1ec ..\obj\syscalls.o
 .debug_loc     0x0000394a      0x1dc ..\obj\port.o
 .debug_loc     0x00003b26      0x460 ..\obj\queue.o
 .debug_loc     0x00003f86      0x144 ..\obj\portserial.o
 .debug_loc     0x000040ca      0x188 ..\obj\croutine.o
 .debug_loc     0x00004252       0xa8 ..\obj\mbfunccoils.o
 .debug_loc     0x000042fa      0x230 ..\obj\event_groups.o
 .debug_loc     0x0000452a      0x1b4 ..\obj\stm32f4xx_exti.o
 .debug_loc     0x000046de      0x118 ..\obj\misc.o
 .debug_loc     0x000047f6      0x100 ..\obj\heap_2.o
 .debug_loc     0x000048f6     0x1420 ..\obj\stm32f4xx_tim.o
 .debug_loc     0x00005d16       0x90 ..\obj\power_detector.o

.debug_pubnames
                0x00000000     0x273f
 .debug_pubnames
                0x00000000       0xc3 ..\obj\stm32f4xx_syscfg.o
 .debug_pubnames
                0x000000c3      0x126 ..\obj\mbport.o
 .debug_pubnames
                0x000001e9       0x66 ..\obj\mb.o
 .debug_pubnames
                0x0000024f       0x38 ..\obj\protocol.o
 .debug_pubnames
                0x00000287       0x30 ..\obj\mbfuncdisc.o
 .debug_pubnames
                0x000002b7      0x159 ..\obj\core_cm3.o
 .debug_pubnames
                0x00000410       0x50 ..\obj\portevent.o
 .debug_pubnames
                0x00000460       0x3d ..\obj\mbfuncother.o
 .debug_pubnames
                0x0000049d      0x294 ..\obj\stm32f4xx_usart.o
 .debug_pubnames
                0x00000731      0x120 ..\obj\stm32f4xx_pwr.o
 .debug_pubnames
                0x00000851       0x46 ..\obj\rtc.o
 .debug_pubnames
                0x00000897       0x52 ..\obj\mbutils.o
 .debug_pubnames
                0x000008e9       0x4a ..\obj\startup_stm32f4xx.o
 .debug_pubnames
                0x00000933       0x41 ..\obj\backup_sram.o
 .debug_pubnames
                0x00000974       0x91 ..\obj\stm32f4xx_iwdg.o
 .debug_pubnames
                0x00000a05       0x9f ..\obj\ADS1120.o
 .debug_pubnames
                0x00000aa4       0xa5 ..\obj\mbfuncholding.o
 .debug_pubnames
                0x00000b49       0x90 ..\obj\main.o
 .debug_pubnames
                0x00000bd9       0x20 ..\obj\mbcrc.o
 .debug_pubnames
                0x00000bf9      0x417 ..\obj\stm32f4xx_rcc.o
 .debug_pubnames
                0x00001010       0x2f ..\obj\mbfuncinput.o
 .debug_pubnames
                0x0000103f      0x101 ..\obj\printf.o
 .debug_pubnames
                0x00001140       0x35 ..\obj\watchdog.o
 .debug_pubnames
                0x00001175      0x350 ..\obj\tasks.o
 .debug_pubnames
                0x000014c5      0x12d ..\obj\stm32f4xx_gpio.o
 .debug_pubnames
                0x000015f2       0x6d ..\obj\porttimer.o
 .debug_pubnames
                0x0000165f       0xb3 ..\obj\mbrtu.o
 .debug_pubnames
                0x00001712       0x72 ..\obj\list.o
 .debug_pubnames
                0x00001784       0x61 ..\obj\system_stm32f4xx.o
 .debug_pubnames
                0x000017e5       0x71 ..\obj\syscalls.o
 .debug_pubnames
                0x00001856      0x144 ..\obj\port.o
 .debug_pubnames
                0x0000199a      0x18c ..\obj\queue.o
 .debug_pubnames
                0x00001b26       0x88 ..\obj\portserial.o
 .debug_pubnames
                0x00001bae       0x96 ..\obj\croutine.o
 .debug_pubnames
                0x00001c44       0x5a ..\obj\mbfunccoils.o
 .debug_pubnames
                0x00001c9e       0xf8 ..\obj\event_groups.o
 .debug_pubnames
                0x00001d96       0xbb ..\obj\stm32f4xx_exti.o
 .debug_pubnames
                0x00001e51       0x89 ..\obj\misc.o
 .debug_pubnames
                0x00001eda       0x64 ..\obj\heap_2.o
 .debug_pubnames
                0x00001f3e      0x7c4 ..\obj\stm32f4xx_tim.o
 .debug_pubnames
                0x00002702       0x3d ..\obj\power_detector.o

.debug_pubtypes
                0x00000000     0x1b73
 .debug_pubtypes
                0x00000000       0x6d ..\obj\stm32f4xx_syscfg.o
 .debug_pubtypes
                0x0000006d       0x80 ..\obj\mbport.o
 .debug_pubtypes
                0x000000ed      0x164 ..\obj\mb.o
 .debug_pubtypes
                0x00000251      0x13a ..\obj\protocol.o
 .debug_pubtypes
                0x0000038b       0x6e ..\obj\mbfuncdisc.o
 .debug_pubtypes
                0x000003f9       0x50 ..\obj\core_cm3.o
 .debug_pubtypes
                0x00000449       0x44 ..\obj\portevent.o
 .debug_pubtypes
                0x0000048d       0x82 ..\obj\mbfuncother.o
 .debug_pubtypes
                0x0000050f       0xcd ..\obj\stm32f4xx_usart.o
 .debug_pubtypes
                0x000005dc       0x84 ..\obj\stm32f4xx_pwr.o
 .debug_pubtypes
                0x00000660       0x83 ..\obj\rtc.o
 .debug_pubtypes
                0x000006e3       0x79 ..\obj\mbutils.o
 .debug_pubtypes
                0x0000075c       0x37 ..\obj\backup_sram.o
 .debug_pubtypes
                0x00000793       0x64 ..\obj\stm32f4xx_iwdg.o
 .debug_pubtypes
                0x000007f7      0x12b ..\obj\ADS1120.o
 .debug_pubtypes
                0x00000922       0x6e ..\obj\mbfuncholding.o
 .debug_pubtypes
                0x00000990       0x49 ..\obj\main.o
 .debug_pubtypes
                0x000009d9       0x40 ..\obj\mbcrc.o
 .debug_pubtypes
                0x00000a19       0xaa ..\obj\stm32f4xx_rcc.o
 .debug_pubtypes
                0x00000ac3       0x12 ..\obj\timers.o
 .debug_pubtypes
                0x00000ad5       0x6e ..\obj\mbfuncinput.o
 .debug_pubtypes
                0x00000b43      0x139 ..\obj\printf.o
 .debug_pubtypes
                0x00000c7c       0x63 ..\obj\watchdog.o
 .debug_pubtypes
                0x00000cdf      0x191 ..\obj\tasks.o
 .debug_pubtypes
                0x00000e70       0xce ..\obj\stm32f4xx_gpio.o
 .debug_pubtypes
                0x00000f3e       0xb6 ..\obj\porttimer.o
 .debug_pubtypes
                0x00000ff4       0xbf ..\obj\mbrtu.o
 .debug_pubtypes
                0x000010b3       0x98 ..\obj\list.o
 .debug_pubtypes
                0x0000114b       0x73 ..\obj\system_stm32f4xx.o
 .debug_pubtypes
                0x000011be       0xaa ..\obj\syscalls.o
 .debug_pubtypes
                0x00001268       0x7c ..\obj\port.o
 .debug_pubtypes
                0x000012e4      0x122 ..\obj\queue.o
 .debug_pubtypes
                0x00001406      0x18b ..\obj\portserial.o
 .debug_pubtypes
                0x00001591      0x107 ..\obj\croutine.o
 .debug_pubtypes
                0x00001698       0x6e ..\obj\mbfunccoils.o
 .debug_pubtypes
                0x00001706       0xf9 ..\obj\event_groups.o
 .debug_pubtypes
                0x000017ff       0xae ..\obj\stm32f4xx_exti.o
 .debug_pubtypes
                0x000018ad       0x8c ..\obj\misc.o
 .debug_pubtypes
                0x00001939       0x1e ..\obj\mbascii.o
 .debug_pubtypes
                0x00001957       0x73 ..\obj\heap_2.o
 .debug_pubtypes
                0x000019ca       0xe4 ..\obj\stm32f4xx_tim.o
 .debug_pubtypes
                0x00001aae       0xc5 ..\obj\power_detector.o

.debug_aranges  0x00000000     0x11c0
 .debug_aranges
                0x00000000       0x48 ..\obj\stm32f4xx_syscfg.o
 .debug_aranges
                0x00000048       0x48 ..\obj\mbport.o
 .debug_aranges
                0x00000090       0x48 ..\obj\mb.o
 .debug_aranges
                0x000000d8       0x30 ..\obj\protocol.o
 .debug_aranges
                0x00000108       0x20 ..\obj\mbfuncdisc.o
 .debug_aranges
                0x00000128       0xc8 ..\obj\core_cm3.o
 .debug_aranges
                0x000001f0       0x30 ..\obj\portevent.o
 .debug_aranges
                0x00000220       0x28 ..\obj\mbfuncother.o
 .debug_aranges
                0x00000248      0x100 ..\obj\stm32f4xx_usart.o
 .debug_aranges
                0x00000348       0x78 ..\obj\stm32f4xx_pwr.o
 .debug_aranges
                0x000003c0       0x28 ..\obj\rtc.o
 .debug_aranges
                0x000003e8       0x30 ..\obj\mbutils.o
 .debug_aranges
                0x00000418       0x28 ..\obj\startup_stm32f4xx.o
 .debug_aranges
                0x00000440       0x28 ..\obj\backup_sram.o
 .debug_aranges
                0x00000468       0x48 ..\obj\stm32f4xx_iwdg.o
 .debug_aranges
                0x000004b0       0x48 ..\obj\ADS1120.o
 .debug_aranges
                0x000004f8       0x38 ..\obj\mbfuncholding.o
 .debug_aranges
                0x00000530       0x40 ..\obj\main.o
 .debug_aranges
                0x00000570       0x20 ..\obj\mbcrc.o
 .debug_aranges
                0x00000590      0x178 ..\obj\stm32f4xx_rcc.o
 .debug_aranges
                0x00000708       0x20 ..\obj\mbfuncinput.o
 .debug_aranges
                0x00000728       0xa0 ..\obj\printf.o
 .debug_aranges
                0x000007c8       0x28 ..\obj\watchdog.o
 .debug_aranges
                0x000007f0      0x170 ..\obj\tasks.o
 .debug_aranges
                0x00000960       0x88 ..\obj\stm32f4xx_gpio.o
 .debug_aranges
                0x000009e8       0x38 ..\obj\porttimer.o
 .debug_aranges
                0x00000a20       0x58 ..\obj\mbrtu.o
 .debug_aranges
                0x00000a78       0x40 ..\obj\list.o
 .debug_aranges
                0x00000ab8       0x30 ..\obj\system_stm32f4xx.o
 .debug_aranges
                0x00000ae8       0x60 ..\obj\syscalls.o
 .debug_aranges
                0x00000b48       0x90 ..\obj\port.o
 .debug_aranges
                0x00000bd8       0xb8 ..\obj\queue.o
 .debug_aranges
                0x00000c90       0x48 ..\obj\portserial.o
 .debug_aranges
                0x00000cd8       0x50 ..\obj\croutine.o
 .debug_aranges
                0x00000d28       0x30 ..\obj\mbfunccoils.o
 .debug_aranges
                0x00000d58       0x68 ..\obj\event_groups.o
 .debug_aranges
                0x00000dc0       0x58 ..\obj\stm32f4xx_exti.o
 .debug_aranges
                0x00000e18       0x40 ..\obj\misc.o
 .debug_aranges
                0x00000e58       0x40 ..\obj\heap_2.o
 .debug_aranges
                0x00000e98      0x2f8 ..\obj\stm32f4xx_tim.o
 .debug_aranges
                0x00001190       0x30 ..\obj\power_detector.o

.debug_ranges   0x00000000      0xf30
 .debug_ranges  0x00000000       0x38 ..\obj\stm32f4xx_syscfg.o
 .debug_ranges  0x00000038       0x38 ..\obj\mbport.o
 .debug_ranges  0x00000070       0x38 ..\obj\mb.o
 .debug_ranges  0x000000a8       0x20 ..\obj\protocol.o
 .debug_ranges  0x000000c8       0x10 ..\obj\mbfuncdisc.o
 .debug_ranges  0x000000d8       0xb8 ..\obj\core_cm3.o
 .debug_ranges  0x00000190       0x20 ..\obj\portevent.o
 .debug_ranges  0x000001b0       0x18 ..\obj\mbfuncother.o
 .debug_ranges  0x000001c8       0xf0 ..\obj\stm32f4xx_usart.o
 .debug_ranges  0x000002b8       0x68 ..\obj\stm32f4xx_pwr.o
 .debug_ranges  0x00000320       0x18 ..\obj\rtc.o
 .debug_ranges  0x00000338       0x20 ..\obj\mbutils.o
 .debug_ranges  0x00000358       0x18 ..\obj\startup_stm32f4xx.o
 .debug_ranges  0x00000370       0x18 ..\obj\backup_sram.o
 .debug_ranges  0x00000388       0x38 ..\obj\stm32f4xx_iwdg.o
 .debug_ranges  0x000003c0       0x38 ..\obj\ADS1120.o
 .debug_ranges  0x000003f8       0x28 ..\obj\mbfuncholding.o
 .debug_ranges  0x00000420       0x30 ..\obj\main.o
 .debug_ranges  0x00000450       0x10 ..\obj\mbcrc.o
 .debug_ranges  0x00000460      0x168 ..\obj\stm32f4xx_rcc.o
 .debug_ranges  0x000005c8       0x10 ..\obj\mbfuncinput.o
 .debug_ranges  0x000005d8       0x90 ..\obj\printf.o
 .debug_ranges  0x00000668       0x18 ..\obj\watchdog.o
 .debug_ranges  0x00000680      0x160 ..\obj\tasks.o
 .debug_ranges  0x000007e0       0x78 ..\obj\stm32f4xx_gpio.o
 .debug_ranges  0x00000858       0x28 ..\obj\porttimer.o
 .debug_ranges  0x00000880       0x48 ..\obj\mbrtu.o
 .debug_ranges  0x000008c8       0x30 ..\obj\list.o
 .debug_ranges  0x000008f8       0x20 ..\obj\system_stm32f4xx.o
 .debug_ranges  0x00000918       0x50 ..\obj\syscalls.o
 .debug_ranges  0x00000968       0x80 ..\obj\port.o
 .debug_ranges  0x000009e8       0xa8 ..\obj\queue.o
 .debug_ranges  0x00000a90       0x38 ..\obj\portserial.o
 .debug_ranges  0x00000ac8       0x40 ..\obj\croutine.o
 .debug_ranges  0x00000b08       0x20 ..\obj\mbfunccoils.o
 .debug_ranges  0x00000b28       0x58 ..\obj\event_groups.o
 .debug_ranges  0x00000b80       0x48 ..\obj\stm32f4xx_exti.o
 .debug_ranges  0x00000bc8       0x30 ..\obj\misc.o
 .debug_ranges  0x00000bf8       0x30 ..\obj\heap_2.o
 .debug_ranges  0x00000c28      0x2e8 ..\obj\stm32f4xx_tim.o
 .debug_ranges  0x00000f10       0x20 ..\obj\power_detector.o

.debug_str      0x00000000     0x60d0
 .debug_str     0x00000000      0x21d ..\obj\stm32f4xx_syscfg.o
                                0x26a (size before relaxing)
 .debug_str     0x0000021d      0x22b ..\obj\mbport.o
                                0x2de (size before relaxing)
 .debug_str     0x00000448      0x418 ..\obj\mb.o
                                0x5bd (size before relaxing)
 .debug_str     0x00000860      0x1d2 ..\obj\protocol.o
                                0x5ee (size before relaxing)
 .debug_str     0x00000a32       0xc3 ..\obj\mbfuncdisc.o
                                0x2e3 (size before relaxing)
 .debug_str     0x00000af5      0x173 ..\obj\core_cm3.o
                                0x23a (size before relaxing)
 .debug_str     0x00000c68       0xb5 ..\obj\portevent.o
                                0x1af (size before relaxing)
 .debug_str     0x00000d1d       0xd8 ..\obj\mbfuncother.o
                                0x30c (size before relaxing)
 .debug_str     0x00000df5      0x4e4 ..\obj\stm32f4xx_usart.o
                                0x5fa (size before relaxing)
 .debug_str     0x000012d9      0x1e9 ..\obj\stm32f4xx_pwr.o
                                0x2fc (size before relaxing)
 .debug_str     0x000014c2      0x15c ..\obj\rtc.o
                                0x272 (size before relaxing)
 .debug_str     0x0000161e       0xf9 ..\obj\mbutils.o
                                0x320 (size before relaxing)
 .debug_str     0x00001717       0xbe ..\obj\startup_stm32f4xx.o
                                 0xe9 (size before relaxing)
 .debug_str     0x000017d5       0x99 ..\obj\backup_sram.o
                                0x15e (size before relaxing)
 .debug_str     0x0000186e       0xf6 ..\obj\stm32f4xx_iwdg.o
                                0x1d7 (size before relaxing)
 .debug_str     0x00001964      0x3bf ..\obj\ADS1120.o
                                0x61d (size before relaxing)
 .debug_str     0x00001d23      0x155 ..\obj\mbfuncholding.o
                                0x3c1 (size before relaxing)
 .debug_str     0x00001e78       0xd6 ..\obj\main.o
                                0x1ab (size before relaxing)
 .debug_str     0x00001f4e       0x77 ..\obj\mbcrc.o
                                0x144 (size before relaxing)
 .debug_str     0x00001fc5      0x5eb ..\obj\stm32f4xx_rcc.o
                                0x7bb (size before relaxing)
 .debug_str     0x000025b0       0x56 ..\obj\timers.o
                                 0xeb (size before relaxing)
 .debug_str     0x00002606       0x79 ..\obj\mbfuncinput.o
                                0x2d7 (size before relaxing)
 .debug_str     0x0000267f      0x4a3 ..\obj\printf.o
                                0x5fc (size before relaxing)
 .debug_str     0x00002b22       0x7c ..\obj\watchdog.o
                                0x19b (size before relaxing)
 .debug_str     0x00002b9e      0xa38 ..\obj\tasks.o
                                0xb93 (size before relaxing)
 .debug_str     0x000035d6      0x194 ..\obj\stm32f4xx_gpio.o
                                0x40e (size before relaxing)
 .debug_str     0x0000376a      0x75c ..\obj\porttimer.o
                                0x8bc (size before relaxing)
 .debug_str     0x00003ec6      0x1da ..\obj\mbrtu.o
                                0x3fc (size before relaxing)
 .debug_str     0x000040a0       0xe8 ..\obj\list.o
                                0x231 (size before relaxing)
 .debug_str     0x00004188       0xb6 ..\obj\system_stm32f4xx.o
                                0x309 (size before relaxing)
 .debug_str     0x0000423e      0x158 ..\obj\syscalls.o
                                0x27c (size before relaxing)
 .debug_str     0x00004396      0x263 ..\obj\port.o
                                0x360 (size before relaxing)
 .debug_str     0x000045f9      0x353 ..\obj\queue.o
                                0x576 (size before relaxing)
 .debug_str     0x0000494c      0x134 ..\obj\portserial.o
                                0xacb (size before relaxing)
 .debug_str     0x00004a80      0x28c ..\obj\croutine.o
                                0x455 (size before relaxing)
 .debug_str     0x00004d0c       0xd6 ..\obj\mbfunccoils.o
                                0x34b (size before relaxing)
 .debug_str     0x00004de2      0x2a5 ..\obj\event_groups.o
                                0x452 (size before relaxing)
 .debug_str     0x00005087      0x1e8 ..\obj\stm32f4xx_exti.o
                                0x2d9 (size before relaxing)
 .debug_str     0x0000526f      0x137 ..\obj\misc.o
                                0x344 (size before relaxing)
 .debug_str     0x000053a6       0x58 ..\obj\mbascii.o
                                0x102 (size before relaxing)
 .debug_str     0x000053fe      0x19b ..\obj\heap_2.o
                                0x284 (size before relaxing)
 .debug_str     0x00005599      0xa94 ..\obj\stm32f4xx_tim.o
                                0xd3b (size before relaxing)
 .debug_str     0x0000602d       0xa3 ..\obj\power_detector.o
                                0x838 (size before relaxing)

.comment        0x00000000       0x2a
 .comment       0x00000000       0x2a ..\obj\stm32f4xx_syscfg.o
                                 0x2b (size before relaxing)
 .comment       0x00000000       0x2b ..\obj\mbport.o
 .comment       0x00000000       0x2b ..\obj\mb.o
 .comment       0x00000000       0x2b ..\obj\protocol.o
 .comment       0x00000000       0x2b ..\obj\mbfuncdisc.o
 .comment       0x00000000       0x2b ..\obj\core_cm3.o
 .comment       0x00000000       0x2b ..\obj\portevent.o
 .comment       0x00000000       0x2b ..\obj\mbfuncother.o
 .comment       0x00000000       0x2b ..\obj\stm32f4xx_usart.o
 .comment       0x00000000       0x2b ..\obj\stm32f4xx_pwr.o
 .comment       0x00000000       0x2b ..\obj\rtc.o
 .comment       0x00000000       0x2b ..\obj\mbutils.o
 .comment       0x00000000       0x2b ..\obj\startup_stm32f4xx.o
 .comment       0x00000000       0x2b ..\obj\backup_sram.o
 .comment       0x00000000       0x2b ..\obj\stm32f4xx_iwdg.o
 .comment       0x00000000       0x2b ..\obj\ADS1120.o
 .comment       0x00000000       0x2b ..\obj\mbfuncholding.o
 .comment       0x00000000       0x2b ..\obj\main.o
 .comment       0x00000000       0x2b ..\obj\mbcrc.o
 .comment       0x00000000       0x2b ..\obj\stm32f4xx_rcc.o
 .comment       0x00000000       0x2b ..\obj\timers.o
 .comment       0x00000000       0x2b ..\obj\mbfuncinput.o
 .comment       0x00000000       0x2b ..\obj\printf.o
 .comment       0x00000000       0x2b ..\obj\watchdog.o
 .comment       0x00000000       0x2b ..\obj\mbfuncdiag.o
 .comment       0x00000000       0x2b ..\obj\tasks.o
 .comment       0x00000000       0x2b ..\obj\stm32f4xx_gpio.o
 .comment       0x00000000       0x2b ..\obj\porttimer.o
 .comment       0x00000000       0x2b ..\obj\mbrtu.o
 .comment       0x00000000       0x2b ..\obj\list.o
 .comment       0x00000000       0x2b ..\obj\system_stm32f4xx.o
 .comment       0x00000000       0x2b ..\obj\syscalls.o
 .comment       0x00000000       0x2b ..\obj\port.o
 .comment       0x00000000       0x2b ..\obj\queue.o
 .comment       0x00000000       0x2b ..\obj\portserial.o
 .comment       0x00000000       0x2b ..\obj\croutine.o
 .comment       0x00000000       0x2b ..\obj\mbfunccoils.o
 .comment       0x00000000       0x2b ..\obj\event_groups.o
 .comment       0x00000000       0x2b ..\obj\frequency.o
 .comment       0x00000000       0x2b ..\obj\stm32f4xx_exti.o
 .comment       0x00000000       0x2b ..\obj\misc.o
 .comment       0x00000000       0x2b ..\obj\mbascii.o
 .comment       0x00000000       0x2b ..\obj\heap_2.o
 .comment       0x00000000       0x2b ..\obj\stm32f4xx_tim.o
 .comment       0x00000000       0x2b ..\obj\power_detector.o

.ARM.attributes
                0x00000000       0x31
 .ARM.attributes
                0x00000000       0x31 ..\obj\stm32f4xx_syscfg.o
 .ARM.attributes
                0x00000031       0x31 ..\obj\mbport.o
 .ARM.attributes
                0x00000062       0x31 ..\obj\mb.o
 .ARM.attributes
                0x00000093       0x31 ..\obj\protocol.o
 .ARM.attributes
                0x000000c4       0x31 ..\obj\mbfuncdisc.o
 .ARM.attributes
                0x000000f5       0x31 ..\obj\core_cm3.o
 .ARM.attributes
                0x00000126       0x31 ..\obj\portevent.o
 .ARM.attributes
                0x00000157       0x31 ..\obj\mbfuncother.o
 .ARM.attributes
                0x00000188       0x31 ..\obj\stm32f4xx_usart.o
 .ARM.attributes
                0x000001b9       0x31 ..\obj\stm32f4xx_pwr.o
 .ARM.attributes
                0x000001ea       0x31 ..\obj\rtc.o
 .ARM.attributes
                0x0000021b       0x31 ..\obj\mbutils.o
 .ARM.attributes
                0x0000024c       0x31 ..\obj\startup_stm32f4xx.o
 .ARM.attributes
                0x0000027d       0x31 ..\obj\backup_sram.o
 .ARM.attributes
                0x000002ae       0x31 ..\obj\stm32f4xx_iwdg.o
 .ARM.attributes
                0x000002df       0x31 ..\obj\ADS1120.o
 .ARM.attributes
                0x00000310       0x31 ..\obj\mbfuncholding.o
 .ARM.attributes
                0x00000341       0x31 ..\obj\main.o
 .ARM.attributes
                0x00000372       0x31 ..\obj\mbcrc.o
 .ARM.attributes
                0x000003a3       0x31 ..\obj\stm32f4xx_rcc.o
 .ARM.attributes
                0x000003d4       0x31 ..\obj\timers.o
 .ARM.attributes
                0x00000405       0x31 ..\obj\mbfuncinput.o
 .ARM.attributes
                0x00000436       0x31 ..\obj\printf.o
 .ARM.attributes
                0x00000467       0x31 ..\obj\watchdog.o
 .ARM.attributes
                0x00000498       0x31 ..\obj\mbfuncdiag.o
 .ARM.attributes
                0x000004c9       0x31 ..\obj\tasks.o
 .ARM.attributes
                0x000004fa       0x31 ..\obj\stm32f4xx_gpio.o
 .ARM.attributes
                0x0000052b       0x31 ..\obj\porttimer.o
 .ARM.attributes
                0x0000055c       0x31 ..\obj\mbrtu.o
 .ARM.attributes
                0x0000058d       0x31 ..\obj\list.o
 .ARM.attributes
                0x000005be       0x31 ..\obj\system_stm32f4xx.o
 .ARM.attributes
                0x000005ef       0x31 ..\obj\syscalls.o
 .ARM.attributes
                0x00000620       0x31 ..\obj\port.o
 .ARM.attributes
                0x00000651       0x31 ..\obj\queue.o
 .ARM.attributes
                0x00000682       0x31 ..\obj\portserial.o
 .ARM.attributes
                0x000006b3       0x31 ..\obj\croutine.o
 .ARM.attributes
                0x000006e4       0x31 ..\obj\mbfunccoils.o
 .ARM.attributes
                0x00000715       0x31 ..\obj\event_groups.o
 .ARM.attributes
                0x00000746       0x31 ..\obj\frequency.o
 .ARM.attributes
                0x00000777       0x31 ..\obj\stm32f4xx_exti.o
 .ARM.attributes
                0x000007a8       0x31 ..\obj\misc.o
 .ARM.attributes
                0x000007d9       0x31 ..\obj\mbascii.o
 .ARM.attributes
                0x0000080a       0x31 ..\obj\heap_2.o
 .ARM.attributes
                0x0000083b       0x31 ..\obj\stm32f4xx_tim.o
 .ARM.attributes
                0x0000086c       0x31 ..\obj\power_detector.o
 .ARM.attributes
                0x0000089d       0x1b c:/coocox/coide/gcc/sourcery g++ lite/bin/../lib/gcc/arm-none-eabi/4.5.1/thumb2\libgcc.a(_arm_addsubdf3.o)
 .ARM.attributes
                0x000008b8       0x1b c:/coocox/coide/gcc/sourcery g++ lite/bin/../lib/gcc/arm-none-eabi/4.5.1/thumb2\libgcc.a(_arm_muldivdf3.o)
 .ARM.attributes
                0x000008d3       0x1b c:/coocox/coide/gcc/sourcery g++ lite/bin/../lib/gcc/arm-none-eabi/4.5.1/thumb2\libgcc.a(_arm_truncdfsf2.o)
 .ARM.attributes
                0x000008ee       0x1b c:/coocox/coide/gcc/sourcery g++ lite/bin/../lib/gcc/arm-none-eabi/4.5.1/thumb2\libgcc.a(_arm_addsubsf3.o)
 .ARM.attributes
                0x00000909       0x29 c:/coocox/coide/gcc/sourcery g++ lite/bin/../lib/gcc/arm-none-eabi/4.5.1/../../../../arm-none-eabi/lib/thumb2\libc.a(lib_a-memcmp.o)
 .ARM.attributes
                0x00000932       0x29 c:/coocox/coide/gcc/sourcery g++ lite/bin/../lib/gcc/arm-none-eabi/4.5.1/../../../../arm-none-eabi/lib/thumb2\libc.a(lib_a-memcpy.o)
 .ARM.attributes
                0x0000095b       0x29 c:/coocox/coide/gcc/sourcery g++ lite/bin/../lib/gcc/arm-none-eabi/4.5.1/../../../../arm-none-eabi/lib/thumb2\libc.a(lib_a-memset.o)

.debug_frame    0x00000000     0x3598
 .debug_frame   0x00000000       0xbc ..\obj\stm32f4xx_syscfg.o
 .debug_frame   0x000000bc       0xb0 ..\obj\mbport.o
 .debug_frame   0x0000016c       0xd0 ..\obj\mb.o
 .debug_frame   0x0000023c       0x70 ..\obj\protocol.o
 .debug_frame   0x000002ac       0x30 ..\obj\mbfuncdisc.o
 .debug_frame   0x000002dc      0x280 ..\obj\core_cm3.o
 .debug_frame   0x0000055c       0x60 ..\obj\portevent.o
 .debug_frame   0x000005bc       0x50 ..\obj\mbfuncother.o
 .debug_frame   0x0000060c      0x344 ..\obj\stm32f4xx_usart.o
 .debug_frame   0x00000950      0x15c ..\obj\stm32f4xx_pwr.o
 .debug_frame   0x00000aac       0x50 ..\obj\rtc.o
 .debug_frame   0x00000afc       0x68 ..\obj\mbutils.o
 .debug_frame   0x00000b64       0x48 ..\obj\startup_stm32f4xx.o
 .debug_frame   0x00000bac       0x48 ..\obj\backup_sram.o
 .debug_frame   0x00000bf4       0xb0 ..\obj\stm32f4xx_iwdg.o
 .debug_frame   0x00000ca4       0xcc ..\obj\ADS1120.o
 .debug_frame   0x00000d70       0x90 ..\obj\mbfuncholding.o
 .debug_frame   0x00000e00       0x9c ..\obj\main.o
 .debug_frame   0x00000e9c       0x2c ..\obj\mbcrc.o
 .debug_frame   0x00000ec8      0x4d8 ..\obj\stm32f4xx_rcc.o
 .debug_frame   0x000013a0       0x30 ..\obj\mbfuncinput.o
 .debug_frame   0x000013d0      0x244 ..\obj\printf.o
 .debug_frame   0x00001614       0x50 ..\obj\watchdog.o
 .debug_frame   0x00001664      0x53c ..\obj\tasks.o
 .debug_frame   0x00001ba0      0x19c ..\obj\stm32f4xx_gpio.o
 .debug_frame   0x00001d3c       0x84 ..\obj\porttimer.o
 .debug_frame   0x00001dc0      0x108 ..\obj\mbrtu.o
 .debug_frame   0x00001ec8       0x9c ..\obj\list.o
 .debug_frame   0x00001f64       0x64 ..\obj\system_stm32f4xx.o
 .debug_frame   0x00001fc8      0x108 ..\obj\syscalls.o
 .debug_frame   0x000020d0      0x178 ..\obj\port.o
 .debug_frame   0x00002248      0x290 ..\obj\queue.o
 .debug_frame   0x000024d8       0xc8 ..\obj\portserial.o
 .debug_frame   0x000025a0       0xf0 ..\obj\croutine.o
 .debug_frame   0x00002690       0x70 ..\obj\mbfunccoils.o
 .debug_frame   0x00002700      0x14c ..\obj\event_groups.o
 .debug_frame   0x0000284c       0xec ..\obj\stm32f4xx_exti.o
 .debug_frame   0x00002938       0x9c ..\obj\misc.o
 .debug_frame   0x000029d4       0x9c ..\obj\heap_2.o
 .debug_frame   0x00002a70      0xa3c ..\obj\stm32f4xx_tim.o
 .debug_frame   0x000034ac       0x64 ..\obj\power_detector.o
 .debug_frame   0x00003510       0x2c c:/coocox/coide/gcc/sourcery g++ lite/bin/../lib/gcc/arm-none-eabi/4.5.1/../../../../arm-none-eabi/lib/thumb2\libc.a(lib_a-memcmp.o)
 .debug_frame   0x0000353c       0x30 c:/coocox/coide/gcc/sourcery g++ lite/bin/../lib/gcc/arm-none-eabi/4.5.1/../../../../arm-none-eabi/lib/thumb2\libc.a(lib_a-memcpy.o)
 .debug_frame   0x0000356c       0x2c c:/coocox/coide/gcc/sourcery g++ lite/bin/../lib/gcc/arm-none-eabi/4.5.1/../../../../arm-none-eabi/lib/thumb2\libc.a(lib_a-memset.o)
