Archive member included because of file (symbol)

C:\Program Files\CooCox\CoIDE\gcc\Sourcery G++ Lite\arm-none-eabi\lib\armv7e-m\softfp\libc.a(lib_a-memcmp.o)
                              ..\obj\tasks.o (memcmp)
C:\Program Files\CooCox\CoIDE\gcc\Sourcery G++ Lite\arm-none-eabi\lib\armv7e-m\softfp\libc.a(lib_a-memcpy.o)
                              ..\obj\mbport.o (memcpy)
C:\Program Files\CooCox\CoIDE\gcc\Sourcery G++ Lite\arm-none-eabi\lib\armv7e-m\softfp\libc.a(lib_a-memset.o)
                              ..\obj\tasks.o (memset)
C:\Program Files\CooCox\CoIDE\gcc\Sourcery G++ Lite\arm-none-eabi\lib\armv7e-m\softfp\libm.a(lib_a-wf_sqrt.o)
                              ..\obj\ADS1220.o (sqrtf)
C:\Program Files\CooCox\CoIDE\gcc\Sourcery G++ Lite\arm-none-eabi\lib\armv7e-m\softfp\libm.a(lib_a-ef_sqrt.o)
                              C:\Program Files\CooCox\CoIDE\gcc\Sourcery G++ Lite\arm-none-eabi\lib\armv7e-m\softfp\libm.a(lib_a-wf_sqrt.o) (__ieee754_sqrtf)
C:\Program Files\CooCox\CoIDE\gcc\Sourcery G++ Lite\arm-none-eabi\lib\armv7e-m\softfp\libm.a(lib_a-s_lib_ver.o)
                              C:\Program Files\CooCox\CoIDE\gcc\Sourcery G++ Lite\arm-none-eabi\lib\armv7e-m\softfp\libm.a(lib_a-wf_sqrt.o) (__fdlib_version)
C:\Program Files\CooCox\CoIDE\gcc\Sourcery G++ Lite\arm-none-eabi\lib\armv7e-m\softfp\libm.a(lib_a-s_matherr.o)
                              C:\Program Files\CooCox\CoIDE\gcc\Sourcery G++ Lite\arm-none-eabi\lib\armv7e-m\softfp\libm.a(lib_a-wf_sqrt.o) (matherr)
C:\Program Files\CooCox\CoIDE\gcc\Sourcery G++ Lite\arm-none-eabi\lib\armv7e-m\softfp\libm.a(lib_a-sf_fpclassify.o)
                              C:\Program Files\CooCox\CoIDE\gcc\Sourcery G++ Lite\arm-none-eabi\lib\armv7e-m\softfp\libm.a(lib_a-wf_sqrt.o) (__fpclassifyf)
C:\Program Files\CooCox\CoIDE\gcc\Sourcery G++ Lite\arm-none-eabi\lib\armv7e-m\softfp\libgcc.a(_arm_addsubdf3.o)
                              ..\obj\ADS1220.o (__aeabi_dsub)
C:\Program Files\CooCox\CoIDE\gcc\Sourcery G++ Lite\arm-none-eabi\lib\armv7e-m\softfp\libgcc.a(_arm_muldivdf3.o)
                              ..\obj\ADS1220.o (__aeabi_dmul)
C:\Program Files\CooCox\CoIDE\gcc\Sourcery G++ Lite\arm-none-eabi\lib\armv7e-m\softfp\libgcc.a(_arm_truncdfsf2.o)
                              ..\obj\ADS1220.o (__aeabi_d2f)
C:\Program Files\CooCox\CoIDE\gcc\Sourcery G++ Lite\arm-none-eabi\lib\armv7e-m\softfp\libc.a(lib_a-errno.o)
                              C:\Program Files\CooCox\CoIDE\gcc\Sourcery G++ Lite\arm-none-eabi\lib\armv7e-m\softfp\libm.a(lib_a-wf_sqrt.o) (__errno)

Allocating common symbols
Common symbol       size              file

APP_Tx_Buffer       0x80              ..\obj\usbd_cdc_vcp.o
log_buf             0x80              ..\obj\log.o
stContext_RS232     0x174             ..\obj\protocol.o
stContext_RS485     0x174             ..\obj\protocol.o
stSettings          0x84              ..\obj\controller.o
usbd_cdc_OtherCfgDesc
                    0x43              ..\obj\usbd_cdc_core.o
APP_tx_ptr_tail     0x4               ..\obj\usbd_cdc_vcp.o
USB_Rx_Buffer       0x40              ..\obj\usbd_cdc_core.o
xMeasureDataMutex   0x4               ..\obj\controller.o
temp_char           0x1               ..\obj\portserial.o
stContext_USB_CDC   0x174             ..\obj\protocol.o
CmdBuff             0x8               ..\obj\usbd_cdc_core.o
xI2CBusMutex        0x4               ..\obj\fram_i2c.o
USB_OTG_dev         0x5f0             ..\obj\portserial.o
xFrequencySemaphore
                    0x8               ..\obj\frequency.o
xADC_SPI_Mutex      0x4               ..\obj\ADS1220.o
APP_Rx_Buffer       0x800             ..\obj\usbd_cdc_core.o
stMeasureData       0x40              ..\obj\controller.o
xSettingsMutex      0x4               ..\obj\controller.o
task_watches        0x50              ..\obj\watchdog.o
USBD_StrDesc        0x32              ..\obj\usbd_req.o
APP_tx_ptr_head     0x4               ..\obj\usbd_cdc_vcp.o

Discarded input sections

 .text          0x00000000        0x0 ..\obj\stm32f4xx_syscfg.o
 .data          0x00000000        0x0 ..\obj\stm32f4xx_syscfg.o
 .bss           0x00000000        0x0 ..\obj\stm32f4xx_syscfg.o
 .text.SYSCFG_DeInit
                0x00000000       0x20 ..\obj\stm32f4xx_syscfg.o
 .text.SYSCFG_MemoryRemapConfig
                0x00000000       0x20 ..\obj\stm32f4xx_syscfg.o
 .text.SYSCFG_EXTILineConfig
                0x00000000       0x98 ..\obj\stm32f4xx_syscfg.o
 .text.SYSCFG_ETH_MediaInterfaceConfig
                0x00000000       0x1c ..\obj\stm32f4xx_syscfg.o
 .text.SYSCFG_CompensationCellCmd
                0x00000000       0x20 ..\obj\stm32f4xx_syscfg.o
 .text.SYSCFG_GetCompensationCellStatus
                0x00000000       0x38 ..\obj\stm32f4xx_syscfg.o
 .debug_info    0x00000000      0x279 ..\obj\stm32f4xx_syscfg.o
 .debug_abbrev  0x00000000      0x133 ..\obj\stm32f4xx_syscfg.o
 .debug_loc     0x00000000      0x144 ..\obj\stm32f4xx_syscfg.o
 .debug_aranges
[...]
Memory Configuration

Name             Origin             Length             Attributes
rom              0x08000000         0x00100000         xr
ram              0x20000000         0x00020000         xrw
ram1             0x10000000         0x00010000         xrw
*default*        0x00000000         0xffffffff

Linker script and memory map

                0x20020000                _eram = 0x20020000

.text           0x08000000     0xe640
 *(.isr_vector)
 .isr_vector    0x08000000      0x188 ..\obj\startup_stm32f4xx.o
                0x08000000                g_pfnVectors
 *(.text*)
 .text.USB_OTG_EnableCommonInt
                0x08000188       0x44 ..\obj\usb_core.o
 .text.USB_OTG_CoreReset
                0x080001cc       0xa4 ..\obj\usb_core.o
 .text.USB_OTG_WritePacket
                0x08000270       0x84 ..\obj\usb_core.o
                0x08000270                USB_OTG_WritePacket
 .text.USB_OTG_ReadPacket
                0x080002f4       0x68 ..\obj\usb_core.o
                0x080002f4                USB_OTG_ReadPacket
 .text.USB_OTG_SelectCore
                0x0800035c      0x1b0 ..\obj\usb_core.o
                0x0800035c                USB_OTG_SelectCore
 .text.USB_OTG_CoreInit
                0x0800050c      0x1f8 ..\obj\usb_core.o
                0x0800050c                USB_OTG_CoreInit
 .text.USB_OTG_EnableGlobalInt
                0x08000704       0x3c ..\obj\usb_core.o
                0x08000704                USB_OTG_EnableGlobalInt
 .text.USB_OTG_DisableGlobalInt
                0x08000740       0x40 ..\obj\usb_core.o
                0x08000740                USB_OTG_DisableGlobalInt
 .text.USB_OTG_FlushTxFifo
                0x08000780       0x80 ..\obj\usb_core.o
                0x08000780                USB_OTG_FlushTxFifo
 .text.USB_OTG_FlushRxFifo
                0x08000800       0x6c ..\obj\usb_core.o
                0x08000800                USB_OTG_FlushRxFifo
 .text.USB_OTG_SetCurrentMode
                0x0800086c       0x64 ..\obj\usb_core.o
                0x0800086c                USB_OTG_SetCurrentMode
 .text.USB_OTG_GetMode
                0x080008d0       0x20 ..\obj\usb_core.o
                0x080008d0                USB_OTG_GetMode
 .text.USB_OTG_IsDeviceMode
                0x080008f0       0x24 ..\obj\usb_core.o
                0x080008f0                USB_OTG_IsDeviceMode
 .text.USB_OTG_ReadCoreItr
                0x08000914       0x30 ..\obj\usb_core.o
                0x08000914                USB_OTG_ReadCoreItr
 .text.USB_OTG_InitDevSpeed
                0x08000944       0x38 ..\obj\usb_core.o
                0x08000944                USB_OTG_InitDevSpeed
 .text.USB_OTG_CoreInitDev
                0x0800097c      0x2d8 ..\obj\usb_core.o
                0x0800097c                USB_OTG_CoreInitDev
 .text.USB_OTG_EnableDevInt
                0x08000c54       0xa4 ..\obj\usb_core.o
                0x08000c54                USB_OTG_EnableDevInt
 .text.USB_OTG_GetDeviceSpeed
                0x08000cf8       0x50 ..\obj\usb_core.o
                0x08000cf8                USB_OTG_GetDeviceSpeed
 .text.USB_OTG_EP0Activate
                0x08000d48       0x80 ..\obj\usb_core.o
                0x08000d48                USB_OTG_EP0Activate
 .text.USB_OTG_EPActivate
                0x08000dc8       0xf8 ..\obj\usb_core.o
                0x08000dc8                USB_OTG_EPActivate
 .text.USB_OTG_EPDeactivate
                0x08000ec0       0xa4 ..\obj\usb_core.o
                0x08000ec0                USB_OTG_EPDeactivate
 .text.USB_OTG_EPStartXfer
                0x08000f64      0x2d0 ..\obj\usb_core.o
                0x08000f64                USB_OTG_EPStartXfer
 .text.USB_OTG_EP0StartXfer
                0x08001234      0x200 ..\obj\usb_core.o
                0x08001234                USB_OTG_EP0StartXfer
 .text.USB_OTG_EPSetStall
                0x08001434       0x94 ..\obj\usb_core.o
                0x08001434                USB_OTG_EPSetStall
 .text.USB_OTG_EPClearStall
                0x080014c8       0x84 ..\obj\usb_core.o
                0x080014c8                USB_OTG_EPClearStall
 .text.USB_OTG_ReadDevAllOutEp_itr
                0x0800154c       0x30 ..\obj\usb_core.o
                0x0800154c                USB_OTG_ReadDevAllOutEp_itr
 .text.USB_OTG_ReadDevOutEP_itr
                0x0800157c       0x3c ..\obj\usb_core.o
                0x0800157c                USB_OTG_ReadDevOutEP_itr
 .text.USB_OTG_ReadDevAllInEPItr
                0x080015b8       0x34 ..\obj\usb_core.o
                0x080015b8                USB_OTG_ReadDevAllInEPItr
 .text.USB_OTG_EP0_OutStart
                0x080015ec       0x78 ..\obj\usb_core.o
                0x080015ec                USB_OTG_EP0_OutStart
 .text.USB_OTG_UngateClock
                0x08001664       0x54 ..\obj\usb_core.o
                0x08001664                USB_OTG_UngateClock
 .text.ENTER_CRITICAL_SECTION
                0x080016b8        0xc ..\obj\mbport.o
                0x080016b8                ENTER_CRITICAL_SECTION
 .text.EXIT_CRITICAL_SECTION
                0x080016c4        0xc ..\obj\mbport.o
                0x080016c4                EXIT_CRITICAL_SECTION
 .text.eMBRegInputCB
                0x080016d0      0x1bc ..\obj\mbport.o
                0x080016d0                eMBRegInputCB
 .text.eMBRegHoldingCB
                0x0800188c      0x6fc ..\obj\mbport.o
                0x0800188c                eMBRegHoldingCB
 .text.eMBRegCoilsCB
                0x08001f88       0x20 ..\obj\mbport.o
                0x08001f88                eMBRegCoilsCB
 .text.eMBRegDiscreteCB
                0x08001fa8       0x20 ..\obj\mbport.o
                0x08001fa8                eMBRegDiscreteCB
 .text.eMBFileCB
                0x08001fc8      0x16c ..\obj\mbport.o
                0x08001fc8                eMBFileCB
 .text.eMBInit  0x08002134      0x100 ..\obj\mb.o
                0x08002134                eMBInit
 .text.eMBEnable
                0x08002234       0x50 ..\obj\mb.o
                0x08002234                eMBEnable
 .text.eMBPoll  0x08002284      0x1ac ..\obj\mb.o
                0x08002284                eMBPoll
 .text.Protocol_Init
                0x08002430      0x134 ..\obj\protocol.o
                0x08002430                Protocol_Init
 .text.Modbus_RS485_Task
                0x08002564       0x38 ..\obj\protocol.o
 .text.Modbus_RS232_Task
                0x0800259c       0x38 ..\obj\protocol.o
 .text.Modbus_USB_CDC_Task
                0x080025d4       0x38 ..\obj\protocol.o
 .text.eMBFuncReadDiscreteInputs
                0x0800260c      0x130 ..\obj\mbfuncdisc.o
                0x0800260c                eMBFuncReadDiscreteInputs
 .text.USBD_USR_Init
                0x0800273c        0xc ..\obj\usbd_usr.o
                0x0800273c                USBD_USR_Init
 .text.USBD_USR_DeviceReset
                0x08002748       0x14 ..\obj\usbd_usr.o
                0x08002748                USBD_USR_DeviceReset
 .text.USBD_USR_DeviceConfigured
                0x0800275c        0xc ..\obj\usbd_usr.o
                0x0800275c                USBD_USR_DeviceConfigured
 .text.USBD_USR_DeviceSuspended
                0x08002768        0xc ..\obj\usbd_usr.o
                0x08002768                USBD_USR_DeviceSuspended
 .text.USBD_USR_DeviceResumed
                0x08002774        0xc ..\obj\usbd_usr.o
                0x08002774                USBD_USR_DeviceResumed
 .text.xMBPortEventInit
                0x08002780       0x20 ..\obj\portevent.o
                0x08002780                xMBPortEventInit
 .text.xMBPortEventPost
                0x080027a0       0x2c ..\obj\portevent.o
                0x080027a0                xMBPortEventPost
 .text.xMBPortEventGet
                0x080027cc       0x60 ..\obj\portevent.o
                0x080027cc                xMBPortEventGet
 .text.eMBFuncReportSlaveID
                0x0800282c       0x44 ..\obj\mbfuncother.o
                0x0800282c                eMBFuncReportSlaveID
 .text.USART_Init
                0x08002870      0x19c ..\obj\stm32f4xx_usart.o
                0x08002870                USART_Init
 .text.USART_Cmd
                0x08002a0c       0x40 ..\obj\stm32f4xx_usart.o
                0x08002a0c                USART_Cmd
 .text.USART_SendData
                0x08002a4c       0x28 ..\obj\stm32f4xx_usart.o
                0x08002a4c                USART_SendData
 .text.USART_ReceiveData
                0x08002a74       0x24 ..\obj\stm32f4xx_usart.o
                0x08002a74                USART_ReceiveData
 .text.USART_ITConfig
                0x08002a98       0xa4 ..\obj\stm32f4xx_usart.o
                0x08002a98                USART_ITConfig
 .text.USART_GetFlagStatus
                0x08002b3c       0x40 ..\obj\stm32f4xx_usart.o
                0x08002b3c                USART_GetFlagStatus
 .text.USART_ClearFlag
                0x08002b7c       0x24 ..\obj\stm32f4xx_usart.o
                0x08002b7c                USART_ClearFlag
 .text.USART_GetITStatus
                0x08002ba0       0xc4 ..\obj\stm32f4xx_usart.o
                0x08002ba0                USART_GetITStatus
 .text.PWR_BackupAccessCmd
                0x08002c64       0x20 ..\obj\stm32f4xx_pwr.o
                0x08002c64                PWR_BackupAccessCmd
 .text.RTC_Clock_Init
                0x08002c84       0x94 ..\obj\rtc.o
                0x08002c84                RTC_Clock_Init
 .text.prveMBError2Exception
                0x08002d18       0x48 ..\obj\mbutils.o
                0x08002d18                prveMBError2Exception
 .text.Default_Reset_Handler
                0x08002d60       0x74 ..\obj\startup_stm32f4xx.o
                0x08002d60                Default_Reset_Handler
                0x08002d60                Reset_Handler
 .text.Default_Handler
                0x08002dd4        0x8 ..\obj\startup_stm32f4xx.o
                0x08002dd4                RTC_Alarm_IRQHandler
                0x08002dd4                HASH_RNG_IRQHandler
                0x08002dd4                EXTI2_IRQHandler
                0x08002dd4                TIM8_CC_IRQHandler
                0x08002dd4                DebugMon_Handler
                0x08002dd4                TIM1_CC_IRQHandler
                0x08002dd4                DMA2_Stream5_IRQHandler
                0x08002dd4                HardFault_Handler
                0x08002dd4                DMA1_Stream5_IRQHandler
                0x08002dd4                SDIO_IRQHandler
                0x08002dd4                TAMP_STAMP_IRQHandler
                0x08002dd4                NMI_Handler
                0x08002dd4                CAN2_RX1_IRQHandler
                0x08002dd4                EXTI3_IRQHandler
                0x08002dd4                TIM8_TRG_COM_TIM14_IRQHandler
                0x08002dd4                TIM8_UP_TIM13_IRQHandler
                0x08002dd4                I2C3_ER_IRQHandler
                0x08002dd4                EXTI0_IRQHandler
                0x08002dd4                I2C2_EV_IRQHandler
                0x08002dd4                DMA1_Stream2_IRQHandler
                0x08002dd4                CAN1_RX0_IRQHandler
                0x08002dd4                FPU_IRQHandler
                0x08002dd4                OTG_HS_WKUP_IRQHandler
                0x08002dd4                UsageFault_Handler
                0x08002dd4                CAN2_SCE_IRQHandler
                0x08002dd4                DMA2_Stream2_IRQHandler
                0x08002dd4                SPI1_IRQHandler
                0x08002dd4                TIM6_DAC_IRQHandler
                0x08002dd4                TIM1_BRK_TIM9_IRQHandler
                0x08002dd4                DCMI_IRQHandler
                0x08002dd4                CAN2_RX0_IRQHandler
                0x08002dd4                DMA2_Stream3_IRQHandler
                0x08002dd4                CRYP_IRQHandler
                0x08002dd4                CAN1_RX1_IRQHandler
                0x08002dd4                UART5_IRQHandler
                0x08002dd4                DMA2_Stream0_IRQHandler
                0x08002dd4                I2C1_EV_IRQHandler
                0x08002dd4                DMA1_Stream6_IRQHandler
                0x08002dd4                DMA1_Stream1_IRQHandler
                0x08002dd4                UART4_IRQHandler
                0x08002dd4                TIM3_IRQHandler
                0x08002dd4                RCC_IRQHandler
                0x08002dd4                TIM8_BRK_TIM12_IRQHandler
                0x08002dd4                EXTI15_10_IRQHandler
                0x08002dd4                ADC_IRQHandler
                0x08002dd4                DMA1_Stream7_IRQHandler
                0x08002dd4                TIM7_IRQHandler
                0x08002dd4                CAN2_TX_IRQHandler
                0x08002dd4                DMA2_Stream7_IRQHandler
                0x08002dd4                I2C3_EV_IRQHandler
                0x08002dd4                EXTI9_5_IRQHandler
                0x08002dd4                RTC_WKUP_IRQHandler
                0x08002dd4                ETH_WKUP_IRQHandler
                0x08002dd4                SPI2_IRQHandler
                0x08002dd4                OTG_HS_EP1_IN_IRQHandler
                0x08002dd4                MemManage_Handler
                0x08002dd4                DMA1_Stream0_IRQHandler
                0x08002dd4                CAN1_TX_IRQHandler
                0x08002dd4                EXTI4_IRQHandler
                0x08002dd4                FSMC_IRQHandler
                0x08002dd4                ETH_IRQHandler
                0x08002dd4                OTG_HS_EP1_OUT_IRQHandler
                0x08002dd4                WWDG_IRQHandler
                0x08002dd4                TIM1_TRG_COM_TIM11_IRQHandler
                0x08002dd4                OTG_HS_IRQHandler
                0x08002dd4                EXTI1_IRQHandler
                0x08002dd4                USART2_IRQHandler
                0x08002dd4                I2C2_ER_IRQHandler
                0x08002dd4                DMA2_Stream1_IRQHandler
                0x08002dd4                CAN1_SCE_IRQHandler
                0x08002dd4                FLASH_IRQHandler
                0x08002dd4                DMA2_Stream4_IRQHandler
                0x08002dd4                BusFault_Handler
                0x08002dd4                USART1_IRQHandler
                0x08002dd4                SPI3_IRQHandler
                0x08002dd4                DMA1_Stream4_IRQHandler
                0x08002dd4                I2C1_ER_IRQHandler
                0x08002dd4                DMA2_Stream6_IRQHandler
                0x08002dd4                DMA1_Stream3_IRQHandler
 .text.eMBFuncWriteHoldingRegister
                0x08002ddc       0x80 ..\obj\mbfuncholding.o
                0x08002ddc                eMBFuncWriteHoldingRegister
 .text.eMBFuncWriteMultipleHoldingRegister
                0x08002e5c       0xd4 ..\obj\mbfuncholding.o
                0x08002e5c                eMBFuncWriteMultipleHoldingRegister
 .text.eMBFuncReadHoldingRegister
                0x08002f30      0x10c ..\obj\mbfuncholding.o
                0x08002f30                eMBFuncReadHoldingRegister
 .text.eMBFuncReadWriteMultipleHoldingRegister
                0x0800303c      0x194 ..\obj\mbfuncholding.o
                0x0800303c                eMBFuncReadWriteMultipleHoldingRegister
 .text.USBD_Init
                0x080031d0       0x58 ..\obj\usbd_core.o
                0x080031d0                USBD_Init
 .text.USBD_DeInit
                0x08003228       0x18 ..\obj\usbd_core.o
                0x08003228                USBD_DeInit
 .text.USBD_SetupStage
                0x08003240       0x70 ..\obj\usbd_core.o
 .text.USBD_DataOutStage
                0x080032b0       0xd4 ..\obj\usbd_core.o
 .text.USBD_DataInStage
                0x08003384      0x114 ..\obj\usbd_core.o
 .text.USBD_Reset
                0x08003498       0x54 ..\obj\usbd_core.o
 .text.USBD_Resume
                0x080034ec       0x2c ..\obj\usbd_core.o
 .text.USBD_Suspend
                0x08003518       0x2c ..\obj\usbd_core.o
 .text.USBD_SOF
                0x08003544       0x30 ..\obj\usbd_core.o
 .text.USBD_SetCfg
                0x08003574       0x34 ..\obj\usbd_core.o
                0x08003574                USBD_SetCfg
 .text.USBD_ClrCfg
                0x080035a8       0x2c ..\obj\usbd_core.o
                0x080035a8                USBD_ClrCfg
 .text.USBD_IsoINIncomplete
                0x080035d4       0x24 ..\obj\usbd_core.o
 .text.USBD_IsoOUTIncomplete
                0x080035f8       0x24 ..\obj\usbd_core.o
 .text.main     0x0800361c       0x14 ..\obj\main.o
                0x0800361c                main
 .text.vApplicationMallocFailedHook
                0x08003630        0x8 ..\obj\main.o
                0x08003630                vApplicationMallocFailedHook
 .text.vApplicationStackOverflowHook
                0x08003638        0xc ..\obj\main.o
                0x08003638                vApplicationStackOverflowHook
 .text.vApplicationIdleHook
                0x08003644       0x18 ..\obj\main.o
                0x08003644                vApplicationIdleHook
 .text.usMBCRC16
                0x0800365c       0x84 ..\obj\mbcrc.o
                0x0800365c                usMBCRC16
 .text.RCC_LSEConfig
                0x080036e0       0x4c ..\obj\stm32f4xx_rcc.o
                0x080036e0                RCC_LSEConfig
 .text.RCC_GetClocksFreq
                0x0800372c      0x178 ..\obj\stm32f4xx_rcc.o
                0x0800372c                RCC_GetClocksFreq
 .text.RCC_RTCCLKConfig
                0x080038a4       0x60 ..\obj\stm32f4xx_rcc.o
                0x080038a4                RCC_RTCCLKConfig
 .text.RCC_RTCCLKCmd
                0x08003904       0x20 ..\obj\stm32f4xx_rcc.o
                0x08003904                RCC_RTCCLKCmd
 .text.RCC_AHB1PeriphClockCmd
                0x08003924       0x40 ..\obj\stm32f4xx_rcc.o
                0x08003924                RCC_AHB1PeriphClockCmd
 .text.RCC_AHB2PeriphClockCmd
                0x08003964       0x40 ..\obj\stm32f4xx_rcc.o
                0x08003964                RCC_AHB2PeriphClockCmd
 .text.RCC_APB1PeriphClockCmd
                0x080039a4       0x40 ..\obj\stm32f4xx_rcc.o
                0x080039a4                RCC_APB1PeriphClockCmd
 .text.RCC_APB2PeriphClockCmd
                0x080039e4       0x40 ..\obj\stm32f4xx_rcc.o
                0x080039e4                RCC_APB2PeriphClockCmd
 .text.RCC_APB1PeriphResetCmd
                0x08003a24       0x40 ..\obj\stm32f4xx_rcc.o
                0x08003a24                RCC_APB1PeriphResetCmd
 .text.RCC_GetFlagStatus
                0x08003a64       0x80 ..\obj\stm32f4xx_rcc.o
                0x08003a64                RCC_GetFlagStatus
 .text.eMBFuncReadFile
                0x08003ae4      0x260 ..\obj\mbfuncfile.o
                0x08003ae4                eMBFuncReadFile
 .text.Log_Read_LogEntry
                0x08003d44       0x58 ..\obj\log.o
                0x08003d44                Log_Read_LogEntry
 .text.eMBFuncReadInputRegister
                0x08003d9c      0x110 ..\obj\mbfuncinput.o
                0x08003d9c                eMBFuncReadInputRegister
 .text.Watchdog_SetTaskStatus
                0x08003eac       0x30 ..\obj\watchdog.o
                0x08003eac                Watchdog_SetTaskStatus
 .text.Watchdog_IncrementCouter
                0x08003edc       0x30 ..\obj\watchdog.o
                0x08003edc                Watchdog_IncrementCouter
 .text.xTaskGenericCreate
                0x08003f0c      0x170 ..\obj\tasks.o
                0x08003f0c                xTaskGenericCreate
 .text.vTaskDelay
                0x0800407c       0x90 ..\obj\tasks.o
                0x0800407c                vTaskDelay
 .text.vTaskStartScheduler
                0x0800410c       0x74 ..\obj\tasks.o
                0x0800410c                vTaskStartScheduler
 .text.vTaskSuspendAll
                0x08004180       0x1c ..\obj\tasks.o
                0x08004180                vTaskSuspendAll
 .text.xTaskResumeAll
                0x0800419c      0x124 ..\obj\tasks.o
                0x0800419c                xTaskResumeAll
 .text.xTaskIncrementTick
                0x080042c0      0x198 ..\obj\tasks.o
                0x080042c0                xTaskIncrementTick
 .text.vTaskSwitchContext
                0x08004458      0x104 ..\obj\tasks.o
                0x08004458                vTaskSwitchContext
 .text.vTaskPlaceOnEventList
                0x0800455c       0x98 ..\obj\tasks.o
                0x0800455c                vTaskPlaceOnEventList
 .text.xTaskRemoveFromEventList
                0x080045f4       0xcc ..\obj\tasks.o
                0x080045f4                xTaskRemoveFromEventList
 .text.vTaskSetTimeOutState
                0x080046c0       0x34 ..\obj\tasks.o
                0x080046c0                vTaskSetTimeOutState
 .text.xTaskCheckForTimeOut
                0x080046f4       0xac ..\obj\tasks.o
                0x080046f4                xTaskCheckForTimeOut
 .text.vTaskMissedYield
                0x080047a0       0x18 ..\obj\tasks.o
                0x080047a0                vTaskMissedYield
 .text.prvIdleTask
                0x080047b8       0x24 ..\obj\tasks.o
 .text.prvInitialiseTCBVariables
                0x080047dc       0xbc ..\obj\tasks.o
 .text.prvInitialiseTaskLists
                0x08004898       0x88 ..\obj\tasks.o
 .text.prvCheckTasksWaitingTermination
                0x08004920       0x7c ..\obj\tasks.o
 .text.prvAddCurrentTaskToDelayedList
                0x0800499c       0x70 ..\obj\tasks.o
 .text.prvAllocateTCBAndStack
                0x08004a0c       0x7c ..\obj\tasks.o
 .text.prvDeleteTCB
                0x08004a88       0x20 ..\obj\tasks.o
 .text.prvResetNextTaskUnblockTime
                0x08004aa8       0x4c ..\obj\tasks.o
 .text.vTaskPriorityInherit
                0x08004af4      0x108 ..\obj\tasks.o
                0x08004af4                vTaskPriorityInherit
 .text.xTaskPriorityDisinherit
                0x08004bfc       0xf4 ..\obj\tasks.o
                0x08004bfc                xTaskPriorityDisinherit
 .text.pvTaskIncrementMutexHeldCount
                0x08004cf0       0x28 ..\obj\tasks.o
                0x08004cf0                pvTaskIncrementMutexHeldCount
 .text.USBD_USR_DeviceDescriptor
                0x08004d18       0x28 ..\obj\usbd_desc.o
                0x08004d18                USBD_USR_DeviceDescriptor
 .text.USBD_USR_LangIDStrDescriptor
                0x08004d40       0x28 ..\obj\usbd_desc.o
                0x08004d40                USBD_USR_LangIDStrDescriptor
 .text.USBD_USR_ProductStrDescriptor
                0x08004d68       0x40 ..\obj\usbd_desc.o
                0x08004d68                USBD_USR_ProductStrDescriptor
 .text.USBD_USR_ManufacturerStrDescriptor
                0x08004da8       0x2c ..\obj\usbd_desc.o
                0x08004da8                USBD_USR_ManufacturerStrDescriptor
 .text.USBD_USR_SerialStrDescriptor
                0x08004dd4       0x40 ..\obj\usbd_desc.o
                0x08004dd4                USBD_USR_SerialStrDescriptor
 .text.USBD_USR_ConfigStrDescriptor
                0x08004e14       0x3c ..\obj\usbd_desc.o
                0x08004e14                USBD_USR_ConfigStrDescriptor
 .text.USBD_USR_InterfaceStrDescriptor
                0x08004e50       0x3c ..\obj\usbd_desc.o
                0x08004e50                USBD_USR_InterfaceStrDescriptor
 .text.FRAM_I2C_Init
                0x08004e8c       0xc8 ..\obj\fram_i2c.o
                0x08004e8c                FRAM_I2C_Init
 .text.FRAM_I2C_Reset
                0x08004f54      0x198 ..\obj\fram_i2c.o
                0x08004f54                FRAM_I2C_Reset
 .text.FRAM_I2C_Read_Buffer
                0x080050ec      0x6bc ..\obj\fram_i2c.o
                0x080050ec                FRAM_I2C_Read_Buffer
 .text.FRAM_I2C_Write_Buffer
                0x080057a8      0x28c ..\obj\fram_i2c.o
                0x080057a8                FRAM_I2C_Write_Buffer
 .text.FRAM_Read_Settings
                0x08005a34       0xa8 ..\obj\fram_i2c.o
                0x08005a34                FRAM_Read_Settings
 .text.FRAM_Write_Settings
                0x08005adc       0x74 ..\obj\fram_i2c.o
                0x08005adc                FRAM_Write_Settings
 .text.GPIO_Init
                0x08005b50      0x144 ..\obj\stm32f4xx_gpio.o
                0x08005b50                GPIO_Init
 .text.GPIO_ReadInputDataBit
                0x08005c94       0x3c ..\obj\stm32f4xx_gpio.o
                0x08005c94                GPIO_ReadInputDataBit
 .text.GPIO_PinAFConfig
                0x08005cd0       0xa8 ..\obj\stm32f4xx_gpio.o
                0x08005cd0                GPIO_PinAFConfig
 .text.RS485TimersInit
                0x08005d78       0xc4 ..\obj\porttimer.o
                0x08005d78                RS485TimersInit
 .text.RS485TimersEnable
                0x08005e3c       0x38 ..\obj\porttimer.o
                0x08005e3c                RS485TimersEnable
 .text.RS485TimersDisable
                0x08005e74       0x38 ..\obj\porttimer.o
                0x08005e74                RS485TimersDisable
 .text.TIM4_IRQHandler
                0x08005eac       0x38 ..\obj\porttimer.o
                0x08005eac                TIM4_IRQHandler
 .text.RS485TimerContextInit
                0x08005ee4       0x54 ..\obj\porttimer.o
                0x08005ee4                RS485TimerContextInit
 .text.RS232TimersInit
                0x08005f38       0xc4 ..\obj\porttimer.o
                0x08005f38                RS232TimersInit
 .text.RS232TimersEnable
                0x08005ffc       0x38 ..\obj\porttimer.o
                0x08005ffc                RS232TimersEnable
 .text.RS232TimersDisable
                0x08006034       0x38 ..\obj\porttimer.o
                0x08006034                RS232TimersDisable
 .text.TIM5_IRQHandler
                0x0800606c       0x38 ..\obj\porttimer.o
                0x0800606c                TIM5_IRQHandler
 .text.RS232TimerContextInit
                0x080060a4       0x54 ..\obj\porttimer.o
                0x080060a4                RS232TimerContextInit
 .text.USB_CDC_TimersInit
                0x080060f8       0xc4 ..\obj\porttimer.o
                0x080060f8                USB_CDC_TimersInit
 .text.USB_CDC_TimersEnable
                0x080061bc       0x38 ..\obj\porttimer.o
                0x080061bc                USB_CDC_TimersEnable
 .text.USB_CDC_TimersDisable
                0x080061f4       0x38 ..\obj\porttimer.o
                0x080061f4                USB_CDC_TimersDisable
 .text.TIM1_UP_TIM10_IRQHandler
                0x0800622c       0x38 ..\obj\porttimer.o
                0x0800622c                TIM1_UP_TIM10_IRQHandler
 .text.USB_CDC_TimerContextInit
                0x08006264       0x54 ..\obj\porttimer.o
                0x08006264                USB_CDC_TimerContextInit
 .text.VCP_Init
                0x080062b8       0x10 ..\obj\usbd_cdc_vcp.o
 .text.VCP_DeInit
                0x080062c8       0x10 ..\obj\usbd_cdc_vcp.o
 .text.VCP_Ctrl
                0x080062d8       0xbc ..\obj\usbd_cdc_vcp.o
 .text.VCP_DataTx
                0x08006394       0x68 ..\obj\usbd_cdc_vcp.o
                0x08006394                VCP_DataTx
 .text.VCP_DataRx
                0x080063fc       0x7c ..\obj\usbd_cdc_vcp.o
                0x080063fc                VCP_DataRx
 .text.VCP_get_char
                0x08006478       0x60 ..\obj\usbd_cdc_vcp.o
                0x08006478                VCP_get_char
 .text.eMBRTUInit
                0x080064d8       0x84 ..\obj\mbrtu.o
                0x080064d8                eMBRTUInit
 .text.eMBRTUStart
                0x0800655c       0x38 ..\obj\mbrtu.o
                0x0800655c                eMBRTUStart
 .text.eMBRTUStop
                0x08006594       0x30 ..\obj\mbrtu.o
                0x08006594                eMBRTUStop
 .text.eMBRTUReceive
                0x080065c4       0x8c ..\obj\mbrtu.o
                0x080065c4                eMBRTUReceive
 .text.eMBRTUSend
                0x08006650       0xe8 ..\obj\mbrtu.o
                0x08006650                eMBRTUSend
 .text.xMBRTUReceiveFSM
                0x08006738       0xd0 ..\obj\mbrtu.o
                0x08006738                xMBRTUReceiveFSM
 .text.xMBRTUTransmitFSM
                0x08006808       0xb0 ..\obj\mbrtu.o
                0x08006808                xMBRTUTransmitFSM
 .text.xMBRTUTimerT35Expired
                0x080068b8       0x60 ..\obj\mbrtu.o
                0x080068b8                xMBRTUTimerT35Expired
 .text.vListInitialise
                0x08006918       0x40 ..\obj\list.o
                0x08006918                vListInitialise
 .text.vListInitialiseItem
                0x08006958       0x1c ..\obj\list.o
                0x08006958                vListInitialiseItem
 .text.vListInsertEnd
                0x08006974       0x48 ..\obj\list.o
                0x08006974                vListInsertEnd
 .text.vListInsert
                0x080069bc       0x74 ..\obj\list.o
                0x080069bc                vListInsert
 .text.uxListRemove
                0x08006a30       0x58 ..\obj\list.o
                0x08006a30                uxListRemove
 .text.SystemInit
                0x08006a88       0x6c ..\obj\system_stm32f4xx.o
                0x08006a88                SystemInit
 .text.SetSysClock
                0x08006af4      0x100 ..\obj\system_stm32f4xx.o
 .text.USB_OTG_BSP_Init
                0x08006bf4       0xcc ..\obj\usb_bsp.o
                0x08006bf4                USB_OTG_BSP_Init
 .text.USB_OTG_BSP_EnableInterrupt
                0x08006cc0       0x3c ..\obj\usb_bsp.o
                0x08006cc0                USB_OTG_BSP_EnableInterrupt
 .text.USB_OTG_BSP_uDelay
                0x08006cfc       0x58 ..\obj\usb_bsp.o
                0x08006cfc                USB_OTG_BSP_uDelay
 .text.USB_OTG_BSP_mDelay
                0x08006d54       0x20 ..\obj\usb_bsp.o
                0x08006d54                USB_OTG_BSP_mDelay
 .text.OTG_FS_WKUP_IRQHandler
                0x08006d74       0x34 ..\obj\usb_bsp.o
                0x08006d74                OTG_FS_WKUP_IRQHandler
 .text.OTG_FS_IRQHandler
                0x08006da8       0x10 ..\obj\usb_bsp.o
                0x08006da8                OTG_FS_IRQHandler
 .text.USBD_StdDevReq
                0x08006db8       0xa4 ..\obj\usbd_req.o
                0x08006db8                USBD_StdDevReq
 .text.USBD_StdItfReq
                0x08006e5c       0x6c ..\obj\usbd_req.o
                0x08006e5c                USBD_StdItfReq
 .text.USBD_StdEPReq
                0x08006ec8      0x1c8 ..\obj\usbd_req.o
                0x08006ec8                USBD_StdEPReq
 .text.USBD_GetDescriptor
                0x08007090      0x1c8 ..\obj\usbd_req.o
 .text.USBD_SetAddress
                0x08007258       0x80 ..\obj\usbd_req.o
 .text.USBD_SetConfig
                0x080072d8       0xf8 ..\obj\usbd_req.o
 .text.USBD_GetConfig
                0x080073d0       0x64 ..\obj\usbd_req.o
 .text.USBD_GetStatus
                0x08007434       0x58 ..\obj\usbd_req.o
 .text.USBD_SetFeature
                0x0800748c       0xe0 ..\obj\usbd_req.o
 .text.USBD_ClrFeature
                0x0800756c       0x58 ..\obj\usbd_req.o
 .text.USBD_ParseSetupRequest
                0x080075c4       0x94 ..\obj\usbd_req.o
                0x080075c4                USBD_ParseSetupRequest
 .text.USBD_CtlError
                0x08007658       0x50 ..\obj\usbd_req.o
                0x08007658                USBD_CtlError
 .text.USBD_GetString
                0x080076a8       0x9c ..\obj\usbd_req.o
                0x080076a8                USBD_GetString
 .text.USBD_GetLen
                0x08007744       0x38 ..\obj\usbd_req.o
 .text.pxPortInitialiseStack
                0x0800777c       0x60 ..\obj\port.o
                0x0800777c                pxPortInitialiseStack
 .text.prvTaskExitError
                0x080077dc       0x20 ..\obj\port.o
 .text.SVC_Handler
                0x080077fc       0x24 ..\obj\port.o
                0x080077fc                SVC_Handler
 .text.prvPortStartFirstTask
                0x08007820       0x20 ..\obj\port.o
 .text.xPortStartScheduler
                0x08007840       0xcc ..\obj\port.o
                0x08007840                xPortStartScheduler
 .text.vPortYield
                0x0800790c       0x20 ..\obj\port.o
                0x0800790c                vPortYield
 .text.vPortEnterCritical
                0x0800792c       0x40 ..\obj\port.o
                0x0800792c                vPortEnterCritical
 .text.vPortExitCritical
                0x0800796c       0x34 ..\obj\port.o
                0x0800796c                vPortExitCritical
 .text.ulPortSetInterruptMask
                0x080079a0       0x14 ..\obj\port.o
                0x080079a0                ulPortSetInterruptMask
 .text.vPortClearInterruptMask
                0x080079b4        0x8 ..\obj\port.o
                0x080079b4                vPortClearInterruptMask
 .text.PendSV_Handler
                0x080079bc       0x44 ..\obj\port.o
                0x080079bc                PendSV_Handler
 .text.SysTick_Handler
                0x08007a00       0x28 ..\obj\port.o
                0x08007a00                SysTick_Handler
 .text.vPortSetupTimerInterrupt
                0x08007a28       0x24 ..\obj\port.o
                0x08007a28                vPortSetupTimerInterrupt
 .text.vPortValidateInterruptPriority
                0x08007a4c       0x5c ..\obj\port.o
                0x08007a4c                vPortValidateInterruptPriority
 .text.xQueueGenericReset
                0x08007aa8       0xc0 ..\obj\queue.o
                0x08007aa8                xQueueGenericReset
 .text.xQueueGenericCreate
                0x08007b68       0xa0 ..\obj\queue.o
                0x08007b68                xQueueGenericCreate
 .text.xQueueCreateMutex
                0x08007c08       0xa4 ..\obj\queue.o
                0x08007c08                xQueueCreateMutex
 .text.xQueueGenericSend
                0x08007cac      0x188 ..\obj\queue.o
                0x08007cac                xQueueGenericSend
 .text.xQueueGiveFromISR
                0x08007e34       0xac ..\obj\queue.o
                0x08007e34                xQueueGiveFromISR
 .text.xQueueGenericReceive
                0x08007ee0      0x1b8 ..\obj\queue.o
                0x08007ee0                xQueueGenericReceive
 .text.prvCopyDataToQueue
                0x08008098       0xe8 ..\obj\queue.o
 .text.prvCopyDataFromQueue
                0x08008180       0x50 ..\obj\queue.o
 .text.prvUnlockQueue
                0x080081d0       0xa0 ..\obj\queue.o
 .text.prvIsQueueEmpty
                0x08008270       0x34 ..\obj\queue.o
 .text.prvIsQueueFull
                0x080082a4       0x38 ..\obj\queue.o
 .text.USBD_OTG_ISR_Handler
                0x080082dc      0x164 ..\obj\usb_dcd_int.o
                0x080082dc                USBD_OTG_ISR_Handler
 .text.DCD_HandleResume_ISR
                0x08008440       0x88 ..\obj\usb_dcd_int.o
 .text.DCD_HandleUSBSuspend_ISR
                0x080084c8       0xa4 ..\obj\usb_dcd_int.o
 .text.DCD_HandleInEP_ISR
                0x0800856c      0x22c ..\obj\usb_dcd_int.o
 .text.DCD_HandleOutEP_ISR
                0x08008798      0x1a8 ..\obj\usb_dcd_int.o
 .text.DCD_HandleSof_ISR
                0x08008940       0x3c ..\obj\usb_dcd_int.o
 .text.DCD_HandleRxStatusQueueLevel_ISR
                0x0800897c      0x114 ..\obj\usb_dcd_int.o
 .text.DCD_WriteEmptyTxFifo
                0x08008a90      0x130 ..\obj\usb_dcd_int.o
 .text.DCD_HandleUsbReset_ISR
                0x08008bc0      0x16c ..\obj\usb_dcd_int.o
 .text.DCD_HandleEnumDone_ISR
                0x08008d2c       0x88 ..\obj\usb_dcd_int.o
 .text.DCD_IsoINIncomplete_ISR
                0x08008db4       0x3c ..\obj\usb_dcd_int.o
 .text.DCD_IsoOUTIncomplete_ISR
                0x08008df0       0x3c ..\obj\usb_dcd_int.o
 .text.DCD_ReadDevInEP
                0x08008e2c       0x58 ..\obj\usb_dcd_int.o
 .text.NVIC_EnableIRQ
                0x08008e84       0x34 ..\obj\portserial.o
 .text.RS485SerialEnable
                0x08008eb8      0x10c ..\obj\portserial.o
                0x08008eb8                RS485SerialEnable
 .text.RS485SerialInit
                0x08008fc4      0x150 ..\obj\portserial.o
                0x08008fc4                RS485SerialInit
 .text.RS485SerialPutByte
                0x08009114       0x3c ..\obj\portserial.o
                0x08009114                RS485SerialPutByte
 .text.RS485SerialGetByte
                0x08009150       0x34 ..\obj\portserial.o
                0x08009150                RS485SerialGetByte
 .text.USART3_IRQHandler
                0x08009184       0x90 ..\obj\portserial.o
                0x08009184                USART3_IRQHandler
 .text.RS485SerialContextInit
                0x08009214       0x60 ..\obj\portserial.o
                0x08009214                RS485SerialContextInit
 .text.RS232SerialEnable
                0x08009274       0x88 ..\obj\portserial.o
                0x08009274                RS232SerialEnable
 .text.RS232SerialInit
                0x080092fc      0x11c ..\obj\portserial.o
                0x080092fc                RS232SerialInit
 .text.RS232SerialPutByte
                0x08009418       0x3c ..\obj\portserial.o
                0x08009418                RS232SerialPutByte
 .text.RS232SerialGetByte
                0x08009454       0x34 ..\obj\portserial.o
                0x08009454                RS232SerialGetByte
 .text.USART6_IRQHandler
                0x08009488       0x90 ..\obj\portserial.o
                0x08009488                USART6_IRQHandler
 .text.RS232SerialContextInit
                0x08009518       0x60 ..\obj\portserial.o
                0x08009518                RS232SerialContextInit
 .text.USB_CDC_SerialPutByte
                0x08009578       0x3c ..\obj\portserial.o
                0x08009578                USB_CDC_SerialPutByte
 .text.USB_CDC_SerialGetByte
                0x080095b4       0x28 ..\obj\portserial.o
                0x080095b4                USB_CDC_SerialGetByte
 .text.USB_CDC_SerialInit
                0x080095dc       0x80 ..\obj\portserial.o
                0x080095dc                USB_CDC_SerialInit
 .text.USB_CDC_SerialEnable
                0x0800965c       0x44 ..\obj\portserial.o
                0x0800965c                USB_CDC_SerialEnable
 .text.USB_CDC_SerialContextInit
                0x080096a0       0x60 ..\obj\portserial.o
                0x080096a0                USB_CDC_SerialContextInit
 .text.USB_CDC_Task
                0x08009700       0x44 ..\obj\portserial.o
 .text.usbd_cdc_Init
                0x08009744       0xc0 ..\obj\usbd_cdc_core.o
 .text.usbd_cdc_DeInit
                0x08009804       0x44 ..\obj\usbd_cdc_core.o
 .text.usbd_cdc_Setup
                0x08009848      0x138 ..\obj\usbd_cdc_core.o
 .text.usbd_cdc_EP0_RxReady
                0x08009980       0x48 ..\obj\usbd_cdc_core.o
 .text.usbd_cdc_DataIn
                0x080099c8       0xd4 ..\obj\usbd_cdc_core.o
 .text.usbd_cdc_DataOut
                0x08009a9c       0x60 ..\obj\usbd_cdc_core.o
 .text.usbd_cdc_SOF
                0x08009afc       0x44 ..\obj\usbd_cdc_core.o
 .text.Handle_USBAsynchXfer
                0x08009b40      0x114 ..\obj\usbd_cdc_core.o
 .text.USBD_cdc_GetCfgDesc
                0x08009c54       0x28 ..\obj\usbd_cdc_core.o
 .text.SPI_Init
                0x08009c7c       0x88 ..\obj\stm32f4xx_spi.o
                0x08009c7c                SPI_Init
 .text.SPI_Cmd  0x08009d04       0x40 ..\obj\stm32f4xx_spi.o
                0x08009d04                SPI_Cmd
 .text.SPI_CalculateCRC
                0x08009d44       0x40 ..\obj\stm32f4xx_spi.o
                0x08009d44                SPI_CalculateCRC
 .text.eMBFuncReadCoils
                0x08009d84      0x134 ..\obj\mbfunccoils.o
                0x08009d84                eMBFuncReadCoils
 .text.eMBFuncWriteCoil
                0x08009eb8       0xcc ..\obj\mbfunccoils.o
                0x08009eb8                eMBFuncWriteCoil
 .text.eMBFuncWriteMultipleCoils
                0x08009f84       0xf4 ..\obj\mbfunccoils.o
                0x08009f84                eMBFuncWriteMultipleCoils
 .text.ADS1220_init
                0x0800a078       0xe8 ..\obj\ADS1220.o
                0x0800a078                ADS1220_init
 .text.ADC_SPI_config
                0x0800a160      0x13c ..\obj\ADS1220.o
 .text.ADC_SPI_send
                0x0800a29c       0x4c ..\obj\ADS1220.o
                0x0800a29c                ADC_SPI_send
 .text.ADC_SPI_read
                0x0800a2e8       0x14 ..\obj\ADS1220.o
                0x0800a2e8                ADC_SPI_read
 .text.ADC_RTD1_Task
                0x0800a2fc      0x308 ..\obj\ADS1220.o
 .text.ADC_RTD2_Task
                0x0800a604      0x308 ..\obj\ADS1220.o
 .text.ADC_Current1_Task
                0x0800a90c      0x3b4 ..\obj\ADS1220.o
 .text.ADC_Current2_Task
                0x0800acc0      0x3b4 ..\obj\ADS1220.o
 *fill*         0x0800b074        0x4 
 .text.PT100_Code_To_Temperature
                0x0800b078      0x140 ..\obj\ADS1220.o
                0x0800b078                PT100_Code_To_Temperature
 .text.Code_To_Current
                0x0800b1b8       0xb0 ..\obj\ADS1220.o
                0x0800b1b8                Code_To_Current
 .text.I2C_DeInit
                0x0800b268       0x80 ..\obj\stm32f4xx_i2c.o
                0x0800b268                I2C_DeInit
 .text.I2C_Init
                0x0800b2e8      0x1a4 ..\obj\stm32f4xx_i2c.o
                0x0800b2e8                I2C_Init
 .text.I2C_Cmd  0x0800b48c       0x40 ..\obj\stm32f4xx_i2c.o
                0x0800b48c                I2C_Cmd
 .text.I2C_GenerateSTART
                0x0800b4cc       0x40 ..\obj\stm32f4xx_i2c.o
                0x0800b4cc                I2C_GenerateSTART
 .text.I2C_GenerateSTOP
                0x0800b50c       0x40 ..\obj\stm32f4xx_i2c.o
                0x0800b50c                I2C_GenerateSTOP
 .text.I2C_Send7bitAddress
                0x0800b54c       0x3c ..\obj\stm32f4xx_i2c.o
                0x0800b54c                I2C_Send7bitAddress
 .text.I2C_AcknowledgeConfig
                0x0800b588       0x40 ..\obj\stm32f4xx_i2c.o
                0x0800b588                I2C_AcknowledgeConfig
 .text.I2C_NACKPositionConfig
                0x0800b5c8       0x40 ..\obj\stm32f4xx_i2c.o
                0x0800b5c8                I2C_NACKPositionConfig
 .text.I2C_SendData
                0x0800b608       0x20 ..\obj\stm32f4xx_i2c.o
                0x0800b608                I2C_SendData
 .text.I2C_ReceiveData
                0x0800b628       0x1c ..\obj\stm32f4xx_i2c.o
                0x0800b628                I2C_ReceiveData
 .text.I2C_CheckEvent
                0x0800b644       0x70 ..\obj\stm32f4xx_i2c.o
                0x0800b644                I2C_CheckEvent
 .text.I2C_GetFlagStatus
                0x0800b6b4       0x78 ..\obj\stm32f4xx_i2c.o
                0x0800b6b4                I2C_GetFlagStatus
 .text.NVIC_EnableIRQ
                0x0800b72c       0x34 ..\obj\frequency.o
 .text.FrequencyMeasureInit
                0x0800b760      0x340 ..\obj\frequency.o
                0x0800b760                FrequencyMeasureInit
 .text.TIM2_IRQHandler
                0x0800baa0      0x13c ..\obj\frequency.o
                0x0800baa0                TIM2_IRQHandler
 .text.FrequencyCH1Measure_Task
                0x0800bbdc      0x1a8 ..\obj\frequency.o
 .text.FrequencyCH2Measure_Task
                0x0800bd84      0x1a8 ..\obj\frequency.o
 .text.EXTI_GetITStatus
                0x0800bf2c       0x50 ..\obj\stm32f4xx_exti.o
                0x0800bf2c                EXTI_GetITStatus
 .text.EXTI_ClearITPendingBit
                0x0800bf7c       0x1c ..\obj\stm32f4xx_exti.o
                0x0800bf7c                EXTI_ClearITPendingBit
 .text.NVIC_PriorityGroupConfig
                0x0800bf98       0x24 ..\obj\misc.o
                0x0800bf98                NVIC_PriorityGroupConfig
 .text.NVIC_Init
                0x0800bfbc       0xd4 ..\obj\misc.o
                0x0800bfbc                NVIC_Init
 .text.DCD_Init
                0x0800c090      0x12c ..\obj\usb_dcd.o
                0x0800c090                DCD_Init
 .text.DCD_EP_Open
                0x0800c1bc       0xac ..\obj\usb_dcd.o
                0x0800c1bc                DCD_EP_Open
 .text.DCD_EP_Close
                0x0800c268       0x80 ..\obj\usb_dcd.o
                0x0800c268                DCD_EP_Close
 .text.DCD_EP_PrepareRx
                0x0800c2e8       0x8c ..\obj\usb_dcd.o
                0x0800c2e8                DCD_EP_PrepareRx
 .text.DCD_EP_Tx
                0x0800c374       0x84 ..\obj\usb_dcd.o
                0x0800c374                DCD_EP_Tx
 .text.DCD_EP_Stall
                0x0800c3f8       0x84 ..\obj\usb_dcd.o
                0x0800c3f8                DCD_EP_Stall
 .text.DCD_EP_ClrStall
                0x0800c47c       0x84 ..\obj\usb_dcd.o
                0x0800c47c                DCD_EP_ClrStall
 .text.DCD_EP_SetAddress
                0x0800c500       0x3c ..\obj\usb_dcd.o
                0x0800c500                DCD_EP_SetAddress
 .text.RTC_Init
                0x0800c53c       0x88 ..\obj\stm32f4xx_rtc.o
                0x0800c53c                RTC_Init
 .text.RTC_StructInit
                0x0800c5c4       0x2c ..\obj\stm32f4xx_rtc.o
                0x0800c5c4                RTC_StructInit
 .text.RTC_EnterInitMode
                0x0800c5f0       0x80 ..\obj\stm32f4xx_rtc.o
                0x0800c5f0                RTC_EnterInitMode
 .text.RTC_ExitInitMode
                0x0800c670       0x1c ..\obj\stm32f4xx_rtc.o
                0x0800c670                RTC_ExitInitMode
 .text.RTC_WaitForSynchro
                0x0800c68c       0x88 ..\obj\stm32f4xx_rtc.o
                0x0800c68c                RTC_WaitForSynchro
 .text.RTC_SetTime
                0x0800c714      0x124 ..\obj\stm32f4xx_rtc.o
                0x0800c714                RTC_SetTime
 .text.RTC_GetTime
                0x0800c838       0xa4 ..\obj\stm32f4xx_rtc.o
                0x0800c838                RTC_GetTime
 .text.RTC_SetDate
                0x0800c8dc      0x12c ..\obj\stm32f4xx_rtc.o
                0x0800c8dc                RTC_SetDate
 .text.RTC_GetDate
                0x0800ca08       0xa4 ..\obj\stm32f4xx_rtc.o
                0x0800ca08                RTC_GetDate
 .text.RTC_WriteBackupRegister
                0x0800caac       0x34 ..\obj\stm32f4xx_rtc.o
                0x0800caac                RTC_WriteBackupRegister
 .text.RTC_ByteToBcd2
                0x0800cae0       0x44 ..\obj\stm32f4xx_rtc.o
 .text.RTC_Bcd2ToByte
                0x0800cb24       0x40 ..\obj\stm32f4xx_rtc.o
 .text.USBD_CtlSendData
                0x0800cb64       0x48 ..\obj\usbd_ioreq.o
                0x0800cb64                USBD_CtlSendData
 .text.USBD_CtlContinueSendData
                0x0800cbac       0x30 ..\obj\usbd_ioreq.o
                0x0800cbac                USBD_CtlContinueSendData
 .text.USBD_CtlPrepareRx
                0x0800cbdc       0x48 ..\obj\usbd_ioreq.o
                0x0800cbdc                USBD_CtlPrepareRx
 .text.USBD_CtlContinueRx
                0x0800cc24       0x30 ..\obj\usbd_ioreq.o
                0x0800cc24                USBD_CtlContinueRx
 .text.USBD_CtlSendStatus
                0x0800cc54       0x3c ..\obj\usbd_ioreq.o
                0x0800cc54                USBD_CtlSendStatus
 .text.USBD_CtlReceiveStatus
                0x0800cc90       0x3c ..\obj\usbd_ioreq.o
                0x0800cc90                USBD_CtlReceiveStatus
 .text.pvPortMalloc
                0x0800cccc      0x138 ..\obj\heap_2.o
                0x0800cccc                pvPortMalloc
 .text.vPortFree
                0x0800ce04       0x7c ..\obj\heap_2.o
                0x0800ce04                vPortFree
 .text.xPortGetFreeHeapSize
                0x0800ce80       0x14 ..\obj\heap_2.o
                0x0800ce80                xPortGetFreeHeapSize
 .text.prvHeapInit
                0x0800ce94       0x54 ..\obj\heap_2.o
 .text.ControllerInit
                0x0800cee8       0x44 ..\obj\controller.o
                0x0800cee8                ControllerInit
 .text.Controller_RestoreSettings
                0x0800cf2c       0x3c ..\obj\controller.o
                0x0800cf2c                Controller_RestoreSettings
 .text.TIM_TimeBaseInit
                0x0800cf68       0xd8 ..\obj\stm32f4xx_tim.o
                0x0800cf68                TIM_TimeBaseInit
 .text.TIM_TimeBaseStructInit
                0x0800d040       0x3c ..\obj\stm32f4xx_tim.o
                0x0800d040                TIM_TimeBaseStructInit
 .text.TIM_SetCounter
                0x0800d07c       0x1c ..\obj\stm32f4xx_tim.o
                0x0800d07c                TIM_SetCounter
 .text.TIM_ARRPreloadConfig
                0x0800d098       0x40 ..\obj\stm32f4xx_tim.o
                0x0800d098                TIM_ARRPreloadConfig
 .text.TIM_Cmd  0x0800d0d8       0x40 ..\obj\stm32f4xx_tim.o
                0x0800d0d8                TIM_Cmd
 .text.TIM_ICInit
                0x0800d118       0xa8 ..\obj\stm32f4xx_tim.o
                0x0800d118                TIM_ICInit
 .text.TIM_SetIC1Prescaler
                0x0800d1c0       0x38 ..\obj\stm32f4xx_tim.o
                0x0800d1c0                TIM_SetIC1Prescaler
 .text.TIM_SetIC2Prescaler
                0x0800d1f8       0x3c ..\obj\stm32f4xx_tim.o
                0x0800d1f8                TIM_SetIC2Prescaler
 .text.TIM_SetIC3Prescaler
                0x0800d234       0x38 ..\obj\stm32f4xx_tim.o
                0x0800d234                TIM_SetIC3Prescaler
 .text.TIM_SetIC4Prescaler
                0x0800d26c       0x3c ..\obj\stm32f4xx_tim.o
                0x0800d26c                TIM_SetIC4Prescaler
 .text.TIM_ITConfig
                0x0800d2a8       0x48 ..\obj\stm32f4xx_tim.o
                0x0800d2a8                TIM_ITConfig
 .text.TIM_ClearFlag
                0x0800d2f0       0x24 ..\obj\stm32f4xx_tim.o
                0x0800d2f0                TIM_ClearFlag
 .text.TIM_ClearITPendingBit
                0x0800d314       0x24 ..\obj\stm32f4xx_tim.o
                0x0800d314                TIM_ClearITPendingBit
 .text.TIM_ETRClockMode2Config
                0x0800d338       0x34 ..\obj\stm32f4xx_tim.o
                0x0800d338                TIM_ETRClockMode2Config
 .text.TIM_ETRConfig
                0x0800d36c       0x4c ..\obj\stm32f4xx_tim.o
                0x0800d36c                TIM_ETRConfig
 .text.TI1_Config
                0x0800d3b8       0x80 ..\obj\stm32f4xx_tim.o
 .text.TI2_Config
                0x0800d438       0x9c ..\obj\stm32f4xx_tim.o
 .text.TI3_Config
                0x0800d4d4       0x8c ..\obj\stm32f4xx_tim.o
 .text.TI4_Config
                0x0800d560       0xa4 ..\obj\stm32f4xx_tim.o
 .text.NVIC_SystemReset
                0x0800d604       0x28 ..\obj\power_detector.o
 .text.PVD_IRQHandler
                0x0800d62c       0x20 ..\obj\power_detector.o
                0x0800d62c                PVD_IRQHandler
 .text.memcmp   0x0800d64c       0x68 C:\Program Files\CooCox\CoIDE\gcc\Sourcery G++ Lite\arm-none-eabi\lib\armv7e-m\softfp\libc.a(lib_a-memcmp.o)
                0x0800d64c                memcmp
 .text          0x0800d6b4      0x134 C:\Program Files\CooCox\CoIDE\gcc\Sourcery G++ Lite\arm-none-eabi\lib\armv7e-m\softfp\libc.a(lib_a-memcpy.o)
                0x0800d6b4                memcpy
 .text.memset   0x0800d7e8       0x94 C:\Program Files\CooCox\CoIDE\gcc\Sourcery G++ Lite\arm-none-eabi\lib\armv7e-m\softfp\libc.a(lib_a-memset.o)
                0x0800d7e8                memset
 .text.sqrtf    0x0800d87c       0xb0 C:\Program Files\CooCox\CoIDE\gcc\Sourcery G++ Lite\arm-none-eabi\lib\armv7e-m\softfp\libm.a(lib_a-wf_sqrt.o)
                0x0800d87c                sqrtf
 .text.__ieee754_sqrtf
                0x0800d92c       0xac C:\Program Files\CooCox\CoIDE\gcc\Sourcery G++ Lite\arm-none-eabi\lib\armv7e-m\softfp\libm.a(lib_a-ef_sqrt.o)
                0x0800d92c                __ieee754_sqrtf
 .text.matherr  0x0800d9d8        0x4 C:\Program Files\CooCox\CoIDE\gcc\Sourcery G++ Lite\arm-none-eabi\lib\armv7e-m\softfp\libm.a(lib_a-s_matherr.o)
                0x0800d9d8                matherr
 .text.__fpclassifyf
                0x0800d9dc       0x34 C:\Program Files\CooCox\CoIDE\gcc\Sourcery G++ Lite\arm-none-eabi\lib\armv7e-m\softfp\libm.a(lib_a-sf_fpclassify.o)
                0x0800d9dc                __fpclassifyf
 .text          0x0800da10      0x370 C:\Program Files\CooCox\CoIDE\gcc\Sourcery G++ Lite\arm-none-eabi\lib\armv7e-m\softfp\libgcc.a(_arm_addsubdf3.o)
                0x0800da10                __aeabi_drsub
                0x0800da18                __aeabi_dsub
                0x0800da18                __subdf3
                0x0800da1c                __aeabi_dadd
                0x0800da1c                __adddf3
                0x0800dc94                __floatunsidf
                0x0800dc94                __aeabi_ui2d
                0x0800dcb4                __floatsidf
                0x0800dcb4                __aeabi_i2d
                0x0800dcd8                __aeabi_f2d
                0x0800dcd8                __extendsfdf2
                0x0800dd14                __floatundidf
                0x0800dd14                __aeabi_ul2d
                0x0800dd24                __floatdidf
                0x0800dd24                __aeabi_l2d
 .text          0x0800dd80      0x424 C:\Program Files\CooCox\CoIDE\gcc\Sourcery G++ Lite\arm-none-eabi\lib\armv7e-m\softfp\libgcc.a(_arm_muldivdf3.o)
                0x0800dd80                __aeabi_dmul
                0x0800dd80                __muldf3
                0x0800dfd4                __divdf3
                0x0800dfd4                __aeabi_ddiv
 .text          0x0800e1a4       0xa0 C:\Program Files\CooCox\CoIDE\gcc\Sourcery G++ Lite\arm-none-eabi\lib\armv7e-m\softfp\libgcc.a(_arm_truncdfsf2.o)
                0x0800e1a4                __truncdfsf2
                0x0800e1a4                __aeabi_d2f
 .text.__errno  0x0800e244        0xc C:\Program Files\CooCox\CoIDE\gcc\Sourcery G++ Lite\arm-none-eabi\lib\armv7e-m\softfp\libc.a(lib_a-errno.o)
                0x0800e244                __errno
 *(.init)
 *(.fini)
 *crtbegin.o(.ctors)
 *crtbegin?.o(.ctors)
 *(EXCLUDE_FILE(*crtend.o *crtend?.o) .ctors)
 *(SORT(.ctors.*))
 *(.ctors)
 *crtbegin.o(.dtors)
 *crtbegin?.o(.dtors)
 *(EXCLUDE_FILE(*crtend.o *crtend?.o) .dtors)
 *(SORT(.dtors.*))
 *(.dtors)
 *(.rodata*)
 .rodata        0x0800e250       0x2c ..\obj\protocol.o
 .rodata        0x0800e27c      0x200 ..\obj\mbcrc.o
 .rodata        0x0800e47c       0x1c ..\obj\tasks.o
 .rodata        0x0800e498       0x98 ..\obj\usbd_desc.o
 .rodata        0x0800e530        0x4 ..\obj\port.o
 .rodata        0x0800e534        0xc ..\obj\portserial.o
 .rodata        0x0800e540       0x58 ..\obj\ADS1220.o
 .rodata        0x0800e598       0x18 ..\obj\frequency.o
 .rodata        0x0800e5b0        0x2 ..\obj\heap_2.o
 *fill*         0x0800e5b2        0x2 
 .rodata        0x0800e5b4       0x84 ..\obj\controller.o
                0x0800e5b4                stSettingsDefault
 .rodata.str1.4
                0x0800e638        0x8 C:\Program Files\CooCox\CoIDE\gcc\Sourcery G++ Lite\arm-none-eabi\lib\armv7e-m\softfp\libm.a(lib_a-wf_sqrt.o)
 *(.eh_fram e*)

.glue_7         0x0800e640        0x0
 .glue_7        0x00000000        0x0 linker stubs

.glue_7t        0x0800e640        0x0
 .glue_7t       0x00000000        0x0 linker stubs

.vfp11_veneer   0x0800e640        0x0
 .vfp11_veneer  0x00000000        0x0 linker stubs

.v4_bx          0x0800e640        0x0
 .v4_bx         0x00000000        0x0 linker stubs

.iplt           0x0800e640        0x0
 .iplt          0x00000000        0x0 ..\obj\stm32f4xx_syscfg.o

.rel.dyn        0x0800e640        0x0
 .rel.iplt      0x00000000        0x0 ..\obj\stm32f4xx_syscfg.o

.ARM.extab
 *(.ARM.extab* .gnu.linkonce.armextab.*)
                0x0800e640                __exidx_start = .

.ARM.exidx
 *(.ARM.exidx* .gnu.linkonce.armexidx.*)
                0x0800e640                __exidx_end = .
                0x0800e640                __etext = .
                0x0800e640                _sidata = __etext

.data           0x20000000      0x2cc load address 0x0800e640
                0x20000000                __data_start__ = .
                0x20000000                _sdata = __data_start__
 *(vtable)
 *(.data*)
 .data          0x20000000        0x6 ..\obj\mbport.o
                0x20000000                REG_INPUT_START
                0x20000001                REG_HOLDING_START
                0x20000002                REG_INPUT_NREGS
                0x20000003                REG_HOLDING_NREGS
                0x20000004                usRegInputStart
                0x20000005                usRegHoldingStart
 *fill*         0x20000006        0x2 
 .data          0x20000008       0x88 ..\obj\mb.o
 .data          0x20000090       0x1c ..\obj\usbd_usr.o
                0x20000090                USR_cb
 .data          0x200000ac       0x30 ..\obj\usbd_core.o
                0x200000ac                USBD_DCD_INT_cb
                0x200000d8                USBD_DCD_INT_fops
 .data          0x200000dc       0x10 ..\obj\stm32f4xx_rcc.o
 .data          0x200000ec       0xf4 ..\obj\printf.o
                0x200000ec                r
                0x200001dc                _impure_ptr
 .data          0x200001e0        0x4 ..\obj\tasks.o
 .data          0x200001e4       0x40 ..\obj\usbd_desc.o
                0x200001e4                USR_desc
                0x20000200                USBD_DeviceDesc
                0x20000214                USBD_DeviceQualifierDesc
                0x20000220                USBD_LangIDDesc
 .data          0x20000224       0x14 ..\obj\usbd_cdc_vcp.o
                0x20000224                VCP_fops
 .data          0x20000238       0x14 ..\obj\system_stm32f4xx.o
                0x20000238                SystemCoreClock
                0x2000023c                AHBPrescTable
 .data          0x2000024c        0x4 ..\obj\port.o
 .data          0x20000250       0x74 ..\obj\usbd_cdc_core.o
                0x20000250                usbd_cdc_CfgDesc
                0x20000298                USBD_CDC_cb
 .data          0x200002c4        0x4 ..\obj\heap_2.o
 .data.__fdlib_version
                0x200002c8        0x1 C:\Program Files\CooCox\CoIDE\gcc\Sourcery G++ Lite\arm-none-eabi\lib\armv7e-m\softfp\libm.a(lib_a-s_lib_ver.o)
                0x200002c8                __fdlib_version
                0x200002cc                . = ALIGN (0x4)
 *fill*         0x200002c9        0x3 
                0x200002cc                PROVIDE (__preinit_array_start, .)
 *(.preinit_array)
                0x200002cc                PROVIDE (__preinit_array_end, .)
                0x200002cc                . = ALIGN (0x4)
                0x200002cc                PROVIDE (__init_array_start, .)
 *(SORT(.init_array.*))
 *(.init_array)
                0x200002cc                PROVIDE (__init_array_end, .)
                0x200002cc                . = ALIGN (0x4)
                0x200002cc                PROVIDE (__fini_array_start, .)
 *(SORT(.fini_array.*))
 *(.fini_array)
                0x200002cc                PROVIDE (__fini_array_end, .)
 *(.jcr*)
                0x200002cc                . = ALIGN (0x4)
                0x200002cc                __data_end__ = .
                0x200002cc                _edata = __data_end__

.igot.plt       0x200002cc        0x0 load address 0x0800e90c
 .igot.plt      0x00000000        0x0 ..\obj\stm32f4xx_syscfg.o

.bss            0x200002d0     0x566c load address 0x0800e910
                0x200002d0                . = ALIGN (0x4)
                0x200002d0                __bss_start__ = .
                0x200002d0                _sbss = __bss_start__
 *(.bss*)
 .bss           0x200002d0       0x24 ..\obj\mbfuncother.o
 .bss           0x200002f4       0xfc ..\obj\tasks.o
                0x200002f4                pxCurrentTCB
 .bss           0x200003f0        0xc ..\obj\porttimer.o
 .bss           0x200003fc       0x10 ..\obj\usbd_req.o
                0x200003fc                USBD_ep_status
                0x20000400                USBD_default_cfg
                0x20000404                USBD_cfg_status
 .bss           0x2000040c        0x8 ..\obj\port.o
 .bss           0x20000414       0x14 ..\obj\portserial.o
 .bss           0x20000428       0x20 ..\obj\usbd_cdc_core.o
                0x2000042c                APP_Rx_ptr_in
                0x20000430                APP_Rx_ptr_out
                0x20000434                APP_Rx_length
                0x20000438                USB_Tx_State
 .bss           0x20000448       0x1c ..\obj\frequency.o
                0x20000460                xHigherPriorityTaskWoken
 .bss           0x20000464     0x4014 ..\obj\heap_2.o
 *(COMMON)
 COMMON         0x20004478      0x45c ..\obj\protocol.o
                0x20004478                stContext_RS232
                0x200045ec                stContext_RS485
                0x20004760                stContext_USB_CDC
 COMMON         0x200048d4       0x50 ..\obj\watchdog.o
                0x200048d4                task_watches
 COMMON         0x20004924        0x4 ..\obj\fram_i2c.o
                0x20004924                xI2CBusMutex
 COMMON         0x20004928       0x88 ..\obj\usbd_cdc_vcp.o
                0x20004928                APP_Tx_Buffer
                0x200049a8                APP_tx_ptr_tail
                0x200049ac                APP_tx_ptr_head
 COMMON         0x200049b0       0x32 ..\obj\usbd_req.o
                0x200049b0                USBD_StrDesc
 *fill*         0x200049e2        0x2 
 COMMON         0x200049e4      0x5f4 ..\obj\portserial.o
                0x200049e4                temp_char
                0x200049e8                USB_OTG_dev
 COMMON         0x20004fd8      0x88c ..\obj\usbd_cdc_core.o
                0x20004fd8                usbd_cdc_OtherCfgDesc
                0x2000501c                USB_Rx_Buffer
                0x2000505c                CmdBuff
                0x20005064                APP_Rx_Buffer
 COMMON         0x20005864        0x4 ..\obj\ADS1220.o
                0x20005864                xADC_SPI_Mutex
 COMMON         0x20005868        0x8 ..\obj\frequency.o
                0x20005868                xFrequencySemaphore
 COMMON         0x20005870       0xcc ..\obj\controller.o
                0x20005870                stSettings
                0x200058f4                xMeasureDataMutex
                0x200058f8                stMeasureData
                0x20005938                xSettingsMutex
                0x2000593c                . = ALIGN (0x4)
                0x2000593c                __bss_end__ = .
                0x2000593c                _ebss = __bss_end__

.heap           0x2000593c        0x0
                0x2000593c                __end__ = .
                0x2000593c                _end = __end__
                0x2000593c                end = __end__
 *(.heap*)
                0x2000593c                __HeapLimit = .

.co_stack       0x2000593c      0x804 load address 0x08013f7c
                0x20005940                . = ALIGN (0x8)
 *fill*         0x2000593c        0x4 
 *(.co_stack .co_stack.*)
 .co_stack      0x20005940      0x800 ..\obj\startup_stm32f4xx.o
                0x20005940                pulStack
                0x20020000                __StackTop = (ORIGIN (ram) + 0x20000)
                0x2001f7fc                __StackLimit = (__StackTop - SIZEOF (.co_stack))
                0x20020000                PROVIDE (__stack, __StackTop)
                0x00000001                ASSERT ((__StackLimit >= __HeapLimit), region ram  overflowed with stack)
LOAD C:\Program Files\CooCox\CoIDE\gcc\Sourcery G++ Lite\arm-none-eabi\lib\armv7e-m\softfp\libc.a
LOAD ..\obj\stm32f4xx_syscfg.o
LOAD ..\obj\usb_core.o
LOAD ..\obj\mbport.o
LOAD ..\obj\mb.o
LOAD ..\obj\protocol.o
LOAD ..\obj\mbfuncdisc.o
LOAD ..\obj\usbd_usr.o
LOAD ..\obj\portevent.o
LOAD ..\obj\mbfuncother.o
LOAD ..\obj\stm32f4xx_usart.o
LOAD ..\obj\stm32f4xx_pwr.o
LOAD ..\obj\rtc.o
LOAD ..\obj\mbutils.o
LOAD ..\obj\startup_stm32f4xx.o
LOAD ..\obj\stm32f4xx_iwdg.o
LOAD ..\obj\mbfuncholding.o
LOAD ..\obj\usbd_core.o
LOAD ..\obj\main.o
LOAD ..\obj\mbcrc.o
LOAD ..\obj\stm32f4xx_rcc.o
LOAD ..\obj\mbfuncfile.o
LOAD ..\obj\timers.o
LOAD ..\obj\log.o
LOAD ..\obj\mbfuncinput.o
LOAD ..\obj\printf.o
LOAD ..\obj\watchdog.o
LOAD ..\obj\mbfuncdiag.o
LOAD ..\obj\tasks.o
LOAD ..\obj\usbd_desc.o
LOAD ..\obj\fram_i2c.o
LOAD ..\obj\stm32f4xx_gpio.o
LOAD ..\obj\porttimer.o
LOAD ..\obj\usbd_cdc_vcp.o
LOAD ..\obj\mbrtu.o
LOAD ..\obj\list.o
LOAD ..\obj\system_stm32f4xx.o
LOAD ..\obj\syscalls.o
LOAD ..\obj\usb_bsp.o
LOAD ..\obj\usbd_req.o
LOAD ..\obj\port.o
LOAD ..\obj\queue.o
LOAD ..\obj\usb_dcd_int.o
LOAD ..\obj\portserial.o
LOAD ..\obj\usbd_cdc_core.o
LOAD ..\obj\croutine.o
LOAD ..\obj\stm32f4xx_spi.o
LOAD ..\obj\mbfunccoils.o
LOAD ..\obj\event_groups.o
LOAD ..\obj\ADS1220.o
LOAD ..\obj\stm32f4xx_i2c.o
LOAD ..\obj\frequency.o
LOAD ..\obj\stm32f4xx_exti.o
LOAD ..\obj\misc.o
LOAD ..\obj\usb_dcd.o
LOAD ..\obj\stm32f4xx_rtc.o
LOAD ..\obj\usbd_ioreq.o
LOAD ..\obj\mbascii.o
LOAD ..\obj\heap_2.o
LOAD ..\obj\controller.o
LOAD ..\obj\stm32f4xx_tim.o
LOAD ..\obj\power_detector.o
LOAD C:\Program Files\CooCox\CoIDE\gcc\Sourcery G++ Lite\arm-none-eabi\lib\armv7e-m\softfp\libc.a
LOAD C:\Program Files\CooCox\CoIDE\gcc\Sourcery G++ Lite\arm-none-eabi\lib\armv7e-m\softfp\libm.a
START GROUP
LOAD C:\Program Files\CooCox\CoIDE\gcc\Sourcery G++ Lite\arm-none-eabi\lib\armv7e-m\softfp\libgcc.a
LOAD C:\Program Files\CooCox\CoIDE\gcc\Sourcery G++ Lite\arm-none-eabi\lib\armv7e-m\softfp\libc.a
END GROUP
OUTPUT(IMS_CONTROLLER.elf elf32-littlearm)

.debug_info     0x00000000    0x1fbd4
 .debug_info    0x00000000     0x2819 ..\obj\usb_core.o
 .debug_info    0x00002819      0x895 ..\obj\mbport.o
 .debug_info    0x000030ae      0x9a0 ..\obj\mb.o
 .debug_info    0x00003a4e      0x869 ..\obj\protocol.o
 .debug_info    0x000042b7      0x1f3 ..\obj\mbfuncdisc.o
 .debug_info    0x000044aa      0x1c3 ..\obj\usbd_usr.o
 .debug_info    0x0000466d      0x7cd ..\obj\portevent.o
 .debug_info    0x00004e3a      0x257 ..\obj\mbfuncother.o
 .debug_info    0x00005091      0xa65 ..\obj\stm32f4xx_usart.o
 .debug_info    0x00005af6      0x543 ..\obj\stm32f4xx_pwr.o
 .debug_info    0x00006039      0x165 ..\obj\rtc.o
 .debug_info    0x0000619e      0x2cd ..\obj\mbutils.o
 .debug_info    0x0000646b      0x103 ..\obj\startup_stm32f4xx.o
 .debug_info    0x0000656e      0x38b ..\obj\mbfuncholding.o
 .debug_info    0x000068f9      0xff1 ..\obj\usbd_core.o
 .debug_info    0x000078ea      0x186 ..\obj\main.o
 .debug_info    0x00007a70      0x146 ..\obj\mbcrc.o
 .debug_info    0x00007bb6      0xd49 ..\obj\stm32f4xx_rcc.o
 .debug_info    0x000088ff      0x257 ..\obj\mbfuncfile.o
 .debug_info    0x00008b56      0x429 ..\obj\log.o
 .debug_info    0x00008f7f      0x1e5 ..\obj\mbfuncinput.o
 .debug_info    0x00009164      0xed1 ..\obj\printf.o
 .debug_info    0x0000a035      0x1f9 ..\obj\watchdog.o
 .debug_info    0x0000a22e     0x12cc ..\obj\tasks.o
 .debug_info    0x0000b4fa      0x380 ..\obj\usbd_desc.o
 .debug_info    0x0000b87a      0x758 ..\obj\fram_i2c.o
 .debug_info    0x0000bfd2      0x640 ..\obj\stm32f4xx_gpio.o
 .debug_info    0x0000c612      0xed3 ..\obj\porttimer.o
 .debug_info    0x0000d4e5      0x37e ..\obj\usbd_cdc_vcp.o
 .debug_info    0x0000d863      0x7fe ..\obj\mbrtu.o
 .debug_info    0x0000e061      0x2c1 ..\obj\list.o
 .debug_info    0x0000e322      0x5f5 ..\obj\system_stm32f4xx.o
 .debug_info    0x0000e917     0x112e ..\obj\usb_bsp.o
 .debug_info    0x0000fa45     0x10fb ..\obj\usbd_req.o
 .debug_info    0x00010b40      0x346 ..\obj\port.o
 .debug_info    0x00010e86      0xa05 ..\obj\queue.o
 .debug_info    0x0001188b     0x2020 ..\obj\usb_dcd_int.o
 .debug_info    0x000138ab     0x1e0c ..\obj\portserial.o
 .debug_info    0x000156b7     0x1083 ..\obj\usbd_cdc_core.o
 .debug_info    0x0001673a      0xbde ..\obj\stm32f4xx_spi.o
 .debug_info    0x00017318      0x31a ..\obj\mbfunccoils.o
 .debug_info    0x00017632      0x806 ..\obj\ADS1220.o
 .debug_info    0x00017e38      0xbab ..\obj\stm32f4xx_i2c.o
 .debug_info    0x000189e3      0xcfa ..\obj\frequency.o
 .debug_info    0x000196dd      0x373 ..\obj\stm32f4xx_exti.o
 .debug_info    0x00019a50      0x592 ..\obj\misc.o
 .debug_info    0x00019fe2     0x118a ..\obj\usb_dcd.o
 .debug_info    0x0001b16c     0x1255 ..\obj\stm32f4xx_rtc.o
 .debug_info    0x0001c3c1      0xde4 ..\obj\usbd_ioreq.o
 .debug_info    0x0001d1a5      0x2ef ..\obj\heap_2.o
 .debug_info    0x0001d494      0x26f ..\obj\controller.o
 .debug_info    0x0001d703     0x1e7d ..\obj\stm32f4xx_tim.o
 .debug_info    0x0001f580      0x654 ..\obj\power_detector.o

.debug_abbrev   0x00000000     0x4d2d
 .debug_abbrev  0x00000000      0x2bc ..\obj\usb_core.o
 .debug_abbrev  0x000002bc      0x1b5 ..\obj\mbport.o
 .debug_abbrev  0x00000471      0x19f ..\obj\mb.o
 .debug_abbrev  0x00000610      0x145 ..\obj\protocol.o
 .debug_abbrev  0x00000755       0xa8 ..\obj\mbfuncdisc.o
 .debug_abbrev  0x000007fd       0xdf ..\obj\usbd_usr.o
 .debug_abbrev  0x000008dc      0x142 ..\obj\portevent.o
 .debug_abbrev  0x00000a1e       0xc1 ..\obj\mbfuncother.o
 .debug_abbrev  0x00000adf      0x157 ..\obj\stm32f4xx_usart.o
 .debug_abbrev  0x00000c36      0x181 ..\obj\stm32f4xx_pwr.o
 .debug_abbrev  0x00000db7       0xc9 ..\obj\rtc.o
 .debug_abbrev  0x00000e80       0xd8 ..\obj\mbutils.o
 .debug_abbrev  0x00000f58       0xb2 ..\obj\startup_stm32f4xx.o
 .debug_abbrev  0x0000100a       0xa8 ..\obj\mbfuncholding.o
 .debug_abbrev  0x000010b2      0x1f2 ..\obj\usbd_core.o
 .debug_abbrev  0x000012a4       0xe3 ..\obj\main.o
 .debug_abbrev  0x00001387       0x93 ..\obj\mbcrc.o
 .debug_abbrev  0x0000141a      0x1e5 ..\obj\stm32f4xx_rcc.o
 .debug_abbrev  0x000015ff       0xe5 ..\obj\mbfuncfile.o
 .debug_abbrev  0x000016e4      0x167 ..\obj\log.o
 .debug_abbrev  0x0000184b       0xa8 ..\obj\mbfuncinput.o
 .debug_abbrev  0x000018f3      0x23b ..\obj\printf.o
 .debug_abbrev  0x00001b2e      0x12f ..\obj\watchdog.o
 .debug_abbrev  0x00001c5d      0x253 ..\obj\tasks.o
 .debug_abbrev  0x00001eb0      0x12e ..\obj\usbd_desc.o
 .debug_abbrev  0x00001fde      0x1ed ..\obj\fram_i2c.o
 .debug_abbrev  0x000021cb      0x1a5 ..\obj\stm32f4xx_gpio.o
 .debug_abbrev  0x00002370      0x1c2 ..\obj\porttimer.o
 .debug_abbrev  0x00002532      0x166 ..\obj\usbd_cdc_vcp.o
 .debug_abbrev  0x00002698      0x189 ..\obj\mbrtu.o
 .debug_abbrev  0x00002821       0xbe ..\obj\list.o
 .debug_abbrev  0x000028df      0x138 ..\obj\system_stm32f4xx.o
 .debug_abbrev  0x00002a17      0x1fe ..\obj\usb_bsp.o
 .debug_abbrev  0x00002c15      0x268 ..\obj\usbd_req.o
 .debug_abbrev  0x00002e7d      0x1bc ..\obj\port.o
 .debug_abbrev  0x00003039      0x141 ..\obj\queue.o
 .debug_abbrev  0x0000317a      0x230 ..\obj\usb_dcd_int.o
 .debug_abbrev  0x000033aa      0x2f0 ..\obj\portserial.o
 .debug_abbrev  0x0000369a      0x204 ..\obj\usbd_cdc_core.o
 .debug_abbrev  0x0000389e      0x169 ..\obj\stm32f4xx_spi.o
 .debug_abbrev  0x00003a07       0xba ..\obj\mbfunccoils.o
 .debug_abbrev  0x00003ac1      0x1d0 ..\obj\ADS1220.o
 .debug_abbrev  0x00003c91      0x166 ..\obj\stm32f4xx_i2c.o
 .debug_abbrev  0x00003df7      0x1c2 ..\obj\frequency.o
 .debug_abbrev  0x00003fb9      0x1a7 ..\obj\stm32f4xx_exti.o
 .debug_abbrev  0x00004160      0x129 ..\obj\misc.o
 .debug_abbrev  0x00004289      0x22e ..\obj\usb_dcd.o
 .debug_abbrev  0x000044b7      0x1b0 ..\obj\stm32f4xx_rtc.o
 .debug_abbrev  0x00004667      0x184 ..\obj\usbd_ioreq.o
 .debug_abbrev  0x000047eb      0x16e ..\obj\heap_2.o
 .debug_abbrev  0x00004959       0xdd ..\obj\controller.o
 .debug_abbrev  0x00004a36      0x189 ..\obj\stm32f4xx_tim.o
 .debug_abbrev  0x00004bbf      0x16e ..\obj\power_detector.o

.debug_loc      0x00000000     0x90d7
 .debug_loc     0x00000000      0x7e0 ..\obj\usb_core.o
 .debug_loc     0x000007e0      0x176 ..\obj\mbport.o
 .debug_loc     0x00000956      0x150 ..\obj\mb.o
 .debug_loc     0x00000aa6       0xe0 ..\obj\protocol.o
 .debug_loc     0x00000b86       0x38 ..\obj\mbfuncdisc.o
 .debug_loc     0x00000bbe       0xe8 ..\obj\usbd_usr.o
 .debug_loc     0x00000ca6       0xa8 ..\obj\portevent.o
 .debug_loc     0x00000d4e       0x70 ..\obj\mbfuncother.o
 .debug_loc     0x00000dbe      0x658 ..\obj\stm32f4xx_usart.o
 .debug_loc     0x00001416      0x288 ..\obj\stm32f4xx_pwr.o
 .debug_loc     0x0000169e       0x38 ..\obj\rtc.o
 .debug_loc     0x000016d6       0xa8 ..\obj\mbutils.o
 .debug_loc     0x0000177e       0x64 ..\obj\startup_stm32f4xx.o
 .debug_loc     0x000017e2       0xe0 ..\obj\mbfuncholding.o
 .debug_loc     0x000018c2      0x2d8 ..\obj\usbd_core.o
 .debug_loc     0x00001b9a      0x100 ..\obj\main.o
 .debug_loc     0x00001c9a       0x38 ..\obj\mbcrc.o
 .debug_loc     0x00001cd2      0x97c ..\obj\stm32f4xx_rcc.o
 .debug_loc     0x0000264e       0x3a ..\obj\mbfuncfile.o
 .debug_loc     0x00002688       0xe2 ..\obj\log.o
 .debug_loc     0x0000276a       0x38 ..\obj\mbfuncinput.o
 .debug_loc     0x000027a2      0x3ea ..\obj\printf.o
 .debug_loc     0x00002b8c       0xe0 ..\obj\watchdog.o
 .debug_loc     0x00002c6c      0x92c ..\obj\tasks.o
 .debug_loc     0x00003598      0x188 ..\obj\usbd_desc.o
 .debug_loc     0x00003720      0x15e ..\obj\fram_i2c.o
 .debug_loc     0x0000387e      0x310 ..\obj\stm32f4xx_gpio.o
 .debug_loc     0x00003b8e      0x2dc ..\obj\porttimer.o
 .debug_loc     0x00003e6a      0x164 ..\obj\usbd_cdc_vcp.o
 .debug_loc     0x00003fce      0x1c0 ..\obj\mbrtu.o
 .debug_loc     0x0000418e      0x118 ..\obj\list.o
 .debug_loc     0x000042a6       0x9c ..\obj\system_stm32f4xx.o
 .debug_loc     0x00004342      0x138 ..\obj\usb_bsp.o
 .debug_loc     0x0000447a      0x310 ..\obj\usbd_req.o
 .debug_loc     0x0000478a      0x1dc ..\obj\port.o
 .debug_loc     0x00004966      0x460 ..\obj\queue.o
 .debug_loc     0x00004dc6      0x2d8 ..\obj\usb_dcd_int.o
 .debug_loc     0x0000509e      0x410 ..\obj\portserial.o
 .debug_loc     0x000054ae      0x224 ..\obj\usbd_cdc_core.o
 .debug_loc     0x000056d2      0x578 ..\obj\stm32f4xx_spi.o
 .debug_loc     0x00005c4a       0xa8 ..\obj\mbfunccoils.o
 .debug_loc     0x00005cf2      0x224 ..\obj\ADS1220.o
 .debug_loc     0x00005f16      0x738 ..\obj\stm32f4xx_i2c.o
 .debug_loc     0x0000664e      0x10d ..\obj\frequency.o
 .debug_loc     0x0000675b      0x1b4 ..\obj\stm32f4xx_exti.o
 .debug_loc     0x0000690f      0x118 ..\obj\misc.o
 .debug_loc     0x00006a27      0x2d8 ..\obj\usb_dcd.o
 .debug_loc     0x00006cff      0xc48 ..\obj\stm32f4xx_rtc.o
 .debug_loc     0x00007947      0x188 ..\obj\usbd_ioreq.o
 .debug_loc     0x00007acf      0x100 ..\obj\heap_2.o
 .debug_loc     0x00007bcf       0x58 ..\obj\controller.o
 .debug_loc     0x00007c27     0x1420 ..\obj\stm32f4xx_tim.o
 .debug_loc     0x00009047       0x90 ..\obj\power_detector.o

.debug_aranges  0x00000000     0x1a28
 .debug_aranges
                0x00000000      0x138 ..\obj\usb_core.o
 .debug_aranges
                0x00000138       0x50 ..\obj\mbport.o
 .debug_aranges
                0x00000188       0x48 ..\obj\mb.o
 .debug_aranges
                0x000001d0       0x38 ..\obj\protocol.o
 .debug_aranges
                0x00000208       0x20 ..\obj\mbfuncdisc.o
 .debug_aranges
                0x00000228       0x40 ..\obj\usbd_usr.o
 .debug_aranges
                0x00000268       0x30 ..\obj\portevent.o
 .debug_aranges
                0x00000298       0x28 ..\obj\mbfuncother.o
 .debug_aranges
                0x000002c0      0x100 ..\obj\stm32f4xx_usart.o
 .debug_aranges
                0x000003c0       0x78 ..\obj\stm32f4xx_pwr.o
 .debug_aranges
                0x00000438       0x20 ..\obj\rtc.o
 .debug_aranges
                0x00000458       0x30 ..\obj\mbutils.o
 .debug_aranges
                0x00000488       0x28 ..\obj\startup_stm32f4xx.o
 .debug_aranges
                0x000004b0       0x38 ..\obj\mbfuncholding.o
 .debug_aranges
                0x000004e8       0x80 ..\obj\usbd_core.o
 .debug_aranges
                0x00000568       0x40 ..\obj\main.o
 .debug_aranges
                0x000005a8       0x20 ..\obj\mbcrc.o
 .debug_aranges
                0x000005c8      0x178 ..\obj\stm32f4xx_rcc.o
 .debug_aranges
                0x00000740       0x20 ..\obj\mbfuncfile.o
 .debug_aranges
                0x00000760       0x38 ..\obj\log.o
 .debug_aranges
                0x00000798       0x20 ..\obj\mbfuncinput.o
 .debug_aranges
                0x000007b8       0xa0 ..\obj\printf.o
 .debug_aranges
                0x00000858       0x38 ..\obj\watchdog.o
 .debug_aranges
                0x00000890      0x170 ..\obj\tasks.o
 .debug_aranges
                0x00000a00       0x50 ..\obj\usbd_desc.o
 .debug_aranges
                0x00000a50       0x48 ..\obj\fram_i2c.o
 .debug_aranges
                0x00000a98       0x88 ..\obj\stm32f4xx_gpio.o
 .debug_aranges
                0x00000b20       0x90 ..\obj\porttimer.o
 .debug_aranges
                0x00000bb0       0x50 ..\obj\usbd_cdc_vcp.o
 .debug_aranges
                0x00000c00       0x58 ..\obj\mbrtu.o
 .debug_aranges
                0x00000c58       0x40 ..\obj\list.o
 .debug_aranges
                0x00000c98       0x30 ..\obj\system_stm32f4xx.o
 .debug_aranges
                0x00000cc8       0x48 ..\obj\usb_bsp.o
 .debug_aranges
                0x00000d10       0x88 ..\obj\usbd_req.o
 .debug_aranges
                0x00000d98       0x90 ..\obj\port.o
 .debug_aranges
                0x00000e28       0xb8 ..\obj\queue.o
 .debug_aranges
                0x00000ee0       0x80 ..\obj\usb_dcd_int.o
 .debug_aranges
                0x00000f60       0xb0 ..\obj\portserial.o
 .debug_aranges
                0x00001010       0x68 ..\obj\usbd_cdc_core.o
 .debug_aranges
                0x00001078       0xe0 ..\obj\stm32f4xx_spi.o
 .debug_aranges
                0x00001158       0x30 ..\obj\mbfunccoils.o
 .debug_aranges
                0x00001188       0x68 ..\obj\ADS1220.o
 .debug_aranges
                0x000011f0      0x120 ..\obj\stm32f4xx_i2c.o
 .debug_aranges
                0x00001310       0x40 ..\obj\frequency.o
 .debug_aranges
                0x00001350       0x58 ..\obj\stm32f4xx_exti.o
 .debug_aranges
                0x000013a8       0x40 ..\obj\misc.o
 .debug_aranges
                0x000013e8       0x80 ..\obj\usb_dcd.o
 .debug_aranges
                0x00001468      0x1e0 ..\obj\stm32f4xx_rtc.o
 .debug_aranges
                0x00001648       0x50 ..\obj\usbd_ioreq.o
 .debug_aranges
                0x00001698       0x40 ..\obj\heap_2.o
 .debug_aranges
                0x000016d8       0x28 ..\obj\controller.o
 .debug_aranges
                0x00001700      0x2f8 ..\obj\stm32f4xx_tim.o
 .debug_aranges
                0x000019f8       0x30 ..\obj\power_detector.o

.debug_ranges   0x00000000     0x16d8
 .debug_ranges  0x00000000      0x128 ..\obj\usb_core.o
 .debug_ranges  0x00000128       0x40 ..\obj\mbport.o
 .debug_ranges  0x00000168       0x38 ..\obj\mb.o
 .debug_ranges  0x000001a0       0x28 ..\obj\protocol.o
 .debug_ranges  0x000001c8       0x10 ..\obj\mbfuncdisc.o
 .debug_ranges  0x000001d8       0x30 ..\obj\usbd_usr.o
 .debug_ranges  0x00000208       0x20 ..\obj\portevent.o
 .debug_ranges  0x00000228       0x18 ..\obj\mbfuncother.o
 .debug_ranges  0x00000240       0xf0 ..\obj\stm32f4xx_usart.o
 .debug_ranges  0x00000330       0x68 ..\obj\stm32f4xx_pwr.o
 .debug_ranges  0x00000398       0x10 ..\obj\rtc.o
 .debug_ranges  0x000003a8       0x20 ..\obj\mbutils.o
 .debug_ranges  0x000003c8       0x18 ..\obj\startup_stm32f4xx.o
 .debug_ranges  0x000003e0       0x28 ..\obj\mbfuncholding.o
 .debug_ranges  0x00000408       0x70 ..\obj\usbd_core.o
 .debug_ranges  0x00000478       0x30 ..\obj\main.o
 .debug_ranges  0x000004a8       0x10 ..\obj\mbcrc.o
 .debug_ranges  0x000004b8      0x168 ..\obj\stm32f4xx_rcc.o
 .debug_ranges  0x00000620       0x10 ..\obj\mbfuncfile.o
 .debug_ranges  0x00000630       0x28 ..\obj\log.o
 .debug_ranges  0x00000658       0x10 ..\obj\mbfuncinput.o
 .debug_ranges  0x00000668       0x90 ..\obj\printf.o
 .debug_ranges  0x000006f8       0x28 ..\obj\watchdog.o
 .debug_ranges  0x00000720      0x160 ..\obj\tasks.o
 .debug_ranges  0x00000880       0x40 ..\obj\usbd_desc.o
 .debug_ranges  0x000008c0       0x38 ..\obj\fram_i2c.o
 .debug_ranges  0x000008f8       0x78 ..\obj\stm32f4xx_gpio.o
 .debug_ranges  0x00000970       0x80 ..\obj\porttimer.o
 .debug_ranges  0x000009f0       0x40 ..\obj\usbd_cdc_vcp.o
 .debug_ranges  0x00000a30       0x48 ..\obj\mbrtu.o
 .debug_ranges  0x00000a78       0x30 ..\obj\list.o
 .debug_ranges  0x00000aa8       0x20 ..\obj\system_stm32f4xx.o
 .debug_ranges  0x00000ac8       0x38 ..\obj\usb_bsp.o
 .debug_ranges  0x00000b00       0x78 ..\obj\usbd_req.o
 .debug_ranges  0x00000b78       0x80 ..\obj\port.o
 .debug_ranges  0x00000bf8       0xa8 ..\obj\queue.o
 .debug_ranges  0x00000ca0       0x70 ..\obj\usb_dcd_int.o
 .debug_ranges  0x00000d10       0xa0 ..\obj\portserial.o
 .debug_ranges  0x00000db0       0x58 ..\obj\usbd_cdc_core.o
 .debug_ranges  0x00000e08       0xd0 ..\obj\stm32f4xx_spi.o
 .debug_ranges  0x00000ed8       0x20 ..\obj\mbfunccoils.o
 .debug_ranges  0x00000ef8       0x58 ..\obj\ADS1220.o
 .debug_ranges  0x00000f50      0x110 ..\obj\stm32f4xx_i2c.o
 .debug_ranges  0x00001060       0x30 ..\obj\frequency.o
 .debug_ranges  0x00001090       0x48 ..\obj\stm32f4xx_exti.o
 .debug_ranges  0x000010d8       0x30 ..\obj\misc.o
 .debug_ranges  0x00001108       0x70 ..\obj\usb_dcd.o
 .debug_ranges  0x00001178      0x1d0 ..\obj\stm32f4xx_rtc.o
 .debug_ranges  0x00001348       0x40 ..\obj\usbd_ioreq.o
 .debug_ranges  0x00001388       0x30 ..\obj\heap_2.o
 .debug_ranges  0x000013b8       0x18 ..\obj\controller.o
 .debug_ranges  0x000013d0      0x2e8 ..\obj\stm32f4xx_tim.o
 .debug_ranges  0x000016b8       0x20 ..\obj\power_detector.o

.debug_line     0x00000000     0xb374
 .debug_line    0x00000000      0x67b ..\obj\usb_core.o
 .debug_line    0x0000067b      0x4f3 ..\obj\mbport.o
 .debug_line    0x00000b6e      0x312 ..\obj\mb.o
 .debug_line    0x00000e80      0x34c ..\obj\protocol.o
 .debug_line    0x000011cc      0x1d9 ..\obj\mbfuncdisc.o
 .debug_line    0x000013a5      0x17a ..\obj\usbd_usr.o
 .debug_line    0x0000151f      0x238 ..\obj\portevent.o
 .debug_line    0x00001757      0x22f ..\obj\mbfuncother.o
 .debug_line    0x00001986      0x485 ..\obj\stm32f4xx_usart.o
 .debug_line    0x00001e0b      0x28b ..\obj\stm32f4xx_pwr.o
 .debug_line    0x00002096      0x1ea ..\obj\rtc.o
 .debug_line    0x00002280      0x239 ..\obj\mbutils.o
 .debug_line    0x000024b9       0xb0 ..\obj\startup_stm32f4xx.o
 .debug_line    0x00002569      0x26f ..\obj\mbfuncholding.o
 .debug_line    0x000027d8      0x2ce ..\obj\usbd_core.o
 .debug_line    0x00002aa6      0x285 ..\obj\main.o
 .debug_line    0x00002d2b      0x150 ..\obj\mbcrc.o
 .debug_line    0x00002e7b      0x57b ..\obj\stm32f4xx_rcc.o
 .debug_line    0x000033f6      0x211 ..\obj\mbfuncfile.o
 .debug_line    0x00003607      0x33f ..\obj\log.o
 .debug_line    0x00003946      0x1cf ..\obj\mbfuncinput.o
 .debug_line    0x00003b15      0x392 ..\obj\printf.o
 .debug_line    0x00003ea7      0x221 ..\obj\watchdog.o
 .debug_line    0x000040c8      0xa6a ..\obj\tasks.o
 .debug_line    0x00004b32      0x1c0 ..\obj\usbd_desc.o
 .debug_line    0x00004cf2      0x4fb ..\obj\fram_i2c.o
 .debug_line    0x000051ed      0x323 ..\obj\stm32f4xx_gpio.o
 .debug_line    0x00005510      0x42d ..\obj\porttimer.o
 .debug_line    0x0000593d      0x1ea ..\obj\usbd_cdc_vcp.o
 .debug_line    0x00005b27      0x27f ..\obj\mbrtu.o
 .debug_line    0x00005da6      0x22d ..\obj\list.o
 .debug_line    0x00005fd3      0x1b0 ..\obj\system_stm32f4xx.o
 .debug_line    0x00006183      0x279 ..\obj\usb_bsp.o
 .debug_line    0x000063fc      0x38d ..\obj\usbd_req.o
 .debug_line    0x00006789      0x2f6 ..\obj\port.o
 .debug_line    0x00006a7f      0x6d3 ..\obj\queue.o
 .debug_line    0x00007152      0x379 ..\obj\usb_dcd_int.o
 .debug_line    0x000074cb      0x5eb ..\obj\portserial.o
 .debug_line    0x00007ab6      0x265 ..\obj\usbd_cdc_core.o
 .debug_line    0x00007d1b      0x437 ..\obj\stm32f4xx_spi.o
 .debug_line    0x00008152      0x247 ..\obj\mbfunccoils.o
 .debug_line    0x00008399      0x4e4 ..\obj\ADS1220.o
 .debug_line    0x0000887d      0x4c0 ..\obj\stm32f4xx_i2c.o
 .debug_line    0x00008d3d      0x3f7 ..\obj\frequency.o
 .debug_line    0x00009134      0x289 ..\obj\stm32f4xx_exti.o
 .debug_line    0x000093bd      0x229 ..\obj\misc.o
 .debug_line    0x000095e6      0x2ec ..\obj\usb_dcd.o
 .debug_line    0x000098d2      0x7f1 ..\obj\stm32f4xx_rtc.o
 .debug_line    0x0000a0c3      0x1d6 ..\obj\usbd_ioreq.o
 .debug_line    0x0000a299      0x263 ..\obj\heap_2.o
 .debug_line    0x0000a4fc      0x1ce ..\obj\controller.o
 .debug_line    0x0000a6ca      0xa5d ..\obj\stm32f4xx_tim.o
 .debug_line    0x0000b127      0x24d ..\obj\power_detector.o

.debug_str      0x00000000     0x8df3
 .debug_str     0x00000000     0x12c9 ..\obj\usb_core.o
                               0x15fa (size before relaxing)
 .debug_str     0x000012c9      0x45a ..\obj\mbport.o
                                0x589 (size before relaxing)
 .debug_str     0x00001723      0x5cc ..\obj\mb.o
                                0x78e (size before relaxing)
 .debug_str     0x00001cef      0x1f6 ..\obj\protocol.o
                                0x84f (size before relaxing)
 .debug_str     0x00001ee5       0xc3 ..\obj\mbfuncdisc.o
                                0x2ec (size before relaxing)
 .debug_str     0x00001fa8       0xbc ..\obj\usbd_usr.o
                                0x1fe (size before relaxing)
 .debug_str     0x00002064       0x9a ..\obj\portevent.o
                                0x6ff (size before relaxing)
 .debug_str     0x000020fe       0xd8 ..\obj\mbfuncother.o
                                0x315 (size before relaxing)
 .debug_str     0x000021d6      0x516 ..\obj\stm32f4xx_usart.o
                                0x603 (size before relaxing)
 .debug_str     0x000026ec      0x1e9 ..\obj\stm32f4xx_pwr.o
                                0x305 (size before relaxing)
 .debug_str     0x000028d5       0xa9 ..\obj\rtc.o
                                0x1aa (size before relaxing)
 .debug_str     0x0000297e       0xee ..\obj\mbutils.o
                                0x329 (size before relaxing)
 .debug_str     0x00002a6c       0xbe ..\obj\startup_stm32f4xx.o
                                 0xe5 (size before relaxing)
 .debug_str     0x00002b2a      0x155 ..\obj\mbfuncholding.o
                                0x3ca (size before relaxing)
 .debug_str     0x00002c7f      0x196 ..\obj\usbd_core.o
                                0xa3f (size before relaxing)
 .debug_str     0x00002e15       0xd6 ..\obj\main.o
                                0x1ba (size before relaxing)
 .debug_str     0x00002eeb       0x77 ..\obj\mbcrc.o
                                0x14d (size before relaxing)
 .debug_str     0x00002f62      0x5eb ..\obj\stm32f4xx_rcc.o
                                0x7c4 (size before relaxing)
 .debug_str     0x0000354d       0x93 ..\obj\mbfuncfile.o
                                0x323 (size before relaxing)
 .debug_str     0x000035e0       0xb8 ..\obj\log.o
                                0x3ca (size before relaxing)
 .debug_str     0x00003698       0x79 ..\obj\mbfuncinput.o
                                0x2e0 (size before relaxing)
 .debug_str     0x00003711      0x4b3 ..\obj\printf.o
                                0x605 (size before relaxing)
 .debug_str     0x00003bc4       0xd5 ..\obj\watchdog.o
                                0x1e0 (size before relaxing)
 .debug_str     0x00003c99      0xa41 ..\obj\tasks.o
                                0xb9c (size before relaxing)
 .debug_str     0x000046da      0x16a ..\obj\usbd_desc.o
                                0x301 (size before relaxing)
 .debug_str     0x00004844      0x35d ..\obj\fram_i2c.o
                                0x57c (size before relaxing)
 .debug_str     0x00004ba1      0x1ac ..\obj\stm32f4xx_gpio.o
                                0x417 (size before relaxing)
 .debug_str     0x00004d4d      0x858 ..\obj\porttimer.o
                                0xf40 (size before relaxing)
 .debug_str     0x000055a5      0x14a ..\obj\usbd_cdc_vcp.o
                                0x236 (size before relaxing)
 .debug_str     0x000056ef      0x121 ..\obj\mbrtu.o
                                0x560 (size before relaxing)
 .debug_str     0x00005810       0xe8 ..\obj\list.o
                                0x23a (size before relaxing)
 .debug_str     0x000058f8       0xb6 ..\obj\system_stm32f4xx.o
                                0x31e (size before relaxing)
 .debug_str     0x000059ae       0xdf ..\obj\usb_bsp.o
                               0x1046 (size before relaxing)
 .debug_str     0x00005a8d      0x17c ..\obj\usbd_req.o
                                0xa6a (size before relaxing)
 .debug_str     0x00005c09      0x263 ..\obj\port.o
                                0x369 (size before relaxing)
 .debug_str     0x00005e6c      0x353 ..\obj\queue.o
                                0x57f (size before relaxing)
 .debug_str     0x000061bf      0x292 ..\obj\usb_dcd_int.o
                               0x11f8 (size before relaxing)
 .debug_str     0x00006451      0x238 ..\obj\portserial.o
                               0x18d7 (size before relaxing)
 .debug_str     0x00006689      0x1b2 ..\obj\usbd_cdc_core.o
                                0xab5 (size before relaxing)
 .debug_str     0x0000683b      0x3b4 ..\obj\stm32f4xx_spi.o
                                0x5fe (size before relaxing)
 .debug_str     0x00006bef       0xd6 ..\obj\mbfunccoils.o
                                0x354 (size before relaxing)
 .debug_str     0x00006cc5      0x1d1 ..\obj\ADS1220.o
                                0x727 (size before relaxing)
 .debug_str     0x00006e96      0x345 ..\obj\stm32f4xx_i2c.o
                                0x5d9 (size before relaxing)
 .debug_str     0x000071db      0x17f ..\obj\frequency.o
                                0xd39 (size before relaxing)
 .debug_str     0x0000735a      0x1db ..\obj\stm32f4xx_exti.o
                                0x2e2 (size before relaxing)
 .debug_str     0x00007535      0x137 ..\obj\misc.o
                                0x34d (size before relaxing)
 .debug_str     0x0000766c      0x110 ..\obj\usb_dcd.o
                                0xa9a (size before relaxing)
 .debug_str     0x0000777c      0x8b1 ..\obj\stm32f4xx_rtc.o
                                0xac7 (size before relaxing)
 .debug_str     0x0000802d       0xd2 ..\obj\usbd_ioreq.o
                                0x929 (size before relaxing)
 .debug_str     0x000080ff      0x19b ..\obj\heap_2.o
                                0x28d (size before relaxing)
 .debug_str     0x0000829a       0x7c ..\obj\controller.o
                                0x265 (size before relaxing)
 .debug_str     0x00008316      0xa3a ..\obj\stm32f4xx_tim.o
                                0xd44 (size before relaxing)
 .debug_str     0x00008d50       0xa3 ..\obj\power_detector.o
                                0x841 (size before relaxing)

.comment        0x00000000       0x30
 .comment       0x00000000       0x30 ..\obj\usb_core.o
                                 0x31 (size before relaxing)
 .comment       0x00000000       0x31 ..\obj\mbport.o
 .comment       0x00000000       0x31 ..\obj\mb.o
 .comment       0x00000000       0x31 ..\obj\protocol.o
 .comment       0x00000000       0x31 ..\obj\mbfuncdisc.o
 .comment       0x00000000       0x31 ..\obj\usbd_usr.o
 .comment       0x00000000       0x31 ..\obj\portevent.o
 .comment       0x00000000       0x31 ..\obj\mbfuncother.o
 .comment       0x00000000       0x31 ..\obj\stm32f4xx_usart.o
 .comment       0x00000000       0x31 ..\obj\stm32f4xx_pwr.o
 .comment       0x00000000       0x31 ..\obj\rtc.o
 .comment       0x00000000       0x31 ..\obj\mbutils.o
 .comment       0x00000000       0x31 ..\obj\startup_stm32f4xx.o
 .comment       0x00000000       0x31 ..\obj\mbfuncholding.o
 .comment       0x00000000       0x31 ..\obj\usbd_core.o
 .comment       0x00000000       0x31 ..\obj\main.o
 .comment       0x00000000       0x31 ..\obj\mbcrc.o
 .comment       0x00000000       0x31 ..\obj\stm32f4xx_rcc.o
 .comment       0x00000000       0x31 ..\obj\mbfuncfile.o
 .comment       0x00000000       0x31 ..\obj\log.o
 .comment       0x00000000       0x31 ..\obj\mbfuncinput.o
 .comment       0x00000000       0x31 ..\obj\printf.o
 .comment       0x00000000       0x31 ..\obj\watchdog.o
 .comment       0x00000000       0x31 ..\obj\tasks.o
 .comment       0x00000000       0x31 ..\obj\usbd_desc.o
 .comment       0x00000000       0x31 ..\obj\fram_i2c.o
 .comment       0x00000000       0x31 ..\obj\stm32f4xx_gpio.o
 .comment       0x00000000       0x31 ..\obj\porttimer.o
 .comment       0x00000000       0x31 ..\obj\usbd_cdc_vcp.o
 .comment       0x00000000       0x31 ..\obj\mbrtu.o
 .comment       0x00000000       0x31 ..\obj\list.o
 .comment       0x00000000       0x31 ..\obj\system_stm32f4xx.o
 .comment       0x00000000       0x31 ..\obj\usb_bsp.o
 .comment       0x00000000       0x31 ..\obj\usbd_req.o
 .comment       0x00000000       0x31 ..\obj\port.o
 .comment       0x00000000       0x31 ..\obj\queue.o
 .comment       0x00000000       0x31 ..\obj\usb_dcd_int.o
 .comment       0x00000000       0x31 ..\obj\portserial.o
 .comment       0x00000000       0x31 ..\obj\usbd_cdc_core.o
 .comment       0x00000000       0x31 ..\obj\stm32f4xx_spi.o
 .comment       0x00000000       0x31 ..\obj\mbfunccoils.o
 .comment       0x00000000       0x31 ..\obj\ADS1220.o
 .comment       0x00000000       0x31 ..\obj\stm32f4xx_i2c.o
 .comment       0x00000000       0x31 ..\obj\frequency.o
 .comment       0x00000000       0x31 ..\obj\stm32f4xx_exti.o
 .comment       0x00000000       0x31 ..\obj\misc.o
 .comment       0x00000000       0x31 ..\obj\usb_dcd.o
 .comment       0x00000000       0x31 ..\obj\stm32f4xx_rtc.o
 .comment       0x00000000       0x31 ..\obj\usbd_ioreq.o
 .comment       0x00000000       0x31 ..\obj\heap_2.o
 .comment       0x00000000       0x31 ..\obj\controller.o
 .comment       0x00000000       0x31 ..\obj\stm32f4xx_tim.o
 .comment       0x00000000       0x31 ..\obj\power_detector.o

.ARM.attributes
                0x00000000       0x35
 .ARM.attributes