Archive member included because of file (symbol)

c:/coocox/coide/gcc/sourcery g++ lite/bin/../lib/gcc/arm-none-eabi/4.5.1/thumb2\libgcc.a(_arm_addsubdf3.o)
                              ..\obj\ADS1120.o (__aeabi_dadd)
c:/coocox/coide/gcc/sourcery g++ lite/bin/../lib/gcc/arm-none-eabi/4.5.1/thumb2\libgcc.a(_arm_muldivdf3.o)
                              ..\obj\ADS1120.o (__aeabi_dmul)
c:/coocox/coide/gcc/sourcery g++ lite/bin/../lib/gcc/arm-none-eabi/4.5.1/thumb2\libgcc.a(_arm_truncdfsf2.o)
                              ..\obj\ADS1120.o (__aeabi_d2f)
c:/coocox/coide/gcc/sourcery g++ lite/bin/../lib/gcc/arm-none-eabi/4.5.1/thumb2\libgcc.a(_arm_addsubsf3.o)
                              ..\obj\ADS1120.o (__aeabi_i2f)
c:/coocox/coide/gcc/sourcery g++ lite/bin/../lib/gcc/arm-none-eabi/4.5.1/../../../../arm-none-eabi/lib/thumb2\libc.a(lib_a-memcmp.o)
                              ..\obj\tasks.o (memcmp)
c:/coocox/coide/gcc/sourcery g++ lite/bin/../lib/gcc/arm-none-eabi/4.5.1/../../../../arm-none-eabi/lib/thumb2\libc.a(lib_a-memcpy.o)
                              ..\obj\mbfuncother.o (memcpy)
c:/coocox/coide/gcc/sourcery g++ lite/bin/../lib/gcc/arm-none-eabi/4.5.1/../../../../arm-none-eabi/lib/thumb2\libc.a(lib_a-memset.o)
                              ..\obj\tasks.o (memset)

Allocating common symbols
Common symbol       size              file

pxMBFrameCBTransmitterEmpty
                    0x4               ..\obj\mb.o
pxMBPortCBTimerExpired
                    0x4               ..\obj\mb.o
ADC_result          0x4               ..\obj\ADS1120.o
adc_reg             0x1               ..\obj\ADS1120.o
ucRTUBuf            0x100             ..\obj\mbrtu.o
xSPI_Buf_Mutex      0x4               ..\obj\ADS1120.o
pxMBFrameCBByteReceived
                    0x4               ..\obj\mb.o
pxMBFrameCBTransmitFSMCur
                    0x4               ..\obj\mb.o
ADC_result_temp     0x4               ..\obj\ADS1120.o
pxMBFrameCBReceiveFSMCur
                    0x4               ..\obj\mb.o
task_watches        0x50              ..\obj\watchdog.o

Discarded input sections

 .text          0x00000000        0x0 ..\obj\mbport.o
 .data          0x00000000        0xc ..\obj\mbport.o
 .bss           0x00000000      0x100 ..\obj\mbport.o
 .text.ENTER_CRITICAL_SECTION
                0x00000000        0xc ..\obj\mbport.o
 .text.EXIT_CRITICAL_SECTION
                0x00000000        0xc ..\obj\mbport.o
 .text.eMBRegInputCB
                0x00000000       0x24 ..\obj\mbport.o
 .text.eMBRegHoldingCB
                0x00000000       0x24 ..\obj\mbport.o
 .text.eMBRegCoilsCB
                0x00000000       0x20 ..\obj\mbport.o
 .text.eMBRegDiscreteCB
                0x00000000       0x20 ..\obj\mbport.o
 .text          0x00000000        0x0 ..\obj\mb.o
 .data          0x00000000       0x84 ..\obj\mb.o
 .bss           0x00000000       0x24 ..\obj\mb.o
 .text.eMBInit  0x00000000      0x134 ..\obj\mb.o
 .text.eMBRegisterCB
                0x00000000      0x114 ..\obj\mb.o
 .text.eMBClose
                0x00000000       0x48 ..\obj\mb.o
 .text.eMBEnable
                0x00000000       0x48 ..\obj\mb.o
 .text.eMBDisable
                0x00000000       0x60 ..\obj\mb.o
 .text.eMBPoll  0x00000000      0x23c ..\obj\mb.o
 .text          0x00000000        0x0 ..\obj\protocol.o
 .data          0x00000000        0x0 ..\obj\protocol.o
 .bss           0x00000000        0x0 ..\obj\protocol.o
 .rodata        0x00000000        0x8 ..\obj\protocol.o
 .text.Protocol_Init
                0x00000000       0x60 ..\obj\protocol.o
 .text.Modbus_Task
                0x00000000       0x40 ..\obj\protocol.o
 .text          0x00000000        0x0 ..\obj\mbfuncdisc.o
 .data          0x00000000        0x0 ..\obj\mbfuncdisc.o
 .bss           0x00000000        0x0 ..\obj\mbfuncdisc.o
 .text.eMBFuncReadDiscreteInputs
                0x00000000      0x130 ..\obj\mbfuncdisc.o
 .text          0x00000000        0x0 ..\obj\portevent.o
 .data          0x00000000        0x0 ..\obj\portevent.o
 .bss           0x00000000        0x2 ..\obj\portevent.o
 .text.xMBPortEventInit
                0x00000000       0x20 ..\obj\portevent.o
 .text.xMBPortEventPost
                0x00000000       0x34 ..\obj\portevent.o
 .text.xMBPortEventGet
                0x00000000       0x4c ..\obj\portevent.o
 .text          0x00000000        0x0 ..\obj\mbfuncother.o
 .data          0x00000000        0x0 ..\obj\mbfuncother.o
 .bss           0x00000000       0x24 ..\obj\mbfuncother.o
 .text.eMBSetSlaveID
                0x00000000       0xe4 ..\obj\mbfuncother.o
 .text.eMBFuncReportSlaveID
                0x00000000       0x4c ..\obj\mbfuncother.o
 .text          0x00000000        0x0 ..\obj\stm32f4xx_usart.o
 .data          0x00000000        0x0 ..\obj\stm32f4xx_usart.o
 .bss           0x00000000        0x0 ..\obj\stm32f4xx_usart.o
 .text.USART_DeInit
                0x00000000      0x100 ..\obj\stm32f4xx_usart.o
 .text.USART_Init
                0x00000000      0x1bc ..\obj\stm32f4xx_usart.o
 .text.USART_StructInit
                0x00000000       0x44 ..\obj\stm32f4xx_usart.o
 .text.USART_ClockInit
                0x00000000       0x5c ..\obj\stm32f4xx_usart.o
 .text.USART_ClockStructInit
                0x00000000       0x34 ..\obj\stm32f4xx_usart.o
 .text.USART_Cmd
                0x00000000       0x40 ..\obj\stm32f4xx_usart.o
 .text.USART_SetPrescaler
                0x00000000       0x3c ..\obj\stm32f4xx_usart.o
 .text.USART_OverSampling8Cmd
                0x00000000       0x48 ..\obj\stm32f4xx_usart.o
 .text.USART_OneBitMethodCmd
                0x00000000       0x40 ..\obj\stm32f4xx_usart.o
 .text.USART_SendData
                0x00000000       0x28 ..\obj\stm32f4xx_usart.o
 .text.USART_ReceiveData
                0x00000000       0x24 ..\obj\stm32f4xx_usart.o
 .text.USART_SetAddress
                0x00000000       0x3c ..\obj\stm32f4xx_usart.o
 .text.USART_ReceiverWakeUpCmd
                0x00000000       0x40 ..\obj\stm32f4xx_usart.o
 .text.USART_WakeUpConfig
                0x00000000       0x38 ..\obj\stm32f4xx_usart.o
 .text.USART_LINBreakDetectLengthConfig
                0x00000000       0x38 ..\obj\stm32f4xx_usart.o
 .text.USART_LINCmd
                0x00000000       0x40 ..\obj\stm32f4xx_usart.o
 .text.USART_SendBreak
                0x00000000       0x24 ..\obj\stm32f4xx_usart.o
 .text.USART_HalfDuplexCmd
                0x00000000       0x40 ..\obj\stm32f4xx_usart.o
 .text.USART_SetGuardTime
                0x00000000       0x40 ..\obj\stm32f4xx_usart.o
 .text.USART_SmartCardCmd
                0x00000000       0x40 ..\obj\stm32f4xx_usart.o
 .text.USART_SmartCardNACKCmd
                0x00000000       0x40 ..\obj\stm32f4xx_usart.o
 .text.USART_IrDAConfig
                0x00000000       0x38 ..\obj\stm32f4xx_usart.o
 .text.USART_IrDACmd
                0x00000000       0x40 ..\obj\stm32f4xx_usart.o
 .text.USART_DMACmd
                0x00000000       0x4c ..\obj\stm32f4xx_usart.o
 .text.USART_ITConfig
                0x00000000       0xa8 ..\obj\stm32f4xx_usart.o
 .text.USART_GetFlagStatus
                0x00000000       0x40 ..\obj\stm32f4xx_usart.o
 .text.USART_ClearFlag
                0x00000000       0x24 ..\obj\stm32f4xx_usart.o
 .text.USART_GetITStatus
                0x00000000       0xcc ..\obj\stm32f4xx_usart.o
 .text.USART_ClearITPendingBit
                0x00000000       0x44 ..\obj\stm32f4xx_usart.o
 .text          0x00000000        0x0 ..\obj\stm32f4xx_pwr.o
 .data          0x00000000        0x0 ..\obj\stm32f4xx_pwr.o
 .bss           0x00000000        0x0 ..\obj\stm32f4xx_pwr.o
 .text.PWR_DeInit
                0x00000000       0x20 ..\obj\stm32f4xx_pwr.o
 .text.PWR_BackupAccessCmd
                0x00000000       0x20 ..\obj\stm32f4xx_pwr.o
 .text.PWR_PVDLevelConfig
                0x00000000       0x44 ..\obj\stm32f4xx_pwr.o
 .text.PWR_PVDCmd
                0x00000000       0x20 ..\obj\stm32f4xx_pwr.o
 .text.PWR_WakeUpPinCmd
                0x00000000       0x20 ..\obj\stm32f4xx_pwr.o
 .text.PWR_BackupRegulatorCmd
                0x00000000       0x20 ..\obj\stm32f4xx_pwr.o
 .text.PWR_MainRegulatorModeConfig
                0x00000000       0x4c ..\obj\stm32f4xx_pwr.o
 .text.PWR_FlashPowerDownCmd
                0x00000000       0x20 ..\obj\stm32f4xx_pwr.o
 .text.PWR_EnterSTOPMode
                0x00000000       0x84 ..\obj\stm32f4xx_pwr.o
 .text.PWR_EnterSTANDBYMode
                0x00000000       0x54 ..\obj\stm32f4xx_pwr.o
 .text.PWR_GetFlagStatus
                0x00000000       0x40 ..\obj\stm32f4xx_pwr.o
 .text.PWR_ClearFlag
                0x00000000       0x34 ..\obj\stm32f4xx_pwr.o
 .text          0x00000000        0x0 ..\obj\rtc.o
 .data          0x00000000        0x0 ..\obj\rtc.o
 .bss           0x00000000        0x8 ..\obj\rtc.o
 .rodata        0x00000000        0x4 ..\obj\rtc.o
 .text.RTC_Clock_Init
                0x00000000      0x124 ..\obj\rtc.o
 .text.RTC_Task
                0x00000000       0x6c ..\obj\rtc.o
 .text          0x00000000        0x0 ..\obj\mbutils.o
 .data          0x00000000        0x0 ..\obj\mbutils.o
 .bss           0x00000000        0x0 ..\obj\mbutils.o
 .text.xMBUtilSetBits
                0x00000000       0xd8 ..\obj\mbutils.o
 .text.xMBUtilGetBits
                0x00000000       0x84 ..\obj\mbutils.o
 .text.prveMBError2Exception
                0x00000000       0x48 ..\obj\mbutils.o
 .text          0x00000000        0x0 ..\obj\startup_stm32f4xx.o
 .data          0x00000000        0x0 ..\obj\startup_stm32f4xx.o
 .bss           0x00000000        0x0 ..\obj\startup_stm32f4xx.o
 .text          0x00000000        0x0 ..\obj\backup_sram.o
 .data          0x00000000        0x0 ..\obj\backup_sram.o
 .bss           0x00000000        0x0 ..\obj\backup_sram.o
 .text.Backup_SRAM_Init
                0x00000000       0x20 ..\obj\backup_sram.o
 .text.Backup_SRAM_Write_Reg
                0x00000000       0x18 ..\obj\backup_sram.o
 .text          0x00000000        0x0 ..\obj\stm32f4xx_iwdg.o
 .data          0x00000000        0x0 ..\obj\stm32f4xx_iwdg.o
 .bss           0x00000000        0x0 ..\obj\stm32f4xx_iwdg.o
 .text.IWDG_WriteAccessCmd
                0x00000000       0x20 ..\obj\stm32f4xx_iwdg.o
 .text.IWDG_SetPrescaler
                0x00000000       0x20 ..\obj\stm32f4xx_iwdg.o
 .text.IWDG_SetReload
                0x00000000       0x20 ..\obj\stm32f4xx_iwdg.o
 .text.IWDG_ReloadCounter
                0x00000000       0x18 ..\obj\stm32f4xx_iwdg.o
 .text.IWDG_Enable
                0x00000000       0x18 ..\obj\stm32f4xx_iwdg.o
 .text.IWDG_GetFlagStatus
                0x00000000       0x44 ..\obj\stm32f4xx_iwdg.o
 .text          0x00000000        0x0 ..\obj\ADS1120.o
 .data          0x00000000        0x0 ..\obj\ADS1120.o
 .bss           0x00000000        0x0 ..\obj\ADS1120.o
 .rodata        0x00000000       0x10 ..\obj\ADS1120.o
 .text.ADS1120_init
                0x00000000       0x48 ..\obj\ADS1120.o
 .text.SPI2_config
                0x00000000      0x170 ..\obj\ADS1120.o
 .text.SPI2_send
                0x00000000       0x60 ..\obj\ADS1120.o
 .text.SPI2_read
                0x00000000       0x14 ..\obj\ADS1120.o
 .text.ADS1120_task
                0x00000000      0x198 ..\obj\ADS1120.o
 .text.PT100_Code_To_Temperature
                0x00000000       0xa0 ..\obj\ADS1120.o
 COMMON         0x00000000       0x10 ..\obj\ADS1120.o
 .text          0x00000000        0x0 ..\obj\mbfuncholding.o
 .data          0x00000000        0x0 ..\obj\mbfuncholding.o
 .bss           0x00000000        0x0 ..\obj\mbfuncholding.o
 .text.eMBFuncWriteHoldingRegister
                0x00000000       0x84 ..\obj\mbfuncholding.o
 .text.eMBFuncWriteMultipleHoldingRegister
                0x00000000       0xdc ..\obj\mbfuncholding.o
 .text.eMBFuncReadHoldingRegister
                0x00000000      0x10c ..\obj\mbfuncholding.o
 .text.eMBFuncReadWriteMultipleHoldingRegister
                0x00000000      0x1a0 ..\obj\mbfuncholding.o
 .text          0x00000000        0x0 ..\obj\main.o
 .data          0x00000000        0x0 ..\obj\main.o
 .bss           0x00000000        0x0 ..\obj\main.o
 .text.vApplicationTickHook
                0x00000000       0x18 ..\obj\main.o
 .text          0x00000000        0x0 ..\obj\mbcrc.o
 .data          0x00000000        0x0 ..\obj\mbcrc.o
 .bss           0x00000000        0x0 ..\obj\mbcrc.o
 .rodata        0x00000000      0x200 ..\obj\mbcrc.o
 .text.usMBCRC16
                0x00000000       0x90 ..\obj\mbcrc.o
 .text          0x00000000        0x0 ..\obj\stm32f4xx_rcc.o
 .data          0x00000000       0x10 ..\obj\stm32f4xx_rcc.o
 .bss           0x00000000        0x0 ..\obj\stm32f4xx_rcc.o
 .text.RCC_DeInit
                0x00000000       0x84 ..\obj\stm32f4xx_rcc.o
 .text.RCC_HSEConfig
                0x00000000       0x30 ..\obj\stm32f4xx_rcc.o
 .text.RCC_WaitForHSEStartUp
                0x00000000       0x64 ..\obj\stm32f4xx_rcc.o
 .text.RCC_AdjustHSICalibrationValue
                0x00000000       0x48 ..\obj\stm32f4xx_rcc.o
 .text.RCC_HSICmd
                0x00000000       0x20 ..\obj\stm32f4xx_rcc.o
 .text.RCC_LSEConfig
                0x00000000       0x5c ..\obj\stm32f4xx_rcc.o
 .text.RCC_LSICmd
                0x00000000       0x20 ..\obj\stm32f4xx_rcc.o
 .text.RCC_PLLConfig
                0x00000000       0x4c ..\obj\stm32f4xx_rcc.o
 .text.RCC_PLLCmd
                0x00000000       0x20 ..\obj\stm32f4xx_rcc.o
 .text.RCC_PLLI2SConfig
                0x00000000       0x30 ..\obj\stm32f4xx_rcc.o
 .text.RCC_PLLI2SCmd
                0x00000000       0x20 ..\obj\stm32f4xx_rcc.o
 .text.RCC_ClockSecuritySystemCmd
                0x00000000       0x20 ..\obj\stm32f4xx_rcc.o
 .text.RCC_MCO1Config
                0x00000000       0x4c ..\obj\stm32f4xx_rcc.o
 .text.RCC_MCO2Config
                0x00000000       0x4c ..\obj\stm32f4xx_rcc.o
 .text.RCC_SYSCLKConfig
                0x00000000       0x44 ..\obj\stm32f4xx_rcc.o
 .text.RCC_GetSYSCLKSource
                0x00000000       0x20 ..\obj\stm32f4xx_rcc.o
 .text.RCC_HCLKConfig
                0x00000000       0x44 ..\obj\stm32f4xx_rcc.o
 .text.RCC_PCLK1Config
                0x00000000       0x44 ..\obj\stm32f4xx_rcc.o
 .text.RCC_PCLK2Config
                0x00000000       0x48 ..\obj\stm32f4xx_rcc.o
 .text.RCC_GetClocksFreq
                0x00000000      0x1d4 ..\obj\stm32f4xx_rcc.o
 .text.RCC_RTCCLKConfig
                0x00000000       0x7c ..\obj\stm32f4xx_rcc.o
 .text.RCC_RTCCLKCmd
                0x00000000       0x20 ..\obj\stm32f4xx_rcc.o
 .text.RCC_BackupResetCmd
                0x00000000       0x20 ..\obj\stm32f4xx_rcc.o
 .text.RCC_I2SCLKConfig
                0x00000000       0x20 ..\obj\stm32f4xx_rcc.o
 .text.RCC_AHB1PeriphClockCmd
                0x00000000       0x5c ..\obj\stm32f4xx_rcc.o
 .text.RCC_AHB2PeriphClockCmd
                0x00000000       0x5c ..\obj\stm32f4xx_rcc.o
 .text.RCC_AHB3PeriphClockCmd
                0x00000000       0x5c ..\obj\stm32f4xx_rcc.o
 .text.RCC_APB1PeriphClockCmd
                0x00000000       0x5c ..\obj\stm32f4xx_rcc.o
 .text.RCC_APB2PeriphClockCmd
                0x00000000       0x5c ..\obj\stm32f4xx_rcc.o
 .text.RCC_AHB1PeriphResetCmd
                0x00000000       0x5c ..\obj\stm32f4xx_rcc.o
 .text.RCC_AHB2PeriphResetCmd
                0x00000000       0x5c ..\obj\stm32f4xx_rcc.o
 .text.RCC_AHB3PeriphResetCmd
                0x00000000       0x5c ..\obj\stm32f4xx_rcc.o
 .text.RCC_APB1PeriphResetCmd
                0x00000000       0x5c ..\obj\stm32f4xx_rcc.o
 .text.RCC_APB2PeriphResetCmd
                0x00000000       0x5c ..\obj\stm32f4xx_rcc.o
 .text.RCC_AHB1PeriphClockLPModeCmd
                0x00000000       0x5c ..\obj\stm32f4xx_rcc.o
 .text.RCC_AHB2PeriphClockLPModeCmd
                0x00000000       0x5c ..\obj\stm32f4xx_rcc.o
 .text.RCC_AHB3PeriphClockLPModeCmd
                0x00000000       0x5c ..\obj\stm32f4xx_rcc.o
 .text.RCC_APB1PeriphClockLPModeCmd
                0x00000000       0x5c ..\obj\stm32f4xx_rcc.o
 .text.RCC_APB2PeriphClockLPModeCmd
                0x00000000       0x5c ..\obj\stm32f4xx_rcc.o
 .text.RCC_ITConfig
                0x00000000       0x64 ..\obj\stm32f4xx_rcc.o
 .text.RCC_GetFlagStatus
                0x00000000       0x90 ..\obj\stm32f4xx_rcc.o
 .text.RCC_ClearFlag
                0x00000000       0x24 ..\obj\stm32f4xx_rcc.o
 .text.RCC_GetITStatus
                0x00000000       0x44 ..\obj\stm32f4xx_rcc.o
 .text.RCC_ClearITPendingBit
                0x00000000       0x20 ..\obj\stm32f4xx_rcc.o
 .text          0x00000000        0x0 ..\obj\timers.o
 .data          0x00000000        0x0 ..\obj\timers.o
 .bss           0x00000000        0x0 ..\obj\timers.o
 .text          0x00000000        0x0 ..\obj\mbfuncinput.o
 .data          0x00000000        0x0 ..\obj\mbfuncinput.o
 .bss           0x00000000        0x0 ..\obj\mbfuncinput.o
 .text.eMBFuncReadInputRegister
                0x00000000      0x110 ..\obj\mbfuncinput.o
 .text          0x00000000        0x0 ..\obj\watchdog.o
 .data          0x00000000        0x0 ..\obj\watchdog.o
 .bss           0x00000000        0x0 ..\obj\watchdog.o
 .rodata        0x00000000        0x8 ..\obj\watchdog.o
 .text.Watchdog_Init
                0x00000000       0x90 ..\obj\watchdog.o
 .text.Watchdog_Task
                0x00000000       0x94 ..\obj\watchdog.o
 COMMON         0x00000000       0x50 ..\obj\watchdog.o
 .text          0x00000000        0x0 ..\obj\mbfuncdiag.o
 .data          0x00000000        0x0 ..\obj\mbfuncdiag.o
 .bss           0x00000000        0x0 ..\obj\mbfuncdiag.o
 .text          0x00000000        0x0 ..\obj\tasks.o
 .text.vTaskDelete
                0x00000000      0x124 ..\obj\tasks.o
 .text.vTaskDelayUntil
                0x00000000      0x104 ..\obj\tasks.o
 .text.vTaskPrioritySet
                0x00000000      0x194 ..\obj\tasks.o
 .text.vTaskSuspend
                0x00000000      0x130 ..\obj\tasks.o
 .text.prvTaskIsTaskSuspended
                0x00000000       0x74 ..\obj\tasks.o
 .text.vTaskResume
                0x00000000       0xbc ..\obj\tasks.o
 .text.xTaskResumeFromISR
                0x00000000       0xdc ..\obj\tasks.o
 .text.vTaskEndScheduler
                0x00000000       0x1c ..\obj\tasks.o
 .text.xTaskGetTickCount
                0x00000000       0x20 ..\obj\tasks.o
 .text.xTaskGetTickCountFromISR
                0x00000000       0x28 ..\obj\tasks.o
 .text.uxTaskGetNumberOfTasks
                0x00000000       0x18 ..\obj\tasks.o
 .text.vTaskPlaceOnEventList
                0x00000000       0xb8 ..\obj\tasks.o
 .text.vTaskPlaceOnUnorderedEventList
                0x00000000       0xe0 ..\obj\tasks.o
 .text.xTaskRemoveFromEventList
                0x00000000       0xe0 ..\obj\tasks.o
 .text.xTaskRemoveFromUnorderedEventList
                0x00000000       0xd4 ..\obj\tasks.o
 .text.vTaskSetTimeOutState
                0x00000000       0x38 ..\obj\tasks.o
 .text.xTaskCheckForTimeOut
                0x00000000       0xb0 ..\obj\tasks.o
 .text.vTaskMissedYield
                0x00000000       0x18 ..\obj\tasks.o
 .text.xTaskGetCurrentTaskHandle
                0x00000000       0x20 ..\obj\tasks.o
 .text.vTaskPriorityInherit
                0x00000000      0x148 ..\obj\tasks.o
 .text.xTaskPriorityDisinherit
                0x00000000      0x114 ..\obj\tasks.o
 .text.uxTaskResetEventItemValue
                0x00000000       0x40 ..\obj\tasks.o
 .text.pvTaskIncrementMutexHeldCount
                0x00000000       0x38 ..\obj\tasks.o
 .text.ulTaskNotifyTake
                0x00000000      0x128 ..\obj\tasks.o
 .text.xTaskNotifyWait
                0x00000000      0x160 ..\obj\tasks.o
 .text.xTaskNotify
                0x00000000      0x12c ..\obj\tasks.o
 .text.xTaskNotifyFromISR
                0x00000000      0x164 ..\obj\tasks.o
 .text.vTaskNotifyGiveFromISR
                0x00000000      0x104 ..\obj\tasks.o
 .text          0x00000000        0x0 ..\obj\stm32f4xx_gpio.o
 .data          0x00000000        0x0 ..\obj\stm32f4xx_gpio.o
 .bss           0x00000000        0x0 ..\obj\stm32f4xx_gpio.o
 .text.GPIO_DeInit
                0x00000000      0x178 ..\obj\stm32f4xx_gpio.o
 .text.GPIO_Init
                0x00000000      0x158 ..\obj\stm32f4xx_gpio.o
 .text.GPIO_StructInit
                0x00000000       0x3c ..\obj\stm32f4xx_gpio.o
 .text.GPIO_PinLockConfig
                0x00000000       0x44 ..\obj\stm32f4xx_gpio.o
 .text.GPIO_ReadInputDataBit
                0x00000000       0x40 ..\obj\stm32f4xx_gpio.o
 .text.GPIO_ReadInputData
                0x00000000       0x1c ..\obj\stm32f4xx_gpio.o
 .text.GPIO_ReadOutputDataBit
                0x00000000       0x40 ..\obj\stm32f4xx_gpio.o
 .text.GPIO_ReadOutputData
                0x00000000       0x1c ..\obj\stm32f4xx_gpio.o
 .text.GPIO_SetBits
                0x00000000       0x1c ..\obj\stm32f4xx_gpio.o
 .text.GPIO_ResetBits
                0x00000000       0x1c ..\obj\stm32f4xx_gpio.o
 .text.GPIO_WriteBit
                0x00000000       0x30 ..\obj\stm32f4xx_gpio.o
 .text.GPIO_Write
                0x00000000       0x1c ..\obj\stm32f4xx_gpio.o
 .text.GPIO_ToggleBits
                0x00000000       0x24 ..\obj\stm32f4xx_gpio.o
 .text.GPIO_PinAFConfig
                0x00000000       0xb0 ..\obj\stm32f4xx_gpio.o
 .text          0x00000000        0x0 ..\obj\porttimer.o
 .data          0x00000000        0x0 ..\obj\porttimer.o
 .bss           0x00000000        0x0 ..\obj\porttimer.o
 .text.xMBPortTimersInit
                0x00000000       0xe0 ..\obj\porttimer.o
 .text.vMBPortTimersEnable
                0x00000000       0x4c ..\obj\porttimer.o
 .text.vMBPortTimersDisable
                0x00000000       0x4c ..\obj\porttimer.o
 .text          0x00000000        0x0 ..\obj\mbrtu.o
 .data          0x00000000        0x0 ..\obj\mbrtu.o
 .bss           0x00000000        0xc ..\obj\mbrtu.o
 .text.eMBRTUInit
                0x00000000       0x84 ..\obj\mbrtu.o
 .text.eMBRTUStart
                0x00000000       0x2c ..\obj\mbrtu.o
 .text.eMBRTUStop
                0x00000000       0x20 ..\obj\mbrtu.o
 .text.eMBRTUReceive
                0x00000000       0x9c ..\obj\mbrtu.o
 .text.eMBRTUSend
                0x00000000      0x124 ..\obj\mbrtu.o
 .text.xMBRTUReceiveFSM
                0x00000000       0xf0 ..\obj\mbrtu.o
 .text.xMBRTUTransmitFSM
                0x00000000       0xa4 ..\obj\mbrtu.o
 .text.xMBRTUTimerT35Expired
                0x00000000       0x60 ..\obj\mbrtu.o
 COMMON         0x00000000      0x100 ..\obj\mbrtu.o
 .text          0x00000000        0x0 ..\obj\list.o
 .data          0x00000000        0x0 ..\obj\list.o
 .bss           0x00000000        0x0 ..\obj\list.o
 .text          0x00000000        0x0 ..\obj\system_stm32f4xx.o
 .data          0x00000000       0x14 ..\obj\system_stm32f4xx.o
 .bss           0x00000000        0x0 ..\obj\system_stm32f4xx.o
 .text.SystemCoreClockUpdate
                0x00000000      0x178 ..\obj\system_stm32f4xx.o
 .text          0x00000000        0x0 ..\obj\port.o
 .rodata        0x00000000        0x4 ..\obj\port.o
 .text.vPortEndScheduler
                0x00000000       0x1c ..\obj\port.o
 .text.vPortValidateInterruptPriority
                0x00000000       0x64 ..\obj\port.o
 .text          0x00000000        0x0 ..\obj\queue.o
 .data          0x00000000        0x0 ..\obj\queue.o
 .bss           0x00000000        0x0 ..\obj\queue.o
 .text.xQueueGenericReset
                0x00000000       0xc0 ..\obj\queue.o
 .text.xQueueGenericCreate
                0x00000000       0xa0 ..\obj\queue.o
 .text.xQueueCreateMutex
                0x00000000       0xa8 ..\obj\queue.o
 .text.xQueueGenericSend
                0x00000000      0x188 ..\obj\queue.o
 .text.xQueueGenericSendFromISR
                0x00000000       0xec ..\obj\queue.o
 .text.xQueueGiveFromISR
                0x00000000       0xac ..\obj\queue.o
 .text.xQueueGenericReceive
                0x00000000      0x1b8 ..\obj\queue.o
 .text.xQueueReceiveFromISR
                0x00000000       0xc4 ..\obj\queue.o
 .text.xQueuePeekFromISR
                0x00000000       0x90 ..\obj\queue.o
 .text.uxQueueMessagesWaiting
                0x00000000       0x30 ..\obj\queue.o
 .text.uxQueueSpacesAvailable
                0x00000000       0x38 ..\obj\queue.o
 .text.uxQueueMessagesWaitingFromISR
                0x00000000       0x28 ..\obj\queue.o
 .text.vQueueDelete
                0x00000000       0x28 ..\obj\queue.o
 .text.prvCopyDataToQueue
                0x00000000       0xe8 ..\obj\queue.o
 .text.prvCopyDataFromQueue
                0x00000000       0x50 ..\obj\queue.o
 .text.prvUnlockQueue
                0x00000000       0xa0 ..\obj\queue.o
 .text.prvIsQueueEmpty
                0x00000000       0x34 ..\obj\queue.o
 .text.xQueueIsQueueEmptyFromISR
                0x00000000       0x38 ..\obj\queue.o
 .text.prvIsQueueFull
                0x00000000       0x38 ..\obj\queue.o
 .text.xQueueIsQueueFullFromISR
                0x00000000       0x3c ..\obj\queue.o
 .text          0x00000000        0x0 ..\obj\portserial.o
 .data          0x00000000        0x0 ..\obj\portserial.o
 .bss           0x00000000        0x1 ..\obj\portserial.o
 .text.vMBPortSerialEnable
                0x00000000       0x28 ..\obj\portserial.o
 .rodata        0x00000000        0x8 ..\obj\portserial.o
 .text.xMBPortSerialInit
                0x00000000       0x54 ..\obj\portserial.o
 .text.xMBPortSerialPutByte
                0x00000000       0x38 ..\obj\portserial.o
 .text.xMBPortSerialGetByte
                0x00000000       0x2c ..\obj\portserial.o
 .text.prvvUARTTxReadyISR
                0x00000000       0x14 ..\obj\portserial.o
 .text.prvvUARTRxISR
                0x00000000       0x14 ..\obj\portserial.o
 .text.Serial_Task
                0x00000000        0xc ..\obj\portserial.o
 .text          0x00000000        0x0 ..\obj\croutine.o
 .data          0x00000000        0x0 ..\obj\croutine.o
 .bss           0x00000000       0x80 ..\obj\croutine.o
 .text.xCoRoutineCreate
                0x00000000       0xf4 ..\obj\croutine.o
 .text.vCoRoutineAddToDelayedList
                0x00000000       0xb4 ..\obj\croutine.o
 .text.prvCheckPendingReadyList
                0x00000000       0x9c ..\obj\croutine.o
 .text.prvCheckDelayedList
                0x00000000      0x16c ..\obj\croutine.o
 .text.vCoRoutineSchedule
                0x00000000       0xec ..\obj\croutine.o
 .text.prvInitialiseCoRoutineLists
                0x00000000       0x8c ..\obj\croutine.o
 .text.xCoRoutineRemoveFromEventList
                0x00000000       0x60 ..\obj\croutine.o
 .text          0x00000000        0x0 ..\obj\stm32f4xx_spi.o
 .data          0x00000000        0x0 ..\obj\stm32f4xx_spi.o
 .bss           0x00000000        0x0 ..\obj\stm32f4xx_spi.o
 .text.SPI_I2S_DeInit
                0x00000000       0x88 ..\obj\stm32f4xx_spi.o
 .text.SPI_Init
                0x00000000       0x98 ..\obj\stm32f4xx_spi.o
 .text.I2S_Init
                0x00000000      0x224 ..\obj\stm32f4xx_spi.o
 .text.SPI_StructInit
                0x00000000       0x5c ..\obj\stm32f4xx_spi.o
 .text.I2S_StructInit
                0x00000000       0x44 ..\obj\stm32f4xx_spi.o
 .text.SPI_Cmd  0x00000000       0x40 ..\obj\stm32f4xx_spi.o
 .text.I2S_Cmd  0x00000000       0x40 ..\obj\stm32f4xx_spi.o
 .text.SPI_DataSizeConfig
                0x00000000       0x38 ..\obj\stm32f4xx_spi.o
 .text.SPI_BiDirectionalLineConfig
                0x00000000       0x40 ..\obj\stm32f4xx_spi.o
 .text.SPI_NSSInternalSoftwareConfig
                0x00000000       0x44 ..\obj\stm32f4xx_spi.o
 .text.SPI_SSOutputCmd
                0x00000000       0x40 ..\obj\stm32f4xx_spi.o
 .text.SPI_TIModeCmd
                0x00000000       0x40 ..\obj\stm32f4xx_spi.o
 .text.I2S_FullDuplexConfig
                0x00000000       0xac ..\obj\stm32f4xx_spi.o
 .text.SPI_I2S_ReceiveData
                0x00000000       0x1c ..\obj\stm32f4xx_spi.o
 .text.SPI_I2S_SendData
                0x00000000       0x1c ..\obj\stm32f4xx_spi.o
 .text.SPI_CalculateCRC
                0x00000000       0x40 ..\obj\stm32f4xx_spi.o
 .text.SPI_TransmitCRC
                0x00000000       0x24 ..\obj\stm32f4xx_spi.o
 .text.SPI_GetCRC
                0x00000000       0x34 ..\obj\stm32f4xx_spi.o
 .text.SPI_GetCRCPolynomial
                0x00000000       0x1c ..\obj\stm32f4xx_spi.o
 .text.SPI_I2S_DMACmd
                0x00000000       0x4c ..\obj\stm32f4xx_spi.o
 .text.SPI_I2S_ITConfig
                0x00000000       0x70 ..\obj\stm32f4xx_spi.o
 .text.SPI_I2S_GetFlagStatus
                0x00000000       0x40 ..\obj\stm32f4xx_spi.o
 .text.SPI_I2S_ClearFlag
                0x00000000       0x24 ..\obj\stm32f4xx_spi.o
 .text.SPI_I2S_GetITStatus
                0x00000000       0x8c ..\obj\stm32f4xx_spi.o
 .text.SPI_I2S_ClearITPendingBit
                0x00000000       0x38 ..\obj\stm32f4xx_spi.o
 .text          0x00000000        0x0 ..\obj\mbfunccoils.o
 .data          0x00000000        0x0 ..\obj\mbfunccoils.o
 .bss           0x00000000        0x0 ..\obj\mbfunccoils.o
 .text.eMBFuncReadCoils
                0x00000000      0x134 ..\obj\mbfunccoils.o
 .text.eMBFuncWriteCoil
                0x00000000       0xcc ..\obj\mbfunccoils.o
 .text.eMBFuncWriteMultipleCoils
                0x00000000       0xfc ..\obj\mbfunccoils.o
 .text          0x00000000        0x0 ..\obj\event_groups.o
 .data          0x00000000        0x0 ..\obj\event_groups.o
 .bss           0x00000000        0x0 ..\obj\event_groups.o
 .text.xEventGroupCreate
                0x00000000       0x38 ..\obj\event_groups.o
 .text.xEventGroupSync
                0x00000000      0x10c ..\obj\event_groups.o
 .text.xEventGroupWaitBits
                0x00000000      0x140 ..\obj\event_groups.o
 .text.xEventGroupClearBits
                0x00000000       0x54 ..\obj\event_groups.o
 .text.xEventGroupGetBitsFromISR
                0x00000000       0x2c ..\obj\event_groups.o
 .text.xEventGroupSetBits
                0x00000000      0x10c ..\obj\event_groups.o
 .text.vEventGroupDelete
                0x00000000       0x58 ..\obj\event_groups.o
 .text.vEventGroupSetBitsCallback
                0x00000000       0x1c ..\obj\event_groups.o
 .text.vEventGroupClearBitsCallback
                0x00000000       0x1c ..\obj\event_groups.o
 .text.prvTestWaitCondition
                0x00000000       0x4c ..\obj\event_groups.o
 .text          0x00000000        0x0 ..\obj\stm32f4xx_exti.o
 .data          0x00000000        0x0 ..\obj\stm32f4xx_exti.o
 .bss           0x00000000        0x0 ..\obj\stm32f4xx_exti.o
 .text.EXTI_DeInit
                0x00000000       0x54 ..\obj\stm32f4xx_exti.o
 .text.EXTI_Init
                0x00000000      0x158 ..\obj\stm32f4xx_exti.o
 .text.EXTI_StructInit
                0x00000000       0x34 ..\obj\stm32f4xx_exti.o
 .text.EXTI_GenerateSWInterrupt
                0x00000000       0x30 ..\obj\stm32f4xx_exti.o
 .text.EXTI_GetFlagStatus
                0x00000000       0x40 ..\obj\stm32f4xx_exti.o
 .text.EXTI_ClearFlag
                0x00000000       0x20 ..\obj\stm32f4xx_exti.o
 .text          0x00000000        0x0 ..\obj\misc.o
 .data          0x00000000        0x0 ..\obj\misc.o
 .bss           0x00000000        0x0 ..\obj\misc.o
 .text.NVIC_PriorityGroupConfig
                0x00000000       0x28 ..\obj\misc.o
 .text.NVIC_Init
                0x00000000       0xe8 ..\obj\misc.o
 .text.NVIC_SetVectorTable
                0x00000000       0x2c ..\obj\misc.o
 .text.NVIC_SystemLPConfig
                0x00000000       0x5c ..\obj\misc.o
 .text.SysTick_CLKSourceConfig
                0x00000000       0x4c ..\obj\misc.o
 .text          0x00000000        0x0 ..\obj\stm32f4xx_rtc.o
 .data          0x00000000        0x0 ..\obj\stm32f4xx_rtc.o
 .bss           0x00000000        0x0 ..\obj\stm32f4xx_rtc.o
 .text.RTC_DeInit
                0x00000000      0x16c ..\obj\stm32f4xx_rtc.o
 .text.RTC_Init
                0x00000000       0xc8 ..\obj\stm32f4xx_rtc.o
 .text.RTC_StructInit
                0x00000000       0x2c ..\obj\stm32f4xx_rtc.o
 .text.RTC_WriteProtectionCmd
                0x00000000       0x48 ..\obj\stm32f4xx_rtc.o
 .text.RTC_EnterInitMode
                0x00000000       0x94 ..\obj\stm32f4xx_rtc.o
 .text.RTC_ExitInitMode
                0x00000000       0x24 ..\obj\stm32f4xx_rtc.o
 .text.RTC_WaitForSynchro
                0x00000000       0xb0 ..\obj\stm32f4xx_rtc.o
 .text.RTC_RefClockCmd
                0x00000000       0x9c ..\obj\stm32f4xx_rtc.o
 .text.RTC_BypassShadowCmd
                0x00000000       0x78 ..\obj\stm32f4xx_rtc.o
 .text.RTC_SetTime
                0x00000000      0x14c ..\obj\stm32f4xx_rtc.o
 .text.RTC_TimeStructInit
                0x00000000       0x34 ..\obj\stm32f4xx_rtc.o
 .text.RTC_GetTime
                0x00000000       0xac ..\obj\stm32f4xx_rtc.o
 .text.RTC_GetSubSecond
                0x00000000       0x30 ..\obj\stm32f4xx_rtc.o
 .text.RTC_SetDate
                0x00000000      0x144 ..\obj\stm32f4xx_rtc.o
 .text.RTC_DateStructInit
                0x00000000       0x34 ..\obj\stm32f4xx_rtc.o
 .text.RTC_GetDate
                0x00000000       0xa8 ..\obj\stm32f4xx_rtc.o
 .text.RTC_SetAlarm
                0x00000000      0x180 ..\obj\stm32f4xx_rtc.o
 .text.RTC_AlarmStructInit
                0x00000000       0x4c ..\obj\stm32f4xx_rtc.o
 .text.RTC_GetAlarm
                0x00000000       0xec ..\obj\stm32f4xx_rtc.o
 .text.RTC_AlarmCmd
                0x00000000       0xf8 ..\obj\stm32f4xx_rtc.o
 .text.RTC_AlarmSubSecondConfig
                0x00000000       0x74 ..\obj\stm32f4xx_rtc.o
 .text.RTC_GetAlarmSubSecond
                0x00000000       0x50 ..\obj\stm32f4xx_rtc.o
 .text.RTC_WakeUpClockConfig
                0x00000000       0x70 ..\obj\stm32f4xx_rtc.o
 .text.RTC_SetWakeUpCounter
                0x00000000       0x48 ..\obj\stm32f4xx_rtc.o
 .text.RTC_GetWakeUpCounter
                0x00000000       0x20 ..\obj\stm32f4xx_rtc.o
 .text.RTC_WakeUpCmd
                0x00000000       0xd8 ..\obj\stm32f4xx_rtc.o
 .text.RTC_DayLightSavingConfig
                0x00000000       0x78 ..\obj\stm32f4xx_rtc.o
 .text.RTC_GetStoreOperation
                0x00000000       0x1c ..\obj\stm32f4xx_rtc.o
 .text.RTC_OutputConfig
                0x00000000       0x78 ..\obj\stm32f4xx_rtc.o
 .text.RTC_CoarseCalibConfig
                0x00000000       0x74 ..\obj\stm32f4xx_rtc.o
 .text.RTC_CoarseCalibCmd
                0x00000000       0x9c ..\obj\stm32f4xx_rtc.o
 .text.RTC_CalibOutputCmd
                0x00000000       0x78 ..\obj\stm32f4xx_rtc.o
 .text.RTC_CalibOutputConfig
                0x00000000       0x70 ..\obj\stm32f4xx_rtc.o
 .text.RTC_SmoothCalibConfig
                0x00000000       0xbc ..\obj\stm32f4xx_rtc.o
 .text.RTC_TimeStampCmd
                0x00000000       0x88 ..\obj\stm32f4xx_rtc.o
 .text.RTC_GetTimeStamp
                0x00000000      0x134 ..\obj\stm32f4xx_rtc.o
 .text.RTC_GetTimeStampSubSecond
                0x00000000       0x18 ..\obj\stm32f4xx_rtc.o
 .text.RTC_TamperTriggerConfig
                0x00000000       0x60 ..\obj\stm32f4xx_rtc.o
 .text.RTC_TamperCmd
                0x00000000       0x5c ..\obj\stm32f4xx_rtc.o
 .text.RTC_TamperFilterConfig
                0x00000000       0x48 ..\obj\stm32f4xx_rtc.o
 .text.RTC_TamperSamplingFreqConfig
                0x00000000       0x48 ..\obj\stm32f4xx_rtc.o
 .text.RTC_TamperPinsPrechargeDuration
                0x00000000       0x48 ..\obj\stm32f4xx_rtc.o
 .text.RTC_TimeStampOnTamperDetectionCmd
                0x00000000       0x4c ..\obj\stm32f4xx_rtc.o
 .text.RTC_TamperPullUpCmd
                0x00000000       0x4c ..\obj\stm32f4xx_rtc.o
 .text.RTC_WriteBackupRegister
                0x00000000       0x38 ..\obj\stm32f4xx_rtc.o
 .text.RTC_ReadBackupRegister
                0x00000000       0x34 ..\obj\stm32f4xx_rtc.o
 .text.RTC_TamperPinSelection
                0x00000000       0x48 ..\obj\stm32f4xx_rtc.o
 .text.RTC_TimeStampPinSelection
                0x00000000       0x48 ..\obj\stm32f4xx_rtc.o
 .text.RTC_OutputTypeConfig
                0x00000000       0x48 ..\obj\stm32f4xx_rtc.o
 .text.RTC_SynchroShiftConfig
                0x00000000       0xe0 ..\obj\stm32f4xx_rtc.o
 .text.RTC_ITConfig
                0x00000000       0xd0 ..\obj\stm32f4xx_rtc.o
 .text.RTC_GetFlagStatus
                0x00000000       0x54 ..\obj\stm32f4xx_rtc.o
 .text.RTC_ClearFlag
                0x00000000       0x40 ..\obj\stm32f4xx_rtc.o
 .text.RTC_GetITStatus
                0x00000000       0x94 ..\obj\stm32f4xx_rtc.o
 .text.RTC_ClearITPendingBit
                0x00000000       0x50 ..\obj\stm32f4xx_rtc.o
 .text.RTC_ByteToBcd2
                0x00000000       0x44 ..\obj\stm32f4xx_rtc.o
 .text.RTC_Bcd2ToByte
                0x00000000       0x40 ..\obj\stm32f4xx_rtc.o
 .text          0x00000000        0x0 ..\obj\heap_2.o
 .text.vPortInitialiseBlocks
                0x00000000        0xc ..\obj\heap_2.o
 .text          0x00000000        0x0 ..\obj\stm32f4xx_tim.o
 .data          0x00000000        0x0 ..\obj\stm32f4xx_tim.o
 .bss           0x00000000        0x0 ..\obj\stm32f4xx_tim.o
 .text.TIM_DeInit
                0x00000000      0x238 ..\obj\stm32f4xx_tim.o
 .text.TIM_TimeBaseInit
                0x00000000       0xf8 ..\obj\stm32f4xx_tim.o
 .text.TIM_TimeBaseStructInit
                0x00000000       0x3c ..\obj\stm32f4xx_tim.o
 .text.TIM_PrescalerConfig
                0x00000000       0x28 ..\obj\stm32f4xx_tim.o
 .text.TIM_CounterModeConfig
                0x00000000       0x3c ..\obj\stm32f4xx_tim.o
 .text.TIM_SetCounter
                0x00000000       0x1c ..\obj\stm32f4xx_tim.o
 .text.TIM_SetAutoreload
                0x00000000       0x1c ..\obj\stm32f4xx_tim.o
 .text.TIM_GetCounter
                0x00000000       0x18 ..\obj\stm32f4xx_tim.o
 .text.TIM_GetPrescaler
                0x00000000       0x1c ..\obj\stm32f4xx_tim.o
 .text.TIM_UpdateDisableConfig
                0x00000000       0x40 ..\obj\stm32f4xx_tim.o
 .text.TIM_UpdateRequestConfig
                0x00000000       0x40 ..\obj\stm32f4xx_tim.o
 .text.TIM_ARRPreloadConfig
                0x00000000       0x40 ..\obj\stm32f4xx_tim.o
 .text.TIM_SelectOnePulseMode
                0x00000000       0x38 ..\obj\stm32f4xx_tim.o
 .text.TIM_SetClockDivision
                0x00000000       0x38 ..\obj\stm32f4xx_tim.o
 .text.TIM_Cmd  0x00000000       0x40 ..\obj\stm32f4xx_tim.o
 .text.TIM_OC1Init
                0x00000000      0x10c ..\obj\stm32f4xx_tim.o
 .text.TIM_OC2Init
                0x00000000      0x134 ..\obj\stm32f4xx_tim.o
 .text.TIM_OC3Init
                0x00000000      0x130 ..\obj\stm32f4xx_tim.o
 .text.TIM_OC4Init
                0x00000000       0xe8 ..\obj\stm32f4xx_tim.o
 .text.TIM_OCStructInit
                0x00000000       0x54 ..\obj\stm32f4xx_tim.o
 .text.TIM_SelectOCxM
                0x00000000       0xc8 ..\obj\stm32f4xx_tim.o
 .text.TIM_SetCompare1
                0x00000000       0x1c ..\obj\stm32f4xx_tim.o
 .text.TIM_SetCompare2
                0x00000000       0x1c ..\obj\stm32f4xx_tim.o
 .text.TIM_SetCompare3
                0x00000000       0x1c ..\obj\stm32f4xx_tim.o
 .text.TIM_SetCompare4
                0x00000000       0x1c ..\obj\stm32f4xx_tim.o
 .text.TIM_ForcedOC1Config
                0x00000000       0x3c ..\obj\stm32f4xx_tim.o
 .text.TIM_ForcedOC2Config
                0x00000000       0x40 ..\obj\stm32f4xx_tim.o
 .text.TIM_ForcedOC3Config
                0x00000000       0x3c ..\obj\stm32f4xx_tim.o
 .text.TIM_ForcedOC4Config
                0x00000000       0x40 ..\obj\stm32f4xx_tim.o
 .text.TIM_OC1PreloadConfig
                0x00000000       0x3c ..\obj\stm32f4xx_tim.o
 .text.TIM_OC2PreloadConfig
                0x00000000       0x40 ..\obj\stm32f4xx_tim.o
 .text.TIM_OC3PreloadConfig
                0x00000000       0x3c ..\obj\stm32f4xx_tim.o
 .text.TIM_OC4PreloadConfig
                0x00000000       0x40 ..\obj\stm32f4xx_tim.o
 .text.TIM_OC1FastConfig
                0x00000000       0x3c ..\obj\stm32f4xx_tim.o
 .text.TIM_OC2FastConfig
                0x00000000       0x40 ..\obj\stm32f4xx_tim.o
 .text.TIM_OC3FastConfig
                0x00000000       0x3c ..\obj\stm32f4xx_tim.o
 .text.TIM_OC4FastConfig
                0x00000000       0x40 ..\obj\stm32f4xx_tim.o
 .text.TIM_ClearOC1Ref
                0x00000000       0x3c ..\obj\stm32f4xx_tim.o
 .text.TIM_ClearOC2Ref
                0x00000000       0x44 ..\obj\stm32f4xx_tim.o
 .text.TIM_ClearOC3Ref
                0x00000000       0x3c ..\obj\stm32f4xx_tim.o
 .text.TIM_ClearOC4Ref
                0x00000000       0x44 ..\obj\stm32f4xx_tim.o
 .text.TIM_OC1PolarityConfig
                0x00000000       0x3c ..\obj\stm32f4xx_tim.o
 .text.TIM_OC1NPolarityConfig
                0x00000000       0x3c ..\obj\stm32f4xx_tim.o
 .text.TIM_OC2PolarityConfig
                0x00000000       0x40 ..\obj\stm32f4xx_tim.o
 .text.TIM_OC2NPolarityConfig
                0x00000000       0x40 ..\obj\stm32f4xx_tim.o
 .text.TIM_OC3PolarityConfig
                0x00000000       0x40 ..\obj\stm32f4xx_tim.o
 .text.TIM_OC3NPolarityConfig
                0x00000000       0x40 ..\obj\stm32f4xx_tim.o
 .text.TIM_OC4PolarityConfig
                0x00000000       0x40 ..\obj\stm32f4xx_tim.o
 .text.TIM_CCxCmd
                0x00000000       0x60 ..\obj\stm32f4xx_tim.o
 .text.TIM_CCxNCmd
                0x00000000       0x60 ..\obj\stm32f4xx_tim.o
 .text.TIM_ICInit
                0x00000000       0xa8 ..\obj\stm32f4xx_tim.o
 .text.TIM_ICStructInit
                0x00000000       0x3c ..\obj\stm32f4xx_tim.o
 .text.TIM_PWMIConfig
                0x00000000       0xc4 ..\obj\stm32f4xx_tim.o
 .text.TIM_GetCapture1
                0x00000000       0x18 ..\obj\stm32f4xx_tim.o
 .text.TIM_GetCapture2
                0x00000000       0x18 ..\obj\stm32f4xx_tim.o
 .text.TIM_GetCapture3
                0x00000000       0x18 ..\obj\stm32f4xx_tim.o
 .text.TIM_GetCapture4
                0x00000000       0x18 ..\obj\stm32f4xx_tim.o
 .text.TIM_SetIC1Prescaler
                0x00000000       0x38 ..\obj\stm32f4xx_tim.o
 .text.TIM_SetIC2Prescaler
                0x00000000       0x40 ..\obj\stm32f4xx_tim.o
 .text.TIM_SetIC3Prescaler
                0x00000000       0x38 ..\obj\stm32f4xx_tim.o
 .text.TIM_SetIC4Prescaler
                0x00000000       0x40 ..\obj\stm32f4xx_tim.o
 .text.TIM_BDTRConfig
                0x00000000       0x5c ..\obj\stm32f4xx_tim.o
 .text.TIM_BDTRStructInit
                0x00000000       0x4c ..\obj\stm32f4xx_tim.o
 .text.TIM_CtrlPWMOutputs
                0x00000000       0x50 ..\obj\stm32f4xx_tim.o
 .text.TIM_SelectCOM
                0x00000000       0x40 ..\obj\stm32f4xx_tim.o
 .text.TIM_CCPreloadControl
                0x00000000       0x40 ..\obj\stm32f4xx_tim.o
 .text.TIM_ITConfig
                0x00000000       0x4c ..\obj\stm32f4xx_tim.o
 .text.TIM_GenerateEvent
                0x00000000       0x1c ..\obj\stm32f4xx_tim.o
 .text.TIM_GetFlagStatus
                0x00000000       0x40 ..\obj\stm32f4xx_tim.o
 .text.TIM_ClearFlag
                0x00000000       0x24 ..\obj\stm32f4xx_tim.o
 .text.TIM_GetITStatus
                0x00000000       0x64 ..\obj\stm32f4xx_tim.o
 .text.TIM_DMAConfig
                0x00000000       0x2c ..\obj\stm32f4xx_tim.o
 .text.TIM_DMACmd
                0x00000000       0x4c ..\obj\stm32f4xx_tim.o
 .text.TIM_SelectCCDMA
                0x00000000       0x40 ..\obj\stm32f4xx_tim.o
 .text.TIM_InternalClockConfig
                0x00000000       0x24 ..\obj\stm32f4xx_tim.o
 .text.TIM_ITRxExternalClockConfig
                0x00000000       0x30 ..\obj\stm32f4xx_tim.o
 .text.TIM_TIxExternalClockConfig
                0x00000000       0x58 ..\obj\stm32f4xx_tim.o
 .text.TIM_ETRClockMode1Config
                0x00000000       0x54 ..\obj\stm32f4xx_tim.o
 .text.TIM_ETRClockMode2Config
                0x00000000       0x34 ..\obj\stm32f4xx_tim.o
 .text.TIM_SelectInputTrigger
                0x00000000       0x3c ..\obj\stm32f4xx_tim.o
 .text.TIM_SelectOutputTrigger
                0x00000000       0x38 ..\obj\stm32f4xx_tim.o
 .text.TIM_SelectSlaveMode
                0x00000000       0x38 ..\obj\stm32f4xx_tim.o
 .text.TIM_SelectMasterSlaveMode
                0x00000000       0x38 ..\obj\stm32f4xx_tim.o
 .text.TIM_ETRConfig
                0x00000000       0x54 ..\obj\stm32f4xx_tim.o
 .text.TIM_EncoderInterfaceConfig
                0x00000000       0x98 ..\obj\stm32f4xx_tim.o
 .text.TIM_SelectHallSensor
                0x00000000       0x40 ..\obj\stm32f4xx_tim.o
 .text.TIM_RemapConfig
                0x00000000       0x20 ..\obj\stm32f4xx_tim.o
 .text.TI1_Config
                0x00000000       0x84 ..\obj\stm32f4xx_tim.o
 .text.TI2_Config
                0x00000000       0xa4 ..\obj\stm32f4xx_tim.o
 .text.TI3_Config
                0x00000000       0x94 ..\obj\stm32f4xx_tim.o
 .text.TI4_Config
                0x00000000       0xac ..\obj\stm32f4xx_tim.o
 .text          0x00000000        0x0 ..\obj\power_detector.o
 .data          0x00000000        0x0 ..\obj\power_detector.o
 .bss           0x00000000        0x0 ..\obj\power_detector.o
 .text.Power_Detector_Init
                0x00000000       0x80 ..\obj\power_detector.o
 .text          0x00000000      0x370 c:/coocox/coide/gcc/sourcery g++ lite/bin/../lib/gcc/arm-none-eabi/4.5.1/thumb2\libgcc.a(_arm_addsubdf3.o)
 .data          0x00000000        0x0 c:/coocox/coide/gcc/sourcery g++ lite/bin/../lib/gcc/arm-none-eabi/4.5.1/thumb2\libgcc.a(_arm_addsubdf3.o)
 .bss           0x00000000        0x0 c:/coocox/coide/gcc/sourcery g++ lite/bin/../lib/gcc/arm-none-eabi/4.5.1/thumb2\libgcc.a(_arm_addsubdf3.o)
 .text          0x00000000      0x424 c:/coocox/coide/gcc/sourcery g++ lite/bin/../lib/gcc/arm-none-eabi/4.5.1/thumb2\libgcc.a(_arm_muldivdf3.o)
 .data          0x00000000        0x0 c:/coocox/coide/gcc/sourcery g++ lite/bin/../lib/gcc/arm-none-eabi/4.5.1/thumb2\libgcc.a(_arm_muldivdf3.o)
 .bss           0x00000000        0x0 c:/coocox/coide/gcc/sourcery g++ lite/bin/../lib/gcc/arm-none-eabi/4.5.1/thumb2\libgcc.a(_arm_muldivdf3.o)
 .text          0x00000000       0xa0 c:/coocox/coide/gcc/sourcery g++ lite/bin/../lib/gcc/arm-none-eabi/4.5.1/thumb2\libgcc.a(_arm_truncdfsf2.o)
 .data          0x00000000        0x0 c:/coocox/coide/gcc/sourcery g++ lite/bin/../lib/gcc/arm-none-eabi/4.5.1/thumb2\libgcc.a(_arm_truncdfsf2.o)
 .bss           0x00000000        0x0 c:/coocox/coide/gcc/sourcery g++ lite/bin/../lib/gcc/arm-none-eabi/4.5.1/thumb2\libgcc.a(_arm_truncdfsf2.o)
 .text          0x00000000      0x21c c:/coocox/coide/gcc/sourcery g++ lite/bin/../lib/gcc/arm-none-eabi/4.5.1/thumb2\libgcc.a(_arm_addsubsf3.o)
 .data          0x00000000        0x0 c:/coocox/coide/gcc/sourcery g++ lite/bin/../lib/gcc/arm-none-eabi/4.5.1/thumb2\libgcc.a(_arm_addsubsf3.o)
 .bss           0x00000000        0x0 c:/coocox/coide/gcc/sourcery g++ lite/bin/../lib/gcc/arm-none-eabi/4.5.1/thumb2\libgcc.a(_arm_addsubsf3.o)
 .data          0x00000000        0x0 c:/coocox/coide/gcc/sourcery g++ lite/bin/../lib/gcc/arm-none-eabi/4.5.1/../../../../arm-none-eabi/lib/thumb2\libc.a(lib_a-memcmp.o)
 .bss           0x00000000        0x0 c:/coocox/coide/gcc/sourcery g++ lite/bin/../lib/gcc/arm-none-eabi/4.5.1/../../../../arm-none-eabi/lib/thumb2\libc.a(lib_a-memcmp.o)
 .text          0x00000000      0x150 c:/coocox/coide/gcc/sourcery g++ lite/bin/../lib/gcc/arm-none-eabi/4.5.1/../../../../arm-none-eabi/lib/thumb2\libc.a(lib_a-memcpy.o)
 .data          0x00000000        0x0 c:/coocox/coide/gcc/sourcery g++ lite/bin/../lib/gcc/arm-none-eabi/4.5.1/../../../../arm-none-eabi/lib/thumb2\libc.a(lib_a-memcpy.o)
 .bss           0x00000000        0x0 c:/coocox/coide/gcc/sourcery g++ lite/bin/../lib/gcc/arm-none-eabi/4.5.1/../../../../arm-none-eabi/lib/thumb2\libc.a(lib_a-memcpy.o)
 .data          0x00000000        0x0 c:/coocox/coide/gcc/sourcery g++ lite/bin/../lib/gcc/arm-none-eabi/4.5.1/../../../../arm-none-eabi/lib/thumb2\libc.a(lib_a-memset.o)
 .bss           0x00000000        0x0 c:/coocox/coide/gcc/sourcery g++ lite/bin/../lib/gcc/arm-none-eabi/4.5.1/../../../../arm-none-eabi/lib/thumb2\libc.a(lib_a-memset.o)

Memory Configuration

Name             Origin             Length             Attributes
rom              0x08000000         0x00100000         xr
ram              0x20000000         0x00020000         xrw
ram1             0x10000000         0x00010000         xrw
*default*        0x00000000         0xffffffff

Linker script and memory map

                0x20020000                _eram = 0x20020000

.text           0x08000000     0x1972
 *(.isr_vector .isr_vector.*)
 .isr_vector    0x08000000      0x188 ..\obj\startup_stm32f4xx.o
                0x08000000                g_pfnVectors
 *(.text .text.* .gnu.linkonce.t.*)
 .text.Default_Reset_Handler
                0x08000188       0x68 ..\obj\startup_stm32f4xx.o
                0x08000188                Default_Reset_Handler
                0x08000188                Reset_Handler
 .text.Default_Handler
                0x080001f0        0x8 ..\obj\startup_stm32f4xx.o
                0x080001f0                RTC_Alarm_IRQHandler
                0x080001f0                HASH_RNG_IRQHandler
                0x080001f0                EXTI2_IRQHandler
                0x080001f0                TIM8_CC_IRQHandler
                0x080001f0                DebugMon_Handler
                0x080001f0                TIM1_CC_IRQHandler
                0x080001f0                DMA2_Stream5_IRQHandler
                0x080001f0                HardFault_Handler
                0x080001f0                DMA1_Stream5_IRQHandler
                0x080001f0                SDIO_IRQHandler
                0x080001f0                TAMP_STAMP_IRQHandler
                0x080001f0                NMI_Handler
                0x080001f0                CAN2_RX1_IRQHandler
                0x080001f0                EXTI3_IRQHandler
                0x080001f0                TIM8_TRG_COM_TIM14_IRQHandler
                0x080001f0                TIM1_UP_TIM10_IRQHandler
                0x080001f0                TIM8_UP_TIM13_IRQHandler
                0x080001f0                I2C3_ER_IRQHandler
                0x080001f0                EXTI0_IRQHandler
                0x080001f0                I2C2_EV_IRQHandler
                0x080001f0                DMA1_Stream2_IRQHandler
                0x080001f0                CAN1_RX0_IRQHandler
                0x080001f0                FPU_IRQHandler
                0x080001f0                OTG_HS_WKUP_IRQHandler
                0x080001f0                UsageFault_Handler
                0x080001f0                CAN2_SCE_IRQHandler
                0x080001f0                DMA2_Stream2_IRQHandler
                0x080001f0                SPI1_IRQHandler
                0x080001f0                TIM6_DAC_IRQHandler
                0x080001f0                TIM1_BRK_TIM9_IRQHandler
                0x080001f0                DCMI_IRQHandler
                0x080001f0                CAN2_RX0_IRQHandler
                0x080001f0                DMA2_Stream3_IRQHandler
                0x080001f0                USART6_IRQHandler
                0x080001f0                USART3_IRQHandler
                0x080001f0                CRYP_IRQHandler
                0x080001f0                CAN1_RX1_IRQHandler
                0x080001f0                UART5_IRQHandler
                0x080001f0                DMA2_Stream0_IRQHandler
                0x080001f0                I2C1_EV_IRQHandler
                0x080001f0                DMA1_Stream6_IRQHandler
                0x080001f0                DMA1_Stream1_IRQHandler
                0x080001f0                UART4_IRQHandler
                0x080001f0                TIM3_IRQHandler
                0x080001f0                RCC_IRQHandler
                0x080001f0                TIM8_BRK_TIM12_IRQHandler
                0x080001f0                EXTI15_10_IRQHandler
                0x080001f0                ADC_IRQHandler
                0x080001f0                DMA1_Stream7_IRQHandler
                0x080001f0                TIM7_IRQHandler
                0x080001f0                CAN2_TX_IRQHandler
                0x080001f0                TIM5_IRQHandler
                0x080001f0                DMA2_Stream7_IRQHandler
                0x080001f0                I2C3_EV_IRQHandler
                0x080001f0                EXTI9_5_IRQHandler
                0x080001f0                RTC_WKUP_IRQHandler
                0x080001f0                ETH_WKUP_IRQHandler
                0x080001f0                SPI2_IRQHandler
                0x080001f0                OTG_HS_EP1_IN_IRQHandler
                0x080001f0                MemManage_Handler
                0x080001f0                DMA1_Stream0_IRQHandler
                0x080001f0                CAN1_TX_IRQHandler
                0x080001f0                EXTI4_IRQHandler
                0x080001f0                FSMC_IRQHandler
                0x080001f0                ETH_IRQHandler
                0x080001f0                OTG_HS_EP1_OUT_IRQHandler
                0x080001f0                WWDG_IRQHandler
                0x080001f0                TIM2_IRQHandler
                0x080001f0                OTG_FS_WKUP_IRQHandler
                0x080001f0                TIM1_TRG_COM_TIM11_IRQHandler
                0x080001f0                OTG_HS_IRQHandler
                0x080001f0                EXTI1_IRQHandler
                0x080001f0                USART2_IRQHandler
                0x080001f0                I2C2_ER_IRQHandler
                0x080001f0                DMA2_Stream1_IRQHandler
                0x080001f0                CAN1_SCE_IRQHandler
                0x080001f0                FLASH_IRQHandler
                0x080001f0                DMA2_Stream4_IRQHandler
                0x080001f0                BusFault_Handler
                0x080001f0                USART1_IRQHandler
                0x080001f0                OTG_FS_IRQHandler
                0x080001f0                SPI3_IRQHandler
                0x080001f0                DMA1_Stream4_IRQHandler
                0x080001f0                I2C1_ER_IRQHandler
                0x080001f0                DMA2_Stream6_IRQHandler
                0x080001f0                DMA1_Stream3_IRQHandler
 .text.main     0x080001f8       0x44 ..\obj\main.o
                0x080001f8                main
 .text.test_task
                0x0800023c       0x14 ..\obj\main.o
 .text.vApplicationMallocFailedHook
                0x08000250        0x8 ..\obj\main.o
                0x08000250                vApplicationMallocFailedHook
 .text.vApplicationStackOverflowHook
                0x08000258        0xc ..\obj\main.o
                0x08000258                vApplicationStackOverflowHook
 .text.vApplicationIdleHook
                0x08000264       0x18 ..\obj\main.o
                0x08000264                vApplicationIdleHook
 .text.xTaskGenericCreate
                0x0800027c      0x1b8 ..\obj\tasks.o
                0x0800027c                xTaskGenericCreate
 .text.vTaskDelay
                0x08000434       0xa4 ..\obj\tasks.o
                0x08000434                vTaskDelay
 .text.vTaskStartScheduler
                0x080004d8       0x7c ..\obj\tasks.o
                0x080004d8                vTaskStartScheduler
 .text.vTaskSuspendAll
                0x08000554       0x24 ..\obj\tasks.o
                0x08000554                vTaskSuspendAll
 .text.xTaskResumeAll
                0x08000578      0x178 ..\obj\tasks.o
                0x08000578                xTaskResumeAll
 .text.xTaskIncrementTick
                0x080006f0      0x204 ..\obj\tasks.o
                0x080006f0                xTaskIncrementTick
 .text.vTaskSwitchContext
                0x080008f4      0x14c ..\obj\tasks.o
                0x080008f4                vTaskSwitchContext
 .text.prvIdleTask
                0x08000a40       0x24 ..\obj\tasks.o
 .text.prvInitialiseTCBVariables
                0x08000a64       0xbc ..\obj\tasks.o
 .text.prvInitialiseTaskLists
                0x08000b20       0xa4 ..\obj\tasks.o
 .text.prvCheckTasksWaitingTermination
                0x08000bc4       0x98 ..\obj\tasks.o
 .text.prvAddCurrentTaskToDelayedList
                0x08000c5c       0x8c ..\obj\tasks.o
 .text.prvAllocateTCBAndStack
                0x08000ce8       0x7c ..\obj\tasks.o
 .text.prvDeleteTCB
                0x08000d64       0x20 ..\obj\tasks.o
 .text.prvResetNextTaskUnblockTime
                0x08000d84       0x5c ..\obj\tasks.o
 .text.TIM4_IRQHandler
                0x08000de0       0x24 ..\obj\porttimer.o
                0x08000de0                TIM4_IRQHandler
 .text.vListInitialise
                0x08000e04       0x48 ..\obj\list.o
                0x08000e04                vListInitialise
 .text.vListInitialiseItem
                0x08000e4c       0x1c ..\obj\list.o
                0x08000e4c                vListInitialiseItem
 .text.vListInsertEnd
                0x08000e68       0x48 ..\obj\list.o
                0x08000e68                vListInsertEnd
 .text.vListInsert
                0x08000eb0       0x74 ..\obj\list.o
                0x08000eb0                vListInsert
 .text.uxListRemove
                0x08000f24       0x58 ..\obj\list.o
                0x08000f24                uxListRemove
 .text.SystemInit
                0x08000f7c       0x94 ..\obj\system_stm32f4xx.o
                0x08000f7c                SystemInit
 .text.SetSysClock
                0x08001010      0x188 ..\obj\system_stm32f4xx.o
 .text.pxPortInitialiseStack
                0x08001198       0x64 ..\obj\port.o
                0x08001198                pxPortInitialiseStack
 .text.prvTaskExitError
                0x080011fc       0x20 ..\obj\port.o
 .text.SVC_Handler
                0x0800121c       0x24 ..\obj\port.o
                0x0800121c                SVC_Handler
 .text.prvPortStartFirstTask
                0x08001240       0x20 ..\obj\port.o
 .text.xPortStartScheduler
                0x08001260      0x10c ..\obj\port.o
                0x08001260                xPortStartScheduler
 .text.vPortYield
                0x0800136c       0x20 ..\obj\port.o
                0x0800136c                vPortYield
 .text.vPortEnterCritical
                0x0800138c       0x50 ..\obj\port.o
                0x0800138c                vPortEnterCritical
 .text.vPortExitCritical
                0x080013dc       0x48 ..\obj\port.o
                0x080013dc                vPortExitCritical
 .text.ulPortSetInterruptMask
                0x08001424       0x14 ..\obj\port.o
                0x08001424                ulPortSetInterruptMask
 .text.vPortClearInterruptMask
                0x08001438        0x8 ..\obj\port.o
                0x08001438                vPortClearInterruptMask
 .text.PendSV_Handler
                0x08001440       0x44 ..\obj\port.o
                0x08001440                PendSV_Handler
 .text.SysTick_Handler
                0x08001484       0x2c ..\obj\port.o
                0x08001484                SysTick_Handler
 .text.vPortSetupTimerInterrupt
                0x080014b0       0x28 ..\obj\port.o
                0x080014b0                vPortSetupTimerInterrupt
 .text.EXTI_GetITStatus
                0x080014d8       0x60 ..\obj\stm32f4xx_exti.o
                0x080014d8                EXTI_GetITStatus
 .text.EXTI_ClearITPendingBit
                0x08001538       0x20 ..\obj\stm32f4xx_exti.o
                0x08001538                EXTI_ClearITPendingBit
 .text.pvPortMalloc
                0x08001558      0x164 ..\obj\heap_2.o
                0x08001558                pvPortMalloc
 .text.vPortFree
                0x080016bc       0x88 ..\obj\heap_2.o
                0x080016bc                vPortFree
 .text.xPortGetFreeHeapSize
                0x08001744       0x18 ..\obj\heap_2.o
                0x08001744                xPortGetFreeHeapSize
 .text.prvHeapInit
                0x0800175c       0x6c ..\obj\heap_2.o
 .text.TIM_ClearITPendingBit
                0x080017c8       0x24 ..\obj\stm32f4xx_tim.o
                0x080017c8                TIM_ClearITPendingBit
 .text.NVIC_SystemReset
                0x080017ec       0x34 ..\obj\power_detector.o
 .text.PVD_IRQHandler
                0x08001820       0x20 ..\obj\power_detector.o
                0x08001820                PVD_IRQHandler
 .text          0x08001840       0x58 c:/coocox/coide/gcc/sourcery g++ lite/bin/../lib/gcc/arm-none-eabi/4.5.1/../../../../arm-none-eabi/lib/thumb2\libc.a(lib_a-memcmp.o)
                0x08001840                memcmp
 .text          0x08001898       0xb4 c:/coocox/coide/gcc/sourcery g++ lite/bin/../lib/gcc/arm-none-eabi/4.5.1/../../../../arm-none-eabi/lib/thumb2\libc.a(lib_a-memset.o)
                0x08001898                memset
 *(.glue_7t)
 .glue_7t       0x00000000        0x0 linker stubs
 *(.glue_7)
 .glue_7        0x00000000        0x0 linker stubs
 *(.rodata .rodata* .gnu.linkonce.r.*)
 .rodata        0x0800194c        0x8 ..\obj\main.o
 .rodata        0x08001954       0x1c ..\obj\tasks.o
 .rodata        0x08001970        0x2 ..\obj\heap_2.o

.vfp11_veneer   0x08001974        0x0 load address 0x08001972
 .vfp11_veneer  0x00000000        0x0 linker stubs

.v4_bx          0x08001974        0x0 load address 0x08001972
 .v4_bx         0x00000000        0x0 linker stubs

.ARM.extab
 *(.ARM.extab* .gnu.linkonce.armextab.*)

.ARM.exidx
 *(.ARM.exidx* .gnu.linkonce.armexidx.*)
                0x08001974                . = ALIGN (0x4)
                0x08001974                _etext = .
                0x08001974                _sidata = .

.data           0x20000000        0xc load address 0x08001974
                0x20000000                _sdata = .
 *(.data .data.*)
 .data          0x20000000        0x4 ..\obj\tasks.o
 .data          0x20000004        0x4 ..\obj\port.o
 .data          0x20000008        0x4 ..\obj\heap_2.o
                0x2000000c                . = ALIGN (0x4)
                0x2000000c                _edata = .

.bss            0x2000000c     0x252c load address 0x08001980
                0x2000000c                _sbss = .
 *(.bss .bss.*)
 .bss           0x2000000c       0xfc ..\obj\tasks.o
                0x2000000c                pxCurrentTCB
 .bss           0x20000108        0x8 ..\obj\port.o
 .bss           0x20000110     0x2414 ..\obj\heap_2.o
 *(COMMON)
 COMMON         0x20002524       0x14 ..\obj\mb.o
                0x20002524                pxMBFrameCBTransmitterEmpty
                0x20002528                pxMBPortCBTimerExpired
                0x2000252c                pxMBFrameCBByteReceived
                0x20002530                pxMBFrameCBTransmitFSMCur
                0x20002534                pxMBFrameCBReceiveFSMCur
                0x20002538                . = ALIGN (0x4)
                0x20002538                _ebss = .

.co_stack       0x20002538      0x800 load address 0x08003eac
                0x20002538                . = ALIGN (0x8)
 *(.co_stack .co_stack.*)
 .co_stack      0x20002538      0x800 ..\obj\startup_stm32f4xx.o
                0x20002538                pulStack
                0x20002d38                . = ALIGN (0x4)
                0x20002d38                _end = .
LOAD ..\obj\mbport.o
LOAD ..\obj\mb.o
LOAD ..\obj\protocol.o
LOAD ..\obj\mbfuncdisc.o
LOAD ..\obj\portevent.o
LOAD ..\obj\mbfuncother.o
LOAD ..\obj\stm32f4xx_usart.o
LOAD ..\obj\stm32f4xx_pwr.o
LOAD ..\obj\rtc.o
LOAD ..\obj\mbutils.o
LOAD ..\obj\startup_stm32f4xx.o
LOAD ..\obj\backup_sram.o
LOAD ..\obj\stm32f4xx_iwdg.o
LOAD ..\obj\ADS1120.o
LOAD ..\obj\mbfuncholding.o
LOAD ..\obj\main.o
LOAD ..\obj\mbcrc.o
LOAD ..\obj\stm32f4xx_rcc.o
LOAD ..\obj\timers.o
LOAD ..\obj\mbfuncinput.o
LOAD ..\obj\watchdog.o
LOAD ..\obj\mbfuncdiag.o
LOAD ..\obj\tasks.o
LOAD ..\obj\stm32f4xx_gpio.o
LOAD ..\obj\porttimer.o
LOAD ..\obj\mbrtu.o
LOAD ..\obj\list.o
LOAD ..\obj\system_stm32f4xx.o
LOAD ..\obj\port.o
LOAD ..\obj\queue.o
LOAD ..\obj\portserial.o
LOAD ..\obj\croutine.o
LOAD ..\obj\stm32f4xx_spi.o
LOAD ..\obj\mbfunccoils.o
LOAD ..\obj\event_groups.o
LOAD ..\obj\stm32f4xx_exti.o
LOAD ..\obj\misc.o
LOAD ..\obj\stm32f4xx_rtc.o
LOAD ..\obj\heap_2.o
LOAD ..\obj\stm32f4xx_tim.o
LOAD ..\obj\power_detector.o
START GROUP
LOAD c:/coocox/coide/gcc/sourcery g++ lite/bin/../lib/gcc/arm-none-eabi/4.5.1/thumb2\libgcc.a
LOAD c:/coocox/coide/gcc/sourcery g++ lite/bin/../lib/gcc/arm-none-eabi/4.5.1/../../../../arm-none-eabi/lib/thumb2\libc.a
END GROUP
OUTPUT(IMS_CONTROLLER.elf elf32-littlearm)

.debug_abbrev   0x00000000     0x2cda
 .debug_abbrev  0x00000000      0x112 ..\obj\mbport.o
 .debug_abbrev  0x00000112      0x196 ..\obj\mb.o
 .debug_abbrev  0x000002a8      0x100 ..\obj\protocol.o
 .debug_abbrev  0x000003a8       0xa5 ..\obj\mbfuncdisc.o
 .debug_abbrev  0x0000044d       0xbc ..\obj\portevent.o
 .debug_abbrev  0x00000509       0xbe ..\obj\mbfuncother.o
 .debug_abbrev  0x000005c7      0x14e ..\obj\stm32f4xx_usart.o
 .debug_abbrev  0x00000715      0x175 ..\obj\stm32f4xx_pwr.o
 .debug_abbrev  0x0000088a      0x125 ..\obj\rtc.o
 .debug_abbrev  0x000009af       0xd2 ..\obj\mbutils.o
 .debug_abbrev  0x00000a81       0xac ..\obj\startup_stm32f4xx.o
 .debug_abbrev  0x00000b2d       0xa7 ..\obj\backup_sram.o
 .debug_abbrev  0x00000bd4       0xfa ..\obj\stm32f4xx_iwdg.o
 .debug_abbrev  0x00000cce      0x17a ..\obj\ADS1120.o
 .debug_abbrev  0x00000e48       0xa5 ..\obj\mbfuncholding.o
 .debug_abbrev  0x00000eed       0xd5 ..\obj\main.o
 .debug_abbrev  0x00000fc2       0x90 ..\obj\mbcrc.o
 .debug_abbrev  0x00001052      0x1b7 ..\obj\stm32f4xx_rcc.o
 .debug_abbrev  0x00001209       0x28 ..\obj\timers.o
 .debug_abbrev  0x00001231       0xa5 ..\obj\mbfuncinput.o
 .debug_abbrev  0x000012d6      0x120 ..\obj\watchdog.o
 .debug_abbrev  0x000013f6        0x1 ..\obj\mbfuncdiag.o
 .debug_abbrev  0x000013f7      0x206 ..\obj\tasks.o
 .debug_abbrev  0x000015fd      0x182 ..\obj\stm32f4xx_gpio.o
 .debug_abbrev  0x0000177f      0x137 ..\obj\porttimer.o
 .debug_abbrev  0x000018b6      0x162 ..\obj\mbrtu.o
 .debug_abbrev  0x00001a18       0xb8 ..\obj\list.o
 .debug_abbrev  0x00001ad0      0x140 ..\obj\system_stm32f4xx.o
 .debug_abbrev  0x00001c10      0x186 ..\obj\port.o
 .debug_abbrev  0x00001d96      0x132 ..\obj\queue.o
 .debug_abbrev  0x00001ec8      0x11d ..\obj\portserial.o
 .debug_abbrev  0x00001fe5      0x17f ..\obj\croutine.o
 .debug_abbrev  0x00002164      0x160 ..\obj\stm32f4xx_spi.o
 .debug_abbrev  0x000022c4       0xb7 ..\obj\mbfunccoils.o
 .debug_abbrev  0x0000237b      0x10f ..\obj\event_groups.o
 .debug_abbrev  0x0000248a      0x198 ..\obj\stm32f4xx_exti.o
 .debug_abbrev  0x00002622      0x126 ..\obj\misc.o
 .debug_abbrev  0x00002748      0x16b ..\obj\stm32f4xx_rtc.o
 .debug_abbrev  0x000028b3      0x15f ..\obj\heap_2.o
 .debug_abbrev  0x00002a12      0x163 ..\obj\stm32f4xx_tim.o
 .debug_abbrev  0x00002b75      0x165 ..\obj\power_detector.o

.debug_info     0x00000000     0xe431
 .debug_info    0x00000000      0x37a ..\obj\mbport.o
 .debug_info    0x0000037a      0x65c ..\obj\mb.o
 .debug_info    0x000009d6      0x22e ..\obj\protocol.o
 .debug_info    0x00000c04      0x1f9 ..\obj\mbfuncdisc.o
 .debug_info    0x00000dfd      0x181 ..\obj\portevent.o
 .debug_info    0x00000f7e      0x25c ..\obj\mbfuncother.o
 .debug_info    0x000011da      0xa4f ..\obj\stm32f4xx_usart.o
 .debug_info    0x00001c29      0x53e ..\obj\stm32f4xx_pwr.o
 .debug_info    0x00002167      0x2a8 ..\obj\rtc.o
 .debug_info    0x0000240f      0x2d1 ..\obj\mbutils.o
 .debug_info    0x000026e0      0x147 ..\obj\startup_stm32f4xx.o
 .debug_info    0x00002827      0x11f ..\obj\backup_sram.o
 .debug_info    0x00002946      0x20b ..\obj\stm32f4xx_iwdg.o
 .debug_info    0x00002b51      0x6cb ..\obj\ADS1120.o
 .debug_info    0x0000321c      0x38e ..\obj\mbfuncholding.o
 .debug_info    0x000035aa      0x1b3 ..\obj\main.o
 .debug_info    0x0000375d      0x13e ..\obj\mbcrc.o
 .debug_info    0x0000389b      0xd24 ..\obj\stm32f4xx_rcc.o
 .debug_info    0x000045bf       0x6f ..\obj\timers.o
 .debug_info    0x0000462e      0x1eb ..\obj\mbfuncinput.o
 .debug_info    0x00004819      0x1ab ..\obj\watchdog.o
 .debug_info    0x000049c4        0x0 ..\obj\mbfuncdiag.o
 .debug_info    0x000049c4     0x12a7 ..\obj\tasks.o
 .debug_info    0x00005c6b      0x639 ..\obj\stm32f4xx_gpio.o
 .debug_info    0x000062a4      0x6e1 ..\obj\porttimer.o
 .debug_info    0x00006985      0x566 ..\obj\mbrtu.o
 .debug_info    0x00006eeb      0x2b5 ..\obj\list.o
 .debug_info    0x000071a0      0x61d ..\obj\system_stm32f4xx.o
 .debug_info    0x000077bd      0x330 ..\obj\port.o
 .debug_info    0x00007aed      0x9ea ..\obj\queue.o
 .debug_info    0x000084d7      0x2bf ..\obj\portserial.o
 .debug_info    0x00008796      0x4ec ..\obj\croutine.o
 .debug_info    0x00008c82      0xbcc ..\obj\stm32f4xx_spi.o
 .debug_info    0x0000984e      0x31e ..\obj\mbfunccoils.o
 .debug_info    0x00009b6c      0x639 ..\obj\event_groups.o
 .debug_info    0x0000a1a5      0x372 ..\obj\stm32f4xx_exti.o
 .debug_info    0x0000a517      0x594 ..\obj\misc.o
 .debug_info    0x0000aaab     0x1223 ..\obj\stm32f4xx_rtc.o
 .debug_info    0x0000bcce      0x2e3 ..\obj\heap_2.o
 .debug_info    0x0000bfb1     0x1e28 ..\obj\stm32f4xx_tim.o
 .debug_info    0x0000ddd9      0x658 ..\obj\power_detector.o

.debug_line     0x00000000     0x8078
 .debug_line    0x00000000      0x257 ..\obj\mbport.o
 .debug_line    0x00000257      0x2cf ..\obj\mb.o
 .debug_line    0x00000526      0x288 ..\obj\protocol.o
 .debug_line    0x000007ae      0x1e8 ..\obj\mbfuncdisc.o
 .debug_line    0x00000996      0x1d1 ..\obj\portevent.o
 .debug_line    0x00000b67      0x254 ..\obj\mbfuncother.o
 .debug_line    0x00000dbb      0x49c ..\obj\stm32f4xx_usart.o
 .debug_line    0x00001257      0x29f ..\obj\stm32f4xx_pwr.o
 .debug_line    0x000014f6      0x2b6 ..\obj\rtc.o
 .debug_line    0x000017ac      0x25c ..\obj\mbutils.o
 .debug_line    0x00001a08       0xaf ..\obj\startup_stm32f4xx.o
 .debug_line    0x00001ab7      0x1a8 ..\obj\backup_sram.o
 .debug_line    0x00001c5f      0x1f9 ..\obj\stm32f4xx_iwdg.o
 .debug_line    0x00001e58      0x3e7 ..\obj\ADS1120.o
 .debug_line    0x0000223f      0x276 ..\obj\mbfuncholding.o
 .debug_line    0x000024b5      0x2c7 ..\obj\main.o
 .debug_line    0x0000277c      0x164 ..\obj\mbcrc.o
 .debug_line    0x000028e0      0x598 ..\obj\stm32f4xx_rcc.o
 .debug_line    0x00002e78       0x1d ..\obj\timers.o
 .debug_line    0x00002e95      0x1de ..\obj\mbfuncinput.o
 .debug_line    0x00003073      0x257 ..\obj\watchdog.o
 .debug_line    0x000032ca        0x0 ..\obj\mbfuncdiag.o
 .debug_line    0x000032ca      0xab6 ..\obj\tasks.o
 .debug_line    0x00003d80      0x337 ..\obj\stm32f4xx_gpio.o
 .debug_line    0x000040b7      0x2c2 ..\obj\porttimer.o
 .debug_line    0x00004379      0x287 ..\obj\mbrtu.o
 .debug_line    0x00004600      0x241 ..\obj\list.o
 .debug_line    0x00004841      0x21d ..\obj\system_stm32f4xx.o
 .debug_line    0x00004a5e      0x30a ..\obj\port.o
 .debug_line    0x00004d68      0x6fb ..\obj\queue.o
 .debug_line    0x00005463      0x28f ..\obj\portserial.o
 .debug_line    0x000056f2      0x30d ..\obj\croutine.o
 .debug_line    0x000059ff      0x44c ..\obj\stm32f4xx_spi.o
 .debug_line    0x00005e4b      0x24e ..\obj\mbfunccoils.o
 .debug_line    0x00006099      0x395 ..\obj\event_groups.o
 .debug_line    0x0000642e      0x2a1 ..\obj\stm32f4xx_exti.o
 .debug_line    0x000066cf      0x23d ..\obj\misc.o
 .debug_line    0x0000690c      0x80f ..\obj\stm32f4xx_rtc.o
 .debug_line    0x0000711b      0x28b ..\obj\heap_2.o
 .debug_line    0x000073a6      0xa71 ..\obj\stm32f4xx_tim.o
 .debug_line    0x00007e17      0x261 ..\obj\power_detector.o

.debug_loc      0x00000000     0x6494
 .debug_loc     0x00000000      0x138 ..\obj\mbport.o
 .debug_loc     0x00000138      0x150 ..\obj\mb.o
 .debug_loc     0x00000288       0x70 ..\obj\protocol.o
 .debug_loc     0x000002f8       0x38 ..\obj\mbfuncdisc.o
 .debug_loc     0x00000330       0x9c ..\obj\portevent.o
 .debug_loc     0x000003cc       0x70 ..\obj\mbfuncother.o
 .debug_loc     0x0000043c      0x658 ..\obj\stm32f4xx_usart.o
 .debug_loc     0x00000a94      0x288 ..\obj\stm32f4xx_pwr.o
 .debug_loc     0x00000d1c       0x70 ..\obj\rtc.o
 .debug_loc     0x00000d8c       0xa8 ..\obj\mbutils.o
 .debug_loc     0x00000e34       0x64 ..\obj\startup_stm32f4xx.o
 .debug_loc     0x00000e98       0x64 ..\obj\backup_sram.o
 .debug_loc     0x00000efc      0x138 ..\obj\stm32f4xx_iwdg.o
 .debug_loc     0x00001034      0x144 ..\obj\ADS1120.o
 .debug_loc     0x00001178       0xe0 ..\obj\mbfuncholding.o
 .debug_loc     0x00001258      0x144 ..\obj\main.o
 .debug_loc     0x0000139c       0x38 ..\obj\mbcrc.o
 .debug_loc     0x000013d4      0x97c ..\obj\stm32f4xx_rcc.o
 .debug_loc     0x00001d50       0x38 ..\obj\mbfuncinput.o
 .debug_loc     0x00001d88       0x70 ..\obj\watchdog.o
 .debug_loc     0x00001df8      0x92c ..\obj\tasks.o
 .debug_loc     0x00002724      0x310 ..\obj\stm32f4xx_gpio.o
 .debug_loc     0x00002a34       0xbc ..\obj\porttimer.o
 .debug_loc     0x00002af0      0x1a8 ..\obj\mbrtu.o
 .debug_loc     0x00002c98      0x118 ..\obj\list.o
 .debug_loc     0x00002db0       0x9c ..\obj\system_stm32f4xx.o
 .debug_loc     0x00002e4c      0x1dc ..\obj\port.o
 .debug_loc     0x00003028      0x460 ..\obj\queue.o
 .debug_loc     0x00003488      0x170 ..\obj\portserial.o
 .debug_loc     0x000035f8      0x188 ..\obj\croutine.o
 .debug_loc     0x00003780      0x578 ..\obj\stm32f4xx_spi.o
 .debug_loc     0x00003cf8       0xa8 ..\obj\mbfunccoils.o
 .debug_loc     0x00003da0      0x230 ..\obj\event_groups.o
 .debug_loc     0x00003fd0      0x1b4 ..\obj\stm32f4xx_exti.o
 .debug_loc     0x00004184      0x118 ..\obj\misc.o
 .debug_loc     0x0000429c      0xc48 ..\obj\stm32f4xx_rtc.o
 .debug_loc     0x00004ee4      0x100 ..\obj\heap_2.o
 .debug_loc     0x00004fe4     0x1420 ..\obj\stm32f4xx_tim.o
 .debug_loc     0x00006404       0x90 ..\obj\power_detector.o

.debug_pubnames
                0x00000000     0x2b77
 .debug_pubnames
                0x00000000      0x126 ..\obj\mbport.o
 .debug_pubnames
                0x00000126       0xf8 ..\obj\mb.o
 .debug_pubnames
                0x0000021e       0x24 ..\obj\protocol.o
 .debug_pubnames
                0x00000242       0x30 ..\obj\mbfuncdisc.o
 .debug_pubnames
                0x00000272       0x50 ..\obj\portevent.o
 .debug_pubnames
                0x000002c2       0x3d ..\obj\mbfuncother.o
 .debug_pubnames
                0x000002ff      0x294 ..\obj\stm32f4xx_usart.o
 .debug_pubnames
                0x00000593      0x120 ..\obj\stm32f4xx_pwr.o
 .debug_pubnames
                0x000006b3       0x46 ..\obj\rtc.o
 .debug_pubnames
                0x000006f9       0x52 ..\obj\mbutils.o
 .debug_pubnames
                0x0000074b       0x4a ..\obj\startup_stm32f4xx.o
 .debug_pubnames
                0x00000795       0x41 ..\obj\backup_sram.o
 .debug_pubnames
                0x000007d6       0x91 ..\obj\stm32f4xx_iwdg.o
 .debug_pubnames
                0x00000867       0x9f ..\obj\ADS1120.o
 .debug_pubnames
                0x00000906       0xa5 ..\obj\mbfuncholding.o
 .debug_pubnames
                0x000009ab       0x90 ..\obj\main.o
 .debug_pubnames
                0x00000a3b       0x20 ..\obj\mbcrc.o
 .debug_pubnames
                0x00000a5b      0x417 ..\obj\stm32f4xx_rcc.o
 .debug_pubnames
                0x00000e72       0x2f ..\obj\mbfuncinput.o
 .debug_pubnames
                0x00000ea1       0x35 ..\obj\watchdog.o
 .debug_pubnames
                0x00000ed6      0x350 ..\obj\tasks.o
 .debug_pubnames
                0x00001226      0x12d ..\obj\stm32f4xx_gpio.o
 .debug_pubnames
                0x00001353       0x6d ..\obj\porttimer.o
 .debug_pubnames
                0x000013c0       0xb3 ..\obj\mbrtu.o
 .debug_pubnames
                0x00001473       0x72 ..\obj\list.o
 .debug_pubnames
                0x000014e5       0x61 ..\obj\system_stm32f4xx.o
 .debug_pubnames
                0x00001546      0x144 ..\obj\port.o
 .debug_pubnames
                0x0000168a      0x18c ..\obj\queue.o
 .debug_pubnames
                0x00001816       0x9b ..\obj\portserial.o
 .debug_pubnames
                0x000018b1       0x96 ..\obj\croutine.o
 .debug_pubnames
                0x00001947      0x221 ..\obj\stm32f4xx_spi.o
 .debug_pubnames
                0x00001b68       0x5a ..\obj\mbfunccoils.o
 .debug_pubnames
                0x00001bc2       0xf8 ..\obj\event_groups.o
 .debug_pubnames
                0x00001cba       0xbb ..\obj\stm32f4xx_exti.o
 .debug_pubnames
                0x00001d75       0x89 ..\obj\misc.o
 .debug_pubnames
                0x00001dfe      0x514 ..\obj\stm32f4xx_rtc.o
 .debug_pubnames
                0x00002312       0x64 ..\obj\heap_2.o
 .debug_pubnames
                0x00002376      0x7c4 ..\obj\stm32f4xx_tim.o
 .debug_pubnames
                0x00002b3a       0x3d ..\obj\power_detector.o

.debug_pubtypes
                0x00000000     0x1883
 .debug_pubtypes
                0x00000000       0x80 ..\obj\mbport.o
 .debug_pubtypes
                0x00000080      0x147 ..\obj\mb.o
 .debug_pubtypes
                0x000001c7       0x76 ..\obj\protocol.o
 .debug_pubtypes
                0x0000023d       0x6e ..\obj\mbfuncdisc.o
 .debug_pubtypes
                0x000002ab       0x44 ..\obj\portevent.o
 .debug_pubtypes
                0x000002ef       0x82 ..\obj\mbfuncother.o
 .debug_pubtypes
                0x00000371       0xcd ..\obj\stm32f4xx_usart.o
 .debug_pubtypes
                0x0000043e       0x84 ..\obj\stm32f4xx_pwr.o
 .debug_pubtypes
                0x000004c2       0x83 ..\obj\rtc.o
 .debug_pubtypes
                0x00000545       0x79 ..\obj\mbutils.o
 .debug_pubtypes
                0x000005be       0x37 ..\obj\backup_sram.o
 .debug_pubtypes
                0x000005f5       0x64 ..\obj\stm32f4xx_iwdg.o
 .debug_pubtypes
                0x00000659      0x12b ..\obj\ADS1120.o
 .debug_pubtypes
                0x00000784       0x6e ..\obj\mbfuncholding.o
 .debug_pubtypes
                0x000007f2       0x59 ..\obj\main.o
 .debug_pubtypes
                0x0000084b       0x40 ..\obj\mbcrc.o
 .debug_pubtypes
                0x0000088b       0xaa ..\obj\stm32f4xx_rcc.o
 .debug_pubtypes
                0x00000935       0x12 ..\obj\timers.o
 .debug_pubtypes
                0x00000947       0x6e ..\obj\mbfuncinput.o
 .debug_pubtypes
                0x000009b5       0x63 ..\obj\watchdog.o
 .debug_pubtypes
                0x00000a18      0x191 ..\obj\tasks.o
 .debug_pubtypes
                0x00000ba9       0xce ..\obj\stm32f4xx_gpio.o
 .debug_pubtypes
                0x00000c77       0xb6 ..\obj\porttimer.o
 .debug_pubtypes
                0x00000d2d       0xbf ..\obj\mbrtu.o
 .debug_pubtypes
                0x00000dec       0x98 ..\obj\list.o
 .debug_pubtypes
                0x00000e84       0x83 ..\obj\system_stm32f4xx.o
 .debug_pubtypes
                0x00000f07       0x7c ..\obj\port.o
 .debug_pubtypes
                0x00000f83      0x122 ..\obj\queue.o
 .debug_pubtypes
                0x000010a5       0x86 ..\obj\portserial.o
 .debug_pubtypes
                0x0000112b      0x107 ..\obj\croutine.o
 .debug_pubtypes
                0x00001232       0xbc ..\obj\stm32f4xx_spi.o
 .debug_pubtypes
                0x000012ee       0x6e ..\obj\mbfunccoils.o
 .debug_pubtypes
                0x0000135c       0xf9 ..\obj\event_groups.o
 .debug_pubtypes
                0x00001455       0xae ..\obj\stm32f4xx_exti.o
 .debug_pubtypes
                0x00001503       0x8c ..\obj\misc.o
 .debug_pubtypes
                0x0000158f       0xd8 ..\obj\stm32f4xx_rtc.o
 .debug_pubtypes
                0x00001667       0x73 ..\obj\heap_2.o
 .debug_pubtypes
                0x000016da       0xe4 ..\obj\stm32f4xx_tim.o
 .debug_pubtypes
                0x000017be       0xc5 ..\obj\power_detector.o

.debug_aranges  0x00000000     0x1278
 .debug_aranges
                0x00000000       0x48 ..\obj\mbport.o
 .debug_aranges
                0x00000048       0x48 ..\obj\mb.o
 .debug_aranges
                0x00000090       0x28 ..\obj\protocol.o
 .debug_aranges
                0x000000b8       0x20 ..\obj\mbfuncdisc.o
 .debug_aranges
                0x000000d8       0x30 ..\obj\portevent.o
 .debug_aranges
                0x00000108       0x28 ..\obj\mbfuncother.o
 .debug_aranges
                0x00000130      0x100 ..\obj\stm32f4xx_usart.o
 .debug_aranges
                0x00000230       0x78 ..\obj\stm32f4xx_pwr.o
 .debug_aranges
                0x000002a8       0x28 ..\obj\rtc.o
 .debug_aranges
                0x000002d0       0x30 ..\obj\mbutils.o
 .debug_aranges
                0x00000300       0x28 ..\obj\startup_stm32f4xx.o
 .debug_aranges
                0x00000328       0x28 ..\obj\backup_sram.o
 .debug_aranges
                0x00000350       0x48 ..\obj\stm32f4xx_iwdg.o
 .debug_aranges
                0x00000398       0x48 ..\obj\ADS1120.o
 .debug_aranges
                0x000003e0       0x38 ..\obj\mbfuncholding.o
 .debug_aranges
                0x00000418       0x48 ..\obj\main.o
 .debug_aranges
                0x00000460       0x20 ..\obj\mbcrc.o
 .debug_aranges
                0x00000480      0x178 ..\obj\stm32f4xx_rcc.o
 .debug_aranges
                0x000005f8       0x20 ..\obj\mbfuncinput.o
 .debug_aranges
                0x00000618       0x28 ..\obj\watchdog.o
 .debug_aranges
                0x00000640      0x170 ..\obj\tasks.o
 .debug_aranges
                0x000007b0       0x88 ..\obj\stm32f4xx_gpio.o
 .debug_aranges
                0x00000838       0x38 ..\obj\porttimer.o
 .debug_aranges
                0x00000870       0x58 ..\obj\mbrtu.o
 .debug_aranges
                0x000008c8       0x40 ..\obj\list.o
 .debug_aranges
                0x00000908       0x30 ..\obj\system_stm32f4xx.o
 .debug_aranges
                0x00000938       0x90 ..\obj\port.o
 .debug_aranges
                0x000009c8       0xb8 ..\obj\queue.o
 .debug_aranges
                0x00000a80       0x50 ..\obj\portserial.o
 .debug_aranges
                0x00000ad0       0x50 ..\obj\croutine.o
 .debug_aranges
                0x00000b20       0xe0 ..\obj\stm32f4xx_spi.o
 .debug_aranges
                0x00000c00       0x30 ..\obj\mbfunccoils.o
 .debug_aranges
                0x00000c30       0x68 ..\obj\event_groups.o
 .debug_aranges
                0x00000c98       0x58 ..\obj\stm32f4xx_exti.o
 .debug_aranges
                0x00000cf0       0x40 ..\obj\misc.o
 .debug_aranges
                0x00000d30      0x1e0 ..\obj\stm32f4xx_rtc.o
 .debug_aranges
                0x00000f10       0x40 ..\obj\heap_2.o
 .debug_aranges
                0x00000f50      0x2f8 ..\obj\stm32f4xx_tim.o
 .debug_aranges
                0x00001248       0x30 ..\obj\power_detector.o

.debug_ranges   0x00000000     0x1008
 .debug_ranges  0x00000000       0x38 ..\obj\mbport.o
 .debug_ranges  0x00000038       0x38 ..\obj\mb.o
 .debug_ranges  0x00000070       0x18 ..\obj\protocol.o
 .debug_ranges  0x00000088       0x10 ..\obj\mbfuncdisc.o
 .debug_ranges  0x00000098       0x20 ..\obj\portevent.o
 .debug_ranges  0x000000b8       0x18 ..\obj\mbfuncother.o
 .debug_ranges  0x000000d0       0xf0 ..\obj\stm32f4xx_usart.o
 .debug_ranges  0x000001c0       0x68 ..\obj\stm32f4xx_pwr.o
 .debug_ranges  0x00000228       0x18 ..\obj\rtc.o
 .debug_ranges  0x00000240       0x20 ..\obj\mbutils.o
 .debug_ranges  0x00000260       0x18 ..\obj\startup_stm32f4xx.o
 .debug_ranges  0x00000278       0x18 ..\obj\backup_sram.o
 .debug_ranges  0x00000290       0x38 ..\obj\stm32f4xx_iwdg.o
 .debug_ranges  0x000002c8       0x38 ..\obj\ADS1120.o
 .debug_ranges  0x00000300       0x28 ..\obj\mbfuncholding.o
 .debug_ranges  0x00000328       0x38 ..\obj\main.o
 .debug_ranges  0x00000360       0x10 ..\obj\mbcrc.o
 .debug_ranges  0x00000370      0x168 ..\obj\stm32f4xx_rcc.o
 .debug_ranges  0x000004d8       0x10 ..\obj\mbfuncinput.o
 .debug_ranges  0x000004e8       0x18 ..\obj\watchdog.o
 .debug_ranges  0x00000500      0x160 ..\obj\tasks.o
 .debug_ranges  0x00000660       0x78 ..\obj\stm32f4xx_gpio.o
 .debug_ranges  0x000006d8       0x28 ..\obj\porttimer.o
 .debug_ranges  0x00000700       0x48 ..\obj\mbrtu.o
 .debug_ranges  0x00000748       0x30 ..\obj\list.o
 .debug_ranges  0x00000778       0x20 ..\obj\system_stm32f4xx.o
 .debug_ranges  0x00000798       0x80 ..\obj\port.o
 .debug_ranges  0x00000818       0xa8 ..\obj\queue.o
 .debug_ranges  0x000008c0       0x40 ..\obj\portserial.o
 .debug_ranges  0x00000900       0x40 ..\obj\croutine.o
 .debug_ranges  0x00000940       0xd0 ..\obj\stm32f4xx_spi.o
 .debug_ranges  0x00000a10       0x20 ..\obj\mbfunccoils.o
 .debug_ranges  0x00000a30       0x58 ..\obj\event_groups.o
 .debug_ranges  0x00000a88       0x48 ..\obj\stm32f4xx_exti.o
 .debug_ranges  0x00000ad0       0x30 ..\obj\misc.o
 .debug_ranges  0x00000b00      0x1d0 ..\obj\stm32f4xx_rtc.o
 .debug_ranges  0x00000cd0       0x30 ..\obj\heap_2.o
 .debug_ranges  0x00000d00      0x2e8 ..\obj\stm32f4xx_tim.o
 .debug_ranges  0x00000fe8       0x20 ..\obj\power_detector.o

.debug_str      0x00000000     0x6309
 .debug_str     0x00000000      0x292 ..\obj\mbport.o
                                0x2d4 (size before relaxing)
 .debug_str     0x00000292      0x40b ..\obj\mb.o
                                0x5a0 (size before relaxing)
 .debug_str     0x0000069d      0x15b ..\obj\protocol.o
                                0x29f (size before relaxing)
 .debug_str     0x000007f8       0xc3 ..\obj\mbfuncdisc.o
                                0x2e3 (size before relaxing)
 .debug_str     0x000008bb       0xb5 ..\obj\portevent.o
                                0x1af (size before relaxing)
 .debug_str     0x00000970       0xd8 ..\obj\mbfuncother.o
                                0x30c (size before relaxing)
 .debug_str     0x00000a48      0x516 ..\obj\stm32f4xx_usart.o
                                0x5fa (size before relaxing)
 .debug_str     0x00000f5e      0x1e9 ..\obj\stm32f4xx_pwr.o
                                0x2fc (size before relaxing)
 .debug_str     0x00001147      0x15c ..\obj\rtc.o
                                0x272 (size before relaxing)
 .debug_str     0x000012a3       0xf9 ..\obj\mbutils.o
                                0x320 (size before relaxing)
 .debug_str     0x0000139c       0xbe ..\obj\startup_stm32f4xx.o
                                 0xe9 (size before relaxing)
 .debug_str     0x0000145a       0x99 ..\obj\backup_sram.o
                                0x15e (size before relaxing)
 .debug_str     0x000014f3       0xf6 ..\obj\stm32f4xx_iwdg.o
                                0x1d7 (size before relaxing)
 .debug_str     0x000015e9      0x40e ..\obj\ADS1120.o
                                0x61d (size before relaxing)
 .debug_str     0x000019f7      0x155 ..\obj\mbfuncholding.o
                                0x3c1 (size before relaxing)
 .debug_str     0x00001b4c       0xe0 ..\obj\main.o
                                0x1ce (size before relaxing)
 .debug_str     0x00001c2c       0x77 ..\obj\mbcrc.o
                                0x144 (size before relaxing)
 .debug_str     0x00001ca3      0x5eb ..\obj\stm32f4xx_rcc.o
                                0x7bb (size before relaxing)
 .debug_str     0x0000228e       0x56 ..\obj\timers.o
                                 0xeb (size before relaxing)
 .debug_str     0x000022e4       0x79 ..\obj\mbfuncinput.o
                                0x2d7 (size before relaxing)
 .debug_str     0x0000235d       0x7c ..\obj\watchdog.o
                                0x19b (size before relaxing)
 .debug_str     0x000023d9      0xa38 ..\obj\tasks.o
                                0xb93 (size before relaxing)
 .debug_str     0x00002e11      0x19a ..\obj\stm32f4xx_gpio.o
                                0x40e (size before relaxing)
 .debug_str     0x00002fab      0x75c ..\obj\porttimer.o
                                0x8bc (size before relaxing)
 .debug_str     0x00003707      0x1e5 ..\obj\mbrtu.o
                                0x407 (size before relaxing)
 .debug_str     0x000038ec       0xe8 ..\obj\list.o
                                0x231 (size before relaxing)
 .debug_str     0x000039d4       0xb6 ..\obj\system_stm32f4xx.o
                                0x315 (size before relaxing)
 .debug_str     0x00003a8a      0x263 ..\obj\port.o
                                0x360 (size before relaxing)
 .debug_str     0x00003ced      0x353 ..\obj\queue.o
                                0x576 (size before relaxing)
 .debug_str     0x00004040      0x10f ..\obj\portserial.o
                                0x286 (size before relaxing)
 .debug_str     0x0000414f      0x28c ..\obj\croutine.o
                                0x455 (size before relaxing)
 .debug_str     0x000043db      0x30b ..\obj\stm32f4xx_spi.o
                                0x5f5 (size before relaxing)
 .debug_str     0x000046e6       0xd6 ..\obj\mbfunccoils.o
                                0x34b (size before relaxing)
 .debug_str     0x000047bc      0x2a5 ..\obj\event_groups.o
                                0x452 (size before relaxing)
 .debug_str     0x00004a61      0x1db ..\obj\stm32f4xx_exti.o
                                0x2d9 (size before relaxing)
 .debug_str     0x00004c3c      0x168 ..\obj\misc.o
                                0x344 (size before relaxing)
 .debug_str     0x00004da4      0x893 ..\obj\stm32f4xx_rtc.o
                                0xabe (size before relaxing)
 .debug_str     0x00005637      0x19b ..\obj\heap_2.o
                                0x284 (size before relaxing)
 .debug_str     0x000057d2      0xa94 ..\obj\stm32f4xx_tim.o
                                0xd3b (size before relaxing)
 .debug_str     0x00006266       0xa3 ..\obj\power_detector.o
                                0x838 (size before relaxing)

.comment        0x00000000       0x2a
 .comment       0x00000000       0x2a ..\obj\mbport.o
                                 0x2b (size before relaxing)
 .comment       0x00000000       0x2b ..\obj\mb.o
 .comment       0x00000000       0x2b ..\obj\protocol.o
 .comment       0x00000000       0x2b ..\obj\mbfuncdisc.o
 .comment       0x00000000       0x2b ..\obj\portevent.o
 .comment       0x00000000       0x2b ..\obj\mbfuncother.o
 .comment       0x00000000       0x2b ..\obj\stm32f4xx_usart.o
 .comment       0x00000000       0x2b ..\obj\stm32f4xx_pwr.o
 .comment       0x00000000       0x2b ..\obj\rtc.o
 .comment       0x00000000       0x2b ..\obj\mbutils.o
 .comment       0x00000000       0x2b ..\obj\startup_stm32f4xx.o
 .comment       0x00000000       0x2b ..\obj\backup_sram.o
 .comment       0x00000000       0x2b ..\obj\stm32f4xx_iwdg.o
 .comment       0x00000000       0x2b ..\obj\ADS1120.o
 .comment       0x00000000       0x2b ..\obj\mbfuncholding.o
 .comment       0x00000000       0x2b ..\obj\main.o
 .comment       0x00000000       0x2b ..\obj\mbcrc.o
 .comment       0x00000000       0x2b ..\obj\stm32f4xx_rcc.o
 .comment       0x00000000       0x2b ..\obj\timers.o
 .comment       0x00000000       0x2b ..\obj\mbfuncinput.o
 .comment       0x00000000       0x2b ..\obj\watchdog.o
 .comment       0x00000000       0x2b ..\obj\mbfuncdiag.o
 .comment       0x00000000       0x2b ..\obj\tasks.o
 .comment       0x00000000       0x2b ..\obj\stm32f4xx_gpio.o
 .comment       0x00000000       0x2b ..\obj\porttimer.o
 .comment       0x00000000       0x2b ..\obj\mbrtu.o
 .comment       0x00000000       0x2b ..\obj\list.o
 .comment       0x00000000       0x2b ..\obj\system_stm32f4xx.o
 .comment       0x00000000       0x2b ..\obj\port.o
 .comment       0x00000000       0x2b ..\obj\queue.o
 .comment       0x00000000       0x2b ..\obj\portserial.o
 .comment       0x00000000       0x2b ..\obj\croutine.o
 .comment       0x00000000       0x2b ..\obj\stm32f4xx_spi.o
 .comment       0x00000000       0x2b ..\obj\mbfunccoils.o
 .comment       0x00000000       0x2b ..\obj\event_groups.o
 .comment       0x00000000       0x2b ..\obj\stm32f4xx_exti.o
 .comment       0x00000000       0x2b ..\obj\misc.o
 .comment       0x00000000       0x2b ..\obj\stm32f4xx_rtc.o
 .comment       0x00000000       0x2b ..\obj\heap_2.o
 .comment       0x00000000       0x2b ..\obj\stm32f4xx_tim.o
 .comment       0x00000000       0x2b ..\obj\power_detector.o

.ARM.attributes
                0x00000000       0x31
 .ARM.attributes
                0x00000000       0x31 ..\obj\mbport.o
 .ARM.attributes
                0x00000031       0x31 ..\obj\mb.o
 .ARM.attributes
                0x00000062       0x31 ..\obj\protocol.o
 .ARM.attributes
                0x00000093       0x31 ..\obj\mbfuncdisc.o
 .ARM.attributes
                0x000000c4       0x31 ..\obj\portevent.o
 .ARM.attributes
                0x000000f5       0x31 ..\obj\mbfuncother.o
 .ARM.attributes
                0x00000126       0x31 ..\obj\stm32f4xx_usart.o
 .ARM.attributes
                0x00000157       0x31 ..\obj\stm32f4xx_pwr.o
 .ARM.attributes
                0x00000188       0x31 ..\obj\rtc.o
 .ARM.attributes
                0x000001b9       0x31 ..\obj\mbutils.o
 .ARM.attributes
                0x000001ea       0x31 ..\obj\startup_stm32f4xx.o
 .ARM.attributes
                0x0000021b       0x31 ..\obj\backup_sram.o
 .ARM.attributes
                0x0000024c       0x31 ..\obj\stm32f4xx_iwdg.o
 .ARM.attributes
                0x0000027d       0x31 ..\obj\ADS1120.o
 .ARM.attributes
                0x000002ae       0x31 ..\obj\mbfuncholding.o
 .ARM.attributes
                0x000002df       0x31 ..\obj\main.o
 .ARM.attributes
                0x00000310       0x31 ..\obj\mbcrc.o
 .ARM.attributes
                0x00000341       0x31 ..\obj\stm32f4xx_rcc.o
 .ARM.attributes
                0x00000372       0x31 ..\obj\timers.o
 .ARM.attributes
                0x000003a3       0x31 ..\obj\mbfuncinput.o
 .ARM.attributes
                0x000003d4       0x31 ..\obj\watchdog.o
 .ARM.attributes
                0x00000405       0x31 ..\obj\mbfuncdiag.o
 .ARM.attributes
                0x00000436       0x31 ..\obj\tasks.o
 .ARM.attributes
                0x00000467       0x31 ..\obj\stm32f4xx_gpio.o
 .ARM.attributes
                0x00000498       0x31 ..\obj\porttimer.o
 .ARM.attributes
                0x000004c9       0x31 ..\obj\mbrtu.o
 .ARM.attributes
                0x000004fa       0x31 ..\obj\list.o
 .ARM.attributes
                0x0000052b       0x31 ..\obj\system_stm32f4xx.o
 .ARM.attributes
                0x0000055c       0x31 ..\obj\port.o
 .ARM.attributes
                0x0000058d       0x31 ..\obj\queue.o
 .ARM.attributes
                0x000005be       0x31 ..\obj\portserial.o
 .ARM.attributes
                0x000005ef       0x31 ..\obj\croutine.o
 .ARM.attributes
                0x00000620       0x31 ..\obj\stm32f4xx_spi.o
 .ARM.attributes
                0x00000651       0x31 ..\obj\mbfunccoils.o
 .ARM.attributes
                0x00000682       0x31 ..\obj\event_groups.o
 .ARM.attributes
                0x000006b3       0x31 ..\obj\stm32f4xx_exti.o
 .ARM.attributes
                0x000006e4       0x31 ..\obj\misc.o
 .ARM.attributes
                0x00000715       0x31 ..\obj\stm32f4xx_rtc.o
 .ARM.attributes
                0x00000746       0x31 ..\obj\heap_2.o
 .ARM.attributes
                0x00000777       0x31 ..\obj\stm32f4xx_tim.o
 .ARM.attributes
                0x000007a8       0x31 ..\obj\power_detector.o
 .ARM.attributes
                0x000007d9       0x1b c:/coocox/coide/gcc/sourcery g++ lite/bin/../lib/gcc/arm-none-eabi/4.5.1/thumb2\libgcc.a(_arm_addsubdf3.o)
 .ARM.attributes
                0x000007f4       0x1b c:/coocox/coide/gcc/sourcery g++ lite/bin/../lib/gcc/arm-none-eabi/4.5.1/thumb2\libgcc.a(_arm_muldivdf3.o)
 .ARM.attributes
                0x0000080f       0x1b c:/coocox/coide/gcc/sourcery g++ lite/bin/../lib/gcc/arm-none-eabi/4.5.1/thumb2\libgcc.a(_arm_truncdfsf2.o)
 .ARM.attributes
                0x0000082a       0x1b c:/coocox/coide/gcc/sourcery g++ lite/bin/../lib/gcc/arm-none-eabi/4.5.1/thumb2\libgcc.a(_arm_addsubsf3.o)
 .ARM.attributes
                0x00000845       0x29 c:/coocox/coide/gcc/sourcery g++ lite/bin/../lib/gcc/arm-none-eabi/4.5.1/../../../../arm-none-eabi/lib/thumb2\libc.a(lib_a-memcmp.o)
 .ARM.attributes
                0x0000086e       0x29 c:/coocox/coide/gcc/sourcery g++ lite/bin/../lib/gcc/arm-none-eabi/4.5.1/../../../../arm-none-eabi/lib/thumb2\libc.a(lib_a-memcpy.o)
 .ARM.attributes
                0x00000897       0x29 c:/coocox/coide/gcc/sourcery g++ lite/bin/../lib/gcc/arm-none-eabi/4.5.1/../../../../arm-none-eabi/lib/thumb2\libc.a(lib_a-memset.o)

.debug_frame    0x00000000     0x386c
 .debug_frame   0x00000000       0xb0 ..\obj\mbport.o
 .debug_frame   0x000000b0       0xd0 ..\obj\mb.o
 .debug_frame   0x00000180       0x50 ..\obj\protocol.o
 .debug_frame   0x000001d0       0x30 ..\obj\mbfuncdisc.o
 .debug_frame   0x00000200       0x60 ..\obj\portevent.o
 .debug_frame   0x00000260       0x50 ..\obj\mbfuncother.o
 .debug_frame   0x000002b0      0x344 ..\obj\stm32f4xx_usart.o
 .debug_frame   0x000005f4      0x15c ..\obj\stm32f4xx_pwr.o
 .debug_frame   0x00000750       0x50 ..\obj\rtc.o
 .debug_frame   0x000007a0       0x68 ..\obj\mbutils.o
 .debug_frame   0x00000808       0x48 ..\obj\startup_stm32f4xx.o
 .debug_frame   0x00000850       0x48 ..\obj\backup_sram.o
 .debug_frame   0x00000898       0xb0 ..\obj\stm32f4xx_iwdg.o
 .debug_frame   0x00000948       0xcc ..\obj\ADS1120.o
 .debug_frame   0x00000a14       0x90 ..\obj\mbfuncholding.o
 .debug_frame   0x00000aa4       0xc0 ..\obj\main.o
 .debug_frame   0x00000b64       0x2c ..\obj\mbcrc.o
 .debug_frame   0x00000b90      0x4d8 ..\obj\stm32f4xx_rcc.o
 .debug_frame   0x00001068       0x30 ..\obj\mbfuncinput.o
 .debug_frame   0x00001098       0x50 ..\obj\watchdog.o
 .debug_frame   0x000010e8      0x53c ..\obj\tasks.o
 .debug_frame   0x00001624      0x19c ..\obj\stm32f4xx_gpio.o
 .debug_frame   0x000017c0       0x84 ..\obj\porttimer.o
 .debug_frame   0x00001844      0x108 ..\obj\mbrtu.o
 .debug_frame   0x0000194c       0x9c ..\obj\list.o
 .debug_frame   0x000019e8       0x64 ..\obj\system_stm32f4xx.o
 .debug_frame   0x00001a4c      0x178 ..\obj\port.o
 .debug_frame   0x00001bc4      0x290 ..\obj\queue.o
 .debug_frame   0x00001e54       0xe0 ..\obj\portserial.o
 .debug_frame   0x00001f34       0xf0 ..\obj\croutine.o
 .debug_frame   0x00002024      0x2d0 ..\obj\stm32f4xx_spi.o
 .debug_frame   0x000022f4       0x70 ..\obj\mbfunccoils.o
 .debug_frame   0x00002364      0x14c ..\obj\event_groups.o
 .debug_frame   0x000024b0       0xec ..\obj\stm32f4xx_exti.o
 .debug_frame   0x0000259c       0x9c ..\obj\misc.o
 .debug_frame   0x00002638      0x670 ..\obj\stm32f4xx_rtc.o
 .debug_frame   0x00002ca8       0x9c ..\obj\heap_2.o
 .debug_frame   0x00002d44      0xa3c ..\obj\stm32f4xx_tim.o
 .debug_frame   0x00003780       0x64 ..\obj\power_detector.o
 .debug_frame   0x000037e4       0x2c c:/coocox/coide/gcc/sourcery g++ lite/bin/../lib/gcc/arm-none-eabi/4.5.1/../../../../arm-none-eabi/lib/thumb2\libc.a(lib_a-memcmp.o)
 .debug_frame   0x00003810       0x30 c:/coocox/coide/gcc/sourcery g++ lite/bin/../lib/gcc/arm-none-eabi/4.5.1/../../../../arm-none-eabi/lib/thumb2\libc.a(lib_a-memcpy.o)
 .debug_frame   0x00003840       0x2c c:/coocox/coide/gcc/sourcery g++ lite/bin/../lib/gcc/arm-none-eabi/4.5.1/../../../../arm-none-eabi/lib/thumb2\libc.a(lib_a-memset.o)
