Archive member included because of file (symbol)

C:\Program Files\GNU Tools ARM Embedded\4.9 2015q2\arm-none-eabi\lib\armv7e-m\fpu\libc.a(lib_a-memcpy.o)
                              ..\obj\mbport.o (memcpy)
C:\Program Files\GNU Tools ARM Embedded\4.9 2015q2\arm-none-eabi\lib\armv7e-m\fpu\libc.a(lib_a-memset.o)
                              ..\obj\arm_pid_init_q31.o (memset)
C:\Program Files\GNU Tools ARM Embedded\4.9 2015q2\arm-none-eabi\lib\armv7e-m\fpu\libm.a(lib_a-wf_sqrt.o)
                              ..\obj\arm_rms_f32.o (sqrtf)
C:\Program Files\GNU Tools ARM Embedded\4.9 2015q2\arm-none-eabi\lib\armv7e-m\fpu\libm.a(lib_a-ef_sqrt.o)
                              C:\Program Files\GNU Tools ARM Embedded\4.9 2015q2\arm-none-eabi\lib\armv7e-m\fpu\libm.a(lib_a-wf_sqrt.o) (__ieee754_sqrtf)
C:\Program Files\GNU Tools ARM Embedded\4.9 2015q2\arm-none-eabi\lib\armv7e-m\fpu\libm.a(lib_a-s_lib_ver.o)
                              C:\Program Files\GNU Tools ARM Embedded\4.9 2015q2\arm-none-eabi\lib\armv7e-m\fpu\libm.a(lib_a-wf_sqrt.o) (__fdlib_version)
C:\Program Files\GNU Tools ARM Embedded\4.9 2015q2\arm-none-eabi\lib\armv7e-m\fpu\libm.a(lib_a-s_matherr.o)
                              C:\Program Files\GNU Tools ARM Embedded\4.9 2015q2\arm-none-eabi\lib\armv7e-m\fpu\libm.a(lib_a-wf_sqrt.o) (matherr)
C:\Program Files\GNU Tools ARM Embedded\4.9 2015q2\arm-none-eabi\lib\armv7e-m\fpu\libm.a(lib_a-sf_fpclassify.o)
                              C:\Program Files\GNU Tools ARM Embedded\4.9 2015q2\arm-none-eabi\lib\armv7e-m\fpu\libm.a(lib_a-wf_sqrt.o) (__fpclassifyf)
C:\Program Files\GNU Tools ARM Embedded\4.9 2015q2\arm-none-eabi\lib\armv7e-m\fpu\libg.a(lib_a-errno.o)
                              C:\Program Files\GNU Tools ARM Embedded\4.9 2015q2\arm-none-eabi\lib\armv7e-m\fpu\libm.a(lib_a-wf_sqrt.o) (__errno)
c:/program files/gnu tools arm embedded/4.9 2015q2/bin/../lib/gcc/arm-none-eabi/4.9.3/armv7e-m/fpu\libgcc.a(_arm_addsubdf3.o)
                              ..\obj\arm_mat_inverse_f64.o (__aeabi_dsub)
c:/program files/gnu tools arm embedded/4.9 2015q2/bin/../lib/gcc/arm-none-eabi/4.9.3/armv7e-m/fpu\libgcc.a(_arm_muldivdf3.o)
                              ..\obj\arm_biquad_cascade_df2T_f64.o (__aeabi_dmul)
c:/program files/gnu tools arm embedded/4.9 2015q2/bin/../lib/gcc/arm-none-eabi/4.9.3/armv7e-m/fpu\libgcc.a(_arm_cmpdf2.o)
                              ..\obj\arm_mat_inverse_f64.o (__aeabi_dcmpeq)
c:/program files/gnu tools arm embedded/4.9 2015q2/bin/../lib/gcc/arm-none-eabi/4.9.3/armv7e-m/fpu\libgcc.a(_arm_truncdfsf2.o)
                              ..\obj\calc.o (__aeabi_d2f)
c:/program files/gnu tools arm embedded/4.9 2015q2/bin/../lib/gcc/arm-none-eabi/4.9.3/armv7e-m/fpu\libgcc.a(_arm_addsubsf3.o)
                              ..\obj\calc.o (__aeabi_ul2f)
c:/program files/gnu tools arm embedded/4.9 2015q2/bin/../lib/gcc/arm-none-eabi/4.9.3/armv7e-m/fpu\libgcc.a(_aeabi_ldivmod.o)
                              ..\obj\arm_rms_q15.o (__aeabi_ldivmod)
c:/program files/gnu tools arm embedded/4.9 2015q2/bin/../lib/gcc/arm-none-eabi/4.9.3/armv7e-m/fpu\libgcc.a(_fixsfdi.o)
                              ..\obj\arm_float_to_q31.o (__aeabi_f2lz)
c:/program files/gnu tools arm embedded/4.9 2015q2/bin/../lib/gcc/arm-none-eabi/4.9.3/armv7e-m/fpu\libgcc.a(_fixunssfdi.o)
                              c:/program files/gnu tools arm embedded/4.9 2015q2/bin/../lib/gcc/arm-none-eabi/4.9.3/armv7e-m/fpu\libgcc.a(_fixsfdi.o) (__aeabi_f2ulz)
c:/program files/gnu tools arm embedded/4.9 2015q2/bin/../lib/gcc/arm-none-eabi/4.9.3/armv7e-m/fpu\libgcc.a(bpabi.o)
                              c:/program files/gnu tools arm embedded/4.9 2015q2/bin/../lib/gcc/arm-none-eabi/4.9.3/armv7e-m/fpu\libgcc.a(_aeabi_ldivmod.o) (__gnu_ldivmod_helper)
c:/program files/gnu tools arm embedded/4.9 2015q2/bin/../lib/gcc/arm-none-eabi/4.9.3/armv7e-m/fpu\libgcc.a(_dvmd_tls.o)
                              c:/program files/gnu tools arm embedded/4.9 2015q2/bin/../lib/gcc/arm-none-eabi/4.9.3/armv7e-m/fpu\libgcc.a(_aeabi_ldivmod.o) (__aeabi_ldiv0)
c:/program files/gnu tools arm embedded/4.9 2015q2/bin/../lib/gcc/arm-none-eabi/4.9.3/armv7e-m/fpu\libgcc.a(_arm_fixunsdfsi.o)
                              c:/program files/gnu tools arm embedded/4.9 2015q2/bin/../lib/gcc/arm-none-eabi/4.9.3/armv7e-m/fpu\libgcc.a(_fixunssfdi.o) (__aeabi_d2uiz)
c:/program files/gnu tools arm embedded/4.9 2015q2/bin/../lib/gcc/arm-none-eabi/4.9.3/armv7e-m/fpu\libgcc.a(_divdi3.o)
                              c:/program files/gnu tools arm embedded/4.9 2015q2/bin/../lib/gcc/arm-none-eabi/4.9.3/armv7e-m/fpu\libgcc.a(bpabi.o) (__divdi3)
c:/program files/gnu tools arm embedded/4.9 2015q2/bin/../lib/gcc/arm-none-eabi/4.9.3/armv7e-m/fpu\libgcc.a(_udivdi3.o)
                              c:/program files/gnu tools arm embedded/4.9 2015q2/bin/../lib/gcc/arm-none-eabi/4.9.3/armv7e-m/fpu\libgcc.a(bpabi.o) (__udivdi3)

Allocating common symbols
Common symbol       size              file

[...]
Memory Configuration

Name             Origin             Length             Attributes
rom              0x08000000         0x00100000         xr
ram              0x20000000         0x00020000         xrw
ram1             0x10000000         0x00010000         xrw
*default*        0x00000000         0xffffffff

Linker script and memory map

                0x20020000                _eram = 0x20020000

.text           0x08000000     0x9a34
 *(.isr_vector)
 .isr_vector    0x08000000      0x188 ..\obj\startup_stm32f4xx.o
                0x08000000                g_pfnVectors
 *(.text*)
 .text.SYSCFG_EXTILineConfig
                0x08000188       0x84 ..\obj\stm32f4xx_syscfg.o
                0x08000188                SYSCFG_EXTILineConfig
 .text.USB_OTG_WritePacket
                0x0800020c       0x78 ..\obj\usb_core.o
                0x0800020c                USB_OTG_WritePacket
 .text.USB_OTG_ReadPacket
                0x08000284       0x58 ..\obj\usb_core.o
                0x08000284                USB_OTG_ReadPacket
 .text.USB_OTG_FlushTxFifo
                0x080002dc       0x7c ..\obj\usb_core.o
                0x080002dc                USB_OTG_FlushTxFifo
 .text.USB_OTG_GetMode
                0x08000358       0x20 ..\obj\usb_core.o
                0x08000358                USB_OTG_GetMode
 .text.USB_OTG_IsDeviceMode
                0x08000378       0x24 ..\obj\usb_core.o
                0x08000378                USB_OTG_IsDeviceMode
 .text.USB_OTG_ReadCoreItr
                0x0800039c       0x30 ..\obj\usb_core.o
                0x0800039c                USB_OTG_ReadCoreItr
 .text.USB_OTG_GetDeviceSpeed
                0x080003cc       0x48 ..\obj\usb_core.o
                0x080003cc                USB_OTG_GetDeviceSpeed
 .text.USB_OTG_EP0Activate
                0x08000414       0x78 ..\obj\usb_core.o
                0x08000414                USB_OTG_EP0Activate
 .text.USB_OTG_EPActivate
                0x0800048c       0xdc ..\obj\usb_core.o
                0x0800048c                USB_OTG_EPActivate
 .text.USB_OTG_EPStartXfer
                0x08000568      0x280 ..\obj\usb_core.o
                0x08000568                USB_OTG_EPStartXfer
 .text.USB_OTG_EP0StartXfer
                0x080007e8      0x1d4 ..\obj\usb_core.o
                0x080007e8                USB_OTG_EP0StartXfer
 .text.USB_OTG_EPSetStall
                0x080009bc       0x88 ..\obj\usb_core.o
                0x080009bc                USB_OTG_EPSetStall
 .text.USB_OTG_EPClearStall
                0x08000a44       0x78 ..\obj\usb_core.o
                0x08000a44                USB_OTG_EPClearStall
 .text.USB_OTG_ReadDevAllOutEp_itr
                0x08000abc       0x2c ..\obj\usb_core.o
                0x08000abc                USB_OTG_ReadDevAllOutEp_itr
 .text.USB_OTG_ReadDevOutEP_itr
                0x08000ae8       0x38 ..\obj\usb_core.o
                0x08000ae8                USB_OTG_ReadDevOutEP_itr
 .text.USB_OTG_ReadDevAllInEPItr
                0x08000b20       0x2c ..\obj\usb_core.o
                0x08000b20                USB_OTG_ReadDevAllInEPItr
 .text.USB_OTG_EP0_OutStart
                0x08000b4c       0x70 ..\obj\usb_core.o
                0x08000b4c                USB_OTG_EP0_OutStart
 .text.USB_OTG_UngateClock
                0x08000bbc       0x54 ..\obj\usb_core.o
                0x08000bbc                USB_OTG_UngateClock
 .text.Calc_Init
                0x08000c10       0x5c ..\obj\calc.o
                0x08000c10                Calc_Init
 *fill*         0x08000c6c        0x4 
 .text.Calc_Task
                0x08000c70      0x1a8 ..\obj\calc.o
 .text.SDIO_ITConfig
                0x08000e18       0x3c ..\obj\stm32f4xx_sdio.o
                0x08000e18                SDIO_ITConfig
 .text.SDIO_GetITStatus
                0x08000e54       0x34 ..\obj\stm32f4xx_sdio.o
                0x08000e54                SDIO_GetITStatus
 .text.SDIO_ClearITPendingBit
                0x08000e88       0x1c ..\obj\stm32f4xx_sdio.o
                0x08000e88                SDIO_ClearITPendingBit
 .text.USART_GetITStatus
                0x08000ea4       0xb8 ..\obj\stm32f4xx_usart.o
                0x08000ea4                USART_GetITStatus
 .text.SD_ProcessIRQSrc
                0x08000f5c       0xc8 ..\obj\sdio_sd.o
                0x08000f5c                SD_ProcessIRQSrc
 .text.SD_ProcessDMAIRQ
                0x08001024       0x30 ..\obj\sdio_sd.o
                0x08001024                SD_ProcessDMAIRQ
 .text.SDIO_IRQHandler
                0x08001054        0xc ..\obj\diskio.o
                0x08001054                SDIO_IRQHandler
 .text.DMA2_Stream3_IRQHandler
                0x08001060        0xc ..\obj\diskio.o
                0x08001060                DMA2_Stream3_IRQHandler
 .text.Default_Reset_Handler
                0x0800106c       0x68 ..\obj\startup_stm32f4xx.o
                0x0800106c                Default_Reset_Handler
                0x0800106c                Reset_Handler
 .text.Default_Handler
                0x080010d4        0x8 ..\obj\startup_stm32f4xx.o
                0x080010d4                RTC_Alarm_IRQHandler
                0x080010d4                HASH_RNG_IRQHandler
                0x080010d4                EXTI2_IRQHandler
                0x080010d4                TIM8_CC_IRQHandler
                0x080010d4                DebugMon_Handler
                0x080010d4                TIM1_CC_IRQHandler
                0x080010d4                DMA2_Stream5_IRQHandler
                0x080010d4                HardFault_Handler
                0x080010d4                DMA1_Stream5_IRQHandler
                0x080010d4                TAMP_STAMP_IRQHandler
                0x080010d4                NMI_Handler
                0x080010d4                CAN2_RX1_IRQHandler
                0x080010d4                EXTI3_IRQHandler
                0x080010d4                I2C3_ER_IRQHandler
                0x080010d4                EXTI0_IRQHandler
                0x080010d4                I2C2_EV_IRQHandler
                0x080010d4                DMA1_Stream2_IRQHandler
                0x080010d4                CAN1_RX0_IRQHandler
                0x080010d4                FPU_IRQHandler
                0x080010d4                OTG_HS_WKUP_IRQHandler
                0x080010d4                UsageFault_Handler
                0x080010d4                CAN2_SCE_IRQHandler
                0x080010d4                DMA2_Stream2_IRQHandler
                0x080010d4                SPI1_IRQHandler
                0x080010d4                TIM6_DAC_IRQHandler
                0x080010d4                TIM1_BRK_TIM9_IRQHandler
                0x080010d4                DCMI_IRQHandler
                0x080010d4                CAN2_RX0_IRQHandler
                0x080010d4                CRYP_IRQHandler
                0x080010d4                CAN1_RX1_IRQHandler
                0x080010d4                UART5_IRQHandler
                0x080010d4                DMA2_Stream0_IRQHandler
                0x080010d4                I2C1_EV_IRQHandler
                0x080010d4                DMA1_Stream6_IRQHandler
                0x080010d4                DMA1_Stream1_IRQHandler
                0x080010d4                UART4_IRQHandler
                0x080010d4                TIM3_IRQHandler
                0x080010d4                RCC_IRQHandler
                0x080010d4                TIM8_BRK_TIM12_IRQHandler
                0x080010d4                EXTI15_10_IRQHandler
                0x080010d4                ADC_IRQHandler
                0x080010d4                DMA1_Stream7_IRQHandler
                0x080010d4                TIM7_IRQHandler
                0x080010d4                CAN2_TX_IRQHandler
                0x080010d4                DMA2_Stream7_IRQHandler
                0x080010d4                I2C3_EV_IRQHandler
                0x080010d4                RTC_WKUP_IRQHandler
                0x080010d4                ETH_WKUP_IRQHandler
                0x080010d4                SPI2_IRQHandler
                0x080010d4                OTG_HS_EP1_IN_IRQHandler
                0x080010d4                MemManage_Handler
                0x080010d4                DMA1_Stream0_IRQHandler
                0x080010d4                CAN1_TX_IRQHandler
                0x080010d4                FSMC_IRQHandler
                0x080010d4                ETH_IRQHandler
                0x080010d4                OTG_HS_EP1_OUT_IRQHandler
                0x080010d4                WWDG_IRQHandler
                0x080010d4                TIM2_IRQHandler
                0x080010d4                OTG_HS_IRQHandler
                0x080010d4                EXTI1_IRQHandler
                0x080010d4                USART2_IRQHandler
                0x080010d4                I2C2_ER_IRQHandler
                0x080010d4                DMA2_Stream1_IRQHandler
                0x080010d4                CAN1_SCE_IRQHandler
                0x080010d4                FLASH_IRQHandler
                0x080010d4                DMA2_Stream4_IRQHandler
                0x080010d4                BusFault_Handler
                0x080010d4                USART1_IRQHandler
                0x080010d4                SPI3_IRQHandler
                0x080010d4                DMA1_Stream4_IRQHandler
                0x080010d4                I2C1_ER_IRQHandler
                0x080010d4                DMA2_Stream6_IRQHandler
                0x080010d4                DMA1_Stream3_IRQHandler
 .text.USBD_SetupStage
                0x080010dc       0x6c ..\obj\usbd_core.o
 .text.USBD_DataOutStage
                0x08001148       0xcc ..\obj\usbd_core.o
 .text.USBD_DataInStage
                0x08001214      0x104 ..\obj\usbd_core.o
 .text.USBD_Reset
                0x08001318       0x44 ..\obj\usbd_core.o
 .text.USBD_Resume
                0x0800135c       0x24 ..\obj\usbd_core.o
 .text.USBD_Suspend
                0x08001380       0x24 ..\obj\usbd_core.o
 .text.USBD_SOF
                0x080013a4       0x2c ..\obj\usbd_core.o
 .text.USBD_SetCfg
                0x080013d0       0x30 ..\obj\usbd_core.o
                0x080013d0                USBD_SetCfg
 .text.USBD_ClrCfg
                0x08001400       0x28 ..\obj\usbd_core.o
                0x08001400                USBD_ClrCfg
 .text.USBD_IsoINIncomplete
                0x08001428       0x20 ..\obj\usbd_core.o
 .text.USBD_IsoOUTIncomplete
                0x08001448       0x20 ..\obj\usbd_core.o
 .text.main     0x08001468       0x14 ..\obj\main.o
                0x08001468                main
 .text.vApplicationTickHook
                0x0800147c       0x24 ..\obj\main.o
                0x0800147c                vApplicationTickHook
 .text.vApplicationMallocFailedHook
                0x080014a0        0x8 ..\obj\main.o
                0x080014a0                vApplicationMallocFailedHook
 .text.vApplicationStackOverflowHook
                0x080014a8        0xc ..\obj\main.o
                0x080014a8                vApplicationStackOverflowHook
 .text.vApplicationIdleHook
                0x080014b4       0x18 ..\obj\main.o
                0x080014b4                vApplicationIdleHook
 .text.usMBCRC16
                0x080014cc       0x6c ..\obj\mbcrc.o
                0x080014cc                usMBCRC16
 .text.RCC_GetClocksFreq
                0x08001538      0x154 ..\obj\stm32f4xx_rcc.o
                0x08001538                RCC_GetClocksFreq
 .text.RCC_AHB1PeriphClockCmd
                0x0800168c       0x3c ..\obj\stm32f4xx_rcc.o
                0x0800168c                RCC_AHB1PeriphClockCmd
 .text.RCC_APB1PeriphClockCmd
                0x080016c8       0x3c ..\obj\stm32f4xx_rcc.o
                0x080016c8                RCC_APB1PeriphClockCmd
 .text.RCC_APB2PeriphClockCmd
                0x08001704       0x3c ..\obj\stm32f4xx_rcc.o
                0x08001704                RCC_APB2PeriphClockCmd
 .text.RCC_APB1PeriphResetCmd
                0x08001740       0x3c ..\obj\stm32f4xx_rcc.o
                0x08001740                RCC_APB1PeriphResetCmd
 .text.xTimerCreateTimerTask
                0x0800177c       0x68 ..\obj\timers.o
                0x0800177c                xTimerCreateTimerTask
 .text.xTimerGenericCommand
                0x080017e4       0xa4 ..\obj\timers.o
                0x080017e4                xTimerGenericCommand
 .text.prvProcessExpiredTimer
                0x08001888       0x80 ..\obj\timers.o
 .text.prvTimerTask
                0x08001908       0x24 ..\obj\timers.o
 .text.prvProcessTimerOrBlockTask
                0x0800192c       0x9c ..\obj\timers.o
 .text.prvGetNextExpireTime
                0x080019c8       0x48 ..\obj\timers.o
 .text.prvSampleTimeNow
                0x08001a10       0x40 ..\obj\timers.o
 .text.prvInsertTimerInActiveList
                0x08001a50       0x84 ..\obj\timers.o
 .text.prvProcessReceivedCommands
                0x08001ad4      0x12c ..\obj\timers.o
 .text.prvSwitchTimerLists
                0x08001c00       0xc0 ..\obj\timers.o
 .text.prvCheckForValidListAndQueue
                0x08001cc0       0x8c ..\obj\timers.o
 .text.Watchdog_SetTaskStatus
                0x08001d4c       0x30 ..\obj\watchdog.o
                0x08001d4c                Watchdog_SetTaskStatus
 .text.Watchdog_IncrementCouter
                0x08001d7c       0x30 ..\obj\watchdog.o
                0x08001d7c                Watchdog_IncrementCouter
 .text.xTaskGenericCreate
                0x08001dac      0x1a4 ..\obj\tasks.o
                0x08001dac                xTaskGenericCreate
 .text.vTaskDelayUntil
                0x08001f50      0x11c ..\obj\tasks.o
                0x08001f50                vTaskDelayUntil
 .text.vTaskDelay
                0x0800206c       0xa4 ..\obj\tasks.o
                0x0800206c                vTaskDelay
 .text.vTaskStartScheduler
                0x08002110       0x98 ..\obj\tasks.o
                0x08002110                vTaskStartScheduler
 .text.vTaskSuspendAll
                0x080021a8       0x1c ..\obj\tasks.o
                0x080021a8                vTaskSuspendAll
 .text.xTaskResumeAll
                0x080021c4      0x12c ..\obj\tasks.o
                0x080021c4                xTaskResumeAll
 .text.xTaskGetTickCount
                0x080022f0       0x20 ..\obj\tasks.o
                0x080022f0                xTaskGetTickCount
 .text.xTaskIncrementTick
                0x08002310      0x190 ..\obj\tasks.o
                0x08002310                xTaskIncrementTick
 .text.vTaskSwitchContext
                0x080024a0       0xfc ..\obj\tasks.o
                0x080024a0                vTaskSwitchContext
 .text.vTaskPlaceOnEventList
                0x0800259c       0x9c ..\obj\tasks.o
                0x0800259c                vTaskPlaceOnEventList
 .text.vTaskPlaceOnEventListRestricted
                0x08002638       0x9c ..\obj\tasks.o
                0x08002638                vTaskPlaceOnEventListRestricted
 .text.xTaskRemoveFromEventList
                0x080026d4       0xc8 ..\obj\tasks.o
                0x080026d4                xTaskRemoveFromEventList
 .text.vTaskSetTimeOutState
                0x0800279c       0x44 ..\obj\tasks.o
                0x0800279c                vTaskSetTimeOutState
 .text.xTaskCheckForTimeOut
                0x080027e0       0xbc ..\obj\tasks.o
                0x080027e0                xTaskCheckForTimeOut
 .text.vTaskMissedYield
                0x0800289c       0x18 ..\obj\tasks.o
                0x0800289c                vTaskMissedYield
 .text.prvIdleTask
                0x080028b4       0x34 ..\obj\tasks.o
 .text.prvInitialiseTCBVariables
                0x080028e8       0xa4 ..\obj\tasks.o
 .text.prvInitialiseTaskLists
                0x0800298c       0x7c ..\obj\tasks.o
 .text.prvCheckTasksWaitingTermination
                0x08002a08       0x74 ..\obj\tasks.o
 .text.prvAddCurrentTaskToDelayedList
                0x08002a7c       0x6c ..\obj\tasks.o
 .text.prvAllocateTCBAndStack
                0x08002ae8       0x70 ..\obj\tasks.o
 .text.prvDeleteTCB
                0x08002b58       0x20 ..\obj\tasks.o
 .text.prvResetNextTaskUnblockTime
                0x08002b78       0x48 ..\obj\tasks.o
 .text.xTaskGetSchedulerState
                0x08002bc0       0x3c ..\obj\tasks.o
                0x08002bc0                xTaskGetSchedulerState
 .text.vTaskPriorityInherit
                0x08002bfc       0xf0 ..\obj\tasks.o
                0x08002bfc                vTaskPriorityInherit
 .text.xTaskPriorityDisinherit
                0x08002cec      0x10c ..\obj\tasks.o
                0x08002cec                xTaskPriorityDisinherit
 .text.pvTaskIncrementMutexHeldCount
                0x08002df8       0x28 ..\obj\tasks.o
                0x08002df8                pvTaskIncrementMutexHeldCount
 .text.FRAM_I2C_Init
                0x08002e20       0xa8 ..\obj\fram_i2c.o
                0x08002e20                FRAM_I2C_Init
 .text.FRAM_I2C_Reset
                0x08002ec8      0x144 ..\obj\fram_i2c.o
                0x08002ec8                FRAM_I2C_Reset
 .text.FRAM_I2C_Read_Buffer
                0x0800300c      0x508 ..\obj\fram_i2c.o
                0x0800300c                FRAM_I2C_Read_Buffer
 .text.FRAM_Read_Settings
                0x08003514       0x8c ..\obj\fram_i2c.o
                0x08003514                FRAM_Read_Settings
 .text.GPIO_Init
                0x080035a0      0x11c ..\obj\stm32f4xx_gpio.o
                0x080035a0                GPIO_Init
 .text.GPIO_ReadInputDataBit
                0x080036bc       0x34 ..\obj\stm32f4xx_gpio.o
                0x080036bc                GPIO_ReadInputDataBit
 .text.GPIO_PinAFConfig
                0x080036f0       0x90 ..\obj\stm32f4xx_gpio.o
                0x080036f0                GPIO_PinAFConfig
 .text.TIM4_IRQHandler
                0x08003780       0x34 ..\obj\porttimer.o
                0x08003780                TIM4_IRQHandler
 .text.TIM5_IRQHandler
                0x080037b4       0x34 ..\obj\porttimer.o
                0x080037b4                TIM5_IRQHandler
 .text.TIM1_UP_TIM10_IRQHandler
                0x080037e8       0x34 ..\obj\porttimer.o
                0x080037e8                TIM1_UP_TIM10_IRQHandler
 .text.vListInitialise
                0x0800381c       0x40 ..\obj\list.o
                0x0800381c                vListInitialise
 .text.vListInitialiseItem
                0x0800385c       0x18 ..\obj\list.o
                0x0800385c                vListInitialiseItem
 .text.vListInsertEnd
                0x08003874       0x48 ..\obj\list.o
                0x08003874                vListInsertEnd
 .text.vListInsert
                0x080038bc       0x70 ..\obj\list.o
                0x080038bc                vListInsert
 .text.uxListRemove
                0x0800392c       0x54 ..\obj\list.o
                0x0800392c                uxListRemove
 .text.SystemInit
                0x08003980       0x68 ..\obj\system_stm32f4xx.o
                0x08003980                SystemInit
 .text.SetSysClock
                0x080039e8       0xf4 ..\obj\system_stm32f4xx.o
 .text.DMA_ClearFlag
                0x08003adc       0x5c ..\obj\stm32f4xx_dma.o
                0x08003adc                DMA_ClearFlag
 .text.USB_OTG_BSP_uDelay
                0x08003b38       0x48 ..\obj\usb_bsp.o
                0x08003b38                USB_OTG_BSP_uDelay
 .text.OTG_FS_WKUP_IRQHandler
                0x08003b80       0x34 ..\obj\usb_bsp.o
                0x08003b80                OTG_FS_WKUP_IRQHandler
 .text.OTG_FS_IRQHandler
                0x08003bb4       0x10 ..\obj\usb_bsp.o
                0x08003bb4                OTG_FS_IRQHandler
 .text.USBD_StdDevReq
                0x08003bc4       0xa0 ..\obj\usbd_req.o
                0x08003bc4                USBD_StdDevReq
 .text.USBD_StdItfReq
                0x08003c64       0x68 ..\obj\usbd_req.o
                0x08003c64                USBD_StdItfReq
 .text.USBD_StdEPReq
                0x08003ccc      0x1b0 ..\obj\usbd_req.o
                0x08003ccc                USBD_StdEPReq
 .text.USBD_GetDescriptor
                0x08003e7c      0x1b8 ..\obj\usbd_req.o
 .text.USBD_SetAddress
                0x08004034       0x7c ..\obj\usbd_req.o
 .text.USBD_SetConfig
                0x080040b0       0xf4 ..\obj\usbd_req.o
 .text.USBD_GetConfig
                0x080041a4       0x60 ..\obj\usbd_req.o
 .text.USBD_GetStatus
                0x08004204       0x50 ..\obj\usbd_req.o
 .text.USBD_SetFeature
                0x08004254       0xcc ..\obj\usbd_req.o
 .text.USBD_ClrFeature
                0x08004320       0x50 ..\obj\usbd_req.o
 .text.USBD_ParseSetupRequest
                0x08004370       0x90 ..\obj\usbd_req.o
                0x08004370                USBD_ParseSetupRequest
 .text.USBD_CtlError
                0x08004400       0x48 ..\obj\usbd_req.o
                0x08004400                USBD_CtlError
 .text.pxPortInitialiseStack
                0x08004448       0x64 ..\obj\port.o
                0x08004448                pxPortInitialiseStack
 .text.prvTaskExitError
                0x080044ac       0x3c ..\obj\port.o
 .text.SVC_Handler
                0x080044e8       0x20 ..\obj\port.o
                0x080044e8                SVC_Handler
 .text.prvPortStartFirstTask
                0x08004508       0x20 ..\obj\port.o
 .text.xPortStartScheduler
                0x08004528      0x118 ..\obj\port.o
                0x08004528                xPortStartScheduler
 .text.vPortEnterCritical
                0x08004640       0x5c ..\obj\port.o
                0x08004640                vPortEnterCritical
 .text.vPortExitCritical
                0x0800469c       0x4c ..\obj\port.o
                0x0800469c                vPortExitCritical
 .text.PendSV_Handler
                0x080046e8       0x60 ..\obj\port.o
                0x080046e8                PendSV_Handler
 .text.SysTick_Handler
                0x08004748       0x44 ..\obj\port.o
                0x08004748                SysTick_Handler
 .text.vPortSetupTimerInterrupt
                0x0800478c       0x24 ..\obj\port.o
                0x0800478c                vPortSetupTimerInterrupt
 .text.vPortEnableVFP
                0x080047b0       0x14 ..\obj\port.o
 .text.vPortValidateInterruptPriority
                0x080047c4       0x78 ..\obj\port.o
                0x080047c4                vPortValidateInterruptPriority
 .text.xQueueGenericReset
                0x0800483c       0xd0 ..\obj\queue.o
                0x0800483c                xQueueGenericReset
 .text.xQueueGenericCreate
                0x0800490c       0xb4 ..\obj\queue.o
                0x0800490c                xQueueGenericCreate
 .text.xQueueCreateMutex
                0x080049c0       0x84 ..\obj\queue.o
                0x080049c0                xQueueCreateMutex
 .text.xQueueGenericSend
                0x08004a44      0x1ec ..\obj\queue.o
                0x08004a44                xQueueGenericSend
 .text.xQueueGenericSendFromISR
                0x08004c30      0x118 ..\obj\queue.o
                0x08004c30                xQueueGenericSendFromISR
 .text.xQueueGenericReceive
                0x08004d48      0x20c ..\obj\queue.o
                0x08004d48                xQueueGenericReceive
 .text.prvCopyDataToQueue
                0x08004f54       0xdc ..\obj\queue.o
 .text.prvCopyDataFromQueue
                0x08005030       0x4c ..\obj\queue.o
 .text.prvUnlockQueue
                0x0800507c       0x98 ..\obj\queue.o
 .text.prvIsQueueEmpty
                0x08005114       0x2c ..\obj\queue.o
 .text.prvIsQueueFull
                0x08005140       0x30 ..\obj\queue.o
 .text.vQueueAddToRegistry
                0x08005170       0x50 ..\obj\queue.o
                0x08005170                vQueueAddToRegistry
 .text.vQueueWaitForMessageRestricted
                0x080051c0       0x5c ..\obj\queue.o
                0x080051c0                vQueueWaitForMessageRestricted
 .text.USBD_OTG_ISR_Handler
                0x0800521c      0x15c ..\obj\usb_dcd_int.o
                0x0800521c                USBD_OTG_ISR_Handler
 .text.DCD_HandleResume_ISR
                0x08005378       0x80 ..\obj\usb_dcd_int.o
 .text.DCD_HandleUSBSuspend_ISR
                0x080053f8       0x9c ..\obj\usb_dcd_int.o
 .text.DCD_HandleInEP_ISR
                0x08005494      0x1ec ..\obj\usb_dcd_int.o
 .text.DCD_HandleOutEP_ISR
                0x08005680      0x178 ..\obj\usb_dcd_int.o
 .text.DCD_HandleSof_ISR
                0x080057f8       0x34 ..\obj\usb_dcd_int.o
 .text.DCD_HandleRxStatusQueueLevel_ISR
                0x0800582c      0x104 ..\obj\usb_dcd_int.o
 .text.DCD_WriteEmptyTxFifo
                0x08005930      0x110 ..\obj\usb_dcd_int.o
 .text.DCD_HandleUsbReset_ISR
                0x08005a40      0x138 ..\obj\usb_dcd_int.o
 .text.DCD_HandleEnumDone_ISR
                0x08005b78       0x78 ..\obj\usb_dcd_int.o
 .text.DCD_IsoINIncomplete_ISR
                0x08005bf0       0x34 ..\obj\usb_dcd_int.o
 .text.DCD_IsoOUTIncomplete_ISR
                0x08005c24       0x34 ..\obj\usb_dcd_int.o
 .text.DCD_ReadDevInEP
                0x08005c58       0x50 ..\obj\usb_dcd_int.o
 .text.USART3_IRQHandler
                0x08005ca8       0x94 ..\obj\portserial.o
                0x08005ca8                USART3_IRQHandler
 .text.USART6_IRQHandler
                0x08005d3c       0x94 ..\obj\portserial.o
                0x08005d3c                USART6_IRQHandler
 .text.SPI_Init
                0x08005dd0       0x88 ..\obj\stm32f4xx_spi.o
                0x08005dd0                SPI_Init
 .text.SPI_Cmd  0x08005e58       0x40 ..\obj\stm32f4xx_spi.o
                0x08005e58                SPI_Cmd
 .text.SPI_CalculateCRC
                0x08005e98       0x40 ..\obj\stm32f4xx_spi.o
                0x08005e98                SPI_CalculateCRC
 .text.ADS1220_Init
                0x08005ed8       0xb4 ..\obj\ADS1220.o
                0x08005ed8                ADS1220_Init
 .text.ADC_SPI_config
                0x08005f8c       0xf8 ..\obj\ADS1220.o
 .text.ADC_SPI_send
                0x08006084       0x4c ..\obj\ADS1220.o
                0x08006084                ADC_SPI_send
 .text.ADC_SPI_read
                0x080060d0       0x10 ..\obj\ADS1220.o
                0x080060d0                ADC_SPI_read
 .text.ADC_RTD1_Task
                0x080060e0      0x2ac ..\obj\ADS1220.o
 .text.ADC_RTD2_Task
                0x0800638c      0x2ac ..\obj\ADS1220.o
 .text.ADC_Current1_Task
                0x08006638      0x394 ..\obj\ADS1220.o
 .text.ADC_Current2_Task
                0x080069cc      0x3a4 ..\obj\ADS1220.o
 .text.PT100_Code_To_Temperature
                0x08006d70      0x13c ..\obj\ADS1220.o
                0x08006d70                PT100_Code_To_Temperature
 .text.Code_To_Current
                0x08006eac      0x10c ..\obj\ADS1220.o
                0x08006eac                Code_To_Current
 .text.Current_to_Value
                0x08006fb8       0xf0 ..\obj\ADS1220.o
                0x08006fb8                Current_to_Value
 .text.FrequencyMeasureInit
                0x080070a8      0x268 ..\obj\frequency.o
                0x080070a8                FrequencyMeasureInit
 .text.ImpulseLine1_StartMeasure
                0x08007310       0x34 ..\obj\frequency.o
                0x08007310                ImpulseLine1_StartMeasure
 .text.Impulse_SetAntiBounceDelay
                0x08007344       0x44 ..\obj\frequency.o
                0x08007344                Impulse_SetAntiBounceDelay
 .text.EXTI4_IRQHandler
                0x08007388       0x4c ..\obj\frequency.o
                0x08007388                EXTI4_IRQHandler
 .text.EXTI9_5_IRQHandler
                0x080073d4       0xcc ..\obj\frequency.o
                0x080073d4                EXTI9_5_IRQHandler
 .text.TIM8_UP_TIM13_IRQHandler
                0x080074a0       0x38 ..\obj\frequency.o
                0x080074a0                TIM8_UP_TIM13_IRQHandler
 .text.TIM1_TRG_COM_TIM11_IRQHandler
                0x080074d8       0xe0 ..\obj\frequency.o
                0x080074d8                TIM1_TRG_COM_TIM11_IRQHandler
 .text.TIM8_TRG_COM_TIM14_IRQHandler
                0x080075b8       0xe4 ..\obj\frequency.o
                0x080075b8                TIM8_TRG_COM_TIM14_IRQHandler
 .text.I2C_DeInit
                0x0800769c       0x74 ..\obj\stm32f4xx_i2c.o
                0x0800769c                I2C_DeInit
 .text.I2C_Init
                0x08007710      0x184 ..\obj\stm32f4xx_i2c.o
                0x08007710                I2C_Init
 .text.I2C_Cmd  0x08007894       0x40 ..\obj\stm32f4xx_i2c.o
                0x08007894                I2C_Cmd
 .text.I2C_GenerateSTART
                0x080078d4       0x40 ..\obj\stm32f4xx_i2c.o
                0x080078d4                I2C_GenerateSTART
 .text.I2C_GenerateSTOP
                0x08007914       0x40 ..\obj\stm32f4xx_i2c.o
                0x08007914                I2C_GenerateSTOP
 .text.I2C_Send7bitAddress
                0x08007954       0x3c ..\obj\stm32f4xx_i2c.o
                0x08007954                I2C_Send7bitAddress
 .text.I2C_AcknowledgeConfig
                0x08007990       0x40 ..\obj\stm32f4xx_i2c.o
                0x08007990                I2C_AcknowledgeConfig
 .text.I2C_NACKPositionConfig
                0x080079d0       0x40 ..\obj\stm32f4xx_i2c.o
                0x080079d0                I2C_NACKPositionConfig
 .text.I2C_SendData
                0x08007a10       0x20 ..\obj\stm32f4xx_i2c.o
                0x08007a10                I2C_SendData
 .text.I2C_ReceiveData
                0x08007a30       0x1c ..\obj\stm32f4xx_i2c.o
                0x08007a30                I2C_ReceiveData
 .text.I2C_CheckEvent
                0x08007a4c       0x60 ..\obj\stm32f4xx_i2c.o
                0x08007a4c                I2C_CheckEvent
 .text.I2C_GetFlagStatus
                0x08007aac       0x68 ..\obj\stm32f4xx_i2c.o
                0x08007aac                I2C_GetFlagStatus
 .text.EXTI_Init
                0x08007b14       0xe4 ..\obj\stm32f4xx_exti.o
                0x08007b14                EXTI_Init
 .text.EXTI_GetITStatus
                0x08007bf8       0x48 ..\obj\stm32f4xx_exti.o
                0x08007bf8                EXTI_GetITStatus
 .text.EXTI_ClearITPendingBit
                0x08007c40       0x1c ..\obj\stm32f4xx_exti.o
                0x08007c40                EXTI_ClearITPendingBit
 .text.NVIC_Init
                0x08007c5c       0xc0 ..\obj\misc.o
                0x08007c5c                NVIC_Init
 .text.DCD_EP_Open
                0x08007d1c       0xa8 ..\obj\usb_dcd.o
                0x08007d1c                DCD_EP_Open
 .text.DCD_EP_PrepareRx
                0x08007dc4       0x84 ..\obj\usb_dcd.o
                0x08007dc4                DCD_EP_PrepareRx
 .text.DCD_EP_Tx
                0x08007e48       0x78 ..\obj\usb_dcd.o
                0x08007e48                DCD_EP_Tx
 .text.DCD_EP_Stall
                0x08007ec0       0x74 ..\obj\usb_dcd.o
                0x08007ec0                DCD_EP_Stall
 .text.DCD_EP_ClrStall
                0x08007f34       0x74 ..\obj\usb_dcd.o
                0x08007f34                DCD_EP_ClrStall
 .text.DCD_EP_SetAddress
                0x08007fa8       0x3c ..\obj\usb_dcd.o
                0x08007fa8                DCD_EP_SetAddress
 .text.RTC_GetTime
                0x08007fe4       0x9c ..\obj\stm32f4xx_rtc.o
                0x08007fe4                RTC_GetTime
 .text.RTC_GetDate
                0x08008080       0x9c ..\obj\stm32f4xx_rtc.o
                0x08008080                RTC_GetDate
 .text.RTC_Bcd2ToByte
                0x0800811c       0x38 ..\obj\stm32f4xx_rtc.o
 .text.USBD_CtlSendData
                0x08008154       0x40 ..\obj\usbd_ioreq.o
                0x08008154                USBD_CtlSendData
 .text.USBD_CtlContinueSendData
                0x08008194       0x28 ..\obj\usbd_ioreq.o
                0x08008194                USBD_CtlContinueSendData
 .text.USBD_CtlContinueRx
                0x080081bc       0x28 ..\obj\usbd_ioreq.o
                0x080081bc                USBD_CtlContinueRx
 .text.USBD_CtlSendStatus
                0x080081e4       0x30 ..\obj\usbd_ioreq.o
                0x080081e4                USBD_CtlSendStatus
 .text.USBD_CtlReceiveStatus
                0x08008214       0x30 ..\obj\usbd_ioreq.o
                0x08008214                USBD_CtlReceiveStatus
 .text.pvPortMalloc
                0x08008244      0x124 ..\obj\heap_2.o
                0x08008244                pvPortMalloc
 .text.vPortFree
                0x08008368       0x70 ..\obj\heap_2.o
                0x08008368                vPortFree
 .text.xPortGetFreeHeapSize
                0x080083d8       0x18 ..\obj\heap_2.o
                0x080083d8                xPortGetFreeHeapSize
 .text.prvHeapInit
                0x080083f0       0x50 ..\obj\heap_2.o
 .text.ControllerInit
                0x08008440       0x50 ..\obj\controller.o
                0x08008440                ControllerInit
 .text.Controller_RestoreSettings
                0x08008490      0x180 ..\obj\controller.o
                0x08008490                Controller_RestoreSettings
 .text.TIM_TimeBaseInit
                0x08008610       0xd4 ..\obj\stm32f4xx_tim.o
                0x08008610                TIM_TimeBaseInit
 .text.TIM_TimeBaseStructInit
                0x080086e4       0x34 ..\obj\stm32f4xx_tim.o
                0x080086e4                TIM_TimeBaseStructInit
 .text.TIM_SetAutoreload
                0x08008718       0x1c ..\obj\stm32f4xx_tim.o
                0x08008718                TIM_SetAutoreload
 .text.TIM_Cmd  0x08008734       0x40 ..\obj\stm32f4xx_tim.o
                0x08008734                TIM_Cmd
 .text.TIM_ITConfig
                0x08008774       0x48 ..\obj\stm32f4xx_tim.o
                0x08008774                TIM_ITConfig
 .text.TIM_GetITStatus
                0x080087bc       0x54 ..\obj\stm32f4xx_tim.o
                0x080087bc                TIM_GetITStatus
 .text.TIM_ClearITPendingBit
                0x08008810       0x20 ..\obj\stm32f4xx_tim.o
                0x08008810                TIM_ClearITPendingBit
 .text.TIM_ETRClockMode2Config
                0x08008830       0x3c ..\obj\stm32f4xx_tim.o
                0x08008830                TIM_ETRClockMode2Config
 .text.TIM_ETRConfig
                0x0800886c       0x54 ..\obj\stm32f4xx_tim.o
                0x0800886c                TIM_ETRConfig
 .text.NVIC_SystemReset
                0x080088c0       0x28 ..\obj\power_detector.o
 .text.PVD_IRQHandler
                0x080088e8       0x20 ..\obj\power_detector.o
                0x080088e8                PVD_IRQHandler
 .text          0x08008908      0x134 C:\Program Files\GNU Tools ARM Embedded\4.9 2015q2\arm-none-eabi\lib\armv7e-m\fpu\libc.a(lib_a-memcpy.o)
                0x08008908                memcpy
 .text.memset   0x08008a3c       0x9c C:\Program Files\GNU Tools ARM Embedded\4.9 2015q2\arm-none-eabi\lib\armv7e-m\fpu\libc.a(lib_a-memset.o)
                0x08008a3c                memset
 .text.sqrtf    0x08008ad8       0xb8 C:\Program Files\GNU Tools ARM Embedded\4.9 2015q2\arm-none-eabi\lib\armv7e-m\fpu\libm.a(lib_a-wf_sqrt.o)
                0x08008ad8                sqrtf
 .text.__ieee754_sqrtf
                0x08008b90       0xa4 C:\Program Files\GNU Tools ARM Embedded\4.9 2015q2\arm-none-eabi\lib\armv7e-m\fpu\libm.a(lib_a-ef_sqrt.o)
                0x08008b90                __ieee754_sqrtf
 .text.matherr  0x08008c34        0x4 C:\Program Files\GNU Tools ARM Embedded\4.9 2015q2\arm-none-eabi\lib\armv7e-m\fpu\libm.a(lib_a-s_matherr.o)
                0x08008c34                matherr
 .text.__fpclassifyf
                0x08008c38       0x38 C:\Program Files\GNU Tools ARM Embedded\4.9 2015q2\arm-none-eabi\lib\armv7e-m\fpu\libm.a(lib_a-sf_fpclassify.o)
                0x08008c38                __fpclassifyf
 .text.__errno  0x08008c70        0xc C:\Program Files\GNU Tools ARM Embedded\4.9 2015q2\arm-none-eabi\lib\armv7e-m\fpu\libg.a(lib_a-errno.o)
                0x08008c70                __errno
 .text          0x08008c7c      0x370 c:/program files/gnu tools arm embedded/4.9 2015q2/bin/../lib/gcc/arm-none-eabi/4.9.3/armv7e-m/fpu\libgcc.a(_arm_addsubdf3.o)
                0x08008c7c                __aeabi_drsub
                0x08008c84                __aeabi_dsub
                0x08008c84                __subdf3
                0x08008c88                __aeabi_dadd
                0x08008c88                __adddf3
                0x08008f00                __floatunsidf
                0x08008f00                __aeabi_ui2d
                0x08008f20                __floatsidf
                0x08008f20                __aeabi_i2d
                0x08008f44                __aeabi_f2d
                0x08008f44                __extendsfdf2
                0x08008f80                __floatundidf
                0x08008f80                __aeabi_ul2d
                0x08008f90                __floatdidf
                0x08008f90                __aeabi_l2d
 .text          0x08008fec      0x424 c:/program files/gnu tools arm embedded/4.9 2015q2/bin/../lib/gcc/arm-none-eabi/4.9.3/armv7e-m/fpu\libgcc.a(_arm_muldivdf3.o)
                0x08008fec                __aeabi_dmul
                0x08008fec                __muldf3
                0x08009240                __divdf3
                0x08009240                __aeabi_ddiv
 .text          0x08009410       0xa0 c:/program files/gnu tools arm embedded/4.9 2015q2/bin/../lib/gcc/arm-none-eabi/4.9.3/armv7e-m/fpu\libgcc.a(_arm_truncdfsf2.o)
                0x08009410                __truncdfsf2
                0x08009410                __aeabi_d2f
 .text          0x080094b0      0x21c c:/program files/gnu tools arm embedded/4.9 2015q2/bin/../lib/gcc/arm-none-eabi/4.9.3/armv7e-m/fpu\libgcc.a(_arm_addsubsf3.o)
                0x080094b0                __aeabi_frsub
                0x080094b8                __subsf3
                0x080094b8                __aeabi_fsub
                0x080094bc                __aeabi_fadd
                0x080094bc                __addsf3
                0x0800961c                __aeabi_ui2f
                0x0800961c                __floatunsisf
                0x08009624                __aeabi_i2f
                0x08009624                __floatsisf
                0x08009640                __aeabi_ul2f
                0x08009640                __floatundisf
                0x08009650                __aeabi_l2f
                0x08009650                __floatdisf
 *(.init)
 *(.fini)
 *crtbegin.o(.ctors)
 *crtbegin?.o(.ctors)
 *(EXCLUDE_FILE(*crtend.o *crtend?.o) .ctors)
 *(SORT(.ctors.*))
 *(.ctors)
 *crtbegin.o(.dtors)
 *crtbegin?.o(.dtors)
 *(EXCLUDE_FILE(*crtend.o *crtend?.o) .dtors)
 *(SORT(.dtors.*))
 *(.dtors)
 *(.rodata*)
 .rodata        0x080096cc        0xa ..\obj\calc.o
 *fill*         0x080096d6        0x2 
 .rodata        0x080096d8      0x200 ..\obj\mbcrc.o
 .rodata        0x080098d8        0xd ..\obj\timers.o
 *fill*         0x080098e5        0x3 
 .rodata        0x080098e8        0x5 ..\obj\tasks.o
 *fill*         0x080098ed        0x3 
 .rodata        0x080098f0       0x56 ..\obj\ADS1220.o
 *fill*         0x08009946        0x2 
 .rodata        0x08009948       0xe4 ..\obj\controller.o
                0x08009948                stSettingsDefault
 .rodata.str1.4
                0x08009a2c        0x8 C:\Program Files\GNU Tools ARM Embedded\4.9 2015q2\arm-none-eabi\lib\armv7e-m\fpu\libm.a(lib_a-wf_sqrt.o)
                                  0x6 (size before relaxing)
 *(.eh_fram e*)

.glue_7         0x08009a34        0x0
 .glue_7        0x00000000        0x0 linker stubs

.glue_7t        0x08009a34        0x0
 .glue_7t       0x00000000        0x0 linker stubs

.vfp11_veneer   0x08009a34        0x0
 .vfp11_veneer  0x00000000        0x0 linker stubs

.v4_bx          0x08009a34        0x0
 .v4_bx         0x00000000        0x0 linker stubs

.iplt           0x08009a34        0x0
 .iplt          0x00000000        0x0 ..\obj\arm_mat_inverse_f32.o

.rel.dyn        0x08009a34        0x0
 .rel.iplt      0x00000000        0x0 ..\obj\arm_mat_inverse_f32.o

.ARM.extab
 *(.ARM.extab* .gnu.linkonce.armextab.*)
                0x08009a34                __exidx_start = .

.ARM.exidx
 *(.ARM.exidx* .gnu.linkonce.armexidx.*)
                0x08009a34                __exidx_end = .
                0x08009a34                __etext = .
                0x08009a34                _sidata = __etext

.data           0x20000000      0x47c load address 0x08009a34
                0x20000000                __data_start__ = .
                0x20000000                _sdata = __data_start__
 *(vtable)
 *(.data*)
 .data          0x20000000       0x30 ..\obj\usbd_core.o
                0x20000000                USBD_DCD_INT_cb
                0x2000002c                USBD_DCD_INT_fops
 .data          0x20000030       0x10 ..\obj\stm32f4xx_rcc.o
 .data          0x20000040      0x42c ..\obj\printf.o
                0x20000040                r
                0x20000468                _impure_ptr
 .data          0x2000046c        0x4 ..\obj\port.o
 .data          0x20000470        0x4 ..\obj\frequency.o
                0x20000470                exti_base_addr
 .data          0x20000474        0x4 ..\obj\heap_2.o
 .data.__fdlib_version
                0x20000478        0x1 C:\Program Files\GNU Tools ARM Embedded\4.9 2015q2\arm-none-eabi\lib\armv7e-m\fpu\libm.a(lib_a-s_lib_ver.o)
                0x20000478                __fdlib_version
                0x2000047c                . = ALIGN (0x4)
 *fill*         0x20000479        0x3 
                0x2000047c                PROVIDE (__preinit_array_start, .)
 *(.preinit_array)
                0x2000047c                PROVIDE (__preinit_array_end, .)
                0x2000047c                . = ALIGN (0x4)
                0x2000047c                PROVIDE (__init_array_start, .)
 *(SORT(.init_array.*))
 *(.init_array)
                0x2000047c                PROVIDE (__init_array_end, .)
                0x2000047c                . = ALIGN (0x4)
                0x2000047c                PROVIDE (__fini_array_start, .)
 *(SORT(.fini_array.*))
 *(.fini_array)
                0x2000047c                PROVIDE (__fini_array_end, .)
 *(.jcr*)
                0x2000047c                . = ALIGN (0x4)
                0x2000047c                __data_end__ = .
                0x2000047c                _edata = __data_end__

.igot.plt       0x2000047c        0x0 load address 0x08009eb0
 .igot.plt      0x00000000        0x0 ..\obj\arm_mat_inverse_f32.o

.bss            0x20000480     0x4a04 load address 0x08009eb8
                0x20000480                . = ALIGN (0x4)
                0x20000480                __bss_start__ = .
                0x20000480                _sbss = __bss_start__
 *(.bss*)
 .bss           0x20000480       0x48 ..\obj\sdio_sd.o
                0x200004b8                StopCondition
                0x200004bc                TransferError
                0x200004c0                TransferEnd
                0x200004c4                DMAEndOfTransfer
 .bss           0x200004c8       0x38 ..\obj\timers.o
 .bss           0x20000500      0x100 ..\obj\tasks.o
                0x20000500                pxCurrentTCB
 .bss           0x20000600        0xc ..\obj\porttimer.o
 .bss           0x2000060c        0xd ..\obj\usbd_req.o
                0x2000060c                USBD_ep_status
                0x20000610                USBD_default_cfg
                0x20000614                USBD_cfg_status
 *fill*         0x20000619        0x3 
 .bss           0x2000061c        0x8 ..\obj\port.o
 .bss           0x20000624       0x14 ..\obj\portserial.o
 .bss           0x20000638        0x8 ..\obj\frequency.o
                0x20000638                reload_counter
 .bss           0x20000640     0x4014 ..\obj\heap_2.o
 *(COMMON)
 COMMON         0x20004654        0x6 ..\obj\mbport.o
                0x20004654                my_counter
                0x20004658                fl_led
 *fill*         0x2000465a        0x2 
 COMMON         0x2000465c       0x58 ..\obj\watchdog.o
                0x2000465c                task_watches
 COMMON         0x200046b4        0x4 ..\obj\fram_i2c.o
                0x200046b4                xI2CBusMutex
 COMMON         0x200046b8       0x40 ..\obj\queue.o
                0x200046b8                xQueueRegistry
 COMMON         0x200046f8      0x5f4 ..\obj\portserial.o
                0x200046f8                temp_char
                0x200046fc                USB_OTG_dev
 COMMON         0x20004cec        0x4 ..\obj\ADS1220.o
                0x20004cec                xADC_SPI_Mutex
 COMMON         0x20004cf0       0x30 ..\obj\frequency.o
                0x20004cf0                line_1_event
                0x20004cf8                Line2_ImpulseCounter
                0x20004d08                line_2_event
                0x20004d10                Line1_ImpulseCounter
 COMMON         0x20004d20      0x164 ..\obj\controller.o
                0x20004d20                stSettings
                0x20004e04                xMeasureDataMutex
                0x20004e08                stMeasureData
                0x20004e80                xSettingsMutex
                0x20004e84                . = ALIGN (0x4)
                0x20004e84                __bss_end__ = .
                0x20004e84                _ebss = __bss_end__

.heap           0x20004e84        0x0
                0x20004e84                __end__ = .
                0x20004e84                _end = __end__
                0x20004e84                end = __end__
 *(.heap*)
                0x20004e84                __HeapLimit = .

.co_stack       0x20004e84      0x804 load address 0x0800e8bc
                0x20004e88                . = ALIGN (0x8)
 *fill*         0x20004e84        0x4 
 *(.co_stack .co_stack.*)
 .co_stack      0x20004e88      0x800 ..\obj\startup_stm32f4xx.o
                0x20004e88                pulStack
                0x20020000                __StackTop = (ORIGIN (ram) + 0x20000)
                0x2001f7fc                __StackLimit = (__StackTop - SIZEOF (.co_stack))
                0x20020000                PROVIDE (__stack, __StackTop)
                0x00000001                ASSERT ((__StackLimit >= __HeapLimit), region ram  overflowed with stack)
LOAD C:\Program Files\GNU Tools ARM Embedded\4.9 2015q2\arm-none-eabi\lib\armv7e-m\fpu\libc.a
LOAD ..\obj\arm_mat_inverse_f32.o
LOAD ..\obj\arm_bitreversal2.o
LOAD ..\obj\arm_cfft_radix2_q31.o
LOAD ..\obj\arm_add_q7.o
LOAD ..\obj\arm_scale_q7.o
LOAD ..\obj\arm_mat_add_f32.o
LOAD ..\obj\stm32f4xx_syscfg.o
LOAD ..\obj\usb_core.o
LOAD ..\obj\low_level_sdio.o
LOAD ..\obj\arm_q31_to_float.o
LOAD ..\obj\arm_cfft_radix4_q15.o
LOAD ..\obj\arm_pid_init_q31.o
LOAD ..\obj\arm_float_to_q7.o
LOAD ..\obj\arm_q31_to_q7.o
LOAD ..\obj\mbport.o
LOAD ..\obj\calc.o
LOAD ..\obj\arm_conv_partial_opt_q15.o
LOAD ..\obj\mb.o
LOAD ..\obj\stm32f4xx_sdio.o
LOAD ..\obj\arm_mat_cmplx_mult_q15.o
LOAD ..\obj\arm_biquad_cascade_df1_q15.o
LOAD ..\obj\arm_cmplx_dot_prod_q15.o
LOAD ..\obj\arm_fir_decimate_fast_q15.o
LOAD ..\obj\arm_cfft_radix4_f32.o
LOAD ..\obj\arm_sin_cos_q31.o
LOAD ..\obj\protocol.o
LOAD ..\obj\arm_scale_q31.o
LOAD ..\obj\mbfuncdisc.o
LOAD ..\obj\arm_fir_sparse_init_q31.o
LOAD ..\obj\arm_rfft_q15.o
LOAD ..\obj\arm_correlate_q7.o
LOAD ..\obj\arm_mat_cmplx_mult_f32.o
LOAD ..\obj\arm_biquad_cascade_df1_f32.o
LOAD ..\obj\arm_cmplx_dot_prod_f32.o
LOAD ..\obj\arm_conv_partial_opt_q7.o
LOAD ..\obj\arm_cmplx_mult_real_q31.o
LOAD ..\obj\arm_q15_to_q31.o
LOAD ..\obj\arm_abs_q7.o
LOAD ..\obj\usbd_usr.o
LOAD ..\obj\portevent.o
LOAD ..\obj\arm_common_tables.o
LOAD ..\obj\arm_fill_q31.o
LOAD ..\obj\arm_rfft_f32.o
LOAD ..\obj\arm_q7_to_q15.o
LOAD ..\obj\arm_conv_q7.o
LOAD ..\obj\mbfuncother.o
LOAD ..\obj\arm_sin_q31.o
LOAD ..\obj\arm_fir_sparse_q15.o
LOAD ..\obj\arm_dot_prod_q15.o
LOAD ..\obj\arm_q15_to_float.o
LOAD ..\obj\stm32f4xx_usart.o
LOAD ..\obj\arm_correlate_fast_q15.o
LOAD ..\obj\arm_cfft_q15.o
LOAD ..\obj\arm_biquad_cascade_df2T_init_f32.o
LOAD ..\obj\arm_lms_init_q15.o
LOAD ..\obj\stm32f4xx_pwr.o
LOAD ..\obj\arm_correlate_q31.o
LOAD ..\obj\rtc.o
LOAD ..\obj\sdio_sd.o
LOAD ..\obj\arm_fir_sparse_f32.o
LOAD ..\obj\arm_max_q31.o
LOAD ..\obj\arm_conv_partial_q15.o
LOAD ..\obj\arm_biquad_cascade_df1_32x64_q31.o
LOAD ..\obj\arm_conv_fast_opt_q15.o
LOAD ..\obj\arm_dot_prod_f32.o
LOAD ..\obj\arm_dct4_init_q15.o
LOAD ..\obj\arm_cfft_radix4_init_q31.o
LOAD ..\obj\arm_cfft_f32.o
LOAD ..\obj\arm_lms_init_f32.o
LOAD ..\obj\arm_rms_q15.o
LOAD ..\obj\arm_conv_partial_f32.o
LOAD ..\obj\arm_dct4_init_f32.o
LOAD ..\obj\arm_mat_mult_q31.o
LOAD ..\obj\arm_fir_interpolate_init_q31.o
LOAD ..\obj\arm_iir_lattice_init_q15.o
LOAD ..\obj\arm_fill_q7.o
LOAD ..\obj\arm_shift_q31.o
LOAD ..\obj\mbfuncinput_m.o
LOAD ..\obj\arm_mult_q31.o
LOAD ..\obj\arm_fir_lattice_q15.o
LOAD ..\obj\mbutils.o
LOAD ..\obj\arm_rms_f32.o
LOAD ..\obj\arm_biquad_cascade_df1_init_q15.o
LOAD ..\obj\arm_std_q15.o
LOAD ..\obj\arm_iir_lattice_init_f32.o
LOAD ..\obj\arm_mat_add_q31.o
LOAD ..\obj\arm_abs_q15.o
LOAD ..\obj\arm_fir_sparse_q7.o
LOAD ..\obj\arm_fir_lattice_f32.o
LOAD ..\obj\arm_negate_q7.o
LOAD ..\obj\arm_sub_q15.o
LOAD ..\obj\diskio.o
LOAD ..\obj\arm_biquad_cascade_df1_init_f32.o
LOAD ..\obj\arm_std_f32.o
LOAD ..\obj\startup_stm32f4xx.o
LOAD ..\obj\arm_mat_init_q15.o
LOAD ..\obj\arm_abs_f32.o
LOAD ..\obj\arm_conv_q15.o
LOAD ..\obj\arm_fir_lattice_init_q15.o
LOAD ..\obj\arm_sub_f32.o
LOAD ..\obj\arm_cfft_radix4_q31.o
LOAD ..\obj\arm_q15_to_q7.o
LOAD ..\obj\arm_mat_init_f32.o
LOAD ..\obj\stm32f4xx_iwdg.o
LOAD ..\obj\arm_conv_f32.o
LOAD ..\obj\arm_fir_lattice_init_f32.o
LOAD ..\obj\arm_mat_cmplx_mult_q31.o
LOAD ..\obj\arm_biquad_cascade_df1_q31.o
LOAD ..\obj\arm_cmplx_dot_prod_q31.o
LOAD ..\obj\arm_fir_decimate_fast_q31.o
LOAD ..\obj\arm_conv_partial_fast_q15.o
LOAD ..\obj\arm_rfft_init_q15.o
LOAD ..\obj\arm_min_q15.o
LOAD ..\obj\mbfuncholding.o
LOAD ..\obj\arm_q7_to_float.o
LOAD ..\obj\usbd_core.o
LOAD ..\obj\arm_correlate_fast_opt_q15.o
LOAD ..\obj\main.o
LOAD ..\obj\arm_conv_opt_q15.o
LOAD ..\obj\mbcrc.o
LOAD ..\obj\arm_rfft_q31.o
LOAD ..\obj\arm_fir_q7.o
LOAD ..\obj\stm32f4xx_rcc.o
LOAD ..\obj\arm_cfft_radix2_init_q15.o
LOAD ..\obj\arm_rfft_init_f32.o
LOAD ..\obj\arm_min_f32.o
LOAD ..\obj\arm_fir_sparse_init_q7.o
LOAD ..\obj\arm_q7_to_q31.o
LOAD ..\obj\mbfuncfile.o
LOAD ..\obj\arm_cfft_radix2_init_f32.o
LOAD ..\obj\arm_dct4_q15.o
LOAD ..\obj\timers.o
LOAD ..\obj\arm_fir_sparse_q31.o
LOAD ..\obj\arm_fir_init_q15.o
LOAD ..\obj\arm_dot_prod_q31.o
LOAD ..\obj\log.o
LOAD ..\obj\arm_correlate_fast_q31.o
LOAD ..\obj\arm_cmplx_conj_q15.o
LOAD ..\obj\mbrtu_m.o
LOAD ..\obj\arm_cfft_q31.o
LOAD ..\obj\arm_dct4_f32.o
LOAD ..\obj\arm_lms_init_q31.o
LOAD ..\obj\arm_iir_lattice_q15.o
LOAD ..\obj\mbfuncinput.o
LOAD ..\obj\printf.o
LOAD ..\obj\arm_fir_init_f32.o
LOAD ..\obj\arm_conv_partial_q31.o
LOAD ..\obj\arm_dct4_init_q31.o
LOAD ..\obj\arm_rfft_fast_f32.o
LOAD ..\obj\arm_cmplx_conj_f32.o
LOAD ..\obj\arm_power_q15.o
LOAD ..\obj\arm_rms_q31.o
LOAD ..\obj\watchdog.o
LOAD ..\obj\arm_iir_lattice_f32.o
LOAD ..\obj\arm_shift_q7.o
LOAD ..\obj\mbfuncdiag.o
LOAD ..\obj\arm_iir_lattice_init_q31.o
LOAD ..\obj\arm_fir_fast_q15.o
LOAD ..\obj\arm_fir_lattice_q31.o
LOAD ..\obj\arm_power_f32.o
LOAD ..\obj\arm_lms_norm_q15.o
LOAD ..\obj\arm_biquad_cascade_df1_init_q31.o
LOAD ..\obj\arm_cmplx_mag_q15.o
LOAD ..\obj\arm_std_q31.o
LOAD ..\obj\tasks.o
LOAD ..\obj\arm_fir_decimate_q15.o
LOAD ..\obj\arm_biquad_cascade_stereo_df2T_init_f32.o
LOAD ..\obj\arm_abs_q31.o
LOAD ..\obj\arm_copy_q15.o
LOAD ..\obj\arm_pid_reset_q15.o
LOAD ..\obj\arm_sub_q31.o
LOAD ..\obj\arm_lms_norm_f32.o
LOAD ..\obj\arm_cmplx_mag_f32.o
LOAD ..\obj\usbd_desc.o
LOAD ..\obj\arm_fir_decimate_f32.o
LOAD ..\obj\arm_mat_init_q31.o
LOAD ..\obj\arm_cmplx_mag_squared_q15.o
LOAD ..\obj\arm_conv_q31.o
LOAD ..\obj\arm_pid_reset_f32.o
LOAD ..\obj\arm_copy_f32.o
LOAD ..\obj\arm_conv_partial_fast_opt_q15.o
LOAD ..\obj\arm_fir_lattice_init_q31.o
LOAD ..\obj\arm_fir_q15.o
LOAD ..\obj\arm_rfft_fast_init_f32.o
LOAD ..\obj\arm_add_q15.o
LOAD ..\obj\arm_fir_interpolate_q15.o
LOAD ..\obj\arm_cmplx_mag_squared_f32.o
LOAD ..\obj\arm_biquad_cascade_df2T_f64.o
LOAD ..\obj\arm_fir_f32.o
LOAD ..\obj\arm_add_f32.o
LOAD ..\obj\arm_conv_partial_fast_q31.o
LOAD ..\obj\arm_rfft_init_q31.o
LOAD ..\obj\arm_min_q31.o
LOAD ..\obj\fram_i2c.o
LOAD ..\obj\arm_fir_interpolate_f32.o
LOAD ..\obj\arm_conv_partial_q7.o
LOAD ..\obj\arm_fir_init_q7.o
LOAD ..\obj\arm_lms_norm_init_q15.o
LOAD ..\obj\arm_mean_q15.o
LOAD ..\obj\arm_cfft_radix2_init_q31.o
LOAD ..\obj\stm32f4xx_gpio.o
LOAD ..\obj\porttimer.o
LOAD ..\obj\arm_biquad_cascade_df1_32x64_init_q31.o
LOAD ..\obj\usbd_cdc_vcp.o
LOAD ..\obj\arm_fir_decimate_init_q15.o
LOAD ..\obj\arm_cfft_radix8_f32.o
LOAD ..\obj\arm_float_to_q15.o
LOAD ..\obj\arm_lms_norm_init_f32.o
LOAD ..\obj\list.o
LOAD ..\obj\mbrtu.o
LOAD ..\obj\arm_mean_f32.o
LOAD ..\obj\arm_dct4_q31.o
LOAD ..\obj\arm_cos_q15.o
LOAD ..\obj\system_stm32f4xx.o
LOAD ..\obj\syscalls.o
LOAD ..\obj\arm_lms_q15.o
LOAD ..\obj\arm_biquad_cascade_df1_fast_q15.o
LOAD ..\obj\arm_negate_q15.o
LOAD ..\obj\arm_fir_init_q31.o
LOAD ..\obj\stm32f4xx_dma.o
LOAD ..\obj\arm_sqrt_q15.o
LOAD ..\obj\arm_fir_decimate_init_f32.o
LOAD ..\obj\arm_var_q15.o
LOAD ..\obj\arm_cmplx_conj_q31.o
LOAD ..\obj\arm_mat_sub_q15.o
LOAD ..\obj\arm_offset_q15.o
LOAD ..\obj\arm_mat_trans_q15.o
LOAD ..\obj\arm_cos_f32.o
LOAD ..\obj\arm_iir_lattice_q31.o
LOAD ..\obj\arm_lms_f32.o
LOAD ..\obj\usb_bsp.o
LOAD ..\obj\arm_negate_f32.o
LOAD ..\obj\arm_mat_inverse_f64.o
LOAD ..\obj\arm_cmplx_mult_cmplx_q15.o
LOAD ..\obj\usbd_req.o
LOAD ..\obj\arm_mat_mult_fast_q15.o
LOAD ..\obj\arm_conv_fast_q15.o
LOAD ..\obj\arm_var_f32.o
LOAD ..\obj\port.o
LOAD ..\obj\queue.o
LOAD ..\obj\arm_mat_scale_q15.o
LOAD ..\obj\arm_mat_sub_f32.o
LOAD ..\obj\arm_offset_f32.o
LOAD ..\obj\arm_mat_trans_f32.o
LOAD ..\obj\usb_dcd_int.o
LOAD ..\obj\arm_power_q31.o
LOAD ..\obj\arm_power_q7.o
LOAD ..\obj\arm_biquad_cascade_stereo_df2T_f32.o
LOAD ..\obj\portserial.o
LOAD ..\obj\arm_cmplx_mult_cmplx_f32.o
LOAD ..\obj\arm_fir_fast_q31.o
LOAD ..\obj\arm_cfft_radix2_q15.o
LOAD ..\obj\arm_mat_scale_f32.o
LOAD ..\obj\usbd_cdc_core.o
LOAD ..\obj\ff.o
LOAD ..\obj\arm_lms_norm_q31.o
LOAD ..\obj\arm_cmplx_mag_q31.o
LOAD ..\obj\croutine.o
LOAD ..\obj\arm_offset_q7.o
LOAD ..\obj\arm_fir_decimate_q31.o
LOAD ..\obj\arm_pid_init_q15.o
LOAD ..\obj\arm_pid_reset_q31.o
LOAD ..\obj\arm_copy_q31.o
LOAD ..\obj\arm_cfft_radix2_f32.o
LOAD ..\obj\arm_correlate_opt_q15.o
LOAD ..\obj\stm32f4xx_spi.o
LOAD ..\obj\arm_conv_opt_q7.o
LOAD ..\obj\mbfunccoils.o
LOAD ..\obj\event_groups.o
LOAD ..\obj\ADS1220.o
LOAD ..\obj\arm_pid_init_f32.o
LOAD ..\obj\frequency.o
LOAD ..\obj\stm32f4xx_i2c.o
LOAD ..\obj\arm_cmplx_mag_squared_q31.o
LOAD ..\obj\arm_scale_q15.o
LOAD ..\obj\arm_fir_q31.o
LOAD ..\obj\arm_mult_q7.o
LOAD ..\obj\arm_add_q31.o
LOAD ..\obj\stm32f4xx_exti.o
LOAD ..\obj\arm_fir_sparse_init_q15.o
LOAD ..\obj\arm_fir_interpolate_q31.o
LOAD ..\obj\misc.o
LOAD ..\obj\arm_cmplx_mult_real_q15.o
LOAD ..\obj\arm_sin_cos_f32.o
LOAD ..\obj\usb_dcd.o
LOAD ..\obj\arm_scale_f32.o
LOAD ..\obj\arm_max_q7.o
LOAD ..\obj\arm_min_q7.o
LOAD ..\obj\arm_fill_q15.o
LOAD ..\obj\arm_fir_sparse_init_f32.o
LOAD ..\obj\arm_biquad_cascade_df2T_init_f64.o
LOAD ..\obj\arm_sin_q15.o
LOAD ..\obj\arm_cmplx_mult_real_f32.o
LOAD ..\obj\arm_lms_norm_init_q31.o
LOAD ..\obj\arm_biquad_cascade_df2T_f32.o
LOAD ..\obj\arm_mean_q31.o
LOAD ..\obj\arm_fill_f32.o
LOAD ..\obj\arm_const_structs.o
LOAD ..\obj\arm_q31_to_q15.o
LOAD ..\obj\arm_fir_decimate_init_q31.o
LOAD ..\obj\arm_sin_f32.o
LOAD ..\obj\arm_correlate_q15.o
LOAD ..\obj\arm_float_to_q31.o
LOAD ..\obj\arm_max_q15.o
LOAD ..\obj\arm_mean_q7.o
LOAD ..\obj\stm32f4xx_rtc.o
LOAD ..\obj\usbd_ioreq.o
LOAD ..\obj\arm_cos_q31.o
LOAD ..\obj\arm_cfft_radix4_init_q15.o
LOAD ..\obj\arm_lms_q31.o
LOAD ..\obj\arm_biquad_cascade_df1_fast_q31.o
LOAD ..\obj\arm_negate_q31.o
LOAD ..\obj\arm_sqrt_q31.o
LOAD ..\obj\arm_bitreversal.o
LOAD ..\obj\arm_dot_prod_q7.o
LOAD ..\obj\arm_correlate_f32.o
LOAD ..\obj\arm_max_f32.o
LOAD ..\obj\heap_2.o
LOAD ..\obj\controller.o
LOAD ..\obj\arm_var_q31.o
LOAD ..\obj\arm_mat_mult_q15.o
LOAD ..\obj\arm_fir_interpolate_init_q15.o
LOAD ..\obj\arm_mat_sub_q31.o
LOAD ..\obj\arm_offset_q31.o
LOAD ..\obj\arm_mat_trans_q31.o
LOAD ..\obj\arm_shift_q15.o
LOAD ..\obj\arm_cfft_radix4_init_f32.o
LOAD ..\obj\arm_copy_q7.o
LOAD ..\obj\stm32f4xx_tim.o
LOAD ..\obj\arm_mult_q15.o
LOAD ..\obj\arm_sub_q7.o
LOAD ..\obj\arm_correlate_opt_q7.o
LOAD ..\obj\arm_cmplx_mult_cmplx_q31.o
LOAD ..\obj\arm_mat_mult_fast_q31.o
LOAD ..\obj\arm_conv_fast_q31.o
LOAD ..\obj\power_detector.o
LOAD ..\obj\arm_mat_scale_q31.o
LOAD ..\obj\arm_mat_mult_f32.o
LOAD ..\obj\arm_fir_interpolate_init_f32.o
LOAD ..\obj\arm_mat_add_q15.o
LOAD ..\obj\arm_mult_f32.o
LOAD C:\Program Files\GNU Tools ARM Embedded\4.9 2015q2\arm-none-eabi\lib\armv7e-m\fpu\libc.a
LOAD C:\Program Files\GNU Tools ARM Embedded\4.9 2015q2\arm-none-eabi\lib\armv7e-m\fpu\libm.a
LOAD C:\Program Files\GNU Tools ARM Embedded\4.9 2015q2\arm-none-eabi\lib\armv7e-m\fpu\libg.a
START GROUP
LOAD c:/program files/gnu tools arm embedded/4.9 2015q2/bin/../lib/gcc/arm-none-eabi/4.9.3/armv7e-m/fpu\libgcc.a
LOAD C:\Program Files\GNU Tools ARM Embedded\4.9 2015q2\arm-none-eabi\lib\armv7e-m\fpu\libg.a
LOAD C:\Program Files\GNU Tools ARM Embedded\4.9 2015q2\arm-none-eabi\lib\armv7e-m\fpu\libc.a
END GROUP
OUTPUT(IMS_CONTROLLER.elf elf32-littlearm)

.debug_info     0x00000000    0x1e281
 .debug_info    0x00000000      0x26c ..\obj\stm32f4xx_syscfg.o
 .debug_info    0x0000026c     0x251b ..\obj\usb_core.o
 .debug_info    0x00002787      0xeaa ..\obj\mbport.o
 .debug_info    0x00003631      0x56d ..\obj\calc.o
 .debug_info    0x00003b9e      0x7f5 ..\obj\stm32f4xx_sdio.o
 .debug_info    0x00004393      0x9c2 ..\obj\stm32f4xx_usart.o
 .debug_info    0x00004d55     0x12d8 ..\obj\sdio_sd.o
 .debug_info    0x0000602d      0x971 ..\obj\diskio.o
 .debug_info    0x0000699e       0xed ..\obj\startup_stm32f4xx.o
 .debug_info    0x00006a8b      0xe95 ..\obj\usbd_core.o
 .debug_info    0x00007920      0x1aa ..\obj\main.o
 .debug_info    0x00007aca      0x153 ..\obj\mbcrc.o
 .debug_info    0x00007c1d      0xc4d ..\obj\stm32f4xx_rcc.o
 .debug_info    0x0000886a      0xa05 ..\obj\timers.o
 .debug_info    0x0000926f      0xe38 ..\obj\printf.o
 .debug_info    0x0000a0a7      0x207 ..\obj\watchdog.o
 .debug_info    0x0000a2ae     0x1d05 ..\obj\tasks.o
 .debug_info    0x0000bfb3      0x749 ..\obj\fram_i2c.o
 .debug_info    0x0000c6fc      0x602 ..\obj\stm32f4xx_gpio.o
 .debug_info    0x0000ccfe      0xe02 ..\obj\porttimer.o
 .debug_info    0x0000db00      0x299 ..\obj\list.o
 .debug_info    0x0000dd99      0x592 ..\obj\system_stm32f4xx.o
 .debug_info    0x0000e32b      0x739 ..\obj\stm32f4xx_dma.o
 .debug_info    0x0000ea64      0xfde ..\obj\usb_bsp.o
 .debug_info    0x0000fa42      0xf9b ..\obj\usbd_req.o
 .debug_info    0x000109dd      0x520 ..\obj\port.o
 .debug_info    0x00010efd     0x1264 ..\obj\queue.o
 .debug_info    0x00012161     0x1d86 ..\obj\usb_dcd_int.o
 .debug_info    0x00013ee7     0x1bde ..\obj\portserial.o
 .debug_info    0x00015ac5      0xb07 ..\obj\stm32f4xx_spi.o
 .debug_info    0x000165cc      0x8dd ..\obj\ADS1220.o
 .debug_info    0x00016ea9      0xa3e ..\obj\frequency.o
 .debug_info    0x000178e7      0xaf4 ..\obj\stm32f4xx_i2c.o
 .debug_info    0x000183db      0x347 ..\obj\stm32f4xx_exti.o
 .debug_info    0x00018722      0x53d ..\obj\misc.o
 .debug_info    0x00018c5f     0x101d ..\obj\usb_dcd.o
 .debug_info    0x00019c7c     0x10df ..\obj\stm32f4xx_rtc.o
 .debug_info    0x0001ad5b      0xcb7 ..\obj\usbd_ioreq.o
 .debug_info    0x0001ba12      0x2ed ..\obj\heap_2.o
 .debug_info    0x0001bcff      0x2f1 ..\obj\controller.o
 .debug_info    0x0001bff0     0x1c61 ..\obj\stm32f4xx_tim.o
 .debug_info    0x0001dc51      0x630 ..\obj\power_detector.o

.debug_abbrev   0x00000000     0x46dd
 .debug_abbrev  0x00000000      0x131 ..\obj\stm32f4xx_syscfg.o
 .debug_abbrev  0x00000131      0x2e7 ..\obj\usb_core.o
 .debug_abbrev  0x00000418      0x1cb ..\obj\mbport.o
 .debug_abbrev  0x000005e3      0x17d ..\obj\calc.o
 .debug_abbrev  0x00000760      0x177 ..\obj\stm32f4xx_sdio.o
 .debug_abbrev  0x000008d7      0x155 ..\obj\stm32f4xx_usart.o
 .debug_abbrev  0x00000a2c      0x1e9 ..\obj\sdio_sd.o
 .debug_abbrev  0x00000c15      0x1d2 ..\obj\diskio.o
 .debug_abbrev  0x00000de7       0xb0 ..\obj\startup_stm32f4xx.o
 .debug_abbrev  0x00000e97      0x21d ..\obj\usbd_core.o
 .debug_abbrev  0x000010b4       0xf2 ..\obj\main.o
 .debug_abbrev  0x000011a6       0x91 ..\obj\mbcrc.o
 .debug_abbrev  0x00001237      0x1e3 ..\obj\stm32f4xx_rcc.o
 .debug_abbrev  0x0000141a      0x1da ..\obj\timers.o
 .debug_abbrev  0x000015f4      0x27e ..\obj\printf.o
 .debug_abbrev  0x00001872      0x12d ..\obj\watchdog.o
 .debug_abbrev  0x0000199f      0x28d ..\obj\tasks.o
 .debug_abbrev  0x00001c2c      0x1eb ..\obj\fram_i2c.o
 .debug_abbrev  0x00001e17      0x1a3 ..\obj\stm32f4xx_gpio.o
 .debug_abbrev  0x00001fba      0x1cf ..\obj\porttimer.o
 .debug_abbrev  0x00002189       0xbc ..\obj\list.o
 .debug_abbrev  0x00002245      0x136 ..\obj\system_stm32f4xx.o
 .debug_abbrev  0x0000237b      0x155 ..\obj\stm32f4xx_dma.o
 .debug_abbrev  0x000024d0      0x229 ..\obj\usb_bsp.o
 .debug_abbrev  0x000026f9      0x293 ..\obj\usbd_req.o
 .debug_abbrev  0x0000298c      0x1bb ..\obj\port.o
 .debug_abbrev  0x00002b47      0x206 ..\obj\queue.o
 .debug_abbrev  0x00002d4d      0x25b ..\obj\usb_dcd_int.o
 .debug_abbrev  0x00002fa8      0x31b ..\obj\portserial.o
 .debug_abbrev  0x000032c3      0x167 ..\obj\stm32f4xx_spi.o
 .debug_abbrev  0x0000342a      0x1ea ..\obj\ADS1220.o
 .debug_abbrev  0x00003614      0x178 ..\obj\frequency.o
 .debug_abbrev  0x0000378c      0x164 ..\obj\stm32f4xx_i2c.o
 .debug_abbrev  0x000038f0      0x1a5 ..\obj\stm32f4xx_exti.o
 .debug_abbrev  0x00003a95      0x145 ..\obj\misc.o
 .debug_abbrev  0x00003bda      0x259 ..\obj\usb_dcd.o
 .debug_abbrev  0x00003e33      0x1ae ..\obj\stm32f4xx_rtc.o
 .debug_abbrev  0x00003fe1      0x1af ..\obj\usbd_ioreq.o
 .debug_abbrev  0x00004190      0x16c ..\obj\heap_2.o
 .debug_abbrev  0x000042fc       0xee ..\obj\controller.o
 .debug_abbrev  0x000043ea      0x187 ..\obj\stm32f4xx_tim.o
 .debug_abbrev  0x00004571      0x16c ..\obj\power_detector.o

.debug_aranges  0x00000000     0x1af0
 .debug_aranges
                0x00000000       0x48 ..\obj\stm32f4xx_syscfg.o
 .debug_aranges
                0x00000048      0x138 ..\obj\usb_core.o
 .debug_aranges
                0x00000180       0x50 ..\obj\mbport.o
 .debug_aranges
                0x000001d0       0x28 ..\obj\calc.o
 .debug_aranges
                0x000001f8      0x108 ..\obj\stm32f4xx_sdio.o
 .debug_aranges
                0x00000300      0x100 ..\obj\stm32f4xx_usart.o
 .debug_aranges
                0x00000400      0x130 ..\obj\sdio_sd.o
 .debug_aranges
                0x00000530       0x68 ..\obj\diskio.o
 .debug_aranges
                0x00000598       0x28 ..\obj\startup_stm32f4xx.o
 .debug_aranges
                0x000005c0       0x80 ..\obj\usbd_core.o
 .debug_aranges
                0x00000640       0x40 ..\obj\main.o
 .debug_aranges
                0x00000680       0x20 ..\obj\mbcrc.o
 .debug_aranges
                0x000006a0      0x178 ..\obj\stm32f4xx_rcc.o
 .debug_aranges
                0x00000818       0x98 ..\obj\timers.o
 .debug_aranges
                0x000008b0       0xa0 ..\obj\printf.o
 .debug_aranges
                0x00000950       0x38 ..\obj\watchdog.o
 .debug_aranges
                0x00000988      0x1c0 ..\obj\tasks.o
 .debug_aranges
                0x00000b48       0x48 ..\obj\fram_i2c.o
 .debug_aranges
                0x00000b90       0x88 ..\obj\stm32f4xx_gpio.o
 .debug_aranges
                0x00000c18       0x90 ..\obj\porttimer.o
 .debug_aranges
                0x00000ca8       0x40 ..\obj\list.o
 .debug_aranges
                0x00000ce8       0x30 ..\obj\system_stm32f4xx.o
 .debug_aranges
                0x00000d18       0xb0 ..\obj\stm32f4xx_dma.o
 .debug_aranges
                0x00000dc8       0x48 ..\obj\usb_bsp.o
 .debug_aranges
                0x00000e10       0x88 ..\obj\usbd_req.o
 .debug_aranges
                0x00000e98       0x80 ..\obj\port.o
 .debug_aranges
                0x00000f18      0x100 ..\obj\queue.o
 .debug_aranges
                0x00001018       0x80 ..\obj\usb_dcd_int.o
 .debug_aranges
                0x00001098       0xb0 ..\obj\portserial.o
 .debug_aranges
                0x00001148       0xe0 ..\obj\stm32f4xx_spi.o
 .debug_aranges
                0x00001228       0x70 ..\obj\ADS1220.o
 .debug_aranges
                0x00001298       0x60 ..\obj\frequency.o
 .debug_aranges
                0x000012f8      0x120 ..\obj\stm32f4xx_i2c.o
 .debug_aranges
                0x00001418       0x58 ..\obj\stm32f4xx_exti.o
 .debug_aranges
                0x00001470       0x40 ..\obj\misc.o
 .debug_aranges
                0x000014b0       0x80 ..\obj\usb_dcd.o
 .debug_aranges
                0x00001530      0x1e0 ..\obj\stm32f4xx_rtc.o
 .debug_aranges
                0x00001710       0x50 ..\obj\usbd_ioreq.o
 .debug_aranges
                0x00001760       0x40 ..\obj\heap_2.o
 .debug_aranges
                0x000017a0       0x28 ..\obj\controller.o
 .debug_aranges
                0x000017c8      0x2f8 ..\obj\stm32f4xx_tim.o
 .debug_aranges
                0x00001ac0       0x30 ..\obj\power_detector.o

.debug_ranges   0x00000000     0x1850
 .debug_ranges  0x00000000       0x38 ..\obj\stm32f4xx_syscfg.o
 .debug_ranges  0x00000038      0x128 ..\obj\usb_core.o
 .debug_ranges  0x00000160       0x40 ..\obj\mbport.o
 .debug_ranges  0x000001a0       0x18 ..\obj\calc.o
 .debug_ranges  0x000001b8       0xf8 ..\obj\stm32f4xx_sdio.o
 .debug_ranges  0x000002b0       0xf0 ..\obj\stm32f4xx_usart.o
 .debug_ranges  0x000003a0      0x120 ..\obj\sdio_sd.o
 .debug_ranges  0x000004c0       0x58 ..\obj\diskio.o
 .debug_ranges  0x00000518       0x18 ..\obj\startup_stm32f4xx.o
 .debug_ranges  0x00000530       0x70 ..\obj\usbd_core.o
 .debug_ranges  0x000005a0       0x30 ..\obj\main.o
 .debug_ranges  0x000005d0       0x10 ..\obj\mbcrc.o
 .debug_ranges  0x000005e0      0x168 ..\obj\stm32f4xx_rcc.o
 .debug_ranges  0x00000748       0x88 ..\obj\timers.o
 .debug_ranges  0x000007d0       0x90 ..\obj\printf.o
 .debug_ranges  0x00000860       0x28 ..\obj\watchdog.o
 .debug_ranges  0x00000888      0x1b0 ..\obj\tasks.o
 .debug_ranges  0x00000a38       0x38 ..\obj\fram_i2c.o
 .debug_ranges  0x00000a70       0x78 ..\obj\stm32f4xx_gpio.o
 .debug_ranges  0x00000ae8       0x80 ..\obj\porttimer.o
 .debug_ranges  0x00000b68       0x30 ..\obj\list.o
 .debug_ranges  0x00000b98       0x20 ..\obj\system_stm32f4xx.o
 .debug_ranges  0x00000bb8       0xa0 ..\obj\stm32f4xx_dma.o
 .debug_ranges  0x00000c58       0x38 ..\obj\usb_bsp.o
 .debug_ranges  0x00000c90       0x78 ..\obj\usbd_req.o
 .debug_ranges  0x00000d08       0x70 ..\obj\port.o
 .debug_ranges  0x00000d78       0xf0 ..\obj\queue.o
 .debug_ranges  0x00000e68       0x70 ..\obj\usb_dcd_int.o
 .debug_ranges  0x00000ed8       0xa0 ..\obj\portserial.o
 .debug_ranges  0x00000f78       0xd0 ..\obj\stm32f4xx_spi.o
 .debug_ranges  0x00001048       0x60 ..\obj\ADS1220.o
 .debug_ranges  0x000010a8       0x50 ..\obj\frequency.o
 .debug_ranges  0x000010f8      0x110 ..\obj\stm32f4xx_i2c.o
 .debug_ranges  0x00001208       0x48 ..\obj\stm32f4xx_exti.o
 .debug_ranges  0x00001250       0x30 ..\obj\misc.o
 .debug_ranges  0x00001280       0x70 ..\obj\usb_dcd.o
 .debug_ranges  0x000012f0      0x1d0 ..\obj\stm32f4xx_rtc.o
 .debug_ranges  0x000014c0       0x40 ..\obj\usbd_ioreq.o
 .debug_ranges  0x00001500       0x30 ..\obj\heap_2.o
 .debug_ranges  0x00001530       0x18 ..\obj\controller.o
 .debug_ranges  0x00001548      0x2e8 ..\obj\stm32f4xx_tim.o
 .debug_ranges  0x00001830       0x20 ..\obj\power_detector.o

.debug_line     0x00000000     0xbff0
 .debug_line    0x00000000      0x249 ..\obj\stm32f4xx_syscfg.o
 .debug_line    0x00000249      0x6fd ..\obj\usb_core.o
 .debug_line    0x00000946      0x7c2 ..\obj\mbport.o
 .debug_line    0x00001108      0x3ed ..\obj\calc.o
 .debug_line    0x000014f5      0x484 ..\obj\stm32f4xx_sdio.o
 .debug_line    0x00001979      0x4e2 ..\obj\stm32f4xx_usart.o
 .debug_line    0x00001e5b      0x980 ..\obj\sdio_sd.o
 .debug_line    0x000027db      0x368 ..\obj\diskio.o
 .debug_line    0x00002b43       0xb0 ..\obj\startup_stm32f4xx.o
 .debug_line    0x00002bf3      0x31e ..\obj\usbd_core.o
 .debug_line    0x00002f11      0x352 ..\obj\main.o
 .debug_line    0x00003263      0x1a8 ..\obj\mbcrc.o
 .debug_line    0x0000340b      0x5e1 ..\obj\stm32f4xx_rcc.o
 .debug_line    0x000039ec      0x4f7 ..\obj\timers.o
 .debug_line    0x00003ee3      0x374 ..\obj\printf.o
 .debug_line    0x00004257      0x281 ..\obj\watchdog.o
 .debug_line    0x000044d8      0xe26 ..\obj\tasks.o
 .debug_line    0x000052fe      0x51c ..\obj\fram_i2c.o
 .debug_line    0x0000581a      0x383 ..\obj\stm32f4xx_gpio.o
 .debug_line    0x00005b9d      0x489 ..\obj\porttimer.o
 .debug_line    0x00006026      0x28a ..\obj\list.o
 .debug_line    0x000062b0      0x213 ..\obj\system_stm32f4xx.o
 .debug_line    0x000064c3      0x41c ..\obj\stm32f4xx_dma.o
 .debug_line    0x000068df      0x2d4 ..\obj\usb_bsp.o
 .debug_line    0x00006bb3      0x3e0 ..\obj\usbd_req.o
 .debug_line    0x00006f93      0x3b0 ..\obj\port.o
 .debug_line    0x00007343      0xa44 ..\obj\queue.o
 .debug_line    0x00007d87      0x3bc ..\obj\usb_dcd_int.o
 .debug_line    0x00008143      0x640 ..\obj\portserial.o
 .debug_line    0x00008783      0x492 ..\obj\stm32f4xx_spi.o
 .debug_line    0x00008c15      0x55a ..\obj\ADS1220.o
 .debug_line    0x0000916f      0x394 ..\obj\frequency.o
 .debug_line    0x00009503      0x51b ..\obj\stm32f4xx_i2c.o
 .debug_line    0x00009a1e      0x2e5 ..\obj\stm32f4xx_exti.o
 .debug_line    0x00009d03      0x285 ..\obj\misc.o
 .debug_line    0x00009f88      0x348 ..\obj\usb_dcd.o
 .debug_line    0x0000a2d0      0x864 ..\obj\stm32f4xx_rtc.o
 .debug_line    0x0000ab34      0x232 ..\obj\usbd_ioreq.o
 .debug_line    0x0000ad66      0x2d6 ..\obj\heap_2.o
 .debug_line    0x0000b03c      0x261 ..\obj\controller.o
 .debug_line    0x0000b29d      0xaaa ..\obj\stm32f4xx_tim.o
 .debug_line    0x0000bd47      0x2a9 ..\obj\power_detector.o

.debug_str      0x00000000     0x9dfa
 .debug_str     0x00000000      0x2c7 ..\obj\stm32f4xx_syscfg.o
                                0x325 (size before relaxing)
 .debug_str     0x000002c7     0x12a4 ..\obj\usb_core.o
                               0x16b7 (size before relaxing)
 .debug_str     0x0000156b      0x4a3 ..\obj\mbport.o
                                0x69e (size before relaxing)
 .debug_str     0x00001a0e      0x2f8 ..\obj\calc.o
                                0x60a (size before relaxing)
 .debug_str     0x00001d06      0x4aa ..\obj\stm32f4xx_sdio.o
                                0x671 (size before relaxing)
 .debug_str     0x000021b0      0x4c9 ..\obj\stm32f4xx_usart.o
                                0x6c0 (size before relaxing)
 .debug_str     0x00002679      0xb45 ..\obj\sdio_sd.o
                                0xf13 (size before relaxing)
 .debug_str     0x000031be      0x6bd ..\obj\diskio.o
                                0xbd0 (size before relaxing)
 .debug_str     0x0000387b       0xbe ..\obj\startup_stm32f4xx.o
                                0x178 (size before relaxing)
 .debug_str     0x00003939      0x196 ..\obj\usbd_core.o
                                0xafc (size before relaxing)
 .debug_str     0x00003acf       0xdd ..\obj\main.o
                                0x27d (size before relaxing)
 .debug_str     0x00003bac       0x86 ..\obj\mbcrc.o
                                0x1f5 (size before relaxing)
 .debug_str     0x00003c32      0x5eb ..\obj\stm32f4xx_rcc.o
                                0x881 (size before relaxing)
 .debug_str     0x0000421d      0x4d1 ..\obj\timers.o
                                0x6c6 (size before relaxing)
 .debug_str     0x000046ee      0x50a ..\obj\printf.o
                                0x6a7 (size before relaxing)
 .debug_str     0x00004bf8       0xd5 ..\obj\watchdog.o
                                0x29d (size before relaxing)
 .debug_str     0x00004ccd      0xc21 ..\obj\tasks.o
                                0xf27 (size before relaxing)
 .debug_str     0x000058ee      0x1c5 ..\obj\fram_i2c.o
                                0x664 (size before relaxing)
 .debug_str     0x00005ab3      0x1a6 ..\obj\stm32f4xx_gpio.o
                                0x4d4 (size before relaxing)
 .debug_str     0x00005c59      0x877 ..\obj\porttimer.o
                               0x1006 (size before relaxing)
 .debug_str     0x000064d0       0xe1 ..\obj\list.o
                                0x2d8 (size before relaxing)
 .debug_str     0x000065b1       0xc2 ..\obj\system_stm32f4xx.o
                                0x3db (size before relaxing)
 .debug_str     0x00006673      0x35b ..\obj\stm32f4xx_dma.o
                                0x573 (size before relaxing)
 .debug_str     0x000069ce       0xdf ..\obj\usb_bsp.o
                               0x1103 (size before relaxing)
 .debug_str     0x00006aad      0x189 ..\obj\usbd_req.o
                                0xb27 (size before relaxing)
 .debug_str     0x00006c36      0x22a ..\obj\port.o
                                0x43b (size before relaxing)
 .debug_str     0x00006e60      0x49f ..\obj\queue.o
                                0x800 (size before relaxing)
 .debug_str     0x000072ff      0x292 ..\obj\usb_dcd_int.o
                               0x12b5 (size before relaxing)
 .debug_str     0x00007591      0x21e ..\obj\portserial.o
                               0x199d (size before relaxing)
 .debug_str     0x000077af      0x3a7 ..\obj\stm32f4xx_spi.o
                                0x6bb (size before relaxing)
 .debug_str     0x00007b56      0x1da ..\obj\ADS1220.o
                                0x8d8 (size before relaxing)
 .debug_str     0x00007d30      0x384 ..\obj\frequency.o
                                0xdc6 (size before relaxing)
 .debug_str     0x000080b4      0x345 ..\obj\stm32f4xx_i2c.o
                                0x696 (size before relaxing)
 .debug_str     0x000083f9      0x10e ..\obj\stm32f4xx_exti.o
                                0x38a (size before relaxing)
 .debug_str     0x00008507      0x139 ..\obj\misc.o
                                0x3ff (size before relaxing)
 .debug_str     0x00008640      0x110 ..\obj\usb_dcd.o
                                0xb57 (size before relaxing)
 .debug_str     0x00008750      0x900 ..\obj\stm32f4xx_rtc.o
                                0xb79 (size before relaxing)
 .debug_str     0x00009050       0xd2 ..\obj\usbd_ioreq.o
                                0x9e6 (size before relaxing)
 .debug_str     0x00009122      0x192 ..\obj\heap_2.o
                                0x340 (size before relaxing)
 .debug_str     0x000092b4       0x7c ..\obj\controller.o
                                0x3be (size before relaxing)
 .debug_str     0x00009330      0xa3a ..\obj\stm32f4xx_tim.o
                                0xe01 (size before relaxing)
 .debug_str     0x00009d6a       0x90 ..\obj\power_detector.o
                                0x8fe (size before relaxing)

.comment        0x00000000       0x70
 .comment       0x00000000       0x70 ..\obj\stm32f4xx_syscfg.o
                                 0x71 (size before relaxing)
 .comment       0x00000000       0x71 ..\obj\usb_core.o
 .comment       0x00000000       0x71 ..\obj\mbport.o
 .comment       0x00000000       0x71 ..\obj\calc.o
 .comment       0x00000000       0x71 ..\obj\stm32f4xx_sdio.o
 .comment       0x00000000       0x71 ..\obj\stm32f4xx_usart.o
 .comment       0x00000000       0x71 ..\obj\sdio_sd.o
 .comment       0x00000000       0x71 ..\obj\diskio.o
 .comment       0x00000000       0x71 ..\obj\startup_stm32f4xx.o
 .comment       0x00000000       0x71 ..\obj\usbd_core.o
 .comment       0x00000000       0x71 ..\obj\main.o
 .comment       0x00000000       0x71 ..\obj\mbcrc.o
 .comment       0x00000000       0x71 ..\obj\stm32f4xx_rcc.o
 .comment       0x00000000       0x71 ..\obj\timers.o
 .comment       0x00000000       0x71 ..\obj\printf.o
 .comment       0x00000000       0x71 ..\obj\watchdog.o
 .comment       0x00000000       0x71 ..\obj\tasks.o
 .comment       0x00000000       0x71 ..\obj\fram_i2c.o
 .comment       0x00000000       0x71 ..\obj\stm32f4xx_gpio.o
 .comment       0x00000000       0x71 ..\obj\porttimer.o
 .comment       0x00000000       0x71 ..\obj\list.o
 .comment       0x00000000       0x71 ..\obj\system_stm32f4xx.o
 .comment       0x00000000       0x71 ..\obj\stm32f4xx_dma.o
 .comment       0x00000000       0x71 ..\obj\usb_bsp.o
 .comment       0x00000000       0x71 ..\obj\usbd_req.o
 .comment       0x00000000       0x71 ..\obj\port.o
 .comment       0x00000000       0x71 ..\obj\queue.o
 .comment       0x00000000       0x71 ..\obj\usb_dcd_int.o
 .comment       0x00000000       0x71 ..\obj\portserial.o
 .comment       0x00000000       0x71 ..\obj\stm32f4xx_spi.o
 .comment       0x00000000       0x71 ..\obj\ADS1220.o
 .comment       0x00000000       0x71 ..\obj\frequency.o
 .comment       0x00000000       0x71 ..\obj\stm32f4xx_i2c.o
 .comment       0x00000000       0x71 ..\obj\stm32f4xx_exti.o
 .comment       0x00000000       0x71 ..\obj\misc.o
 .comment       0x00000000       0x71 ..\obj\usb_dcd.o
 .comment       0x00000000       0x71 ..\obj\stm32f4xx_rtc.o
 .comment       0x00000000       0x71 ..\obj\usbd_ioreq.o
 .comment       0x00000000       0x71 ..\obj\heap_2.o
 .comment       0x00000000       0x71 ..\obj\controller.o
 .comment       0x00000000       0x71 ..\obj\stm32f4xx_tim.o
 .comment       0x00000000       0x71 ..\obj\power_detector.o

.ARM.attributes
                0x00000000       0x37
 .ARM.attributes
                0x00000000       0x39 ..\obj\stm32f4xx_syscfg.o
 .ARM.attributes
                0x00000039       0x39 ..\obj\usb_core.o
 .ARM.attributes
                0x00000072       0x39 ..\obj\mbport.o
 .ARM.attributes
                0x000000ab       0x39 ..\obj\calc.o
 .ARM.attributes
                0x000000e4       0x39 ..\obj\stm32f4xx_sdio.o
 .ARM.attributes
                0x0000011d       0x39 ..\obj\stm32f4xx_usart.o
 .ARM.attributes
                0x00000156       0x39 ..\obj\sdio_sd.o
 .ARM.attributes
                0x0000018f       0x39 ..\obj\diskio.o
 .ARM.attributes
                0x000001c8       0x39 ..\obj\startup_stm32f4xx.o
 .ARM.attributes
                0x00000201       0x39 ..\obj\usbd_core.o
 .ARM.attributes
                0x0000023a       0x39 ..\obj\main.o
 .ARM.attributes
                0x00000273       0x39 ..\obj\mbcrc.o
 .ARM.attributes
                0x000002ac       0x39 ..\obj\stm32f4xx_rcc.o
 .ARM.attributes
                0x000002e5       0x39 ..\obj\timers.o
 .ARM.attributes
                0x0000031e       0x39 ..\obj\printf.o
 .ARM.attributes
                0x00000357       0x39 ..\obj\watchdog.o
 .ARM.attributes
                0x00000390       0x39 ..\obj\tasks.o
 .ARM.attributes
                0x000003c9       0x39 ..\obj\fram_i2c.o
 .ARM.attributes
                0x00000402       0x39 ..\obj\stm32f4xx_gpio.o
 .ARM.attributes
                0x0000043b       0x39 ..\obj\porttimer.o
 .ARM.attributes
                0x00000474       0x39 ..\obj\list.o
 .ARM.attributes
                0x000004ad       0x39 ..\obj\system_stm32f4xx.o
 .ARM.attributes
                0x000004e6       0x39 ..\obj\stm32f4xx_dma.o
 .ARM.attributes
                0x0000051f       0x39 ..\obj\usb_bsp.o
 .ARM.attributes
                0x00000558       0x39 ..\obj\usbd_req.o
 .ARM.attributes
                0x00000591       0x39 ..\obj\port.o
 .ARM.attributes
                0x000005ca       0x39 ..\obj\queue.o
 .ARM.attributes
                0x00000603       0x39 ..\obj\usb_dcd_int.o
 .ARM.attributes
                0x0000063c       0x39 ..\obj\portserial.o
 .ARM.attributes
                0x00000675       0x39 ..\obj\stm32f4xx_spi.o
 .ARM.attributes
                0x000006ae       0x39 ..\obj\ADS1220.o
 .ARM.attributes
                0x000006e7       0x39 ..\obj\frequency.o
 .ARM.attributes
                0x00000720       0x39 ..\obj\stm32f4xx_i2c.o
 .ARM.attributes
                0x00000759       0x39 ..\obj\stm32f4xx_exti.o
 .ARM.attributes
                0x00000792       0x39 ..\obj\misc.o
 .ARM.attributes
                0x000007cb       0x39 ..\obj\usb_dcd.o
 .ARM.attributes
                0x00000804       0x39 ..\obj\stm32f4xx_rtc.o
 .ARM.attributes
                0x0000083d       0x39 ..\obj\usbd_ioreq.o
 .ARM.attributes
                0x00000876       0x39 ..\obj\heap_2.o
 .ARM.attributes
                0x000008af       0x39 ..\obj\controller.o
 .ARM.attributes
                0x000008e8       0x39 ..\obj\stm32f4xx_tim.o
 .ARM.attributes
                0x00000921       0x39 ..\obj\power_detector.o
 .ARM.attributes
                0x0000095a       0x20 C:\Program Files\GNU Tools ARM Embedded\4.9 2015q2\arm-none-eabi\lib\armv7e-m\fpu\libc.a(lib_a-memcpy.o)
 .ARM.attributes
                0x0000097a       0x34 C:\Program Files\GNU Tools ARM Embedded\4.9 2015q2\arm-none-eabi\lib\armv7e-m\fpu\libc.a(lib_a-memset.o)
 .ARM.attributes
                0x000009ae       0x34 C:\Program Files\GNU Tools ARM Embedded\4.9 2015q2\arm-none-eabi\lib\armv7e-m\fpu\libm.a(lib_a-wf_sqrt.o)
 .ARM.attributes
                0x000009e2       0x34 C:\Program Files\GNU Tools ARM Embedded\4.9 2015q2\arm-none-eabi\lib\armv7e-m\fpu\libm.a(lib_a-ef_sqrt.o)
 .ARM.attributes
                0x00000a16       0x34 C:\Program Files\GNU Tools ARM Embedded\4.9 2015q2\arm-none-eabi\lib\armv7e-m\fpu\libm.a(lib_a-s_lib_ver.o)
 .ARM.attributes
                0x00000a4a       0x34 C:\Program Files\GNU Tools ARM Embedded\4.9 2015q2\arm-none-eabi\lib\armv7e-m\fpu\libm.a(lib_a-s_matherr.o)
 .ARM.attributes
                0x00000a7e       0x34 C:\Program Files\GNU Tools ARM Embedded\4.9 2015q2\arm-none-eabi\lib\armv7e-m\fpu\libm.a(lib_a-sf_fpclassify.o)
 .ARM.attributes
                0x00000ab2       0x34 C:\Program Files\GNU Tools ARM Embedded\4.9 2015q2\arm-none-eabi\lib\armv7e-m\fpu\libg.a(lib_a-errno.o)
 .ARM.attributes
                0x00000ae6       0x22 c:/program files/gnu tools arm embedded/4.9 2015q2/bin/../lib/gcc/arm-none-eabi/4.9.3/armv7e-m/fpu\libgcc.a(_arm_addsubdf3.o)
 .ARM.attributes
                0x00000b08       0x22 c:/program files/gnu tools arm embedded/4.9 2015q2/bin/../lib/gcc/arm-none-eabi/4.9.3/armv7e-m/fpu\libgcc.a(_arm_muldivdf3.o)
 .ARM.attributes
                0x00000b2a       0x22 c:/program files/gnu tools arm embedded/4.9 2015q2/bin/../lib/gcc/arm-none-eabi/4.9.3/armv7e-m/fpu\libgcc.a(_arm_truncdfsf2.o)
 .ARM.attributes
                0x00000b4c       0x22 c:/program files/gnu tools arm embedded/4.9 2015q2/bin/../lib/gcc/arm-none-eabi/4.9.3/armv7e-m/fpu\libgcc.a(_arm_addsubsf3.o)

.debug_frame    0x00000000     0x707c
 .debug_frame   0x00000000       0xf4 ..\obj\stm32f4xx_syscfg.o
 .debug_frame   0x000000f4      0x584 ..\obj\usb_core.o
 .debug_frame   0x00000678      0x128 ..\obj\mbport.o
 .debug_frame   0x000007a0       0x58 ..\obj\calc.o
 .debug_frame   0x000007f8      0x48c ..\obj\stm32f4xx_sdio.o
 .debug_frame   0x00000c84      0x490 ..\obj\stm32f4xx_usart.o
 .debug_frame   0x00001114      0x500 ..\obj\sdio_sd.o
 .debug_frame   0x00001614      0x174 ..\obj\diskio.o
 .debug_frame   0x00001788       0x4c ..\obj\startup_stm32f4xx.o
 .debug_frame   0x000017d4      0x1e8 ..\obj\usbd_core.o
 .debug_frame   0x000019bc       0xac ..\obj\main.o
 .debug_frame   0x00001a68       0x38 ..\obj\mbcrc.o
 .debug_frame   0x00001aa0      0x6d4 ..\obj\stm32f4xx_rcc.o
 .debug_frame   0x00002174      0x25c ..\obj\timers.o
 .debug_frame   0x000023d0      0x2e0 ..\obj\printf.o
 .debug_frame   0x000026b0       0xa4 ..\obj\watchdog.o
 .debug_frame   0x00002754      0x7a0 ..\obj\tasks.o
 .debug_frame   0x00002ef4       0xf8 ..\obj\fram_i2c.o
 .debug_frame   0x00002fec      0x23c ..\obj\stm32f4xx_gpio.o
 .debug_frame   0x00003228      0x1f0 ..\obj\porttimer.o
 .debug_frame   0x00003418       0xd8 ..\obj\list.o
 .debug_frame   0x000034f0       0x7c ..\obj\system_stm32f4xx.o
 .debug_frame   0x0000356c      0x308 ..\obj\stm32f4xx_dma.o
 .debug_frame   0x00003874       0xdc ..\obj\usb_bsp.o
 .debug_frame   0x00003950      0x210 ..\obj\usbd_req.o
 .debug_frame   0x00003b60      0x19c ..\obj\port.o
 .debug_frame   0x00003cfc      0x44c ..\obj\queue.o
 .debug_frame   0x00004148      0x1e8 ..\obj\usb_dcd_int.o
 .debug_frame   0x00004330      0x2bc ..\obj\portserial.o
 .debug_frame   0x000045ec      0x3f4 ..\obj\stm32f4xx_spi.o
 .debug_frame   0x000049e0      0x190 ..\obj\ADS1220.o
 .debug_frame   0x00004b70      0x128 ..\obj\frequency.o
 .debug_frame   0x00004c98      0x530 ..\obj\stm32f4xx_i2c.o
 .debug_frame   0x000051c8      0x148 ..\obj\stm32f4xx_exti.o
 .debug_frame   0x00005310       0xd8 ..\obj\misc.o
 .debug_frame   0x000053e8      0x1e8 ..\obj\usb_dcd.o
 .debug_frame   0x000055d0      0x8b0 ..\obj\stm32f4xx_rtc.o
 .debug_frame   0x00005e80      0x110 ..\obj\usbd_ioreq.o
 .debug_frame   0x00005f90       0xc0 ..\obj\heap_2.o
 .debug_frame   0x00006050       0x50 ..\obj\controller.o
 .debug_frame   0x000060a0      0xe54 ..\obj\stm32f4xx_tim.o
 .debug_frame   0x00006ef4       0x68 ..\obj\power_detector.o
 .debug_frame   0x00006f5c       0x34 C:\Program Files\GNU Tools ARM Embedded\4.9 2015q2\arm-none-eabi\lib\armv7e-m\fpu\libc.a(lib_a-memset.o)
 .debug_frame   0x00006f90       0x50 C:\Program Files\GNU Tools ARM Embedded\4.9 2015q2\arm-none-eabi\lib\armv7e-m\fpu\libm.a(lib_a-wf_sqrt.o)
 .debug_frame   0x00006fe0       0x3c C:\Program Files\GNU Tools ARM Embedded\4.9 2015q2\arm-none-eabi\lib\armv7e-m\fpu\libm.a(lib_a-ef_sqrt.o)
 .debug_frame   0x0000701c       0x20 C:\Program Files\GNU Tools ARM Embedded\4.9 2015q2\arm-none-eabi\lib\armv7e-m\fpu\libm.a(lib_a-s_matherr.o)
 .debug_frame   0x0000703c       0x20 C:\Program Files\GNU Tools ARM Embedded\4.9 2015q2\arm-none-eabi\lib\armv7e-m\fpu\libm.a(lib_a-sf_fpclassify.o)
 .debug_frame   0x0000705c       0x20 C:\Program Files\GNU Tools ARM Embedded\4.9 2015q2\arm-none-eabi\lib\armv7e-m\fpu\libg.a(lib_a-errno.o)
