Archive member included because of file (symbol)

c:/coocox/coide/gcc/sourcery g++ lite/bin/../lib/gcc/arm-none-eabi/4.5.1/thumb2\libgcc.a(_arm_addsubdf3.o)
                              ..\obj\ADS1220.o (__aeabi_dadd)
c:/coocox/coide/gcc/sourcery g++ lite/bin/../lib/gcc/arm-none-eabi/4.5.1/thumb2\libgcc.a(_arm_muldivdf3.o)
                              ..\obj\ADS1220.o (__aeabi_dmul)
c:/coocox/coide/gcc/sourcery g++ lite/bin/../lib/gcc/arm-none-eabi/4.5.1/thumb2\libgcc.a(_arm_truncdfsf2.o)
                              ..\obj\ADS1220.o (__aeabi_d2f)
c:/coocox/coide/gcc/sourcery g++ lite/bin/../lib/gcc/arm-none-eabi/4.5.1/thumb2\libgcc.a(_arm_addsubsf3.o)
                              ..\obj\frequency.o (__aeabi_ui2f)
c:/coocox/coide/gcc/sourcery g++ lite/bin/../lib/gcc/arm-none-eabi/4.5.1/thumb2\libgcc.a(_arm_muldivsf3.o)
                              ..\obj\frequency.o (__aeabi_fmul)
c:/coocox/coide/gcc/sourcery g++ lite/bin/../lib/gcc/arm-none-eabi/4.5.1/../../../../arm-none-eabi/lib/thumb2\libc.a(lib_a-memcmp.o)
                              ..\obj\tasks.o (memcmp)
c:/coocox/coide/gcc/sourcery g++ lite/bin/../lib/gcc/arm-none-eabi/4.5.1/../../../../arm-none-eabi/lib/thumb2\libc.a(lib_a-memcpy.o)
                              ..\obj\mbfuncother.o (memcpy)
c:/coocox/coide/gcc/sourcery g++ lite/bin/../lib/gcc/arm-none-eabi/4.5.1/../../../../arm-none-eabi/lib/thumb2\libc.a(lib_a-memset.o)
                              ..\obj\tasks.o (memset)

Allocating common symbols
Common symbol       size              file

stContext_RS232     0x174             ..\obj\protocol.o
stContext_RS485     0x174             ..\obj\protocol.o
stSettings          0x4               ..\obj\controller.o
xMeasureDataMutex   0x4               ..\obj\controller.o
xI2CBusMutex        0x4               ..\obj\fram_i2c.o
xFrequencySemaphore
                    0x8               ..\obj\frequency.o
xADC_SPI_Mutex      0x4               ..\obj\ADS1220.o
stMeasureData       0x38              ..\obj\controller.o
xSettingsMutex      0x4               ..\obj\controller.o
task_watches        0x50              ..\obj\watchdog.o

Discarded input sections

 .text          0x00000000        0x0 ..\obj\stm32f4xx_syscfg.o
 .data          0x00000000        0x0 ..\obj\stm32f4xx_syscfg.o
 .bss           0x00000000        0x0 ..\obj\stm32f4xx_syscfg.o
 .text.SYSCFG_DeInit
                0x00000000       0x20 ..\obj\stm32f4xx_syscfg.o
 .text.SYSCFG_MemoryRemapConfig
                0x00000000       0x20 ..\obj\stm32f4xx_syscfg.o
 .text.SYSCFG_EXTILineConfig
                0x00000000       0xb4 ..\obj\stm32f4xx_syscfg.o
 .text.SYSCFG_ETH_MediaInterfaceConfig
                0x00000000       0x20 ..\obj\stm32f4xx_syscfg.o
 .text.SYSCFG_CompensationCellCmd
                0x00000000       0x20 ..\obj\stm32f4xx_syscfg.o
 .text.SYSCFG_GetCompensationCellStatus
                0x00000000       0x3c ..\obj\stm32f4xx_syscfg.o
 .text          0x00000000        0x0 ..\obj\mbport.o
 .bss           0x00000000        0x0 ..\obj\mbport.o
 .text          0x00000000        0x0 ..\obj\mb.o
 .bss           0x00000000        0x0 ..\obj\mb.o
 .text.eMBRegisterCB
                0x00000000      0x114 ..\obj\mb.o
 .text.eMBClose
                0x00000000       0x3c ..\obj\mb.o
 .text.eMBDisable
                0x00000000       0x60 ..\obj\mb.o
 .text          0x00000000        0x0 ..\obj\protocol.o
 .data          0x00000000        0x0 ..\obj\protocol.o
 .bss           0x00000000        0x0 ..\obj\protocol.o
 .text          0x00000000        0x0 ..\obj\mbfuncdisc.o
 .data          0x00000000        0x0 ..\obj\mbfuncdisc.o
 .bss           0x00000000        0x0 ..\obj\mbfuncdisc.o
 .text          0x00000000        0x0 ..\obj\core_cm3.o
 .data          0x00000000        0x0 ..\obj\core_cm3.o
 .bss           0x00000000        0x0 ..\obj\core_cm3.o
 .text.__get_PSP
                0x00000000       0x10 ..\obj\core_cm3.o
 .text.__set_PSP
                0x00000000        0x8 ..\obj\core_cm3.o
 .text.__get_MSP
                0x00000000       0x10 ..\obj\core_cm3.o
 .text.__set_MSP
                0x00000000        0x8 ..\obj\core_cm3.o
 .text.__get_BASEPRI
                0x00000000       0x20 ..\obj\core_cm3.o
 .text.__set_BASEPRI
                0x00000000       0x18 ..\obj\core_cm3.o
 .text.__get_PRIMASK
                0x00000000       0x20 ..\obj\core_cm3.o
 .text.__set_PRIMASK
                0x00000000       0x18 ..\obj\core_cm3.o
 .text.__get_FAULTMASK
                0x00000000       0x20 ..\obj\core_cm3.o
 .text.__set_FAULTMASK
                0x00000000       0x18 ..\obj\core_cm3.o
 .text.__get_CONTROL
                0x00000000       0x20 ..\obj\core_cm3.o
 .text.__set_CONTROL
                0x00000000       0x18 ..\obj\core_cm3.o
 .text.__REV    0x00000000       0x24 ..\obj\core_cm3.o
 .text.__REV16  0x00000000       0x24 ..\obj\core_cm3.o
 .text.__REVSH  0x00000000       0x24 ..\obj\core_cm3.o
 .text.__RBIT   0x00000000       0x24 ..\obj\core_cm3.o
 .text.__LDREXB
[...]
Memory Configuration

Name             Origin             Length             Attributes
rom              0x08000000         0x00100000         xr
ram              0x20000000         0x00020000         xrw
ram1             0x10000000         0x00010000         xrw
*default*        0x00000000         0xffffffff

Linker script and memory map

                0x20020000                _eram = 0x20020000

.text           0x08000000     0x97a4
 *(.isr_vector .isr_vector.*)
 .isr_vector    0x08000000      0x188 ..\obj\startup_stm32f4xx.o
                0x08000000                g_pfnVectors
 *(.text .text.* .gnu.linkonce.t.*)
 .text.ENTER_CRITICAL_SECTION
                0x08000188        0xc ..\obj\mbport.o
                0x08000188                ENTER_CRITICAL_SECTION
 .text.EXIT_CRITICAL_SECTION
                0x08000194        0xc ..\obj\mbport.o
                0x08000194                EXIT_CRITICAL_SECTION
 .text.eMBRegInputCB
                0x080001a0      0x1c8 ..\obj\mbport.o
                0x080001a0                eMBRegInputCB
 .text.eMBRegHoldingCB
                0x08000368      0x554 ..\obj\mbport.o
                0x08000368                eMBRegHoldingCB
 .text.eMBRegCoilsCB
                0x080008bc       0x20 ..\obj\mbport.o
                0x080008bc                eMBRegCoilsCB
 .text.eMBRegDiscreteCB
                0x080008dc       0x20 ..\obj\mbport.o
                0x080008dc                eMBRegDiscreteCB
 .text.eMBInit  0x080008fc      0x110 ..\obj\mb.o
                0x080008fc                eMBInit
 .text.eMBEnable
                0x08000a0c       0x50 ..\obj\mb.o
                0x08000a0c                eMBEnable
 .text.eMBPoll  0x08000a5c      0x1c0 ..\obj\mb.o
                0x08000a5c                eMBPoll
 .text.Protocol_Init
                0x08000c1c       0xf8 ..\obj\protocol.o
                0x08000c1c                Protocol_Init
 .text.Modbus_RS485_Task
                0x08000d14       0x50 ..\obj\protocol.o
 .text.Modbus_RS232_Task
                0x08000d64       0x50 ..\obj\protocol.o
 .text.eMBFuncReadDiscreteInputs
                0x08000db4      0x130 ..\obj\mbfuncdisc.o
                0x08000db4                eMBFuncReadDiscreteInputs
 .text.xMBPortEventInit
                0x08000ee4       0x20 ..\obj\portevent.o
                0x08000ee4                xMBPortEventInit
 .text.xMBPortEventPost
                0x08000f04       0x2c ..\obj\portevent.o
                0x08000f04                xMBPortEventPost
 .text.xMBPortEventGet
                0x08000f30       0x3c ..\obj\portevent.o
                0x08000f30                xMBPortEventGet
 .text.eMBFuncReportSlaveID
                0x08000f6c       0x4c ..\obj\mbfuncother.o
                0x08000f6c                eMBFuncReportSlaveID
 .text.USART_Init
                0x08000fb8      0x1bc ..\obj\stm32f4xx_usart.o
                0x08000fb8                USART_Init
 .text.USART_Cmd
                0x08001174       0x40 ..\obj\stm32f4xx_usart.o
                0x08001174                USART_Cmd
 .text.USART_SendData
                0x080011b4       0x28 ..\obj\stm32f4xx_usart.o
                0x080011b4                USART_SendData
 .text.USART_ReceiveData
                0x080011dc       0x24 ..\obj\stm32f4xx_usart.o
                0x080011dc                USART_ReceiveData
 .text.USART_ITConfig
                0x08001200       0xa8 ..\obj\stm32f4xx_usart.o
                0x08001200                USART_ITConfig
 .text.USART_GetFlagStatus
                0x080012a8       0x40 ..\obj\stm32f4xx_usart.o
                0x080012a8                USART_GetFlagStatus
 .text.USART_ClearFlag
                0x080012e8       0x24 ..\obj\stm32f4xx_usart.o
                0x080012e8                USART_ClearFlag
 .text.USART_GetITStatus
                0x0800130c       0xcc ..\obj\stm32f4xx_usart.o
                0x0800130c                USART_GetITStatus
 .text.PWR_BackupAccessCmd
                0x080013d8       0x20 ..\obj\stm32f4xx_pwr.o
                0x080013d8                PWR_BackupAccessCmd
 .text.RTC_Clock_Init
                0x080013f8       0x94 ..\obj\rtc.o
                0x080013f8                RTC_Clock_Init
 .text.prveMBError2Exception
                0x0800148c       0x48 ..\obj\mbutils.o
                0x0800148c                prveMBError2Exception
 .text.Default_Reset_Handler
                0x080014d4       0x68 ..\obj\startup_stm32f4xx.o
                0x080014d4                Default_Reset_Handler
                0x080014d4                Reset_Handler
 .text.Default_Handler
                0x0800153c        0x8 ..\obj\startup_stm32f4xx.o
                0x0800153c                RTC_Alarm_IRQHandler
                0x0800153c                HASH_RNG_IRQHandler
                0x0800153c                EXTI2_IRQHandler
                0x0800153c                TIM8_CC_IRQHandler
                0x0800153c                DebugMon_Handler
                0x0800153c                TIM1_CC_IRQHandler
                0x0800153c                DMA2_Stream5_IRQHandler
                0x0800153c                HardFault_Handler
                0x0800153c                DMA1_Stream5_IRQHandler
                0x0800153c                SDIO_IRQHandler
                0x0800153c                TAMP_STAMP_IRQHandler
                0x0800153c                NMI_Handler
                0x0800153c                CAN2_RX1_IRQHandler
                0x0800153c                EXTI3_IRQHandler
                0x0800153c                TIM8_TRG_COM_TIM14_IRQHandler
                0x0800153c                TIM1_UP_TIM10_IRQHandler
                0x0800153c                TIM8_UP_TIM13_IRQHandler
                0x0800153c                I2C3_ER_IRQHandler
                0x0800153c                EXTI0_IRQHandler
                0x0800153c                I2C2_EV_IRQHandler
                0x0800153c                DMA1_Stream2_IRQHandler
                0x0800153c                CAN1_RX0_IRQHandler
                0x0800153c                FPU_IRQHandler
                0x0800153c                OTG_HS_WKUP_IRQHandler
                0x0800153c                UsageFault_Handler
                0x0800153c                CAN2_SCE_IRQHandler
                0x0800153c                DMA2_Stream2_IRQHandler
                0x0800153c                SPI1_IRQHandler
                0x0800153c                TIM6_DAC_IRQHandler
                0x0800153c                TIM1_BRK_TIM9_IRQHandler
                0x0800153c                DCMI_IRQHandler
                0x0800153c                CAN2_RX0_IRQHandler
                0x0800153c                DMA2_Stream3_IRQHandler
                0x0800153c                USART6_IRQHandler
                0x0800153c                CRYP_IRQHandler
                0x0800153c                CAN1_RX1_IRQHandler
                0x0800153c                UART5_IRQHandler
                0x0800153c                DMA2_Stream0_IRQHandler
                0x0800153c                I2C1_EV_IRQHandler
                0x0800153c                DMA1_Stream6_IRQHandler
                0x0800153c                DMA1_Stream1_IRQHandler
                0x0800153c                TIM3_IRQHandler
                0x0800153c                RCC_IRQHandler
                0x0800153c                TIM8_BRK_TIM12_IRQHandler
                0x0800153c                EXTI15_10_IRQHandler
                0x0800153c                ADC_IRQHandler
                0x0800153c                DMA1_Stream7_IRQHandler
                0x0800153c                TIM7_IRQHandler
                0x0800153c                CAN2_TX_IRQHandler
                0x0800153c                DMA2_Stream7_IRQHandler
                0x0800153c                I2C3_EV_IRQHandler
                0x0800153c                EXTI9_5_IRQHandler
                0x0800153c                RTC_WKUP_IRQHandler
                0x0800153c                ETH_WKUP_IRQHandler
                0x0800153c                SPI2_IRQHandler
                0x0800153c                OTG_HS_EP1_IN_IRQHandler
                0x0800153c                MemManage_Handler
                0x0800153c                DMA1_Stream0_IRQHandler
                0x0800153c                CAN1_TX_IRQHandler
                0x0800153c                EXTI4_IRQHandler
                0x0800153c                FSMC_IRQHandler
                0x0800153c                ETH_IRQHandler
                0x0800153c                OTG_HS_EP1_OUT_IRQHandler
                0x0800153c                WWDG_IRQHandler
                0x0800153c                OTG_FS_WKUP_IRQHandler
                0x0800153c                TIM1_TRG_COM_TIM11_IRQHandler
                0x0800153c                OTG_HS_IRQHandler
                0x0800153c                EXTI1_IRQHandler
                0x0800153c                USART2_IRQHandler
                0x0800153c                I2C2_ER_IRQHandler
                0x0800153c                DMA2_Stream1_IRQHandler
                0x0800153c                CAN1_SCE_IRQHandler
                0x0800153c                FLASH_IRQHandler
                0x0800153c                DMA2_Stream4_IRQHandler
                0x0800153c                BusFault_Handler
                0x0800153c                USART1_IRQHandler
                0x0800153c                OTG_FS_IRQHandler
                0x0800153c                SPI3_IRQHandler
                0x0800153c                DMA1_Stream4_IRQHandler
                0x0800153c                I2C1_ER_IRQHandler
                0x0800153c                DMA2_Stream6_IRQHandler
                0x0800153c                DMA1_Stream3_IRQHandler
 .text.eMBFuncWriteHoldingRegister
                0x08001544       0x84 ..\obj\mbfuncholding.o
                0x08001544                eMBFuncWriteHoldingRegister
 .text.eMBFuncWriteMultipleHoldingRegister
                0x080015c8       0xdc ..\obj\mbfuncholding.o
                0x080015c8                eMBFuncWriteMultipleHoldingRegister
 .text.eMBFuncReadHoldingRegister
                0x080016a4      0x10c ..\obj\mbfuncholding.o
                0x080016a4                eMBFuncReadHoldingRegister
 .text.eMBFuncReadWriteMultipleHoldingRegister
                0x080017b0      0x1a0 ..\obj\mbfuncholding.o
                0x080017b0                eMBFuncReadWriteMultipleHoldingRegister
 .text.main     0x08001950       0x14 ..\obj\main.o
                0x08001950                main
 .text.vApplicationMallocFailedHook
                0x08001964        0x8 ..\obj\main.o
                0x08001964                vApplicationMallocFailedHook
 .text.vApplicationStackOverflowHook
                0x0800196c        0xc ..\obj\main.o
                0x0800196c                vApplicationStackOverflowHook
 .text.vApplicationIdleHook
                0x08001978       0x18 ..\obj\main.o
                0x08001978                vApplicationIdleHook
 .text.usMBCRC16
                0x08001990       0x90 ..\obj\mbcrc.o
                0x08001990                usMBCRC16
 .text.RCC_LSEConfig
                0x08001a20       0x5c ..\obj\stm32f4xx_rcc.o
                0x08001a20                RCC_LSEConfig
 .text.RCC_GetClocksFreq
                0x08001a7c      0x1d4 ..\obj\stm32f4xx_rcc.o
                0x08001a7c                RCC_GetClocksFreq
 .text.RCC_RTCCLKConfig
                0x08001c50       0x7c ..\obj\stm32f4xx_rcc.o
                0x08001c50                RCC_RTCCLKConfig
 .text.RCC_RTCCLKCmd
                0x08001ccc       0x20 ..\obj\stm32f4xx_rcc.o
                0x08001ccc                RCC_RTCCLKCmd
 .text.RCC_AHB1PeriphClockCmd
                0x08001cec       0x5c ..\obj\stm32f4xx_rcc.o
                0x08001cec                RCC_AHB1PeriphClockCmd
 .text.RCC_APB1PeriphClockCmd
                0x08001d48       0x5c ..\obj\stm32f4xx_rcc.o
                0x08001d48                RCC_APB1PeriphClockCmd
 .text.RCC_APB2PeriphClockCmd
                0x08001da4       0x5c ..\obj\stm32f4xx_rcc.o
                0x08001da4                RCC_APB2PeriphClockCmd
 .text.RCC_APB1PeriphResetCmd
                0x08001e00       0x5c ..\obj\stm32f4xx_rcc.o
                0x08001e00                RCC_APB1PeriphResetCmd
 .text.RCC_GetFlagStatus
                0x08001e5c       0x90 ..\obj\stm32f4xx_rcc.o
                0x08001e5c                RCC_GetFlagStatus
 .text.eMBFuncReadInputRegister
                0x08001eec      0x110 ..\obj\mbfuncinput.o
                0x08001eec                eMBFuncReadInputRegister
 .text.xTaskGenericCreate
                0x08001ffc      0x1b8 ..\obj\tasks.o
                0x08001ffc                xTaskGenericCreate
 .text.vTaskDelay
                0x080021b4       0xa4 ..\obj\tasks.o
                0x080021b4                vTaskDelay
 .text.vTaskStartScheduler
                0x08002258       0x7c ..\obj\tasks.o
                0x08002258                vTaskStartScheduler
 .text.vTaskSuspendAll
                0x080022d4       0x24 ..\obj\tasks.o
                0x080022d4                vTaskSuspendAll
 .text.xTaskResumeAll
                0x080022f8      0x178 ..\obj\tasks.o
                0x080022f8                xTaskResumeAll
 .text.xTaskIncrementTick
                0x08002470      0x204 ..\obj\tasks.o
                0x08002470                xTaskIncrementTick
 .text.vTaskSwitchContext
                0x08002674      0x14c ..\obj\tasks.o
                0x08002674                vTaskSwitchContext
 .text.vTaskPlaceOnEventList
                0x080027c0       0xb8 ..\obj\tasks.o
                0x080027c0                vTaskPlaceOnEventList
 .text.xTaskRemoveFromEventList
                0x08002878       0xe0 ..\obj\tasks.o
                0x08002878                xTaskRemoveFromEventList
 .text.vTaskSetTimeOutState
                0x08002958       0x38 ..\obj\tasks.o
                0x08002958                vTaskSetTimeOutState
 .text.xTaskCheckForTimeOut
                0x08002990       0xb0 ..\obj\tasks.o
                0x08002990                xTaskCheckForTimeOut
 .text.vTaskMissedYield
                0x08002a40       0x18 ..\obj\tasks.o
                0x08002a40                vTaskMissedYield
 .text.prvIdleTask
                0x08002a58       0x24 ..\obj\tasks.o
 .text.prvInitialiseTCBVariables
                0x08002a7c       0xbc ..\obj\tasks.o
 .text.prvInitialiseTaskLists
                0x08002b38       0xa4 ..\obj\tasks.o
 .text.prvCheckTasksWaitingTermination
                0x08002bdc       0x98 ..\obj\tasks.o
 .text.prvAddCurrentTaskToDelayedList
                0x08002c74       0x8c ..\obj\tasks.o
 .text.prvAllocateTCBAndStack
                0x08002d00       0x7c ..\obj\tasks.o
 .text.prvDeleteTCB
                0x08002d7c       0x20 ..\obj\tasks.o
 .text.prvResetNextTaskUnblockTime
                0x08002d9c       0x5c ..\obj\tasks.o
 .text.vTaskPriorityInherit
                0x08002df8      0x148 ..\obj\tasks.o
                0x08002df8                vTaskPriorityInherit
 .text.xTaskPriorityDisinherit
                0x08002f40      0x114 ..\obj\tasks.o
                0x08002f40                xTaskPriorityDisinherit
 .text.pvTaskIncrementMutexHeldCount
                0x08003054       0x38 ..\obj\tasks.o
                0x08003054                pvTaskIncrementMutexHeldCount
 .text.FRAM_I2C_Init
                0x0800308c       0xe8 ..\obj\fram_i2c.o
                0x0800308c                FRAM_I2C_Init
 .text.FRAM_I2C_Read_Buffer
                0x08003174      0x20c ..\obj\fram_i2c.o
                0x08003174                FRAM_I2C_Read_Buffer
 .text.FRAM_I2C_Write_Buffer
                0x08003380      0x174 ..\obj\fram_i2c.o
                0x08003380                FRAM_I2C_Write_Buffer
 .text.FRAM_Read_Settings
                0x080034f4       0x74 ..\obj\fram_i2c.o
                0x080034f4                FRAM_Read_Settings
 .text.FRAM_Write_Settings
                0x08003568       0x54 ..\obj\fram_i2c.o
                0x08003568                FRAM_Write_Settings
 .text.GPIO_Init
                0x080035bc      0x158 ..\obj\stm32f4xx_gpio.o
                0x080035bc                GPIO_Init
 .text.GPIO_ReadInputDataBit
                0x08003714       0x40 ..\obj\stm32f4xx_gpio.o
                0x08003714                GPIO_ReadInputDataBit
 .text.GPIO_PinAFConfig
                0x08003754       0xb0 ..\obj\stm32f4xx_gpio.o
                0x08003754                GPIO_PinAFConfig
 .text.RS485TimersInit
                0x08003804       0xe0 ..\obj\porttimer.o
                0x08003804                RS485TimersInit
 .text.RS485TimersEnable
                0x080038e4       0x4c ..\obj\porttimer.o
                0x080038e4                RS485TimersEnable
 .text.RS485TimersDisable
                0x08003930       0x4c ..\obj\porttimer.o
                0x08003930                RS485TimersDisable
 .text.TIM4_IRQHandler
                0x0800397c       0x54 ..\obj\porttimer.o
                0x0800397c                TIM4_IRQHandler
 .text.RS485TimerContextInit
                0x080039d0       0x7c ..\obj\porttimer.o
                0x080039d0                RS485TimerContextInit
 .text.RS232TimersInit
                0x08003a4c       0xe0 ..\obj\porttimer.o
                0x08003a4c                RS232TimersInit
 .text.RS232TimersEnable
                0x08003b2c       0x4c ..\obj\porttimer.o
                0x08003b2c                RS232TimersEnable
 .text.RS232TimersDisable
                0x08003b78       0x4c ..\obj\porttimer.o
                0x08003b78                RS232TimersDisable
 .text.TIM5_IRQHandler
                0x08003bc4       0x54 ..\obj\porttimer.o
                0x08003bc4                TIM5_IRQHandler
 .text.RS232TimerContextInit
                0x08003c18       0x7c ..\obj\porttimer.o
                0x08003c18                RS232TimerContextInit
 .text.eMBRTUInit
                0x08003c94       0x88 ..\obj\mbrtu.o
                0x08003c94                eMBRTUInit
 .text.eMBRTUStart
                0x08003d1c       0x38 ..\obj\mbrtu.o
                0x08003d1c                eMBRTUStart
 .text.eMBRTUStop
                0x08003d54       0x30 ..\obj\mbrtu.o
                0x08003d54                eMBRTUStop
 .text.eMBRTUReceive
                0x08003d84       0x90 ..\obj\mbrtu.o
                0x08003d84                eMBRTUReceive
 .text.eMBRTUSend
                0x08003e14       0xe8 ..\obj\mbrtu.o
                0x08003e14                eMBRTUSend
 .text.xMBRTUReceiveFSM
                0x08003efc       0xd0 ..\obj\mbrtu.o
                0x08003efc                xMBRTUReceiveFSM
 .text.xMBRTUTransmitFSM
                0x08003fcc       0xb0 ..\obj\mbrtu.o
                0x08003fcc                xMBRTUTransmitFSM
 .text.xMBRTUTimerT35Expired
                0x0800407c       0x60 ..\obj\mbrtu.o
                0x0800407c                xMBRTUTimerT35Expired
 .text.vListInitialise
                0x080040dc       0x48 ..\obj\list.o
                0x080040dc                vListInitialise
 .text.vListInitialiseItem
                0x08004124       0x1c ..\obj\list.o
                0x08004124                vListInitialiseItem
 .text.vListInsertEnd
                0x08004140       0x48 ..\obj\list.o
                0x08004140                vListInsertEnd
 .text.vListInsert
                0x08004188       0x74 ..\obj\list.o
                0x08004188                vListInsert
 .text.uxListRemove
                0x080041fc       0x58 ..\obj\list.o
                0x080041fc                uxListRemove
 .text.SystemInit
                0x08004254       0x94 ..\obj\system_stm32f4xx.o
                0x08004254                SystemInit
 .text.SetSysClock
                0x080042e8      0x110 ..\obj\system_stm32f4xx.o
 .text.pxPortInitialiseStack
                0x080043f8       0x64 ..\obj\port.o
                0x080043f8                pxPortInitialiseStack
 .text.prvTaskExitError
                0x0800445c       0x20 ..\obj\port.o
 .text.SVC_Handler
                0x0800447c       0x24 ..\obj\port.o
                0x0800447c                SVC_Handler
 .text.prvPortStartFirstTask
                0x080044a0       0x20 ..\obj\port.o
 .text.xPortStartScheduler
                0x080044c0      0x10c ..\obj\port.o
                0x080044c0                xPortStartScheduler
 .text.vPortYield
                0x080045cc       0x20 ..\obj\port.o
                0x080045cc                vPortYield
 .text.vPortEnterCritical
                0x080045ec       0x50 ..\obj\port.o
                0x080045ec                vPortEnterCritical
 .text.vPortExitCritical
                0x0800463c       0x48 ..\obj\port.o
                0x0800463c                vPortExitCritical
 .text.ulPortSetInterruptMask
                0x08004684       0x14 ..\obj\port.o
                0x08004684                ulPortSetInterruptMask
 .text.vPortClearInterruptMask
                0x08004698        0x8 ..\obj\port.o
                0x08004698                vPortClearInterruptMask
 .text.PendSV_Handler
                0x080046a0       0x44 ..\obj\port.o
                0x080046a0                PendSV_Handler
 .text.SysTick_Handler
                0x080046e4       0x2c ..\obj\port.o
                0x080046e4                SysTick_Handler
 .text.vPortSetupTimerInterrupt
                0x08004710       0x28 ..\obj\port.o
                0x08004710                vPortSetupTimerInterrupt
 .text.vPortValidateInterruptPriority
                0x08004738       0x64 ..\obj\port.o
                0x08004738                vPortValidateInterruptPriority
 .text.xQueueGenericReset
                0x0800479c       0xc0 ..\obj\queue.o
                0x0800479c                xQueueGenericReset
 .text.xQueueGenericCreate
                0x0800485c       0xa0 ..\obj\queue.o
                0x0800485c                xQueueGenericCreate
 .text.xQueueCreateMutex
                0x080048fc       0xa8 ..\obj\queue.o
                0x080048fc                xQueueCreateMutex
 .text.xQueueGenericSend
                0x080049a4      0x188 ..\obj\queue.o
                0x080049a4                xQueueGenericSend
 .text.xQueueGiveFromISR
                0x08004b2c       0xac ..\obj\queue.o
                0x08004b2c                xQueueGiveFromISR
 .text.xQueueGenericReceive
                0x08004bd8      0x1b8 ..\obj\queue.o
                0x08004bd8                xQueueGenericReceive
 .text.prvCopyDataToQueue
                0x08004d90       0xe8 ..\obj\queue.o
 .text.prvCopyDataFromQueue
                0x08004e78       0x50 ..\obj\queue.o
 .text.prvUnlockQueue
                0x08004ec8       0xa0 ..\obj\queue.o
 .text.prvIsQueueEmpty
                0x08004f68       0x34 ..\obj\queue.o
 .text.prvIsQueueFull
                0x08004f9c       0x38 ..\obj\queue.o
 .text.NVIC_EnableIRQ
                0x08004fd4       0x38 ..\obj\portserial.o
 .text.RS485SerialEnable
                0x0800500c      0x194 ..\obj\portserial.o
                0x0800500c                RS485SerialEnable
 .text.RS485SerialInit
                0x080051a0      0x178 ..\obj\portserial.o
                0x080051a0                RS485SerialInit
 .text.RS485SerialPutByte
                0x08005318       0x44 ..\obj\portserial.o
                0x08005318                RS485SerialPutByte
 .text.RS485SerialGetByte
                0x0800535c       0x3c ..\obj\portserial.o
                0x0800535c                RS485SerialGetByte
 .text.USART3_IRQHandler
                0x08005398       0xdc ..\obj\portserial.o
                0x08005398                USART3_IRQHandler
 .text.RS485SerialContextInit
                0x08005474       0x90 ..\obj\portserial.o
                0x08005474                RS485SerialContextInit
 .text.RS232SerialEnable
                0x08005504       0xb4 ..\obj\portserial.o
                0x08005504                RS232SerialEnable
 .text.RS232SerialInit
                0x080055b8      0x140 ..\obj\portserial.o
                0x080055b8                RS232SerialInit
 .text.RS232SerialPutByte
                0x080056f8       0x44 ..\obj\portserial.o
                0x080056f8                RS232SerialPutByte
 .text.RS232SerialGetByte
                0x0800573c       0x3c ..\obj\portserial.o
                0x0800573c                RS232SerialGetByte
 .text.UART4_IRQHandler
                0x08005778       0xdc ..\obj\portserial.o
                0x08005778                UART4_IRQHandler
 .text.RS232SerialContextInit
                0x08005854       0x90 ..\obj\portserial.o
                0x08005854                RS232SerialContextInit
 .text.SPI_Init
                0x080058e4       0x98 ..\obj\stm32f4xx_spi.o
                0x080058e4                SPI_Init
 .text.SPI_Cmd  0x0800597c       0x40 ..\obj\stm32f4xx_spi.o
                0x0800597c                SPI_Cmd
 .text.SPI_CalculateCRC
                0x080059bc       0x40 ..\obj\stm32f4xx_spi.o
                0x080059bc                SPI_CalculateCRC
 .text.eMBFuncReadCoils
                0x080059fc      0x134 ..\obj\mbfunccoils.o
                0x080059fc                eMBFuncReadCoils
 .text.eMBFuncWriteCoil
                0x08005b30       0xcc ..\obj\mbfunccoils.o
                0x08005b30                eMBFuncWriteCoil
 .text.eMBFuncWriteMultipleCoils
                0x08005bfc       0xfc ..\obj\mbfunccoils.o
                0x08005bfc                eMBFuncWriteMultipleCoils
 .text.ADS1220_init
                0x08005cf8       0xf8 ..\obj\ADS1220.o
                0x08005cf8                ADS1220_init
 .text.ADC_SPI_config
                0x08005df0      0x170 ..\obj\ADS1220.o
 .text.ADC_SPI_send
                0x08005f60       0x60 ..\obj\ADS1220.o
                0x08005f60                ADC_SPI_send
 .text.ADC_SPI_read
                0x08005fc0       0x14 ..\obj\ADS1220.o
                0x08005fc0                ADC_SPI_read
 .text.ADC_RTD1_Task
                0x08005fd4      0x3d8 ..\obj\ADS1220.o
 .text.ADC_RTD2_Task
                0x080063ac       0x84 ..\obj\ADS1220.o
 .text.ADC_Current1_Task
                0x08006430       0x84 ..\obj\ADS1220.o
 .text.ADC_Current2_Task
                0x080064b4       0x84 ..\obj\ADS1220.o
 .text.PT100_Code_To_Temperature
                0x08006538       0xa0 ..\obj\ADS1220.o
                0x08006538                PT100_Code_To_Temperature
 .text.I2C_DeInit
                0x080065d8       0x88 ..\obj\stm32f4xx_i2c.o
                0x080065d8                I2C_DeInit
 .text.I2C_Init
                0x08006660      0x1b8 ..\obj\stm32f4xx_i2c.o
                0x08006660                I2C_Init
 .text.I2C_Cmd  0x08006818       0x40 ..\obj\stm32f4xx_i2c.o
                0x08006818                I2C_Cmd
 .text.I2C_GenerateSTART
                0x08006858       0x40 ..\obj\stm32f4xx_i2c.o
                0x08006858                I2C_GenerateSTART
 .text.I2C_GenerateSTOP
                0x08006898       0x40 ..\obj\stm32f4xx_i2c.o
                0x08006898                I2C_GenerateSTOP
 .text.I2C_Send7bitAddress
                0x080068d8       0x3c ..\obj\stm32f4xx_i2c.o
                0x080068d8                I2C_Send7bitAddress
 .text.I2C_AcknowledgeConfig
                0x08006914       0x40 ..\obj\stm32f4xx_i2c.o
                0x08006914                I2C_AcknowledgeConfig
 .text.I2C_SendData
                0x08006954       0x20 ..\obj\stm32f4xx_i2c.o
                0x08006954                I2C_SendData
 .text.I2C_ReceiveData
                0x08006974       0x1c ..\obj\stm32f4xx_i2c.o
                0x08006974                I2C_ReceiveData
 .text.I2C_CheckEvent
                0x08006990       0x70 ..\obj\stm32f4xx_i2c.o
                0x08006990                I2C_CheckEvent
 .text.I2C_GetFlagStatus
                0x08006a00       0x7c ..\obj\stm32f4xx_i2c.o
                0x08006a00                I2C_GetFlagStatus
 .text.NVIC_EnableIRQ
                0x08006a7c       0x38 ..\obj\frequency.o
 .text.FrequencyMeasureInit
                0x08006ab4      0x3a4 ..\obj\frequency.o
                0x08006ab4                FrequencyMeasureInit
 .text.TIM2_IRQHandler
                0x08006e58      0x160 ..\obj\frequency.o
                0x08006e58                TIM2_IRQHandler
 .text.FrequencyCH1Measure_Task
                0x08006fb8      0x180 ..\obj\frequency.o
 .text.FrequencyCH2Measure_Task
                0x08007138      0x180 ..\obj\frequency.o
 .text.EXTI_GetITStatus
                0x080072b8       0x60 ..\obj\stm32f4xx_exti.o
                0x080072b8                EXTI_GetITStatus
 .text.EXTI_ClearITPendingBit
                0x08007318       0x20 ..\obj\stm32f4xx_exti.o
                0x08007318                EXTI_ClearITPendingBit
 .text.NVIC_PriorityGroupConfig
                0x08007338       0x28 ..\obj\misc.o
                0x08007338                NVIC_PriorityGroupConfig
 .text.NVIC_Init
                0x08007360       0xe8 ..\obj\misc.o
                0x08007360                NVIC_Init
 .text.RTC_Init
                0x08007448       0xc8 ..\obj\stm32f4xx_rtc.o
                0x08007448                RTC_Init
 .text.RTC_StructInit
                0x08007510       0x2c ..\obj\stm32f4xx_rtc.o
                0x08007510                RTC_StructInit
 .text.RTC_EnterInitMode
                0x0800753c       0x94 ..\obj\stm32f4xx_rtc.o
                0x0800753c                RTC_EnterInitMode
 .text.RTC_ExitInitMode
                0x080075d0       0x24 ..\obj\stm32f4xx_rtc.o
                0x080075d0                RTC_ExitInitMode
 .text.RTC_WaitForSynchro
                0x080075f4       0xb0 ..\obj\stm32f4xx_rtc.o
                0x080075f4                RTC_WaitForSynchro
 .text.RTC_SetTime
                0x080076a4      0x14c ..\obj\stm32f4xx_rtc.o
                0x080076a4                RTC_SetTime
 .text.RTC_GetTime
                0x080077f0       0xac ..\obj\stm32f4xx_rtc.o
                0x080077f0                RTC_GetTime
 .text.RTC_SetDate
                0x0800789c      0x144 ..\obj\stm32f4xx_rtc.o
                0x0800789c                RTC_SetDate
 .text.RTC_GetDate
                0x080079e0       0xa8 ..\obj\stm32f4xx_rtc.o
                0x080079e0                RTC_GetDate
 .text.RTC_WriteBackupRegister
                0x08007a88       0x38 ..\obj\stm32f4xx_rtc.o
                0x08007a88                RTC_WriteBackupRegister
 .text.RTC_ByteToBcd2
                0x08007ac0       0x44 ..\obj\stm32f4xx_rtc.o
 .text.RTC_Bcd2ToByte
                0x08007b04       0x40 ..\obj\stm32f4xx_rtc.o
 .text.pvPortMalloc
                0x08007b44      0x164 ..\obj\heap_2.o
                0x08007b44                pvPortMalloc
 .text.vPortFree
                0x08007ca8       0x88 ..\obj\heap_2.o
                0x08007ca8                vPortFree
 .text.xPortGetFreeHeapSize
                0x08007d30       0x18 ..\obj\heap_2.o
                0x08007d30                xPortGetFreeHeapSize
 .text.prvHeapInit
                0x08007d48       0x6c ..\obj\heap_2.o
 .text.ControllerInit
                0x08007db4       0x54 ..\obj\controller.o
                0x08007db4                ControllerInit
 .text.Controller_RestoreSettings
                0x08007e08       0x58 ..\obj\controller.o
                0x08007e08                Controller_RestoreSettings
 .text.TIM_TimeBaseInit
                0x08007e60       0xf8 ..\obj\stm32f4xx_tim.o
                0x08007e60                TIM_TimeBaseInit
 .text.TIM_TimeBaseStructInit
                0x08007f58       0x3c ..\obj\stm32f4xx_tim.o
                0x08007f58                TIM_TimeBaseStructInit
 .text.TIM_SetCounter
                0x08007f94       0x1c ..\obj\stm32f4xx_tim.o
                0x08007f94                TIM_SetCounter
 .text.TIM_ARRPreloadConfig
                0x08007fb0       0x40 ..\obj\stm32f4xx_tim.o
                0x08007fb0                TIM_ARRPreloadConfig
 .text.TIM_Cmd  0x08007ff0       0x40 ..\obj\stm32f4xx_tim.o
                0x08007ff0                TIM_Cmd
 .text.TIM_ICInit
                0x08008030       0xa8 ..\obj\stm32f4xx_tim.o
                0x08008030                TIM_ICInit
 .text.TIM_SetIC1Prescaler
                0x080080d8       0x38 ..\obj\stm32f4xx_tim.o
                0x080080d8                TIM_SetIC1Prescaler
 .text.TIM_SetIC2Prescaler
                0x08008110       0x40 ..\obj\stm32f4xx_tim.o
                0x08008110                TIM_SetIC2Prescaler
 .text.TIM_SetIC3Prescaler
                0x08008150       0x38 ..\obj\stm32f4xx_tim.o
                0x08008150                TIM_SetIC3Prescaler
 .text.TIM_SetIC4Prescaler
                0x08008188       0x40 ..\obj\stm32f4xx_tim.o
                0x08008188                TIM_SetIC4Prescaler
 .text.TIM_ITConfig
                0x080081c8       0x4c ..\obj\stm32f4xx_tim.o
                0x080081c8                TIM_ITConfig
 .text.TIM_ClearFlag
                0x08008214       0x24 ..\obj\stm32f4xx_tim.o
                0x08008214                TIM_ClearFlag
 .text.TIM_ClearITPendingBit
                0x08008238       0x24 ..\obj\stm32f4xx_tim.o
                0x08008238                TIM_ClearITPendingBit
 .text.TIM_ETRClockMode2Config
                0x0800825c       0x34 ..\obj\stm32f4xx_tim.o
                0x0800825c                TIM_ETRClockMode2Config
 .text.TIM_ETRConfig
                0x08008290       0x54 ..\obj\stm32f4xx_tim.o
                0x08008290                TIM_ETRConfig
 .text.TI1_Config
                0x080082e4       0x84 ..\obj\stm32f4xx_tim.o
 .text.TI2_Config
                0x08008368       0xa4 ..\obj\stm32f4xx_tim.o
 .text.TI3_Config
                0x0800840c       0x94 ..\obj\stm32f4xx_tim.o
 .text.TI4_Config
                0x080084a0       0xac ..\obj\stm32f4xx_tim.o
 .text.NVIC_SystemReset
                0x0800854c       0x34 ..\obj\power_detector.o
 .text.PVD_IRQHandler
                0x08008580       0x20 ..\obj\power_detector.o
                0x08008580                PVD_IRQHandler
 .text          0x080085a0      0x370 c:/coocox/coide/gcc/sourcery g++ lite/bin/../lib/gcc/arm-none-eabi/4.5.1/thumb2\libgcc.a(_arm_addsubdf3.o)
                0x080085a0                __aeabi_drsub
                0x080085a8                __aeabi_dsub
                0x080085a8                __subdf3
                0x080085ac                __aeabi_dadd
                0x080085ac                __adddf3
                0x08008824                __floatunsidf
                0x08008824                __aeabi_ui2d
                0x08008844                __floatsidf
                0x08008844                __aeabi_i2d
                0x08008868                __aeabi_f2d
                0x08008868                __extendsfdf2
                0x080088a4                __floatundidf
                0x080088a4                __aeabi_ul2d
                0x080088b4                __floatdidf
                0x080088b4                __aeabi_l2d
 .text          0x08008910      0x424 c:/coocox/coide/gcc/sourcery g++ lite/bin/../lib/gcc/arm-none-eabi/4.5.1/thumb2\libgcc.a(_arm_muldivdf3.o)
                0x08008910                __aeabi_dmul
                0x08008910                __muldf3
                0x08008b64                __divdf3
                0x08008b64                __aeabi_ddiv
 .text          0x08008d34       0xa0 c:/coocox/coide/gcc/sourcery g++ lite/bin/../lib/gcc/arm-none-eabi/4.5.1/thumb2\libgcc.a(_arm_truncdfsf2.o)
                0x08008d34                __truncdfsf2
                0x08008d34                __aeabi_d2f
 .text          0x08008dd4      0x21c c:/coocox/coide/gcc/sourcery g++ lite/bin/../lib/gcc/arm-none-eabi/4.5.1/thumb2\libgcc.a(_arm_addsubsf3.o)
                0x08008dd4                __aeabi_frsub
                0x08008ddc                __subsf3
                0x08008ddc                __aeabi_fsub
                0x08008de0                __aeabi_fadd
                0x08008de0                __addsf3
                0x08008f40                __aeabi_ui2f
                0x08008f40                __floatunsisf
                0x08008f48                __aeabi_i2f
                0x08008f48                __floatsisf
                0x08008f64                __aeabi_ul2f
                0x08008f64                __floatundisf
                0x08008f74                __aeabi_l2f
                0x08008f74                __floatdisf
 .text          0x08008ff0      0x2a0 c:/coocox/coide/gcc/sourcery g++ lite/bin/../lib/gcc/arm-none-eabi/4.5.1/thumb2\libgcc.a(_arm_muldivsf3.o)
                0x08008ff0                __mulsf3
                0x08008ff0                __aeabi_fmul
                0x08009158                __aeabi_fdiv
                0x08009158                __divsf3
 .text          0x08009290       0x58 c:/coocox/coide/gcc/sourcery g++ lite/bin/../lib/gcc/arm-none-eabi/4.5.1/../../../../arm-none-eabi/lib/thumb2\libc.a(lib_a-memcmp.o)
                0x08009290                memcmp
 .text          0x080092e8      0x150 c:/coocox/coide/gcc/sourcery g++ lite/bin/../lib/gcc/arm-none-eabi/4.5.1/../../../../arm-none-eabi/lib/thumb2\libc.a(lib_a-memcpy.o)
                0x080092e8                memcpy
 .text          0x08009438       0xb4 c:/coocox/coide/gcc/sourcery g++ lite/bin/../lib/gcc/arm-none-eabi/4.5.1/../../../../arm-none-eabi/lib/thumb2\libc.a(lib_a-memset.o)
                0x08009438                memset
 *(.glue_7t)
 .glue_7t       0x00000000        0x0 linker stubs
 *(.glue_7)
 .glue_7        0x00000000        0x0 linker stubs
 *(.rodata .rodata* .gnu.linkonce.r.*)
 .rodata        0x080094ec       0x20 ..\obj\protocol.o
 .rodata        0x0800950c      0x200 ..\obj\mbcrc.o
 .rodata        0x0800970c       0x1c ..\obj\tasks.o
 .rodata        0x08009728        0x4 ..\obj\port.o
 .rodata        0x0800972c       0x58 ..\obj\ADS1220.o
 .rodata        0x08009784       0x18 ..\obj\frequency.o
 .rodata        0x0800979c        0x2 ..\obj\heap_2.o
 *fill*         0x0800979e        0x2 00
 .rodata        0x080097a0        0x4 ..\obj\controller.o
                0x080097a0                stSettingsDefault

.vfp11_veneer   0x080097a4        0x0
 .vfp11_veneer  0x00000000        0x0 linker stubs

.v4_bx          0x080097a4        0x0
 .v4_bx         0x00000000        0x0 linker stubs

.ARM.extab
 *(.ARM.extab* .gnu.linkonce.armextab.*)

.ARM.exidx
 *(.ARM.exidx* .gnu.linkonce.armexidx.*)
                0x080097a4                . = ALIGN (0x4)
                0x080097a4                _etext = .
                0x080097a4                _sidata = .

.data           0x20000000       0xb8 load address 0x080097a4
                0x20000000                _sdata = .
 *(.data .data.*)
 .data          0x20000000        0x6 ..\obj\mbport.o
                0x20000000                REG_INPUT_START
                0x20000001                REG_HOLDING_START
                0x20000002                REG_INPUT_NREGS
                0x20000003                REG_HOLDING_NREGS
                0x20000004                usRegInputStart
                0x20000005                usRegHoldingStart
 *fill*         0x20000006        0x2 00
 .data          0x20000008       0x80 ..\obj\mb.o
 .data          0x20000088       0x10 ..\obj\stm32f4xx_rcc.o
 .data          0x20000098        0x4 ..\obj\tasks.o
 .data          0x2000009c       0x14 ..\obj\system_stm32f4xx.o
                0x2000009c                SystemCoreClock
                0x200000a0                AHBPrescTable
 .data          0x200000b0        0x4 ..\obj\port.o
 .data          0x200000b4        0x4 ..\obj\heap_2.o
                0x200000b8                . = ALIGN (0x4)
                0x200000b8                _edata = .

.bss            0x200000b8     0x24fc load address 0x0800985c
                0x200000b8                _sbss = .
 *(.bss .bss.*)
 .bss           0x200000b8       0x24 ..\obj\mbfuncother.o
 .bss           0x200000dc       0xfc ..\obj\tasks.o
                0x200000dc                pxCurrentTCB
 .bss           0x200001d8        0x8 ..\obj\porttimer.o
 .bss           0x200001e0        0x8 ..\obj\port.o
 .bss           0x200001e8       0x10 ..\obj\portserial.o
 .bss           0x200001f8       0x1c ..\obj\frequency.o
                0x20000210                xHigherPriorityTaskWoken
 .bss           0x20000214     0x2014 ..\obj\heap_2.o
 *(COMMON)
 COMMON         0x20002228      0x2e8 ..\obj\protocol.o
                0x20002228                stContext_RS232
                0x2000239c                stContext_RS485
 COMMON         0x20002510       0x50 ..\obj\watchdog.o
                0x20002510                task_watches
 COMMON         0x20002560        0x4 ..\obj\fram_i2c.o
                0x20002560                xI2CBusMutex
 COMMON         0x20002564        0x4 ..\obj\ADS1220.o
                0x20002564                xADC_SPI_Mutex
 COMMON         0x20002568        0x8 ..\obj\frequency.o
                0x20002568                xFrequencySemaphore
 COMMON         0x20002570       0x44 ..\obj\controller.o
                0x20002570                stSettings
                0x20002574                xMeasureDataMutex
                0x20002578                stMeasureData
                0x200025b0                xSettingsMutex
                0x200025b4                . = ALIGN (0x4)
                0x200025b4                _ebss = .

.co_stack       0x200025b4      0x804 load address 0x0800bd58
                0x200025b8                . = ALIGN (0x8)
 *fill*         0x200025b4        0x4 00
 *(.co_stack .co_stack.*)
 .co_stack      0x200025b8      0x800 ..\obj\startup_stm32f4xx.o
                0x200025b8                pulStack
                0x20002db8                . = ALIGN (0x4)
                0x20002db8                _end = .
LOAD ..\obj\stm32f4xx_syscfg.o
LOAD ..\obj\mbport.o
LOAD ..\obj\mb.o
LOAD ..\obj\protocol.o
LOAD ..\obj\mbfuncdisc.o
LOAD ..\obj\core_cm3.o
LOAD ..\obj\portevent.o
LOAD ..\obj\mbfuncother.o
LOAD ..\obj\stm32f4xx_usart.o
LOAD ..\obj\stm32f4xx_pwr.o
LOAD ..\obj\rtc.o
LOAD ..\obj\mbutils.o
LOAD ..\obj\startup_stm32f4xx.o
LOAD ..\obj\backup_sram.o
LOAD ..\obj\stm32f4xx_iwdg.o
LOAD ..\obj\mbfuncholding.o
LOAD ..\obj\main.o
LOAD ..\obj\mbcrc.o
LOAD ..\obj\stm32f4xx_rcc.o
LOAD ..\obj\timers.o
LOAD ..\obj\mbfuncinput.o
LOAD ..\obj\printf.o
LOAD ..\obj\watchdog.o
LOAD ..\obj\mbfuncdiag.o
LOAD ..\obj\tasks.o
LOAD ..\obj\fram_i2c.o
LOAD ..\obj\stm32f4xx_gpio.o
LOAD ..\obj\porttimer.o
LOAD ..\obj\mbrtu.o
LOAD ..\obj\list.o
LOAD ..\obj\system_stm32f4xx.o
LOAD ..\obj\syscalls.o
LOAD ..\obj\port.o
LOAD ..\obj\queue.o
LOAD ..\obj\portserial.o
LOAD ..\obj\croutine.o
LOAD ..\obj\stm32f4xx_spi.o
LOAD ..\obj\mbfunccoils.o
LOAD ..\obj\event_groups.o
LOAD ..\obj\ADS1220.o
LOAD ..\obj\stm32f4xx_i2c.o
LOAD ..\obj\frequency.o
LOAD ..\obj\stm32f4xx_exti.o
LOAD ..\obj\misc.o
LOAD ..\obj\stm32f4xx_rtc.o
LOAD ..\obj\mbascii.o
LOAD ..\obj\heap_2.o
LOAD ..\obj\controller.o
LOAD ..\obj\stm32f4xx_tim.o
LOAD ..\obj\power_detector.o
START GROUP
LOAD c:/coocox/coide/gcc/sourcery g++ lite/bin/../lib/gcc/arm-none-eabi/4.5.1/thumb2\libgcc.a
LOAD c:/coocox/coide/gcc/sourcery g++ lite/bin/../lib/gcc/arm-none-eabi/4.5.1/../../../../arm-none-eabi/lib/thumb2\libc.a
END GROUP
OUTPUT(IMS_CONTROLLER.elf elf32-littlearm)

.debug_abbrev   0x00000000     0x39e1
 .debug_abbrev  0x00000000      0x12a ..\obj\stm32f4xx_syscfg.o
 .debug_abbrev  0x0000012a      0x178 ..\obj\mbport.o
 .debug_abbrev  0x000002a2      0x199 ..\obj\mb.o
 .debug_abbrev  0x0000043b      0x164 ..\obj\protocol.o
 .debug_abbrev  0x0000059f       0xa5 ..\obj\mbfuncdisc.o
 .debug_abbrev  0x00000644       0xd5 ..\obj\core_cm3.o
 .debug_abbrev  0x00000719       0xc1 ..\obj\portevent.o
 .debug_abbrev  0x000007da       0xbe ..\obj\mbfuncother.o
 .debug_abbrev  0x00000898      0x14e ..\obj\stm32f4xx_usart.o
 .debug_abbrev  0x000009e6      0x175 ..\obj\stm32f4xx_pwr.o
 .debug_abbrev  0x00000b5b       0xc6 ..\obj\rtc.o
 .debug_abbrev  0x00000c21       0xd2 ..\obj\mbutils.o
 .debug_abbrev  0x00000cf3       0xac ..\obj\startup_stm32f4xx.o
 .debug_abbrev  0x00000d9f       0xa7 ..\obj\backup_sram.o
 .debug_abbrev  0x00000e46       0xfa ..\obj\stm32f4xx_iwdg.o
 .debug_abbrev  0x00000f40       0xa5 ..\obj\mbfuncholding.o
 .debug_abbrev  0x00000fe5       0xc0 ..\obj\main.o
 .debug_abbrev  0x000010a5       0x90 ..\obj\mbcrc.o
 .debug_abbrev  0x00001135      0x1b7 ..\obj\stm32f4xx_rcc.o
 .debug_abbrev  0x000012ec       0x28 ..\obj\timers.o
 .debug_abbrev  0x00001314       0xa5 ..\obj\mbfuncinput.o
 .debug_abbrev  0x000013b9      0x238 ..\obj\printf.o
 .debug_abbrev  0x000015f1      0x120 ..\obj\watchdog.o
 .debug_abbrev  0x00001711        0x1 ..\obj\mbfuncdiag.o
 .debug_abbrev  0x00001712      0x206 ..\obj\tasks.o
 .debug_abbrev  0x00001918      0x186 ..\obj\fram_i2c.o
 .debug_abbrev  0x00001a9e      0x182 ..\obj\stm32f4xx_gpio.o
 .debug_abbrev  0x00001c20      0x1b6 ..\obj\porttimer.o
 .debug_abbrev  0x00001dd6      0x180 ..\obj\mbrtu.o
 .debug_abbrev  0x00001f56       0xb8 ..\obj\list.o
 .debug_abbrev  0x0000200e      0x140 ..\obj\system_stm32f4xx.o
 .debug_abbrev  0x0000214e       0xde ..\obj\syscalls.o
 .debug_abbrev  0x0000222c      0x186 ..\obj\port.o
 .debug_abbrev  0x000023b2      0x132 ..\obj\queue.o
 .debug_abbrev  0x000024e4      0x203 ..\obj\portserial.o
 .debug_abbrev  0x000026e7      0x17f ..\obj\croutine.o
 .debug_abbrev  0x00002866      0x160 ..\obj\stm32f4xx_spi.o
 .debug_abbrev  0x000029c6       0xb7 ..\obj\mbfunccoils.o
 .debug_abbrev  0x00002a7d      0x10f ..\obj\event_groups.o
 .debug_abbrev  0x00002b8c      0x1ac ..\obj\ADS1220.o
 .debug_abbrev  0x00002d38      0x15d ..\obj\stm32f4xx_i2c.o
 .debug_abbrev  0x00002e95      0x1b6 ..\obj\frequency.o
 .debug_abbrev  0x0000304b      0x198 ..\obj\stm32f4xx_exti.o
 .debug_abbrev  0x000031e3      0x126 ..\obj\misc.o
 .debug_abbrev  0x00003309      0x16b ..\obj\stm32f4xx_rtc.o
 .debug_abbrev  0x00003474       0x4d ..\obj\mbascii.o
 .debug_abbrev  0x000034c1      0x15f ..\obj\heap_2.o
 .debug_abbrev  0x00003620       0xf9 ..\obj\controller.o
 .debug_abbrev  0x00003719      0x163 ..\obj\stm32f4xx_tim.o
 .debug_abbrev  0x0000387c      0x165 ..\obj\power_detector.o

.debug_info     0x00000000    0x1452f
 .debug_info    0x00000000      0x27a ..\obj\stm32f4xx_syscfg.o
 .debug_info    0x0000027a      0x767 ..\obj\mbport.o
 .debug_info    0x000009e1      0x9a1 ..\obj\mb.o
 .debug_info    0x00001382      0x884 ..\obj\protocol.o
 .debug_info    0x00001c06      0x1f9 ..\obj\mbfuncdisc.o
 .debug_info    0x00001dff      0x548 ..\obj\core_cm3.o
 .debug_info    0x00002347      0x1c4 ..\obj\portevent.o
 .debug_info    0x0000250b      0x25c ..\obj\mbfuncother.o
 .debug_info    0x00002767      0xa4f ..\obj\stm32f4xx_usart.o
 .debug_info    0x000031b6      0x53e ..\obj\stm32f4xx_pwr.o
 .debug_info    0x000036f4      0x16b ..\obj\rtc.o
 .debug_info    0x0000385f      0x2d1 ..\obj\mbutils.o
 .debug_info    0x00003b30      0x135 ..\obj\startup_stm32f4xx.o
 .debug_info    0x00003c65      0x11f ..\obj\backup_sram.o
 .debug_info    0x00003d84      0x20b ..\obj\stm32f4xx_iwdg.o
 .debug_info    0x00003f8f      0x38e ..\obj\mbfuncholding.o
 .debug_info    0x0000431d      0x188 ..\obj\main.o
 .debug_info    0x000044a5      0x13e ..\obj\mbcrc.o
 .debug_info    0x000045e3      0xd24 ..\obj\stm32f4xx_rcc.o
 .debug_info    0x00005307       0x6f ..\obj\timers.o
 .debug_info    0x00005376      0x1eb ..\obj\mbfuncinput.o
 .debug_info    0x00005561      0xed2 ..\obj\printf.o
 .debug_info    0x00006433      0x1ab ..\obj\watchdog.o
 .debug_info    0x000065de        0x0 ..\obj\mbfuncdiag.o
 .debug_info    0x000065de     0x12a7 ..\obj\tasks.o
 .debug_info    0x00007885      0x639 ..\obj\fram_i2c.o
 .debug_info    0x00007ebe      0x639 ..\obj\stm32f4xx_gpio.o
 .debug_info    0x000084f7      0xe0c ..\obj\porttimer.o
 .debug_info    0x00009303      0x7fd ..\obj\mbrtu.o
 .debug_info    0x00009b00      0x2b5 ..\obj\list.o
 .debug_info    0x00009db5      0x5ea ..\obj\system_stm32f4xx.o
 .debug_info    0x0000a39f      0x440 ..\obj\syscalls.o
 .debug_info    0x0000a7df      0x330 ..\obj\port.o
 .debug_info    0x0000ab0f      0x9ea ..\obj\queue.o
 .debug_info    0x0000b4f9     0x1160 ..\obj\portserial.o
 .debug_info    0x0000c659      0x4ec ..\obj\croutine.o
 .debug_info    0x0000cb45      0xbcc ..\obj\stm32f4xx_spi.o
 .debug_info    0x0000d711      0x31e ..\obj\mbfunccoils.o
 .debug_info    0x0000da2f      0x639 ..\obj\event_groups.o
 .debug_info    0x0000e068      0x747 ..\obj\ADS1220.o
 .debug_info    0x0000e7af      0xb91 ..\obj\stm32f4xx_i2c.o
 .debug_info    0x0000f340      0xc86 ..\obj\frequency.o
 .debug_info    0x0000ffc6      0x372 ..\obj\stm32f4xx_exti.o
 .debug_info    0x00010338      0x594 ..\obj\misc.o
 .debug_info    0x000108cc     0x1223 ..\obj\stm32f4xx_rtc.o
 .debug_info    0x00011aef       0x9b ..\obj\mbascii.o
 .debug_info    0x00011b8a      0x2e3 ..\obj\heap_2.o
 .debug_info    0x00011e6d      0x242 ..\obj\controller.o
 .debug_info    0x000120af     0x1e28 ..\obj\stm32f4xx_tim.o
 .debug_info    0x00013ed7      0x658 ..\obj\power_detector.o

.debug_line     0x00000000     0xa13e
 .debug_line    0x00000000      0x202 ..\obj\stm32f4xx_syscfg.o
 .debug_line    0x00000202      0x4a6 ..\obj\mbport.o
 .debug_line    0x000006a8      0x326 ..\obj\mb.o
 .debug_line    0x000009ce      0x333 ..\obj\protocol.o
 .debug_line    0x00000d01      0x1ed ..\obj\mbfuncdisc.o
 .debug_line    0x00000eee      0x28e ..\obj\core_cm3.o
 .debug_line    0x0000117c      0x1d1 ..\obj\portevent.o
 .debug_line    0x0000134d      0x259 ..\obj\mbfuncother.o
 .debug_line    0x000015a6      0x49c ..\obj\stm32f4xx_usart.o
 .debug_line    0x00001a42      0x29f ..\obj\stm32f4xx_pwr.o
 .debug_line    0x00001ce1      0x1fe ..\obj\rtc.o
 .debug_line    0x00001edf      0x261 ..\obj\mbutils.o
 .debug_line    0x00002140       0xaf ..\obj\startup_stm32f4xx.o
 .debug_line    0x000021ef      0x1a8 ..\obj\backup_sram.o
 .debug_line    0x00002397      0x1f9 ..\obj\stm32f4xx_iwdg.o
 .debug_line    0x00002590      0x283 ..\obj\mbfuncholding.o
 .debug_line    0x00002813      0x2ad ..\obj\main.o
 .debug_line    0x00002ac0      0x164 ..\obj\mbcrc.o
 .debug_line    0x00002c24      0x598 ..\obj\stm32f4xx_rcc.o
 .debug_line    0x000031bc       0x1d ..\obj\timers.o
 .debug_line    0x000031d9      0x1e3 ..\obj\mbfuncinput.o
 .debug_line    0x000033bc      0x3cf ..\obj\printf.o
 .debug_line    0x0000378b      0x257 ..\obj\watchdog.o
 .debug_line    0x000039e2        0x0 ..\obj\mbfuncdiag.o
 .debug_line    0x000039e2      0xab6 ..\obj\tasks.o
 .debug_line    0x00004498      0x427 ..\obj\fram_i2c.o
 .debug_line    0x000048bf      0x337 ..\obj\stm32f4xx_gpio.o
 .debug_line    0x00004bf6      0x3cd ..\obj\porttimer.o
 .debug_line    0x00004fc3      0x293 ..\obj\mbrtu.o
 .debug_line    0x00005256      0x241 ..\obj\list.o
 .debug_line    0x00005497      0x211 ..\obj\system_stm32f4xx.o
 .debug_line    0x000056a8      0x19d ..\obj\syscalls.o
 .debug_line    0x00005845      0x30a ..\obj\port.o
 .debug_line    0x00005b4f      0x6fb ..\obj\queue.o
 .debug_line    0x0000624a      0x4e1 ..\obj\portserial.o
 .debug_line    0x0000672b      0x30d ..\obj\croutine.o
 .debug_line    0x00006a38      0x44c ..\obj\stm32f4xx_spi.o
 .debug_line    0x00006e84      0x25b ..\obj\mbfunccoils.o
 .debug_line    0x000070df      0x395 ..\obj\event_groups.o
 .debug_line    0x00007474      0x47f ..\obj\ADS1220.o
 .debug_line    0x000078f3      0x4d4 ..\obj\stm32f4xx_i2c.o
 .debug_line    0x00007dc7      0x426 ..\obj\frequency.o
 .debug_line    0x000081ed      0x2a1 ..\obj\stm32f4xx_exti.o
 .debug_line    0x0000848e      0x23d ..\obj\misc.o
 .debug_line    0x000086cb      0x80f ..\obj\stm32f4xx_rtc.o
 .debug_line    0x00008eda       0xde ..\obj\mbascii.o
 .debug_line    0x00008fb8      0x28b ..\obj\heap_2.o
 .debug_line    0x00009243      0x229 ..\obj\controller.o
 .debug_line    0x0000946c      0xa71 ..\obj\stm32f4xx_tim.o
 .debug_line    0x00009edd      0x261 ..\obj\power_detector.o

.debug_loc      0x00000000     0x7c67
 .debug_loc     0x00000000      0x144 ..\obj\stm32f4xx_syscfg.o
 .debug_loc     0x00000144      0x13c ..\obj\mbport.o
 .debug_loc     0x00000280      0x150 ..\obj\mb.o
 .debug_loc     0x000003d0       0xa8 ..\obj\protocol.o
 .debug_loc     0x00000478       0x38 ..\obj\mbfuncdisc.o
 .debug_loc     0x000004b0      0x3f0 ..\obj\core_cm3.o
 .debug_loc     0x000008a0       0xa8 ..\obj\portevent.o
 .debug_loc     0x00000948       0x70 ..\obj\mbfuncother.o
 .debug_loc     0x000009b8      0x658 ..\obj\stm32f4xx_usart.o
 .debug_loc     0x00001010      0x288 ..\obj\stm32f4xx_pwr.o
 .debug_loc     0x00001298       0x38 ..\obj\rtc.o
 .debug_loc     0x000012d0       0xa8 ..\obj\mbutils.o
 .debug_loc     0x00001378       0x64 ..\obj\startup_stm32f4xx.o
 .debug_loc     0x000013dc       0x64 ..\obj\backup_sram.o
 .debug_loc     0x00001440      0x138 ..\obj\stm32f4xx_iwdg.o
 .debug_loc     0x00001578       0xe0 ..\obj\mbfuncholding.o
 .debug_loc     0x00001658      0x100 ..\obj\main.o
 .debug_loc     0x00001758       0x38 ..\obj\mbcrc.o
 .debug_loc     0x00001790      0x97c ..\obj\stm32f4xx_rcc.o
 .debug_loc     0x0000210c       0x38 ..\obj\mbfuncinput.o
 .debug_loc     0x00002144      0x3ea ..\obj\printf.o
 .debug_loc     0x0000252e       0x70 ..\obj\watchdog.o
 .debug_loc     0x0000259e      0x92c ..\obj\tasks.o
 .debug_loc     0x00002eca      0x118 ..\obj\fram_i2c.o
 .debug_loc     0x00002fe2      0x310 ..\obj\stm32f4xx_gpio.o
 .debug_loc     0x000032f2      0x1e8 ..\obj\porttimer.o
 .debug_loc     0x000034da      0x1c0 ..\obj\mbrtu.o
 .debug_loc     0x0000369a      0x118 ..\obj\list.o
 .debug_loc     0x000037b2       0x9c ..\obj\system_stm32f4xx.o
 .debug_loc     0x0000384e      0x1ec ..\obj\syscalls.o
 .debug_loc     0x00003a3a      0x1dc ..\obj\port.o
 .debug_loc     0x00003c16      0x460 ..\obj\queue.o
 .debug_loc     0x00004076      0x2c0 ..\obj\portserial.o
 .debug_loc     0x00004336      0x188 ..\obj\croutine.o
 .debug_loc     0x000044be      0x578 ..\obj\stm32f4xx_spi.o
 .debug_loc     0x00004a36       0xa8 ..\obj\mbfunccoils.o
 .debug_loc     0x00004ade      0x230 ..\obj\event_groups.o
 .debug_loc     0x00004d0e      0x1ec ..\obj\ADS1220.o
 .debug_loc     0x00004efa      0x738 ..\obj\stm32f4xx_i2c.o
 .debug_loc     0x00005632      0x10d ..\obj\frequency.o
 .debug_loc     0x0000573f      0x1b4 ..\obj\stm32f4xx_exti.o
 .debug_loc     0x000058f3      0x118 ..\obj\misc.o
 .debug_loc     0x00005a0b      0xc48 ..\obj\stm32f4xx_rtc.o
 .debug_loc     0x00006653      0x100 ..\obj\heap_2.o
 .debug_loc     0x00006753       0x64 ..\obj\controller.o
 .debug_loc     0x000067b7     0x1420 ..\obj\stm32f4xx_tim.o
 .debug_loc     0x00007bd7       0x90 ..\obj\power_detector.o

.debug_pubnames
                0x00000000     0x33b5
 .debug_pubnames
                0x00000000       0xc3 ..\obj\stm32f4xx_syscfg.o
 .debug_pubnames
                0x000000c3      0x112 ..\obj\mbport.o
 .debug_pubnames
                0x000001d5       0x66 ..\obj\mb.o
 .debug_pubnames
                0x0000023b       0x4c ..\obj\protocol.o
 .debug_pubnames
                0x00000287       0x30 ..\obj\mbfuncdisc.o
 .debug_pubnames
                0x000002b7      0x159 ..\obj\core_cm3.o
 .debug_pubnames
                0x00000410       0x50 ..\obj\portevent.o
 .debug_pubnames
                0x00000460       0x3d ..\obj\mbfuncother.o
 .debug_pubnames
                0x0000049d      0x294 ..\obj\stm32f4xx_usart.o
 .debug_pubnames
                0x00000731      0x120 ..\obj\stm32f4xx_pwr.o
 .debug_pubnames
                0x00000851       0x25 ..\obj\rtc.o
 .debug_pubnames
                0x00000876       0x52 ..\obj\mbutils.o
 .debug_pubnames
                0x000008c8       0x4a ..\obj\startup_stm32f4xx.o
 .debug_pubnames
                0x00000912       0x41 ..\obj\backup_sram.o
 .debug_pubnames
                0x00000953       0x91 ..\obj\stm32f4xx_iwdg.o
 .debug_pubnames
                0x000009e4       0xa5 ..\obj\mbfuncholding.o
 .debug_pubnames
                0x00000a89       0x90 ..\obj\main.o
 .debug_pubnames
                0x00000b19       0x20 ..\obj\mbcrc.o
 .debug_pubnames
                0x00000b39      0x417 ..\obj\stm32f4xx_rcc.o
 .debug_pubnames
                0x00000f50       0x2f ..\obj\mbfuncinput.o
 .debug_pubnames
                0x00000f7f      0x101 ..\obj\printf.o
 .debug_pubnames
                0x00001080       0x35 ..\obj\watchdog.o
 .debug_pubnames
                0x000010b5      0x350 ..\obj\tasks.o
 .debug_pubnames
                0x00001405       0x97 ..\obj\fram_i2c.o
 .debug_pubnames
                0x0000149c      0x12d ..\obj\stm32f4xx_gpio.o
 .debug_pubnames
                0x000015c9       0xf0 ..\obj\porttimer.o
 .debug_pubnames
                0x000016b9       0xa6 ..\obj\mbrtu.o
 .debug_pubnames
                0x0000175f       0x72 ..\obj\list.o
 .debug_pubnames
                0x000017d1       0x61 ..\obj\system_stm32f4xx.o
 .debug_pubnames
                0x00001832       0x71 ..\obj\syscalls.o
 .debug_pubnames
                0x000018a3      0x144 ..\obj\port.o
 .debug_pubnames
                0x000019e7      0x18c ..\obj\queue.o
 .debug_pubnames
                0x00001b73      0x123 ..\obj\portserial.o
 .debug_pubnames
                0x00001c96       0x96 ..\obj\croutine.o
 .debug_pubnames
                0x00001d2c      0x221 ..\obj\stm32f4xx_spi.o
 .debug_pubnames
                0x00001f4d       0x5a ..\obj\mbfunccoils.o
 .debug_pubnames
                0x00001fa7       0xf8 ..\obj\event_groups.o
 .debug_pubnames
                0x0000209f       0x76 ..\obj\ADS1220.o
 .debug_pubnames
                0x00002115      0x2cb ..\obj\stm32f4xx_i2c.o
 .debug_pubnames
                0x000023e0       0x74 ..\obj\frequency.o
 .debug_pubnames
                0x00002454       0xbb ..\obj\stm32f4xx_exti.o
 .debug_pubnames
                0x0000250f       0x89 ..\obj\misc.o
 .debug_pubnames
                0x00002598      0x514 ..\obj\stm32f4xx_rtc.o
 .debug_pubnames
                0x00002aac       0x64 ..\obj\heap_2.o
 .debug_pubnames
                0x00002b10       0xa4 ..\obj\controller.o
 .debug_pubnames
                0x00002bb4      0x7c4 ..\obj\stm32f4xx_tim.o
 .debug_pubnames
                0x00003378       0x3d ..\obj\power_detector.o

.debug_pubtypes
                0x00000000     0x24d7
 .debug_pubtypes
                0x00000000       0x6d ..\obj\stm32f4xx_syscfg.o
 .debug_pubtypes
                0x0000006d      0x13d ..\obj\mbport.o
 .debug_pubtypes
                0x000001aa      0x17e ..\obj\mb.o
 .debug_pubtypes
                0x00000328      0x16e ..\obj\protocol.o
 .debug_pubtypes
                0x00000496       0x6e ..\obj\mbfuncdisc.o
 .debug_pubtypes
                0x00000504       0x50 ..\obj\core_cm3.o
 .debug_pubtypes
                0x00000554       0x52 ..\obj\portevent.o
 .debug_pubtypes
                0x000005a6       0x82 ..\obj\mbfuncother.o
 .debug_pubtypes
                0x00000628       0xcd ..\obj\stm32f4xx_usart.o
 .debug_pubtypes
                0x000006f5       0x84 ..\obj\stm32f4xx_pwr.o
 .debug_pubtypes
                0x00000779       0x4b ..\obj\rtc.o
 .debug_pubtypes
                0x000007c4       0x79 ..\obj\mbutils.o
 .debug_pubtypes
                0x0000083d       0x37 ..\obj\backup_sram.o
 .debug_pubtypes
                0x00000874       0x64 ..\obj\stm32f4xx_iwdg.o
 .debug_pubtypes
                0x000008d8       0x6e ..\obj\mbfuncholding.o
 .debug_pubtypes
                0x00000946       0x49 ..\obj\main.o
 .debug_pubtypes
                0x0000098f       0x40 ..\obj\mbcrc.o
 .debug_pubtypes
                0x000009cf       0xaa ..\obj\stm32f4xx_rcc.o
 .debug_pubtypes
                0x00000a79       0x12 ..\obj\timers.o
 .debug_pubtypes
                0x00000a8b       0x6e ..\obj\mbfuncinput.o
 .debug_pubtypes
                0x00000af9      0x139 ..\obj\printf.o
 .debug_pubtypes
                0x00000c32       0x63 ..\obj\watchdog.o
 .debug_pubtypes
                0x00000c95      0x191 ..\obj\tasks.o
 .debug_pubtypes
                0x00000e26      0x143 ..\obj\fram_i2c.o
 .debug_pubtypes
                0x00000f69       0xce ..\obj\stm32f4xx_gpio.o
 .debug_pubtypes
                0x00001037      0x1ad ..\obj\porttimer.o
 .debug_pubtypes
                0x000011e4      0x115 ..\obj\mbrtu.o
 .debug_pubtypes
                0x000012f9       0x98 ..\obj\list.o
 .debug_pubtypes
                0x00001391       0x73 ..\obj\system_stm32f4xx.o
 .debug_pubtypes
                0x00001404       0xaa ..\obj\syscalls.o
 .debug_pubtypes
                0x000014ae       0x7c ..\obj\port.o
 .debug_pubtypes
                0x0000152a      0x122 ..\obj\queue.o
 .debug_pubtypes
                0x0000164c      0x257 ..\obj\portserial.o
 .debug_pubtypes
                0x000018a3      0x107 ..\obj\croutine.o
 .debug_pubtypes
                0x000019aa       0xbc ..\obj\stm32f4xx_spi.o
 .debug_pubtypes
                0x00001a66       0x6e ..\obj\mbfunccoils.o
 .debug_pubtypes
                0x00001ad4       0xf9 ..\obj\event_groups.o
 .debug_pubtypes
                0x00001bcd      0x163 ..\obj\ADS1220.o
 .debug_pubtypes
                0x00001d30       0xbe ..\obj\stm32f4xx_i2c.o
 .debug_pubtypes
                0x00001dee      0x1fc ..\obj\frequency.o
 .debug_pubtypes
                0x00001fea       0xae ..\obj\stm32f4xx_exti.o
 .debug_pubtypes
                0x00002098       0x8c ..\obj\misc.o
 .debug_pubtypes
                0x00002124       0xd8 ..\obj\stm32f4xx_rtc.o
 .debug_pubtypes
                0x000021fc       0x1e ..\obj\mbascii.o
 .debug_pubtypes
                0x0000221a       0x73 ..\obj\heap_2.o
 .debug_pubtypes
                0x0000228d       0xa1 ..\obj\controller.o
 .debug_pubtypes
                0x0000232e       0xe4 ..\obj\stm32f4xx_tim.o
 .debug_pubtypes
                0x00002412       0xc5 ..\obj\power_detector.o

.debug_aranges  0x00000000     0x16c0
 .debug_aranges
                0x00000000       0x48 ..\obj\stm32f4xx_syscfg.o
 .debug_aranges
                0x00000048       0x48 ..\obj\mbport.o
 .debug_aranges
                0x00000090       0x48 ..\obj\mb.o
 .debug_aranges
                0x000000d8       0x30 ..\obj\protocol.o
 .debug_aranges
                0x00000108       0x20 ..\obj\mbfuncdisc.o
 .debug_aranges
                0x00000128       0xc8 ..\obj\core_cm3.o
 .debug_aranges
                0x000001f0       0x30 ..\obj\portevent.o
 .debug_aranges
                0x00000220       0x28 ..\obj\mbfuncother.o
 .debug_aranges
                0x00000248      0x100 ..\obj\stm32f4xx_usart.o
 .debug_aranges
                0x00000348       0x78 ..\obj\stm32f4xx_pwr.o
 .debug_aranges
                0x000003c0       0x20 ..\obj\rtc.o
 .debug_aranges
                0x000003e0       0x30 ..\obj\mbutils.o
 .debug_aranges
                0x00000410       0x28 ..\obj\startup_stm32f4xx.o
 .debug_aranges
                0x00000438       0x28 ..\obj\backup_sram.o
 .debug_aranges
                0x00000460       0x48 ..\obj\stm32f4xx_iwdg.o
 .debug_aranges
                0x000004a8       0x38 ..\obj\mbfuncholding.o
 .debug_aranges
                0x000004e0       0x40 ..\obj\main.o
 .debug_aranges
                0x00000520       0x20 ..\obj\mbcrc.o
 .debug_aranges
                0x00000540      0x178 ..\obj\stm32f4xx_rcc.o
 .debug_aranges
                0x000006b8       0x20 ..\obj\mbfuncinput.o
 .debug_aranges
                0x000006d8       0xa0 ..\obj\printf.o
 .debug_aranges
                0x00000778       0x28 ..\obj\watchdog.o
 .debug_aranges
                0x000007a0      0x170 ..\obj\tasks.o
 .debug_aranges
                0x00000910       0x40 ..\obj\fram_i2c.o
 .debug_aranges
                0x00000950       0x88 ..\obj\stm32f4xx_gpio.o
 .debug_aranges
                0x000009d8       0x68 ..\obj\porttimer.o
 .debug_aranges
                0x00000a40       0x58 ..\obj\mbrtu.o
 .debug_aranges
                0x00000a98       0x40 ..\obj\list.o
 .debug_aranges
                0x00000ad8       0x30 ..\obj\system_stm32f4xx.o
 .debug_aranges
                0x00000b08       0x60 ..\obj\syscalls.o
 .debug_aranges
                0x00000b68       0x90 ..\obj\port.o
 .debug_aranges
                0x00000bf8       0xb8 ..\obj\queue.o
 .debug_aranges
                0x00000cb0       0x80 ..\obj\portserial.o
 .debug_aranges
                0x00000d30       0x50 ..\obj\croutine.o
 .debug_aranges
                0x00000d80       0xe0 ..\obj\stm32f4xx_spi.o
 .debug_aranges
                0x00000e60       0x30 ..\obj\mbfunccoils.o
 .debug_aranges
                0x00000e90       0x68 ..\obj\event_groups.o
 .debug_aranges
                0x00000ef8       0x60 ..\obj\ADS1220.o
 .debug_aranges
                0x00000f58      0x120 ..\obj\stm32f4xx_i2c.o
 .debug_aranges
                0x00001078       0x40 ..\obj\frequency.o
 .debug_aranges
                0x000010b8       0x58 ..\obj\stm32f4xx_exti.o
 .debug_aranges
                0x00001110       0x40 ..\obj\misc.o
 .debug_aranges
                0x00001150      0x1e0 ..\obj\stm32f4xx_rtc.o
 .debug_aranges
                0x00001330       0x40 ..\obj\heap_2.o
 .debug_aranges
                0x00001370       0x28 ..\obj\controller.o
 .debug_aranges
                0x00001398      0x2f8 ..\obj\stm32f4xx_tim.o
 .debug_aranges
                0x00001690       0x30 ..\obj\power_detector.o

.debug_ranges   0x00000000     0x13d0
 .debug_ranges  0x00000000       0x38 ..\obj\stm32f4xx_syscfg.o
 .debug_ranges  0x00000038       0x38 ..\obj\mbport.o
 .debug_ranges  0x00000070       0x38 ..\obj\mb.o
 .debug_ranges  0x000000a8       0x20 ..\obj\protocol.o
 .debug_ranges  0x000000c8       0x10 ..\obj\mbfuncdisc.o
 .debug_ranges  0x000000d8       0xb8 ..\obj\core_cm3.o
 .debug_ranges  0x00000190       0x20 ..\obj\portevent.o
 .debug_ranges  0x000001b0       0x18 ..\obj\mbfuncother.o
 .debug_ranges  0x000001c8       0xf0 ..\obj\stm32f4xx_usart.o
 .debug_ranges  0x000002b8       0x68 ..\obj\stm32f4xx_pwr.o
 .debug_ranges  0x00000320       0x10 ..\obj\rtc.o
 .debug_ranges  0x00000330       0x20 ..\obj\mbutils.o
 .debug_ranges  0x00000350       0x18 ..\obj\startup_stm32f4xx.o
 .debug_ranges  0x00000368       0x18 ..\obj\backup_sram.o
 .debug_ranges  0x00000380       0x38 ..\obj\stm32f4xx_iwdg.o
 .debug_ranges  0x000003b8       0x28 ..\obj\mbfuncholding.o
 .debug_ranges  0x000003e0       0x30 ..\obj\main.o
 .debug_ranges  0x00000410       0x10 ..\obj\mbcrc.o
 .debug_ranges  0x00000420      0x168 ..\obj\stm32f4xx_rcc.o
 .debug_ranges  0x00000588       0x10 ..\obj\mbfuncinput.o
 .debug_ranges  0x00000598       0x90 ..\obj\printf.o
 .debug_ranges  0x00000628       0x18 ..\obj\watchdog.o
 .debug_ranges  0x00000640      0x160 ..\obj\tasks.o
 .debug_ranges  0x000007a0       0x30 ..\obj\fram_i2c.o
 .debug_ranges  0x000007d0       0x78 ..\obj\stm32f4xx_gpio.o
 .debug_ranges  0x00000848       0x58 ..\obj\porttimer.o
 .debug_ranges  0x000008a0       0x48 ..\obj\mbrtu.o
 .debug_ranges  0x000008e8       0x30 ..\obj\list.o
 .debug_ranges  0x00000918       0x20 ..\obj\system_stm32f4xx.o
 .debug_ranges  0x00000938       0x50 ..\obj\syscalls.o
 .debug_ranges  0x00000988       0x80 ..\obj\port.o
 .debug_ranges  0x00000a08       0xa8 ..\obj\queue.o
 .debug_ranges  0x00000ab0       0x70 ..\obj\portserial.o
 .debug_ranges  0x00000b20       0x40 ..\obj\croutine.o
 .debug_ranges  0x00000b60       0xd0 ..\obj\stm32f4xx_spi.o
 .debug_ranges  0x00000c30       0x20 ..\obj\mbfunccoils.o
 .debug_ranges  0x00000c50       0x58 ..\obj\event_groups.o
 .debug_ranges  0x00000ca8       0x50 ..\obj\ADS1220.o
 .debug_ranges  0x00000cf8      0x110 ..\obj\stm32f4xx_i2c.o
 .debug_ranges  0x00000e08       0x30 ..\obj\frequency.o
 .debug_ranges  0x00000e38       0x48 ..\obj\stm32f4xx_exti.o
 .debug_ranges  0x00000e80       0x30 ..\obj\misc.o
 .debug_ranges  0x00000eb0      0x1d0 ..\obj\stm32f4xx_rtc.o
 .debug_ranges  0x00001080       0x30 ..\obj\heap_2.o
 .debug_ranges  0x000010b0       0x18 ..\obj\controller.o
 .debug_ranges  0x000010c8      0x2e8 ..\obj\stm32f4xx_tim.o
 .debug_ranges  0x000013b0       0x20 ..\obj\power_detector.o

.debug_str      0x00000000     0x75a7
 .debug_str     0x00000000      0x21d ..\obj\stm32f4xx_syscfg.o
                                0x26a (size before relaxing)
 .debug_str     0x0000021d      0x396 ..\obj\mbport.o
                                0x471 (size before relaxing)
 .debug_str     0x000005b3      0x5cc ..\obj\mb.o
                                0x785 (size before relaxing)
 .debug_str     0x00000b7f      0x1c9 ..\obj\protocol.o
                                0x821 (size before relaxing)
 .debug_str     0x00000d48       0xc3 ..\obj\mbfuncdisc.o
                                0x2e3 (size before relaxing)
 .debug_str     0x00000e0b      0x173 ..\obj\core_cm3.o
                                0x23a (size before relaxing)
 .debug_str     0x00000f7e       0x9a ..\obj\portevent.o
                                0x1c1 (size before relaxing)
 .debug_str     0x00001018       0xd8 ..\obj\mbfuncother.o
                                0x30c (size before relaxing)
 .debug_str     0x000010f0      0x4e4 ..\obj\stm32f4xx_usart.o
                                0x5fa (size before relaxing)
 .debug_str     0x000015d4      0x1e9 ..\obj\stm32f4xx_pwr.o
                                0x2fc (size before relaxing)
 .debug_str     0x000017bd       0xa9 ..\obj\rtc.o
                                0x1a1 (size before relaxing)
 .debug_str     0x00001866       0xf9 ..\obj\mbutils.o
                                0x320 (size before relaxing)
 .debug_str     0x0000195f       0xbe ..\obj\startup_stm32f4xx.o
                                 0xe9 (size before relaxing)
 .debug_str     0x00001a1d       0x99 ..\obj\backup_sram.o
                                0x15e (size before relaxing)
 .debug_str     0x00001ab6       0xf6 ..\obj\stm32f4xx_iwdg.o
                                0x1d7 (size before relaxing)
 .debug_str     0x00001bac      0x155 ..\obj\mbfuncholding.o
                                0x3c1 (size before relaxing)
 .debug_str     0x00001d01       0xd6 ..\obj\main.o
                                0x1b1 (size before relaxing)
 .debug_str     0x00001dd7       0x77 ..\obj\mbcrc.o
                                0x144 (size before relaxing)
 .debug_str     0x00001e4e      0x5eb ..\obj\stm32f4xx_rcc.o
                                0x7bb (size before relaxing)
 .debug_str     0x00002439       0x56 ..\obj\timers.o
                                 0xeb (size before relaxing)
 .debug_str     0x0000248f       0x79 ..\obj\mbfuncinput.o
                                0x2d7 (size before relaxing)
 .debug_str     0x00002508      0x4a4 ..\obj\printf.o
                                0x5fc (size before relaxing)
 .debug_str     0x000029ac       0x7c ..\obj\watchdog.o
                                0x19b (size before relaxing)
 .debug_str     0x00002a28      0xa38 ..\obj\tasks.o
                                0xb93 (size before relaxing)
 .debug_str     0x00003460      0x334 ..\obj\fram_i2c.o
                                0x4bd (size before relaxing)
 .debug_str     0x00003794      0x1a6 ..\obj\stm32f4xx_gpio.o
                                0x40e (size before relaxing)
 .debug_str     0x0000393a      0x7e5 ..\obj\porttimer.o
                                0xeb5 (size before relaxing)
 .debug_str     0x0000411f      0x121 ..\obj\mbrtu.o
                                0x557 (size before relaxing)
 .debug_str     0x00004240       0xe8 ..\obj\list.o
                                0x231 (size before relaxing)
 .debug_str     0x00004328       0xb6 ..\obj\system_stm32f4xx.o
                                0x309 (size before relaxing)
 .debug_str     0x000043de      0x158 ..\obj\syscalls.o
                                0x27c (size before relaxing)
 .debug_str     0x00004536      0x263 ..\obj\port.o
                                0x360 (size before relaxing)
 .debug_str     0x00004799      0x353 ..\obj\queue.o
                                0x576 (size before relaxing)
 .debug_str     0x00004aec      0x1b3 ..\obj\portserial.o
                               0x1078 (size before relaxing)
 .debug_str     0x00004c9f      0x28c ..\obj\croutine.o
                                0x455 (size before relaxing)
 .debug_str     0x00004f2b      0x3b4 ..\obj\stm32f4xx_spi.o
                                0x5f5 (size before relaxing)
 .debug_str     0x000052df       0xd6 ..\obj\mbfunccoils.o
                                0x34b (size before relaxing)
 .debug_str     0x000053b5      0x2a5 ..\obj\event_groups.o
                                0x452 (size before relaxing)
 .debug_str     0x0000565a      0x17a ..\obj\ADS1220.o
                                0x60c (size before relaxing)
 .debug_str     0x000057d4      0x345 ..\obj\stm32f4xx_i2c.o
                                0x5d0 (size before relaxing)
 .debug_str     0x00005b19      0x17f ..\obj\frequency.o
                                0xc2e (size before relaxing)
 .debug_str     0x00005c98      0x1db ..\obj\stm32f4xx_exti.o
                                0x2d9 (size before relaxing)
 .debug_str     0x00005e73      0x137 ..\obj\misc.o
                                0x344 (size before relaxing)
 .debug_str     0x00005faa      0x8b1 ..\obj\stm32f4xx_rtc.o
                                0xabe (size before relaxing)
 .debug_str     0x0000685b       0x58 ..\obj\mbascii.o
                                0x102 (size before relaxing)
 .debug_str     0x000068b3      0x19b ..\obj\heap_2.o
                                0x284 (size before relaxing)
 .debug_str     0x00006a4e       0x7c ..\obj\controller.o
                                0x20e (size before relaxing)
 .debug_str     0x00006aca      0xa3a ..\obj\stm32f4xx_tim.o
                                0xd3b (size before relaxing)
 .debug_str     0x00007504       0xa3 ..\obj\power_detector.o
                                0x838 (size before relaxing)

.comment        0x00000000       0x2a
 .comment       0x00000000       0x2a ..\obj\stm32f4xx_syscfg.o
                                 0x2b (size before relaxing)
 .comment       0x00000000       0x2b ..\obj\mbport.o
 .comment       0x00000000       0x2b ..\obj\mb.o
 .comment       0x00000000       0x2b ..\obj\protocol.o
 .comment       0x00000000       0x2b ..\obj\mbfuncdisc.o
 .comment       0x00000000       0x2b ..\obj\core_cm3.o
 .comment       0x00000000       0x2b ..\obj\portevent.o
 .comment       0x00000000       0x2b ..\obj\mbfuncother.o
 .comment       0x00000000       0x2b ..\obj\stm32f4xx_usart.o
 .comment       0x00000000       0x2b ..\obj\stm32f4xx_pwr.o
 .comment       0x00000000       0x2b ..\obj\rtc.o
 .comment       0x00000000       0x2b ..\obj\mbutils.o
 .comment       0x00000000       0x2b ..\obj\startup_stm32f4xx.o
 .comment       0x00000000       0x2b ..\obj\backup_sram.o
 .comment       0x00000000       0x2b ..\obj\stm32f4xx_iwdg.o
 .comment       0x00000000       0x2b ..\obj\mbfuncholding.o
 .comment       0x00000000       0x2b ..\obj\main.o
 .comment       0x00000000       0x2b ..\obj\mbcrc.o
 .comment       0x00000000       0x2b ..\obj\stm32f4xx_rcc.o
 .comment       0x00000000       0x2b ..\obj\timers.o
 .comment       0x00000000       0x2b ..\obj\mbfuncinput.o
 .comment       0x00000000       0x2b ..\obj\printf.o
 .comment       0x00000000       0x2b ..\obj\watchdog.o
 .comment       0x00000000       0x2b ..\obj\mbfuncdiag.o
 .comment       0x00000000       0x2b ..\obj\tasks.o
 .comment       0x00000000       0x2b ..\obj\fram_i2c.o
 .comment       0x00000000       0x2b ..\obj\stm32f4xx_gpio.o
 .comment       0x00000000       0x2b ..\obj\porttimer.o
 .comment       0x00000000       0x2b ..\obj\mbrtu.o
 .comment       0x00000000       0x2b ..\obj\list.o
 .comment       0x00000000       0x2b ..\obj\system_stm32f4xx.o
 .comment       0x00000000       0x2b ..\obj\syscalls.o
 .comment       0x00000000       0x2b ..\obj\port.o
 .comment       0x00000000       0x2b ..\obj\queue.o
 .comment       0x00000000       0x2b ..\obj\portserial.o
 .comment       0x00000000       0x2b ..\obj\croutine.o
 .comment       0x00000000       0x2b ..\obj\stm32f4xx_spi.o
 .comment       0x00000000       0x2b ..\obj\mbfunccoils.o
 .comment       0x00000000       0x2b ..\obj\event_groups.o
 .comment       0x00000000       0x2b ..\obj\ADS1220.o
 .comment       0x00000000       0x2b ..\obj\stm32f4xx_i2c.o
 .comment       0x00000000       0x2b ..\obj\frequency.o
 .comment       0x00000000       0x2b ..\obj\stm32f4xx_exti.o
 .comment       0x00000000       0x2b ..\obj\misc.o
 .comment       0x00000000       0x2b ..\obj\stm32f4xx_rtc.o
 .comment       0x00000000       0x2b ..\obj\mbascii.o
 .comment       0x00000000       0x2b ..\obj\heap_2.o
 .comment       0x00000000       0x2b ..\obj\controller.o
 .comment       0x00000000       0x2b ..\obj\stm32f4xx_tim.o
 .comment       0x00000000       0x2b ..\obj\power_detector.o

.ARM.attributes
                0x00000000       0x31
 .ARM.attributes
                0x00000000       0x31 ..\obj\stm32f4xx_syscfg.o
 .ARM.attributes
                0x00000031       0x31 ..\obj\mbport.o
 .ARM.attributes
                0x00000062       0x31 ..\obj\mb.o
 .ARM.attributes
                0x00000093       0x31 ..\obj\protocol.o
 .ARM.attributes
                0x000000c4       0x31 ..\obj\mbfuncdisc.o
 .ARM.attributes
                0x000000f5       0x31 ..\obj\core_cm3.o
 .ARM.attributes
                0x00000126       0x31 ..\obj\portevent.o
 .ARM.attributes
                0x00000157       0x31 ..\obj\mbfuncother.o
 .ARM.attributes
                0x00000188       0x31 ..\obj\stm32f4xx_usart.o
 .ARM.attributes
                0x000001b9       0x31 ..\obj\stm32f4xx_pwr.o
 .ARM.attributes
                0x000001ea       0x31 ..\obj\rtc.o
 .ARM.attributes
                0x0000021b       0x31 ..\obj\mbutils.o
 .ARM.attributes
                0x0000024c       0x31 ..\obj\startup_stm32f4xx.o
 .ARM.attributes
                0x0000027d       0x31 ..\obj\backup_sram.o
 .ARM.attributes
                0x000002ae       0x31 ..\obj\stm32f4xx_iwdg.o
 .ARM.attributes
                0x000002df       0x31 ..\obj\mbfuncholding.o
 .ARM.attributes
                0x00000310       0x31 ..\obj\main.o
 .ARM.attributes
                0x00000341       0x31 ..\obj\mbcrc.o
 .ARM.attributes
                0x00000372       0x31 ..\obj\stm32f4xx_rcc.o
 .ARM.attributes
                0x000003a3       0x31 ..\obj\timers.o
 .ARM.attributes
                0x000003d4       0x31 ..\obj\mbfuncinput.o
 .ARM.attributes
                0x00000405       0x31 ..\obj\printf.o
 .ARM.attributes
                0x00000436       0x31 ..\obj\watchdog.o
 .ARM.attributes
                0x00000467       0x31 ..\obj\mbfuncdiag.o
 .ARM.attributes
                0x00000498       0x31 ..\obj\tasks.o
 .ARM.attributes
                0x000004c9       0x31 ..\obj\fram_i2c.o
 .ARM.attributes
                0x000004fa       0x31 ..\obj\stm32f4xx_gpio.o
 .ARM.attributes
                0x0000052b       0x31 ..\obj\porttimer.o
 .ARM.attributes
                0x0000055c       0x31 ..\obj\mbrtu.o
 .ARM.attributes
                0x0000058d       0x31 ..\obj\list.o
 .ARM.attributes
                0x000005be       0x31 ..\obj\system_stm32f4xx.o
 .ARM.attributes
                0x000005ef       0x31 ..\obj\syscalls.o
 .ARM.attributes
                0x00000620       0x31 ..\obj\port.o
 .ARM.attributes
                0x00000651       0x31 ..\obj\queue.o
 .ARM.attributes
                0x00000682       0x31 ..\obj\portserial.o
 .ARM.attributes
                0x000006b3       0x31 ..\obj\croutine.o
 .ARM.attributes
                0x000006e4       0x31 ..\obj\stm32f4xx_spi.o
 .ARM.attributes
                0x00000715       0x31 ..\obj\mbfunccoils.o
 .ARM.attributes
                0x00000746       0x31 ..\obj\event_groups.o
 .ARM.attributes
                0x00000777       0x31 ..\obj\ADS1220.o
 .ARM.attributes
                0x000007a8       0x31 ..\obj\stm32f4xx_i2c.o
 .ARM.attributes
                0x000007d9       0x31 ..\obj\frequency.o
 .ARM.attributes
                0x0000080a       0x31 ..\obj\stm32f4xx_exti.o
 .ARM.attributes
                0x0000083b       0x31 ..\obj\misc.o
 .ARM.attributes
                0x0000086c       0x31 ..\obj\stm32f4xx_rtc.o
 .ARM.attributes
                0x0000089d       0x31 ..\obj\mbascii.o
 .ARM.attributes
                0x000008ce       0x31 ..\obj\heap_2.o
 .ARM.attributes
                0x000008ff       0x31 ..\obj\controller.o
 .ARM.attributes
                0x00000930       0x31 ..\obj\stm32f4xx_tim.o
 .ARM.attributes
                0x00000961       0x31 ..\obj\power_detector.o
 .ARM.attributes
                0x00000992       0x1b c:/coocox/coide/gcc/sourcery g++ lite/bin/../lib/gcc/arm-none-eabi/4.5.1/thumb2\libgcc.a(_arm_addsubdf3.o)
 .ARM.attributes
                0x000009ad       0x1b c:/coocox/coide/gcc/sourcery g++ lite/bin/../lib/gcc/arm-none-eabi/4.5.1/thumb2\libgcc.a(_arm_muldivdf3.o)
 .ARM.attributes
                0x000009c8       0x1b c:/coocox/coide/gcc/sourcery g++ lite/bin/../lib/gcc/arm-none-eabi/4.5.1/thumb2\libgcc.a(_arm_truncdfsf2.o)
 .ARM.attributes
                0x000009e3       0x1b c:/coocox/coide/gcc/sourcery g++ lite/bin/../lib/gcc/arm-none-eabi/4.5.1/thumb2\libgcc.a(_arm_addsubsf3.o)
 .ARM.attributes
                0x000009fe       0x1b c:/coocox/coide/gcc/sourcery g++ lite/bin/../lib/gcc/arm-none-eabi/4.5.1/thumb2\libgcc.a(_arm_muldivsf3.o)
 .ARM.attributes
                0x00000a19       0x29 c:/coocox/coide/gcc/sourcery g++ lite/bin/../lib/gcc/arm-none-eabi/4.5.1/../../../../arm-none-eabi/lib/thumb2\libc.a(lib_a-memcmp.o)
 .ARM.attributes
                0x00000a42       0x29 c:/coocox/coide/gcc/sourcery g++ lite/bin/../lib/gcc/arm-none-eabi/4.5.1/../../../../arm-none-eabi/lib/thumb2\libc.a(lib_a-memcpy.o)
 .ARM.attributes
                0x00000a6b       0x29 c:/coocox/coide/gcc/sourcery g++ lite/bin/../lib/gcc/arm-none-eabi/4.5.1/../../../../arm-none-eabi/lib/thumb2\libc.a(lib_a-memset.o)

.debug_frame    0x00000000     0x4618
 .debug_frame   0x00000000       0xbc ..\obj\stm32f4xx_syscfg.o
 .debug_frame   0x000000bc       0xb8 ..\obj\mbport.o
 .debug_frame   0x00000174       0xd4 ..\obj\mb.o
 .debug_frame   0x00000248       0x70 ..\obj\protocol.o
 .debug_frame   0x000002b8       0x30 ..\obj\mbfuncdisc.o
 .debug_frame   0x000002e8      0x280 ..\obj\core_cm3.o
 .debug_frame   0x00000568       0x64 ..\obj\portevent.o
 .debug_frame   0x000005cc       0x50 ..\obj\mbfuncother.o
 .debug_frame   0x0000061c      0x344 ..\obj\stm32f4xx_usart.o
 .debug_frame   0x00000960      0x15c ..\obj\stm32f4xx_pwr.o
 .debug_frame   0x00000abc       0x30 ..\obj\rtc.o
 .debug_frame   0x00000aec       0x68 ..\obj\mbutils.o
 .debug_frame   0x00000b54       0x48 ..\obj\startup_stm32f4xx.o
 .debug_frame   0x00000b9c       0x48 ..\obj\backup_sram.o
 .debug_frame   0x00000be4       0xb0 ..\obj\stm32f4xx_iwdg.o
 .debug_frame   0x00000c94       0x90 ..\obj\mbfuncholding.o
 .debug_frame   0x00000d24       0x9c ..\obj\main.o
 .debug_frame   0x00000dc0       0x2c ..\obj\mbcrc.o
 .debug_frame   0x00000dec      0x4d8 ..\obj\stm32f4xx_rcc.o
 .debug_frame   0x000012c4       0x30 ..\obj\mbfuncinput.o
 .debug_frame   0x000012f4      0x244 ..\obj\printf.o
 .debug_frame   0x00001538       0x50 ..\obj\watchdog.o
 .debug_frame   0x00001588      0x53c ..\obj\tasks.o
 .debug_frame   0x00001ac4       0xb0 ..\obj\fram_i2c.o
 .debug_frame   0x00001b74      0x19c ..\obj\stm32f4xx_gpio.o
 .debug_frame   0x00001d10      0x138 ..\obj\porttimer.o
 .debug_frame   0x00001e48      0x110 ..\obj\mbrtu.o
 .debug_frame   0x00001f58       0x9c ..\obj\list.o
 .debug_frame   0x00001ff4       0x64 ..\obj\system_stm32f4xx.o
 .debug_frame   0x00002058      0x108 ..\obj\syscalls.o
 .debug_frame   0x00002160      0x178 ..\obj\port.o
 .debug_frame   0x000022d8      0x290 ..\obj\queue.o
 .debug_frame   0x00002568      0x1a4 ..\obj\portserial.o
 .debug_frame   0x0000270c       0xf0 ..\obj\croutine.o
 .debug_frame   0x000027fc      0x2d0 ..\obj\stm32f4xx_spi.o
 .debug_frame   0x00002acc       0x70 ..\obj\mbfunccoils.o
 .debug_frame   0x00002b3c      0x14c ..\obj\event_groups.o
 .debug_frame   0x00002c88      0x12c ..\obj\ADS1220.o
 .debug_frame   0x00002db4      0x3b4 ..\obj\stm32f4xx_i2c.o
 .debug_frame   0x00003168       0xa8 ..\obj\frequency.o
 .debug_frame   0x00003210       0xec ..\obj\stm32f4xx_exti.o
 .debug_frame   0x000032fc       0x9c ..\obj\misc.o
 .debug_frame   0x00003398      0x670 ..\obj\stm32f4xx_rtc.o
 .debug_frame   0x00003a08       0x9c ..\obj\heap_2.o
 .debug_frame   0x00003aa4       0x4c ..\obj\controller.o
 .debug_frame   0x00003af0      0xa3c ..\obj\stm32f4xx_tim.o
 .debug_frame   0x0000452c       0x64 ..\obj\power_detector.o
 .debug_frame   0x00004590       0x2c c:/coocox/coide/gcc/sourcery g++ lite/bin/../lib/gcc/arm-none-eabi/4.5.1/../../../../arm-none-eabi/lib/thumb2\libc.a(lib_a-memcmp.o)
 .debug_frame   0x000045bc       0x30 c:/coocox/coide/gcc/sourcery g++ lite/bin/../lib/gcc/arm-none-eabi/4.5.1/../../../../arm-none-eabi/lib/thumb2\libc.a(lib_a-memcpy.o)
 .debug_frame   0x000045ec       0x2c c:/coocox/coide/gcc/sourcery g++ lite/bin/../lib/gcc/arm-none-eabi/4.5.1/../../../../arm-none-eabi/lib/thumb2\libc.a(lib_a-memset.o)
