Archive member included because of file (symbol)

C:\Program Files\GNU Tools ARM Embedded\4.9 2015q2\arm-none-eabi\lib\armv7e-m\fpu\libc.a(lib_a-memcmp.o)
                              ..\obj\tasks.o (memcmp)
C:\Program Files\GNU Tools ARM Embedded\4.9 2015q2\arm-none-eabi\lib\armv7e-m\fpu\libc.a(lib_a-memcpy.o)
                              ..\obj\mbport.o (memcpy)
C:\Program Files\GNU Tools ARM Embedded\4.9 2015q2\arm-none-eabi\lib\armv7e-m\fpu\libc.a(lib_a-memset.o)
                              ..\obj\tasks.o (memset)
C:\Program Files\GNU Tools ARM Embedded\4.9 2015q2\arm-none-eabi\lib\armv7e-m\fpu\libc.a(lib_a-strlen.o)
                              ..\obj\wiznet.o (strlen)
C:\Program Files\GNU Tools ARM Embedded\4.9 2015q2\arm-none-eabi\lib\armv7e-m\fpu\libm.a(lib_a-sf_sin.o)
                              ..\obj\calc.o (sinf)
C:\Program Files\GNU Tools ARM Embedded\4.9 2015q2\arm-none-eabi\lib\armv7e-m\fpu\libm.a(lib_a-wf_sqrt.o)
                              ..\obj\ADS1220.o (sqrtf)
C:\Program Files\GNU Tools ARM Embedded\4.9 2015q2\arm-none-eabi\lib\armv7e-m\fpu\libm.a(lib_a-ef_rem_pio2.o)
                              C:\Program Files\GNU Tools ARM Embedded\4.9 2015q2\arm-none-eabi\lib\armv7e-m\fpu\libm.a(lib_a-sf_sin.o) (__ieee754_rem_pio2f)
C:\Program Files\GNU Tools ARM Embedded\4.9 2015q2\arm-none-eabi\lib\armv7e-m\fpu\libm.a(lib_a-ef_sqrt.o)
                              C:\Program Files\GNU Tools ARM Embedded\4.9 2015q2\arm-none-eabi\lib\armv7e-m\fpu\libm.a(lib_a-wf_sqrt.o) (__ieee754_sqrtf)
C:\Program Files\GNU Tools ARM Embedded\4.9 2015q2\arm-none-eabi\lib\armv7e-m\fpu\libm.a(lib_a-kf_cos.o)
                              C:\Program Files\GNU Tools ARM Embedded\4.9 2015q2\arm-none-eabi\lib\armv7e-m\fpu\libm.a(lib_a-sf_sin.o) (__kernel_cosf)
C:\Program Files\GNU Tools ARM Embedded\4.9 2015q2\arm-none-eabi\lib\armv7e-m\fpu\libm.a(lib_a-kf_rem_pio2.o)
                              C:\Program Files\GNU Tools ARM Embedded\4.9 2015q2\arm-none-eabi\lib\armv7e-m\fpu\libm.a(lib_a-ef_rem_pio2.o) (__kernel_rem_pio2f)
C:\Program Files\GNU Tools ARM Embedded\4.9 2015q2\arm-none-eabi\lib\armv7e-m\fpu\libm.a(lib_a-kf_sin.o)
                              C:\Program Files\GNU Tools ARM Embedded\4.9 2015q2\arm-none-eabi\lib\armv7e-m\fpu\libm.a(lib_a-sf_sin.o) (__kernel_sinf)
C:\Program Files\GNU Tools ARM Embedded\4.9 2015q2\arm-none-eabi\lib\armv7e-m\fpu\libm.a(lib_a-s_lib_ver.o)
                              C:\Program Files\GNU Tools ARM Embedded\4.9 2015q2\arm-none-eabi\lib\armv7e-m\fpu\libm.a(lib_a-wf_sqrt.o) (__fdlib_version)
C:\Program Files\GNU Tools ARM Embedded\4.9 2015q2\arm-none-eabi\lib\armv7e-m\fpu\libm.a(lib_a-s_matherr.o)
                              C:\Program Files\GNU Tools ARM Embedded\4.9 2015q2\arm-none-eabi\lib\armv7e-m\fpu\libm.a(lib_a-wf_sqrt.o) (matherr)
C:\Program Files\GNU Tools ARM Embedded\4.9 2015q2\arm-none-eabi\lib\armv7e-m\fpu\libm.a(lib_a-sf_fabs.o)
                              C:\Program Files\GNU Tools ARM Embedded\4.9 2015q2\arm-none-eabi\lib\armv7e-m\fpu\libm.a(lib_a-ef_rem_pio2.o) (fabsf)
C:\Program Files\GNU Tools ARM Embedded\4.9 2015q2\arm-none-eabi\lib\armv7e-m\fpu\libm.a(lib_a-sf_floor.o)
                              C:\Program Files\GNU Tools ARM Embedded\4.9 2015q2\arm-none-eabi\lib\armv7e-m\fpu\libm.a(lib_a-kf_rem_pio2.o) (floorf)
C:\Program Files\GNU Tools ARM Embedded\4.9 2015q2\arm-none-eabi\lib\armv7e-m\fpu\libm.a(lib_a-sf_fpclassify.o)
                              C:\Program Files\GNU Tools ARM Embedded\4.9 2015q2\arm-none-eabi\lib\armv7e-m\fpu\libm.a(lib_a-wf_sqrt.o) (__fpclassifyf)
C:\Program Files\GNU Tools ARM Embedded\4.9 2015q2\arm-none-eabi\lib\armv7e-m\fpu\libm.a(lib_a-sf_scalbn.o)
                              C:\Program Files\GNU Tools ARM Embedded\4.9 2015q2\arm-none-eabi\lib\armv7e-m\fpu\libm.a(lib_a-kf_rem_pio2.o) (scalbnf)
C:\Program Files\GNU Tools ARM Embedded\4.9 2015q2\arm-none-eabi\lib\armv7e-m\fpu\libm.a(lib_a-sf_copysign.o)
                              C:\Program Files\GNU Tools ARM Embedded\4.9 2015q2\arm-none-eabi\lib\armv7e-m\fpu\libm.a(lib_a-sf_scalbn.o) (copysignf)
c:/program files/gnu tools arm embedded/4.9 2015q2/bin/../lib/gcc/arm-none-eabi/4.9.3/armv7e-m/fpu\libgcc.a(_arm_addsubdf3.o)
                              ..\obj\ADS1220.o (__aeabi_dsub)
c:/program files/gnu tools arm embedded/4.9 2015q2/bin/../lib/gcc/arm-none-eabi/4.9.3/armv7e-m/fpu\libgcc.a(_arm_muldivdf3.o)
                              ..\obj\ADS1220.o (__aeabi_dmul)
c:/program files/gnu tools arm embedded/4.9 2015q2/bin/../lib/gcc/arm-none-eabi/4.9.3/armv7e-m/fpu\libgcc.a(_arm_truncdfsf2.o)
                              ..\obj\ADS1220.o (__aeabi_d2f)
C:\Program Files\GNU Tools ARM Embedded\4.9 2015q2\arm-none-eabi\lib\armv7e-m\fpu\libg.a(lib_a-errno.o)
                              C:\Program Files\GNU Tools ARM Embedded\4.9 2015q2\arm-none-eabi\lib\armv7e-m\fpu\libm.a(lib_a-wf_sqrt.o) (__errno)

Allocating common symbols
[...]
Memory Configuration

Name             Origin             Length             Attributes
rom              0x08000000         0x00100000         xr
ram              0x20000000         0x00020000         xrw
ram1             0x10000000         0x00010000         xrw
*default*        0x00000000         0xffffffff

Linker script and memory map

                0x20020000                _eram = 0x20020000

.text           0x08000000    0x10bfc
 *(.isr_vector)
 .isr_vector    0x08000000      0x188 ..\obj\startup_stm32f4xx.o
                0x08000000                g_pfnVectors
 *(.text*)
 .text.USB_OTG_EnableCommonInt
                0x08000188       0x44 ..\obj\usb_core.o
 .text.USB_OTG_CoreReset
                0x080001cc       0x8c ..\obj\usb_core.o
 .text.USB_OTG_WritePacket
                0x08000258       0x78 ..\obj\usb_core.o
                0x08000258                USB_OTG_WritePacket
 .text.USB_OTG_ReadPacket
                0x080002d0       0x58 ..\obj\usb_core.o
                0x080002d0                USB_OTG_ReadPacket
 .text.USB_OTG_SelectCore
                0x08000328      0x174 ..\obj\usb_core.o
                0x08000328                USB_OTG_SelectCore
 .text.USB_OTG_CoreInit
                0x0800049c      0x1dc ..\obj\usb_core.o
                0x0800049c                USB_OTG_CoreInit
 .text.USB_OTG_EnableGlobalInt
                0x08000678       0x38 ..\obj\usb_core.o
                0x08000678                USB_OTG_EnableGlobalInt
 .text.USB_OTG_DisableGlobalInt
                0x080006b0       0x38 ..\obj\usb_core.o
                0x080006b0                USB_OTG_DisableGlobalInt
 .text.USB_OTG_FlushTxFifo
                0x080006e8       0x7c ..\obj\usb_core.o
                0x080006e8                USB_OTG_FlushTxFifo
 .text.USB_OTG_FlushRxFifo
                0x08000764       0x60 ..\obj\usb_core.o
                0x08000764                USB_OTG_FlushRxFifo
 .text.USB_OTG_SetCurrentMode
                0x080007c4       0x60 ..\obj\usb_core.o
                0x080007c4                USB_OTG_SetCurrentMode
 .text.USB_OTG_GetMode
                0x08000824       0x20 ..\obj\usb_core.o
                0x08000824                USB_OTG_GetMode
 .text.USB_OTG_IsDeviceMode
                0x08000844       0x24 ..\obj\usb_core.o
                0x08000844                USB_OTG_IsDeviceMode
 .text.USB_OTG_ReadCoreItr
                0x08000868       0x30 ..\obj\usb_core.o
                0x08000868                USB_OTG_ReadCoreItr
 .text.USB_OTG_InitDevSpeed
                0x08000898       0x38 ..\obj\usb_core.o
                0x08000898                USB_OTG_InitDevSpeed
 .text.USB_OTG_CoreInitDev
                0x080008d0      0x264 ..\obj\usb_core.o
                0x080008d0                USB_OTG_CoreInitDev
 .text.USB_OTG_EnableDevInt
                0x08000b34       0x98 ..\obj\usb_core.o
                0x08000b34                USB_OTG_EnableDevInt
 .text.USB_OTG_GetDeviceSpeed
                0x08000bcc       0x48 ..\obj\usb_core.o
                0x08000bcc                USB_OTG_GetDeviceSpeed
 .text.USB_OTG_EP0Activate
                0x08000c14       0x78 ..\obj\usb_core.o
                0x08000c14                USB_OTG_EP0Activate
 .text.USB_OTG_EPActivate
                0x08000c8c       0xdc ..\obj\usb_core.o
                0x08000c8c                USB_OTG_EPActivate
 .text.USB_OTG_EPDeactivate
                0x08000d68       0x8c ..\obj\usb_core.o
                0x08000d68                USB_OTG_EPDeactivate
 .text.USB_OTG_EPStartXfer
                0x08000df4      0x280 ..\obj\usb_core.o
                0x08000df4                USB_OTG_EPStartXfer
 .text.USB_OTG_EP0StartXfer
                0x08001074      0x1d4 ..\obj\usb_core.o
                0x08001074                USB_OTG_EP0StartXfer
 .text.USB_OTG_EPSetStall
                0x08001248       0x88 ..\obj\usb_core.o
                0x08001248                USB_OTG_EPSetStall
 .text.USB_OTG_EPClearStall
                0x080012d0       0x78 ..\obj\usb_core.o
                0x080012d0                USB_OTG_EPClearStall
 .text.USB_OTG_ReadDevAllOutEp_itr
                0x08001348       0x2c ..\obj\usb_core.o
                0x08001348                USB_OTG_ReadDevAllOutEp_itr
 .text.USB_OTG_ReadDevOutEP_itr
                0x08001374       0x38 ..\obj\usb_core.o
                0x08001374                USB_OTG_ReadDevOutEP_itr
 .text.USB_OTG_ReadDevAllInEPItr
                0x080013ac       0x2c ..\obj\usb_core.o
                0x080013ac                USB_OTG_ReadDevAllInEPItr
 .text.USB_OTG_EP0_OutStart
                0x080013d8       0x70 ..\obj\usb_core.o
                0x080013d8                USB_OTG_EP0_OutStart
 .text.USB_OTG_UngateClock
                0x08001448       0x54 ..\obj\usb_core.o
                0x08001448                USB_OTG_UngateClock
 .text.ENTER_CRITICAL_SECTION
                0x0800149c        0xc ..\obj\mbport.o
                0x0800149c                ENTER_CRITICAL_SECTION
 .text.EXIT_CRITICAL_SECTION
                0x080014a8        0xc ..\obj\mbport.o
                0x080014a8                EXIT_CRITICAL_SECTION
 .text.eMBRegInputCB
                0x080014b4      0x248 ..\obj\mbport.o
                0x080014b4                eMBRegInputCB
 .text.eMBRegHoldingCB
                0x080016fc     0x2708 ..\obj\mbport.o
                0x080016fc                eMBRegHoldingCB
 .text.eMBRegCoilsCB
                0x08003e04       0x28 ..\obj\mbport.o
                0x08003e04                eMBRegCoilsCB
 .text.eMBRegDiscreteCB
                0x08003e2c       0x20 ..\obj\mbport.o
                0x08003e2c                eMBRegDiscreteCB
 .text.eMBFileCB
                0x08003e4c      0x138 ..\obj\mbport.o
                0x08003e4c                eMBFileCB
 .text.Calc_Init
                0x08003f84       0x5c ..\obj\calc.o
                0x08003f84                Calc_Init
 .text.Calc_Task
                0x08003fe0       0x94 ..\obj\calc.o
 .text.eMBInit  0x08004074       0xfc ..\obj\mb.o
                0x08004074                eMBInit
 .text.eMBEnable
                0x08004170       0x44 ..\obj\mb.o
                0x08004170                eMBEnable
 .text.eMBPoll  0x080041b4      0x184 ..\obj\mb.o
                0x080041b4                eMBPoll
 .text.SDIO_ITConfig
                0x08004338       0x3c ..\obj\stm32f4xx_sdio.o
                0x08004338                SDIO_ITConfig
 .text.SDIO_GetITStatus
                0x08004374       0x34 ..\obj\stm32f4xx_sdio.o
                0x08004374                SDIO_GetITStatus
 .text.SDIO_ClearITPendingBit
                0x080043a8       0x1c ..\obj\stm32f4xx_sdio.o
                0x080043a8                SDIO_ClearITPendingBit
 .text.Protocol_Init
                0x080043c4       0xfc ..\obj\protocol.o
                0x080043c4                Protocol_Init
 .text.Modbus_RS485_Task
                0x080044c0       0x30 ..\obj\protocol.o
 .text.Modbus_RS232_Task
                0x080044f0       0x30 ..\obj\protocol.o
 .text.Modbus_USB_CDC_Task
                0x08004520       0x30 ..\obj\protocol.o
 .text.eMBFuncReadDiscreteInputs
                0x08004550      0x104 ..\obj\mbfuncdisc.o
                0x08004550                eMBFuncReadDiscreteInputs
 .text.USBD_USR_Init
                0x08004654        0xc ..\obj\usbd_usr.o
                0x08004654                USBD_USR_Init
 .text.USBD_USR_DeviceReset
                0x08004660       0x14 ..\obj\usbd_usr.o
                0x08004660                USBD_USR_DeviceReset
 .text.USBD_USR_DeviceConfigured
                0x08004674        0xc ..\obj\usbd_usr.o
                0x08004674                USBD_USR_DeviceConfigured
 .text.USBD_USR_DeviceSuspended
                0x08004680        0xc ..\obj\usbd_usr.o
                0x08004680                USBD_USR_DeviceSuspended
 .text.USBD_USR_DeviceResumed
                0x0800468c        0xc ..\obj\usbd_usr.o
                0x0800468c                USBD_USR_DeviceResumed
 .text.xMBPortEventInit
                0x08004698       0x1c ..\obj\portevent.o
                0x08004698                xMBPortEventInit
 .text.xMBPortEventPost
                0x080046b4       0x28 ..\obj\portevent.o
                0x080046b4                xMBPortEventPost
 .text.xMBPortEventGet
                0x080046dc       0x58 ..\obj\portevent.o
                0x080046dc                xMBPortEventGet
 .text.eMBFuncReportSlaveID
                0x08004734       0x3c ..\obj\mbfuncother.o
                0x08004734                eMBFuncReportSlaveID
 .text.USART_Init
                0x08004770      0x178 ..\obj\stm32f4xx_usart.o
                0x08004770                USART_Init
 .text.USART_Cmd
                0x080048e8       0x40 ..\obj\stm32f4xx_usart.o
                0x080048e8                USART_Cmd
 .text.USART_SendData
                0x08004928       0x24 ..\obj\stm32f4xx_usart.o
                0x08004928                USART_SendData
 .text.USART_ReceiveData
                0x0800494c       0x20 ..\obj\stm32f4xx_usart.o
                0x0800494c                USART_ReceiveData
 .text.USART_ITConfig
                0x0800496c       0x90 ..\obj\stm32f4xx_usart.o
                0x0800496c                USART_ITConfig
 .text.USART_GetFlagStatus
                0x080049fc       0x38 ..\obj\stm32f4xx_usart.o
                0x080049fc                USART_GetFlagStatus
 .text.USART_ClearFlag
                0x08004a34       0x20 ..\obj\stm32f4xx_usart.o
                0x08004a34                USART_ClearFlag
 .text.USART_GetITStatus
                0x08004a54       0xb8 ..\obj\stm32f4xx_usart.o
                0x08004a54                USART_GetITStatus
 .text.PWR_BackupAccessCmd
                0x08004b0c       0x20 ..\obj\stm32f4xx_pwr.o
                0x08004b0c                PWR_BackupAccessCmd
 .text.PWR_PVDLevelConfig
                0x08004b2c       0x38 ..\obj\stm32f4xx_pwr.o
                0x08004b2c                PWR_PVDLevelConfig
 .text.PWR_PVDCmd
                0x08004b64       0x20 ..\obj\stm32f4xx_pwr.o
                0x08004b64                PWR_PVDCmd
 .text.RTC_Clock_Init
                0x08004b84       0x78 ..\obj\rtc.o
                0x08004b84                RTC_Clock_Init
 .text.SD_ProcessIRQSrc
                0x08004bfc       0xc8 ..\obj\sdio_sd.o
                0x08004bfc                SD_ProcessIRQSrc
 .text.SD_ProcessDMAIRQ
                0x08004cc4       0x30 ..\obj\sdio_sd.o
                0x08004cc4                SD_ProcessDMAIRQ
 .text.prveMBError2Exception
                0x08004cf4       0x40 ..\obj\mbutils.o
                0x08004cf4                prveMBError2Exception
 .text.SDIO_IRQHandler
                0x08004d34        0xc ..\obj\diskio.o
                0x08004d34                SDIO_IRQHandler
 .text.DMA2_Stream3_IRQHandler
                0x08004d40        0xc ..\obj\diskio.o
                0x08004d40                DMA2_Stream3_IRQHandler
 .text.Default_Reset_Handler
                0x08004d4c       0x68 ..\obj\startup_stm32f4xx.o
                0x08004d4c                Default_Reset_Handler
                0x08004d4c                Reset_Handler
 .text.Default_Handler
                0x08004db4        0x8 ..\obj\startup_stm32f4xx.o
                0x08004db4                RTC_Alarm_IRQHandler
                0x08004db4                HASH_RNG_IRQHandler
                0x08004db4                EXTI2_IRQHandler
                0x08004db4                TIM8_CC_IRQHandler
                0x08004db4                DebugMon_Handler
                0x08004db4                TIM1_CC_IRQHandler
                0x08004db4                DMA2_Stream5_IRQHandler
                0x08004db4                HardFault_Handler
                0x08004db4                DMA1_Stream5_IRQHandler
                0x08004db4                TAMP_STAMP_IRQHandler
                0x08004db4                NMI_Handler
                0x08004db4                CAN2_RX1_IRQHandler
                0x08004db4                EXTI3_IRQHandler
                0x08004db4                TIM8_TRG_COM_TIM14_IRQHandler
                0x08004db4                TIM8_UP_TIM13_IRQHandler
                0x08004db4                I2C3_ER_IRQHandler
                0x08004db4                EXTI0_IRQHandler
                0x08004db4                I2C2_EV_IRQHandler
                0x08004db4                DMA1_Stream2_IRQHandler
                0x08004db4                CAN1_RX0_IRQHandler
                0x08004db4                FPU_IRQHandler
                0x08004db4                OTG_HS_WKUP_IRQHandler
                0x08004db4                UsageFault_Handler
                0x08004db4                CAN2_SCE_IRQHandler
                0x08004db4                DMA2_Stream2_IRQHandler
                0x08004db4                SPI1_IRQHandler
                0x08004db4                TIM6_DAC_IRQHandler
                0x08004db4                TIM1_BRK_TIM9_IRQHandler
                0x08004db4                DCMI_IRQHandler
                0x08004db4                CAN2_RX0_IRQHandler
                0x08004db4                CRYP_IRQHandler
                0x08004db4                CAN1_RX1_IRQHandler
                0x08004db4                UART5_IRQHandler
                0x08004db4                DMA2_Stream0_IRQHandler
                0x08004db4                I2C1_EV_IRQHandler
                0x08004db4                DMA1_Stream6_IRQHandler
                0x08004db4                DMA1_Stream1_IRQHandler
                0x08004db4                UART4_IRQHandler
                0x08004db4                TIM3_IRQHandler
                0x08004db4                RCC_IRQHandler
                0x08004db4                TIM8_BRK_TIM12_IRQHandler
                0x08004db4                EXTI15_10_IRQHandler
                0x08004db4                ADC_IRQHandler
                0x08004db4                DMA1_Stream7_IRQHandler
                0x08004db4                TIM7_IRQHandler
                0x08004db4                CAN2_TX_IRQHandler
                0x08004db4                DMA2_Stream7_IRQHandler
                0x08004db4                I2C3_EV_IRQHandler
                0x08004db4                EXTI9_5_IRQHandler
                0x08004db4                RTC_WKUP_IRQHandler
                0x08004db4                ETH_WKUP_IRQHandler
                0x08004db4                SPI2_IRQHandler
                0x08004db4                OTG_HS_EP1_IN_IRQHandler
                0x08004db4                MemManage_Handler
                0x08004db4                DMA1_Stream0_IRQHandler
                0x08004db4                CAN1_TX_IRQHandler
                0x08004db4                EXTI4_IRQHandler
                0x08004db4                FSMC_IRQHandler
                0x08004db4                ETH_IRQHandler
                0x08004db4                OTG_HS_EP1_OUT_IRQHandler
                0x08004db4                WWDG_IRQHandler
                0x08004db4                TIM1_TRG_COM_TIM11_IRQHandler
                0x08004db4                OTG_HS_IRQHandler
                0x08004db4                EXTI1_IRQHandler
                0x08004db4                USART2_IRQHandler
                0x08004db4                I2C2_ER_IRQHandler
                0x08004db4                DMA2_Stream1_IRQHandler
                0x08004db4                CAN1_SCE_IRQHandler
                0x08004db4                FLASH_IRQHandler
                0x08004db4                DMA2_Stream4_IRQHandler
                0x08004db4                BusFault_Handler
                0x08004db4                USART1_IRQHandler
                0x08004db4                SPI3_IRQHandler
                0x08004db4                DMA1_Stream4_IRQHandler
                0x08004db4                I2C1_ER_IRQHandler
                0x08004db4                DMA2_Stream6_IRQHandler
                0x08004db4                DMA1_Stream3_IRQHandler
 .text.IWDG_WriteAccessCmd
                0x08004dbc       0x20 ..\obj\stm32f4xx_iwdg.o
                0x08004dbc                IWDG_WriteAccessCmd
 .text.IWDG_SetPrescaler
                0x08004ddc       0x20 ..\obj\stm32f4xx_iwdg.o
                0x08004ddc                IWDG_SetPrescaler
 .text.IWDG_SetReload
                0x08004dfc       0x20 ..\obj\stm32f4xx_iwdg.o
                0x08004dfc                IWDG_SetReload
 .text.IWDG_ReloadCounter
                0x08004e1c       0x18 ..\obj\stm32f4xx_iwdg.o
                0x08004e1c                IWDG_ReloadCounter
 .text.IWDG_Enable
                0x08004e34       0x18 ..\obj\stm32f4xx_iwdg.o
                0x08004e34                IWDG_Enable
 .text.eMBFuncWriteHoldingRegister
                0x08004e4c       0x70 ..\obj\mbfuncholding.o
                0x08004e4c                eMBFuncWriteHoldingRegister
 .text.eMBFuncWriteMultipleHoldingRegister
                0x08004ebc       0xbc ..\obj\mbfuncholding.o
                0x08004ebc                eMBFuncWriteMultipleHoldingRegister
 .text.eMBFuncReadHoldingRegister
                0x08004f78       0xe4 ..\obj\mbfuncholding.o
                0x08004f78                eMBFuncReadHoldingRegister
 .text.eMBFuncReadWriteMultipleHoldingRegister
                0x0800505c      0x160 ..\obj\mbfuncholding.o
                0x0800505c                eMBFuncReadWriteMultipleHoldingRegister
 .text.USBD_Init
                0x080051bc       0x54 ..\obj\usbd_core.o
                0x080051bc                USBD_Init
 .text.USBD_DeInit
                0x08005210       0x18 ..\obj\usbd_core.o
                0x08005210                USBD_DeInit
 .text.USBD_SetupStage
                0x08005228       0x6c ..\obj\usbd_core.o
 .text.USBD_DataOutStage
                0x08005294       0xcc ..\obj\usbd_core.o
 .text.USBD_DataInStage
                0x08005360      0x104 ..\obj\usbd_core.o
 .text.USBD_Reset
                0x08005464       0x44 ..\obj\usbd_core.o
 .text.USBD_Resume
                0x080054a8       0x24 ..\obj\usbd_core.o
 .text.USBD_Suspend
                0x080054cc       0x24 ..\obj\usbd_core.o
 .text.USBD_SOF
                0x080054f0       0x2c ..\obj\usbd_core.o
 .text.USBD_SetCfg
                0x0800551c       0x30 ..\obj\usbd_core.o
                0x0800551c                USBD_SetCfg
 .text.USBD_ClrCfg
                0x0800554c       0x28 ..\obj\usbd_core.o
                0x0800554c                USBD_ClrCfg
 .text.USBD_IsoINIncomplete
                0x08005574       0x20 ..\obj\usbd_core.o
 .text.USBD_IsoOUTIncomplete
                0x08005594       0x20 ..\obj\usbd_core.o
 .text.main     0x080055b4       0x14 ..\obj\main.o
                0x080055b4                main
 .text.vApplicationMallocFailedHook
                0x080055c8        0x8 ..\obj\main.o
                0x080055c8                vApplicationMallocFailedHook
 .text.vApplicationStackOverflowHook
                0x080055d0        0xc ..\obj\main.o
                0x080055d0                vApplicationStackOverflowHook
 .text.vApplicationIdleHook
                0x080055dc       0x18 ..\obj\main.o
                0x080055dc                vApplicationIdleHook
 .text.usMBCRC16
                0x080055f4       0x6c ..\obj\mbcrc.o
                0x080055f4                usMBCRC16
 .text.RCC_LSEConfig
                0x08005660       0x40 ..\obj\stm32f4xx_rcc.o
                0x08005660                RCC_LSEConfig
 .text.RCC_GetClocksFreq
                0x080056a0      0x154 ..\obj\stm32f4xx_rcc.o
                0x080056a0                RCC_GetClocksFreq
 .text.RCC_RTCCLKConfig
                0x080057f4       0x5c ..\obj\stm32f4xx_rcc.o
                0x080057f4                RCC_RTCCLKConfig
 .text.RCC_RTCCLKCmd
                0x08005850       0x20 ..\obj\stm32f4xx_rcc.o
                0x08005850                RCC_RTCCLKCmd
 .text.RCC_AHB1PeriphClockCmd
                0x08005870       0x3c ..\obj\stm32f4xx_rcc.o
                0x08005870                RCC_AHB1PeriphClockCmd
 .text.RCC_AHB2PeriphClockCmd
                0x080058ac       0x3c ..\obj\stm32f4xx_rcc.o
                0x080058ac                RCC_AHB2PeriphClockCmd
 .text.RCC_APB1PeriphClockCmd
                0x080058e8       0x3c ..\obj\stm32f4xx_rcc.o
                0x080058e8                RCC_APB1PeriphClockCmd
 .text.RCC_APB2PeriphClockCmd
                0x08005924       0x3c ..\obj\stm32f4xx_rcc.o
                0x08005924                RCC_APB2PeriphClockCmd
 .text.RCC_APB1PeriphResetCmd
                0x08005960       0x3c ..\obj\stm32f4xx_rcc.o
                0x08005960                RCC_APB1PeriphResetCmd
 .text.RCC_GetFlagStatus
                0x0800599c       0x74 ..\obj\stm32f4xx_rcc.o
                0x0800599c                RCC_GetFlagStatus
 .text.eMBFuncReadFile
                0x08005a10      0x204 ..\obj\mbfuncfile.o
                0x08005a10                eMBFuncReadFile
 .text.Log_Read_LogEntry
                0x08005c14       0x48 ..\obj\log.o
                0x08005c14                Log_Read_LogEntry
 .text.eMBFuncReadInputRegister
                0x08005c5c       0xe8 ..\obj\mbfuncinput.o
                0x08005c5c                eMBFuncReadInputRegister
 .text.Watchdog_Init
                0x08005d44       0x70 ..\obj\watchdog.o
                0x08005d44                Watchdog_Init
 .text.Watchdog_SetTaskStatus
                0x08005db4       0x30 ..\obj\watchdog.o
                0x08005db4                Watchdog_SetTaskStatus
 .text.Watchdog_IncrementCouter
                0x08005de4       0x30 ..\obj\watchdog.o
                0x08005de4                Watchdog_IncrementCouter
 .text.Watchdog_Task
                0x08005e14       0x74 ..\obj\watchdog.o
 .text.xTaskGenericCreate
                0x08005e88      0x19c ..\obj\tasks.o
                0x08005e88                xTaskGenericCreate
 .text.vTaskDelay
                0x08006024       0xa4 ..\obj\tasks.o
                0x08006024                vTaskDelay
 .text.vTaskStartScheduler
                0x080060c8       0x80 ..\obj\tasks.o
                0x080060c8                vTaskStartScheduler
 .text.vTaskSuspendAll
                0x08006148       0x1c ..\obj\tasks.o
                0x08006148                vTaskSuspendAll
 .text.xTaskResumeAll
                0x08006164      0x12c ..\obj\tasks.o
                0x08006164                xTaskResumeAll
 .text.xTaskIncrementTick
                0x08006290      0x180 ..\obj\tasks.o
                0x08006290                xTaskIncrementTick
 .text.vTaskSwitchContext
                0x08006410       0xfc ..\obj\tasks.o
                0x08006410                vTaskSwitchContext
 .text.vTaskPlaceOnEventList
                0x0800650c       0x9c ..\obj\tasks.o
                0x0800650c                vTaskPlaceOnEventList
 .text.xTaskRemoveFromEventList
                0x080065a8       0xc8 ..\obj\tasks.o
                0x080065a8                xTaskRemoveFromEventList
 .text.vTaskSetTimeOutState
                0x08006670       0x44 ..\obj\tasks.o
                0x08006670                vTaskSetTimeOutState
 .text.xTaskCheckForTimeOut
                0x080066b4       0xbc ..\obj\tasks.o
                0x080066b4                xTaskCheckForTimeOut
 .text.vTaskMissedYield
                0x08006770       0x18 ..\obj\tasks.o
                0x08006770                vTaskMissedYield
 .text.prvIdleTask
                0x08006788       0x34 ..\obj\tasks.o
 .text.prvInitialiseTCBVariables
                0x080067bc       0xa4 ..\obj\tasks.o
 .text.prvInitialiseTaskLists
                0x08006860       0x7c ..\obj\tasks.o
 .text.prvCheckTasksWaitingTermination
                0x080068dc       0x74 ..\obj\tasks.o
 .text.prvAddCurrentTaskToDelayedList
                0x08006950       0x6c ..\obj\tasks.o
 .text.prvAllocateTCBAndStack
                0x080069bc       0x70 ..\obj\tasks.o
 .text.prvDeleteTCB
                0x08006a2c       0x20 ..\obj\tasks.o
 .text.prvResetNextTaskUnblockTime
                0x08006a4c       0x48 ..\obj\tasks.o
 .text.vTaskPriorityInherit
                0x08006a94       0xf0 ..\obj\tasks.o
                0x08006a94                vTaskPriorityInherit
 .text.xTaskPriorityDisinherit
                0x08006b84       0xe8 ..\obj\tasks.o
                0x08006b84                xTaskPriorityDisinherit
 .text.pvTaskIncrementMutexHeldCount
                0x08006c6c       0x28 ..\obj\tasks.o
                0x08006c6c                pvTaskIncrementMutexHeldCount
 .text.USBD_USR_DeviceDescriptor
                0x08006c94       0x24 ..\obj\usbd_desc.o
                0x08006c94                USBD_USR_DeviceDescriptor
 .text.USBD_USR_LangIDStrDescriptor
                0x08006cb8       0x24 ..\obj\usbd_desc.o
                0x08006cb8                USBD_USR_LangIDStrDescriptor
 .text.USBD_USR_ProductStrDescriptor
                0x08006cdc       0x40 ..\obj\usbd_desc.o
                0x08006cdc                USBD_USR_ProductStrDescriptor
 .text.USBD_USR_ManufacturerStrDescriptor
                0x08006d1c       0x28 ..\obj\usbd_desc.o
                0x08006d1c                USBD_USR_ManufacturerStrDescriptor
 .text.USBD_USR_SerialStrDescriptor
                0x08006d44       0x40 ..\obj\usbd_desc.o
                0x08006d44                USBD_USR_SerialStrDescriptor
 .text.USBD_USR_ConfigStrDescriptor
                0x08006d84       0x3c ..\obj\usbd_desc.o
                0x08006d84                USBD_USR_ConfigStrDescriptor
 .text.USBD_USR_InterfaceStrDescriptor
                0x08006dc0       0x3c ..\obj\usbd_desc.o
                0x08006dc0                USBD_USR_InterfaceStrDescriptor
 .text.FRAM_I2C_Init
                0x08006dfc       0xa8 ..\obj\fram_i2c.o
                0x08006dfc                FRAM_I2C_Init
 .text.FRAM_I2C_Reset
                0x08006ea4      0x144 ..\obj\fram_i2c.o
                0x08006ea4                FRAM_I2C_Reset
 .text.FRAM_I2C_Read_Buffer
                0x08006fe8      0x508 ..\obj\fram_i2c.o
                0x08006fe8                FRAM_I2C_Read_Buffer
 .text.FRAM_I2C_Write_Buffer
                0x080074f0      0x1f4 ..\obj\fram_i2c.o
                0x080074f0                FRAM_I2C_Write_Buffer
 .text.FRAM_Read_Settings
                0x080076e4       0x88 ..\obj\fram_i2c.o
                0x080076e4                FRAM_Read_Settings
 .text.FRAM_Write_Settings
                0x0800776c       0x60 ..\obj\fram_i2c.o
                0x0800776c                FRAM_Write_Settings
 .text.GPIO_Init
                0x080077cc      0x11c ..\obj\stm32f4xx_gpio.o
                0x080077cc                GPIO_Init
 .text.GPIO_ReadInputDataBit
                0x080078e8       0x34 ..\obj\stm32f4xx_gpio.o
                0x080078e8                GPIO_ReadInputDataBit
 .text.GPIO_PinAFConfig
                0x0800791c       0x90 ..\obj\stm32f4xx_gpio.o
                0x0800791c                GPIO_PinAFConfig
 .text.RS485TimersInit
                0x080079ac       0xa0 ..\obj\porttimer.o
                0x080079ac                RS485TimersInit
 .text.RS485TimersEnable
                0x08007a4c       0x2c ..\obj\porttimer.o
                0x08007a4c                RS485TimersEnable
 .text.RS485TimersDisable
                0x08007a78       0x2c ..\obj\porttimer.o
                0x08007a78                RS485TimersDisable
 .text.TIM4_IRQHandler
                0x08007aa4       0x34 ..\obj\porttimer.o
                0x08007aa4                TIM4_IRQHandler
 .text.RS485TimerContextInit
                0x08007ad8       0x50 ..\obj\porttimer.o
                0x08007ad8                RS485TimerContextInit
 .text.RS232TimersInit
                0x08007b28       0xa0 ..\obj\porttimer.o
                0x08007b28                RS232TimersInit
 .text.RS232TimersEnable
                0x08007bc8       0x2c ..\obj\porttimer.o
                0x08007bc8                RS232TimersEnable
 .text.RS232TimersDisable
                0x08007bf4       0x2c ..\obj\porttimer.o
                0x08007bf4                RS232TimersDisable
 .text.TIM5_IRQHandler
                0x08007c20       0x34 ..\obj\porttimer.o
                0x08007c20                TIM5_IRQHandler
 .text.RS232TimerContextInit
                0x08007c54       0x50 ..\obj\porttimer.o
                0x08007c54                RS232TimerContextInit
 .text.USB_CDC_TimersInit
                0x08007ca4       0xa0 ..\obj\porttimer.o
                0x08007ca4                USB_CDC_TimersInit
 .text.USB_CDC_TimersEnable
                0x08007d44       0x2c ..\obj\porttimer.o
                0x08007d44                USB_CDC_TimersEnable
 .text.USB_CDC_TimersDisable
                0x08007d70       0x2c ..\obj\porttimer.o
                0x08007d70                USB_CDC_TimersDisable
 .text.TIM1_UP_TIM10_IRQHandler
                0x08007d9c       0x34 ..\obj\porttimer.o
                0x08007d9c                TIM1_UP_TIM10_IRQHandler
 .text.USB_CDC_TimerContextInit
                0x08007dd0       0x50 ..\obj\porttimer.o
                0x08007dd0                USB_CDC_TimerContextInit
 .text.VCP_Init
                0x08007e20       0x10 ..\obj\usbd_cdc_vcp.o
 .text.VCP_DeInit
                0x08007e30       0x10 ..\obj\usbd_cdc_vcp.o
 .text.VCP_Ctrl
                0x08007e40       0xb8 ..\obj\usbd_cdc_vcp.o
 .text.VCP_DataTx
                0x08007ef8       0x60 ..\obj\usbd_cdc_vcp.o
                0x08007ef8                VCP_DataTx
 .text.VCP_DataRx
                0x08007f58       0x70 ..\obj\usbd_cdc_vcp.o
                0x08007f58                VCP_DataRx
 .text.VCP_get_char
                0x08007fc8       0x58 ..\obj\usbd_cdc_vcp.o
                0x08007fc8                VCP_get_char
 .text.vListInitialise
                0x08008020       0x40 ..\obj\list.o
                0x08008020                vListInitialise
 .text.vListInitialiseItem
                0x08008060       0x18 ..\obj\list.o
                0x08008060                vListInitialiseItem
 .text.vListInsertEnd
                0x08008078       0x48 ..\obj\list.o
                0x08008078                vListInsertEnd
 .text.vListInsert
                0x080080c0       0x70 ..\obj\list.o
                0x080080c0                vListInsert
 .text.uxListRemove
                0x08008130       0x54 ..\obj\list.o
                0x08008130                uxListRemove
 .text.eMBRTUInit
                0x08008184       0x80 ..\obj\mbrtu.o
                0x08008184                eMBRTUInit
 .text.eMBRTUStart
                0x08008204       0x30 ..\obj\mbrtu.o
                0x08008204                eMBRTUStart
 .text.eMBRTUStop
                0x08008234       0x28 ..\obj\mbrtu.o
                0x08008234                eMBRTUStop
 .text.eMBRTUReceive
                0x0800825c       0x7c ..\obj\mbrtu.o
                0x0800825c                eMBRTUReceive
 .text.eMBRTUSend
                0x080082d8       0xd0 ..\obj\mbrtu.o
                0x080082d8                eMBRTUSend
 .text.xMBRTUReceiveFSM
                0x080083a8       0xc0 ..\obj\mbrtu.o
                0x080083a8                xMBRTUReceiveFSM
 .text.xMBRTUTransmitFSM
                0x08008468       0x9c ..\obj\mbrtu.o
                0x08008468                xMBRTUTransmitFSM
 .text.xMBRTUTimerT35Expired
                0x08008504       0x58 ..\obj\mbrtu.o
                0x08008504                xMBRTUTimerT35Expired
 .text.SystemInit
                0x0800855c       0x68 ..\obj\system_stm32f4xx.o
                0x0800855c                SystemInit
 .text.SetSysClock
                0x080085c4       0xf4 ..\obj\system_stm32f4xx.o
 .text.DMA_ClearFlag
                0x080086b8       0x5c ..\obj\stm32f4xx_dma.o
                0x080086b8                DMA_ClearFlag
 .text.USB_OTG_BSP_Init
                0x08008714       0xa0 ..\obj\usb_bsp.o
                0x08008714                USB_OTG_BSP_Init
 .text.USB_OTG_BSP_EnableInterrupt
                0x080087b4       0x30 ..\obj\usb_bsp.o
                0x080087b4                USB_OTG_BSP_EnableInterrupt
 .text.USB_OTG_BSP_uDelay
                0x080087e4       0x48 ..\obj\usb_bsp.o
                0x080087e4                USB_OTG_BSP_uDelay
 .text.USB_OTG_BSP_mDelay
                0x0800882c       0x20 ..\obj\usb_bsp.o
                0x0800882c                USB_OTG_BSP_mDelay
 .text.OTG_FS_WKUP_IRQHandler
                0x0800884c       0x34 ..\obj\usb_bsp.o
                0x0800884c                OTG_FS_WKUP_IRQHandler
 .text.OTG_FS_IRQHandler
                0x08008880       0x10 ..\obj\usb_bsp.o
                0x08008880                OTG_FS_IRQHandler
 .text.USBD_StdDevReq
                0x08008890       0xa0 ..\obj\usbd_req.o
                0x08008890                USBD_StdDevReq
 .text.USBD_StdItfReq
                0x08008930       0x68 ..\obj\usbd_req.o
                0x08008930                USBD_StdItfReq
 .text.USBD_StdEPReq
                0x08008998      0x1b0 ..\obj\usbd_req.o
                0x08008998                USBD_StdEPReq
 .text.USBD_GetDescriptor
                0x08008b48      0x1b8 ..\obj\usbd_req.o
 .text.USBD_SetAddress
                0x08008d00       0x7c ..\obj\usbd_req.o
 .text.USBD_SetConfig
                0x08008d7c       0xf4 ..\obj\usbd_req.o
 .text.USBD_GetConfig
                0x08008e70       0x60 ..\obj\usbd_req.o
 .text.USBD_GetStatus
                0x08008ed0       0x50 ..\obj\usbd_req.o
 .text.USBD_SetFeature
                0x08008f20       0xcc ..\obj\usbd_req.o
 .text.USBD_ClrFeature
                0x08008fec       0x50 ..\obj\usbd_req.o
 .text.USBD_ParseSetupRequest
                0x0800903c       0x90 ..\obj\usbd_req.o
                0x0800903c                USBD_ParseSetupRequest
 .text.USBD_CtlError
                0x080090cc       0x48 ..\obj\usbd_req.o
                0x080090cc                USBD_CtlError
 .text.USBD_GetString
                0x08009114       0x84 ..\obj\usbd_req.o
                0x08009114                USBD_GetString
 .text.USBD_GetLen
                0x08009198       0x30 ..\obj\usbd_req.o
 .text.xQueueGenericReset
                0x080091c8       0xd0 ..\obj\queue.o
                0x080091c8                xQueueGenericReset
 .text.xQueueGenericCreate
                0x08009298       0xb0 ..\obj\queue.o
                0x08009298                xQueueGenericCreate
 .text.xQueueCreateMutex
                0x08009348       0x98 ..\obj\queue.o
                0x08009348                xQueueCreateMutex
 .text.xQueueGenericSend
                0x080093e0      0x1c0 ..\obj\queue.o
                0x080093e0                xQueueGenericSend
 .text.xQueueGiveFromISR
                0x080095a0       0xd4 ..\obj\queue.o
                0x080095a0                xQueueGiveFromISR
 .text.xQueueGenericReceive
                0x08009674      0x1e0 ..\obj\queue.o
                0x08009674                xQueueGenericReceive
 .text.prvCopyDataToQueue
                0x08009854       0xdc ..\obj\queue.o
 .text.prvCopyDataFromQueue
                0x08009930       0x4c ..\obj\queue.o
 .text.prvUnlockQueue
                0x0800997c       0x98 ..\obj\queue.o
 .text.prvIsQueueEmpty
                0x08009a14       0x2c ..\obj\queue.o
 .text.prvIsQueueFull
                0x08009a40       0x30 ..\obj\queue.o
 .text.pxPortInitialiseStack
                0x08009a70       0x64 ..\obj\port.o
                0x08009a70                pxPortInitialiseStack
 .text.prvTaskExitError
                0x08009ad4       0x3c ..\obj\port.o
 .text.SVC_Handler
                0x08009b10       0x20 ..\obj\port.o
                0x08009b10                SVC_Handler
 .text.prvPortStartFirstTask
                0x08009b30       0x20 ..\obj\port.o
 .text.xPortStartScheduler
                0x08009b50       0xd0 ..\obj\port.o
                0x08009b50                xPortStartScheduler
 .text.vPortEnterCritical
                0x08009c20       0x5c ..\obj\port.o
                0x08009c20                vPortEnterCritical
 .text.vPortExitCritical
                0x08009c7c       0x4c ..\obj\port.o
                0x08009c7c                vPortExitCritical
 .text.PendSV_Handler
                0x08009cc8       0x60 ..\obj\port.o
                0x08009cc8                PendSV_Handler
 .text.SysTick_Handler
                0x08009d28       0x44 ..\obj\port.o
                0x08009d28                SysTick_Handler
 .text.vPortSetupTimerInterrupt
                0x08009d6c       0x24 ..\obj\port.o
                0x08009d6c                vPortSetupTimerInterrupt
 .text.vPortEnableVFP
                0x08009d90       0x14 ..\obj\port.o
 .text.vPortValidateInterruptPriority
                0x08009da4       0x78 ..\obj\port.o
                0x08009da4                vPortValidateInterruptPriority
 .text.USBD_OTG_ISR_Handler
                0x08009e1c      0x15c ..\obj\usb_dcd_int.o
                0x08009e1c                USBD_OTG_ISR_Handler
 .text.DCD_HandleResume_ISR
                0x08009f78       0x80 ..\obj\usb_dcd_int.o
 .text.DCD_HandleUSBSuspend_ISR
                0x08009ff8       0x9c ..\obj\usb_dcd_int.o
 .text.DCD_HandleInEP_ISR
                0x0800a094      0x1ec ..\obj\usb_dcd_int.o
 .text.DCD_HandleOutEP_ISR
                0x0800a280      0x178 ..\obj\usb_dcd_int.o
 .text.DCD_HandleSof_ISR
                0x0800a3f8       0x34 ..\obj\usb_dcd_int.o
 .text.DCD_HandleRxStatusQueueLevel_ISR
                0x0800a42c      0x104 ..\obj\usb_dcd_int.o
 .text.DCD_WriteEmptyTxFifo
                0x0800a530      0x110 ..\obj\usb_dcd_int.o
 .text.DCD_HandleUsbReset_ISR
                0x0800a640      0x138 ..\obj\usb_dcd_int.o
 .text.DCD_HandleEnumDone_ISR
                0x0800a778       0x78 ..\obj\usb_dcd_int.o
 .text.DCD_IsoINIncomplete_ISR
                0x0800a7f0       0x34 ..\obj\usb_dcd_int.o
 .text.DCD_IsoOUTIncomplete_ISR
                0x0800a824       0x34 ..\obj\usb_dcd_int.o
 .text.DCD_ReadDevInEP
                0x0800a858       0x50 ..\obj\usb_dcd_int.o
 .text.NVIC_EnableIRQ
                0x0800a8a8       0x30 ..\obj\portserial.o
 .text.RS485SerialEnable
                0x0800a8d8      0x100 ..\obj\portserial.o
                0x0800a8d8                RS485SerialEnable
 .text.RS485SerialInit
                0x0800a9d8      0x118 ..\obj\portserial.o
                0x0800a9d8                RS485SerialInit
 .text.RS485SerialPutByte
                0x0800aaf0       0x38 ..\obj\portserial.o
                0x0800aaf0                RS485SerialPutByte
 .text.RS485SerialGetByte
                0x0800ab28       0x30 ..\obj\portserial.o
                0x0800ab28                RS485SerialGetByte
 .text.USART3_IRQHandler
                0x0800ab58       0x94 ..\obj\portserial.o
                0x0800ab58                USART3_IRQHandler
 .text.RS485SerialContextInit
                0x0800abec       0x5c ..\obj\portserial.o
                0x0800abec                RS485SerialContextInit
 .text.RS232SerialEnable
                0x0800ac48       0x7c ..\obj\portserial.o
                0x0800ac48                RS232SerialEnable
 .text.RS232SerialInit
                0x0800acc4       0xec ..\obj\portserial.o
                0x0800acc4                RS232SerialInit
 .text.RS232SerialPutByte
                0x0800adb0       0x38 ..\obj\portserial.o
                0x0800adb0                RS232SerialPutByte
 .text.RS232SerialGetByte
                0x0800ade8       0x30 ..\obj\portserial.o
                0x0800ade8                RS232SerialGetByte
 .text.USART6_IRQHandler
                0x0800ae18       0x94 ..\obj\portserial.o
                0x0800ae18                USART6_IRQHandler
 .text.RS232SerialContextInit
                0x0800aeac       0x5c ..\obj\portserial.o
                0x0800aeac                RS232SerialContextInit
 .text.USB_CDC_SerialPutByte
                0x0800af08       0x30 ..\obj\portserial.o
                0x0800af08                USB_CDC_SerialPutByte
 .text.USB_CDC_SerialGetByte
                0x0800af38       0x24 ..\obj\portserial.o
                0x0800af38                USB_CDC_SerialGetByte
 .text.USB_CDC_SerialInit
                0x0800af5c       0x78 ..\obj\portserial.o
                0x0800af5c                USB_CDC_SerialInit
 .text.USB_CDC_SerialEnable
                0x0800afd4       0x40 ..\obj\portserial.o
                0x0800afd4                USB_CDC_SerialEnable
 .text.USB_CDC_SerialContextInit
                0x0800b014       0x5c ..\obj\portserial.o
                0x0800b014                USB_CDC_SerialContextInit
 .text.USB_CDC_Task
                0x0800b070       0x3c ..\obj\portserial.o
 .text.usbd_cdc_Init
                0x0800b0ac       0x9c ..\obj\usbd_cdc_core.o
 .text.usbd_cdc_DeInit
                0x0800b148       0x38 ..\obj\usbd_cdc_core.o
 .text.usbd_cdc_Setup
                0x0800b180      0x124 ..\obj\usbd_cdc_core.o
 .text.usbd_cdc_EP0_RxReady
                0x0800b2a4       0x44 ..\obj\usbd_cdc_core.o
 .text.usbd_cdc_DataIn
                0x0800b2e8       0xc4 ..\obj\usbd_cdc_core.o
 .text.usbd_cdc_DataOut
                0x0800b3ac       0x54 ..\obj\usbd_cdc_core.o
 .text.usbd_cdc_SOF
                0x0800b400       0x30 ..\obj\usbd_cdc_core.o
 .text.Handle_USBAsynchXfer
                0x0800b430      0x100 ..\obj\usbd_cdc_core.o
 .text.USBD_cdc_GetCfgDesc
                0x0800b530       0x24 ..\obj\usbd_cdc_core.o
 .text.SPI_Init
                0x0800b554       0x88 ..\obj\stm32f4xx_spi.o
                0x0800b554                SPI_Init
 .text.SPI_Cmd  0x0800b5dc       0x40 ..\obj\stm32f4xx_spi.o
                0x0800b5dc                SPI_Cmd
 .text.SPI_CalculateCRC
                0x0800b61c       0x40 ..\obj\stm32f4xx_spi.o
                0x0800b61c                SPI_CalculateCRC
 .text.eMBFuncReadCoils
                0x0800b65c      0x104 ..\obj\mbfunccoils.o
                0x0800b65c                eMBFuncReadCoils
 .text.eMBFuncWriteCoil
                0x0800b760       0xb0 ..\obj\mbfunccoils.o
                0x0800b760                eMBFuncWriteCoil
 .text.eMBFuncWriteMultipleCoils
                0x0800b810       0xd8 ..\obj\mbfunccoils.o
                0x0800b810                eMBFuncWriteMultipleCoils
 .text.ADS1220_Init
                0x0800b8e8       0xb4 ..\obj\ADS1220.o
                0x0800b8e8                ADS1220_Init
 .text.ADC_SPI_config
                0x0800b99c       0xf8 ..\obj\ADS1220.o
 .text.ADC_SPI_send
                0x0800ba94       0x4c ..\obj\ADS1220.o
                0x0800ba94                ADC_SPI_send
 .text.ADC_SPI_read
                0x0800bae0       0x10 ..\obj\ADS1220.o
                0x0800bae0                ADC_SPI_read
 .text.ADC_RTD1_Task
                0x0800baf0      0x2ac ..\obj\ADS1220.o
 .text.ADC_RTD2_Task
                0x0800bd9c      0x2ac ..\obj\ADS1220.o
 .text.ADC_Current1_Task
                0x0800c048      0x360 ..\obj\ADS1220.o
 .text.ADC_Current2_Task
                0x0800c3a8      0x368 ..\obj\ADS1220.o
 .text.PT100_Code_To_Temperature
                0x0800c710      0x13c ..\obj\ADS1220.o
                0x0800c710                PT100_Code_To_Temperature
 .text.Code_To_Current
                0x0800c84c       0xa0 ..\obj\ADS1220.o
                0x0800c84c                Code_To_Current
 .text.I2C_DeInit
                0x0800c8ec       0x74 ..\obj\stm32f4xx_i2c.o
                0x0800c8ec                I2C_DeInit
 .text.I2C_Init
                0x0800c960      0x184 ..\obj\stm32f4xx_i2c.o
                0x0800c960                I2C_Init
 .text.I2C_Cmd  0x0800cae4       0x40 ..\obj\stm32f4xx_i2c.o
                0x0800cae4                I2C_Cmd
 .text.I2C_GenerateSTART
                0x0800cb24       0x40 ..\obj\stm32f4xx_i2c.o
                0x0800cb24                I2C_GenerateSTART
 .text.I2C_GenerateSTOP
                0x0800cb64       0x40 ..\obj\stm32f4xx_i2c.o
                0x0800cb64                I2C_GenerateSTOP
 .text.I2C_Send7bitAddress
                0x0800cba4       0x3c ..\obj\stm32f4xx_i2c.o
                0x0800cba4                I2C_Send7bitAddress
 .text.I2C_AcknowledgeConfig
                0x0800cbe0       0x40 ..\obj\stm32f4xx_i2c.o
                0x0800cbe0                I2C_AcknowledgeConfig
 .text.I2C_NACKPositionConfig
                0x0800cc20       0x40 ..\obj\stm32f4xx_i2c.o
                0x0800cc20                I2C_NACKPositionConfig
 .text.I2C_SendData
                0x0800cc60       0x20 ..\obj\stm32f4xx_i2c.o
                0x0800cc60                I2C_SendData
 .text.I2C_ReceiveData
                0x0800cc80       0x1c ..\obj\stm32f4xx_i2c.o
                0x0800cc80                I2C_ReceiveData
 .text.I2C_CheckEvent
                0x0800cc9c       0x60 ..\obj\stm32f4xx_i2c.o
                0x0800cc9c                I2C_CheckEvent
 .text.I2C_GetFlagStatus
                0x0800ccfc       0x68 ..\obj\stm32f4xx_i2c.o
                0x0800ccfc                I2C_GetFlagStatus
 .text.NVIC_EnableIRQ
                0x0800cd64       0x30 ..\obj\frequency.o
 .text.FrequencyMeasureInit
                0x0800cd94      0x284 ..\obj\frequency.o
                0x0800cd94                FrequencyMeasureInit
 .text.TIM2_IRQHandler
                0x0800d018      0x148 ..\obj\frequency.o
                0x0800d018                TIM2_IRQHandler
 .text.FrequencyCH1Measure_Task
                0x0800d160      0x178 ..\obj\frequency.o
 .text.FrequencyCH2Measure_Task
                0x0800d2d8      0x178 ..\obj\frequency.o
 .text.EXTI_Init
                0x0800d450       0xe4 ..\obj\stm32f4xx_exti.o
                0x0800d450                EXTI_Init
 .text.EXTI_GetITStatus
                0x0800d534       0x48 ..\obj\stm32f4xx_exti.o
                0x0800d534                EXTI_GetITStatus
 .text.EXTI_ClearITPendingBit
                0x0800d57c       0x1c ..\obj\stm32f4xx_exti.o
                0x0800d57c                EXTI_ClearITPendingBit
 .text.NVIC_PriorityGroupConfig
                0x0800d598       0x24 ..\obj\misc.o
                0x0800d598                NVIC_PriorityGroupConfig
 .text.NVIC_Init
                0x0800d5bc       0xc0 ..\obj\misc.o
                0x0800d5bc                NVIC_Init
 .text.DCD_Init
                0x0800d67c      0x100 ..\obj\usb_dcd.o
                0x0800d67c                DCD_Init
 .text.DCD_EP_Open
                0x0800d77c       0xa8 ..\obj\usb_dcd.o
                0x0800d77c                DCD_EP_Open
 .text.DCD_EP_Close
                0x0800d824       0x70 ..\obj\usb_dcd.o
                0x0800d824                DCD_EP_Close
 .text.DCD_EP_PrepareRx
                0x0800d894       0x84 ..\obj\usb_dcd.o
                0x0800d894                DCD_EP_PrepareRx
 .text.DCD_EP_Tx
                0x0800d918       0x78 ..\obj\usb_dcd.o
                0x0800d918                DCD_EP_Tx
 .text.DCD_EP_Stall
                0x0800d990       0x74 ..\obj\usb_dcd.o
                0x0800d990                DCD_EP_Stall
 .text.DCD_EP_ClrStall
                0x0800da04       0x74 ..\obj\usb_dcd.o
                0x0800da04                DCD_EP_ClrStall
 .text.DCD_EP_SetAddress
                0x0800da78       0x3c ..\obj\usb_dcd.o
                0x0800da78                DCD_EP_SetAddress
 .text.RTC_Init
                0x0800dab4       0x78 ..\obj\stm32f4xx_rtc.o
                0x0800dab4                RTC_Init
 .text.RTC_StructInit
                0x0800db2c       0x24 ..\obj\stm32f4xx_rtc.o
                0x0800db2c                RTC_StructInit
 .text.RTC_EnterInitMode
                0x0800db50       0x74 ..\obj\stm32f4xx_rtc.o
                0x0800db50                RTC_EnterInitMode
 .text.RTC_ExitInitMode
                0x0800dbc4       0x1c ..\obj\stm32f4xx_rtc.o
                0x0800dbc4                RTC_ExitInitMode
 .text.RTC_WaitForSynchro
                0x0800dbe0       0x78 ..\obj\stm32f4xx_rtc.o
                0x0800dbe0                RTC_WaitForSynchro
 .text.RTC_SetTime
                0x0800dc58      0x104 ..\obj\stm32f4xx_rtc.o
                0x0800dc58                RTC_SetTime
 .text.RTC_GetTime
                0x0800dd5c       0x9c ..\obj\stm32f4xx_rtc.o
                0x0800dd5c                RTC_GetTime
 .text.RTC_SetDate
                0x0800ddf8      0x10c ..\obj\stm32f4xx_rtc.o
                0x0800ddf8                RTC_SetDate
 .text.RTC_GetDate
                0x0800df04       0x9c ..\obj\stm32f4xx_rtc.o
                0x0800df04                RTC_GetDate
 .text.RTC_WriteBackupRegister
                0x0800dfa0       0x34 ..\obj\stm32f4xx_rtc.o
                0x0800dfa0                RTC_WriteBackupRegister
 .text.RTC_ByteToBcd2
                0x0800dfd4       0x3c ..\obj\stm32f4xx_rtc.o
 .text.RTC_Bcd2ToByte
                0x0800e010       0x38 ..\obj\stm32f4xx_rtc.o
 .text.USBD_CtlSendData
                0x0800e048       0x40 ..\obj\usbd_ioreq.o
                0x0800e048                USBD_CtlSendData
 .text.USBD_CtlContinueSendData
                0x0800e088       0x28 ..\obj\usbd_ioreq.o
                0x0800e088                USBD_CtlContinueSendData
 .text.USBD_CtlPrepareRx
                0x0800e0b0       0x40 ..\obj\usbd_ioreq.o
                0x0800e0b0                USBD_CtlPrepareRx
 .text.USBD_CtlContinueRx
                0x0800e0f0       0x28 ..\obj\usbd_ioreq.o
                0x0800e0f0                USBD_CtlContinueRx
 .text.USBD_CtlSendStatus
                0x0800e118       0x30 ..\obj\usbd_ioreq.o
                0x0800e118                USBD_CtlSendStatus
 .text.USBD_CtlReceiveStatus
                0x0800e148       0x30 ..\obj\usbd_ioreq.o
                0x0800e148                USBD_CtlReceiveStatus
 .text.pvPortMalloc
                0x0800e178      0x124 ..\obj\heap_2.o
                0x0800e178                pvPortMalloc
 .text.vPortFree
                0x0800e29c       0x70 ..\obj\heap_2.o
                0x0800e29c                vPortFree
 .text.xPortGetFreeHeapSize
                0x0800e30c       0x18 ..\obj\heap_2.o
                0x0800e30c                xPortGetFreeHeapSize
 .text.prvHeapInit
                0x0800e324       0x50 ..\obj\heap_2.o
 .text.ControllerInit
                0x0800e374       0x4c ..\obj\controller.o
                0x0800e374                ControllerInit
 .text.Controller_RestoreSettings
                0x0800e3c0      0x114 ..\obj\controller.o
                0x0800e3c0                Controller_RestoreSettings
 .text.TIM_TimeBaseInit
                0x0800e4d4       0xd4 ..\obj\stm32f4xx_tim.o
                0x0800e4d4                TIM_TimeBaseInit
 .text.TIM_TimeBaseStructInit
                0x0800e5a8       0x34 ..\obj\stm32f4xx_tim.o
                0x0800e5a8                TIM_TimeBaseStructInit
 .text.TIM_SetCounter
                0x0800e5dc       0x1c ..\obj\stm32f4xx_tim.o
                0x0800e5dc                TIM_SetCounter
 .text.TIM_ARRPreloadConfig
                0x0800e5f8       0x40 ..\obj\stm32f4xx_tim.o
                0x0800e5f8                TIM_ARRPreloadConfig
 .text.TIM_Cmd  0x0800e638       0x40 ..\obj\stm32f4xx_tim.o
                0x0800e638                TIM_Cmd
 .text.TIM_ICInit
                0x0800e678       0xa8 ..\obj\stm32f4xx_tim.o
                0x0800e678                TIM_ICInit
 .text.TIM_SetIC1Prescaler
                0x0800e720       0x38 ..\obj\stm32f4xx_tim.o
                0x0800e720                TIM_SetIC1Prescaler
 .text.TIM_SetIC2Prescaler
                0x0800e758       0x3c ..\obj\stm32f4xx_tim.o
                0x0800e758                TIM_SetIC2Prescaler
 .text.TIM_SetIC3Prescaler
                0x0800e794       0x38 ..\obj\stm32f4xx_tim.o
                0x0800e794                TIM_SetIC3Prescaler
 .text.TIM_SetIC4Prescaler
                0x0800e7cc       0x3c ..\obj\stm32f4xx_tim.o
                0x0800e7cc                TIM_SetIC4Prescaler
 .text.TIM_ITConfig
                0x0800e808       0x48 ..\obj\stm32f4xx_tim.o
                0x0800e808                TIM_ITConfig
 .text.TIM_ClearFlag
                0x0800e850       0x20 ..\obj\stm32f4xx_tim.o
                0x0800e850                TIM_ClearFlag
 .text.TIM_ClearITPendingBit
                0x0800e870       0x20 ..\obj\stm32f4xx_tim.o
                0x0800e870                TIM_ClearITPendingBit
 .text.TIM_ETRClockMode2Config
                0x0800e890       0x3c ..\obj\stm32f4xx_tim.o
                0x0800e890                TIM_ETRClockMode2Config
 .text.TIM_ETRConfig
                0x0800e8cc       0x54 ..\obj\stm32f4xx_tim.o
                0x0800e8cc                TIM_ETRConfig
 .text.TI1_Config
                0x0800e920       0x84 ..\obj\stm32f4xx_tim.o
 .text.TI2_Config
                0x0800e9a4       0x98 ..\obj\stm32f4xx_tim.o
 .text.TI3_Config
                0x0800ea3c       0x90 ..\obj\stm32f4xx_tim.o
 .text.TI4_Config
                0x0800eacc       0x9c ..\obj\stm32f4xx_tim.o
 .text.NVIC_SystemReset
                0x0800eb68       0x28 ..\obj\power_detector.o
 .text.Power_Detector_Init
                0x0800eb90       0x68 ..\obj\power_detector.o
                0x0800eb90                Power_Detector_Init
 .text.PVD_IRQHandler
                0x0800ebf8       0x20 ..\obj\power_detector.o
                0x0800ebf8                PVD_IRQHandler
 .text.memcmp   0x0800ec18       0x64 C:\Program Files\GNU Tools ARM Embedded\4.9 2015q2\arm-none-eabi\lib\armv7e-m\fpu\libc.a(lib_a-memcmp.o)
                0x0800ec18                memcmp
 .text          0x0800ec7c      0x134 C:\Program Files\GNU Tools ARM Embedded\4.9 2015q2\arm-none-eabi\lib\armv7e-m\fpu\libc.a(lib_a-memcpy.o)
                0x0800ec7c                memcpy
 .text.memset   0x0800edb0       0x9c C:\Program Files\GNU Tools ARM Embedded\4.9 2015q2\arm-none-eabi\lib\armv7e-m\fpu\libc.a(lib_a-memset.o)
                0x0800edb0                memset
 .text.sinf     0x0800ee4c       0x7c C:\Program Files\GNU Tools ARM Embedded\4.9 2015q2\arm-none-eabi\lib\armv7e-m\fpu\libm.a(lib_a-sf_sin.o)
                0x0800ee4c                sinf
 .text.sqrtf    0x0800eec8       0xb8 C:\Program Files\GNU Tools ARM Embedded\4.9 2015q2\arm-none-eabi\lib\armv7e-m\fpu\libm.a(lib_a-wf_sqrt.o)
                0x0800eec8                sqrtf
 .text.__ieee754_rem_pio2f
                0x0800ef80      0x290 C:\Program Files\GNU Tools ARM Embedded\4.9 2015q2\arm-none-eabi\lib\armv7e-m\fpu\libm.a(lib_a-ef_rem_pio2.o)
                0x0800ef80                __ieee754_rem_pio2f
 .text.__ieee754_sqrtf
                0x0800f210       0xa4 C:\Program Files\GNU Tools ARM Embedded\4.9 2015q2\arm-none-eabi\lib\armv7e-m\fpu\libm.a(lib_a-ef_sqrt.o)
                0x0800f210                __ieee754_sqrtf
 .text.__kernel_cosf
                0x0800f2b4      0x104 C:\Program Files\GNU Tools ARM Embedded\4.9 2015q2\arm-none-eabi\lib\armv7e-m\fpu\libm.a(lib_a-kf_cos.o)
                0x0800f2b4                __kernel_cosf
 .text.__kernel_rem_pio2f
                0x0800f3b8      0x5e4 C:\Program Files\GNU Tools ARM Embedded\4.9 2015q2\arm-none-eabi\lib\armv7e-m\fpu\libm.a(lib_a-kf_rem_pio2.o)
                0x0800f3b8                __kernel_rem_pio2f
 .text.__kernel_sinf
                0x0800f99c       0x90 C:\Program Files\GNU Tools ARM Embedded\4.9 2015q2\arm-none-eabi\lib\armv7e-m\fpu\libm.a(lib_a-kf_sin.o)
                0x0800f99c                __kernel_sinf
 .text.matherr  0x0800fa2c        0x4 C:\Program Files\GNU Tools ARM Embedded\4.9 2015q2\arm-none-eabi\lib\armv7e-m\fpu\libm.a(lib_a-s_matherr.o)
                0x0800fa2c                matherr
 .text.fabsf    0x0800fa30       0x10 C:\Program Files\GNU Tools ARM Embedded\4.9 2015q2\arm-none-eabi\lib\armv7e-m\fpu\libm.a(lib_a-sf_fabs.o)
                0x0800fa30                fabsf
 .text.floorf   0x0800fa40       0x90 C:\Program Files\GNU Tools ARM Embedded\4.9 2015q2\arm-none-eabi\lib\armv7e-m\fpu\libm.a(lib_a-sf_floor.o)
                0x0800fa40                floorf
 .text.__fpclassifyf
                0x0800fad0       0x38 C:\Program Files\GNU Tools ARM Embedded\4.9 2015q2\arm-none-eabi\lib\armv7e-m\fpu\libm.a(lib_a-sf_fpclassify.o)
                0x0800fad0                __fpclassifyf
 .text.scalbnf  0x0800fb08       0xd0 C:\Program Files\GNU Tools ARM Embedded\4.9 2015q2\arm-none-eabi\lib\armv7e-m\fpu\libm.a(lib_a-sf_scalbn.o)
                0x0800fb08                scalbnf
 .text.copysignf
                0x0800fbd8       0x18 C:\Program Files\GNU Tools ARM Embedded\4.9 2015q2\arm-none-eabi\lib\armv7e-m\fpu\libm.a(lib_a-sf_copysign.o)
                0x0800fbd8                copysignf
 .text          0x0800fbf0      0x370 c:/program files/gnu tools arm embedded/4.9 2015q2/bin/../lib/gcc/arm-none-eabi/4.9.3/armv7e-m/fpu\libgcc.a(_arm_addsubdf3.o)
                0x0800fbf0                __aeabi_drsub
                0x0800fbf8                __aeabi_dsub
                0x0800fbf8                __subdf3
                0x0800fbfc                __aeabi_dadd
                0x0800fbfc                __adddf3
                0x0800fe74                __floatunsidf
                0x0800fe74                __aeabi_ui2d
                0x0800fe94                __floatsidf
                0x0800fe94                __aeabi_i2d
                0x0800feb8                __aeabi_f2d
                0x0800feb8                __extendsfdf2
                0x0800fef4                __floatundidf
                0x0800fef4                __aeabi_ul2d
                0x0800ff04                __floatdidf
                0x0800ff04                __aeabi_l2d
 .text          0x0800ff60      0x424 c:/program files/gnu tools arm embedded/4.9 2015q2/bin/../lib/gcc/arm-none-eabi/4.9.3/armv7e-m/fpu\libgcc.a(_arm_muldivdf3.o)
                0x0800ff60                __aeabi_dmul
                0x0800ff60                __muldf3
                0x080101b4                __divdf3
                0x080101b4                __aeabi_ddiv
 .text          0x08010384       0xa0 c:/program files/gnu tools arm embedded/4.9 2015q2/bin/../lib/gcc/arm-none-eabi/4.9.3/armv7e-m/fpu\libgcc.a(_arm_truncdfsf2.o)
                0x08010384                __truncdfsf2
                0x08010384                __aeabi_d2f
 .text.__errno  0x08010424        0xc C:\Program Files\GNU Tools ARM Embedded\4.9 2015q2\arm-none-eabi\lib\armv7e-m\fpu\libg.a(lib_a-errno.o)
                0x08010424                __errno
 *(.init)
 *(.fini)
 *crtbegin.o(.ctors)
 *crtbegin?.o(.ctors)
 *(EXCLUDE_FILE(*crtend.o *crtend?.o) .ctors)
 *(SORT(.ctors.*))
 *(.ctors)
 *crtbegin.o(.dtors)
 *crtbegin?.o(.dtors)
 *(EXCLUDE_FILE(*crtend.o *crtend?.o) .dtors)
 *(SORT(.dtors.*))
 *(.dtors)
 *(.rodata*)
 .rodata        0x08010430        0xa ..\obj\calc.o
 *fill*         0x0801043a        0x2 
 .rodata        0x0801043c       0x2b ..\obj\protocol.o
 *fill*         0x08010467        0x1 
 .rodata        0x08010468      0x200 ..\obj\mbcrc.o
 .rodata        0x08010668        0x5 ..\obj\watchdog.o
 *fill*         0x0801066d        0x3 
 .rodata        0x08010670       0x1c ..\obj\tasks.o
 .rodata        0x0801068c       0x96 ..\obj\usbd_desc.o
 *fill*         0x08010722        0x2 
 .rodata        0x08010724        0xb ..\obj\portserial.o
 *fill*         0x0801072f        0x1 
 .rodata        0x08010730       0x56 ..\obj\ADS1220.o
 *fill*         0x08010786        0x2 
 .rodata        0x08010788       0x15 ..\obj\frequency.o
 *fill*         0x0801079d        0x3 
 .rodata        0x080107a0       0x84 ..\obj\controller.o
                0x080107a0                stSettingsDefault
 .rodata.str1.4
                0x08010824        0x8 C:\Program Files\GNU Tools ARM Embedded\4.9 2015q2\arm-none-eabi\lib\armv7e-m\fpu\libm.a(lib_a-wf_sqrt.o)
                                  0x6 (size before relaxing)
 .rodata.npio2_hw
                0x0801082c       0x80 C:\Program Files\GNU Tools ARM Embedded\4.9 2015q2\arm-none-eabi\lib\armv7e-m\fpu\libm.a(lib_a-ef_rem_pio2.o)
 .rodata.two_over_pi
                0x080108ac      0x318 C:\Program Files\GNU Tools ARM Embedded\4.9 2015q2\arm-none-eabi\lib\armv7e-m\fpu\libm.a(lib_a-ef_rem_pio2.o)
 .rodata.init_jk
                0x08010bc4        0xc C:\Program Files\GNU Tools ARM Embedded\4.9 2015q2\arm-none-eabi\lib\armv7e-m\fpu\libm.a(lib_a-kf_rem_pio2.o)
 .rodata.PIo2   0x08010bd0       0x2c C:\Program Files\GNU Tools ARM Embedded\4.9 2015q2\arm-none-eabi\lib\armv7e-m\fpu\libm.a(lib_a-kf_rem_pio2.o)
 *(.eh_fram e*)

.glue_7         0x08010bfc        0x0
 .glue_7        0x00000000        0x0 linker stubs

.glue_7t        0x08010bfc        0x0
 .glue_7t       0x00000000        0x0 linker stubs

.vfp11_veneer   0x08010bfc        0x0
 .vfp11_veneer  0x00000000        0x0 linker stubs

.v4_bx          0x08010bfc        0x0
 .v4_bx         0x00000000        0x0 linker stubs

.iplt           0x08010bfc        0x0
 .iplt          0x00000000        0x0 ..\obj\socket.o

.rel.dyn        0x08010bfc        0x0
 .rel.iplt      0x00000000        0x0 ..\obj\socket.o

.ARM.extab
 *(.ARM.extab* .gnu.linkonce.armextab.*)
                0x08010bfc                __exidx_start = .

.ARM.exidx
 *(.ARM.exidx* .gnu.linkonce.armexidx.*)
                0x08010bfc                __exidx_end = .
                0x08010bfc                __etext = .
                0x08010bfc                _sidata = __etext

.data           0x20000000      0x608 load address 0x08010bfc
                0x20000000                __data_start__ = .
                0x20000000                _sdata = __data_start__
 *(vtable)
 *(.data*)
 .data          0x20000000        0x6 ..\obj\mbport.o
                0x20000000                REG_INPUT_START
                0x20000001                REG_HOLDING_START
                0x20000002                REG_INPUT_NREGS
                0x20000003                REG_HOLDING_NREGS
                0x20000004                usRegInputStart
                0x20000005                usRegHoldingStart
 *fill*         0x20000006        0x2 
 .data          0x20000008       0x88 ..\obj\mb.o
 .data          0x20000090       0x1c ..\obj\usbd_usr.o
                0x20000090                USR_cb
 .data          0x200000ac       0x30 ..\obj\usbd_core.o
                0x200000ac                USBD_DCD_INT_cb
                0x200000d8                USBD_DCD_INT_fops
 .data          0x200000dc       0x10 ..\obj\stm32f4xx_rcc.o
 *fill*         0x200000ec        0x4 
 .data          0x200000f0      0x42c ..\obj\printf.o
                0x200000f0                r
                0x20000518                _impure_ptr
 .data          0x2000051c        0x4 ..\obj\tasks.o
 .data          0x20000520       0x40 ..\obj\usbd_desc.o
                0x20000520                USR_desc
                0x2000053c                USBD_DeviceDesc
                0x20000550                USBD_DeviceQualifierDesc
                0x2000055c                USBD_LangIDDesc
 .data          0x20000560       0x14 ..\obj\usbd_cdc_vcp.o
                0x20000560                VCP_fops
 .data          0x20000574       0x14 ..\obj\system_stm32f4xx.o
                0x20000574                SystemCoreClock
                0x20000578                AHBPrescTable
 .data          0x20000588        0x4 ..\obj\port.o
 .data          0x2000058c       0x74 ..\obj\usbd_cdc_core.o
                0x2000058c                usbd_cdc_CfgDesc
                0x200005d4                USBD_CDC_cb
 .data          0x20000600        0x4 ..\obj\heap_2.o
 .data.__fdlib_version
                0x20000604        0x1 C:\Program Files\GNU Tools ARM Embedded\4.9 2015q2\arm-none-eabi\lib\armv7e-m\fpu\libm.a(lib_a-s_lib_ver.o)
                0x20000604                __fdlib_version
                0x20000608                . = ALIGN (0x4)
 *fill*         0x20000605        0x3 
                0x20000608                PROVIDE (__preinit_array_start, .)
 *(.preinit_array)
                0x20000608                PROVIDE (__preinit_array_end, .)
                0x20000608                . = ALIGN (0x4)
                0x20000608                PROVIDE (__init_array_start, .)
 *(SORT(.init_array.*))
 *(.init_array)
                0x20000608                PROVIDE (__init_array_end, .)
                0x20000608                . = ALIGN (0x4)
                0x20000608                PROVIDE (__fini_array_start, .)
 *(SORT(.fini_array.*))
 *(.fini_array)
                0x20000608                PROVIDE (__fini_array_end, .)
 *(.jcr*)
                0x20000608                . = ALIGN (0x4)
                0x20000608                __data_end__ = .
                0x20000608                _edata = __data_end__

.igot.plt       0x20000608        0x0 load address 0x08011204
 .igot.plt      0x00000000        0x0 ..\obj\socket.o

.bss            0x20000608     0x56dc load address 0x08011208
                0x20000608                . = ALIGN (0x4)
                0x20000608                __bss_start__ = .
                0x20000608                _sbss = __bss_start__
 *(.bss*)
 .bss           0x20000608       0x22 ..\obj\mbfuncother.o
 *fill*         0x2000062a        0x2 
 .bss           0x2000062c       0x48 ..\obj\sdio_sd.o
                0x20000664                StopCondition
                0x20000668                TransferError
                0x2000066c                TransferEnd
                0x20000670                DMAEndOfTransfer
 .bss           0x20000674       0xfc ..\obj\tasks.o
                0x20000674                pxCurrentTCB
 .bss           0x20000770        0xc ..\obj\porttimer.o
 .bss           0x2000077c        0xd ..\obj\usbd_req.o
                0x2000077c                USBD_ep_status
                0x20000780                USBD_default_cfg
                0x20000784                USBD_cfg_status
 *fill*         0x20000789        0x3 
 .bss           0x2000078c        0x8 ..\obj\port.o
 .bss           0x20000794       0x14 ..\obj\portserial.o
 .bss           0x200007a8       0x20 ..\obj\usbd_cdc_core.o
                0x200007ac                APP_Rx_ptr_in
                0x200007b0                APP_Rx_ptr_out
                0x200007b4                APP_Rx_length
                0x200007b8                USB_Tx_State
 .bss           0x200007c8       0x1c ..\obj\frequency.o
                0x200007e0                xHigherPriorityTaskWoken
 .bss           0x200007e4     0x4014 ..\obj\heap_2.o
 *(COMMON)
 COMMON         0x200047f8      0x45c ..\obj\protocol.o
                0x200047f8                stContext_RS232
                0x2000496c                stContext_RS485
                0x20004ae0                stContext_USB_CDC
 COMMON         0x20004c54       0x58 ..\obj\watchdog.o
                0x20004c54                task_watches
 COMMON         0x20004cac        0x4 ..\obj\fram_i2c.o
                0x20004cac                xI2CBusMutex
 COMMON         0x20004cb0       0x88 ..\obj\usbd_cdc_vcp.o
                0x20004cb0                APP_Tx_Buffer
                0x20004d30                APP_tx_ptr_tail
                0x20004d34                APP_tx_ptr_head
 COMMON         0x20004d38       0x32 ..\obj\usbd_req.o
                0x20004d38                USBD_StrDesc
 *fill*         0x20004d6a        0x2 
 COMMON         0x20004d6c      0x5f4 ..\obj\portserial.o
                0x20004d6c                temp_char
                0x20004d70                USB_OTG_dev
 COMMON         0x20005360      0x88c ..\obj\usbd_cdc_core.o
                0x20005360                usbd_cdc_OtherCfgDesc
                0x200053a4                USB_Rx_Buffer
                0x200053e4                CmdBuff
                0x200053ec                APP_Rx_Buffer
 COMMON         0x20005bec        0x4 ..\obj\ADS1220.o
                0x20005bec                xADC_SPI_Mutex
 COMMON         0x20005bf0        0x8 ..\obj\frequency.o
                0x20005bf0                xFrequencySemaphore
 COMMON         0x20005bf8       0xec ..\obj\controller.o
                0x20005bf8                stSettings
                0x20005c7c                xMeasureDataMutex
                0x20005c80                stMeasureData
                0x20005ce0                xSettingsMutex
                0x20005ce4                . = ALIGN (0x4)
                0x20005ce4                __bss_end__ = .
                0x20005ce4                _ebss = __bss_end__

.heap           0x20005ce4        0x0
                0x20005ce4                __end__ = .
                0x20005ce4                _end = __end__
                0x20005ce4                end = __end__
 *(.heap*)
                0x20005ce4                __HeapLimit = .

.co_stack       0x20005ce4      0x804 load address 0x080168e4
                0x20005ce8                . = ALIGN (0x8)
 *fill*         0x20005ce4        0x4 
 *(.co_stack .co_stack.*)
 .co_stack      0x20005ce8      0x800 ..\obj\startup_stm32f4xx.o
                0x20005ce8                pulStack
                0x20020000                __StackTop = (ORIGIN (ram) + 0x20000)
                0x2001f7fc                __StackLimit = (__StackTop - SIZEOF (.co_stack))
                0x20020000                PROVIDE (__stack, __StackTop)
                0x00000001                ASSERT ((__StackLimit >= __HeapLimit), region ram  overflowed with stack)
LOAD C:\Program Files\GNU Tools ARM Embedded\4.9 2015q2\arm-none-eabi\lib\armv7e-m\fpu\libc.a
LOAD ..\obj\socket.o
LOAD ..\obj\stm32f4xx_syscfg.o
LOAD ..\obj\usb_core.o
LOAD ..\obj\low_level_sdio.o
LOAD ..\obj\mbport.o
LOAD ..\obj\calc.o
LOAD ..\obj\mb.o
LOAD ..\obj\stm32f4xx_sdio.o
LOAD ..\obj\protocol.o
LOAD ..\obj\mbfuncdisc.o
LOAD ..\obj\usbd_usr.o
LOAD ..\obj\portevent.o
LOAD ..\obj\mbfuncother.o
LOAD ..\obj\stm32f4xx_usart.o
LOAD ..\obj\stm32f4xx_pwr.o
LOAD ..\obj\rtc.o
LOAD ..\obj\sdio_sd.o
LOAD ..\obj\mbutils.o
LOAD ..\obj\diskio.o
LOAD ..\obj\startup_stm32f4xx.o
LOAD ..\obj\stm32f4xx_iwdg.o
LOAD ..\obj\mbfuncholding.o
LOAD ..\obj\usbd_core.o
LOAD ..\obj\main.o
LOAD ..\obj\mbcrc.o
LOAD ..\obj\wiznet.o
LOAD ..\obj\stm32f4xx_rcc.o
LOAD ..\obj\mbfuncfile.o
LOAD ..\obj\timers.o
LOAD ..\obj\log.o
LOAD ..\obj\wizchip_conf.o
LOAD ..\obj\mbfuncinput.o
LOAD ..\obj\printf.o
LOAD ..\obj\w5500.o
LOAD ..\obj\watchdog.o
LOAD ..\obj\mbfuncdiag.o
LOAD ..\obj\tasks.o
LOAD ..\obj\usbd_desc.o
LOAD ..\obj\fram_i2c.o
LOAD ..\obj\stm32f4xx_gpio.o
LOAD ..\obj\porttimer.o
LOAD ..\obj\usbd_cdc_vcp.o
LOAD ..\obj\list.o
LOAD ..\obj\mbrtu.o
LOAD ..\obj\system_stm32f4xx.o
LOAD ..\obj\syscalls.o
LOAD ..\obj\stm32f4xx_dma.o
LOAD ..\obj\usb_bsp.o
LOAD ..\obj\usbd_req.o
LOAD ..\obj\queue.o
LOAD ..\obj\port.o
LOAD ..\obj\usb_dcd_int.o
LOAD ..\obj\portserial.o
LOAD ..\obj\usbd_cdc_core.o
LOAD ..\obj\ff.o
LOAD ..\obj\croutine.o
LOAD ..\obj\stm32f4xx_spi.o
LOAD ..\obj\mbfunccoils.o
LOAD ..\obj\event_groups.o
LOAD ..\obj\ADS1220.o
LOAD ..\obj\stm32f4xx_i2c.o
LOAD ..\obj\frequency.o
LOAD ..\obj\stm32f4xx_exti.o
LOAD ..\obj\misc.o
LOAD ..\obj\usb_dcd.o
LOAD ..\obj\stm32f4xx_rtc.o
LOAD ..\obj\usbd_ioreq.o
LOAD ..\obj\mbascii.o
LOAD ..\obj\heap_2.o
LOAD ..\obj\controller.o
LOAD ..\obj\stm32f4xx_tim.o
LOAD ..\obj\power_detector.o
LOAD C:\Program Files\GNU Tools ARM Embedded\4.9 2015q2\arm-none-eabi\lib\armv7e-m\fpu\libc.a
LOAD C:\Program Files\GNU Tools ARM Embedded\4.9 2015q2\arm-none-eabi\lib\armv7e-m\fpu\libg.a
LOAD C:\Program Files\GNU Tools ARM Embedded\4.9 2015q2\arm-none-eabi\lib\armv7e-m\fpu\libm.a
START GROUP
LOAD c:/program files/gnu tools arm embedded/4.9 2015q2/bin/../lib/gcc/arm-none-eabi/4.9.3/armv7e-m/fpu\libgcc.a
LOAD C:\Program Files\GNU Tools ARM Embedded\4.9 2015q2\arm-none-eabi\lib\armv7e-m\fpu\libg.a
LOAD C:\Program Files\GNU Tools ARM Embedded\4.9 2015q2\arm-none-eabi\lib\armv7e-m\fpu\libc.a
END GROUP
OUTPUT(IMS_CONTROLLER.elf elf32-littlearm)

.debug_info     0x00000000    0x2233c
 .debug_info    0x00000000     0x251b ..\obj\usb_core.o
 .debug_info    0x0000251b      0xe40 ..\obj\mbport.o
 .debug_info    0x0000335b      0x3a7 ..\obj\calc.o
 .debug_info    0x00003702      0x949 ..\obj\mb.o
 .debug_info    0x0000404b      0x7f5 ..\obj\stm32f4xx_sdio.o
 .debug_info    0x00004840      0x82b ..\obj\protocol.o
 .debug_info    0x0000506b      0x209 ..\obj\mbfuncdisc.o
 .debug_info    0x00005274      0x1a9 ..\obj\usbd_usr.o
 .debug_info    0x0000541d      0x78c ..\obj\portevent.o
 .debug_info    0x00005ba9      0x268 ..\obj\mbfuncother.o
 .debug_info    0x00005e11      0x9c2 ..\obj\stm32f4xx_usart.o
 .debug_info    0x000067d3      0x4fc ..\obj\stm32f4xx_pwr.o
 .debug_info    0x00006ccf      0x173 ..\obj\rtc.o
 .debug_info    0x00006e42     0x12d8 ..\obj\sdio_sd.o
 .debug_info    0x0000811a      0x2d7 ..\obj\mbutils.o
 .debug_info    0x000083f1      0x978 ..\obj\diskio.o
 .debug_info    0x00008d69       0xed ..\obj\startup_stm32f4xx.o
 .debug_info    0x00008e56      0x20a ..\obj\stm32f4xx_iwdg.o
 .debug_info    0x00009060      0x392 ..\obj\mbfuncholding.o
 .debug_info    0x000093f2      0xe95 ..\obj\usbd_core.o
 .debug_info    0x0000a287      0x172 ..\obj\main.o
 .debug_info    0x0000a3f9      0x153 ..\obj\mbcrc.o
 .debug_info    0x0000a54c      0xc4d ..\obj\stm32f4xx_rcc.o
 .debug_info    0x0000b199      0x267 ..\obj\mbfuncfile.o
 .debug_info    0x0000b400      0x43b ..\obj\log.o
 .debug_info    0x0000b83b      0x1fb ..\obj\mbfuncinput.o
 .debug_info    0x0000ba36      0xe38 ..\obj\printf.o
 .debug_info    0x0000c86e      0x207 ..\obj\watchdog.o
 .debug_info    0x0000ca75     0x1822 ..\obj\tasks.o
 .debug_info    0x0000e297      0x363 ..\obj\usbd_desc.o
 .debug_info    0x0000e5fa      0x703 ..\obj\fram_i2c.o
 .debug_info    0x0000ecfd      0x602 ..\obj\stm32f4xx_gpio.o
 .debug_info    0x0000f2ff      0xe02 ..\obj\porttimer.o
 .debug_info    0x00010101      0x36c ..\obj\usbd_cdc_vcp.o
 .debug_info    0x0001046d      0x299 ..\obj\list.o
 .debug_info    0x00010706      0x7c6 ..\obj\mbrtu.o
 .debug_info    0x00010ecc      0x592 ..\obj\system_stm32f4xx.o
 .debug_info    0x0001145e      0x739 ..\obj\stm32f4xx_dma.o
 .debug_info    0x00011b97      0xfde ..\obj\usb_bsp.o
 .debug_info    0x00012b75      0xf9b ..\obj\usbd_req.o
 .debug_info    0x00013b10      0xead ..\obj\queue.o
 .debug_info    0x000149bd      0x4d2 ..\obj\port.o
 .debug_info    0x00014e8f     0x1d86 ..\obj\usb_dcd_int.o
 .debug_info    0x00016c15     0x1bde ..\obj\portserial.o
 .debug_info    0x000187f3      0xf34 ..\obj\usbd_cdc_core.o
 .debug_info    0x00019727      0xb07 ..\obj\stm32f4xx_spi.o
 .debug_info    0x0001a22e      0x326 ..\obj\mbfunccoils.o
 .debug_info    0x0001a554      0x846 ..\obj\ADS1220.o
 .debug_info    0x0001ad9a      0xaf4 ..\obj\stm32f4xx_i2c.o
 .debug_info    0x0001b88e      0xc66 ..\obj\frequency.o
 .debug_info    0x0001c4f4      0x347 ..\obj\stm32f4xx_exti.o
 .debug_info    0x0001c83b      0x53d ..\obj\misc.o
 .debug_info    0x0001cd78     0x101d ..\obj\usb_dcd.o
 .debug_info    0x0001dd95     0x10df ..\obj\stm32f4xx_rtc.o
 .debug_info    0x0001ee74      0xcb7 ..\obj\usbd_ioreq.o
 .debug_info    0x0001fb2b      0x2ed ..\obj\heap_2.o
 .debug_info    0x0001fe18      0x293 ..\obj\controller.o
 .debug_info    0x000200ab     0x1c61 ..\obj\stm32f4xx_tim.o
 .debug_info    0x00021d0c      0x630 ..\obj\power_detector.o

.debug_abbrev   0x00000000     0x590c
 .debug_abbrev  0x00000000      0x2e7 ..\obj\usb_core.o
 .debug_abbrev  0x000002e7      0x1bc ..\obj\mbport.o
 .debug_abbrev  0x000004a3      0x156 ..\obj\calc.o
 .debug_abbrev  0x000005f9      0x1ac ..\obj\mb.o
 .debug_abbrev  0x000007a5      0x177 ..\obj\stm32f4xx_sdio.o
 .debug_abbrev  0x0000091c      0x152 ..\obj\protocol.o
 .debug_abbrev  0x00000a6e       0xa6 ..\obj\mbfuncdisc.o
 .debug_abbrev  0x00000b14       0xdd ..\obj\usbd_usr.o
 .debug_abbrev  0x00000bf1      0x14f ..\obj\portevent.o
 .debug_abbrev  0x00000d40       0xbf ..\obj\mbfuncother.o
 .debug_abbrev  0x00000dff      0x155 ..\obj\stm32f4xx_usart.o
 .debug_abbrev  0x00000f54      0x17f ..\obj\stm32f4xx_pwr.o
 .debug_abbrev  0x000010d3       0xc7 ..\obj\rtc.o
 .debug_abbrev  0x0000119a      0x1e9 ..\obj\sdio_sd.o
 .debug_abbrev  0x00001383       0xd6 ..\obj\mbutils.o
 .debug_abbrev  0x00001459      0x1d2 ..\obj\diskio.o
 .debug_abbrev  0x0000162b       0xb0 ..\obj\startup_stm32f4xx.o
 .debug_abbrev  0x000016db      0x101 ..\obj\stm32f4xx_iwdg.o
 .debug_abbrev  0x000017dc       0xa6 ..\obj\mbfuncholding.o
 .debug_abbrev  0x00001882      0x21d ..\obj\usbd_core.o
 .debug_abbrev  0x00001a9f       0xe1 ..\obj\main.o
 .debug_abbrev  0x00001b80       0x91 ..\obj\mbcrc.o
 .debug_abbrev  0x00001c11      0x1e3 ..\obj\stm32f4xx_rcc.o
 .debug_abbrev  0x00001df4       0xe3 ..\obj\mbfuncfile.o
 .debug_abbrev  0x00001ed7      0x165 ..\obj\log.o
 .debug_abbrev  0x0000203c       0xa6 ..\obj\mbfuncinput.o
 .debug_abbrev  0x000020e2      0x27e ..\obj\printf.o
 .debug_abbrev  0x00002360      0x12d ..\obj\watchdog.o
 .debug_abbrev  0x0000248d      0x28d ..\obj\tasks.o
 .debug_abbrev  0x0000271a      0x12c ..\obj\usbd_desc.o
 .debug_abbrev  0x00002846      0x1eb ..\obj\fram_i2c.o
 .debug_abbrev  0x00002a31      0x1a3 ..\obj\stm32f4xx_gpio.o
 .debug_abbrev  0x00002bd4      0x1cf ..\obj\porttimer.o
 .debug_abbrev  0x00002da3      0x164 ..\obj\usbd_cdc_vcp.o
 .debug_abbrev  0x00002f07       0xbc ..\obj\list.o
 .debug_abbrev  0x00002fc3      0x196 ..\obj\mbrtu.o
 .debug_abbrev  0x00003159      0x136 ..\obj\system_stm32f4xx.o
 .debug_abbrev  0x0000328f      0x155 ..\obj\stm32f4xx_dma.o
 .debug_abbrev  0x000033e4      0x229 ..\obj\usb_bsp.o
 .debug_abbrev  0x0000360d      0x293 ..\obj\usbd_req.o
 .debug_abbrev  0x000038a0      0x1d4 ..\obj\queue.o
 .debug_abbrev  0x00003a74      0x1bb ..\obj\port.o
 .debug_abbrev  0x00003c2f      0x25b ..\obj\usb_dcd_int.o
 .debug_abbrev  0x00003e8a      0x31b ..\obj\portserial.o
 .debug_abbrev  0x000041a5      0x22f ..\obj\usbd_cdc_core.o
 .debug_abbrev  0x000043d4      0x167 ..\obj\stm32f4xx_spi.o
 .debug_abbrev  0x0000453b       0xb8 ..\obj\mbfunccoils.o
 .debug_abbrev  0x000045f3      0x1ea ..\obj\ADS1220.o
 .debug_abbrev  0x000047dd      0x164 ..\obj\stm32f4xx_i2c.o
 .debug_abbrev  0x00004941      0x1de ..\obj\frequency.o
 .debug_abbrev  0x00004b1f      0x1a5 ..\obj\stm32f4xx_exti.o
 .debug_abbrev  0x00004cc4      0x145 ..\obj\misc.o
 .debug_abbrev  0x00004e09      0x259 ..\obj\usb_dcd.o
 .debug_abbrev  0x00005062      0x1ae ..\obj\stm32f4xx_rtc.o
 .debug_abbrev  0x00005210      0x1af ..\obj\usbd_ioreq.o
 .debug_abbrev  0x000053bf      0x16c ..\obj\heap_2.o
 .debug_abbrev  0x0000552b       0xee ..\obj\controller.o
 .debug_abbrev  0x00005619      0x187 ..\obj\stm32f4xx_tim.o
 .debug_abbrev  0x000057a0      0x16c ..\obj\power_detector.o

.debug_aranges  0x00000000     0x1dd8
 .debug_aranges
                0x00000000      0x138 ..\obj\usb_core.o
 .debug_aranges
                0x00000138       0x50 ..\obj\mbport.o
 .debug_aranges
                0x00000188       0x28 ..\obj\calc.o
 .debug_aranges
                0x000001b0       0x48 ..\obj\mb.o
 .debug_aranges
                0x000001f8      0x108 ..\obj\stm32f4xx_sdio.o
 .debug_aranges
                0x00000300       0x38 ..\obj\protocol.o
 .debug_aranges
                0x00000338       0x20 ..\obj\mbfuncdisc.o
 .debug_aranges
                0x00000358       0x40 ..\obj\usbd_usr.o
 .debug_aranges
                0x00000398       0x30 ..\obj\portevent.o
 .debug_aranges
                0x000003c8       0x28 ..\obj\mbfuncother.o
 .debug_aranges
                0x000003f0      0x100 ..\obj\stm32f4xx_usart.o
 .debug_aranges
                0x000004f0       0x78 ..\obj\stm32f4xx_pwr.o
 .debug_aranges
                0x00000568       0x20 ..\obj\rtc.o
 .debug_aranges
                0x00000588      0x130 ..\obj\sdio_sd.o
 .debug_aranges
                0x000006b8       0x30 ..\obj\mbutils.o
 .debug_aranges
                0x000006e8       0x68 ..\obj\diskio.o
 .debug_aranges
                0x00000750       0x28 ..\obj\startup_stm32f4xx.o
 .debug_aranges
                0x00000778       0x48 ..\obj\stm32f4xx_iwdg.o
 .debug_aranges
                0x000007c0       0x38 ..\obj\mbfuncholding.o
 .debug_aranges
                0x000007f8       0x80 ..\obj\usbd_core.o
 .debug_aranges
                0x00000878       0x40 ..\obj\main.o
 .debug_aranges
                0x000008b8       0x20 ..\obj\mbcrc.o
 .debug_aranges
                0x000008d8      0x178 ..\obj\stm32f4xx_rcc.o
 .debug_aranges
                0x00000a50       0x20 ..\obj\mbfuncfile.o
 .debug_aranges
                0x00000a70       0x38 ..\obj\log.o
 .debug_aranges
                0x00000aa8       0x20 ..\obj\mbfuncinput.o
 .debug_aranges
                0x00000ac8       0xa0 ..\obj\printf.o
 .debug_aranges
                0x00000b68       0x38 ..\obj\watchdog.o
 .debug_aranges
                0x00000ba0      0x170 ..\obj\tasks.o
 .debug_aranges
                0x00000d10       0x50 ..\obj\usbd_desc.o
 .debug_aranges
                0x00000d60       0x48 ..\obj\fram_i2c.o
 .debug_aranges
                0x00000da8       0x88 ..\obj\stm32f4xx_gpio.o
 .debug_aranges
                0x00000e30       0x90 ..\obj\porttimer.o
 .debug_aranges
                0x00000ec0       0x50 ..\obj\usbd_cdc_vcp.o
 .debug_aranges
                0x00000f10       0x40 ..\obj\list.o
 .debug_aranges
                0x00000f50       0x58 ..\obj\mbrtu.o
 .debug_aranges
                0x00000fa8       0x30 ..\obj\system_stm32f4xx.o
 .debug_aranges
                0x00000fd8       0xb0 ..\obj\stm32f4xx_dma.o
 .debug_aranges
                0x00001088       0x48 ..\obj\usb_bsp.o
 .debug_aranges
                0x000010d0       0x88 ..\obj\usbd_req.o
 .debug_aranges
                0x00001158       0xb8 ..\obj\queue.o
 .debug_aranges
                0x00001210       0x80 ..\obj\port.o
 .debug_aranges
                0x00001290       0x80 ..\obj\usb_dcd_int.o
 .debug_aranges
                0x00001310       0xb0 ..\obj\portserial.o
 .debug_aranges
                0x000013c0       0x68 ..\obj\usbd_cdc_core.o
 .debug_aranges
                0x00001428       0xe0 ..\obj\stm32f4xx_spi.o
 .debug_aranges
                0x00001508       0x30 ..\obj\mbfunccoils.o
 .debug_aranges
                0x00001538       0x68 ..\obj\ADS1220.o
 .debug_aranges
                0x000015a0      0x120 ..\obj\stm32f4xx_i2c.o
 .debug_aranges
                0x000016c0       0x40 ..\obj\frequency.o
 .debug_aranges
                0x00001700       0x58 ..\obj\stm32f4xx_exti.o
 .debug_aranges
                0x00001758       0x40 ..\obj\misc.o
 .debug_aranges
                0x00001798       0x80 ..\obj\usb_dcd.o
 .debug_aranges
                0x00001818      0x1e0 ..\obj\stm32f4xx_rtc.o
 .debug_aranges
                0x000019f8       0x50 ..\obj\usbd_ioreq.o
 .debug_aranges
                0x00001a48       0x40 ..\obj\heap_2.o
 .debug_aranges
                0x00001a88       0x28 ..\obj\controller.o
 .debug_aranges
                0x00001ab0      0x2f8 ..\obj\stm32f4xx_tim.o
 .debug_aranges
                0x00001da8       0x30 ..\obj\power_detector.o

.debug_ranges   0x00000000     0x1a28
 .debug_ranges  0x00000000      0x128 ..\obj\usb_core.o
 .debug_ranges  0x00000128       0x40 ..\obj\mbport.o
 .debug_ranges  0x00000168       0x18 ..\obj\calc.o
 .debug_ranges  0x00000180       0x38 ..\obj\mb.o
 .debug_ranges  0x000001b8       0xf8 ..\obj\stm32f4xx_sdio.o
 .debug_ranges  0x000002b0       0x28 ..\obj\protocol.o
 .debug_ranges  0x000002d8       0x10 ..\obj\mbfuncdisc.o
 .debug_ranges  0x000002e8       0x30 ..\obj\usbd_usr.o
 .debug_ranges  0x00000318       0x20 ..\obj\portevent.o
 .debug_ranges  0x00000338       0x18 ..\obj\mbfuncother.o
 .debug_ranges  0x00000350       0xf0 ..\obj\stm32f4xx_usart.o
 .debug_ranges  0x00000440       0x68 ..\obj\stm32f4xx_pwr.o
 .debug_ranges  0x000004a8       0x10 ..\obj\rtc.o
 .debug_ranges  0x000004b8      0x120 ..\obj\sdio_sd.o
 .debug_ranges  0x000005d8       0x20 ..\obj\mbutils.o
 .debug_ranges  0x000005f8       0x58 ..\obj\diskio.o
 .debug_ranges  0x00000650       0x18 ..\obj\startup_stm32f4xx.o
 .debug_ranges  0x00000668       0x38 ..\obj\stm32f4xx_iwdg.o
 .debug_ranges  0x000006a0       0x28 ..\obj\mbfuncholding.o
 .debug_ranges  0x000006c8       0x70 ..\obj\usbd_core.o
 .debug_ranges  0x00000738       0x30 ..\obj\main.o
 .debug_ranges  0x00000768       0x10 ..\obj\mbcrc.o
 .debug_ranges  0x00000778      0x168 ..\obj\stm32f4xx_rcc.o
 .debug_ranges  0x000008e0       0x10 ..\obj\mbfuncfile.o
 .debug_ranges  0x000008f0       0x28 ..\obj\log.o
 .debug_ranges  0x00000918       0x10 ..\obj\mbfuncinput.o
 .debug_ranges  0x00000928       0x90 ..\obj\printf.o
 .debug_ranges  0x000009b8       0x28 ..\obj\watchdog.o
 .debug_ranges  0x000009e0      0x160 ..\obj\tasks.o
 .debug_ranges  0x00000b40       0x40 ..\obj\usbd_desc.o
 .debug_ranges  0x00000b80       0x38 ..\obj\fram_i2c.o
 .debug_ranges  0x00000bb8       0x78 ..\obj\stm32f4xx_gpio.o
 .debug_ranges  0x00000c30       0x80 ..\obj\porttimer.o
 .debug_ranges  0x00000cb0       0x40 ..\obj\usbd_cdc_vcp.o
 .debug_ranges  0x00000cf0       0x30 ..\obj\list.o
 .debug_ranges  0x00000d20       0x48 ..\obj\mbrtu.o
 .debug_ranges  0x00000d68       0x20 ..\obj\system_stm32f4xx.o
 .debug_ranges  0x00000d88       0xa0 ..\obj\stm32f4xx_dma.o
 .debug_ranges  0x00000e28       0x38 ..\obj\usb_bsp.o
 .debug_ranges  0x00000e60       0x78 ..\obj\usbd_req.o
 .debug_ranges  0x00000ed8       0xa8 ..\obj\queue.o
 .debug_ranges  0x00000f80       0x70 ..\obj\port.o
 .debug_ranges  0x00000ff0       0x70 ..\obj\usb_dcd_int.o
 .debug_ranges  0x00001060       0xa0 ..\obj\portserial.o
 .debug_ranges  0x00001100       0x58 ..\obj\usbd_cdc_core.o
 .debug_ranges  0x00001158       0xd0 ..\obj\stm32f4xx_spi.o
 .debug_ranges  0x00001228       0x20 ..\obj\mbfunccoils.o
 .debug_ranges  0x00001248       0x58 ..\obj\ADS1220.o
 .debug_ranges  0x000012a0      0x110 ..\obj\stm32f4xx_i2c.o
 .debug_ranges  0x000013b0       0x30 ..\obj\frequency.o
 .debug_ranges  0x000013e0       0x48 ..\obj\stm32f4xx_exti.o
 .debug_ranges  0x00001428       0x30 ..\obj\misc.o
 .debug_ranges  0x00001458       0x70 ..\obj\usb_dcd.o
 .debug_ranges  0x000014c8      0x1d0 ..\obj\stm32f4xx_rtc.o
 .debug_ranges  0x00001698       0x40 ..\obj\usbd_ioreq.o
 .debug_ranges  0x000016d8       0x30 ..\obj\heap_2.o
 .debug_ranges  0x00001708       0x18 ..\obj\controller.o
 .debug_ranges  0x00001720      0x2e8 ..\obj\stm32f4xx_tim.o
 .debug_ranges  0x00001a08       0x20 ..\obj\power_detector.o

.debug_line     0x00000000     0xe6d9
 .debug_line    0x00000000      0x6fd ..\obj\usb_core.o
 .debug_line    0x000006fd      0x7af ..\obj\mbport.o
 .debug_line    0x00000eac      0x3c5 ..\obj\calc.o
 .debug_line    0x00001271      0x376 ..\obj\mb.o
 .debug_line    0x000015e7      0x484 ..\obj\stm32f4xx_sdio.o
 .debug_line    0x00001a6b      0x3a3 ..\obj\protocol.o
 .debug_line    0x00001e0e      0x235 ..\obj\mbfuncdisc.o
 .debug_line    0x00002043      0x1d6 ..\obj\usbd_usr.o
 .debug_line    0x00002219      0x294 ..\obj\portevent.o
 .debug_line    0x000024ad      0x2a5 ..\obj\mbfuncother.o
 .debug_line    0x00002752      0x4e2 ..\obj\stm32f4xx_usart.o
 .debug_line    0x00002c34      0x2e7 ..\obj\stm32f4xx_pwr.o
 .debug_line    0x00002f1b      0x246 ..\obj\rtc.o
 .debug_line    0x00003161      0x980 ..\obj\sdio_sd.o
 .debug_line    0x00003ae1      0x2af ..\obj\mbutils.o
 .debug_line    0x00003d90      0x368 ..\obj\diskio.o
 .debug_line    0x000040f8       0xb0 ..\obj\startup_stm32f4xx.o
 .debug_line    0x000041a8      0x241 ..\obj\stm32f4xx_iwdg.o
 .debug_line    0x000043e9      0x2d0 ..\obj\mbfuncholding.o
 .debug_line    0x000046b9      0x31e ..\obj\usbd_core.o
 .debug_line    0x000049d7      0x2fc ..\obj\main.o
 .debug_line    0x00004cd3      0x1a8 ..\obj\mbcrc.o
 .debug_line    0x00004e7b      0x5e1 ..\obj\stm32f4xx_rcc.o
 .debug_line    0x0000545c      0x26d ..\obj\mbfuncfile.o
 .debug_line    0x000056c9      0x39b ..\obj\log.o
 .debug_line    0x00005a64      0x22b ..\obj\mbfuncinput.o
 .debug_line    0x00005c8f      0x374 ..\obj\printf.o
 .debug_line    0x00006003      0x281 ..\obj\watchdog.o
 .debug_line    0x00006284      0xc2f ..\obj\tasks.o
 .debug_line    0x00006eb3      0x21c ..\obj\usbd_desc.o
 .debug_line    0x000070cf      0x51c ..\obj\fram_i2c.o
 .debug_line    0x000075eb      0x383 ..\obj\stm32f4xx_gpio.o
 .debug_line    0x0000796e      0x489 ..\obj\porttimer.o
 .debug_line    0x00007df7      0x246 ..\obj\usbd_cdc_vcp.o
 .debug_line    0x0000803d      0x28a ..\obj\list.o
 .debug_line    0x000082c7      0x2da ..\obj\mbrtu.o
 .debug_line    0x000085a1      0x213 ..\obj\system_stm32f4xx.o
 .debug_line    0x000087b4      0x41c ..\obj\stm32f4xx_dma.o
 .debug_line    0x00008bd0      0x2d4 ..\obj\usb_bsp.o
 .debug_line    0x00008ea4      0x3e0 ..\obj\usbd_req.o
 .debug_line    0x00009284      0x86f ..\obj\queue.o
 .debug_line    0x00009af3      0x386 ..\obj\port.o
 .debug_line    0x00009e79      0x3bc ..\obj\usb_dcd_int.o
 .debug_line    0x0000a235      0x642 ..\obj\portserial.o
 .debug_line    0x0000a877      0x2bf ..\obj\usbd_cdc_core.o
 .debug_line    0x0000ab36      0x492 ..\obj\stm32f4xx_spi.o
 .debug_line    0x0000afc8      0x2a2 ..\obj\mbfunccoils.o
 .debug_line    0x0000b26a      0x53c ..\obj\ADS1220.o
 .debug_line    0x0000b7a6      0x51b ..\obj\stm32f4xx_i2c.o
 .debug_line    0x0000bcc1      0x452 ..\obj\frequency.o
 .debug_line    0x0000c113      0x2e5 ..\obj\stm32f4xx_exti.o
 .debug_line    0x0000c3f8      0x285 ..\obj\misc.o
 .debug_line    0x0000c67d      0x348 ..\obj\usb_dcd.o
 .debug_line    0x0000c9c5      0x864 ..\obj\stm32f4xx_rtc.o
 .debug_line    0x0000d229      0x232 ..\obj\usbd_ioreq.o
 .debug_line    0x0000d45b      0x2d6 ..\obj\heap_2.o
 .debug_line    0x0000d731      0x255 ..\obj\controller.o
 .debug_line    0x0000d986      0xaaa ..\obj\stm32f4xx_tim.o
 .debug_line    0x0000e430      0x2a9 ..\obj\power_detector.o

.debug_str      0x00000000     0xa490
 .debug_str     0x00000000     0x136c ..\obj\usb_core.o
                               0x16b7 (size before relaxing)
 .debug_str     0x0000136c      0x478 ..\obj\mbport.o
                                0x66d (size before relaxing)
 .debug_str     0x000017e4      0x2ee ..\obj\calc.o
                                0x4bb (size before relaxing)
 .debug_str     0x00001ad2      0x5d5 ..\obj\mb.o
                                0x854 (size before relaxing)
 .debug_str     0x000020a7      0x4cd ..\obj\stm32f4xx_sdio.o
                                0x671 (size before relaxing)
 .debug_str     0x00002574      0x129 ..\obj\protocol.o
                                0x91f (size before relaxing)
 .debug_str     0x0000269d       0xc3 ..\obj\mbfuncdisc.o
                                0x39e (size before relaxing)
 .debug_str     0x00002760       0xbc ..\obj\usbd_usr.o
                                0x2a5 (size before relaxing)
 .debug_str     0x0000281c       0x9a ..\obj\portevent.o
                                0x7c5 (size before relaxing)
 .debug_str     0x000028b6       0xd8 ..\obj\mbfuncother.o
                                0x3c7 (size before relaxing)
 .debug_str     0x0000298e      0x4c9 ..\obj\stm32f4xx_usart.o
                                0x6c0 (size before relaxing)
 .debug_str     0x00002e57      0x1e9 ..\obj\stm32f4xx_pwr.o
                                0x3c2 (size before relaxing)
 .debug_str     0x00003040       0xa9 ..\obj\rtc.o
                                0x25c (size before relaxing)
 .debug_str     0x000030e9      0xb3f ..\obj\sdio_sd.o
                                0xf13 (size before relaxing)
 .debug_str     0x00003c28       0xee ..\obj\mbutils.o
                                0x3db (size before relaxing)
 .debug_str     0x00003d16      0x669 ..\obj\diskio.o
                                0xbd5 (size before relaxing)
 .debug_str     0x0000437f       0xbe ..\obj\startup_stm32f4xx.o
                                0x178 (size before relaxing)
 .debug_str     0x0000443d       0xf6 ..\obj\stm32f4xx_iwdg.o
                                0x29d (size before relaxing)
 .debug_str     0x00004533      0x155 ..\obj\mbfuncholding.o
                                0x47c (size before relaxing)
 .debug_str     0x00004688      0x196 ..\obj\usbd_core.o
                                0xafc (size before relaxing)
 .debug_str     0x0000481e       0xd6 ..\obj\main.o
                                0x257 (size before relaxing)
 .debug_str     0x000048f4       0x77 ..\obj\mbcrc.o
                                0x1f5 (size before relaxing)
 .debug_str     0x0000496b      0x5eb ..\obj\stm32f4xx_rcc.o
                                0x881 (size before relaxing)
 .debug_str     0x00004f56       0x93 ..\obj\mbfuncfile.o
                                0x3d5 (size before relaxing)
 .debug_str     0x00004fe9       0xb8 ..\obj\log.o
                                0x4a8 (size before relaxing)
 .debug_str     0x000050a1       0x79 ..\obj\mbfuncinput.o
                                0x392 (size before relaxing)
 .debug_str     0x0000511a      0x4bb ..\obj\printf.o
                                0x6a7 (size before relaxing)
 .debug_str     0x000055d5       0xd5 ..\obj\watchdog.o
                                0x29d (size before relaxing)
 .debug_str     0x000056aa      0xaa4 ..\obj\tasks.o
                                0xcb2 (size before relaxing)
 .debug_str     0x0000614e      0x16a ..\obj\usbd_desc.o
                                0x3b3 (size before relaxing)
 .debug_str     0x000062b8      0x1c5 ..\obj\fram_i2c.o
                                0x649 (size before relaxing)
 .debug_str     0x0000647d      0x1ac ..\obj\stm32f4xx_gpio.o
                                0x4d4 (size before relaxing)
 .debug_str     0x00006629      0x35b ..\obj\porttimer.o
                               0x1006 (size before relaxing)
 .debug_str     0x00006984      0x14a ..\obj\usbd_cdc_vcp.o
                                0x2f3 (size before relaxing)
 .debug_str     0x00006ace       0xe8 ..\obj\list.o
                                0x2d8 (size before relaxing)
 .debug_str     0x00006bb6      0x121 ..\obj\mbrtu.o
                                0x626 (size before relaxing)
 .debug_str     0x00006cd7       0xb6 ..\obj\system_stm32f4xx.o
                                0x3db (size before relaxing)
 .debug_str     0x00006d8d      0x35b ..\obj\stm32f4xx_dma.o
                                0x573 (size before relaxing)
 .debug_str     0x000070e8       0xdf ..\obj\usb_bsp.o
                               0x1103 (size before relaxing)
 .debug_str     0x000071c7      0x17c ..\obj\usbd_req.o
                                0xb27 (size before relaxing)
 .debug_str     0x00007343      0x353 ..\obj\queue.o