Archive member included because of file (symbol)

c:/coocox/coide/gcc/sourcery g++ lite/bin/../lib/gcc/arm-none-eabi/4.5.1/thumb2\libgcc.a(_arm_addsubdf3.o)
                              ..\obj\ADS1220.o (__aeabi_dadd)
c:/coocox/coide/gcc/sourcery g++ lite/bin/../lib/gcc/arm-none-eabi/4.5.1/thumb2\libgcc.a(_arm_muldivdf3.o)
                              ..\obj\ADS1220.o (__aeabi_dmul)
c:/coocox/coide/gcc/sourcery g++ lite/bin/../lib/gcc/arm-none-eabi/4.5.1/thumb2\libgcc.a(_arm_truncdfsf2.o)
                              ..\obj\ADS1220.o (__aeabi_d2f)
c:/coocox/coide/gcc/sourcery g++ lite/bin/../lib/gcc/arm-none-eabi/4.5.1/thumb2\libgcc.a(_arm_addsubsf3.o)
                              ..\obj\frequency.o (__aeabi_ui2f)
c:/coocox/coide/gcc/sourcery g++ lite/bin/../lib/gcc/arm-none-eabi/4.5.1/thumb2\libgcc.a(_arm_muldivsf3.o)
                              ..\obj\frequency.o (__aeabi_fmul)
c:/coocox/coide/gcc/sourcery g++ lite/bin/../lib/gcc/arm-none-eabi/4.5.1/../../../../arm-none-eabi/lib/thumb2\libc.a(lib_a-memcmp.o)
                              ..\obj\tasks.o (memcmp)
c:/coocox/coide/gcc/sourcery g++ lite/bin/../lib/gcc/arm-none-eabi/4.5.1/../../../../arm-none-eabi/lib/thumb2\libc.a(lib_a-memcpy.o)
                              ..\obj\mbfuncother.o (memcpy)
c:/coocox/coide/gcc/sourcery g++ lite/bin/../lib/gcc/arm-none-eabi/4.5.1/../../../../arm-none-eabi/lib/thumb2\libc.a(lib_a-memset.o)
                              ..\obj\tasks.o (memset)

Allocating common symbols
Common symbol       size              file

stContext_RS232     0x174             ..\obj\protocol.o
stContext_RS485     0x174             ..\obj\protocol.o
stSettings          0x4               ..\obj\controller.o
xMeasureDataMutex   0x4               ..\obj\controller.o
xFrequencySemaphore
                    0x8               ..\obj\frequency.o
xADC_SPI_Mutex      0x4               ..\obj\ADS1220.o
stMeasureData       0x38              ..\obj\controller.o
xSettingsMutex      0x4               ..\obj\controller.o
task_watches        0x50              ..\obj\watchdog.o

Discarded input sections

 .text          0x00000000        0x0 ..\obj\stm32f4xx_syscfg.o
 .data          0x00000000        0x0 ..\obj\stm32f4xx_syscfg.o
 .bss           0x00000000        0x0 ..\obj\stm32f4xx_syscfg.o
 .text.SYSCFG_DeInit
                0x00000000       0x20 ..\obj\stm32f4xx_syscfg.o
 .text.SYSCFG_MemoryRemapConfig
                0x00000000       0x20 ..\obj\stm32f4xx_syscfg.o
 .text.SYSCFG_EXTILineConfig
                0x00000000       0xb4 ..\obj\stm32f4xx_syscfg.o
 .text.SYSCFG_ETH_MediaInterfaceConfig
                0x00000000       0x20 ..\obj\stm32f4xx_syscfg.o
 .text.SYSCFG_CompensationCellCmd
                0x00000000       0x20 ..\obj\stm32f4xx_syscfg.o
 .text.SYSCFG_GetCompensationCellStatus
                0x00000000       0x3c ..\obj\stm32f4xx_syscfg.o
 .text          0x00000000        0x0 ..\obj\mbport.o
 .bss           0x00000000        0x0 ..\obj\mbport.o
 .text          0x00000000        0x0 ..\obj\mb.o
 .bss           0x00000000        0x0 ..\obj\mb.o
 .text.eMBRegisterCB
                0x00000000      0x114 ..\obj\mb.o
 .text.eMBClose
                0x00000000       0x3c ..\obj\mb.o
 .text.eMBDisable
                0x00000000       0x60 ..\obj\mb.o
 .text          0x00000000        0x0 ..\obj\protocol.o
 .data          0x00000000        0x0 ..\obj\protocol.o
 .bss           0x00000000        0x0 ..\obj\protocol.o
 .text          0x00000000        0x0 ..\obj\mbfuncdisc.o
 .data          0x00000000        0x0 ..\obj\mbfuncdisc.o
 .bss           0x00000000        0x0 ..\obj\mbfuncdisc.o
 .text          0x00000000        0x0 ..\obj\core_cm3.o
 .data          0x00000000        0x0 ..\obj\core_cm3.o
 .bss           0x00000000        0x0 ..\obj\core_cm3.o
 .text.__get_PSP
                0x00000000       0x10 ..\obj\core_cm3.o
 .text.__set_PSP
                0x00000000        0x8 ..\obj\core_cm3.o
 .text.__get_MSP
                0x00000000       0x10 ..\obj\core_cm3.o
 .text.__set_MSP
                0x00000000        0x8 ..\obj\core_cm3.o
 .text.__get_BASEPRI
                0x00000000       0x20 ..\obj\core_cm3.o
 .text.__set_BASEPRI
                0x00000000       0x18 ..\obj\core_cm3.o
 .text.__get_PRIMASK
                0x00000000       0x20 ..\obj\core_cm3.o
 .text.__set_PRIMASK
                0x00000000       0x18 ..\obj\core_cm3.o
 .text.__get_FAULTMASK
                0x00000000       0x20 ..\obj\core_cm3.o
 .text.__set_FAULTMASK
                0x00000000       0x18 ..\obj\core_cm3.o
 .text.__get_CONTROL
                0x00000000       0x20 ..\obj\core_cm3.o
 .text.__set_CONTROL
                0x00000000       0x18 ..\obj\core_cm3.o
 .text.__REV    0x00000000       0x24 ..\obj\core_cm3.o
 .text.__REV16  0x00000000       0x24 ..\obj\core_cm3.o
 .text.__REVSH  0x00000000       0x24 ..\obj\core_cm3.o
 .text.__RBIT   0x00000000       0x24 ..\obj\core_cm3.o
 .text.__LDREXB
                0x00000000       0x24 ..\obj\core_cm3.o
[...]
Memory Configuration

Name             Origin             Length             Attributes
rom              0x08000000         0x00100000         xr
ram              0x20000000         0x00020000         xrw
ram1             0x10000000         0x00010000         xrw
*default*        0x00000000         0xffffffff

Linker script and memory map

                0x20020000                _eram = 0x20020000

.text           0x08000000     0x7e12
 *(.isr_vector .isr_vector.*)
 .isr_vector    0x08000000      0x188 ..\obj\startup_stm32f4xx.o
                0x08000000                g_pfnVectors
 *(.text .text.* .gnu.linkonce.t.*)
 .text.ENTER_CRITICAL_SECTION
                0x08000188        0xc ..\obj\mbport.o
                0x08000188                ENTER_CRITICAL_SECTION
 .text.EXIT_CRITICAL_SECTION
                0x08000194        0xc ..\obj\mbport.o
                0x08000194                EXIT_CRITICAL_SECTION
 .text.eMBRegInputCB
                0x080001a0      0x1c8 ..\obj\mbport.o
                0x080001a0                eMBRegInputCB
 .text.eMBRegHoldingCB
                0x08000368       0x24 ..\obj\mbport.o
                0x08000368                eMBRegHoldingCB
 .text.eMBRegCoilsCB
                0x0800038c       0x20 ..\obj\mbport.o
                0x0800038c                eMBRegCoilsCB
 .text.eMBRegDiscreteCB
                0x080003ac       0x20 ..\obj\mbport.o
                0x080003ac                eMBRegDiscreteCB
 .text.eMBInit  0x080003cc      0x110 ..\obj\mb.o
                0x080003cc                eMBInit
 .text.eMBEnable
                0x080004dc       0x50 ..\obj\mb.o
                0x080004dc                eMBEnable
 .text.eMBPoll  0x0800052c      0x1c0 ..\obj\mb.o
                0x0800052c                eMBPoll
 .text.Protocol_Init
                0x080006ec       0xf8 ..\obj\protocol.o
                0x080006ec                Protocol_Init
 .text.Modbus_RS485_Task
                0x080007e4       0x50 ..\obj\protocol.o
 .text.Modbus_RS232_Task
                0x08000834       0x50 ..\obj\protocol.o
 .text.eMBFuncReadDiscreteInputs
                0x08000884      0x130 ..\obj\mbfuncdisc.o
                0x08000884                eMBFuncReadDiscreteInputs
 .text.xMBPortEventInit
                0x080009b4       0x20 ..\obj\portevent.o
                0x080009b4                xMBPortEventInit
 .text.xMBPortEventPost
                0x080009d4       0x2c ..\obj\portevent.o
                0x080009d4                xMBPortEventPost
 .text.xMBPortEventGet
                0x08000a00       0x3c ..\obj\portevent.o
                0x08000a00                xMBPortEventGet
 .text.eMBFuncReportSlaveID
                0x08000a3c       0x4c ..\obj\mbfuncother.o
                0x08000a3c                eMBFuncReportSlaveID
 .text.USART_Init
                0x08000a88      0x1bc ..\obj\stm32f4xx_usart.o
                0x08000a88                USART_Init
 .text.USART_Cmd
                0x08000c44       0x40 ..\obj\stm32f4xx_usart.o
                0x08000c44                USART_Cmd
 .text.USART_SendData
                0x08000c84       0x28 ..\obj\stm32f4xx_usart.o
                0x08000c84                USART_SendData
 .text.USART_ReceiveData
                0x08000cac       0x24 ..\obj\stm32f4xx_usart.o
                0x08000cac                USART_ReceiveData
 .text.USART_ITConfig
                0x08000cd0       0xa8 ..\obj\stm32f4xx_usart.o
                0x08000cd0                USART_ITConfig
 .text.USART_GetFlagStatus
                0x08000d78       0x40 ..\obj\stm32f4xx_usart.o
                0x08000d78                USART_GetFlagStatus
 .text.USART_ClearFlag
                0x08000db8       0x24 ..\obj\stm32f4xx_usart.o
                0x08000db8                USART_ClearFlag
 .text.USART_GetITStatus
                0x08000ddc       0xcc ..\obj\stm32f4xx_usart.o
                0x08000ddc                USART_GetITStatus
 .text.prveMBError2Exception
                0x08000ea8       0x48 ..\obj\mbutils.o
                0x08000ea8                prveMBError2Exception
 .text.Default_Reset_Handler
                0x08000ef0       0x68 ..\obj\startup_stm32f4xx.o
                0x08000ef0                Default_Reset_Handler
                0x08000ef0                Reset_Handler
 .text.Default_Handler
                0x08000f58        0x8 ..\obj\startup_stm32f4xx.o
                0x08000f58                RTC_Alarm_IRQHandler
                0x08000f58                HASH_RNG_IRQHandler
                0x08000f58                EXTI2_IRQHandler
                0x08000f58                TIM8_CC_IRQHandler
                0x08000f58                DebugMon_Handler
                0x08000f58                TIM1_CC_IRQHandler
                0x08000f58                DMA2_Stream5_IRQHandler
                0x08000f58                HardFault_Handler
                0x08000f58                DMA1_Stream5_IRQHandler
                0x08000f58                SDIO_IRQHandler
                0x08000f58                TAMP_STAMP_IRQHandler
                0x08000f58                NMI_Handler
                0x08000f58                CAN2_RX1_IRQHandler
                0x08000f58                EXTI3_IRQHandler
                0x08000f58                TIM8_TRG_COM_TIM14_IRQHandler
                0x08000f58                TIM1_UP_TIM10_IRQHandler
                0x08000f58                TIM8_UP_TIM13_IRQHandler
                0x08000f58                I2C3_ER_IRQHandler
                0x08000f58                EXTI0_IRQHandler
                0x08000f58                I2C2_EV_IRQHandler
                0x08000f58                DMA1_Stream2_IRQHandler
                0x08000f58                CAN1_RX0_IRQHandler
                0x08000f58                FPU_IRQHandler
                0x08000f58                OTG_HS_WKUP_IRQHandler
                0x08000f58                UsageFault_Handler
                0x08000f58                CAN2_SCE_IRQHandler
                0x08000f58                DMA2_Stream2_IRQHandler
                0x08000f58                SPI1_IRQHandler
                0x08000f58                TIM6_DAC_IRQHandler
                0x08000f58                TIM1_BRK_TIM9_IRQHandler
                0x08000f58                DCMI_IRQHandler
                0x08000f58                CAN2_RX0_IRQHandler
                0x08000f58                DMA2_Stream3_IRQHandler
                0x08000f58                USART6_IRQHandler
                0x08000f58                CRYP_IRQHandler
                0x08000f58                CAN1_RX1_IRQHandler
                0x08000f58                UART5_IRQHandler
                0x08000f58                DMA2_Stream0_IRQHandler
                0x08000f58                I2C1_EV_IRQHandler
                0x08000f58                DMA1_Stream6_IRQHandler
                0x08000f58                DMA1_Stream1_IRQHandler
                0x08000f58                TIM3_IRQHandler
                0x08000f58                RCC_IRQHandler
                0x08000f58                TIM8_BRK_TIM12_IRQHandler
                0x08000f58                EXTI15_10_IRQHandler
                0x08000f58                ADC_IRQHandler
                0x08000f58                DMA1_Stream7_IRQHandler
                0x08000f58                TIM7_IRQHandler
                0x08000f58                CAN2_TX_IRQHandler
                0x08000f58                DMA2_Stream7_IRQHandler
                0x08000f58                I2C3_EV_IRQHandler
                0x08000f58                EXTI9_5_IRQHandler
                0x08000f58                RTC_WKUP_IRQHandler
                0x08000f58                ETH_WKUP_IRQHandler
                0x08000f58                SPI2_IRQHandler
                0x08000f58                OTG_HS_EP1_IN_IRQHandler
                0x08000f58                MemManage_Handler
                0x08000f58                DMA1_Stream0_IRQHandler
                0x08000f58                CAN1_TX_IRQHandler
                0x08000f58                EXTI4_IRQHandler
                0x08000f58                FSMC_IRQHandler
                0x08000f58                ETH_IRQHandler
                0x08000f58                OTG_HS_EP1_OUT_IRQHandler
                0x08000f58                WWDG_IRQHandler
                0x08000f58                OTG_FS_WKUP_IRQHandler
                0x08000f58                TIM1_TRG_COM_TIM11_IRQHandler
                0x08000f58                OTG_HS_IRQHandler
                0x08000f58                EXTI1_IRQHandler
                0x08000f58                USART2_IRQHandler
                0x08000f58                I2C2_ER_IRQHandler
                0x08000f58                DMA2_Stream1_IRQHandler
                0x08000f58                CAN1_SCE_IRQHandler
                0x08000f58                FLASH_IRQHandler
                0x08000f58                DMA2_Stream4_IRQHandler
                0x08000f58                BusFault_Handler
                0x08000f58                USART1_IRQHandler
                0x08000f58                OTG_FS_IRQHandler
                0x08000f58                SPI3_IRQHandler
                0x08000f58                DMA1_Stream4_IRQHandler
                0x08000f58                I2C1_ER_IRQHandler
                0x08000f58                DMA2_Stream6_IRQHandler
                0x08000f58                DMA1_Stream3_IRQHandler
 .text.eMBFuncWriteHoldingRegister
                0x08000f60       0x84 ..\obj\mbfuncholding.o
                0x08000f60                eMBFuncWriteHoldingRegister
 .text.eMBFuncWriteMultipleHoldingRegister
                0x08000fe4       0xdc ..\obj\mbfuncholding.o
                0x08000fe4                eMBFuncWriteMultipleHoldingRegister
 .text.eMBFuncReadHoldingRegister
                0x080010c0      0x10c ..\obj\mbfuncholding.o
                0x080010c0                eMBFuncReadHoldingRegister
 .text.eMBFuncReadWriteMultipleHoldingRegister
                0x080011cc      0x1a0 ..\obj\mbfuncholding.o
                0x080011cc                eMBFuncReadWriteMultipleHoldingRegister
 .text.main     0x0800136c       0x14 ..\obj\main.o
                0x0800136c                main
 .text.vApplicationMallocFailedHook
                0x08001380        0x8 ..\obj\main.o
                0x08001380                vApplicationMallocFailedHook
 .text.vApplicationStackOverflowHook
                0x08001388        0xc ..\obj\main.o
                0x08001388                vApplicationStackOverflowHook
 .text.vApplicationIdleHook
                0x08001394       0x18 ..\obj\main.o
                0x08001394                vApplicationIdleHook
 .text.usMBCRC16
                0x080013ac       0x90 ..\obj\mbcrc.o
                0x080013ac                usMBCRC16
 .text.RCC_GetClocksFreq
                0x0800143c      0x1d4 ..\obj\stm32f4xx_rcc.o
                0x0800143c                RCC_GetClocksFreq
 .text.RCC_AHB1PeriphClockCmd
                0x08001610       0x5c ..\obj\stm32f4xx_rcc.o
                0x08001610                RCC_AHB1PeriphClockCmd
 .text.RCC_APB1PeriphClockCmd
                0x0800166c       0x5c ..\obj\stm32f4xx_rcc.o
                0x0800166c                RCC_APB1PeriphClockCmd
 .text.RCC_APB2PeriphClockCmd
                0x080016c8       0x5c ..\obj\stm32f4xx_rcc.o
                0x080016c8                RCC_APB2PeriphClockCmd
 .text.eMBFuncReadInputRegister
                0x08001724      0x110 ..\obj\mbfuncinput.o
                0x08001724                eMBFuncReadInputRegister
 .text.xTaskGenericCreate
                0x08001834      0x1b8 ..\obj\tasks.o
                0x08001834                xTaskGenericCreate
 .text.vTaskDelay
                0x080019ec       0xa4 ..\obj\tasks.o
                0x080019ec                vTaskDelay
 .text.vTaskStartScheduler
                0x08001a90       0x7c ..\obj\tasks.o
                0x08001a90                vTaskStartScheduler
 .text.vTaskSuspendAll
                0x08001b0c       0x24 ..\obj\tasks.o
                0x08001b0c                vTaskSuspendAll
 .text.xTaskResumeAll
                0x08001b30      0x178 ..\obj\tasks.o
                0x08001b30                xTaskResumeAll
 .text.xTaskIncrementTick
                0x08001ca8      0x204 ..\obj\tasks.o
                0x08001ca8                xTaskIncrementTick
 .text.vTaskSwitchContext
                0x08001eac      0x14c ..\obj\tasks.o
                0x08001eac                vTaskSwitchContext
 .text.vTaskPlaceOnEventList
                0x08001ff8       0xb8 ..\obj\tasks.o
                0x08001ff8                vTaskPlaceOnEventList
 .text.xTaskRemoveFromEventList
                0x080020b0       0xe0 ..\obj\tasks.o
                0x080020b0                xTaskRemoveFromEventList
 .text.vTaskSetTimeOutState
                0x08002190       0x38 ..\obj\tasks.o
                0x08002190                vTaskSetTimeOutState
 .text.xTaskCheckForTimeOut
                0x080021c8       0xb0 ..\obj\tasks.o
                0x080021c8                xTaskCheckForTimeOut
 .text.vTaskMissedYield
                0x08002278       0x18 ..\obj\tasks.o
                0x08002278                vTaskMissedYield
 .text.prvIdleTask
                0x08002290       0x24 ..\obj\tasks.o
 .text.prvInitialiseTCBVariables
                0x080022b4       0xbc ..\obj\tasks.o
 .text.prvInitialiseTaskLists
                0x08002370       0xa4 ..\obj\tasks.o
 .text.prvCheckTasksWaitingTermination
                0x08002414       0x98 ..\obj\tasks.o
 .text.prvAddCurrentTaskToDelayedList
                0x080024ac       0x8c ..\obj\tasks.o
 .text.prvAllocateTCBAndStack
                0x08002538       0x7c ..\obj\tasks.o
 .text.prvDeleteTCB
                0x080025b4       0x20 ..\obj\tasks.o
 .text.prvResetNextTaskUnblockTime
                0x080025d4       0x5c ..\obj\tasks.o
 .text.vTaskPriorityInherit
                0x08002630      0x148 ..\obj\tasks.o
                0x08002630                vTaskPriorityInherit
 .text.xTaskPriorityDisinherit
                0x08002778      0x114 ..\obj\tasks.o
                0x08002778                xTaskPriorityDisinherit
 .text.pvTaskIncrementMutexHeldCount
                0x0800288c       0x38 ..\obj\tasks.o
                0x0800288c                pvTaskIncrementMutexHeldCount
 .text.GPIO_Init
                0x080028c4      0x158 ..\obj\stm32f4xx_gpio.o
                0x080028c4                GPIO_Init
 .text.GPIO_ReadInputDataBit
                0x08002a1c       0x40 ..\obj\stm32f4xx_gpio.o
                0x08002a1c                GPIO_ReadInputDataBit
 .text.GPIO_PinAFConfig
                0x08002a5c       0xb0 ..\obj\stm32f4xx_gpio.o
                0x08002a5c                GPIO_PinAFConfig
 .text.RS485TimersInit
                0x08002b0c       0xe0 ..\obj\porttimer.o
                0x08002b0c                RS485TimersInit
 .text.RS485TimersEnable
                0x08002bec       0x4c ..\obj\porttimer.o
                0x08002bec                RS485TimersEnable
 .text.RS485TimersDisable
                0x08002c38       0x4c ..\obj\porttimer.o
                0x08002c38                RS485TimersDisable
 .text.TIM4_IRQHandler
                0x08002c84       0x54 ..\obj\porttimer.o
                0x08002c84                TIM4_IRQHandler
 .text.RS485TimerContextInit
                0x08002cd8       0x7c ..\obj\porttimer.o
                0x08002cd8                RS485TimerContextInit
 .text.RS232TimersInit
                0x08002d54       0xe0 ..\obj\porttimer.o
                0x08002d54                RS232TimersInit
 .text.RS232TimersEnable
                0x08002e34       0x4c ..\obj\porttimer.o
                0x08002e34                RS232TimersEnable
 .text.RS232TimersDisable
                0x08002e80       0x4c ..\obj\porttimer.o
                0x08002e80                RS232TimersDisable
 .text.TIM5_IRQHandler
                0x08002ecc       0x54 ..\obj\porttimer.o
                0x08002ecc                TIM5_IRQHandler
 .text.RS232TimerContextInit
                0x08002f20       0x7c ..\obj\porttimer.o
                0x08002f20                RS232TimerContextInit
 .text.eMBRTUInit
                0x08002f9c       0x88 ..\obj\mbrtu.o
                0x08002f9c                eMBRTUInit
 .text.eMBRTUStart
                0x08003024       0x38 ..\obj\mbrtu.o
                0x08003024                eMBRTUStart
 .text.eMBRTUStop
                0x0800305c       0x30 ..\obj\mbrtu.o
                0x0800305c                eMBRTUStop
 .text.eMBRTUReceive
                0x0800308c       0x90 ..\obj\mbrtu.o
                0x0800308c                eMBRTUReceive
 .text.eMBRTUSend
                0x0800311c       0xe8 ..\obj\mbrtu.o
                0x0800311c                eMBRTUSend
 .text.xMBRTUReceiveFSM
                0x08003204       0xd0 ..\obj\mbrtu.o
                0x08003204                xMBRTUReceiveFSM
 .text.xMBRTUTransmitFSM
                0x080032d4       0xb0 ..\obj\mbrtu.o
                0x080032d4                xMBRTUTransmitFSM
 .text.xMBRTUTimerT35Expired
                0x08003384       0x60 ..\obj\mbrtu.o
                0x08003384                xMBRTUTimerT35Expired
 .text.vListInitialise
                0x080033e4       0x48 ..\obj\list.o
                0x080033e4                vListInitialise
 .text.vListInitialiseItem
                0x0800342c       0x1c ..\obj\list.o
                0x0800342c                vListInitialiseItem
 .text.vListInsertEnd
                0x08003448       0x48 ..\obj\list.o
                0x08003448                vListInsertEnd
 .text.vListInsert
                0x08003490       0x74 ..\obj\list.o
                0x08003490                vListInsert
 .text.uxListRemove
                0x08003504       0x58 ..\obj\list.o
                0x08003504                uxListRemove
 .text.SystemInit
                0x0800355c       0x94 ..\obj\system_stm32f4xx.o
                0x0800355c                SystemInit
 .text.SetSysClock
                0x080035f0      0x110 ..\obj\system_stm32f4xx.o
 .text.pxPortInitialiseStack
                0x08003700       0x64 ..\obj\port.o
                0x08003700                pxPortInitialiseStack
 .text.prvTaskExitError
                0x08003764       0x20 ..\obj\port.o
 .text.SVC_Handler
                0x08003784       0x24 ..\obj\port.o
                0x08003784                SVC_Handler
 .text.prvPortStartFirstTask
                0x080037a8       0x20 ..\obj\port.o
 .text.xPortStartScheduler
                0x080037c8      0x10c ..\obj\port.o
                0x080037c8                xPortStartScheduler
 .text.vPortYield
                0x080038d4       0x20 ..\obj\port.o
                0x080038d4                vPortYield
 .text.vPortEnterCritical
                0x080038f4       0x50 ..\obj\port.o
                0x080038f4                vPortEnterCritical
 .text.vPortExitCritical
                0x08003944       0x48 ..\obj\port.o
                0x08003944                vPortExitCritical
 .text.ulPortSetInterruptMask
                0x0800398c       0x14 ..\obj\port.o
                0x0800398c                ulPortSetInterruptMask
 .text.vPortClearInterruptMask
                0x080039a0        0x8 ..\obj\port.o
                0x080039a0                vPortClearInterruptMask
 .text.PendSV_Handler
                0x080039a8       0x44 ..\obj\port.o
                0x080039a8                PendSV_Handler
 .text.SysTick_Handler
                0x080039ec       0x2c ..\obj\port.o
                0x080039ec                SysTick_Handler
 .text.vPortSetupTimerInterrupt
                0x08003a18       0x28 ..\obj\port.o
                0x08003a18                vPortSetupTimerInterrupt
 .text.vPortValidateInterruptPriority
                0x08003a40       0x64 ..\obj\port.o
                0x08003a40                vPortValidateInterruptPriority
 .text.xQueueGenericReset
                0x08003aa4       0xc0 ..\obj\queue.o
                0x08003aa4                xQueueGenericReset
 .text.xQueueGenericCreate
                0x08003b64       0xa0 ..\obj\queue.o
                0x08003b64                xQueueGenericCreate
 .text.xQueueCreateMutex
                0x08003c04       0xa8 ..\obj\queue.o
                0x08003c04                xQueueCreateMutex
 .text.xQueueGenericSend
                0x08003cac      0x188 ..\obj\queue.o
                0x08003cac                xQueueGenericSend
 .text.xQueueGiveFromISR
                0x08003e34       0xac ..\obj\queue.o
                0x08003e34                xQueueGiveFromISR
 .text.xQueueGenericReceive
                0x08003ee0      0x1b8 ..\obj\queue.o
                0x08003ee0                xQueueGenericReceive
 .text.prvCopyDataToQueue
                0x08004098       0xe8 ..\obj\queue.o
 .text.prvCopyDataFromQueue
                0x08004180       0x50 ..\obj\queue.o
 .text.prvUnlockQueue
                0x080041d0       0xa0 ..\obj\queue.o
 .text.prvIsQueueEmpty
                0x08004270       0x34 ..\obj\queue.o
 .text.prvIsQueueFull
                0x080042a4       0x38 ..\obj\queue.o
 .text.NVIC_EnableIRQ
                0x080042dc       0x38 ..\obj\portserial.o
 .text.RS485SerialEnable
                0x08004314      0x194 ..\obj\portserial.o
                0x08004314                RS485SerialEnable
 .text.RS485SerialInit
                0x080044a8      0x178 ..\obj\portserial.o
                0x080044a8                RS485SerialInit
 .text.RS485SerialPutByte
                0x08004620       0x44 ..\obj\portserial.o
                0x08004620                RS485SerialPutByte
 .text.RS485SerialGetByte
                0x08004664       0x3c ..\obj\portserial.o
                0x08004664                RS485SerialGetByte
 .text.USART3_IRQHandler
                0x080046a0       0xdc ..\obj\portserial.o
                0x080046a0                USART3_IRQHandler
 .text.RS485SerialContextInit
                0x0800477c       0x90 ..\obj\portserial.o
                0x0800477c                RS485SerialContextInit
 .text.RS232SerialEnable
                0x0800480c       0xb4 ..\obj\portserial.o
                0x0800480c                RS232SerialEnable
 .text.RS232SerialInit
                0x080048c0      0x140 ..\obj\portserial.o
                0x080048c0                RS232SerialInit
 .text.RS232SerialPutByte
                0x08004a00       0x44 ..\obj\portserial.o
                0x08004a00                RS232SerialPutByte
 .text.RS232SerialGetByte
                0x08004a44       0x3c ..\obj\portserial.o
                0x08004a44                RS232SerialGetByte
 .text.UART4_IRQHandler
                0x08004a80       0xdc ..\obj\portserial.o
                0x08004a80                UART4_IRQHandler
 .text.RS232SerialContextInit
                0x08004b5c       0x90 ..\obj\portserial.o
                0x08004b5c                RS232SerialContextInit
 .text.SPI_Init
                0x08004bec       0x98 ..\obj\stm32f4xx_spi.o
                0x08004bec                SPI_Init
 .text.SPI_Cmd  0x08004c84       0x40 ..\obj\stm32f4xx_spi.o
                0x08004c84                SPI_Cmd
 .text.SPI_CalculateCRC
                0x08004cc4       0x40 ..\obj\stm32f4xx_spi.o
                0x08004cc4                SPI_CalculateCRC
 .text.eMBFuncReadCoils
                0x08004d04      0x134 ..\obj\mbfunccoils.o
                0x08004d04                eMBFuncReadCoils
 .text.eMBFuncWriteCoil
                0x08004e38       0xcc ..\obj\mbfunccoils.o
                0x08004e38                eMBFuncWriteCoil
 .text.eMBFuncWriteMultipleCoils
                0x08004f04       0xfc ..\obj\mbfunccoils.o
                0x08004f04                eMBFuncWriteMultipleCoils
 .text.ADS1220_init
                0x08005000       0xf8 ..\obj\ADS1220.o
                0x08005000                ADS1220_init
 .text.ADC_SPI_config
                0x080050f8      0x170 ..\obj\ADS1220.o
 .text.ADC_SPI_send
                0x08005268       0x60 ..\obj\ADS1220.o
                0x08005268                ADC_SPI_send
 .text.ADC_SPI_read
                0x080052c8       0x14 ..\obj\ADS1220.o
                0x080052c8                ADC_SPI_read
 .text.ADC_RTD1_Task
                0x080052dc      0x3d8 ..\obj\ADS1220.o
 .text.ADC_RTD2_Task
                0x080056b4       0x84 ..\obj\ADS1220.o
 .text.ADC_Current1_Task
                0x08005738       0x84 ..\obj\ADS1220.o
 .text.ADC_Current2_Task
                0x080057bc       0x84 ..\obj\ADS1220.o
 .text.PT100_Code_To_Temperature
                0x08005840       0xa0 ..\obj\ADS1220.o
                0x08005840                PT100_Code_To_Temperature
 .text.NVIC_EnableIRQ
                0x080058e0       0x38 ..\obj\frequency.o
 .text.FrequencyMeasureInit
                0x08005918      0x3a4 ..\obj\frequency.o
                0x08005918                FrequencyMeasureInit
 .text.TIM2_IRQHandler
                0x08005cbc      0x160 ..\obj\frequency.o
                0x08005cbc                TIM2_IRQHandler
 .text.FrequencyCH1Measure_Task
                0x08005e1c      0x138 ..\obj\frequency.o
 .text.FrequencyCH2Measure_Task
                0x08005f54      0x138 ..\obj\frequency.o
 .text.EXTI_GetITStatus
                0x0800608c       0x60 ..\obj\stm32f4xx_exti.o
                0x0800608c                EXTI_GetITStatus
 .text.EXTI_ClearITPendingBit
                0x080060ec       0x20 ..\obj\stm32f4xx_exti.o
                0x080060ec                EXTI_ClearITPendingBit
 .text.NVIC_PriorityGroupConfig
                0x0800610c       0x28 ..\obj\misc.o
                0x0800610c                NVIC_PriorityGroupConfig
 .text.NVIC_Init
                0x08006134       0xe8 ..\obj\misc.o
                0x08006134                NVIC_Init
 .text.pvPortMalloc
                0x0800621c      0x164 ..\obj\heap_2.o
                0x0800621c                pvPortMalloc
 .text.vPortFree
                0x08006380       0x88 ..\obj\heap_2.o
                0x08006380                vPortFree
 .text.xPortGetFreeHeapSize
                0x08006408       0x18 ..\obj\heap_2.o
                0x08006408                xPortGetFreeHeapSize
 .text.prvHeapInit
                0x08006420       0x6c ..\obj\heap_2.o
 .text.ControllerInit
                0x0800648c       0x48 ..\obj\controller.o
                0x0800648c                ControllerInit
 .text.TIM_TimeBaseInit
                0x080064d4       0xf8 ..\obj\stm32f4xx_tim.o
                0x080064d4                TIM_TimeBaseInit
 .text.TIM_TimeBaseStructInit
                0x080065cc       0x3c ..\obj\stm32f4xx_tim.o
                0x080065cc                TIM_TimeBaseStructInit
 .text.TIM_SetCounter
                0x08006608       0x1c ..\obj\stm32f4xx_tim.o
                0x08006608                TIM_SetCounter
 .text.TIM_ARRPreloadConfig
                0x08006624       0x40 ..\obj\stm32f4xx_tim.o
                0x08006624                TIM_ARRPreloadConfig
 .text.TIM_Cmd  0x08006664       0x40 ..\obj\stm32f4xx_tim.o
                0x08006664                TIM_Cmd
 .text.TIM_ICInit
                0x080066a4       0xa8 ..\obj\stm32f4xx_tim.o
                0x080066a4                TIM_ICInit
 .text.TIM_SetIC1Prescaler
                0x0800674c       0x38 ..\obj\stm32f4xx_tim.o
                0x0800674c                TIM_SetIC1Prescaler
 .text.TIM_SetIC2Prescaler
                0x08006784       0x40 ..\obj\stm32f4xx_tim.o
                0x08006784                TIM_SetIC2Prescaler
 .text.TIM_SetIC3Prescaler
                0x080067c4       0x38 ..\obj\stm32f4xx_tim.o
                0x080067c4                TIM_SetIC3Prescaler
 .text.TIM_SetIC4Prescaler
                0x080067fc       0x40 ..\obj\stm32f4xx_tim.o
                0x080067fc                TIM_SetIC4Prescaler
 .text.TIM_ITConfig
                0x0800683c       0x4c ..\obj\stm32f4xx_tim.o
                0x0800683c                TIM_ITConfig
 .text.TIM_ClearFlag
                0x08006888       0x24 ..\obj\stm32f4xx_tim.o
                0x08006888                TIM_ClearFlag
 .text.TIM_ClearITPendingBit
                0x080068ac       0x24 ..\obj\stm32f4xx_tim.o
                0x080068ac                TIM_ClearITPendingBit
 .text.TIM_ETRClockMode2Config
                0x080068d0       0x34 ..\obj\stm32f4xx_tim.o
                0x080068d0                TIM_ETRClockMode2Config
 .text.TIM_ETRConfig
                0x08006904       0x54 ..\obj\stm32f4xx_tim.o
                0x08006904                TIM_ETRConfig
 .text.TI1_Config
                0x08006958       0x84 ..\obj\stm32f4xx_tim.o
 .text.TI2_Config
                0x080069dc       0xa4 ..\obj\stm32f4xx_tim.o
 .text.TI3_Config
                0x08006a80       0x94 ..\obj\stm32f4xx_tim.o
 .text.TI4_Config
                0x08006b14       0xac ..\obj\stm32f4xx_tim.o
 .text.NVIC_SystemReset
                0x08006bc0       0x34 ..\obj\power_detector.o
 .text.PVD_IRQHandler
                0x08006bf4       0x20 ..\obj\power_detector.o
                0x08006bf4                PVD_IRQHandler
 .text          0x08006c14      0x370 c:/coocox/coide/gcc/sourcery g++ lite/bin/../lib/gcc/arm-none-eabi/4.5.1/thumb2\libgcc.a(_arm_addsubdf3.o)
                0x08006c14                __aeabi_drsub
                0x08006c1c                __aeabi_dsub
                0x08006c1c                __subdf3
                0x08006c20                __aeabi_dadd
                0x08006c20                __adddf3
                0x08006e98                __floatunsidf
                0x08006e98                __aeabi_ui2d
                0x08006eb8                __floatsidf
                0x08006eb8                __aeabi_i2d
                0x08006edc                __aeabi_f2d
                0x08006edc                __extendsfdf2
                0x08006f18                __floatundidf
                0x08006f18                __aeabi_ul2d
                0x08006f28                __floatdidf
                0x08006f28                __aeabi_l2d
 .text          0x08006f84      0x424 c:/coocox/coide/gcc/sourcery g++ lite/bin/../lib/gcc/arm-none-eabi/4.5.1/thumb2\libgcc.a(_arm_muldivdf3.o)
                0x08006f84                __aeabi_dmul
                0x08006f84                __muldf3
                0x080071d8                __divdf3
                0x080071d8                __aeabi_ddiv
 .text          0x080073a8       0xa0 c:/coocox/coide/gcc/sourcery g++ lite/bin/../lib/gcc/arm-none-eabi/4.5.1/thumb2\libgcc.a(_arm_truncdfsf2.o)
                0x080073a8                __truncdfsf2
                0x080073a8                __aeabi_d2f
 .text          0x08007448      0x21c c:/coocox/coide/gcc/sourcery g++ lite/bin/../lib/gcc/arm-none-eabi/4.5.1/thumb2\libgcc.a(_arm_addsubsf3.o)
                0x08007448                __aeabi_frsub
                0x08007450                __subsf3
                0x08007450                __aeabi_fsub
                0x08007454                __aeabi_fadd
                0x08007454                __addsf3
                0x080075b4                __aeabi_ui2f
                0x080075b4                __floatunsisf
                0x080075bc                __aeabi_i2f
                0x080075bc                __floatsisf
                0x080075d8                __aeabi_ul2f
                0x080075d8                __floatundisf
                0x080075e8                __aeabi_l2f
                0x080075e8                __floatdisf
 .text          0x08007664      0x2a0 c:/coocox/coide/gcc/sourcery g++ lite/bin/../lib/gcc/arm-none-eabi/4.5.1/thumb2\libgcc.a(_arm_muldivsf3.o)
                0x08007664                __mulsf3
                0x08007664                __aeabi_fmul
                0x080077cc                __aeabi_fdiv
                0x080077cc                __divsf3
 .text          0x08007904       0x58 c:/coocox/coide/gcc/sourcery g++ lite/bin/../lib/gcc/arm-none-eabi/4.5.1/../../../../arm-none-eabi/lib/thumb2\libc.a(lib_a-memcmp.o)
                0x08007904                memcmp
 .text          0x0800795c      0x150 c:/coocox/coide/gcc/sourcery g++ lite/bin/../lib/gcc/arm-none-eabi/4.5.1/../../../../arm-none-eabi/lib/thumb2\libc.a(lib_a-memcpy.o)
                0x0800795c                memcpy
 .text          0x08007aac       0xb4 c:/coocox/coide/gcc/sourcery g++ lite/bin/../lib/gcc/arm-none-eabi/4.5.1/../../../../arm-none-eabi/lib/thumb2\libc.a(lib_a-memset.o)
                0x08007aac                memset
 *(.glue_7t)
 .glue_7t       0x00000000        0x0 linker stubs
 *(.glue_7)
 .glue_7        0x00000000        0x0 linker stubs
 *(.rodata .rodata* .gnu.linkonce.r.*)
 .rodata        0x08007b60       0x20 ..\obj\protocol.o
 .rodata        0x08007b80      0x200 ..\obj\mbcrc.o
 .rodata        0x08007d80       0x1c ..\obj\tasks.o
 .rodata        0x08007d9c        0x4 ..\obj\port.o
 .rodata        0x08007da0       0x58 ..\obj\ADS1220.o
 .rodata        0x08007df8       0x18 ..\obj\frequency.o
 .rodata        0x08007e10        0x2 ..\obj\heap_2.o

.vfp11_veneer   0x08007e14        0x0 load address 0x08007e12
 .vfp11_veneer  0x00000000        0x0 linker stubs

.v4_bx          0x08007e14        0x0 load address 0x08007e12
 .v4_bx         0x00000000        0x0 linker stubs

.ARM.extab
 *(.ARM.extab* .gnu.linkonce.armextab.*)

.ARM.exidx
 *(.ARM.exidx* .gnu.linkonce.armexidx.*)
                0x08007e14                . = ALIGN (0x4)
                0x08007e14                _etext = .
                0x08007e14                _sidata = .

.data           0x20000000       0xb8 load address 0x08007e14
                0x20000000                _sdata = .
 *(.data .data.*)
 .data          0x20000000        0x6 ..\obj\mbport.o
                0x20000000                REG_INPUT_START
                0x20000001                REG_HOLDING_START
                0x20000002                REG_INPUT_NREGS
                0x20000003                REG_HOLDING_NREGS
                0x20000004                usRegInputStart
                0x20000005                usRegHoldingStart
 *fill*         0x20000006        0x2 00
 .data          0x20000008       0x80 ..\obj\mb.o
 .data          0x20000088       0x10 ..\obj\stm32f4xx_rcc.o
 .data          0x20000098        0x4 ..\obj\tasks.o
 .data          0x2000009c       0x14 ..\obj\system_stm32f4xx.o
                0x2000009c                SystemCoreClock
                0x200000a0                AHBPrescTable
 .data          0x200000b0        0x4 ..\obj\port.o
 .data          0x200000b4        0x4 ..\obj\heap_2.o
                0x200000b8                . = ALIGN (0x4)
                0x200000b8                _edata = .

.bss            0x200000b8     0x24fc load address 0x08007ecc
                0x200000b8                _sbss = .
 *(.bss .bss.*)
 .bss           0x200000b8       0x24 ..\obj\mbfuncother.o
 .bss           0x200000dc       0xfc ..\obj\tasks.o
                0x200000dc                pxCurrentTCB
 .bss           0x200001d8        0x8 ..\obj\porttimer.o
 .bss           0x200001e0        0x8 ..\obj\port.o
 .bss           0x200001e8       0x10 ..\obj\portserial.o
 .bss           0x200001f8       0x1c ..\obj\frequency.o
                0x20000210                xHigherPriorityTaskWoken
 .bss           0x20000214     0x2014 ..\obj\heap_2.o
 *(COMMON)
 COMMON         0x20002228      0x2e8 ..\obj\protocol.o
                0x20002228                stContext_RS232
                0x2000239c                stContext_RS485
 COMMON         0x20002510       0x50 ..\obj\watchdog.o
                0x20002510                task_watches
 COMMON         0x20002560        0x4 ..\obj\ADS1220.o
                0x20002560                xADC_SPI_Mutex
 COMMON         0x20002564        0x8 ..\obj\frequency.o
                0x20002564                xFrequencySemaphore
 *fill*         0x2000256c        0x4 00
 COMMON         0x20002570       0x44 ..\obj\controller.o
                0x20002570                stSettings
                0x20002574                xMeasureDataMutex
                0x20002578                stMeasureData
                0x200025b0                xSettingsMutex
                0x200025b4                . = ALIGN (0x4)
                0x200025b4                _ebss = .

.co_stack       0x200025b4      0x804 load address 0x0800a3c8
                0x200025b8                . = ALIGN (0x8)
 *fill*         0x200025b4        0x4 00
 *(.co_stack .co_stack.*)
 .co_stack      0x200025b8      0x800 ..\obj\startup_stm32f4xx.o
                0x200025b8                pulStack
                0x20002db8                . = ALIGN (0x4)
                0x20002db8                _end = .
LOAD ..\obj\stm32f4xx_syscfg.o
LOAD ..\obj\mbport.o
LOAD ..\obj\mb.o
LOAD ..\obj\protocol.o
LOAD ..\obj\mbfuncdisc.o
LOAD ..\obj\core_cm3.o
LOAD ..\obj\portevent.o
LOAD ..\obj\mbfuncother.o
LOAD ..\obj\stm32f4xx_usart.o
LOAD ..\obj\stm32f4xx_pwr.o
LOAD ..\obj\rtc.o
LOAD ..\obj\mbutils.o
LOAD ..\obj\startup_stm32f4xx.o
LOAD ..\obj\backup_sram.o
LOAD ..\obj\stm32f4xx_iwdg.o
LOAD ..\obj\mbfuncholding.o
LOAD ..\obj\main.o
LOAD ..\obj\mbcrc.o
LOAD ..\obj\stm32f4xx_rcc.o
LOAD ..\obj\timers.o
LOAD ..\obj\mbfuncinput.o
LOAD ..\obj\printf.o
LOAD ..\obj\watchdog.o
LOAD ..\obj\mbfuncdiag.o
LOAD ..\obj\tasks.o
LOAD ..\obj\stm32f4xx_gpio.o
LOAD ..\obj\porttimer.o
LOAD ..\obj\mbrtu.o
LOAD ..\obj\list.o
LOAD ..\obj\system_stm32f4xx.o
LOAD ..\obj\syscalls.o
LOAD ..\obj\port.o
LOAD ..\obj\queue.o
LOAD ..\obj\portserial.o
LOAD ..\obj\croutine.o
LOAD ..\obj\stm32f4xx_spi.o
LOAD ..\obj\mbfunccoils.o
LOAD ..\obj\event_groups.o
LOAD ..\obj\ADS1220.o
LOAD ..\obj\frequency.o
LOAD ..\obj\stm32f4xx_exti.o
LOAD ..\obj\misc.o
LOAD ..\obj\stm32f4xx_rtc.o
LOAD ..\obj\mbascii.o
LOAD ..\obj\heap_2.o
LOAD ..\obj\controller.o
LOAD ..\obj\stm32f4xx_tim.o
LOAD ..\obj\power_detector.o
START GROUP
LOAD c:/coocox/coide/gcc/sourcery g++ lite/bin/../lib/gcc/arm-none-eabi/4.5.1/thumb2\libgcc.a
LOAD c:/coocox/coide/gcc/sourcery g++ lite/bin/../lib/gcc/arm-none-eabi/4.5.1/../../../../arm-none-eabi/lib/thumb2\libc.a
END GROUP
OUTPUT(IMS_CONTROLLER.elf elf32-littlearm)

.debug_abbrev   0x00000000     0x36df
 .debug_abbrev  0x00000000      0x12a ..\obj\stm32f4xx_syscfg.o
 .debug_abbrev  0x0000012a      0x155 ..\obj\mbport.o
 .debug_abbrev  0x0000027f      0x199 ..\obj\mb.o
 .debug_abbrev  0x00000418      0x164 ..\obj\protocol.o
 .debug_abbrev  0x0000057c       0xa5 ..\obj\mbfuncdisc.o
 .debug_abbrev  0x00000621       0xd5 ..\obj\core_cm3.o
 .debug_abbrev  0x000006f6       0xc1 ..\obj\portevent.o
 .debug_abbrev  0x000007b7       0xbe ..\obj\mbfuncother.o
 .debug_abbrev  0x00000875      0x14e ..\obj\stm32f4xx_usart.o
 .debug_abbrev  0x000009c3      0x175 ..\obj\stm32f4xx_pwr.o
 .debug_abbrev  0x00000b38       0xe8 ..\obj\rtc.o
 .debug_abbrev  0x00000c20       0xd2 ..\obj\mbutils.o
 .debug_abbrev  0x00000cf2       0xac ..\obj\startup_stm32f4xx.o
 .debug_abbrev  0x00000d9e       0xa7 ..\obj\backup_sram.o
 .debug_abbrev  0x00000e45       0xfa ..\obj\stm32f4xx_iwdg.o
 .debug_abbrev  0x00000f3f       0xa5 ..\obj\mbfuncholding.o
 .debug_abbrev  0x00000fe4       0xc0 ..\obj\main.o
 .debug_abbrev  0x000010a4       0x90 ..\obj\mbcrc.o
 .debug_abbrev  0x00001134      0x1b7 ..\obj\stm32f4xx_rcc.o
 .debug_abbrev  0x000012eb       0x28 ..\obj\timers.o
 .debug_abbrev  0x00001313       0xa5 ..\obj\mbfuncinput.o
 .debug_abbrev  0x000013b8      0x238 ..\obj\printf.o
 .debug_abbrev  0x000015f0      0x120 ..\obj\watchdog.o
 .debug_abbrev  0x00001710        0x1 ..\obj\mbfuncdiag.o
 .debug_abbrev  0x00001711      0x206 ..\obj\tasks.o
 .debug_abbrev  0x00001917      0x182 ..\obj\stm32f4xx_gpio.o
 .debug_abbrev  0x00001a99      0x1b6 ..\obj\porttimer.o
 .debug_abbrev  0x00001c4f      0x180 ..\obj\mbrtu.o
 .debug_abbrev  0x00001dcf       0xb8 ..\obj\list.o
 .debug_abbrev  0x00001e87      0x140 ..\obj\system_stm32f4xx.o
 .debug_abbrev  0x00001fc7       0xde ..\obj\syscalls.o
 .debug_abbrev  0x000020a5      0x186 ..\obj\port.o
 .debug_abbrev  0x0000222b      0x132 ..\obj\queue.o
 .debug_abbrev  0x0000235d      0x203 ..\obj\portserial.o
 .debug_abbrev  0x00002560      0x17f ..\obj\croutine.o
 .debug_abbrev  0x000026df      0x160 ..\obj\stm32f4xx_spi.o
 .debug_abbrev  0x0000283f       0xb7 ..\obj\mbfunccoils.o
 .debug_abbrev  0x000028f6      0x10f ..\obj\event_groups.o
 .debug_abbrev  0x00002a05      0x1ac ..\obj\ADS1220.o
 .debug_abbrev  0x00002bb1      0x1b6 ..\obj\frequency.o
 .debug_abbrev  0x00002d67      0x198 ..\obj\stm32f4xx_exti.o
 .debug_abbrev  0x00002eff      0x126 ..\obj\misc.o
 .debug_abbrev  0x00003025      0x16b ..\obj\stm32f4xx_rtc.o
 .debug_abbrev  0x00003190       0x4d ..\obj\mbascii.o
 .debug_abbrev  0x000031dd      0x15f ..\obj\heap_2.o
 .debug_abbrev  0x0000333c       0xdb ..\obj\controller.o
 .debug_abbrev  0x00003417      0x163 ..\obj\stm32f4xx_tim.o
 .debug_abbrev  0x0000357a      0x165 ..\obj\power_detector.o

.debug_info     0x00000000    0x130d2
 .debug_info    0x00000000      0x27a ..\obj\stm32f4xx_syscfg.o
 .debug_info    0x0000027a      0x495 ..\obj\mbport.o
 .debug_info    0x0000070f      0x9a1 ..\obj\mb.o
 .debug_info    0x000010b0      0x884 ..\obj\protocol.o
 .debug_info    0x00001934      0x1f9 ..\obj\mbfuncdisc.o
 .debug_info    0x00001b2d      0x548 ..\obj\core_cm3.o
 .debug_info    0x00002075      0x1c4 ..\obj\portevent.o
 .debug_info    0x00002239      0x25c ..\obj\mbfuncother.o
 .debug_info    0x00002495      0xa4f ..\obj\stm32f4xx_usart.o
 .debug_info    0x00002ee4      0x53e ..\obj\stm32f4xx_pwr.o
 .debug_info    0x00003422      0x248 ..\obj\rtc.o
 .debug_info    0x0000366a      0x2d1 ..\obj\mbutils.o
 .debug_info    0x0000393b      0x135 ..\obj\startup_stm32f4xx.o
 .debug_info    0x00003a70      0x11f ..\obj\backup_sram.o
 .debug_info    0x00003b8f      0x20b ..\obj\stm32f4xx_iwdg.o
 .debug_info    0x00003d9a      0x38e ..\obj\mbfuncholding.o
 .debug_info    0x00004128      0x188 ..\obj\main.o
 .debug_info    0x000042b0      0x13e ..\obj\mbcrc.o
 .debug_info    0x000043ee      0xd24 ..\obj\stm32f4xx_rcc.o
 .debug_info    0x00005112       0x6f ..\obj\timers.o
 .debug_info    0x00005181      0x1eb ..\obj\mbfuncinput.o
 .debug_info    0x0000536c      0xed2 ..\obj\printf.o
 .debug_info    0x0000623e      0x1ab ..\obj\watchdog.o
 .debug_info    0x000063e9        0x0 ..\obj\mbfuncdiag.o
 .debug_info    0x000063e9     0x12a7 ..\obj\tasks.o
 .debug_info    0x00007690      0x639 ..\obj\stm32f4xx_gpio.o
 .debug_info    0x00007cc9      0xe0c ..\obj\porttimer.o
 .debug_info    0x00008ad5      0x7fd ..\obj\mbrtu.o
 .debug_info    0x000092d2      0x2b5 ..\obj\list.o
 .debug_info    0x00009587      0x5ea ..\obj\system_stm32f4xx.o
 .debug_info    0x00009b71      0x440 ..\obj\syscalls.o
 .debug_info    0x00009fb1      0x330 ..\obj\port.o
 .debug_info    0x0000a2e1      0x9ea ..\obj\queue.o
 .debug_info    0x0000accb     0x1160 ..\obj\portserial.o
 .debug_info    0x0000be2b      0x4ec ..\obj\croutine.o
 .debug_info    0x0000c317      0xbcc ..\obj\stm32f4xx_spi.o
 .debug_info    0x0000cee3      0x31e ..\obj\mbfunccoils.o
 .debug_info    0x0000d201      0x639 ..\obj\event_groups.o
 .debug_info    0x0000d83a      0x747 ..\obj\ADS1220.o
 .debug_info    0x0000df81      0xc30 ..\obj\frequency.o
 .debug_info    0x0000ebb1      0x372 ..\obj\stm32f4xx_exti.o
 .debug_info    0x0000ef23      0x594 ..\obj\misc.o
 .debug_info    0x0000f4b7     0x1223 ..\obj\stm32f4xx_rtc.o
 .debug_info    0x000106da       0x9b ..\obj\mbascii.o
 .debug_info    0x00010775      0x2e3 ..\obj\heap_2.o
 .debug_info    0x00010a58      0x1fa ..\obj\controller.o
 .debug_info    0x00010c52     0x1e28 ..\obj\stm32f4xx_tim.o
 .debug_info    0x00012a7a      0x658 ..\obj\power_detector.o

.debug_line     0x00000000     0x9737
 .debug_line    0x00000000      0x202 ..\obj\stm32f4xx_syscfg.o
 .debug_line    0x00000202      0x3bc ..\obj\mbport.o
 .debug_line    0x000005be      0x326 ..\obj\mb.o
 .debug_line    0x000008e4      0x333 ..\obj\protocol.o
 .debug_line    0x00000c17      0x1ed ..\obj\mbfuncdisc.o
 .debug_line    0x00000e04      0x28e ..\obj\core_cm3.o
 .debug_line    0x00001092      0x1d1 ..\obj\portevent.o
 .debug_line    0x00001263      0x259 ..\obj\mbfuncother.o
 .debug_line    0x000014bc      0x49c ..\obj\stm32f4xx_usart.o
 .debug_line    0x00001958      0x29f ..\obj\stm32f4xx_pwr.o
 .debug_line    0x00001bf7      0x1ff ..\obj\rtc.o
 .debug_line    0x00001df6      0x261 ..\obj\mbutils.o
 .debug_line    0x00002057       0xaf ..\obj\startup_stm32f4xx.o
 .debug_line    0x00002106      0x1a8 ..\obj\backup_sram.o
 .debug_line    0x000022ae      0x1f9 ..\obj\stm32f4xx_iwdg.o
 .debug_line    0x000024a7      0x283 ..\obj\mbfuncholding.o
 .debug_line    0x0000272a      0x2ad ..\obj\main.o
 .debug_line    0x000029d7      0x164 ..\obj\mbcrc.o
 .debug_line    0x00002b3b      0x598 ..\obj\stm32f4xx_rcc.o
 .debug_line    0x000030d3       0x1d ..\obj\timers.o
 .debug_line    0x000030f0      0x1e3 ..\obj\mbfuncinput.o
 .debug_line    0x000032d3      0x3cf ..\obj\printf.o
 .debug_line    0x000036a2      0x257 ..\obj\watchdog.o
 .debug_line    0x000038f9        0x0 ..\obj\mbfuncdiag.o
 .debug_line    0x000038f9      0xab6 ..\obj\tasks.o
 .debug_line    0x000043af      0x337 ..\obj\stm32f4xx_gpio.o
 .debug_line    0x000046e6      0x3cd ..\obj\porttimer.o
 .debug_line    0x00004ab3      0x293 ..\obj\mbrtu.o
 .debug_line    0x00004d46      0x241 ..\obj\list.o
 .debug_line    0x00004f87      0x211 ..\obj\system_stm32f4xx.o
 .debug_line    0x00005198      0x19d ..\obj\syscalls.o
 .debug_line    0x00005335      0x30a ..\obj\port.o
 .debug_line    0x0000563f      0x6fb ..\obj\queue.o
 .debug_line    0x00005d3a      0x4e1 ..\obj\portserial.o
 .debug_line    0x0000621b      0x30d ..\obj\croutine.o
 .debug_line    0x00006528      0x44c ..\obj\stm32f4xx_spi.o
 .debug_line    0x00006974      0x25b ..\obj\mbfunccoils.o
 .debug_line    0x00006bcf      0x395 ..\obj\event_groups.o
 .debug_line    0x00006f64      0x47f ..\obj\ADS1220.o
 .debug_line    0x000073e3      0x41f ..\obj\frequency.o
 .debug_line    0x00007802      0x2a1 ..\obj\stm32f4xx_exti.o
 .debug_line    0x00007aa3      0x23d ..\obj\misc.o
 .debug_line    0x00007ce0      0x80f ..\obj\stm32f4xx_rtc.o
 .debug_line    0x000084ef       0xde ..\obj\mbascii.o
 .debug_line    0x000085cd      0x28b ..\obj\heap_2.o
 .debug_line    0x00008858      0x20d ..\obj\controller.o
 .debug_line    0x00008a65      0xa71 ..\obj\stm32f4xx_tim.o
 .debug_line    0x000094d6      0x261 ..\obj\power_detector.o

.debug_loc      0x00000000     0x73e9
 .debug_loc     0x00000000      0x144 ..\obj\stm32f4xx_syscfg.o
 .debug_loc     0x00000144      0x13a ..\obj\mbport.o
 .debug_loc     0x0000027e      0x150 ..\obj\mb.o
 .debug_loc     0x000003ce       0xa8 ..\obj\protocol.o
 .debug_loc     0x00000476       0x38 ..\obj\mbfuncdisc.o
 .debug_loc     0x000004ae      0x3f0 ..\obj\core_cm3.o
 .debug_loc     0x0000089e       0xa8 ..\obj\portevent.o
 .debug_loc     0x00000946       0x70 ..\obj\mbfuncother.o
 .debug_loc     0x000009b6      0x658 ..\obj\stm32f4xx_usart.o
 .debug_loc     0x0000100e      0x288 ..\obj\stm32f4xx_pwr.o
 .debug_loc     0x00001296       0x38 ..\obj\rtc.o
 .debug_loc     0x000012ce       0xa8 ..\obj\mbutils.o
 .debug_loc     0x00001376       0x64 ..\obj\startup_stm32f4xx.o
 .debug_loc     0x000013da       0x64 ..\obj\backup_sram.o
 .debug_loc     0x0000143e      0x138 ..\obj\stm32f4xx_iwdg.o
 .debug_loc     0x00001576       0xe0 ..\obj\mbfuncholding.o
 .debug_loc     0x00001656      0x100 ..\obj\main.o
 .debug_loc     0x00001756       0x38 ..\obj\mbcrc.o
 .debug_loc     0x0000178e      0x97c ..\obj\stm32f4xx_rcc.o
 .debug_loc     0x0000210a       0x38 ..\obj\mbfuncinput.o
 .debug_loc     0x00002142      0x3ea ..\obj\printf.o
 .debug_loc     0x0000252c       0x70 ..\obj\watchdog.o
 .debug_loc     0x0000259c      0x92c ..\obj\tasks.o
 .debug_loc     0x00002ec8      0x310 ..\obj\stm32f4xx_gpio.o
 .debug_loc     0x000031d8      0x1e8 ..\obj\porttimer.o
 .debug_loc     0x000033c0      0x1c0 ..\obj\mbrtu.o
 .debug_loc     0x00003580      0x118 ..\obj\list.o
 .debug_loc     0x00003698       0x9c ..\obj\system_stm32f4xx.o
 .debug_loc     0x00003734      0x1ec ..\obj\syscalls.o
 .debug_loc     0x00003920      0x1dc ..\obj\port.o
 .debug_loc     0x00003afc      0x460 ..\obj\queue.o
 .debug_loc     0x00003f5c      0x2c0 ..\obj\portserial.o
 .debug_loc     0x0000421c      0x188 ..\obj\croutine.o
 .debug_loc     0x000043a4      0x578 ..\obj\stm32f4xx_spi.o
 .debug_loc     0x0000491c       0xa8 ..\obj\mbfunccoils.o
 .debug_loc     0x000049c4      0x230 ..\obj\event_groups.o
 .debug_loc     0x00004bf4      0x1ec ..\obj\ADS1220.o
 .debug_loc     0x00004de0      0x10d ..\obj\frequency.o
 .debug_loc     0x00004eed      0x1b4 ..\obj\stm32f4xx_exti.o
 .debug_loc     0x000050a1      0x118 ..\obj\misc.o
 .debug_loc     0x000051b9      0xc48 ..\obj\stm32f4xx_rtc.o
 .debug_loc     0x00005e01      0x100 ..\obj\heap_2.o
 .debug_loc     0x00005f01       0x38 ..\obj\controller.o
 .debug_loc     0x00005f39     0x1420 ..\obj\stm32f4xx_tim.o
 .debug_loc     0x00007359       0x90 ..\obj\power_detector.o

.debug_pubnames
                0x00000000     0x303f
 .debug_pubnames
                0x00000000       0xc3 ..\obj\stm32f4xx_syscfg.o
 .debug_pubnames
                0x000000c3      0x112 ..\obj\mbport.o
 .debug_pubnames
                0x000001d5       0x66 ..\obj\mb.o
 .debug_pubnames
                0x0000023b       0x4c ..\obj\protocol.o
 .debug_pubnames
                0x00000287       0x30 ..\obj\mbfuncdisc.o
 .debug_pubnames
                0x000002b7      0x159 ..\obj\core_cm3.o
 .debug_pubnames
                0x00000410       0x50 ..\obj\portevent.o
 .debug_pubnames
                0x00000460       0x3d ..\obj\mbfuncother.o
 .debug_pubnames
                0x0000049d      0x294 ..\obj\stm32f4xx_usart.o
 .debug_pubnames
                0x00000731      0x120 ..\obj\stm32f4xx_pwr.o
 .debug_pubnames
                0x00000851       0x46 ..\obj\rtc.o
 .debug_pubnames
                0x00000897       0x52 ..\obj\mbutils.o
 .debug_pubnames
                0x000008e9       0x4a ..\obj\startup_stm32f4xx.o
 .debug_pubnames
                0x00000933       0x41 ..\obj\backup_sram.o
 .debug_pubnames
                0x00000974       0x91 ..\obj\stm32f4xx_iwdg.o
 .debug_pubnames
                0x00000a05       0xa5 ..\obj\mbfuncholding.o
 .debug_pubnames
                0x00000aaa       0x90 ..\obj\main.o
 .debug_pubnames
                0x00000b3a       0x20 ..\obj\mbcrc.o
 .debug_pubnames
                0x00000b5a      0x417 ..\obj\stm32f4xx_rcc.o
 .debug_pubnames
                0x00000f71       0x2f ..\obj\mbfuncinput.o
 .debug_pubnames
                0x00000fa0      0x101 ..\obj\printf.o
 .debug_pubnames
                0x000010a1       0x35 ..\obj\watchdog.o
 .debug_pubnames
                0x000010d6      0x350 ..\obj\tasks.o
 .debug_pubnames
                0x00001426      0x12d ..\obj\stm32f4xx_gpio.o
 .debug_pubnames
                0x00001553       0xf0 ..\obj\porttimer.o
 .debug_pubnames
                0x00001643       0xa6 ..\obj\mbrtu.o
 .debug_pubnames
                0x000016e9       0x72 ..\obj\list.o
 .debug_pubnames
                0x0000175b       0x61 ..\obj\system_stm32f4xx.o
 .debug_pubnames
                0x000017bc       0x71 ..\obj\syscalls.o
 .debug_pubnames
                0x0000182d      0x144 ..\obj\port.o
 .debug_pubnames
                0x00001971      0x18c ..\obj\queue.o
 .debug_pubnames
                0x00001afd      0x123 ..\obj\portserial.o
 .debug_pubnames
                0x00001c20       0x96 ..\obj\croutine.o
 .debug_pubnames
                0x00001cb6      0x221 ..\obj\stm32f4xx_spi.o
 .debug_pubnames
                0x00001ed7       0x5a ..\obj\mbfunccoils.o
 .debug_pubnames
                0x00001f31       0xf8 ..\obj\event_groups.o
 .debug_pubnames
                0x00002029       0x76 ..\obj\ADS1220.o
 .debug_pubnames
                0x0000209f       0x74 ..\obj\frequency.o
 .debug_pubnames
                0x00002113       0xbb ..\obj\stm32f4xx_exti.o
 .debug_pubnames
                0x000021ce       0x89 ..\obj\misc.o
 .debug_pubnames
                0x00002257      0x514 ..\obj\stm32f4xx_rtc.o
 .debug_pubnames
                0x0000276b       0x64 ..\obj\heap_2.o
 .debug_pubnames
                0x000027cf       0x6f ..\obj\controller.o
 .debug_pubnames
                0x0000283e      0x7c4 ..\obj\stm32f4xx_tim.o
 .debug_pubnames
                0x00003002       0x3d ..\obj\power_detector.o

.debug_pubtypes
                0x00000000     0x2297
 .debug_pubtypes
                0x00000000       0x6d ..\obj\stm32f4xx_syscfg.o
 .debug_pubtypes
                0x0000006d       0xfc ..\obj\mbport.o
 .debug_pubtypes
                0x00000169      0x17e ..\obj\mb.o
 .debug_pubtypes
                0x000002e7      0x16e ..\obj\protocol.o
 .debug_pubtypes
                0x00000455       0x6e ..\obj\mbfuncdisc.o
 .debug_pubtypes
                0x000004c3       0x50 ..\obj\core_cm3.o
 .debug_pubtypes
                0x00000513       0x52 ..\obj\portevent.o
 .debug_pubtypes
                0x00000565       0x82 ..\obj\mbfuncother.o
 .debug_pubtypes
                0x000005e7       0xcd ..\obj\stm32f4xx_usart.o
 .debug_pubtypes
                0x000006b4       0x84 ..\obj\stm32f4xx_pwr.o
 .debug_pubtypes
                0x00000738       0x73 ..\obj\rtc.o
 .debug_pubtypes
                0x000007ab       0x79 ..\obj\mbutils.o
 .debug_pubtypes
                0x00000824       0x37 ..\obj\backup_sram.o
 .debug_pubtypes
                0x0000085b       0x64 ..\obj\stm32f4xx_iwdg.o
 .debug_pubtypes
                0x000008bf       0x6e ..\obj\mbfuncholding.o
 .debug_pubtypes
                0x0000092d       0x49 ..\obj\main.o
 .debug_pubtypes
                0x00000976       0x40 ..\obj\mbcrc.o
 .debug_pubtypes
                0x000009b6       0xaa ..\obj\stm32f4xx_rcc.o
 .debug_pubtypes
                0x00000a60       0x12 ..\obj\timers.o
 .debug_pubtypes
                0x00000a72       0x6e ..\obj\mbfuncinput.o
 .debug_pubtypes
                0x00000ae0      0x139 ..\obj\printf.o
 .debug_pubtypes
                0x00000c19       0x63 ..\obj\watchdog.o
 .debug_pubtypes
                0x00000c7c      0x191 ..\obj\tasks.o
 .debug_pubtypes
                0x00000e0d       0xce ..\obj\stm32f4xx_gpio.o
 .debug_pubtypes
                0x00000edb      0x1ad ..\obj\porttimer.o
 .debug_pubtypes
                0x00001088      0x115 ..\obj\mbrtu.o
 .debug_pubtypes
                0x0000119d       0x98 ..\obj\list.o
 .debug_pubtypes
                0x00001235       0x73 ..\obj\system_stm32f4xx.o
 .debug_pubtypes
                0x000012a8       0xaa ..\obj\syscalls.o
 .debug_pubtypes
                0x00001352       0x7c ..\obj\port.o
 .debug_pubtypes
                0x000013ce      0x122 ..\obj\queue.o
 .debug_pubtypes
                0x000014f0      0x257 ..\obj\portserial.o
 .debug_pubtypes
                0x00001747      0x107 ..\obj\croutine.o
 .debug_pubtypes
                0x0000184e       0xbc ..\obj\stm32f4xx_spi.o
 .debug_pubtypes
                0x0000190a       0x6e ..\obj\mbfunccoils.o
 .debug_pubtypes
                0x00001978       0xf9 ..\obj\event_groups.o
 .debug_pubtypes
                0x00001a71      0x163 ..\obj\ADS1220.o
 .debug_pubtypes
                0x00001bd4      0x1e3 ..\obj\frequency.o
 .debug_pubtypes
                0x00001db7       0xae ..\obj\stm32f4xx_exti.o
 .debug_pubtypes
                0x00001e65       0x8c ..\obj\misc.o
 .debug_pubtypes
                0x00001ef1       0xd8 ..\obj\stm32f4xx_rtc.o
 .debug_pubtypes
                0x00001fc9       0x1e ..\obj\mbascii.o
 .debug_pubtypes
                0x00001fe7       0x73 ..\obj\heap_2.o
 .debug_pubtypes
                0x0000205a       0x94 ..\obj\controller.o
 .debug_pubtypes
                0x000020ee       0xe4 ..\obj\stm32f4xx_tim.o
 .debug_pubtypes
                0x000021d2       0xc5 ..\obj\power_detector.o

.debug_aranges  0x00000000     0x1558
 .debug_aranges
                0x00000000       0x48 ..\obj\stm32f4xx_syscfg.o
 .debug_aranges
                0x00000048       0x48 ..\obj\mbport.o
 .debug_aranges
                0x00000090       0x48 ..\obj\mb.o
 .debug_aranges
                0x000000d8       0x30 ..\obj\protocol.o
 .debug_aranges
                0x00000108       0x20 ..\obj\mbfuncdisc.o
 .debug_aranges
                0x00000128       0xc8 ..\obj\core_cm3.o
 .debug_aranges
                0x000001f0       0x30 ..\obj\portevent.o
 .debug_aranges
                0x00000220       0x28 ..\obj\mbfuncother.o
 .debug_aranges
                0x00000248      0x100 ..\obj\stm32f4xx_usart.o
 .debug_aranges
                0x00000348       0x78 ..\obj\stm32f4xx_pwr.o
 .debug_aranges
                0x000003c0       0x20 ..\obj\rtc.o
 .debug_aranges
                0x000003e0       0x30 ..\obj\mbutils.o
 .debug_aranges
                0x00000410       0x28 ..\obj\startup_stm32f4xx.o
 .debug_aranges
                0x00000438       0x28 ..\obj\backup_sram.o
 .debug_aranges
                0x00000460       0x48 ..\obj\stm32f4xx_iwdg.o
 .debug_aranges
                0x000004a8       0x38 ..\obj\mbfuncholding.o
 .debug_aranges
                0x000004e0       0x40 ..\obj\main.o
 .debug_aranges
                0x00000520       0x20 ..\obj\mbcrc.o
 .debug_aranges
                0x00000540      0x178 ..\obj\stm32f4xx_rcc.o
 .debug_aranges
                0x000006b8       0x20 ..\obj\mbfuncinput.o
 .debug_aranges
                0x000006d8       0xa0 ..\obj\printf.o
 .debug_aranges
                0x00000778       0x28 ..\obj\watchdog.o
 .debug_aranges
                0x000007a0      0x170 ..\obj\tasks.o
 .debug_aranges
                0x00000910       0x88 ..\obj\stm32f4xx_gpio.o
 .debug_aranges
                0x00000998       0x68 ..\obj\porttimer.o
 .debug_aranges
                0x00000a00       0x58 ..\obj\mbrtu.o
 .debug_aranges
                0x00000a58       0x40 ..\obj\list.o
 .debug_aranges
                0x00000a98       0x30 ..\obj\system_stm32f4xx.o
 .debug_aranges
                0x00000ac8       0x60 ..\obj\syscalls.o
 .debug_aranges
                0x00000b28       0x90 ..\obj\port.o
 .debug_aranges
                0x00000bb8       0xb8 ..\obj\queue.o
 .debug_aranges
                0x00000c70       0x80 ..\obj\portserial.o
 .debug_aranges
                0x00000cf0       0x50 ..\obj\croutine.o
 .debug_aranges
                0x00000d40       0xe0 ..\obj\stm32f4xx_spi.o
 .debug_aranges
                0x00000e20       0x30 ..\obj\mbfunccoils.o
 .debug_aranges
                0x00000e50       0x68 ..\obj\event_groups.o
 .debug_aranges
                0x00000eb8       0x60 ..\obj\ADS1220.o
 .debug_aranges
                0x00000f18       0x40 ..\obj\frequency.o
 .debug_aranges
                0x00000f58       0x58 ..\obj\stm32f4xx_exti.o
 .debug_aranges
                0x00000fb0       0x40 ..\obj\misc.o
 .debug_aranges
                0x00000ff0      0x1e0 ..\obj\stm32f4xx_rtc.o
 .debug_aranges
                0x000011d0       0x40 ..\obj\heap_2.o
 .debug_aranges
                0x00001210       0x20 ..\obj\controller.o
 .debug_aranges
                0x00001230      0x2f8 ..\obj\stm32f4xx_tim.o
 .debug_aranges
                0x00001528       0x30 ..\obj\power_detector.o

.debug_ranges   0x00000000     0x1288
 .debug_ranges  0x00000000       0x38 ..\obj\stm32f4xx_syscfg.o
 .debug_ranges  0x00000038       0x38 ..\obj\mbport.o
 .debug_ranges  0x00000070       0x38 ..\obj\mb.o
 .debug_ranges  0x000000a8       0x20 ..\obj\protocol.o
 .debug_ranges  0x000000c8       0x10 ..\obj\mbfuncdisc.o
 .debug_ranges  0x000000d8       0xb8 ..\obj\core_cm3.o
 .debug_ranges  0x00000190       0x20 ..\obj\portevent.o
 .debug_ranges  0x000001b0       0x18 ..\obj\mbfuncother.o
 .debug_ranges  0x000001c8       0xf0 ..\obj\stm32f4xx_usart.o
 .debug_ranges  0x000002b8       0x68 ..\obj\stm32f4xx_pwr.o
 .debug_ranges  0x00000320       0x10 ..\obj\rtc.o
 .debug_ranges  0x00000330       0x20 ..\obj\mbutils.o
 .debug_ranges  0x00000350       0x18 ..\obj\startup_stm32f4xx.o
 .debug_ranges  0x00000368       0x18 ..\obj\backup_sram.o
 .debug_ranges  0x00000380       0x38 ..\obj\stm32f4xx_iwdg.o
 .debug_ranges  0x000003b8       0x28 ..\obj\mbfuncholding.o
 .debug_ranges  0x000003e0       0x30 ..\obj\main.o
 .debug_ranges  0x00000410       0x10 ..\obj\mbcrc.o
 .debug_ranges  0x00000420      0x168 ..\obj\stm32f4xx_rcc.o
 .debug_ranges  0x00000588       0x10 ..\obj\mbfuncinput.o
 .debug_ranges  0x00000598       0x90 ..\obj\printf.o
 .debug_ranges  0x00000628       0x18 ..\obj\watchdog.o
 .debug_ranges  0x00000640      0x160 ..\obj\tasks.o
 .debug_ranges  0x000007a0       0x78 ..\obj\stm32f4xx_gpio.o
 .debug_ranges  0x00000818       0x58 ..\obj\porttimer.o
 .debug_ranges  0x00000870       0x48 ..\obj\mbrtu.o
 .debug_ranges  0x000008b8       0x30 ..\obj\list.o
 .debug_ranges  0x000008e8       0x20 ..\obj\system_stm32f4xx.o
 .debug_ranges  0x00000908       0x50 ..\obj\syscalls.o
 .debug_ranges  0x00000958       0x80 ..\obj\port.o
 .debug_ranges  0x000009d8       0xa8 ..\obj\queue.o
 .debug_ranges  0x00000a80       0x70 ..\obj\portserial.o
 .debug_ranges  0x00000af0       0x40 ..\obj\croutine.o
 .debug_ranges  0x00000b30       0xd0 ..\obj\stm32f4xx_spi.o
 .debug_ranges  0x00000c00       0x20 ..\obj\mbfunccoils.o
 .debug_ranges  0x00000c20       0x58 ..\obj\event_groups.o
 .debug_ranges  0x00000c78       0x50 ..\obj\ADS1220.o
 .debug_ranges  0x00000cc8       0x30 ..\obj\frequency.o
 .debug_ranges  0x00000cf8       0x48 ..\obj\stm32f4xx_exti.o
 .debug_ranges  0x00000d40       0x30 ..\obj\misc.o
 .debug_ranges  0x00000d70      0x1d0 ..\obj\stm32f4xx_rtc.o
 .debug_ranges  0x00000f40       0x30 ..\obj\heap_2.o
 .debug_ranges  0x00000f70       0x10 ..\obj\controller.o
 .debug_ranges  0x00000f80      0x2e8 ..\obj\stm32f4xx_tim.o
 .debug_ranges  0x00001268       0x20 ..\obj\power_detector.o

.debug_str      0x00000000     0x7095
 .debug_str     0x00000000      0x21d ..\obj\stm32f4xx_syscfg.o
                                0x26a (size before relaxing)
 .debug_str     0x0000021d      0x2ad ..\obj\mbport.o
                                0x379 (size before relaxing)
 .debug_str     0x000004ca      0x5d4 ..\obj\mb.o
                                0x785 (size before relaxing)
 .debug_str     0x00000a9e      0x1c9 ..\obj\protocol.o
                                0x821 (size before relaxing)
 .debug_str     0x00000c67       0xc3 ..\obj\mbfuncdisc.o
                                0x2e3 (size before relaxing)
 .debug_str     0x00000d2a      0x173 ..\obj\core_cm3.o
                                0x23a (size before relaxing)
 .debug_str     0x00000e9d       0x9a ..\obj\portevent.o
                                0x1c1 (size before relaxing)
 .debug_str     0x00000f37       0xd8 ..\obj\mbfuncother.o
                                0x30c (size before relaxing)
 .debug_str     0x0000100f      0x4e4 ..\obj\stm32f4xx_usart.o
                                0x5fa (size before relaxing)
 .debug_str     0x000014f3      0x1e9 ..\obj\stm32f4xx_pwr.o
                                0x2fc (size before relaxing)
 .debug_str     0x000016dc      0x139 ..\obj\rtc.o
                                0x236 (size before relaxing)
 .debug_str     0x00001815       0xf9 ..\obj\mbutils.o
                                0x320 (size before relaxing)
 .debug_str     0x0000190e       0xbe ..\obj\startup_stm32f4xx.o
                                 0xe9 (size before relaxing)
 .debug_str     0x000019cc       0x99 ..\obj\backup_sram.o
                                0x15e (size before relaxing)
 .debug_str     0x00001a65       0xf6 ..\obj\stm32f4xx_iwdg.o
                                0x1d7 (size before relaxing)
 .debug_str     0x00001b5b      0x155 ..\obj\mbfuncholding.o
                                0x3c1 (size before relaxing)
 .debug_str     0x00001cb0       0xd6 ..\obj\main.o
                                0x1b1 (size before relaxing)
 .debug_str     0x00001d86       0x77 ..\obj\mbcrc.o
                                0x144 (size before relaxing)
 .debug_str     0x00001dfd      0x5eb ..\obj\stm32f4xx_rcc.o
                                0x7bb (size before relaxing)
 .debug_str     0x000023e8       0x56 ..\obj\timers.o
                                 0xeb (size before relaxing)
 .debug_str     0x0000243e       0x79 ..\obj\mbfuncinput.o
                                0x2d7 (size before relaxing)
 .debug_str     0x000024b7      0x4a4 ..\obj\printf.o
                                0x5fc (size before relaxing)
 .debug_str     0x0000295b       0x7c ..\obj\watchdog.o
                                0x19b (size before relaxing)
 .debug_str     0x000029d7      0xa38 ..\obj\tasks.o
                                0xb93 (size before relaxing)
 .debug_str     0x0000340f      0x32b ..\obj\stm32f4xx_gpio.o
                                0x40e (size before relaxing)
 .debug_str     0x0000373a      0x7f9 ..\obj\porttimer.o
                                0xeb5 (size before relaxing)
 .debug_str     0x00003f33      0x121 ..\obj\mbrtu.o
                                0x557 (size before relaxing)
 .debug_str     0x00004054       0xe8 ..\obj\list.o
                                0x231 (size before relaxing)
 .debug_str     0x0000413c       0xb6 ..\obj\system_stm32f4xx.o
                                0x309 (size before relaxing)
 .debug_str     0x000041f2      0x158 ..\obj\syscalls.o
                                0x27c (size before relaxing)
 .debug_str     0x0000434a      0x263 ..\obj\port.o
                                0x360 (size before relaxing)
 .debug_str     0x000045ad      0x353 ..\obj\queue.o
                                0x576 (size before relaxing)
 .debug_str     0x00004900      0x1b3 ..\obj\portserial.o
                               0x1078 (size before relaxing)
 .debug_str     0x00004ab3      0x28c ..\obj\croutine.o
                                0x455 (size before relaxing)
 .debug_str     0x00004d3f      0x3b4 ..\obj\stm32f4xx_spi.o
                                0x5f5 (size before relaxing)
 .debug_str     0x000050f3       0xd6 ..\obj\mbfunccoils.o
                                0x34b (size before relaxing)
 .debug_str     0x000051c9      0x2a5 ..\obj\event_groups.o
                                0x452 (size before relaxing)
 .debug_str     0x0000546e      0x18d ..\obj\ADS1220.o
                                0x60c (size before relaxing)
 .debug_str     0x000055fb      0x17f ..\obj\frequency.o
                                0xbf0 (size before relaxing)
 .debug_str     0x0000577a      0x1db ..\obj\stm32f4xx_exti.o
                                0x2d9 (size before relaxing)
 .debug_str     0x00005955      0x137 ..\obj\misc.o
                                0x344 (size before relaxing)
 .debug_str     0x00005a8c      0x893 ..\obj\stm32f4xx_rtc.o
                                0xabe (size before relaxing)
 .debug_str     0x0000631f       0x58 ..\obj\mbascii.o
                                0x102 (size before relaxing)
 .debug_str     0x00006377      0x19b ..\obj\heap_2.o
                                0x284 (size before relaxing)
 .debug_str     0x00006512       0xa6 ..\obj\controller.o
                                0x1df (size before relaxing)
 .debug_str     0x000065b8      0xa3a ..\obj\stm32f4xx_tim.o
                                0xd3b (size before relaxing)
 .debug_str     0x00006ff2       0xa3 ..\obj\power_detector.o
                                0x838 (size before relaxing)

.comment        0x00000000       0x2a
 .comment       0x00000000       0x2a ..\obj\stm32f4xx_syscfg.o
                                 0x2b (size before relaxing)
 .comment       0x00000000       0x2b ..\obj\mbport.o
 .comment       0x00000000       0x2b ..\obj\mb.o
 .comment       0x00000000       0x2b ..\obj\protocol.o
 .comment       0x00000000       0x2b ..\obj\mbfuncdisc.o
 .comment       0x00000000       0x2b ..\obj\core_cm3.o
 .comment       0x00000000       0x2b ..\obj\portevent.o
 .comment       0x00000000       0x2b ..\obj\mbfuncother.o
 .comment       0x00000000       0x2b ..\obj\stm32f4xx_usart.o
 .comment       0x00000000       0x2b ..\obj\stm32f4xx_pwr.o
 .comment       0x00000000       0x2b ..\obj\rtc.o
 .comment       0x00000000       0x2b ..\obj\mbutils.o
 .comment       0x00000000       0x2b ..\obj\startup_stm32f4xx.o
 .comment       0x00000000       0x2b ..\obj\backup_sram.o
 .comment       0x00000000       0x2b ..\obj\stm32f4xx_iwdg.o
 .comment       0x00000000       0x2b ..\obj\mbfuncholding.o
 .comment       0x00000000       0x2b ..\obj\main.o
 .comment       0x00000000       0x2b ..\obj\mbcrc.o
 .comment       0x00000000       0x2b ..\obj\stm32f4xx_rcc.o
 .comment       0x00000000       0x2b ..\obj\timers.o
 .comment       0x00000000       0x2b ..\obj\mbfuncinput.o
 .comment       0x00000000       0x2b ..\obj\printf.o
 .comment       0x00000000       0x2b ..\obj\watchdog.o
 .comment       0x00000000       0x2b ..\obj\mbfuncdiag.o
 .comment       0x00000000       0x2b ..\obj\tasks.o
 .comment       0x00000000       0x2b ..\obj\stm32f4xx_gpio.o
 .comment       0x00000000       0x2b ..\obj\porttimer.o
 .comment       0x00000000       0x2b ..\obj\mbrtu.o
 .comment       0x00000000       0x2b ..\obj\list.o
 .comment       0x00000000       0x2b ..\obj\system_stm32f4xx.o
 .comment       0x00000000       0x2b ..\obj\syscalls.o
 .comment       0x00000000       0x2b ..\obj\port.o
 .comment       0x00000000       0x2b ..\obj\queue.o
 .comment       0x00000000       0x2b ..\obj\portserial.o
 .comment       0x00000000       0x2b ..\obj\croutine.o
 .comment       0x00000000       0x2b ..\obj\stm32f4xx_spi.o
 .comment       0x00000000       0x2b ..\obj\mbfunccoils.o
 .comment       0x00000000       0x2b ..\obj\event_groups.o
 .comment       0x00000000       0x2b ..\obj\ADS1220.o
 .comment       0x00000000       0x2b ..\obj\frequency.o
 .comment       0x00000000       0x2b ..\obj\stm32f4xx_exti.o
 .comment       0x00000000       0x2b ..\obj\misc.o
 .comment       0x00000000       0x2b ..\obj\stm32f4xx_rtc.o
 .comment       0x00000000       0x2b ..\obj\mbascii.o
 .comment       0x00000000       0x2b ..\obj\heap_2.o
 .comment       0x00000000       0x2b ..\obj\controller.o
 .comment       0x00000000       0x2b ..\obj\stm32f4xx_tim.o
 .comment       0x00000000       0x2b ..\obj\power_detector.o

.ARM.attributes
                0x00000000       0x31
 .ARM.attributes
                0x00000000       0x31 ..\obj\stm32f4xx_syscfg.o
 .ARM.attributes
                0x00000031       0x31 ..\obj\mbport.o
 .ARM.attributes
                0x00000062       0x31 ..\obj\mb.o
 .ARM.attributes
                0x00000093       0x31 ..\obj\protocol.o
 .ARM.attributes
                0x000000c4       0x31 ..\obj\mbfuncdisc.o
 .ARM.attributes
                0x000000f5       0x31 ..\obj\core_cm3.o
 .ARM.attributes
                0x00000126       0x31 ..\obj\portevent.o
 .ARM.attributes
                0x00000157       0x31 ..\obj\mbfuncother.o
 .ARM.attributes
                0x00000188       0x31 ..\obj\stm32f4xx_usart.o
 .ARM.attributes
                0x000001b9       0x31 ..\obj\stm32f4xx_pwr.o
 .ARM.attributes
                0x000001ea       0x31 ..\obj\rtc.o
 .ARM.attributes
                0x0000021b       0x31 ..\obj\mbutils.o
 .ARM.attributes
                0x0000024c       0x31 ..\obj\startup_stm32f4xx.o
 .ARM.attributes
                0x0000027d       0x31 ..\obj\backup_sram.o
 .ARM.attributes
                0x000002ae       0x31 ..\obj\stm32f4xx_iwdg.o
 .ARM.attributes
                0x000002df       0x31 ..\obj\mbfuncholding.o
 .ARM.attributes
                0x00000310       0x31 ..\obj\main.o
 .ARM.attributes
                0x00000341       0x31 ..\obj\mbcrc.o
 .ARM.attributes
                0x00000372       0x31 ..\obj\stm32f4xx_rcc.o
 .ARM.attributes
                0x000003a3       0x31 ..\obj\timers.o
 .ARM.attributes
                0x000003d4       0x31 ..\obj\mbfuncinput.o
 .ARM.attributes
                0x00000405       0x31 ..\obj\printf.o
 .ARM.attributes
                0x00000436       0x31 ..\obj\watchdog.o
 .ARM.attributes
                0x00000467       0x31 ..\obj\mbfuncdiag.o
 .ARM.attributes
                0x00000498       0x31 ..\obj\tasks.o
 .ARM.attributes
                0x000004c9       0x31 ..\obj\stm32f4xx_gpio.o
 .ARM.attributes
                0x000004fa       0x31 ..\obj\porttimer.o
 .ARM.attributes
                0x0000052b       0x31 ..\obj\mbrtu.o
 .ARM.attributes
                0x0000055c       0x31 ..\obj\list.o
 .ARM.attributes
                0x0000058d       0x31 ..\obj\system_stm32f4xx.o
 .ARM.attributes
                0x000005be       0x31 ..\obj\syscalls.o
 .ARM.attributes
                0x000005ef       0x31 ..\obj\port.o
 .ARM.attributes
                0x00000620       0x31 ..\obj\queue.o
 .ARM.attributes
                0x00000651       0x31 ..\obj\portserial.o
 .ARM.attributes
                0x00000682       0x31 ..\obj\croutine.o
 .ARM.attributes
                0x000006b3       0x31 ..\obj\stm32f4xx_spi.o
 .ARM.attributes
                0x000006e4       0x31 ..\obj\mbfunccoils.o
 .ARM.attributes
                0x00000715       0x31 ..\obj\event_groups.o
 .ARM.attributes
                0x00000746       0x31 ..\obj\ADS1220.o
 .ARM.attributes
                0x00000777       0x31 ..\obj\frequency.o
 .ARM.attributes
                0x000007a8       0x31 ..\obj\stm32f4xx_exti.o
 .ARM.attributes
                0x000007d9       0x31 ..\obj\misc.o
 .ARM.attributes
                0x0000080a       0x31 ..\obj\stm32f4xx_rtc.o
 .ARM.attributes
                0x0000083b       0x31 ..\obj\mbascii.o
 .ARM.attributes
                0x0000086c       0x31 ..\obj\heap_2.o
 .ARM.attributes
                0x0000089d       0x31 ..\obj\controller.o
 .ARM.attributes
                0x000008ce       0x31 ..\obj\stm32f4xx_tim.o
 .ARM.attributes
                0x000008ff       0x31 ..\obj\power_detector.o
 .ARM.attributes
                0x00000930       0x1b c:/coocox/coide/gcc/sourcery g++ lite/bin/../lib/gcc/arm-none-eabi/4.5.1/thumb2\libgcc.a(_arm_addsubdf3.o)
 .ARM.attributes
                0x0000094b       0x1b c:/coocox/coide/gcc/sourcery g++ lite/bin/../lib/gcc/arm-none-eabi/4.5.1/thumb2\libgcc.a(_arm_muldivdf3.o)
 .ARM.attributes
                0x00000966       0x1b c:/coocox/coide/gcc/sourcery g++ lite/bin/../lib/gcc/arm-none-eabi/4.5.1/thumb2\libgcc.a(_arm_truncdfsf2.o)
 .ARM.attributes
                0x00000981       0x1b c:/coocox/coide/gcc/sourcery g++ lite/bin/../lib/gcc/arm-none-eabi/4.5.1/thumb2\libgcc.a(_arm_addsubsf3.o)
 .ARM.attributes
                0x0000099c       0x1b c:/coocox/coide/gcc/sourcery g++ lite/bin/../lib/gcc/arm-none-eabi/4.5.1/thumb2\libgcc.a(_arm_muldivsf3.o)
 .ARM.attributes
                0x000009b7       0x29 c:/coocox/coide/gcc/sourcery g++ lite/bin/../lib/gcc/arm-none-eabi/4.5.1/../../../../arm-none-eabi/lib/thumb2\libc.a(lib_a-memcmp.o)
 .ARM.attributes
                0x000009e0       0x29 c:/coocox/coide/gcc/sourcery g++ lite/bin/../lib/gcc/arm-none-eabi/4.5.1/../../../../arm-none-eabi/lib/thumb2\libc.a(lib_a-memcpy.o)
 .ARM.attributes
                0x00000a09       0x29 c:/coocox/coide/gcc/sourcery g++ lite/bin/../lib/gcc/arm-none-eabi/4.5.1/../../../../arm-none-eabi/lib/thumb2\libc.a(lib_a-memset.o)

.debug_frame    0x00000000     0x4194
 .debug_frame   0x00000000       0xbc ..\obj\stm32f4xx_syscfg.o
 .debug_frame   0x000000bc       0xb4 ..\obj\mbport.o
 .debug_frame   0x00000170       0xd4 ..\obj\mb.o
 .debug_frame   0x00000244       0x70 ..\obj\protocol.o
 .debug_frame   0x000002b4       0x30 ..\obj\mbfuncdisc.o
 .debug_frame   0x000002e4      0x280 ..\obj\core_cm3.o
 .debug_frame   0x00000564       0x64 ..\obj\portevent.o
 .debug_frame   0x000005c8       0x50 ..\obj\mbfuncother.o
 .debug_frame   0x00000618      0x344 ..\obj\stm32f4xx_usart.o
 .debug_frame   0x0000095c      0x15c ..\obj\stm32f4xx_pwr.o
 .debug_frame   0x00000ab8       0x30 ..\obj\rtc.o
 .debug_frame   0x00000ae8       0x68 ..\obj\mbutils.o
 .debug_frame   0x00000b50       0x48 ..\obj\startup_stm32f4xx.o
 .debug_frame   0x00000b98       0x48 ..\obj\backup_sram.o
 .debug_frame   0x00000be0       0xb0 ..\obj\stm32f4xx_iwdg.o
 .debug_frame   0x00000c90       0x90 ..\obj\mbfuncholding.o
 .debug_frame   0x00000d20       0x9c ..\obj\main.o
 .debug_frame   0x00000dbc       0x2c ..\obj\mbcrc.o
 .debug_frame   0x00000de8      0x4d8 ..\obj\stm32f4xx_rcc.o
 .debug_frame   0x000012c0       0x30 ..\obj\mbfuncinput.o
 .debug_frame   0x000012f0      0x244 ..\obj\printf.o
 .debug_frame   0x00001534       0x50 ..\obj\watchdog.o
 .debug_frame   0x00001584      0x53c ..\obj\tasks.o
 .debug_frame   0x00001ac0      0x19c ..\obj\stm32f4xx_gpio.o
 .debug_frame   0x00001c5c      0x138 ..\obj\porttimer.o
 .debug_frame   0x00001d94      0x110 ..\obj\mbrtu.o
 .debug_frame   0x00001ea4       0x9c ..\obj\list.o
 .debug_frame   0x00001f40       0x64 ..\obj\system_stm32f4xx.o
 .debug_frame   0x00001fa4      0x108 ..\obj\syscalls.o
 .debug_frame   0x000020ac      0x178 ..\obj\port.o
 .debug_frame   0x00002224      0x290 ..\obj\queue.o
 .debug_frame   0x000024b4      0x1a4 ..\obj\portserial.o
 .debug_frame   0x00002658       0xf0 ..\obj\croutine.o
 .debug_frame   0x00002748      0x2d0 ..\obj\stm32f4xx_spi.o
 .debug_frame   0x00002a18       0x70 ..\obj\mbfunccoils.o
 .debug_frame   0x00002a88      0x14c ..\obj\event_groups.o
 .debug_frame   0x00002bd4      0x12c ..\obj\ADS1220.o
 .debug_frame   0x00002d00       0xa8 ..\obj\frequency.o
 .debug_frame   0x00002da8       0xec ..\obj\stm32f4xx_exti.o
 .debug_frame   0x00002e94       0x9c ..\obj\misc.o
 .debug_frame   0x00002f30      0x670 ..\obj\stm32f4xx_rtc.o
 .debug_frame   0x000035a0       0x9c ..\obj\heap_2.o
 .debug_frame   0x0000363c       0x30 ..\obj\controller.o
 .debug_frame   0x0000366c      0xa3c ..\obj\stm32f4xx_tim.o
 .debug_frame   0x000040a8       0x64 ..\obj\power_detector.o
 .debug_frame   0x0000410c       0x2c c:/coocox/coide/gcc/sourcery g++ lite/bin/../lib/gcc/arm-none-eabi/4.5.1/../../../../arm-none-eabi/lib/thumb2\libc.a(lib_a-memcmp.o)
 .debug_frame   0x00004138       0x30 c:/coocox/coide/gcc/sourcery g++ lite/bin/../lib/gcc/arm-none-eabi/4.5.1/../../../../arm-none-eabi/lib/thumb2\libc.a(lib_a-memcpy.o)
 .debug_frame   0x00004168       0x2c c:/coocox/coide/gcc/sourcery g++ lite/bin/../lib/gcc/arm-none-eabi/4.5.1/../../../../arm-none-eabi/lib/thumb2\libc.a(lib_a-memset.o)
